Archive member included because of file (symbol)

d:/program files (x86)/atmel/studio/7.0/toolchain/avr32/avr32-gnu-toolchain/bin/../lib/gcc/avr32/4.4.7/../../../../avr32/lib/ucr2\libc.a(lib_a-malloc.o)
                              src/ASF/thirdparty/freertos/freertos-7.0.0/source/portable/memmang/heap_3.o (free)
d:/program files (x86)/atmel/studio/7.0/toolchain/avr32/avr32-gnu-toolchain/bin/../lib/gcc/avr32/4.4.7/../../../../avr32/lib/ucr2\libc.a(lib_a-mallocr.o)
                              d:/program files (x86)/atmel/studio/7.0/toolchain/avr32/avr32-gnu-toolchain/bin/../lib/gcc/avr32/4.4.7/../../../../avr32/lib/ucr2\libc.a(lib_a-malloc.o) (_malloc_r)
d:/program files (x86)/atmel/studio/7.0/toolchain/avr32/avr32-gnu-toolchain/bin/../lib/gcc/avr32/4.4.7/../../../../avr32/lib/ucr2\libc.a(lib_a-memcmp.o)
                              src/Application/voice/voice.o (memcmp)
d:/program files (x86)/atmel/studio/7.0/toolchain/avr32/avr32-gnu-toolchain/bin/../lib/gcc/avr32/4.4.7/../../../../avr32/lib/ucr2\libc.a(lib_a-memcpy.o)
                              src/Application/flash/data_flash.o (memcpy)
d:/program files (x86)/atmel/studio/7.0/toolchain/avr32/avr32-gnu-toolchain/bin/../lib/gcc/avr32/4.4.7/../../../../avr32/lib/ucr2\libc.a(lib_a-memset.o)
                              src/Application/radio/physical.o (memset)
d:/program files (x86)/atmel/studio/7.0/toolchain/avr32/avr32-gnu-toolchain/bin/../lib/gcc/avr32/4.4.7/../../../../avr32/lib/ucr2\libc.a(lib_a-realloc.o)
                              src/ASF/thirdparty/freertos/freertos-7.0.0/source/portable/gcc/avr32_uc3/port.o (realloc)
d:/program files (x86)/atmel/studio/7.0/toolchain/avr32/avr32-gnu-toolchain/bin/../lib/gcc/avr32/4.4.7/../../../../avr32/lib/ucr2\libc.a(lib_a-reallocr.o)
                              d:/program files (x86)/atmel/studio/7.0/toolchain/avr32/avr32-gnu-toolchain/bin/../lib/gcc/avr32/4.4.7/../../../../avr32/lib/ucr2\libc.a(lib_a-realloc.o) (_realloc_r)
d:/program files (x86)/atmel/studio/7.0/toolchain/avr32/avr32-gnu-toolchain/bin/../lib/gcc/avr32/4.4.7/../../../../avr32/lib/ucr2\libc.a(lib_a-sbrkr.o)
                              d:/program files (x86)/atmel/studio/7.0/toolchain/avr32/avr32-gnu-toolchain/bin/../lib/gcc/avr32/4.4.7/../../../../avr32/lib/ucr2\libc.a(lib_a-mallocr.o) (_sbrk_r)
d:/program files (x86)/atmel/studio/7.0/toolchain/avr32/avr32-gnu-toolchain/bin/../lib/gcc/avr32/4.4.7/../../../../avr32/lib/ucr2\libc.a(lib_a-sprintf.o)
                              src/Log/log.o (sprintf)
d:/program files (x86)/atmel/studio/7.0/toolchain/avr32/avr32-gnu-toolchain/bin/../lib/gcc/avr32/4.4.7/../../../../avr32/lib/ucr2\libc.a(lib_a-strncpy.o)
                              src/ASF/thirdparty/freertos/freertos-7.0.0/source/tasks.o (strncpy)
d:/program files (x86)/atmel/studio/7.0/toolchain/avr32/avr32-gnu-toolchain/bin/../lib/gcc/avr32/4.4.7/../../../../avr32/lib/ucr2\libc.a(lib_a-syscalls.o)
                              d:/program files (x86)/atmel/studio/7.0/toolchain/avr32/avr32-gnu-toolchain/bin/../lib/gcc/avr32/4.4.7/../../../../avr32/lib/ucr2\libc.a(lib_a-sbrkr.o) (_sbrk)
d:/program files (x86)/atmel/studio/7.0/toolchain/avr32/avr32-gnu-toolchain/bin/../lib/gcc/avr32/4.4.7/../../../../avr32/lib/ucr2\libc.a(lib_a-vfprintf.o)
                              d:/program files (x86)/atmel/studio/7.0/toolchain/avr32/avr32-gnu-toolchain/bin/../lib/gcc/avr32/4.4.7/../../../../avr32/lib/ucr2\libc.a(lib_a-sprintf.o) (_vfprintf_r)
d:/program files (x86)/atmel/studio/7.0/toolchain/avr32/avr32-gnu-toolchain/bin/../lib/gcc/avr32/4.4.7/../../../../avr32/lib/ucr2\libc.a(lib_a-wsetup.o)
                              d:/program files (x86)/atmel/studio/7.0/toolchain/avr32/avr32-gnu-toolchain/bin/../lib/gcc/avr32/4.4.7/../../../../avr32/lib/ucr2\libc.a(lib_a-vfprintf.o) (__swsetup_r)
d:/program files (x86)/atmel/studio/7.0/toolchain/avr32/avr32-gnu-toolchain/bin/../lib/gcc/avr32/4.4.7/../../../../avr32/lib/ucr2\libc.a(lib_a-dtoa.o)
                              d:/program files (x86)/atmel/studio/7.0/toolchain/avr32/avr32-gnu-toolchain/bin/../lib/gcc/avr32/4.4.7/../../../../avr32/lib/ucr2\libc.a(lib_a-vfprintf.o) (_dtoa_r)
d:/program files (x86)/atmel/studio/7.0/toolchain/avr32/avr32-gnu-toolchain/bin/../lib/gcc/avr32/4.4.7/../../../../avr32/lib/ucr2\libc.a(lib_a-errno.o)
                              d:/program files (x86)/atmel/studio/7.0/toolchain/avr32/avr32-gnu-toolchain/bin/../lib/gcc/avr32/4.4.7/../../../../avr32/lib/ucr2\libc.a(lib_a-syscalls.o) (__errno)
d:/program files (x86)/atmel/studio/7.0/toolchain/avr32/avr32-gnu-toolchain/bin/../lib/gcc/avr32/4.4.7/../../../../avr32/lib/ucr2\libc.a(lib_a-fflush.o)
                              d:/program files (x86)/atmel/studio/7.0/toolchain/avr32/avr32-gnu-toolchain/bin/../lib/gcc/avr32/4.4.7/../../../../avr32/lib/ucr2\libc.a(lib_a-vfprintf.o) (_fflush_r)
[...]
Memory Configuration

Name             Origin             Length             Attributes
FLASH            0x80000000         0x00080000         axrl !w
CPUSRAM          0x00000004         0x00017ffc         axw !rl
USERPAGE         0x80800000         0x00000200
FACTORYPAGE      0x80800200         0x00000200
*default*        0x00000000         0xffffffff

Linker script and memory map

                0x00001000                _stack_size = 0x1000
LOAD src/Application/app/app.o
LOAD src/Application/flash/data_flash.o
LOAD src/Application/radio/ambe.o
LOAD src/Application/radio/AMBE_audio.o
LOAD src/Application/radio/AMBE_audio_2.o
LOAD src/Application/radio/audio.o
LOAD src/Application/radio/payload.o
LOAD src/Application/radio/physical.o
LOAD src/Application/radio/ssc.o
LOAD src/Application/radio/xcmp.o
LOAD src/Application/radio/xnl.o
LOAD src/Application/RFID/MFRC522/rc522.o
LOAD src/Application/RFID/RFID.o
LOAD src/Application/rtc/rtc.o
LOAD src/Application/timers/timer.o
LOAD src/Application/voice/voice.o
LOAD src/ASF/avr32/drivers/flashc/flashc.o
LOAD src/ASF/avr32/drivers/gpio/gpio.o
LOAD src/ASF/avr32/drivers/intc/intc.o
LOAD src/ASF/avr32/drivers/pm/pm.o
LOAD src/ASF/avr32/drivers/pm/pm_conf_clocks.o
LOAD src/ASF/avr32/drivers/pm/power_clocks_lib.o
LOAD src/ASF/avr32/drivers/spi/spi.o
LOAD src/ASF/avr32/drivers/tc/tc.o
LOAD src/ASF/avr32/drivers/twi/twi.o
LOAD src/ASF/avr32/drivers/usart/usart.o
LOAD src/ASF/avr32/utils/startup/startup_uc3.o
LOAD src/ASF/avr32/utils/startup/trampoline_uc3.o
LOAD src/ASF/common/boards/user_board/init.o
LOAD src/ASF/common/services/clock/uc3b0_b1/sysclk.o
LOAD src/ASF/common/services/spi/uc3_spi/spi_master.o
LOAD src/ASF/common/services/spi/uc3_usart_spi/usart_spi.o
LOAD src/ASF/thirdparty/freertos/freertos-7.0.0/source/croutine.o
LOAD src/ASF/thirdparty/freertos/freertos-7.0.0/source/list.o
LOAD src/ASF/thirdparty/freertos/freertos-7.0.0/source/portable/gcc/avr32_uc3/exception.o
LOAD src/ASF/thirdparty/freertos/freertos-7.0.0/source/portable/gcc/avr32_uc3/port.o
LOAD src/ASF/thirdparty/freertos/freertos-7.0.0/source/portable/gcc/avr32_uc3/read.o
LOAD src/ASF/thirdparty/freertos/freertos-7.0.0/source/portable/gcc/avr32_uc3/write.o
LOAD src/ASF/thirdparty/freertos/freertos-7.0.0/source/portable/memmang/heap_3.o
LOAD src/ASF/thirdparty/freertos/freertos-7.0.0/source/queue.o
LOAD src/ASF/thirdparty/freertos/freertos-7.0.0/source/tasks.o
LOAD src/Log/log.o
LOAD src/main.o
START GROUP
LOAD d:/program files (x86)/atmel/studio/7.0/toolchain/avr32/avr32-gnu-toolchain/bin/../lib/gcc/avr32/4.4.7/../../../../avr32/lib/ucr2\libm.a
END GROUP
LOAD d:/program files (x86)/atmel/studio/7.0/toolchain/avr32/avr32-gnu-toolchain/bin/../lib/gcc/avr32/4.4.7/ucr2\libgcc.a
LOAD d:/program files (x86)/atmel/studio/7.0/toolchain/avr32/avr32-gnu-toolchain/bin/../lib/gcc/avr32/4.4.7/../../../../avr32/lib/ucr2\libc.a
LOAD d:/program files (x86)/atmel/studio/7.0/toolchain/avr32/avr32-gnu-toolchain/bin/../lib/gcc/avr32/4.4.7/ucr2\libgcc.a
                0x80000000                PROVIDE (__executable_start, 0x80000000)
                0x80000000                . = 0x80000000

.interp
 *(.interp)

.reset          0x80000000     0x2004
 *(.reset)
 .reset         0x80000000     0x2004 src/ASF/avr32/utils/startup/trampoline_uc3.o
                               0x2008 (size before relaxing)
                0x80000000                _trampoline

.hash
 *(.hash)

.dynsym
 *(.dynsym)

.dynstr
 *(.dynstr)

.gnu.version
 *(.gnu.version)

.gnu.version_d
 *(.gnu.version_d)

.gnu.version_r
 *(.gnu.version_r)

.rel.init
 *(.rel.init)

.rela.init
 *(.rela.init)

.rel.text
 *(.rel.text .rel.text.* .rel.gnu.linkonce.t.*)

.rela.text
 *(.rela.text .rela.text.* .rela.gnu.linkonce.t.*)

.rel.fini
 *(.rel.fini)

.rela.fini
 *(.rela.fini)

.rel.rodata
 *(.rel.rodata .rel.rodata.* .rel.gnu.linkonce.r.*)

.rela.rodata
 *(.rela.rodata .rela.rodata.* .rela.gnu.linkonce.r.*)

.rel.data.rel.ro
 *(.rel.data.rel.ro*)

.rela.data.rel.ro
 *(.rel.data.rel.ro*)

.rel.data
 *(.rel.data .rel.data.* .rel.gnu.linkonce.d.*)

.rela.data
 *(.rela.data .rela.data.* .rela.gnu.linkonce.d.*)

.rel.tdata
 *(.rel.tdata .rel.tdata.* .rel.gnu.linkonce.td.*)

.rela.tdata
 *(.rela.tdata .rela.tdata.* .rela.gnu.linkonce.td.*)

.rel.tbss
 *(.rel.tbss .rel.tbss.* .rel.gnu.linkonce.tb.*)

.rela.tbss
 *(.rela.tbss .rela.tbss.* .rela.gnu.linkonce.tb.*)

.rel.ctors
 *(.rel.ctors)

.rela.ctors
 *(.rela.ctors)

.rel.dtors
 *(.rel.dtors)

.rela.dtors
 *(.rela.dtors)

.rel.got
 *(.rel.got)

.rela.got       0x80002004        0x0
 *(.rela.got)
 .rela.got      0x80002004        0x0 src/Application/app/app.o

.rel.bss
 *(.rel.bss .rel.bss.* .rel.gnu.linkonce.b.*)

.rela.bss
 *(.rela.bss .rela.bss.* .rela.gnu.linkonce.b.*)

.rel.plt
 *(.rel.plt)

.rela.plt
 *(.rela.plt)

.init
 *(.init)

.plt
 *(.plt)

.text           0x80002004     0xa6fc
 *(.text .stub .text.* .gnu.linkonce.t.*)
 .text.DeviceManagement_brdcst_func
                0x80002004       0x24 src/Application/app/app.o
                0x80002004                DeviceManagement_brdcst_func
 .text.Volume_brdcst_func
                0x80002028        0x2 src/Application/app/app.o
                0x80002028                Volume_brdcst_func
 .text.AudioRoutingControl_brdcst_func
                0x8000202a        0x2 src/Application/app/app.o
                0x8000202a                AudioRoutingControl_brdcst_func
 .text.vApplicationIdleHook
                0x8000202c       0x10 src/Application/app/app.o
                0x8000202c                vApplicationIdleHook
 .text.app_init
                0x8000203c       0x54 src/Application/app/app.o
                0x8000203c                app_init
 .text.app_cfg  0x80002090       0x94 src/Application/app/app.o
 .text.app_payload_tx_proc
                0x80002124       0x14 src/Application/app/app.o
 .text.FD_brdcst_func
                0x80002138       0x14 src/Application/app/app.o
                0x80002138                FD_brdcst_func
 .text.FD_reply_func
                0x8000214c       0x14 src/Application/app/app.o
                0x8000214c                FD_reply_func
 .text.FD_request_func
                0x80002160       0x14 src/Application/app/app.o
                0x80002160                FD_request_func
 .text.EnOB_brdcst_func
                0x80002174       0x14 src/Application/app/app.o
                0x80002174                EnOB_brdcst_func
 .text.EnOB_reply_func
                0x80002188       0x70 src/Application/app/app.o
                0x80002188                EnOB_reply_func
 .text.SingleDetection_brdcst_func
                0x800021f8       0x1c src/Application/app/app.o
                0x800021f8                SingleDetection_brdcst_func
 .text.ButtonConfig_brdcst_func
                0x80002214       0xdc src/Application/app/app.o
                0x80002214                ButtonConfig_brdcst_func
 .text.Phyuserinput_brdcst_func
                0x800022f0       0x78 src/Application/app/app.o
                0x800022f0                Phyuserinput_brdcst_func
 .text.ButtonConfig_reply_func
                0x80002368       0x44 src/Application/app/app.o
                0x80002368                ButtonConfig_reply_func
 .text.DataSession_brdcst_func
                0x800023ac       0xe0 src/Application/app/app.o
                0x800023ac                DataSession_brdcst_func
 .text.DataSession_reply_func
                0x8000248c       0x7c src/Application/app/app.o
                0x8000248c                DataSession_reply_func
 .text.CallControl_brdcst_func
                0x80002508       0x44 src/Application/app/app.o
                0x80002508                CallControl_brdcst_func
 .text.TransmitControl_brdcst_func
                0x8000254c       0x48 src/Application/app/app.o
                0x8000254c                TransmitControl_brdcst_func
 .text.TransmitControl_reply_func
                0x80002594       0x60 src/Application/app/app.o
                0x80002594                TransmitControl_reply_func
 .text.AudioRoutingControl_reply_func
                0x800025f4       0x30 src/Application/app/app.o
                0x800025f4                AudioRoutingControl_reply_func
 .text.Volume_reply_func
                0x80002624       0x64 src/Application/app/app.o
                0x80002624                Volume_reply_func
 .text.spk_brdcst_func
                0x80002688       0x38 src/Application/app/app.o
                0x80002688                spk_brdcst_func
 .text.spk_reply_func
                0x800026c0       0x48 src/Application/app/app.o
                0x800026c0                spk_reply_func
 .text.mic_brdcst_func
                0x80002708       0x58 src/Application/app/app.o
                0x80002708                mic_brdcst_func
 .text.mic_reply_func
                0x80002760       0x94 src/Application/app/app.o
                0x80002760                mic_reply_func
 .text.dcm_brdcst_func
                0x800027f4       0x48 src/Application/app/app.o
                0x800027f4                dcm_brdcst_func
 .text.dcm_reply_func
                0x8000283c       0x68 src/Application/app/app.o
                0x8000283c                dcm_reply_func
 .text.ToneControl_reply_func
                0x800028a4       0x28 src/Application/app/app.o
                0x800028a4                ToneControl_reply_func
 .text.app_payload_rx_proc
                0x800028cc       0x4c src/Application/app/app.o
 .text.DeviceInitializationStatus_brdcst_func
                0x80002918       0x38 src/Application/app/app.o
                0x80002918                DeviceInitializationStatus_brdcst_func
 .text.CalculateBurst
                0x80002950       0x1c src/Application/radio/ambe.o
                0x80002950                CalculateBurst
 .text.payload_init
                0x8000296c       0x38 src/Application/radio/payload.o
                0x8000296c                payload_init
 .text.payload_rx_process
                0x800029a4       0x4c src/Application/radio/payload.o
 .text.set_idle_store_isr
                0x800029f0       0x1c src/Application/radio/physical.o
                0x800029f0                set_idle_store_isr
 .text.phy_rx   0x80002a0c       0x38 src/Application/radio/physical.o
                0x80002a0c                phy_rx
 .text.set_idle_store
                0x80002a44       0x20 src/Application/radio/physical.o
                0x80002a44                set_idle_store
 .text.phy_tx   0x80002a64       0x5c src/Application/radio/physical.o
                0x80002a64                phy_tx
 .text.get_idle_store_isr
                0x80002ac0       0x28 src/Application/radio/physical.o
                0x80002ac0                get_idle_store_isr
 .text.phy_tx_func
                0x80002ae8      0x4c8 src/Application/radio/physical.o
 .text.get_idle_store
                0x80002fb0       0x28 src/Application/radio/physical.o
                0x80002fb0                get_idle_store
 .text.phy_init
                0x80002fd8       0x28 src/Application/radio/physical.o
                0x80002fd8                phy_init
 .text.payload_rx
                0x80003000       0x60 src/Application/radio/physical.o
 .text.phy_rx_func
                0x80003060      0xf24 src/Application/radio/physical.o
 .text.pdca_int_handler
                0x80003f84       0x74 src/Application/radio/ssc.o
 .text.local_start_SSC
                0x80003ff8       0x44 src/Application/radio/ssc.o
                0x80003ff8                local_start_SSC
 .text.local_start_PDC
                0x8000403c       0x6c src/Application/radio/ssc.o
                0x8000403c                local_start_PDC
 .text.register_rx_tx_func
                0x800040a8       0x14 src/Application/radio/ssc.o
                0x800040a8                register_rx_tx_func
 .text.ssc_init
                0x800040bc       0x68 src/Application/radio/ssc.o
                0x800040bc                ssc_init
 .text.xcmp_register_app_list
                0x80004124        0xc src/Application/radio/xcmp.o
                0x80004124                xcmp_register_app_list
 .text.xcmp_tx  0x80004130       0x48 src/Application/radio/xcmp.o
 .text.xcmp_data_session_req
                0x80004178       0x88 src/Application/radio/xcmp.o
                0x80004178                xcmp_data_session_req
 .text.xcmp_DeviceInitializationStatus_request
                0x80004200       0x40 src/Application/radio/xcmp.o
                0x80004200                xcmp_DeviceInitializationStatus_request
 .text.xcmp_opcode_not_supported
                0x80004240       0x24 src/Application/radio/xcmp.o
                0x80004240                xcmp_opcode_not_supported
 .text.xcmp_exec_func
                0x80004264       0x48 src/Application/radio/xcmp.o
 .text.xcmp_IdleTestTone
                0x800042ac       0x60 src/Application/radio/xcmp.o
                0x800042ac                xcmp_IdleTestTone
 .text.xcmp_init
                0x8000430c       0x54 src/Application/radio/xcmp.o
                0x8000430c                xcmp_init
 .text.xcmp_rx_process
                0x80004360       0xfc src/Application/radio/xcmp.o
 .text.xcmp_rx  0x8000445c       0x4c src/Application/radio/xcmp.o
 .text.xnl_register_xcmp_func
                0x800044a8        0xc src/Application/radio/xnl.o
                0x800044a8                xnl_register_xcmp_func
 .text.xnl_get_msg_ack_func
                0x800044b4       0x2c src/Application/radio/xnl.o
                0x800044b4                xnl_get_msg_ack_func
 .text.xnl_init
                0x800044e0      0x12c src/Application/radio/xnl.o
                0x800044e0                xnl_init
 .text.xnl_rx_process
                0x8000460c       0x60 src/Application/radio/xnl.o
 .text.xnl_tx_process
                0x8000466c       0xcc src/Application/radio/xnl.o
 .text.xnl_tx   0x80004738       0xe4 src/Application/radio/xnl.o
                0x80004738                xnl_tx
 .text.xnl_data_msg_func
                0x8000481c       0x60 src/Application/radio/xnl.o
                0x8000481c                xnl_data_msg_func
 .text.xnl_device_auth_reply_func
                0x8000487c      0x120 src/Application/radio/xnl.o
                0x8000487c                xnl_device_auth_reply_func
 .text.xnl_master_status_brdcst_func
                0x8000499c       0x60 src/Application/radio/xnl.o
                0x8000499c                xnl_master_status_brdcst_func
 .text.xnl_device_conn_reply_func
                0x800049fc       0x5c src/Application/radio/xnl.o
                0x800049fc                xnl_device_conn_reply_func
 .text.xnl_send_device_master_query
                0x80004a58       0x30 src/Application/radio/xnl.o
                0x80004a58                xnl_send_device_master_query
 .text.delay_ns
                0x80004a88       0x16 src/Application/RFID/MFRC522/rc522.o
                0x80004a88                delay_ns
 *fill*         0x80004a9e        0x2 d703d703
 .text.delay_us
                0x80004aa0       0x28 src/Application/RFID/MFRC522/rc522.o
                0x80004aa0                delay_us
 .text.delay_ms
                0x80004ac8       0x28 src/Application/RFID/MFRC522/rc522.o
                0x80004ac8                delay_ms
 .text.WriteRawRC
                0x80004af0       0x44 src/Application/RFID/MFRC522/rc522.o
                0x80004af0                WriteRawRC
 .text.PcdReset
                0x80004b34       0x80 src/Application/RFID/MFRC522/rc522.o
                0x80004b34                PcdReset
 .text.ReadRawRC
                0x80004bb4       0x58 src/Application/RFID/MFRC522/rc522.o
                0x80004bb4                ReadRawRC
 .text.SetBitMask
                0x80004c0c       0x24 src/Application/RFID/MFRC522/rc522.o
                0x80004c0c                SetBitMask
 .text.PcdAntennaOn
                0x80004c30       0x20 src/Application/RFID/MFRC522/rc522.o
                0x80004c30                PcdAntennaOn
 .text.ClearBitMask
                0x80004c50       0x28 src/Application/RFID/MFRC522/rc522.o
                0x80004c50                ClearBitMask
 .text.PcdAntennaOff
                0x80004c78       0x10 src/Application/RFID/MFRC522/rc522.o
                0x80004c78                PcdAntennaOff
 .text.M500PcdConfigISOType
                0x80004c88       0x70 src/Application/RFID/MFRC522/rc522.o
                0x80004c88                M500PcdConfigISOType
 .text.rc522_init
                0x80004cf8       0xbc src/Application/RFID/MFRC522/rc522.o
                0x80004cf8                rc522_init
 .text.rfid_init
                0x80004db4       0x14 src/Application/RFID/RFID.o
                0x80004db4                rfid_init
 .text.local_start_pll0
                0x80004dc8       0x50 src/Application/rtc/rtc.o
                0x80004dc8                local_start_pll0
 .text.local_start_timer
                0x80004e18       0x3a src/Application/timers/timer.o
                0x80004e18                local_start_timer
 *fill*         0x80004e52        0x2 d703d703
 .text.tc_init  0x80004e54       0x60 src/Application/timers/timer.o
                0x80004e54                tc_init
 .text._tc_interrupt
                0x80004eb4       0x20 src/Application/timers/timer.o
 .text.gpio_enable_module_pin
                0x80004ed4       0x52 src/ASF/avr32/drivers/gpio/gpio.o
                0x80004ed4                gpio_enable_module_pin
 *fill*         0x80004f26        0x2 d703d703
 .text.gpio_enable_module
                0x80004f28       0x30 src/ASF/avr32/drivers/gpio/gpio.o
                0x80004f28                gpio_enable_module
 .text.gpio_enable_gpio_pin
                0x80004f58       0x18 src/ASF/avr32/drivers/gpio/gpio.o
                0x80004f58                gpio_enable_gpio_pin
 .text.gpio_set_gpio_pin
                0x80004f70       0x1c src/ASF/avr32/drivers/gpio/gpio.o
                0x80004f70                gpio_set_gpio_pin
 .text.gpio_clr_gpio_pin
                0x80004f8c       0x1c src/ASF/avr32/drivers/gpio/gpio.o
                0x80004f8c                gpio_clr_gpio_pin
 .text._unhandled_interrupt
                0x80004fa8        0x2 src/ASF/avr32/drivers/intc/intc.o
 *fill*         0x80004faa        0x2 d703d703
 .text.INTC_register_interrupt
                0x80004fac       0x80 src/ASF/avr32/drivers/intc/intc.o
                0x80004fac                INTC_register_interrupt
 .text.INTC_init_interrupts
                0x8000502c       0x54 src/ASF/avr32/drivers/intc/intc.o
                0x8000502c                INTC_init_interrupts
 .text._get_interrupt_handler
                0x80005080       0x38 src/ASF/avr32/drivers/intc/intc.o
                0x80005080                _get_interrupt_handler
 .text.getBaudDiv
                0x800050b8       0x20 src/ASF/avr32/drivers/spi/spi.o
                0x800050b8                getBaudDiv
 .text.spi_initMaster
                0x800050d8       0x38 src/ASF/avr32/drivers/spi/spi.o
                0x800050d8                spi_initMaster
 .text.spi_selectionMode
                0x80005110       0x2c src/ASF/avr32/drivers/spi/spi.o
                0x80005110                spi_selectionMode
 .text.spi_enable
                0x8000513c        0x6 src/ASF/avr32/drivers/spi/spi.o
                0x8000513c                spi_enable
 .text.spi_write
                0x80005142       0x1c src/ASF/avr32/drivers/spi/spi.o
                0x80005142                spi_write
 .text.spi_read
                0x8000515e       0x20 src/ASF/avr32/drivers/spi/spi.o
                0x8000515e                spi_read
 *fill*         0x8000517e        0x2 d703d703
 .text.spi_setupChipReg
                0x80005180       0xe8 src/ASF/avr32/drivers/spi/spi.o
                0x80005180                spi_setupChipReg
 .text.spi_unselectChip
                0x80005268       0x40 src/ASF/avr32/drivers/spi/spi.o
                0x80005268                spi_unselectChip
 .text.spi_selectChip
                0x800052a8       0x78 src/ASF/avr32/drivers/spi/spi.o
                0x800052a8                spi_selectChip
 .text.tc_init_waveform
                0x80005320       0x9c src/ASF/avr32/drivers/tc/tc.o
                0x80005320                tc_init_waveform
 .text.tc_start
                0x800053bc       0x12 src/ASF/avr32/drivers/tc/tc.o
                0x800053bc                tc_start
 .text.tc_read_sr
                0x800053ce       0x12 src/ASF/avr32/drivers/tc/tc.o
                0x800053ce                tc_read_sr
 .text.tc_write_rc
                0x800053e0       0x34 src/ASF/avr32/drivers/tc/tc.o
                0x800053e0                tc_write_rc
 .text.tc_configure_interrupts
                0x80005414      0x108 src/ASF/avr32/drivers/tc/tc.o
                0x80005414                tc_configure_interrupts
 .text.usart_set_async_baudrate
                0x8000551c       0x5a src/ASF/avr32/drivers/usart/usart.o
 .text.usart_write_char
                0x80005576       0x14 src/ASF/avr32/drivers/usart/usart.o
                0x80005576                usart_write_char
 *fill*         0x8000558a        0x2 d703d703
 .text.usart_putchar
                0x8000558c       0x2c src/ASF/avr32/drivers/usart/usart.o
                0x8000558c                usart_putchar
 .text.usart_read_char
                0x800055b8       0x22 src/ASF/avr32/drivers/usart/usart.o
                0x800055b8                usart_read_char
 *fill*         0x800055da        0x2 d703d703
 .text.usart_getchar
                0x800055dc       0x2c src/ASF/avr32/drivers/usart/usart.o
                0x800055dc                usart_getchar
 .text.usart_write_line
                0x80005608       0x24 src/ASF/avr32/drivers/usart/usart.o
                0x80005608                usart_write_line
 .text.usart_reset
                0x8000562c       0x2c src/ASF/avr32/drivers/usart/usart.o
                0x8000562c                usart_reset
 .text.usart_init_rs232
                0x80005658       0xcc src/ASF/avr32/drivers/usart/usart.o
                0x80005658                usart_init_rs232
 .text._stext   0x80005724       0x40 src/ASF/avr32/utils/startup/startup_uc3.o
                                 0x50 (size before relaxing)
                0x80005724                _stext
 .text.vListInitialise
                0x80005764       0x14 src/ASF/thirdparty/freertos/freertos-7.0.0/source/list.o
                0x80005764                vListInitialise
 .text.vListInitialiseItem
                0x80005778        0x6 src/ASF/thirdparty/freertos/freertos-7.0.0/source/list.o
                0x80005778                vListInitialiseItem
 .text.vListInsertEnd
                0x8000577e       0x1c src/ASF/thirdparty/freertos/freertos-7.0.0/source/list.o
                0x8000577e                vListInsertEnd
 .text.vListInsert
                0x8000579a       0x34 src/ASF/thirdparty/freertos/freertos-7.0.0/source/list.o
                0x8000579a                vListInsert
 .text.vListRemove
                0x800057ce       0x26 src/ASF/thirdparty/freertos/freertos-7.0.0/source/list.o
                0x800057ce                vListRemove
 .text.pxPortInitialiseStack
                0x800057f4       0x92 src/ASF/thirdparty/freertos/freertos-7.0.0/source/portable/gcc/avr32_uc3/port.o
                0x800057f4                pxPortInitialiseStack
 *fill*         0x80005886        0x2 d703d703
 .text.vPortEnterCritical
                0x80005888       0x10 src/ASF/thirdparty/freertos/freertos-7.0.0/source/portable/gcc/avr32_uc3/port.o
                0x80005888                vPortEnterCritical
 .text.xPortStartScheduler
                0x80005898       0x58 src/ASF/thirdparty/freertos/freertos-7.0.0/source/portable/gcc/avr32_uc3/port.o
                0x80005898                xPortStartScheduler
 .text.SCALLYield
                0x800058f0       0x98 src/ASF/thirdparty/freertos/freertos-7.0.0/source/portable/gcc/avr32_uc3/port.o
                0x800058f0                SCALLYield
 .text.prvClearCcInt
                0x80005988        0xa src/ASF/thirdparty/freertos/freertos-7.0.0/source/portable/gcc/avr32_uc3/port.o
 *fill*         0x80005992        0x2 d703d703
 .text.vPortExitCritical
                0x80005994       0x20 src/ASF/thirdparty/freertos/freertos-7.0.0/source/portable/gcc/avr32_uc3/port.o
                0x80005994                vPortExitCritical
 .text.vTick    0x800059b4       0x84 src/ASF/thirdparty/freertos/freertos-7.0.0/source/portable/gcc/avr32_uc3/port.o
 .text.__malloc_lock
                0x80005a38        0xc src/ASF/thirdparty/freertos/freertos-7.0.0/source/portable/gcc/avr32_uc3/port.o
                0x80005a38                __malloc_lock
 .text.__malloc_unlock
                0x80005a44        0xc src/ASF/thirdparty/freertos/freertos-7.0.0/source/portable/gcc/avr32_uc3/port.o
                0x80005a44                __malloc_unlock
 .text._read    0x80005a50       0x40 src/ASF/thirdparty/freertos/freertos-7.0.0/source/portable/gcc/avr32_uc3/read.o
                0x80005a50                _read
 .text._write   0x80005a90       0x3c src/ASF/thirdparty/freertos/freertos-7.0.0/source/portable/gcc/avr32_uc3/write.o
                0x80005a90                _write
 .text.vPortFree
                0x80005acc       0x28 src/ASF/thirdparty/freertos/freertos-7.0.0/source/portable/memmang/heap_3.o
                0x80005acc                vPortFree
 .text.pvPortMalloc
                0x80005af4       0x28 src/ASF/thirdparty/freertos/freertos-7.0.0/source/portable/memmang/heap_3.o
                0x80005af4                pvPortMalloc
 .text.prvCopyDataFromQueue
                0x80005b1c       0x30 src/ASF/thirdparty/freertos/freertos-7.0.0/source/queue.o
 .text.xQueueReceiveFromISR
                0x80005b4c       0x50 src/ASF/thirdparty/freertos/freertos-7.0.0/source/queue.o
                0x80005b4c                xQueueReceiveFromISR
 .text.prvUnlockQueue
                0x80005b9c       0xa0 src/ASF/thirdparty/freertos/freertos-7.0.0/source/queue.o
 .text.xQueueGenericReceive
                0x80005c3c      0x144 src/ASF/thirdparty/freertos/freertos-7.0.0/source/queue.o
                0x80005c3c                xQueueGenericReceive
 .text.prvCopyDataToQueue
                0x80005d80       0x78 src/ASF/thirdparty/freertos/freertos-7.0.0/source/queue.o
 .text.xQueueGenericSendFromISR
                0x80005df8       0x50 src/ASF/thirdparty/freertos/freertos-7.0.0/source/queue.o
                0x80005df8                xQueueGenericSendFromISR
 .text.xQueueGenericSend
                0x80005e48      0x100 src/ASF/thirdparty/freertos/freertos-7.0.0/source/queue.o
                0x80005e48                xQueueGenericSend
 .text.xQueueCreate
                0x80005f48       0x74 src/ASF/thirdparty/freertos/freertos-7.0.0/source/queue.o
                0x80005f48                xQueueCreate
 .text.vTaskSuspendAll
                0x80005fbc       0x10 src/ASF/thirdparty/freertos/freertos-7.0.0/source/tasks.o
                0x80005fbc                vTaskSuspendAll
 .text.vTaskSwitchContext
                0x80005fcc       0x7c src/ASF/thirdparty/freertos/freertos-7.0.0/source/tasks.o
                0x80005fcc                vTaskSwitchContext
 .text.vTaskSetTimeOutState
                0x80006048       0x18 src/ASF/thirdparty/freertos/freertos-7.0.0/source/tasks.o
                0x80006048                vTaskSetTimeOutState
 .text.vTaskMissedYield
                0x80006060        0xc src/ASF/thirdparty/freertos/freertos-7.0.0/source/tasks.o
                0x80006060                vTaskMissedYield
 .text.xTaskGetCurrentTaskHandle
                0x8000606c        0xc src/ASF/thirdparty/freertos/freertos-7.0.0/source/tasks.o
                0x8000606c                xTaskGetCurrentTaskHandle
 .text.vTaskPriorityDisinherit
                0x80006078       0x58 src/ASF/thirdparty/freertos/freertos-7.0.0/source/tasks.o
                0x80006078                vTaskPriorityDisinherit
 .text.vTaskPriorityInherit
                0x800060d0       0x84 src/ASF/thirdparty/freertos/freertos-7.0.0/source/tasks.o
                0x800060d0                vTaskPriorityInherit
 .text.xTaskRemoveFromEventList
                0x80006154       0x7c src/ASF/thirdparty/freertos/freertos-7.0.0/source/tasks.o
                0x80006154                xTaskRemoveFromEventList
 .text.vTaskIncrementTick
                0x800061d0      0x114 src/ASF/thirdparty/freertos/freertos-7.0.0/source/tasks.o
                0x800061d0                vTaskIncrementTick
 .text.xTaskCheckForTimeOut
                0x800062e4       0x70 src/ASF/thirdparty/freertos/freertos-7.0.0/source/tasks.o
                0x800062e4                xTaskCheckForTimeOut
 .text.xTaskGetTickCount
                0x80006354       0x24 src/ASF/thirdparty/freertos/freertos-7.0.0/source/tasks.o
                0x80006354                xTaskGetTickCount
 .text.xTaskResumeAll
                0x80006378       0xe8 src/ASF/thirdparty/freertos/freertos-7.0.0/source/tasks.o
                0x80006378                xTaskResumeAll
 .text.prvAddCurrentTaskToDelayedList
                0x80006460       0x5c src/ASF/thirdparty/freertos/freertos-7.0.0/source/tasks.o
 .text.vTaskDelayUntil
                0x800064bc       0x80 src/ASF/thirdparty/freertos/freertos-7.0.0/source/tasks.o
                0x800064bc                vTaskDelayUntil
 .text.vTaskPlaceOnEventList
                0x8000653c       0x58 src/ASF/thirdparty/freertos/freertos-7.0.0/source/tasks.o
                0x8000653c                vTaskPlaceOnEventList
 .text.prvIdleTask
                0x80006594       0x88 src/ASF/thirdparty/freertos/freertos-7.0.0/source/tasks.o
 .text.xTaskGenericCreate
                0x8000661c      0x1e8 src/ASF/thirdparty/freertos/freertos-7.0.0/source/tasks.o
                0x8000661c                xTaskGenericCreate
 .text.vTaskStartScheduler
                0x80006804       0x4c src/ASF/thirdparty/freertos/freertos-7.0.0/source/tasks.o
                0x80006804                vTaskStartScheduler
 .text.PrintChar
                0x80006850        0x4 src/Log/log.o
                0x80006850                PrintChar
 .text.PrintHex
                0x80006854       0xb2 src/Log/log.o
                0x80006854                PrintHex
 .text.PrintDec
                0x80006906       0xda src/Log/log.o
                0x80006906                PrintDec
 .text.log      0x800069e0      0x18c src/Log/log.o
                0x800069e0                log
 .text.logFromISR
                0x80006b6c      0x180 src/Log/log.o
                0x80006b6c                logFromISR
 .text.log_init
                0x80006cec       0x68 src/Log/log.o
                0x80006cec                log_init
 .text.task_log
                0x80006d54       0x44 src/Log/log.o
 .text.main     0x80006d98       0x84 src/main.o
                0x80006d98                main
 .text.free     0x80006e1c       0x10 d:/program files (x86)/atmel/studio/7.0/toolchain/avr32/avr32-gnu-toolchain/bin/../lib/gcc/avr32/4.4.7/../../../../avr32/lib/ucr2\libc.a(lib_a-malloc.o)
                                 0x18 (size before relaxing)
                0x80006e1c                free
 .text.malloc   0x80006e2c       0x10 d:/program files (x86)/atmel/studio/7.0/toolchain/avr32/avr32-gnu-toolchain/bin/../lib/gcc/avr32/4.4.7/../../../../avr32/lib/ucr2\libc.a(lib_a-malloc.o)
                                 0x18 (size before relaxing)
                0x80006e2c                malloc
 .text._malloc_r
                0x80006e3c      0x438 d:/program files (x86)/atmel/studio/7.0/toolchain/avr32/avr32-gnu-toolchain/bin/../lib/gcc/avr32/4.4.7/../../../../avr32/lib/ucr2\libc.a(lib_a-mallocr.o)
                                0x450 (size before relaxing)
                0x80006e3c                _malloc_r
 .text          0x80007274      0x148 d:/program files (x86)/atmel/studio/7.0/toolchain/avr32/avr32-gnu-toolchain/bin/../lib/gcc/avr32/4.4.7/../../../../avr32/lib/ucr2\libc.a(lib_a-memcpy.o)
                0x80007274                memcpy
 .text.memset   0x800073bc        0xe d:/program files (x86)/atmel/studio/7.0/toolchain/avr32/avr32-gnu-toolchain/bin/../lib/gcc/avr32/4.4.7/../../../../avr32/lib/ucr2\libc.a(lib_a-memset.o)
                0x800073bc                memset
 *fill*         0x800073ca        0x2 d703d703
 .text._realloc_r
                0x800073cc      0x2c0 d:/program files (x86)/atmel/studio/7.0/toolchain/avr32/avr32-gnu-toolchain/bin/../lib/gcc/avr32/4.4.7/../../../../avr32/lib/ucr2\libc.a(lib_a-reallocr.o)
                                0x2e0 (size before relaxing)
                0x800073cc                _realloc_r
 .text._sbrk_r  0x8000768c       0x20 d:/program files (x86)/atmel/studio/7.0/toolchain/avr32/avr32-gnu-toolchain/bin/../lib/gcc/avr32/4.4.7/../../../../avr32/lib/ucr2\libc.a(lib_a-sbrkr.o)
                                 0x28 (size before relaxing)
                0x8000768c                _sbrk_r
 .text.sprintf  0x800076ac       0x3c d:/program files (x86)/atmel/studio/7.0/toolchain/avr32/avr32-gnu-toolchain/bin/../lib/gcc/avr32/4.4.7/../../../../avr32/lib/ucr2\libc.a(lib_a-sprintf.o)
                                 0x40 (size before relaxing)
                0x800076ac                sprintf
 .text          0x800076e8       0x20 d:/program files (x86)/atmel/studio/7.0/toolchain/avr32/avr32-gnu-toolchain/bin/../lib/gcc/avr32/4.4.7/../../../../avr32/lib/ucr2\libc.a(lib_a-strncpy.o)
                0x800076e8                strncpy
 .text._close   0x80007708       0x14 d:/program files (x86)/atmel/studio/7.0/toolchain/avr32/avr32-gnu-toolchain/bin/../lib/gcc/avr32/4.4.7/../../../../avr32/lib/ucr2\libc.a(lib_a-syscalls.o)
                                 0x18 (size before relaxing)
                0x80007708                _close
 .text._lseek   0x8000771c       0x14 d:/program files (x86)/atmel/studio/7.0/toolchain/avr32/avr32-gnu-toolchain/bin/../lib/gcc/avr32/4.4.7/../../../../avr32/lib/ucr2\libc.a(lib_a-syscalls.o)
                                 0x18 (size before relaxing)
                0x8000771c                _lseek
 .text.isatty   0x80007730       0x14 d:/program files (x86)/atmel/studio/7.0/toolchain/avr32/avr32-gnu-toolchain/bin/../lib/gcc/avr32/4.4.7/../../../../avr32/lib/ucr2\libc.a(lib_a-syscalls.o)
                                 0x18 (size before relaxing)
                0x80007730                isatty
 .text._fstat_host
                0x80007744       0x14 d:/program files (x86)/atmel/studio/7.0/toolchain/avr32/avr32-gnu-toolchain/bin/../lib/gcc/avr32/4.4.7/../../../../avr32/lib/ucr2\libc.a(lib_a-syscalls.o)
                                 0x18 (size before relaxing)
                0x80007744                _fstat_host
 .text._fstat   0x80007758       0x4c d:/program files (x86)/atmel/studio/7.0/toolchain/avr32/avr32-gnu-toolchain/bin/../lib/gcc/avr32/4.4.7/../../../../avr32/lib/ucr2\libc.a(lib_a-syscalls.o)
                                 0x50 (size before relaxing)
                0x80007758                _fstat
 .text._sbrk    0x800077a4       0x38 d:/program files (x86)/atmel/studio/7.0/toolchain/avr32/avr32-gnu-toolchain/bin/../lib/gcc/avr32/4.4.7/../../../../avr32/lib/ucr2\libc.a(lib_a-syscalls.o)
                                 0x40 (size before relaxing)
                0x800077a4                _sbrk
 .text.get_arg  0x800077dc      0x314 d:/program files (x86)/atmel/studio/7.0/toolchain/avr32/avr32-gnu-toolchain/bin/../lib/gcc/avr32/4.4.7/../../../../avr32/lib/ucr2\libc.a(lib_a-vfprintf.o)
                                0x324 (size before relaxing)
 .text.__sprint_r
                0x80007af0       0x1c d:/program files (x86)/atmel/studio/7.0/toolchain/avr32/avr32-gnu-toolchain/bin/../lib/gcc/avr32/4.4.7/../../../../avr32/lib/ucr2\libc.a(lib_a-vfprintf.o)
                                 0x20 (size before relaxing)
 .text._vfprintf_r
                0x80007b0c     0x1f14 d:/program files (x86)/atmel/studio/7.0/toolchain/avr32/avr32-gnu-toolchain/bin/../lib/gcc/avr32/4.4.7/../../../../avr32/lib/ucr2\libc.a(lib_a-vfprintf.o)
                               0x1f9c (size before relaxing)
                0x80007b0c                _vfprintf_r
 .text.__swsetup_r
                0x80009a20       0xdc d:/program files (x86)/atmel/studio/7.0/toolchain/avr32/avr32-gnu-toolchain/bin/../lib/gcc/avr32/4.4.7/../../../../avr32/lib/ucr2\libc.a(lib_a-wsetup.o)
                                 0xe8 (size before relaxing)
                0x80009a20                __swsetup_r
 .text.quorem   0x80009afc      0x120 d:/program files (x86)/atmel/studio/7.0/toolchain/avr32/avr32-gnu-toolchain/bin/../lib/gcc/avr32/4.4.7/../../../../avr32/lib/ucr2\libc.a(lib_a-dtoa.o)
                                0x124 (size before relaxing)
 .text._dtoa_r  0x80009c1c      0xbdc d:/program files (x86)/atmel/studio/7.0/toolchain/avr32/avr32-gnu-toolchain/bin/../lib/gcc/avr32/4.4.7/../../../../avr32/lib/ucr2\libc.a(lib_a-dtoa.o)
                                0xc90 (size before relaxing)
                0x80009c1c                _dtoa_r
 .text.__errno  0x8000a7f8        0xc d:/program files (x86)/atmel/studio/7.0/toolchain/avr32/avr32-gnu-toolchain/bin/../lib/gcc/avr32/4.4.7/../../../../avr32/lib/ucr2\libc.a(lib_a-errno.o)
                0x8000a7f8                __errno
 .text._fflush_r
                0x8000a804      0x10c d:/program files (x86)/atmel/studio/7.0/toolchain/avr32/avr32-gnu-toolchain/bin/../lib/gcc/avr32/4.4.7/../../../../avr32/lib/ucr2\libc.a(lib_a-fflush.o)
                                0x118 (size before relaxing)
                0x8000a804                _fflush_r
 .text.__sfp_lock_acquire
                0x8000a910        0x2 d:/program files (x86)/atmel/studio/7.0/toolchain/avr32/avr32-gnu-toolchain/bin/../lib/gcc/avr32/4.4.7/../../../../avr32/lib/ucr2\libc.a(lib_a-findfp.o)
                0x8000a910                __sfp_lock_acquire
 .text.__sfp_lock_release
                0x8000a912        0x2 d:/program files (x86)/atmel/studio/7.0/toolchain/avr32/avr32-gnu-toolchain/bin/../lib/gcc/avr32/4.4.7/../../../../avr32/lib/ucr2\libc.a(lib_a-findfp.o)
                0x8000a912                __sfp_lock_release
 .text._cleanup_r
                0x8000a914        0xc d:/program files (x86)/atmel/studio/7.0/toolchain/avr32/avr32-gnu-toolchain/bin/../lib/gcc/avr32/4.4.7/../../../../avr32/lib/ucr2\libc.a(lib_a-findfp.o)
                                 0x14 (size before relaxing)
                0x8000a914                _cleanup_r
 .text.__sfmoreglue
                0x8000a920       0x28 d:/program files (x86)/atmel/studio/7.0/toolchain/avr32/avr32-gnu-toolchain/bin/../lib/gcc/avr32/4.4.7/../../../../avr32/lib/ucr2\libc.a(lib_a-findfp.o)
                                 0x30 (size before relaxing)
                0x8000a920                __sfmoreglue
 .text.__sfp    0x8000a948       0x6c d:/program files (x86)/atmel/studio/7.0/toolchain/avr32/avr32-gnu-toolchain/bin/../lib/gcc/avr32/4.4.7/../../../../avr32/lib/ucr2\libc.a(lib_a-findfp.o)
                                 0x7c (size before relaxing)
                0x8000a948                __sfp
 .text.__sinit  0x8000a9b4       0x9c d:/program files (x86)/atmel/studio/7.0/toolchain/avr32/avr32-gnu-toolchain/bin/../lib/gcc/avr32/4.4.7/../../../../avr32/lib/ucr2\libc.a(lib_a-findfp.o)
                                 0xb0 (size before relaxing)
                0x8000a9b4                __sinit
 .text._malloc_trim_r
                0x8000aa50       0x98 d:/program files (x86)/atmel/studio/7.0/toolchain/avr32/avr32-gnu-toolchain/bin/../lib/gcc/avr32/4.4.7/../../../../avr32/lib/ucr2\libc.a(lib_a-freer.o)
                                 0xa8 (size before relaxing)
                0x8000aa50                _malloc_trim_r
 .text._free_r  0x8000aae8      0x18c d:/program files (x86)/atmel/studio/7.0/toolchain/avr32/avr32-gnu-toolchain/bin/../lib/gcc/avr32/4.4.7/../../../../avr32/lib/ucr2\libc.a(lib_a-freer.o)
                                0x1a0 (size before relaxing)
                0x8000aae8                _free_r
 .text.__sfvwrite_r
                0x8000ac74      0x294 d:/program files (x86)/atmel/studio/7.0/toolchain/avr32/avr32-gnu-toolchain/bin/../lib/gcc/avr32/4.4.7/../../../../avr32/lib/ucr2\libc.a(lib_a-fvwrite.o)
                                0x2c4 (size before relaxing)
                0x8000ac74                __sfvwrite_r
 .text._fwalk   0x8000af08       0x4c d:/program files (x86)/atmel/studio/7.0/toolchain/avr32/avr32-gnu-toolchain/bin/../lib/gcc/avr32/4.4.7/../../../../avr32/lib/ucr2\libc.a(lib_a-fwalk.o)
                                 0x54 (size before relaxing)
                0x8000af08                _fwalk
 .text._localeconv_r
                0x8000af54        0x8 d:/program files (x86)/atmel/studio/7.0/toolchain/avr32/avr32-gnu-toolchain/bin/../lib/gcc/avr32/4.4.7/../../../../avr32/lib/ucr2\libc.a(lib_a-locale.o)
                0x8000af54                _localeconv_r
 .text.__smakebuf_r
                0x8000af5c       0xbc d:/program files (x86)/atmel/studio/7.0/toolchain/avr32/avr32-gnu-toolchain/bin/../lib/gcc/avr32/4.4.7/../../../../avr32/lib/ucr2\libc.a(lib_a-makebuf.o)
                                 0xcc (size before relaxing)
                0x8000af5c                __smakebuf_r
 .text.memchr   0x8000b018       0x16 d:/program files (x86)/atmel/studio/7.0/toolchain/avr32/avr32-gnu-toolchain/bin/../lib/gcc/avr32/4.4.7/../../../../avr32/lib/ucr2\libc.a(lib_a-memchr.o)
                0x8000b018                memchr
 .text.memmove  0x8000b02e       0x3e d:/program files (x86)/atmel/studio/7.0/toolchain/avr32/avr32-gnu-toolchain/bin/../lib/gcc/avr32/4.4.7/../../../../avr32/lib/ucr2\libc.a(lib_a-memmove.o)
                0x8000b02e                memmove
 .text.__hi0bits
                0x8000b06c       0x60 d:/program files (x86)/atmel/studio/7.0/toolchain/avr32/avr32-gnu-toolchain/bin/../lib/gcc/avr32/4.4.7/../../../../avr32/lib/ucr2\libc.a(lib_a-mprec.o)
                0x8000b06c                __hi0bits
 .text.__lo0bits
                0x8000b0cc       0x8e d:/program files (x86)/atmel/studio/7.0/toolchain/avr32/avr32-gnu-toolchain/bin/../lib/gcc/avr32/4.4.7/../../../../avr32/lib/ucr2\libc.a(lib_a-mprec.o)
                0x8000b0cc                __lo0bits
 .text.__mcmp   0x8000b15a       0x32 d:/program files (x86)/atmel/studio/7.0/toolchain/avr32/avr32-gnu-toolchain/bin/../lib/gcc/avr32/4.4.7/../../../../avr32/lib/ucr2\libc.a(lib_a-mprec.o)
                0x8000b15a                __mcmp
 .text._Bfree   0x8000b18c       0x34 d:/program files (x86)/atmel/studio/7.0/toolchain/avr32/avr32-gnu-toolchain/bin/../lib/gcc/avr32/4.4.7/../../../../avr32/lib/ucr2\libc.a(lib_a-mprec.o)
                                 0x38 (size before relaxing)
                0x8000b18c                _Bfree
 .text._Balloc  0x8000b1c0       0x70 d:/program files (x86)/atmel/studio/7.0/toolchain/avr32/avr32-gnu-toolchain/bin/../lib/gcc/avr32/4.4.7/../../../../avr32/lib/ucr2\libc.a(lib_a-mprec.o)
                                 0x78 (size before relaxing)
                0x8000b1c0                _Balloc
 .text.__d2b    0x8000b230       0xa0 d:/program files (x86)/atmel/studio/7.0/toolchain/avr32/avr32-gnu-toolchain/bin/../lib/gcc/avr32/4.4.7/../../../../avr32/lib/ucr2\libc.a(lib_a-mprec.o)
                                 0xb4 (size before relaxing)
                0x8000b230                __d2b
 .text.__mdiff  0x8000b2d0       0xd0 d:/program files (x86)/atmel/studio/7.0/toolchain/avr32/avr32-gnu-toolchain/bin/../lib/gcc/avr32/4.4.7/../../../../avr32/lib/ucr2\libc.a(lib_a-mprec.o)
                                 0xd8 (size before relaxing)
                0x8000b2d0                __mdiff
 .text.__lshift
                0x8000b3a0       0x88 d:/program files (x86)/atmel/studio/7.0/toolchain/avr32/avr32-gnu-toolchain/bin/../lib/gcc/avr32/4.4.7/../../../../avr32/lib/ucr2\libc.a(lib_a-mprec.o)
                                 0x94 (size before relaxing)
                0x8000b3a0                __lshift
 .text.__multiply
                0x8000b428      0x100 d:/program files (x86)/atmel/studio/7.0/toolchain/avr32/avr32-gnu-toolchain/bin/../lib/gcc/avr32/4.4.7/../../../../avr32/lib/ucr2\libc.a(lib_a-mprec.o)
                                0x108 (size before relaxing)
                0x8000b428                __multiply
 .text.__i2b    0x8000b528       0x10 d:/program files (x86)/atmel/studio/7.0/toolchain/avr32/avr32-gnu-toolchain/bin/../lib/gcc/avr32/4.4.7/../../../../avr32/lib/ucr2\libc.a(lib_a-mprec.o)
                                 0x18 (size before relaxing)
                0x8000b528                __i2b
 .text.__multadd
                0x8000b538       0x7c d:/program files (x86)/atmel/studio/7.0/toolchain/avr32/avr32-gnu-toolchain/bin/../lib/gcc/avr32/4.4.7/../../../../avr32/lib/ucr2\libc.a(lib_a-mprec.o)
                                 0x88 (size before relaxing)
                0x8000b538                __multadd
 .text.__pow5mult
                0x8000b5b4       0x8c d:/program files (x86)/atmel/studio/7.0/toolchain/avr32/avr32-gnu-toolchain/bin/../lib/gcc/avr32/4.4.7/../../../../avr32/lib/ucr2\libc.a(lib_a-mprec.o)
                                 0xac (size before relaxing)
                0x8000b5b4                __pow5mult
 .text.__isinfd
                0x8000b640       0x2a d:/program files (x86)/atmel/studio/7.0/toolchain/avr32/avr32-gnu-toolchain/bin/../lib/gcc/avr32/4.4.7/../../../../avr32/lib/ucr2\libc.a(lib_a-s_isinfd.o)
                0x8000b640                __isinfd
 .text.__isnand
                0x8000b66a       0x1c d:/program files (x86)/atmel/studio/7.0/toolchain/avr32/avr32-gnu-toolchain/bin/../lib/gcc/avr32/4.4.7/../../../../avr32/lib/ucr2\libc.a(lib_a-s_isnand.o)
                0x8000b66a                __isnand
 *fill*         0x8000b686        0x2 d703d703
 .text.__sclose
                0x8000b688        0x8 d:/program files (x86)/atmel/studio/7.0/toolchain/avr32/avr32-gnu-toolchain/bin/../lib/gcc/avr32/4.4.7/../../../../avr32/lib/ucr2\libc.a(lib_a-stdio.o)
                                 0x10 (size before relaxing)
                0x8000b688                __sclose
 .text.__sseek  0x8000b690       0x20 d:/program files (x86)/atmel/studio/7.0/toolchain/avr32/avr32-gnu-toolchain/bin/../lib/gcc/avr32/4.4.7/../../../../avr32/lib/ucr2\libc.a(lib_a-stdio.o)
                                 0x28 (size before relaxing)
                0x8000b690                __sseek
 .text.__swrite
                0x8000b6b0       0x2c d:/program files (x86)/atmel/studio/7.0/toolchain/avr32/avr32-gnu-toolchain/bin/../lib/gcc/avr32/4.4.7/../../../../avr32/lib/ucr2\libc.a(lib_a-stdio.o)
                                 0x38 (size before relaxing)
                0x8000b6b0                __swrite
 .text.__sread  0x8000b6dc       0x1c d:/program files (x86)/atmel/studio/7.0/toolchain/avr32/avr32-gnu-toolchain/bin/../lib/gcc/avr32/4.4.7/../../../../avr32/lib/ucr2\libc.a(lib_a-stdio.o)
                                 0x24 (size before relaxing)
                0x8000b6dc                __sread
 .text.strlen   0x8000b6f8       0x16 d:/program files (x86)/atmel/studio/7.0/toolchain/avr32/avr32-gnu-toolchain/bin/../lib/gcc/avr32/4.4.7/../../../../avr32/lib/ucr2\libc.a(lib_a-strlen.o)
                0x8000b6f8                strlen
 *fill*         0x8000b70e        0x2 d703d703
 .text._write_r
                0x8000b710       0x28 d:/program files (x86)/atmel/studio/7.0/toolchain/avr32/avr32-gnu-toolchain/bin/../lib/gcc/avr32/4.4.7/../../../../avr32/lib/ucr2\libc.a(lib_a-writer.o)
                                 0x2c (size before relaxing)
                0x8000b710                _write_r
 .text._calloc_r
                0x8000b738       0x58 d:/program files (x86)/atmel/studio/7.0/toolchain/avr32/avr32-gnu-toolchain/bin/../lib/gcc/avr32/4.4.7/../../../../avr32/lib/ucr2\libc.a(lib_a-callocr.o)
                                 0x60 (size before relaxing)
                0x8000b738                _calloc_r
 .text._close_r
                0x8000b790       0x20 d:/program files (x86)/atmel/studio/7.0/toolchain/avr32/avr32-gnu-toolchain/bin/../lib/gcc/avr32/4.4.7/../../../../avr32/lib/ucr2\libc.a(lib_a-closer.o)
                                 0x28 (size before relaxing)
                0x8000b790                _close_r
 .text._fclose_r
                0x8000b7b0       0xb8 d:/program files (x86)/atmel/studio/7.0/toolchain/avr32/avr32-gnu-toolchain/bin/../lib/gcc/avr32/4.4.7/../../../../avr32/lib/ucr2\libc.a(lib_a-fclose.o)
                                 0xd0 (size before relaxing)
                0x8000b7b0                _fclose_r
 .text.fclose   0x8000b868       0x10 d:/program files (x86)/atmel/studio/7.0/toolchain/avr32/avr32-gnu-toolchain/bin/../lib/gcc/avr32/4.4.7/../../../../avr32/lib/ucr2\libc.a(lib_a-fclose.o)
                                 0x18 (size before relaxing)
                0x8000b868                fclose
 .text._fstat_r
                0x8000b878       0x24 d:/program files (x86)/atmel/studio/7.0/toolchain/avr32/avr32-gnu-toolchain/bin/../lib/gcc/avr32/4.4.7/../../../../avr32/lib/ucr2\libc.a(lib_a-fstatr.o)
                                 0x2c (size before relaxing)
                0x8000b878                _fstat_r
 .text._lseek_r
                0x8000b89c       0x28 d:/program files (x86)/atmel/studio/7.0/toolchain/avr32/avr32-gnu-toolchain/bin/../lib/gcc/avr32/4.4.7/../../../../avr32/lib/ucr2\libc.a(lib_a-lseekr.o)
                                 0x2c (size before relaxing)
                0x8000b89c                _lseek_r
 .text._read_r  0x8000b8c4       0x28 d:/program files (x86)/atmel/studio/7.0/toolchain/avr32/avr32-gnu-toolchain/bin/../lib/gcc/avr32/4.4.7/../../../../avr32/lib/ucr2\libc.a(lib_a-readr.o)
                                 0x2c (size before relaxing)
                0x8000b8c4                _read_r
 .text          0x8000b8ec      0x1d4 d:/program files (x86)/atmel/studio/7.0/toolchain/avr32/avr32-gnu-toolchain/bin/../lib/gcc/avr32/4.4.7/ucr2\libgcc.a(_avr32_f64_mul.o)
                0x8000b8ec                __avr32_f64_mul
 .text          0x8000bac0      0x2b0 d:/program files (x86)/atmel/studio/7.0/toolchain/avr32/avr32-gnu-toolchain/bin/../lib/gcc/avr32/4.4.7/ucr2\libgcc.a(_avr32_f64_addsub.o)
                0x8000bac4                __avr32_f64_sub
                0x8000bc60                __avr32_f64_add
 .text          0x8000bd70       0x2a d:/program files (x86)/atmel/studio/7.0/toolchain/avr32/avr32-gnu-toolchain/bin/../lib/gcc/avr32/4.4.7/ucr2\libgcc.a(_avr32_f64_to_s32.o)
                0x8000bd70                __avr32_f64_to_u32
                0x8000bd74                __avr32_f64_to_s32
 .text          0x8000bd9a       0xe8 d:/program files (x86)/atmel/studio/7.0/toolchain/avr32/avr32-gnu-toolchain/bin/../lib/gcc/avr32/4.4.7/ucr2\libgcc.a(_avr32_s32_to_f64.o)
                0x8000bd9a                __avr32_u32_to_f64
                0x8000bda2                __avr32_s32_to_f64
 .text          0x8000be82       0x26 d:/program files (x86)/atmel/studio/7.0/toolchain/avr32/avr32-gnu-toolchain/bin/../lib/gcc/avr32/4.4.7/ucr2\libgcc.a(_avr32_f64_cmp_eq.o)
                0x8000be82                __avr32_f64_cmp_eq
 .text          0x8000bea8       0x68 d:/program files (x86)/atmel/studio/7.0/toolchain/avr32/avr32-gnu-toolchain/bin/../lib/gcc/avr32/4.4.7/ucr2\libgcc.a(_avr32_f64_cmp_ge.o)
                0x8000bea8                __avr32_f64_cmp_ge
 .text          0x8000bf10       0x68 d:/program files (x86)/atmel/studio/7.0/toolchain/avr32/avr32-gnu-toolchain/bin/../lib/gcc/avr32/4.4.7/ucr2\libgcc.a(_avr32_f64_cmp_lt.o)
                0x8000bf10                __avr32_f64_cmp_lt
 .text          0x8000bf78      0x318 d:/program files (x86)/atmel/studio/7.0/toolchain/avr32/avr32-gnu-toolchain/bin/../lib/gcc/avr32/4.4.7/ucr2\libgcc.a(_avr32_f64_div.o)
                0x8000bf78                __avr32_f64_div
 .text          0x8000c290      0x264 d:/program files (x86)/atmel/studio/7.0/toolchain/avr32/avr32-gnu-toolchain/bin/../lib/gcc/avr32/4.4.7/ucr2\libgcc.a(_udivdi3.o)
                0x8000c290                __avr32_udiv64
                0x8000c290                __udivdi3
 .text          0x8000c4f4      0x20c d:/program files (x86)/atmel/studio/7.0/toolchain/avr32/avr32-gnu-toolchain/bin/../lib/gcc/avr32/4.4.7/ucr2\libgcc.a(_umoddi3.o)
                0x8000c4f4                __avr32_umod64
                0x8000c4f4                __umoddi3
 *(.text.*personality*)
 *(.gnu.warning)

.exception      0x8000c800      0x200
 .exception     0x8000c800      0x200 src/ASF/thirdparty/freertos/freertos-7.0.0/source/portable/gcc/avr32_uc3/exception.o
                0x8000c800                _evba
                0x8000c904                _int0
                0x8000c912                _int1
                0x8000c920                _int2
                0x8000c92e                _int3
                0x8000c93c                ipr_val

.fini
 *(.fini)
                0x8000ca00                PROVIDE (__etext, .)
                0x8000ca00                PROVIDE (_etext, .)
                0x8000ca00                PROVIDE (etext, .)

.rodata         0x8000ca00     0x1160
 *(.rodata .rodata.* .gnu.linkonce.r.*)
 .rodata.str1.4
                0x8000ca00      0x721 src/Application/app/app.o
                                0x724 (size before relaxing)
 *fill*         0x8000d121        0x1 
 .rodata.Public_AMBEkey
                0x8000d122        0x8 src/Application/radio/ambe.o
                0x8000d122                Public_AMBEkey
 *fill*         0x8000d12a        0x2 
 .rodata.CSWTCH.35
                0x8000d12c       0x48 src/Application/radio/ambe.o
 .rodata.str1.4
                0x8000d174        0xb src/Application/radio/payload.o
                                  0xc (size before relaxing)
 *fill*         0x8000d17f        0x1 
 .rodata.phy_tx_func
                0x8000d180       0x1c src/Application/radio/physical.o
 .rodata.str1.4
                0x8000d19c       0x48 src/Application/radio/physical.o
 .rodata.str1.4
                0x8000d1e4        0x8 src/Application/radio/xcmp.o
 .rodata.str1.4
                0x8000d1ec        0x7 src/Application/radio/xnl.o
                                 0x10 (size before relaxing)
 *fill*         0x8000d1f3        0x1 
 .rodata.RC522_SPI_GPIO_MAP.10449
                0x8000d1f4       0x20 src/Application/RFID/MFRC522/rc522.o
 .rodata.C.50.10451
                0x8000d214       0x10 src/Application/RFID/MFRC522/rc522.o
 .rodata.tc_interrupt.10158
                0x8000d224        0x4 src/Application/timers/timer.o
 .rodata.waveform_opt.10157
                0x8000d228        0x8 src/Application/timers/timer.o
 .rodata._int_handler_table
                0x8000d230       0x98 src/ASF/avr32/drivers/intc/intc.o
 .rodata.str1.4
                0x8000d2c8        0x5 src/ASF/thirdparty/freertos/freertos-7.0.0/source/tasks.o
                                  0x8 (size before relaxing)
 *fill*         0x8000d2cd        0x3 
 .rodata.log    0x8000d2d0      0x150 src/Log/log.o
 .rodata.logFromISR
                0x8000d420      0x150 src/Log/log.o
 .rodata.USART_OPTIONS.11277
                0x8000d570        0xc src/Log/log.o
 .rodata.str1.4
                0x8000d57c       0x3c src/Log/log.o
 .rodata.USART_GPIO_MAP.11276
                0x8000d5b8       0x10 src/Log/log.o
 .rodata.str1.4
                0x8000d5c8       0x14 src/main.o
 .rodata.get_arg
                0x8000d5dc       0x3c d:/program files (x86)/atmel/studio/7.0/toolchain/avr32/avr32-gnu-toolchain/bin/../lib/gcc/avr32/4.4.7/../../../../avr32/lib/ucr2\libc.a(lib_a-vfprintf.o)
 .rodata._vfprintf_r
                0x8000d618      0x164 d:/program files (x86)/atmel/studio/7.0/toolchain/avr32/avr32-gnu-toolchain/bin/../lib/gcc/avr32/4.4.7/../../../../avr32/lib/ucr2\libc.a(lib_a-vfprintf.o)
 .rodata.state_table
                0x8000d77c       0x6c d:/program files (x86)/atmel/studio/7.0/toolchain/avr32/avr32-gnu-toolchain/bin/../lib/gcc/avr32/4.4.7/../../../../avr32/lib/ucr2\libc.a(lib_a-vfprintf.o)
 .rodata.action_table
                0x8000d7e8       0x6c d:/program files (x86)/atmel/studio/7.0/toolchain/avr32/avr32-gnu-toolchain/bin/../lib/gcc/avr32/4.4.7/../../../../avr32/lib/ucr2\libc.a(lib_a-vfprintf.o)
 .rodata.str1.4
                0x8000d854       0x3a d:/program files (x86)/atmel/studio/7.0/toolchain/avr32/avr32-gnu-toolchain/bin/../lib/gcc/avr32/4.4.7/../../../../avr32/lib/ucr2\libc.a(lib_a-vfprintf.o)
                                 0x3c (size before relaxing)
 *fill*         0x8000d88e        0x2 
 .rodata.blanks.3430
                0x8000d890       0x10 d:/program files (x86)/atmel/studio/7.0/toolchain/avr32/avr32-gnu-toolchain/bin/../lib/gcc/avr32/4.4.7/../../../../avr32/lib/ucr2\libc.a(lib_a-vfprintf.o)
 .rodata.zeroes.3431
                0x8000d8a0       0x10 d:/program files (x86)/atmel/studio/7.0/toolchain/avr32/avr32-gnu-toolchain/bin/../lib/gcc/avr32/4.4.7/../../../../avr32/lib/ucr2\libc.a(lib_a-vfprintf.o)
 .rodata.chclass
                0x8000d8b0      0x100 d:/program files (x86)/atmel/studio/7.0/toolchain/avr32/avr32-gnu-toolchain/bin/../lib/gcc/avr32/4.4.7/../../../../avr32/lib/ucr2\libc.a(lib_a-vfprintf.o)
 .rodata.str1.4
                0x8000d9b0       0x10 d:/program files (x86)/atmel/studio/7.0/toolchain/avr32/avr32-gnu-toolchain/bin/../lib/gcc/avr32/4.4.7/../../../../avr32/lib/ucr2\libc.a(lib_a-dtoa.o)
                                 0x14 (size before relaxing)
 .rodata.__sf_fake_stdin
                0x8000d9c0       0x20 d:/program files (x86)/atmel/studio/7.0/toolchain/avr32/avr32-gnu-toolchain/bin/../lib/gcc/avr32/4.4.7/../../../../avr32/lib/ucr2\libc.a(lib_a-findfp.o)
                0x8000d9c0                __sf_fake_stdin
 .rodata.__sf_fake_stdout
                0x8000d9e0       0x20 d:/program files (x86)/atmel/studio/7.0/toolchain/avr32/avr32-gnu-toolchain/bin/../lib/gcc/avr32/4.4.7/../../../../avr32/lib/ucr2\libc.a(lib_a-findfp.o)
                0x8000d9e0                __sf_fake_stdout
 .rodata.__sf_fake_stderr
                0x8000da00       0x20 d:/program files (x86)/atmel/studio/7.0/toolchain/avr32/avr32-gnu-toolchain/bin/../lib/gcc/avr32/4.4.7/../../../../avr32/lib/ucr2\libc.a(lib_a-findfp.o)
                0x8000da00                __sf_fake_stderr
 .rodata.str1.4
                0x8000da20        0x2 d:/program files (x86)/atmel/studio/7.0/toolchain/avr32/avr32-gnu-toolchain/bin/../lib/gcc/avr32/4.4.7/../../../../avr32/lib/ucr2\libc.a(lib_a-impure.o)
                                  0x4 (size before relaxing)
 *fill*         0x8000da22        0x2 
 .rodata._global_impure_ptr
                0x8000da24        0x4 d:/program files (x86)/atmel/studio/7.0/toolchain/avr32/avr32-gnu-toolchain/bin/../lib/gcc/avr32/4.4.7/../../../../avr32/lib/ucr2\libc.a(lib_a-impure.o)
                0x8000da24                _global_impure_ptr
 .rodata.lconv  0x8000da28       0x30 d:/program files (x86)/atmel/studio/7.0/toolchain/avr32/avr32-gnu-toolchain/bin/../lib/gcc/avr32/4.4.7/../../../../avr32/lib/ucr2\libc.a(lib_a-locale.o)
 .rodata.str1.4
                0x8000da58        0xc d:/program files (x86)/atmel/studio/7.0/toolchain/avr32/avr32-gnu-toolchain/bin/../lib/gcc/avr32/4.4.7/../../../../avr32/lib/ucr2\libc.a(lib_a-locale.o)
                                 0x18 (size before relaxing)
 .rodata.p05.2471
                0x8000da64        0xc d:/program files (x86)/atmel/studio/7.0/toolchain/avr32/avr32-gnu-toolchain/bin/../lib/gcc/avr32/4.4.7/../../../../avr32/lib/ucr2\libc.a(lib_a-mprec.o)
 .rodata.__mprec_tens
                0x8000da70       0xc8 d:/program files (x86)/atmel/studio/7.0/toolchain/avr32/avr32-gnu-toolchain/bin/../lib/gcc/avr32/4.4.7/../../../../avr32/lib/ucr2\libc.a(lib_a-mprec.o)
                0x8000da70                __mprec_tens
 .rodata.__mprec_bigtens
                0x8000db38       0x28 d:/program files (x86)/atmel/studio/7.0/toolchain/avr32/avr32-gnu-toolchain/bin/../lib/gcc/avr32/4.4.7/../../../../avr32/lib/ucr2\libc.a(lib_a-mprec.o)
                0x8000db38                __mprec_bigtens

.rodata1
 *(.rodata1)

.eh_frame_hdr
 *(.eh_frame_hdr)

.eh_frame
 *(.eh_frame)

.gcc_except_table
 *(.gcc_except_table)
 *(.gcc_except_table.*)

.dalign         0x8000db60        0x0
                0x8000db60                . = ALIGN (0x8)
                0x8000db60                PROVIDE (_data_lma, .)
                0x00000004                PROVIDE (_data, ORIGIN (CPUSRAM))
                0x00000004                . = ORIGIN (CPUSRAM)

.eh_frame
 *(.eh_frame)

.gcc_except_table
 *(.gcc_except_table)
 *(.gcc_except_table.*)

.tdata
 *(.tdata .tdata.* .gnu.linkonce.td.*)

.tbss
 *(.tbss .tbss.* .gnu.linkonce.tb.*)
 *(.tcommon)
                0x00000004                PROVIDE (__preinit_array_start, ALIGN (0x4))

.preinit_array
 *(.preinit_array)
                0x00000004                PROVIDE (__preinit_array_end, .)
                0x00000004                PROVIDE (__init_array_start, .)

.init_array
 *(.init_array)
                0x00000004                PROVIDE (__init_array_end, .)
                0x00000004                PROVIDE (__fini_array_start, .)

.fini_array
 *(.fini_array)
                0x00000004                PROVIDE (__fini_array_end, .)

.ctors
 *crtbegin*.o(.ctors)
 *(EXCLUDE_FILE(*crtend*.o) .ctors)
 *(SORT(.ctors.*))
 *(.ctors)

.dtors
 *crtbegin*.o(.dtors)
 *(EXCLUDE_FILE(*crtend*.o) .dtors)
 *(SORT(.dtors.*))
 *(.dtors)

.jcr
 *(.jcr)

.data.rel.ro
 *(.data.rel.ro.local)
 *(.data.rel.ro*)

.dynamic
 *(.dynamic)

.got
 *(.got.plt)
 *(.got)

.data           0x00000004      0xa40 load address 0x8000db60
 *(.data .data.* .gnu.linkonce.d.*)
 .data.message  0x00000004       0x14 src/Application/app/app.o
                0x00000004                message
 .data.the_app_list
                0x00000018      0x4ec src/Application/app/app.o
 .data.xnl_proc_list
                0x00000504       0x34 src/Application/radio/xnl.o
 .data.ulCriticalNesting
                0x00000538        0x4 src/ASF/thirdparty/freertos/freertos-7.0.0/source/portable/gcc/avr32_uc3/port.o
                0x00000538                ulCriticalNesting
 .data.xNextTaskUnblockTime
                0x0000053c        0x4 src/ASF/thirdparty/freertos/freertos-7.0.0/source/tasks.o
 .data.__malloc_av_
                0x00000540      0x408 d:/program files (x86)/atmel/studio/7.0/toolchain/avr32/avr32-gnu-toolchain/bin/../lib/gcc/avr32/4.4.7/../../../../avr32/lib/ucr2\libc.a(lib_a-mallocr.o)
                0x00000540                __malloc_av_
 .data.__malloc_trim_threshold
                0x00000948        0x4 d:/program files (x86)/atmel/studio/7.0/toolchain/avr32/avr32-gnu-toolchain/bin/../lib/gcc/avr32/4.4.7/../../../../avr32/lib/ucr2\libc.a(lib_a-mallocr.o)
                0x00000948                __malloc_trim_threshold
 .data.__malloc_sbrk_base
                0x0000094c        0x4 d:/program files (x86)/atmel/studio/7.0/toolchain/avr32/avr32-gnu-toolchain/bin/../lib/gcc/avr32/4.4.7/../../../../avr32/lib/ucr2\libc.a(lib_a-mallocr.o)
                0x0000094c                __malloc_sbrk_base
 .data.impure_data
                0x00000950       0xf0 d:/program files (x86)/atmel/studio/7.0/toolchain/avr32/avr32-gnu-toolchain/bin/../lib/gcc/avr32/4.4.7/../../../../avr32/lib/ucr2\libc.a(lib_a-impure.o)
 .data._impure_ptr
                0x00000a40        0x4 d:/program files (x86)/atmel/studio/7.0/toolchain/avr32/avr32-gnu-toolchain/bin/../lib/gcc/avr32/4.4.7/../../../../avr32/lib/ucr2\libc.a(lib_a-impure.o)
                0x00000a40                _impure_ptr
 *(.gnu.linkonce.d.*personality*)

.data1
 *(.data1)

.balign         0x00000a44        0x4 load address 0x8000e5a0
                0x00000a48                . = ALIGN (0x8)
 *fill*         0x00000a44        0x4 
                0x00000a48                _edata = .
                0x00000a48                _edata = .
                0x00000a48                PROVIDE (edata, .)
                0x00000a48                __bss_start = .

.bss            0x00000a48     0x46d8 load address 0x8000e5a0
 *(.dynbss)
 *(.bss .bss.* .gnu.linkonce.b.*)
 .bss.Speaker_is_unmute
                0x00000a48        0x1 src/Application/app/app.o
                0x00000a48                Speaker_is_unmute
 .bss.AMBE_rx_flag
                0x00000a49        0x1 src/Application/app/app.o
                0x00000a49                AMBE_rx_flag
 *fill*         0x00000a4a        0x2 
 .bss.xLastWakeTime.11779
                0x00000a4c        0x4 src/Application/app/app.o
 .bss.VF_SN     0x00000a50        0x1 src/Application/app/app.o
                0x00000a50                VF_SN
 .bss.Radio_Transmit_State
                0x00000a51        0x1 src/Application/app/app.o
                0x00000a51                Radio_Transmit_State
 .bss.Call_Begin
                0x00000a52        0x1 src/Application/app/app.o
                0x00000a52                Call_Begin
 *fill*         0x00000a53        0x1 
 .bss.res.11769
                0x00000a54        0x4 src/Application/app/app.o
 .bss.AMBE_Media
                0x00000a58        0x1 src/Application/app/app.o
                0x00000a58                AMBE_Media
 .bss.times_counter.11809
                0x00000a59        0x1 src/Application/app/app.o
 .bss.Mic_is_Enabled
                0x00000a5a        0x1 src/Application/app/app.o
                0x00000a5a                Mic_is_Enabled
 .bss.AMBE_tx_flag
                0x00000a5b        0x1 src/Application/app/app.o
                0x00000a5b                AMBE_tx_flag
 .bss.Terminator_Flag
                0x00000a5c        0x1 src/Application/app/app.o
                0x00000a5c                Terminator_Flag
 *fill*         0x00000a5d        0x3 
 .bss.isAudioRouting.11778
                0x00000a60        0x4 src/Application/app/app.o
 .bss.ulIdleCycleCount
                0x00000a64        0x4 src/Application/app/app.o
                0x00000a64                ulIdleCycleCount
 .bss.payload_rx_exec
                0x00000a68        0x4 src/Application/radio/payload.o
                0x00000a68                payload_rx_exec
 .bss.payload_tx_exec
                0x00000a6c        0x4 src/Application/radio/payload.o
                0x00000a6c                payload_tx_exec
 .bss.ArrayDiscLength.10968
                0x00000a70        0x4 src/Application/radio/physical.o
 .bss.phy_tx_index.10647
                0x00000a74        0x1 src/Application/radio/physical.o
 *fill*         0x00000a75        0x3 
 .bss.Item_Length.10973
                0x00000a78        0x4 src/Application/radio/physical.o
 .bss.phy_rx_length.10690
                0x00000a7c        0x2 src/Application/radio/physical.o
 *fill*         0x00000a7e        0x2 
 .bss.phy_payload_frame_rx
                0x00000a80        0x4 src/Application/radio/physical.o
                0x00000a80                phy_payload_frame_rx
 .bss.AMBEpayload_tx_state.10775
                0x00000a84        0x4 src/Application/radio/physical.o
 .bss.RxBytesWaiting.10967
                0x00000a88        0x4 src/Application/radio/physical.o
 .bss.phy_rx_expexted_length.10689
                0x00000a8c        0x2 src/Application/radio/physical.o
 *fill*         0x00000a8e        0x2 
 .bss.RxAMBE_IsFillingNext8.10965
                0x00000a90        0x4 src/Application/radio/physical.o
 .bss.phy_tx_state.10645
                0x00000a94        0x4 src/Application/radio/physical.o
 .bss.Item_ID.10972
                0x00000a98        0x1 src/Application/radio/physical.o
 .bss.is_first.10971
                0x00000a99        0x1 src/Application/radio/physical.o
 *fill*         0x00000a9a        0x2 
 .bss.AMBE_HT   0x00000a9c        0x8 src/Application/radio/physical.o
 .bss.RxMediaState.10963
                0x00000aa4        0x4 src/Application/radio/physical.o
 .bss.xnl_store_idle
                0x00000aa8        0x4 src/Application/radio/physical.o
                0x00000aa8                xnl_store_idle
 .bss.RxMedia_IsFillingNext16.10964
                0x00000aac        0x4 src/Application/radio/physical.o
 .bss.payload_store_idle
                0x00000ab0        0x4 src/Application/radio/physical.o
                0x00000ab0                payload_store_idle
 .bss.phy_rx_state.10692
                0x00000ab4        0x4 src/Application/radio/physical.o
 .bss.phy_payload_frame_tx
                0x00000ab8        0x4 src/Application/radio/physical.o
                0x00000ab8                phy_payload_frame_tx
 .bss.phy_check_sum.10691
                0x00000abc        0x2 src/Application/radio/physical.o
 .bss.phy_tx_expexted_length.10646
                0x00000abe        0x2 src/Application/radio/physical.o
 .bss.RxData_IsFillingNext16.10966
                0x00000ac0        0x4 src/Application/radio/physical.o
 .bss.phy_xnl_frame_rx
                0x00000ac4        0x4 src/Application/radio/physical.o
                0x00000ac4                phy_xnl_frame_rx
 .bss.payload_ptr.10969
                0x00000ac8        0x4 src/Application/radio/physical.o
 .bss.SDV_Index.10975
                0x00000acc        0x1 src/Application/radio/physical.o
 *fill*         0x00000acd        0x3 
 .bss.phy_rx_count.10693
                0x00000ad0        0x4 src/Application/radio/physical.o
 .bss.phy_frame_ptr.10688
                0x00000ad4        0x4 src/Application/radio/physical.o
 .bss.phy_xnl_frame_tx
                0x00000ad8        0x4 src/Application/radio/physical.o
                0x00000ad8                phy_xnl_frame_tx
 .bss.m_RxBurstType
                0x00000adc        0x4 src/Application/radio/physical.o
 .bss.Soft_index.10782
                0x00000ae0        0x4 src/Application/radio/physical.o
 .bss.AMBE_payload_ptr.10970
                0x00000ae4        0x4 src/Application/radio/physical.o
 .bss.A_index.10781
                0x00000ae8        0x4 src/Application/radio/physical.o
 .bss.phy_ptr.10644
                0x00000aec        0x4 src/Application/radio/physical.o
 .bss.phy_rx_exec
                0x00000af0        0x4 src/Application/radio/ssc.o
                0x00000af0                phy_rx_exec
 .bss.phy_tx_exec
                0x00000af4        0x4 src/Application/radio/ssc.o
                0x00000af4                phy_tx_exec
 .bss.version_information
                0x00000af8        0xc src/Application/radio/xcmp.o
                0x00000af8                version_information
 .bss.clone_read
                0x00000b04        0xc src/Application/radio/xcmp.o
                0x00000b04                clone_read
 .bss.xcmp_frame_rx
                0x00000b10        0x4 src/Application/radio/xcmp.o
 .bss.clone_write
                0x00000b14        0xc src/Application/radio/xcmp.o
                0x00000b14                clone_write
 .bss.automatic_frequency_correction_control
                0x00000b20        0xc src/Application/radio/xcmp.o
                0x00000b20                automatic_frequency_correction_control
 .bss.language_pack_information
                0x00000b2c        0xc src/Application/radio/xcmp.o
                0x00000b2c                language_pack_information
 .bss.radio_status
                0x00000b38        0xc src/Application/radio/xcmp.o
                0x00000b38                radio_status
 .bss.xnl_timeout_semphr
                0x00000b44        0x4 src/Application/radio/xnl.o
 .bss.xnl_information
                0x00000b48        0xa src/Application/radio/xnl.o
 *fill*         0x00000b52        0x2 
 .bss.xnl_frame_tx
                0x00000b54        0x4 src/Application/radio/xnl.o
 .bss.xnl_send_times.10716
                0x00000b58        0x4 src/Application/radio/xnl.o
 .bss.ptr.10717
                0x00000b5c        0x4 src/Application/radio/xnl.o
 .bss.flags.10671
                0x00000b60        0x1 src/Application/radio/xnl.o
 *fill*         0x00000b61        0x3 
 .bss.xnl_tx_state.10715
                0x00000b64        0x4 src/Application/radio/xnl.o
 .bss.xcmp_exec
                0x00000b68        0x4 src/Application/radio/xnl.o
                0x00000b68                xcmp_exec
 .bss.rc522_init_failure
                0x00000b6c        0x1 src/Application/RFID/MFRC522/rc522.o
                0x00000b6c                rc522_init_failure
 *fill*         0x00000b6d        0x3 
 .bss.tc_tick   0x00000b70        0x4 src/Application/timers/timer.o
                0x00000b70                tc_tick
 .bss._int_line_handler_table_6
                0x00000b74        0x4 src/ASF/avr32/drivers/intc/intc.o
 .bss._int_line_handler_table_7
                0x00000b78        0x4 src/ASF/avr32/drivers/intc/intc.o
 .bss._int_line_handler_table_8
                0x00000b7c        0x4 src/ASF/avr32/drivers/intc/intc.o
 .bss._int_line_handler_table_9
                0x00000b80        0x4 src/ASF/avr32/drivers/intc/intc.o
 .bss._int_line_handler_table_10
                0x00000b84        0x4 src/ASF/avr32/drivers/intc/intc.o
 .bss._int_line_handler_table_11
                0x00000b88        0x4 src/ASF/avr32/drivers/intc/intc.o
 .bss._int_line_handler_table_12
                0x00000b8c        0x4 src/ASF/avr32/drivers/intc/intc.o
 .bss._int_line_handler_table_13
                0x00000b90        0x4 src/ASF/avr32/drivers/intc/intc.o
 .bss._int_line_handler_table_14
                0x00000b94        0xc src/ASF/avr32/drivers/intc/intc.o
 .bss._int_line_handler_table_15
                0x00000ba0        0x4 src/ASF/avr32/drivers/intc/intc.o
 .bss._int_line_handler_table_16
                0x00000ba4        0x4 src/ASF/avr32/drivers/intc/intc.o
 .bss._int_line_handler_table_17
                0x00000ba8        0x4 src/ASF/avr32/drivers/intc/intc.o
 .bss._int_line_handler_table_18
                0x00000bac        0x4 src/ASF/avr32/drivers/intc/intc.o
 .bss._int_line_handler_table_0
                0x00000bb0        0x4 src/ASF/avr32/drivers/intc/intc.o
 .bss._int_line_handler_table_1
                0x00000bb4       0x2c src/ASF/avr32/drivers/intc/intc.o
 .bss._int_line_handler_table_2
                0x00000be0       0x18 src/ASF/avr32/drivers/intc/intc.o
 .bss._int_line_handler_table_3
                0x00000bf8       0x1c src/ASF/avr32/drivers/intc/intc.o
 .bss._int_line_handler_table_4
                0x00000c14        0x4 src/ASF/avr32/drivers/intc/intc.o
 .bss._int_line_handler_table_5
                0x00000c18        0x4 src/ASF/avr32/drivers/intc/intc.o
 .bss.uxMissedTicks
                0x00000c1c        0x4 src/ASF/thirdparty/freertos/freertos-7.0.0/source/tasks.o
 .bss.uxTopUsedPriority
                0x00000c20        0x4 src/ASF/thirdparty/freertos/freertos-7.0.0/source/tasks.o
 .bss.pxDelayedTaskList
                0x00000c24        0x4 src/ASF/thirdparty/freertos/freertos-7.0.0/source/tasks.o
 .bss.xSchedulerRunning
                0x00000c28        0x4 src/ASF/thirdparty/freertos/freertos-7.0.0/source/tasks.o
 .bss.uxTasksDeleted
                0x00000c2c        0x4 src/ASF/thirdparty/freertos/freertos-7.0.0/source/tasks.o
 .bss.xNumOfOverflows
                0x00000c30        0x4 src/ASF/thirdparty/freertos/freertos-7.0.0/source/tasks.o
 .bss.pxOverflowDelayedTaskList
                0x00000c34        0x4 src/ASF/thirdparty/freertos/freertos-7.0.0/source/tasks.o
 .bss.pxReadyTasksLists
                0x00000c38       0xa0 src/ASF/thirdparty/freertos/freertos-7.0.0/source/tasks.o
 .bss.xTasksWaitingTermination
                0x00000cd8       0x14 src/ASF/thirdparty/freertos/freertos-7.0.0/source/tasks.o
 .bss.pxCurrentTCB
                0x00000cec        0x4 src/ASF/thirdparty/freertos/freertos-7.0.0/source/tasks.o
                0x00000cec                pxCurrentTCB
 .bss.xPendingReadyList
                0x00000cf0       0x14 src/ASF/thirdparty/freertos/freertos-7.0.0/source/tasks.o
 .bss.xDelayedTaskList1
                0x00000d04       0x14 src/ASF/thirdparty/freertos/freertos-7.0.0/source/tasks.o
 .bss.xTickCount
                0x00000d18        0x4 src/ASF/thirdparty/freertos/freertos-7.0.0/source/tasks.o
 .bss.uxSchedulerSuspended
                0x00000d1c        0x4 src/ASF/thirdparty/freertos/freertos-7.0.0/source/tasks.o
 .bss.xDelayedTaskList2
                0x00000d20       0x14 src/ASF/thirdparty/freertos/freertos-7.0.0/source/tasks.o
 .bss.uxTaskNumber
                0x00000d34        0x4 src/ASF/thirdparty/freertos/freertos-7.0.0/source/tasks.o
 .bss.uxCurrentNumberOfTasks
                0x00000d38        0x4 src/ASF/thirdparty/freertos/freertos-7.0.0/source/tasks.o
 .bss.xMissedYield
                0x00000d3c        0x4 src/ASF/thirdparty/freertos/freertos-7.0.0/source/tasks.o
 .bss.xSuspendedTaskList
                0x00000d40       0x14 src/ASF/thirdparty/freertos/freertos-7.0.0/source/tasks.o
 .bss.uxTopReadyPriority
                0x00000d54        0x4 src/ASF/thirdparty/freertos/freertos-7.0.0/source/tasks.o
 .bss.lench.11293
                0x00000d58        0x1 src/Log/log.o
 .bss.lench.11363
                0x00000d59        0x1 src/Log/log.o
 *fill*         0x00000d5a        0x2 
 .bss.__malloc_max_total_mem
                0x00000d5c        0x4 d:/program files (x86)/atmel/studio/7.0/toolchain/avr32/avr32-gnu-toolchain/bin/../lib/gcc/avr32/4.4.7/../../../../avr32/lib/ucr2\libc.a(lib_a-mallocr.o)
                0x00000d5c                __malloc_max_total_mem
 .bss.__malloc_max_sbrked_mem
                0x00000d60        0x4 d:/program files (x86)/atmel/studio/7.0/toolchain/avr32/avr32-gnu-toolchain/bin/../lib/gcc/avr32/4.4.7/../../../../avr32/lib/ucr2\libc.a(lib_a-mallocr.o)
                0x00000d60                __malloc_max_sbrked_mem
 .bss.__malloc_top_pad
                0x00000d64        0x4 d:/program files (x86)/atmel/studio/7.0/toolchain/avr32/avr32-gnu-toolchain/bin/../lib/gcc/avr32/4.4.7/../../../../avr32/lib/ucr2\libc.a(lib_a-mallocr.o)
                0x00000d64                __malloc_top_pad
 .bss.__malloc_current_mallinfo
                0x00000d68       0x28 d:/program files (x86)/atmel/studio/7.0/toolchain/avr32/avr32-gnu-toolchain/bin/../lib/gcc/avr32/4.4.7/../../../../avr32/lib/ucr2\libc.a(lib_a-mallocr.o)
                0x00000d68                __malloc_current_mallinfo
 .bss.cur_heap_pos.1869
                0x00000d90        0x4 d:/program files (x86)/atmel/studio/7.0/toolchain/avr32/avr32-gnu-toolchain/bin/../lib/gcc/avr32/4.4.7/../../../../avr32/lib/ucr2\libc.a(lib_a-syscalls.o)
 *(COMMON)
 COMMON         0x00000d94        0x4 src/Application/app/app.o
                0x00000d94                bunchofrandomstatusflags
 COMMON         0x00000d98     0x1004 src/Application/flash/data_flash.o
                0x00000d98                FLASH_BUF
                0x00001d98                spi
 COMMON         0x00001d9c      0x122 src/Application/radio/ambe.o
                0x00001d9c                AMBEBurst_rawdata
                0x00001da4                Radio_Internal_Data
                0x00001da8                AMBE_DecryptionKey
                0x00001db0                SendAMBEBurst_EncryptionPackage
                0x00001ea0                VBSP_data
                0x00001ea4                Soft_Decision_Data
 COMMON         0x00001ebe     0x3200 src/Application/radio/physical.o
                0x00001ebe                payload_store
                0x000032be                xnl_store
 *fill*         0x000050be        0x2 
 COMMON         0x000050c0       0x4c src/Application/radio/ssc.o
                0x000050c0                intDuration
                0x000050c4                BufferIndex
                0x000050c8                intStartCount
                0x000050cc                RxBuffer
                0x000050ec                TxBuffer
 COMMON         0x0000510c        0x4 src/Application/radio/xcmp.o
                0x0000510c                app_list
 COMMON         0x00005110        0x4 src/ASF/avr32/drivers/spi/spi.o
                0x00005110                xSPIMutex
 COMMON         0x00005114        0x4 src/ASF/thirdparty/freertos/freertos-7.0.0/source/portable/gcc/avr32_uc3/write.o
                0x00005114                stdio_usart_base
 COMMON         0x00005118        0x4 src/Log/log.o
                0x00005118                logQueue
 COMMON         0x0000511c        0x4 d:/program files (x86)/atmel/studio/7.0/toolchain/avr32/avr32-gnu-toolchain/bin/../lib/gcc/avr32/4.4.7/../../../../avr32/lib/ucr2\libc.a(lib_a-reent.o)
                0x0000511c                errno
                0x00005120                . = ALIGN (0x8)
                0x00005120                . = ALIGN (0x8)
                0x00005120                _end = .
                0x00005120                PROVIDE (end, .)
                0x00005120                __heap_start__ = ALIGN (0x8)
                0x00017000                . = ((ORIGIN (CPUSRAM) + 0x17ffc) - _stack_size)
                0x00017000                __heap_end__ = .

.stab
 *(.stab)

.stabstr
 *(.stabstr)

.stab.excl
 *(.stab.excl)

.stab.exclstr
 *(.stab.exclstr)

.stab.index
 *(.stab.index)

.stab.indexstr
 *(.stab.indexstr)

.comment        0x00000000       0x30
 *(.comment)
 .comment       0x00000000       0x30 src/Application/app/app.o
                                 0x31 (size before relaxing)
 .comment       0x00000000       0x31 src/Application/flash/data_flash.o
 .comment       0x00000000       0x31 src/Application/radio/ambe.o
 .comment       0x00000000       0x31 src/Application/radio/payload.o
 .comment       0x00000000       0x31 src/Application/radio/physical.o
 .comment       0x00000000       0x31 src/Application/radio/ssc.o
 .comment       0x00000000       0x31 src/Application/radio/xcmp.o
 .comment       0x00000000       0x31 src/Application/radio/xnl.o
 .comment       0x00000000       0x31 src/Application/RFID/MFRC522/rc522.o
 .comment       0x00000000       0x31 src/Application/RFID/RFID.o
 .comment       0x00000000       0x31 src/Application/rtc/rtc.o
 .comment       0x00000000       0x31 src/Application/timers/timer.o
 .comment       0x00000000       0x31 src/ASF/avr32/drivers/gpio/gpio.o
 .comment       0x00000000       0x31 src/ASF/avr32/drivers/intc/intc.o
 .comment       0x00000000       0x31 src/ASF/avr32/drivers/spi/spi.o
 .comment       0x00000000       0x31 src/ASF/avr32/drivers/tc/tc.o
 .comment       0x00000000       0x31 src/ASF/avr32/drivers/usart/usart.o
 .comment       0x00000000       0x31 src/ASF/thirdparty/freertos/freertos-7.0.0/source/list.o
 .comment       0x00000000       0x31 src/ASF/thirdparty/freertos/freertos-7.0.0/source/portable/gcc/avr32_uc3/port.o
 .comment       0x00000000       0x31 src/ASF/thirdparty/freertos/freertos-7.0.0/source/portable/gcc/avr32_uc3/read.o
 .comment       0x00000000       0x31 src/ASF/thirdparty/freertos/freertos-7.0.0/source/portable/gcc/avr32_uc3/write.o
 .comment       0x00000000       0x31 src/ASF/thirdparty/freertos/freertos-7.0.0/source/portable/memmang/heap_3.o
 .comment       0x00000000       0x31 src/ASF/thirdparty/freertos/freertos-7.0.0/source/queue.o
 .comment       0x00000000       0x31 src/ASF/thirdparty/freertos/freertos-7.0.0/source/tasks.o
 .comment       0x00000000       0x31 src/Log/log.o
 .comment       0x00000000       0x31 src/main.o
 .comment       0x00000000       0x31 d:/program files (x86)/atmel/studio/7.0/toolchain/avr32/avr32-gnu-toolchain/bin/../lib/gcc/avr32/4.4.7/../../../../avr32/lib/ucr2\libc.a(lib_a-malloc.o)
 .comment       0x00000000       0x31 d:/program files (x86)/atmel/studio/7.0/toolchain/avr32/avr32-gnu-toolchain/bin/../lib/gcc/avr32/4.4.7/../../../../avr32/lib/ucr2\libc.a(lib_a-mallocr.o)
 .comment       0x00000000       0x31 d:/program files (x86)/atmel/studio/7.0/toolchain/avr32/avr32-gnu-toolchain/bin/../lib/gcc/avr32/4.4.7/../../../../avr32/lib/ucr2\libc.a(lib_a-memset.o)
 .comment       0x00000000       0x31 d:/program files (x86)/atmel/studio/7.0/toolchain/avr32/avr32-gnu-toolchain/bin/../lib/gcc/avr32/4.4.7/../../../../avr32/lib/ucr2\libc.a(lib_a-reallocr.o)
 .comment       0x00000000       0x31 d:/program files (x86)/atmel/studio/7.0/toolchain/avr32/avr32-gnu-toolchain/bin/../lib/gcc/avr32/4.4.7/../../../../avr32/lib/ucr2\libc.a(lib_a-sbrkr.o)
 .comment       0x00000000       0x31 d:/program files (x86)/atmel/studio/7.0/toolchain/avr32/avr32-gnu-toolchain/bin/../lib/gcc/avr32/4.4.7/../../../../avr32/lib/ucr2\libc.a(lib_a-sprintf.o)
 .comment       0x00000000       0x31 d:/program files (x86)/atmel/studio/7.0/toolchain/avr32/avr32-gnu-toolchain/bin/../lib/gcc/avr32/4.4.7/../../../../avr32/lib/ucr2\libc.a(lib_a-syscalls.o)
 .comment       0x00000000       0x31 d:/program files (x86)/atmel/studio/7.0/toolchain/avr32/avr32-gnu-toolchain/bin/../lib/gcc/avr32/4.4.7/../../../../avr32/lib/ucr2\libc.a(lib_a-vfprintf.o)
 .comment       0x00000000       0x31 d:/program files (x86)/atmel/studio/7.0/toolchain/avr32/avr32-gnu-toolchain/bin/../lib/gcc/avr32/4.4.7/../../../../avr32/lib/ucr2\libc.a(lib_a-wsetup.o)
 .comment       0x00000000       0x31 d:/program files (x86)/atmel/studio/7.0/toolchain/avr32/avr32-gnu-toolchain/bin/../lib/gcc/avr32/4.4.7/../../../../avr32/lib/ucr2\libc.a(lib_a-dtoa.o)
 .comment       0x00000000       0x31 d:/program files (x86)/atmel/studio/7.0/toolchain/avr32/avr32-gnu-toolchain/bin/../lib/gcc/avr32/4.4.7/../../../../avr32/lib/ucr2\libc.a(lib_a-errno.o)
 .comment       0x00000000       0x31 d:/program files (x86)/atmel/studio/7.0/toolchain/avr32/avr32-gnu-toolchain/bin/../lib/gcc/avr32/4.4.7/../../../../avr32/lib/ucr2\libc.a(lib_a-fflush.o)
 .comment       0x00000000       0x31 d:/program files (x86)/atmel/studio/7.0/toolchain/avr32/avr32-gnu-toolchain/bin/../lib/gcc/avr32/4.4.7/../../../../avr32/lib/ucr2\libc.a(lib_a-findfp.o)
 .comment       0x00000000       0x31 d:/program files (x86)/atmel/studio/7.0/toolchain/avr32/avr32-gnu-toolchain/bin/../lib/gcc/avr32/4.4.7/../../../../avr32/lib/ucr2\libc.a(lib_a-freer.o)
 .comment       0x00000000       0x31 d:/program files (x86)/atmel/studio/7.0/toolchain/avr32/avr32-gnu-toolchain/bin/../lib/gcc/avr32/4.4.7/../../../../avr32/lib/ucr2\libc.a(lib_a-fvwrite.o)
 .comment       0x00000000       0x31 d:/program files (x86)/atmel/studio/7.0/toolchain/avr32/avr32-gnu-toolchain/bin/../lib/gcc/avr32/4.4.7/../../../../avr32/lib/ucr2\libc.a(lib_a-fwalk.o)
 .comment       0x00000000       0x31 d:/program files (x86)/atmel/studio/7.0/toolchain/avr32/avr32-gnu-toolchain/bin/../lib/gcc/avr32/4.4.7/../../../../avr32/lib/ucr2\libc.a(lib_a-impure.o)
 .comment       0x00000000       0x31 d:/program files (x86)/atmel/studio/7.0/toolchain/avr32/avr32-gnu-toolchain/bin/../lib/gcc/avr32/4.4.7/../../../../avr32/lib/ucr2\libc.a(lib_a-locale.o)
 .comment       0x00000000       0x31 d:/program files (x86)/atmel/studio/7.0/toolchain/avr32/avr32-gnu-toolchain/bin/../lib/gcc/avr32/4.4.7/../../../../avr32/lib/ucr2\libc.a(lib_a-makebuf.o)
 .comment       0x00000000       0x31 d:/program files (x86)/atmel/studio/7.0/toolchain/avr32/avr32-gnu-toolchain/bin/../lib/gcc/avr32/4.4.7/../../../../avr32/lib/ucr2\libc.a(lib_a-memchr.o)
 .comment       0x00000000       0x31 d:/program files (x86)/atmel/studio/7.0/toolchain/avr32/avr32-gnu-toolchain/bin/../lib/gcc/avr32/4.4.7/../../../../avr32/lib/ucr2\libc.a(lib_a-memmove.o)
 .comment       0x00000000       0x31 d:/program files (x86)/atmel/studio/7.0/toolchain/avr32/avr32-gnu-toolchain/bin/../lib/gcc/avr32/4.4.7/../../../../avr32/lib/ucr2\libc.a(lib_a-mprec.o)
 .comment       0x00000000       0x31 d:/program files (x86)/atmel/studio/7.0/toolchain/avr32/avr32-gnu-toolchain/bin/../lib/gcc/avr32/4.4.7/../../../../avr32/lib/ucr2\libc.a(lib_a-reent.o)
 .comment       0x00000000       0x31 d:/program files (x86)/atmel/studio/7.0/toolchain/avr32/avr32-gnu-toolchain/bin/../lib/gcc/avr32/4.4.7/../../../../avr32/lib/ucr2\libc.a(lib_a-s_isinfd.o)
 .comment       0x00000000       0x31 d:/program files (x86)/atmel/studio/7.0/toolchain/avr32/avr32-gnu-toolchain/bin/../lib/gcc/avr32/4.4.7/../../../../avr32/lib/ucr2\libc.a(lib_a-s_isnand.o)
 .comment       0x00000000       0x31 d:/program files (x86)/atmel/studio/7.0/toolchain/avr32/avr32-gnu-toolchain/bin/../lib/gcc/avr32/4.4.7/../../../../avr32/lib/ucr2\libc.a(lib_a-stdio.o)
 .comment       0x00000000       0x31 d:/program files (x86)/atmel/studio/7.0/toolchain/avr32/avr32-gnu-toolchain/bin/../lib/gcc/avr32/4.4.7/../../../../avr32/lib/ucr2\libc.a(lib_a-strlen.o)
 .comment       0x00000000       0x31 d:/program files (x86)/atmel/studio/7.0/toolchain/avr32/avr32-gnu-toolchain/bin/../lib/gcc/avr32/4.4.7/../../../../avr32/lib/ucr2\libc.a(lib_a-writer.o)
 .comment       0x00000000       0x31 d:/program files (x86)/atmel/studio/7.0/toolchain/avr32/avr32-gnu-toolchain/bin/../lib/gcc/avr32/4.4.7/../../../../avr32/lib/ucr2\libc.a(lib_a-callocr.o)
 .comment       0x00000000       0x31 d:/program files (x86)/atmel/studio/7.0/toolchain/avr32/avr32-gnu-toolchain/bin/../lib/gcc/avr32/4.4.7/../../../../avr32/lib/ucr2\libc.a(lib_a-closer.o)
 .comment       0x00000000       0x31 d:/program files (x86)/atmel/studio/7.0/toolchain/avr32/avr32-gnu-toolchain/bin/../lib/gcc/avr32/4.4.7/../../../../avr32/lib/ucr2\libc.a(lib_a-fclose.o)
 .comment       0x00000000       0x31 d:/program files (x86)/atmel/studio/7.0/toolchain/avr32/avr32-gnu-toolchain/bin/../lib/gcc/avr32/4.4.7/../../../../avr32/lib/ucr2\libc.a(lib_a-fstatr.o)
 .comment       0x00000000       0x31 d:/program files (x86)/atmel/studio/7.0/toolchain/avr32/avr32-gnu-toolchain/bin/../lib/gcc/avr32/4.4.7/../../../../avr32/lib/ucr2\libc.a(lib_a-lseekr.o)
 .comment       0x00000000       0x31 d:/program files (x86)/atmel/studio/7.0/toolchain/avr32/avr32-gnu-toolchain/bin/../lib/gcc/avr32/4.4.7/../../../../avr32/lib/ucr2\libc.a(lib_a-readr.o)
 .comment       0x00000000       0x31 d:/program files (x86)/atmel/studio/7.0/toolchain/avr32/avr32-gnu-toolchain/bin/../lib/gcc/avr32/4.4.7/ucr2\libgcc.a(_udivdi3.o)
 .comment       0x00000000       0x31 d:/program files (x86)/atmel/studio/7.0/toolchain/avr32/avr32-gnu-toolchain/bin/../lib/gcc/avr32/4.4.7/ucr2\libgcc.a(_umoddi3.o)

.debug
 *(.debug)

.line
 *(.line)

.debug_srcinfo
 *(.debug_srcinfo)

.debug_sfnames
 *(.debug_sfnames)

.debug_aranges  0x00000000     0x1300
 *(.debug_aranges)
 .debug_aranges
                0x00000000      0x118 src/Application/app/app.o
 .debug_aranges
                0x00000118       0x78 src/Application/flash/data_flash.o
 .debug_aranges
                0x00000190       0x20 src/Application/radio/ambe.o
 .debug_aranges
                0x000001b0       0x28 src/Application/radio/payload.o
 .debug_aranges
                0x000001d8       0x68 src/Application/radio/physical.o
 .debug_aranges
                0x00000240       0x40 src/Application/radio/ssc.o
 .debug_aranges
                0x00000280       0xf8 src/Application/radio/xcmp.o
 .debug_aranges
                0x00000378       0x70 src/Application/radio/xnl.o
 .debug_aranges
                0x000003e8       0xc8 src/Application/RFID/MFRC522/rc522.o
 .debug_aranges
                0x000004b0       0x20 src/Application/RFID/RFID.o
 .debug_aranges
                0x000004d0       0x50 src/Application/rtc/rtc.o
 .debug_aranges
                0x00000520       0x30 src/Application/timers/timer.o
 .debug_aranges
                0x00000550      0x100 src/ASF/avr32/drivers/gpio/gpio.o
 .debug_aranges
                0x00000650       0x38 src/ASF/avr32/drivers/intc/intc.o
 .debug_aranges
                0x00000688       0xa8 src/ASF/avr32/drivers/spi/spi.o
 .debug_aranges
                0x00000730       0xa8 src/ASF/avr32/drivers/tc/tc.o
 .debug_aranges
                0x000007d8       0xe0 src/ASF/avr32/drivers/usart/usart.o
 .debug_aranges
                0x000008b8       0x28 src/ASF/avr32/utils/startup/startup_uc3.o
 .debug_aranges
                0x000008e0       0x20 src/ASF/avr32/utils/startup/trampoline_uc3.o
 .debug_aranges
                0x00000900       0x40 src/ASF/thirdparty/freertos/freertos-7.0.0/source/list.o
 .debug_aranges
                0x00000940       0x20 src/ASF/thirdparty/freertos/freertos-7.0.0/source/portable/gcc/avr32_uc3/exception.o
 .debug_aranges
                0x00000960       0x78 src/ASF/thirdparty/freertos/freertos-7.0.0/source/portable/gcc/avr32_uc3/port.o
 .debug_aranges
                0x000009d8       0x20 src/ASF/thirdparty/freertos/freertos-7.0.0/source/portable/gcc/avr32_uc3/read.o
 .debug_aranges
                0x000009f8       0x20 src/ASF/thirdparty/freertos/freertos-7.0.0/source/portable/gcc/avr32_uc3/write.o
 .debug_aranges
                0x00000a18       0x28 src/ASF/thirdparty/freertos/freertos-7.0.0/source/portable/memmang/heap_3.o
 .debug_aranges
                0x00000a40       0x88 src/ASF/thirdparty/freertos/freertos-7.0.0/source/queue.o
 .debug_aranges
                0x00000ac8      0x108 src/ASF/thirdparty/freertos/freertos-7.0.0/source/tasks.o
 .debug_aranges
                0x00000bd0       0x50 src/Log/log.o
 .debug_aranges
                0x00000c20       0x20 src/main.o
 .debug_aranges
                0x00000c40       0x28 d:/program files (x86)/atmel/studio/7.0/toolchain/avr32/avr32-gnu-toolchain/bin/../lib/gcc/avr32/4.4.7/../../../../avr32/lib/ucr2\libc.a(lib_a-malloc.o)
 .debug_aranges
                0x00000c68       0x20 d:/program files (x86)/atmel/studio/7.0/toolchain/avr32/avr32-gnu-toolchain/bin/../lib/gcc/avr32/4.4.7/../../../../avr32/lib/ucr2\libc.a(lib_a-mallocr.o)
 .debug_aranges
                0x00000c88       0x20 d:/program files (x86)/atmel/studio/7.0/toolchain/avr32/avr32-gnu-toolchain/bin/../lib/gcc/avr32/4.4.7/../../../../avr32/lib/ucr2\libc.a(lib_a-memset.o)
 .debug_aranges
                0x00000ca8       0x20 d:/program files (x86)/atmel/studio/7.0/toolchain/avr32/avr32-gnu-toolchain/bin/../lib/gcc/avr32/4.4.7/../../../../avr32/lib/ucr2\libc.a(lib_a-reallocr.o)
 .debug_aranges
                0x00000cc8       0x20 d:/program files (x86)/atmel/studio/7.0/toolchain/avr32/avr32-gnu-toolchain/bin/../lib/gcc/avr32/4.4.7/../../../../avr32/lib/ucr2\libc.a(lib_a-sbrkr.o)
 .debug_aranges
                0x00000ce8       0x28 d:/program files (x86)/atmel/studio/7.0/toolchain/avr32/avr32-gnu-toolchain/bin/../lib/gcc/avr32/4.4.7/../../../../avr32/lib/ucr2\libc.a(lib_a-sprintf.o)
 .debug_aranges
                0x00000d10       0xf8 d:/program files (x86)/atmel/studio/7.0/toolchain/avr32/avr32-gnu-toolchain/bin/../lib/gcc/avr32/4.4.7/../../../../avr32/lib/ucr2\libc.a(lib_a-syscalls.o)
 .debug_aranges