Archive member included because of file (symbol)

e:/program x86/atmel/studio/7.0/toolchain/avr32/avr32-gnu-toolchain/bin/../lib/gcc/avr32/4.4.7/../../../../avr32/lib/ucr2\libc.a(lib_a-malloc.o)
                              src/ASF/thirdparty/freertos/freertos-7.0.0/source/portable/memmang/heap_3.o (free)
e:/program x86/atmel/studio/7.0/toolchain/avr32/avr32-gnu-toolchain/bin/../lib/gcc/avr32/4.4.7/../../../../avr32/lib/ucr2\libc.a(lib_a-mallocr.o)
                              e:/program x86/atmel/studio/7.0/toolchain/avr32/avr32-gnu-toolchain/bin/../lib/gcc/avr32/4.4.7/../../../../avr32/lib/ucr2\libc.a(lib_a-malloc.o) (_malloc_r)
e:/program x86/atmel/studio/7.0/toolchain/avr32/avr32-gnu-toolchain/bin/../lib/gcc/avr32/4.4.7/../../../../avr32/lib/ucr2\libc.a(lib_a-memcmp.o)
                              src/Application/voice/voice.o (memcmp)
e:/program x86/atmel/studio/7.0/toolchain/avr32/avr32-gnu-toolchain/bin/../lib/gcc/avr32/4.4.7/../../../../avr32/lib/ucr2\libc.a(lib_a-memcpy.o)
                              src/Application/app/app.o (memcpy)
e:/program x86/atmel/studio/7.0/toolchain/avr32/avr32-gnu-toolchain/bin/../lib/gcc/avr32/4.4.7/../../../../avr32/lib/ucr2\libc.a(lib_a-memset.o)
                              src/Application/radio/physical.o (memset)
e:/program x86/atmel/studio/7.0/toolchain/avr32/avr32-gnu-toolchain/bin/../lib/gcc/avr32/4.4.7/../../../../avr32/lib/ucr2\libc.a(lib_a-realloc.o)
                              src/ASF/thirdparty/freertos/freertos-7.0.0/source/portable/gcc/avr32_uc3/port.o (realloc)
e:/program x86/atmel/studio/7.0/toolchain/avr32/avr32-gnu-toolchain/bin/../lib/gcc/avr32/4.4.7/../../../../avr32/lib/ucr2\libc.a(lib_a-reallocr.o)
                              e:/program x86/atmel/studio/7.0/toolchain/avr32/avr32-gnu-toolchain/bin/../lib/gcc/avr32/4.4.7/../../../../avr32/lib/ucr2\libc.a(lib_a-realloc.o) (_realloc_r)
e:/program x86/atmel/studio/7.0/toolchain/avr32/avr32-gnu-toolchain/bin/../lib/gcc/avr32/4.4.7/../../../../avr32/lib/ucr2\libc.a(lib_a-sbrkr.o)
                              e:/program x86/atmel/studio/7.0/toolchain/avr32/avr32-gnu-toolchain/bin/../lib/gcc/avr32/4.4.7/../../../../avr32/lib/ucr2\libc.a(lib_a-mallocr.o) (_sbrk_r)
e:/program x86/atmel/studio/7.0/toolchain/avr32/avr32-gnu-toolchain/bin/../lib/gcc/avr32/4.4.7/../../../../avr32/lib/ucr2\libc.a(lib_a-sprintf.o)
                              src/Log/log.o (sprintf)
e:/program x86/atmel/studio/7.0/toolchain/avr32/avr32-gnu-toolchain/bin/../lib/gcc/avr32/4.4.7/../../../../avr32/lib/ucr2\libc.a(lib_a-strncpy.o)
                              src/ASF/thirdparty/freertos/freertos-7.0.0/source/tasks.o (strncpy)
e:/program x86/atmel/studio/7.0/toolchain/avr32/avr32-gnu-toolchain/bin/../lib/gcc/avr32/4.4.7/../../../../avr32/lib/ucr2\libc.a(lib_a-syscalls.o)
                              e:/program x86/atmel/studio/7.0/toolchain/avr32/avr32-gnu-toolchain/bin/../lib/gcc/avr32/4.4.7/../../../../avr32/lib/ucr2\libc.a(lib_a-sbrkr.o) (_sbrk)
e:/program x86/atmel/studio/7.0/toolchain/avr32/avr32-gnu-toolchain/bin/../lib/gcc/avr32/4.4.7/../../../../avr32/lib/ucr2\libc.a(lib_a-vfprintf.o)
                              e:/program x86/atmel/studio/7.0/toolchain/avr32/avr32-gnu-toolchain/bin/../lib/gcc/avr32/4.4.7/../../../../avr32/lib/ucr2\libc.a(lib_a-sprintf.o) (_vfprintf_r)
e:/program x86/atmel/studio/7.0/toolchain/avr32/avr32-gnu-toolchain/bin/../lib/gcc/avr32/4.4.7/../../../../avr32/lib/ucr2\libc.a(lib_a-wsetup.o)
                              e:/program x86/atmel/studio/7.0/toolchain/avr32/avr32-gnu-toolchain/bin/../lib/gcc/avr32/4.4.7/../../../../avr32/lib/ucr2\libc.a(lib_a-vfprintf.o) (__swsetup_r)
e:/program x86/atmel/studio/7.0/toolchain/avr32/avr32-gnu-toolchain/bin/../lib/gcc/avr32/4.4.7/../../../../avr32/lib/ucr2\libc.a(lib_a-dtoa.o)
                              e:/program x86/atmel/studio/7.0/toolchain/avr32/avr32-gnu-toolchain/bin/../lib/gcc/avr32/4.4.7/../../../../avr32/lib/ucr2\libc.a(lib_a-vfprintf.o) (_dtoa_r)
e:/program x86/atmel/studio/7.0/toolchain/avr32/avr32-gnu-toolchain/bin/../lib/gcc/avr32/4.4.7/../../../../avr32/lib/ucr2\libc.a(lib_a-errno.o)
                              e:/program x86/atmel/studio/7.0/toolchain/avr32/avr32-gnu-toolchain/bin/../lib/gcc/avr32/4.4.7/../../../../avr32/lib/ucr2\libc.a(lib_a-syscalls.o) (__errno)
e:/program x86/atmel/studio/7.0/toolchain/avr32/avr32-gnu-toolchain/bin/../lib/gcc/avr32/4.4.7/../../../../avr32/lib/ucr2\libc.a(lib_a-fflush.o)
                              e:/program x86/atmel/studio/7.0/toolchain/avr32/avr32-gnu-toolchain/bin/../lib/gcc/avr32/4.4.7/../../../../avr32/lib/ucr2\libc.a(lib_a-vfprintf.o) (_fflush_r)
e:/program x86/atmel/studio/7.0/toolchain/avr32/avr32-gnu-toolchain/bin/../lib/gcc/avr32/4.4.7/../../../../avr32/lib/ucr2\libc.a(lib_a-findfp.o)
                              e:/program x86/atmel/studio/7.0/toolchain/avr32/avr32-gnu-toolchain/bin/../lib/gcc/avr32/4.4.7/../../../../avr32/lib/ucr2\libc.a(lib_a-vfprintf.o) (__sinit)
[...]
Memory Configuration

Name             Origin             Length             Attributes
FLASH            0x80000000         0x00080000         axrl !w
CPUSRAM          0x00000004         0x00017ffc         axw !rl
USERPAGE         0x80800000         0x00000200
FACTORYPAGE      0x80800200         0x00000200
*default*        0x00000000         0xffffffff

Linker script and memory map

                0x00001000                _stack_size = 0x1000
LOAD src/Application/app/app.o
LOAD src/Application/flash/data_flash.o
LOAD src/Application/myrtc/xgrtc.o
LOAD src/Application/radio/ambe.o
LOAD src/Application/radio/AMBE_audio.o
LOAD src/Application/radio/AMBE_audio_2.o
LOAD src/Application/radio/audio.o
LOAD src/Application/radio/payload.o
LOAD src/Application/radio/physical.o
LOAD src/Application/radio/ssc.o
LOAD src/Application/radio/xcmp.o
LOAD src/Application/radio/xnl.o
LOAD src/Application/RFID/MFRC522/rc522.o
LOAD src/Application/RFID/RFID.o
LOAD src/Application/timers/timer.o
LOAD src/Application/voice/voice.o
LOAD src/Application/xgflash/xgflash.o
LOAD src/ASF/avr32/drivers/flashc/flashc.o
LOAD src/ASF/avr32/drivers/gpio/gpio.o
LOAD src/ASF/avr32/drivers/intc/intc.o
LOAD src/ASF/avr32/drivers/pm/pm.o
LOAD src/ASF/avr32/drivers/pm/pm_conf_clocks.o
LOAD src/ASF/avr32/drivers/pm/power_clocks_lib.o
LOAD src/ASF/avr32/drivers/rtc/rtc.o
LOAD src/ASF/avr32/drivers/spi/spi.o
LOAD src/ASF/avr32/drivers/tc/tc.o
LOAD src/ASF/avr32/drivers/twi/twi.o
LOAD src/ASF/avr32/drivers/usart/usart.o
LOAD src/ASF/avr32/utils/startup/startup_uc3.o
LOAD src/ASF/avr32/utils/startup/trampoline_uc3.o
LOAD src/ASF/common/boards/user_board/init.o
LOAD src/ASF/common/services/clock/uc3b0_b1/sysclk.o
LOAD src/ASF/common/services/spi/uc3_spi/spi_master.o
LOAD src/ASF/common/services/spi/uc3_usart_spi/usart_spi.o
LOAD src/ASF/thirdparty/freertos/freertos-7.0.0/source/croutine.o
LOAD src/ASF/thirdparty/freertos/freertos-7.0.0/source/list.o
LOAD src/ASF/thirdparty/freertos/freertos-7.0.0/source/portable/gcc/avr32_uc3/exception.o
LOAD src/ASF/thirdparty/freertos/freertos-7.0.0/source/portable/gcc/avr32_uc3/port.o
LOAD src/ASF/thirdparty/freertos/freertos-7.0.0/source/portable/gcc/avr32_uc3/read.o
LOAD src/ASF/thirdparty/freertos/freertos-7.0.0/source/portable/gcc/avr32_uc3/write.o
LOAD src/ASF/thirdparty/freertos/freertos-7.0.0/source/portable/memmang/heap_3.o
LOAD src/ASF/thirdparty/freertos/freertos-7.0.0/source/queue.o
LOAD src/ASF/thirdparty/freertos/freertos-7.0.0/source/tasks.o
LOAD src/Log/log.o
LOAD src/main.o
START GROUP
LOAD e:/program x86/atmel/studio/7.0/toolchain/avr32/avr32-gnu-toolchain/bin/../lib/gcc/avr32/4.4.7/../../../../avr32/lib/ucr2\libm.a
END GROUP
LOAD e:/program x86/atmel/studio/7.0/toolchain/avr32/avr32-gnu-toolchain/bin/../lib/gcc/avr32/4.4.7/ucr2\libgcc.a
LOAD e:/program x86/atmel/studio/7.0/toolchain/avr32/avr32-gnu-toolchain/bin/../lib/gcc/avr32/4.4.7/../../../../avr32/lib/ucr2\libc.a
LOAD e:/program x86/atmel/studio/7.0/toolchain/avr32/avr32-gnu-toolchain/bin/../lib/gcc/avr32/4.4.7/ucr2\libgcc.a
                0x80000000                PROVIDE (__executable_start, 0x80000000)
                0x80000000                . = 0x80000000

.interp
 *(.interp)

.reset          0x80000000     0x2004
 *(.reset)
 .reset         0x80000000     0x2004 src/ASF/avr32/utils/startup/trampoline_uc3.o
                               0x2008 (size before relaxing)
                0x80000000                _trampoline

.hash
 *(.hash)

.dynsym
 *(.dynsym)

.dynstr
 *(.dynstr)

.gnu.version
 *(.gnu.version)

.gnu.version_d
 *(.gnu.version_d)

.gnu.version_r
 *(.gnu.version_r)

.rel.init
 *(.rel.init)

.rela.init
 *(.rela.init)

.rel.text
 *(.rel.text .rel.text.* .rel.gnu.linkonce.t.*)

.rela.text
 *(.rela.text .rela.text.* .rela.gnu.linkonce.t.*)

.rel.fini
 *(.rel.fini)

.rela.fini
 *(.rela.fini)

.rel.rodata
 *(.rel.rodata .rel.rodata.* .rel.gnu.linkonce.r.*)

.rela.rodata
 *(.rela.rodata .rela.rodata.* .rela.gnu.linkonce.r.*)

.rel.data.rel.ro
 *(.rel.data.rel.ro*)

.rela.data.rel.ro
 *(.rel.data.rel.ro*)

.rel.data
 *(.rel.data .rel.data.* .rel.gnu.linkonce.d.*)

.rela.data
 *(.rela.data .rela.data.* .rela.gnu.linkonce.d.*)

.rel.tdata
 *(.rel.tdata .rel.tdata.* .rel.gnu.linkonce.td.*)

.rela.tdata
 *(.rela.tdata .rela.tdata.* .rela.gnu.linkonce.td.*)

.rel.tbss
 *(.rel.tbss .rel.tbss.* .rel.gnu.linkonce.tb.*)

.rela.tbss
 *(.rela.tbss .rela.tbss.* .rela.gnu.linkonce.tb.*)

.rel.ctors
 *(.rel.ctors)

.rela.ctors
 *(.rela.ctors)

.rel.dtors
 *(.rel.dtors)

.rela.dtors
 *(.rela.dtors)

.rel.got
 *(.rel.got)

.rela.got       0x80002004        0x0
 *(.rela.got)
 .rela.got      0x80002004        0x0 src/Application/app/app.o

.rel.bss
 *(.rel.bss .rel.bss.* .rel.gnu.linkonce.b.*)

.rela.bss
 *(.rela.bss .rela.bss.* .rela.gnu.linkonce.b.*)

.rel.plt
 *(.rel.plt)

.rela.plt
 *(.rela.plt)

.init
 *(.init)

.plt
 *(.plt)

.text           0x80002004     0xbab0
 *(.text .stub .text.* .gnu.linkonce.t.*)
 .text.DeviceManagement_brdcst_func
                0x80002004       0x24 src/Application/app/app.o
                0x80002004                DeviceManagement_brdcst_func
 .text.Volume_brdcst_func
                0x80002028        0x2 src/Application/app/app.o
                0x80002028                Volume_brdcst_func
 .text.AudioRoutingControl_brdcst_func
                0x8000202a        0x2 src/Application/app/app.o
                0x8000202a                AudioRoutingControl_brdcst_func
 .text.vApplicationIdleHook
                0x8000202c       0x10 src/Application/app/app.o
                0x8000202c                vApplicationIdleHook
 .text.app_init
                0x8000203c       0x54 src/Application/app/app.o
                0x8000203c                app_init
 .text.app_payload_tx_proc
                0x80002090       0x14 src/Application/app/app.o
 .text.app_payload_rx_proc
                0x800020a4       0x34 src/Application/app/app.o
 .text.FD_brdcst_func
                0x800020d8       0x14 src/Application/app/app.o
                0x800020d8                FD_brdcst_func
 .text.FD_reply_func
                0x800020ec       0x14 src/Application/app/app.o
                0x800020ec                FD_reply_func
 .text.FD_request_func
                0x80002100       0x14 src/Application/app/app.o
                0x80002100                FD_request_func
 .text.EnOB_brdcst_func
                0x80002114       0x14 src/Application/app/app.o
                0x80002114                EnOB_brdcst_func
 .text.EnOB_reply_func
                0x80002128       0x70 src/Application/app/app.o
                0x80002128                EnOB_reply_func
 .text.SingleDetection_brdcst_func
                0x80002198       0x4c src/Application/app/app.o
                0x80002198                SingleDetection_brdcst_func
 .text.ButtonConfig_brdcst_func
                0x800021e4       0xdc src/Application/app/app.o
                0x800021e4                ButtonConfig_brdcst_func
 .text.ButtonConfig_reply_func
                0x800022c0       0x44 src/Application/app/app.o
                0x800022c0                ButtonConfig_reply_func
 .text.BatteryLevel_brdcst_func
                0x80002304       0x58 src/Application/app/app.o
                0x80002304                BatteryLevel_brdcst_func
 .text.ShutDown_brdcst_func
                0x8000235c       0x30 src/Application/app/app.o
                0x8000235c                ShutDown_brdcst_func
 .text.DataSession_reply_func
                0x8000238c       0x7c src/Application/app/app.o
                0x8000238c                DataSession_reply_func
 .text.CallControl_brdcst_func
                0x80002408       0x44 src/Application/app/app.o
                0x80002408                CallControl_brdcst_func
 .text.TransmitControl_brdcst_func
                0x8000244c       0x48 src/Application/app/app.o
                0x8000244c                TransmitControl_brdcst_func
 .text.TransmitControl_reply_func
                0x80002494       0x60 src/Application/app/app.o
                0x80002494                TransmitControl_reply_func
 .text.AudioRoutingControl_reply_func
                0x800024f4       0x28 src/Application/app/app.o
                0x800024f4                AudioRoutingControl_reply_func
 .text.Volume_reply_func
                0x8000251c       0x64 src/Application/app/app.o
                0x8000251c                Volume_reply_func
 .text.spk_brdcst_func
                0x80002580       0x38 src/Application/app/app.o
                0x80002580                spk_brdcst_func
 .text.spk_reply_func
                0x800025b8       0x48 src/Application/app/app.o
                0x800025b8                spk_reply_func
 .text.mic_brdcst_func
                0x80002600       0x58 src/Application/app/app.o
                0x80002600                mic_brdcst_func
 .text.mic_reply_func
                0x80002658       0x94 src/Application/app/app.o
                0x80002658                mic_reply_func
 .text.dcm_brdcst_func
                0x800026ec       0x48 src/Application/app/app.o
                0x800026ec                dcm_brdcst_func
 .text.dcm_reply_func
                0x80002734       0x68 src/Application/app/app.o
                0x80002734                dcm_reply_func
 .text.ToneControl_reply_func
                0x8000279c       0x28 src/Application/app/app.o
                0x8000279c                ToneControl_reply_func
 .text.app_cfg  0x800027c4      0x1f8 src/Application/app/app.o
 .text.Phyuserinput_brdcst_func
                0x800029bc       0x58 src/Application/app/app.o
                0x800029bc                Phyuserinput_brdcst_func
 .text.DataSession_brdcst_func
                0x80002a14      0x124 src/Application/app/app.o
                0x80002a14                DataSession_brdcst_func
 .text.DeviceInitializationStatus_brdcst_func
                0x80002b38       0x38 src/Application/app/app.o
                0x80002b38                DeviceInitializationStatus_brdcst_func
 .text.send_flash_command
                0x80002b70      0x1c4 src/Application/flash/data_flash.o
                0x80002b70                send_flash_command
 .text.data_flash_read_block
                0x80002d34       0x38 src/Application/flash/data_flash.o
                0x80002d34                data_flash_read_block
 .text.data_flash_write_page
                0x80002d6c       0xa0 src/Application/flash/data_flash.o
                0x80002d6c                data_flash_write_page
 .text.data_flash_write_block
                0x80002e0c       0xc0 src/Application/flash/data_flash.o
                0x80002e0c                data_flash_write_block
 .text.data_flash_erase_block
                0x80002ecc       0xa0 src/Application/flash/data_flash.o
                0x80002ecc                data_flash_erase_block
 .text.data_flash_write
                0x80002f6c       0xf0 src/Application/flash/data_flash.o
                0x80002f6c                data_flash_write
 .text.W25Q64_SPI_SetSpeed
                0x8000305c       0x24 src/Application/flash/data_flash.o
                0x8000305c                W25Q64_SPI_SetSpeed
 .text.W25Q64_SPI_SetSpeedHi
                0x80003080       0x10 src/Application/flash/data_flash.o
                0x80003080                W25Q64_SPI_SetSpeedHi
 .text.data_flash_init
                0x80003090      0x12c src/Application/flash/data_flash.o
                0x80003090                data_flash_init
 .text.xg_rtc_init
                0x800031bc       0x80 src/Application/myrtc/xgrtc.o
                0x800031bc                xg_rtc_init
 .text.rtc_irq  0x8000323c       0xf0 src/Application/myrtc/xgrtc.o
                0x8000323c                rtc_irq
 .text.CalculateBurst
                0x8000332c       0x1c src/Application/radio/ambe.o
                0x8000332c                CalculateBurst
 .text.payload_init
                0x80003348       0x14 src/Application/radio/payload.o
                0x80003348                payload_init
 .text.set_idle_store_isr
                0x8000335c       0x1c src/Application/radio/physical.o
                0x8000335c                set_idle_store_isr
 .text.payload_rx
                0x80003378       0x18 src/Application/radio/physical.o
 .text.phy_rx   0x80003390       0x38 src/Application/radio/physical.o
                0x80003390                phy_rx
 .text.set_idle_store
                0x800033c8       0x20 src/Application/radio/physical.o
                0x800033c8                set_idle_store
 .text.phy_tx   0x800033e8       0x5c src/Application/radio/physical.o
                0x800033e8                phy_tx
 .text.get_idle_store_isr
                0x80003444       0x28 src/Application/radio/physical.o
                0x80003444                get_idle_store_isr
 .text.phy_tx_func
                0x8000346c      0x108 src/Application/radio/physical.o
 .text.get_idle_store
                0x80003574       0x28 src/Application/radio/physical.o
                0x80003574                get_idle_store
 .text.phy_init
                0x8000359c       0x28 src/Application/radio/physical.o
                0x8000359c                phy_init
 .text.phy_rx_func
                0x800035c4      0xf24 src/Application/radio/physical.o
 .text.pdca_int_handler
                0x800044e8       0x80 src/Application/radio/ssc.o
 .text.local_start_SSC
                0x80004568       0x44 src/Application/radio/ssc.o
                0x80004568                local_start_SSC
 .text.local_start_PDC
                0x800045ac       0x6c src/Application/radio/ssc.o
                0x800045ac                local_start_PDC
 .text.register_rx_tx_func
                0x80004618       0x14 src/Application/radio/ssc.o
                0x80004618                register_rx_tx_func
 .text.ssc_init
                0x8000462c       0x74 src/Application/radio/ssc.o
                0x8000462c                ssc_init
 .text.xcmp_register_app_list
                0x800046a0        0xc src/Application/radio/xcmp.o
                0x800046a0                xcmp_register_app_list
 .text.xcmp_tx  0x800046ac       0x48 src/Application/radio/xcmp.o
 .text.xcmp_data_session_req
                0x800046f4       0x8c src/Application/radio/xcmp.o
                0x800046f4                xcmp_data_session_req
 .text.xcmp_DeviceInitializationStatus_request
                0x80004780       0x40 src/Application/radio/xcmp.o
                0x80004780                xcmp_DeviceInitializationStatus_request
 .text.xcmp_opcode_not_supported
                0x800047c0       0x24 src/Application/radio/xcmp.o
                0x800047c0                xcmp_opcode_not_supported
 .text.xcmp_exec_func
                0x800047e4       0x48 src/Application/radio/xcmp.o
 .text.xcmp_IdleTestTone
                0x8000482c       0x60 src/Application/radio/xcmp.o
                0x8000482c                xcmp_IdleTestTone
 .text.xcmp_init
                0x8000488c       0x54 src/Application/radio/xcmp.o
                0x8000488c                xcmp_init
 .text.xcmp_rx_process
                0x800048e0       0xfc src/Application/radio/xcmp.o
 .text.xcmp_rx  0x800049dc       0x4c src/Application/radio/xcmp.o
 .text.xnl_register_xcmp_func
                0x80004a28        0xc src/Application/radio/xnl.o
                0x80004a28                xnl_register_xcmp_func
 .text.xnl_get_msg_ack_func
                0x80004a34       0x2c src/Application/radio/xnl.o
                0x80004a34                xnl_get_msg_ack_func
 .text.xnl_init
                0x80004a60      0x12c src/Application/radio/xnl.o
                0x80004a60                xnl_init
 .text.xnl_rx_process
                0x80004b8c       0x60 src/Application/radio/xnl.o
 .text.xnl_tx_process
                0x80004bec       0xcc src/Application/radio/xnl.o
 .text.xnl_tx   0x80004cb8       0xe4 src/Application/radio/xnl.o
                0x80004cb8                xnl_tx
 .text.xnl_data_msg_func
                0x80004d9c       0x60 src/Application/radio/xnl.o
                0x80004d9c                xnl_data_msg_func
 .text.xnl_device_auth_reply_func
                0x80004dfc      0x120 src/Application/radio/xnl.o
                0x80004dfc                xnl_device_auth_reply_func
 .text.xnl_master_status_brdcst_func
                0x80004f1c       0x60 src/Application/radio/xnl.o
                0x80004f1c                xnl_master_status_brdcst_func
 .text.xnl_device_conn_reply_func
                0x80004f7c       0x5c src/Application/radio/xnl.o
                0x80004f7c                xnl_device_conn_reply_func
 .text.xnl_send_device_master_query
                0x80004fd8       0x30 src/Application/radio/xnl.o
                0x80004fd8                xnl_send_device_master_query
 .text.RC522_SPI_SetSpeed
                0x80005008       0x24 src/Application/RFID/MFRC522/rc522.o
                0x80005008                RC522_SPI_SetSpeed
 .text.RC522_SPI_SetSpeedLow
                0x8000502c       0x10 src/Application/RFID/MFRC522/rc522.o
                0x8000502c                RC522_SPI_SetSpeedLow
 .text.RC522_ReadByte
                0x8000503c       0x2c src/Application/RFID/MFRC522/rc522.o
                0x8000503c                RC522_ReadByte
 .text.RC522_WriteByte
                0x80005068       0x30 src/Application/RFID/MFRC522/rc522.o
                0x80005068                RC522_WriteByte
 .text.WriteRawRC
                0x80005098       0x40 src/Application/RFID/MFRC522/rc522.o
                0x80005098                WriteRawRC
 .text.PcdReset
                0x800050d8       0x80 src/Application/RFID/MFRC522/rc522.o
                0x800050d8                PcdReset
 .text.ReadRawRC
                0x80005158       0x48 src/Application/RFID/MFRC522/rc522.o
                0x80005158                ReadRawRC
 .text.Wait_Wakeup_RC522
                0x800051a0       0x10 src/Application/RFID/MFRC522/rc522.o
                0x800051a0                Wait_Wakeup_RC522
 .text.Powerdown_RC522
                0x800051b0       0x4c src/Application/RFID/MFRC522/rc522.o
                0x800051b0                Powerdown_RC522
 .text.SetBitMask
                0x800051fc       0x24 src/Application/RFID/MFRC522/rc522.o
                0x800051fc                SetBitMask
 .text.PcdAntennaOn
                0x80005220       0x20 src/Application/RFID/MFRC522/rc522.o
                0x80005220                PcdAntennaOn
 .text.ClearBitMask
                0x80005240       0x28 src/Application/RFID/MFRC522/rc522.o
                0x80005240                ClearBitMask
 .text.PcdAntennaOff
                0x80005268       0x10 src/Application/RFID/MFRC522/rc522.o
                0x80005268                PcdAntennaOff
 .text.M500PcdConfigISOType
                0x80005278       0x70 src/Application/RFID/MFRC522/rc522.o
                0x80005278                M500PcdConfigISOType
 .text.rc522_init
                0x800052e8       0xb4 src/Application/RFID/MFRC522/rc522.o
                0x800052e8                rc522_init
 .text.PcdComMF522
                0x8000539c      0x178 src/Application/RFID/MFRC522/rc522.o
                0x8000539c                PcdComMF522
 .text.PcdAnticoll
                0x80005514       0x84 src/Application/RFID/MFRC522/rc522.o
                0x80005514                PcdAnticoll
 .text.PcdRequest
                0x80005598       0x64 src/Application/RFID/MFRC522/rc522.o
                0x80005598                PcdRequest
 .text.CalulateCRC
                0x800055fc       0x8c src/Application/RFID/MFRC522/rc522.o
                0x800055fc                CalulateCRC
 .text.PcdSelect
                0x80005688       0x74 src/Application/RFID/MFRC522/rc522.o
                0x80005688                PcdSelect
 .text.rfid_auto_reader
                0x800056fc      0x120 src/Application/RFID/RFID.o
                0x800056fc                rfid_auto_reader
 .text.scan_patrol
                0x8000581c       0x50 src/Application/RFID/RFID.o
                0x8000581c                scan_patrol
 .text.scan_rfid_save_message
                0x8000586c      0x19c src/Application/RFID/RFID.o
                0x8000586c                scan_rfid_save_message
 .text.rfid_init
                0x80005a08        0xc src/Application/RFID/RFID.o
                0x80005a08                rfid_init
 .text.delay_ns
                0x80005a14       0x16 src/Application/timers/timer.o
                0x80005a14                delay_ns
 *fill*         0x80005a2a        0x2 d703d703
 .text.delay_us
                0x80005a2c       0x28 src/Application/timers/timer.o
                0x80005a2c                delay_us
 .text.delay_ms
                0x80005a54       0x28 src/Application/timers/timer.o
                0x80005a54                delay_ms
 .text.local_start_timer
                0x80005a7c       0x2c src/Application/timers/timer.o
                0x80005a7c                local_start_timer
 .text.local_start_pll0
                0x80005aa8       0x94 src/Application/timers/timer.o
                0x80005aa8                local_start_pll0
 .text.xg_flashc_init
                0x80005b3c      0x284 src/Application/xgflash/xgflash.o
                0x80005b3c                xg_flashc_init
 .text.xgflash_get_message_data
                0x80005dc0      0x160 src/Application/xgflash/xgflash.o
                0x80005dc0                xgflash_get_message_data
 .text.xgflash_message_save
                0x80005f20      0x180 src/Application/xgflash/xgflash.o
                0x80005f20                xgflash_message_save
 .text.xgflash_get_message_count
                0x800060a0       0x4c src/Application/xgflash/xgflash.o
                0x800060a0                xgflash_get_message_count
 .text.flashc_set_wait_state
                0x800060ec        0xe src/ASF/avr32/drivers/flashc/flashc.o
                0x800060ec                flashc_set_wait_state
 .text.gpio_enable_module_pin
                0x800060fa       0x52 src/ASF/avr32/drivers/gpio/gpio.o
                0x800060fa                gpio_enable_module_pin
 .text.gpio_enable_module
                0x8000614c       0x30 src/ASF/avr32/drivers/gpio/gpio.o
                0x8000614c                gpio_enable_module
 .text.gpio_enable_gpio_pin
                0x8000617c       0x18 src/ASF/avr32/drivers/gpio/gpio.o
                0x8000617c                gpio_enable_gpio_pin
 .text.gpio_set_gpio_pin
                0x80006194       0x1c src/ASF/avr32/drivers/gpio/gpio.o
                0x80006194                gpio_set_gpio_pin
 .text.gpio_clr_gpio_pin
                0x800061b0       0x1c src/ASF/avr32/drivers/gpio/gpio.o
                0x800061b0                gpio_clr_gpio_pin
 .text._unhandled_interrupt
                0x800061cc        0x2 src/ASF/avr32/drivers/intc/intc.o
 *fill*         0x800061ce        0x2 d703d703
 .text.INTC_register_interrupt
                0x800061d0       0x80 src/ASF/avr32/drivers/intc/intc.o
                0x800061d0                INTC_register_interrupt
 .text.INTC_init_interrupts
                0x80006250       0x54 src/ASF/avr32/drivers/intc/intc.o
                0x80006250                INTC_init_interrupts
 .text._get_interrupt_handler
                0x800062a4       0x38 src/ASF/avr32/drivers/intc/intc.o
                0x800062a4                _get_interrupt_handler
 .text.pm_set_osc0_mode
                0x800062dc        0xa src/ASF/avr32/drivers/pm/pm.o
 *fill*         0x800062e6        0x2 d703d703
 .text.pm_enable_osc0_crystal
                0x800062e8       0x3c src/ASF/avr32/drivers/pm/pm.o
                0x800062e8                pm_enable_osc0_crystal
 .text.pm_enable_clk0_no_wait
                0x80006324       0x10 src/ASF/avr32/drivers/pm/pm.o
                0x80006324                pm_enable_clk0_no_wait
 .text.pm_wait_for_clk0_ready
                0x80006334        0xa src/ASF/avr32/drivers/pm/pm.o
                0x80006334                pm_wait_for_clk0_ready
 *fill*         0x8000633e        0x2 d703d703
 .text.pm_enable_clk0
                0x80006340       0x1c src/ASF/avr32/drivers/pm/pm.o
                0x80006340                pm_enable_clk0
 .text.pm_set_osc32_mode
                0x8000635c        0xa src/ASF/avr32/drivers/pm/pm.o
 *fill*         0x80006366        0x2 d703d703
 .text.pm_enable_osc32_crystal
                0x80006368       0x10 src/ASF/avr32/drivers/pm/pm.o
                0x80006368                pm_enable_osc32_crystal
 .text.pm_enable_clk32_no_wait
                0x80006378       0x10 src/ASF/avr32/drivers/pm/pm.o
                0x80006378                pm_enable_clk32_no_wait
 .text.pm_wait_for_clk32_ready
                0x80006388        0xa src/ASF/avr32/drivers/pm/pm.o
                0x80006388                pm_wait_for_clk32_ready
 *fill*         0x80006392        0x2 d703d703
 .text.pm_enable_clk32
                0x80006394       0x1c src/ASF/avr32/drivers/pm/pm.o
                0x80006394                pm_enable_clk32
 .text.pm_cksel
                0x800063b0       0x46 src/ASF/avr32/drivers/pm/pm.o
                0x800063b0                pm_cksel
 .text.pm_pll_setup
                0x800063f6       0x22 src/ASF/avr32/drivers/pm/pm.o
                0x800063f6                pm_pll_setup
 .text.pm_pll_set_option
                0x80006418       0x1a src/ASF/avr32/drivers/pm/pm.o
                0x80006418                pm_pll_set_option
 .text.pm_pll_enable
                0x80006432        0xe src/ASF/avr32/drivers/pm/pm.o
                0x80006432                pm_pll_enable
 .text.pm_wait_for_pll0_locked
                0x80006440        0xa src/ASF/avr32/drivers/pm/pm.o
                0x80006440                pm_wait_for_pll0_locked
 .text.pm_switch_to_clock
                0x8000644a        0xa src/ASF/avr32/drivers/pm/pm.o
                0x8000644a                pm_switch_to_clock
 .text.pm_switch_to_osc0
                0x80006454       0x2c src/ASF/avr32/drivers/pm/pm.o
                0x80006454                pm_switch_to_osc0
 .text.rtc_is_busy
                0x80006480        0x8 src/ASF/avr32/drivers/rtc/rtc.o
                0x80006480                rtc_is_busy
 .text.rtc_set_value
                0x80006488       0x24 src/ASF/avr32/drivers/rtc/rtc.o
                0x80006488                rtc_set_value
 .text.rtc_enable
                0x800064ac       0x24 src/ASF/avr32/drivers/rtc/rtc.o
                0x800064ac                rtc_enable
 .text.rtc_enable_interrupt
                0x800064d0        0x6 src/ASF/avr32/drivers/rtc/rtc.o
                0x800064d0                rtc_enable_interrupt
 *fill*         0x800064d6        0x2 d703d703
 .text.rtc_set_top_value
                0x800064d8       0x24 src/ASF/avr32/drivers/rtc/rtc.o
                0x800064d8                rtc_set_top_value
 .text.rtc_clear_interrupt
                0x800064fc       0x1e src/ASF/avr32/drivers/rtc/rtc.o
                0x800064fc                rtc_clear_interrupt
 *fill*         0x8000651a        0x2 d703d703
 .text.rtc_init
                0x8000651c       0x80 src/ASF/avr32/drivers/rtc/rtc.o
                0x8000651c                rtc_init
 .text.getBaudDiv
                0x8000659c       0x20 src/ASF/avr32/drivers/spi/spi.o
                0x8000659c                getBaudDiv
 .text.spi_initMaster
                0x800065bc       0x38 src/ASF/avr32/drivers/spi/spi.o
                0x800065bc                spi_initMaster
 .text.spi_selectionMode
                0x800065f4       0x2c src/ASF/avr32/drivers/spi/spi.o
                0x800065f4                spi_selectionMode
 .text.spi_enable
                0x80006620        0x6 src/ASF/avr32/drivers/spi/spi.o
                0x80006620                spi_enable
 .text.spi_write
                0x80006626       0x1c src/ASF/avr32/drivers/spi/spi.o
                0x80006626                spi_write
 .text.spi_read
                0x80006642       0x20 src/ASF/avr32/drivers/spi/spi.o
                0x80006642                spi_read
 *fill*         0x80006662        0x2 d703d703
 .text.spi_setupChipReg
                0x80006664       0xe8 src/ASF/avr32/drivers/spi/spi.o
                0x80006664                spi_setupChipReg
 .text.spi_unselectChip
                0x8000674c       0x40 src/ASF/avr32/drivers/spi/spi.o
                0x8000674c                spi_unselectChip
 .text.spi_selectChip
                0x8000678c       0x78 src/ASF/avr32/drivers/spi/spi.o
                0x8000678c                spi_selectChip
 .text.usart_set_async_baudrate
                0x80006804       0x5a src/ASF/avr32/drivers/usart/usart.o
 .text.usart_write_char
                0x8000685e       0x14 src/ASF/avr32/drivers/usart/usart.o
                0x8000685e                usart_write_char
 *fill*         0x80006872        0x2 d703d703
 .text.usart_putchar
                0x80006874       0x2c src/ASF/avr32/drivers/usart/usart.o
                0x80006874                usart_putchar
 .text.usart_read_char
                0x800068a0       0x22 src/ASF/avr32/drivers/usart/usart.o
                0x800068a0                usart_read_char
 *fill*         0x800068c2        0x2 d703d703
 .text.usart_getchar
                0x800068c4       0x2c src/ASF/avr32/drivers/usart/usart.o
                0x800068c4                usart_getchar
 .text.usart_write_line
                0x800068f0       0x24 src/ASF/avr32/drivers/usart/usart.o
                0x800068f0                usart_write_line
 .text.usart_reset
                0x80006914       0x2c src/ASF/avr32/drivers/usart/usart.o
                0x80006914                usart_reset
 .text.usart_init_rs232
                0x80006940       0xcc src/ASF/avr32/drivers/usart/usart.o
                0x80006940                usart_init_rs232
 .text._stext   0x80006a0c       0x40 src/ASF/avr32/utils/startup/startup_uc3.o
                                 0x50 (size before relaxing)
                0x80006a0c                _stext
 .text.vListInitialise
                0x80006a4c       0x14 src/ASF/thirdparty/freertos/freertos-7.0.0/source/list.o
                0x80006a4c                vListInitialise
 .text.vListInitialiseItem
                0x80006a60        0x6 src/ASF/thirdparty/freertos/freertos-7.0.0/source/list.o
                0x80006a60                vListInitialiseItem
 .text.vListInsertEnd
                0x80006a66       0x1c src/ASF/thirdparty/freertos/freertos-7.0.0/source/list.o
                0x80006a66                vListInsertEnd
 .text.vListInsert
                0x80006a82       0x34 src/ASF/thirdparty/freertos/freertos-7.0.0/source/list.o
                0x80006a82                vListInsert
 .text.vListRemove
                0x80006ab6       0x26 src/ASF/thirdparty/freertos/freertos-7.0.0/source/list.o
                0x80006ab6                vListRemove
 .text.pxPortInitialiseStack
                0x80006adc       0x92 src/ASF/thirdparty/freertos/freertos-7.0.0/source/portable/gcc/avr32_uc3/port.o
                0x80006adc                pxPortInitialiseStack
 *fill*         0x80006b6e        0x2 d703d703
 .text.vPortEnterCritical
                0x80006b70       0x10 src/ASF/thirdparty/freertos/freertos-7.0.0/source/portable/gcc/avr32_uc3/port.o
                0x80006b70                vPortEnterCritical
 .text.xPortStartScheduler
                0x80006b80       0x58 src/ASF/thirdparty/freertos/freertos-7.0.0/source/portable/gcc/avr32_uc3/port.o
                0x80006b80                xPortStartScheduler
 .text.SCALLYield
                0x80006bd8       0x98 src/ASF/thirdparty/freertos/freertos-7.0.0/source/portable/gcc/avr32_uc3/port.o
                0x80006bd8                SCALLYield
 .text.prvClearCcInt
                0x80006c70        0xa src/ASF/thirdparty/freertos/freertos-7.0.0/source/portable/gcc/avr32_uc3/port.o
 *fill*         0x80006c7a        0x2 d703d703
 .text.vPortExitCritical
                0x80006c7c       0x20 src/ASF/thirdparty/freertos/freertos-7.0.0/source/portable/gcc/avr32_uc3/port.o
                0x80006c7c                vPortExitCritical
 .text.vTick    0x80006c9c       0x84 src/ASF/thirdparty/freertos/freertos-7.0.0/source/portable/gcc/avr32_uc3/port.o
 .text.__malloc_lock
                0x80006d20        0xc src/ASF/thirdparty/freertos/freertos-7.0.0/source/portable/gcc/avr32_uc3/port.o
                0x80006d20                __malloc_lock
 .text.__malloc_unlock
                0x80006d2c        0xc src/ASF/thirdparty/freertos/freertos-7.0.0/source/portable/gcc/avr32_uc3/port.o
                0x80006d2c                __malloc_unlock
 .text._read    0x80006d38       0x40 src/ASF/thirdparty/freertos/freertos-7.0.0/source/portable/gcc/avr32_uc3/read.o
                0x80006d38                _read
 .text._write   0x80006d78       0x3c src/ASF/thirdparty/freertos/freertos-7.0.0/source/portable/gcc/avr32_uc3/write.o
                0x80006d78                _write
 .text.vPortFree
                0x80006db4       0x28 src/ASF/thirdparty/freertos/freertos-7.0.0/source/portable/memmang/heap_3.o
                0x80006db4                vPortFree
 .text.pvPortMalloc
                0x80006ddc       0x28 src/ASF/thirdparty/freertos/freertos-7.0.0/source/portable/memmang/heap_3.o
                0x80006ddc                pvPortMalloc
 .text.prvCopyDataFromQueue
                0x80006e04       0x30 src/ASF/thirdparty/freertos/freertos-7.0.0/source/queue.o
 .text.xQueueReceiveFromISR
                0x80006e34       0x50 src/ASF/thirdparty/freertos/freertos-7.0.0/source/queue.o
                0x80006e34                xQueueReceiveFromISR
 .text.prvUnlockQueue
                0x80006e84       0xa0 src/ASF/thirdparty/freertos/freertos-7.0.0/source/queue.o
 .text.xQueueGenericReceive
                0x80006f24      0x144 src/ASF/thirdparty/freertos/freertos-7.0.0/source/queue.o
                0x80006f24                xQueueGenericReceive
 .text.prvCopyDataToQueue
                0x80007068       0x78 src/ASF/thirdparty/freertos/freertos-7.0.0/source/queue.o
 .text.xQueueGenericSendFromISR
                0x800070e0       0x50 src/ASF/thirdparty/freertos/freertos-7.0.0/source/queue.o
                0x800070e0                xQueueGenericSendFromISR
 .text.xQueueGenericSend
                0x80007130      0x100 src/ASF/thirdparty/freertos/freertos-7.0.0/source/queue.o
                0x80007130                xQueueGenericSend
 .text.xQueueCreateMutex
                0x80007230       0x58 src/ASF/thirdparty/freertos/freertos-7.0.0/source/queue.o
                0x80007230                xQueueCreateMutex
 .text.xQueueCreate
                0x80007288       0x74 src/ASF/thirdparty/freertos/freertos-7.0.0/source/queue.o
                0x80007288                xQueueCreate
 .text.xQueueCreateCountingSemaphore
                0x800072fc       0x18 src/ASF/thirdparty/freertos/freertos-7.0.0/source/queue.o
                0x800072fc                xQueueCreateCountingSemaphore
 .text.vTaskSuspendAll
                0x80007314       0x10 src/ASF/thirdparty/freertos/freertos-7.0.0/source/tasks.o
                0x80007314                vTaskSuspendAll
 .text.vTaskSwitchContext
                0x80007324       0x7c src/ASF/thirdparty/freertos/freertos-7.0.0/source/tasks.o
                0x80007324                vTaskSwitchContext
 .text.vTaskSetTimeOutState
                0x800073a0       0x18 src/ASF/thirdparty/freertos/freertos-7.0.0/source/tasks.o
                0x800073a0                vTaskSetTimeOutState
 .text.vTaskMissedYield
                0x800073b8        0xc src/ASF/thirdparty/freertos/freertos-7.0.0/source/tasks.o
                0x800073b8                vTaskMissedYield
 .text.xTaskGetCurrentTaskHandle
                0x800073c4        0xc src/ASF/thirdparty/freertos/freertos-7.0.0/source/tasks.o
                0x800073c4                xTaskGetCurrentTaskHandle
 .text.vTaskPriorityDisinherit
                0x800073d0       0x58 src/ASF/thirdparty/freertos/freertos-7.0.0/source/tasks.o
                0x800073d0                vTaskPriorityDisinherit
 .text.vTaskPriorityInherit
                0x80007428       0x84 src/ASF/thirdparty/freertos/freertos-7.0.0/source/tasks.o
                0x80007428                vTaskPriorityInherit
 .text.xTaskRemoveFromEventList
                0x800074ac       0x7c src/ASF/thirdparty/freertos/freertos-7.0.0/source/tasks.o
                0x800074ac                xTaskRemoveFromEventList
 .text.vTaskIncrementTick
                0x80007528      0x114 src/ASF/thirdparty/freertos/freertos-7.0.0/source/tasks.o
                0x80007528                vTaskIncrementTick
 .text.xTaskCheckForTimeOut
                0x8000763c       0x70 src/ASF/thirdparty/freertos/freertos-7.0.0/source/tasks.o
                0x8000763c                xTaskCheckForTimeOut
 .text.xTaskGetTickCount
                0x800076ac       0x24 src/ASF/thirdparty/freertos/freertos-7.0.0/source/tasks.o
                0x800076ac                xTaskGetTickCount
 .text.xTaskResumeAll
                0x800076d0       0xe8 src/ASF/thirdparty/freertos/freertos-7.0.0/source/tasks.o
                0x800076d0                xTaskResumeAll
 .text.prvAddCurrentTaskToDelayedList
                0x800077b8       0x5c src/ASF/thirdparty/freertos/freertos-7.0.0/source/tasks.o
 .text.vTaskDelay
                0x80007814       0x48 src/ASF/thirdparty/freertos/freertos-7.0.0/source/tasks.o
                0x80007814                vTaskDelay
 .text.vTaskDelayUntil
                0x8000785c       0x80 src/ASF/thirdparty/freertos/freertos-7.0.0/source/tasks.o
                0x8000785c                vTaskDelayUntil
 .text.vTaskPlaceOnEventList
                0x800078dc       0x58 src/ASF/thirdparty/freertos/freertos-7.0.0/source/tasks.o
                0x800078dc                vTaskPlaceOnEventList
 .text.prvIdleTask
                0x80007934       0x88 src/ASF/thirdparty/freertos/freertos-7.0.0/source/tasks.o
 .text.xTaskGenericCreate
                0x800079bc      0x1e8 src/ASF/thirdparty/freertos/freertos-7.0.0/source/tasks.o
                0x800079bc                xTaskGenericCreate
 .text.vTaskStartScheduler
                0x80007ba4       0x4c src/ASF/thirdparty/freertos/freertos-7.0.0/source/tasks.o
                0x80007ba4                vTaskStartScheduler
 .text.PrintChar
                0x80007bf0        0x4 src/Log/log.o
                0x80007bf0                PrintChar
 .text.PrintHex
                0x80007bf4       0xb2 src/Log/log.o
                0x80007bf4                PrintHex
 .text.PrintDec
                0x80007ca6       0xda src/Log/log.o
                0x80007ca6                PrintDec
 .text.log      0x80007d80      0x18c src/Log/log.o
                0x80007d80                log
 .text.logFromISR
                0x80007f0c      0x180 src/Log/log.o
                0x80007f0c                logFromISR
 .text.log_init
                0x8000808c       0x64 src/Log/log.o
                0x8000808c                log_init
 .text.task_log
                0x800080f0       0x44 src/Log/log.o
 .text.main     0x80008134       0x78 src/main.o
                0x80008134                main
 .text.free     0x800081ac       0x10 e:/program x86/atmel/studio/7.0/toolchain/avr32/avr32-gnu-toolchain/bin/../lib/gcc/avr32/4.4.7/../../../../avr32/lib/ucr2\libc.a(lib_a-malloc.o)
                                 0x18 (size before relaxing)
                0x800081ac                free
 .text.malloc   0x800081bc       0x10 e:/program x86/atmel/studio/7.0/toolchain/avr32/avr32-gnu-toolchain/bin/../lib/gcc/avr32/4.4.7/../../../../avr32/lib/ucr2\libc.a(lib_a-malloc.o)
                                 0x18 (size before relaxing)
                0x800081bc                malloc
 .text._malloc_r
                0x800081cc      0x438 e:/program x86/atmel/studio/7.0/toolchain/avr32/avr32-gnu-toolchain/bin/../lib/gcc/avr32/4.4.7/../../../../avr32/lib/ucr2\libc.a(lib_a-mallocr.o)
                                0x450 (size before relaxing)
                0x800081cc                _malloc_r
 .text.memcmp   0x80008604       0x26 e:/program x86/atmel/studio/7.0/toolchain/avr32/avr32-gnu-toolchain/bin/../lib/gcc/avr32/4.4.7/../../../../avr32/lib/ucr2\libc.a(lib_a-memcmp.o)
                0x80008604                memcmp
 .text          0x8000862a      0x148 e:/program x86/atmel/studio/7.0/toolchain/avr32/avr32-gnu-toolchain/bin/../lib/gcc/avr32/4.4.7/../../../../avr32/lib/ucr2\libc.a(lib_a-memcpy.o)
                0x8000862a                memcpy
 .text.memset   0x80008772        0xe e:/program x86/atmel/studio/7.0/toolchain/avr32/avr32-gnu-toolchain/bin/../lib/gcc/avr32/4.4.7/../../../../avr32/lib/ucr2\libc.a(lib_a-memset.o)
                0x80008772                memset
 .text._realloc_r
                0x80008780      0x2c0 e:/program x86/atmel/studio/7.0/toolchain/avr32/avr32-gnu-toolchain/bin/../lib/gcc/avr32/4.4.7/../../../../avr32/lib/ucr2\libc.a(lib_a-reallocr.o)
                                0x2e0 (size before relaxing)
                0x80008780                _realloc_r
 .text._sbrk_r  0x80008a40       0x20 e:/program x86/atmel/studio/7.0/toolchain/avr32/avr32-gnu-toolchain/bin/../lib/gcc/avr32/4.4.7/../../../../avr32/lib/ucr2\libc.a(lib_a-sbrkr.o)
                                 0x28 (size before relaxing)
                0x80008a40                _sbrk_r
 .text.sprintf  0x80008a60       0x3c e:/program x86/atmel/studio/7.0/toolchain/avr32/avr32-gnu-toolchain/bin/../lib/gcc/avr32/4.4.7/../../../../avr32/lib/ucr2\libc.a(lib_a-sprintf.o)
                                 0x40 (size before relaxing)
                0x80008a60                sprintf
 .text          0x80008a9c       0x20 e:/program x86/atmel/studio/7.0/toolchain/avr32/avr32-gnu-toolchain/bin/../lib/gcc/avr32/4.4.7/../../../../avr32/lib/ucr2\libc.a(lib_a-strncpy.o)
                0x80008a9c                strncpy
 .text._close   0x80008abc       0x14 e:/program x86/atmel/studio/7.0/toolchain/avr32/avr32-gnu-toolchain/bin/../lib/gcc/avr32/4.4.7/../../../../avr32/lib/ucr2\libc.a(lib_a-syscalls.o)
                                 0x18 (size before relaxing)
                0x80008abc                _close
 .text._lseek   0x80008ad0       0x14 e:/program x86/atmel/studio/7.0/toolchain/avr32/avr32-gnu-toolchain/bin/../lib/gcc/avr32/4.4.7/../../../../avr32/lib/ucr2\libc.a(lib_a-syscalls.o)
                                 0x18 (size before relaxing)
                0x80008ad0                _lseek
 .text.isatty   0x80008ae4       0x14 e:/program x86/atmel/studio/7.0/toolchain/avr32/avr32-gnu-toolchain/bin/../lib/gcc/avr32/4.4.7/../../../../avr32/lib/ucr2\libc.a(lib_a-syscalls.o)
                                 0x18 (size before relaxing)
                0x80008ae4                isatty
 .text._fstat_host
                0x80008af8       0x14 e:/program x86/atmel/studio/7.0/toolchain/avr32/avr32-gnu-toolchain/bin/../lib/gcc/avr32/4.4.7/../../../../avr32/lib/ucr2\libc.a(lib_a-syscalls.o)
                                 0x18 (size before relaxing)
                0x80008af8                _fstat_host
 .text._fstat   0x80008b0c       0x4c e:/program x86/atmel/studio/7.0/toolchain/avr32/avr32-gnu-toolchain/bin/../lib/gcc/avr32/4.4.7/../../../../avr32/lib/ucr2\libc.a(lib_a-syscalls.o)
                                 0x50 (size before relaxing)
                0x80008b0c                _fstat
 .text._sbrk    0x80008b58       0x38 e:/program x86/atmel/studio/7.0/toolchain/avr32/avr32-gnu-toolchain/bin/../lib/gcc/avr32/4.4.7/../../../../avr32/lib/ucr2\libc.a(lib_a-syscalls.o)
                                 0x40 (size before relaxing)
                0x80008b58                _sbrk
 .text.get_arg  0x80008b90      0x314 e:/program x86/atmel/studio/7.0/toolchain/avr32/avr32-gnu-toolchain/bin/../lib/gcc/avr32/4.4.7/../../../../avr32/lib/ucr2\libc.a(lib_a-vfprintf.o)
                                0x324 (size before relaxing)
 .text.__sprint_r
                0x80008ea4       0x1c e:/program x86/atmel/studio/7.0/toolchain/avr32/avr32-gnu-toolchain/bin/../lib/gcc/avr32/4.4.7/../../../../avr32/lib/ucr2\libc.a(lib_a-vfprintf.o)
                                 0x20 (size before relaxing)
 .text._vfprintf_r
                0x80008ec0     0x1f14 e:/program x86/atmel/studio/7.0/toolchain/avr32/avr32-gnu-toolchain/bin/../lib/gcc/avr32/4.4.7/../../../../avr32/lib/ucr2\libc.a(lib_a-vfprintf.o)
                               0x1f9c (size before relaxing)
                0x80008ec0                _vfprintf_r
 .text.__swsetup_r
                0x8000add4       0xdc e:/program x86/atmel/studio/7.0/toolchain/avr32/avr32-gnu-toolchain/bin/../lib/gcc/avr32/4.4.7/../../../../avr32/lib/ucr2\libc.a(lib_a-wsetup.o)
                                 0xe8 (size before relaxing)
                0x8000add4                __swsetup_r
 .text.quorem   0x8000aeb0      0x120 e:/program x86/atmel/studio/7.0/toolchain/avr32/avr32-gnu-toolchain/bin/../lib/gcc/avr32/4.4.7/../../../../avr32/lib/ucr2\libc.a(lib_a-dtoa.o)
                                0x124 (size before relaxing)
 .text._dtoa_r  0x8000afd0      0xbdc e:/program x86/atmel/studio/7.0/toolchain/avr32/avr32-gnu-toolchain/bin/../lib/gcc/avr32/4.4.7/../../../../avr32/lib/ucr2\libc.a(lib_a-dtoa.o)
                                0xc90 (size before relaxing)
                0x8000afd0                _dtoa_r
 .text.__errno  0x8000bbac        0xc e:/program x86/atmel/studio/7.0/toolchain/avr32/avr32-gnu-toolchain/bin/../lib/gcc/avr32/4.4.7/../../../../avr32/lib/ucr2\libc.a(lib_a-errno.o)
                0x8000bbac                __errno
 .text._fflush_r
                0x8000bbb8      0x10c e:/program x86/atmel/studio/7.0/toolchain/avr32/avr32-gnu-toolchain/bin/../lib/gcc/avr32/4.4.7/../../../../avr32/lib/ucr2\libc.a(lib_a-fflush.o)
                                0x118 (size before relaxing)
                0x8000bbb8                _fflush_r
 .text.__sfp_lock_acquire
                0x8000bcc4        0x2 e:/program x86/atmel/studio/7.0/toolchain/avr32/avr32-gnu-toolchain/bin/../lib/gcc/avr32/4.4.7/../../../../avr32/lib/ucr2\libc.a(lib_a-findfp.o)
                0x8000bcc4                __sfp_lock_acquire
 .text.__sfp_lock_release
                0x8000bcc6        0x2 e:/program x86/atmel/studio/7.0/toolchain/avr32/avr32-gnu-toolchain/bin/../lib/gcc/avr32/4.4.7/../../../../avr32/lib/ucr2\libc.a(lib_a-findfp.o)
                0x8000bcc6                __sfp_lock_release
 .text._cleanup_r
                0x8000bcc8        0xc e:/program x86/atmel/studio/7.0/toolchain/avr32/avr32-gnu-toolchain/bin/../lib/gcc/avr32/4.4.7/../../../../avr32/lib/ucr2\libc.a(lib_a-findfp.o)
                                 0x14 (size before relaxing)
                0x8000bcc8                _cleanup_r
 .text.__sfmoreglue
                0x8000bcd4       0x28 e:/program x86/atmel/studio/7.0/toolchain/avr32/avr32-gnu-toolchain/bin/../lib/gcc/avr32/4.4.7/../../../../avr32/lib/ucr2\libc.a(lib_a-findfp.o)
                                 0x30 (size before relaxing)
                0x8000bcd4                __sfmoreglue
 .text.__sfp    0x8000bcfc       0x6c e:/program x86/atmel/studio/7.0/toolchain/avr32/avr32-gnu-toolchain/bin/../lib/gcc/avr32/4.4.7/../../../../avr32/lib/ucr2\libc.a(lib_a-findfp.o)
                                 0x7c (size before relaxing)
                0x8000bcfc                __sfp
 .text.__sinit  0x8000bd68       0x9c e:/program x86/atmel/studio/7.0/toolchain/avr32/avr32-gnu-toolchain/bin/../lib/gcc/avr32/4.4.7/../../../../avr32/lib/ucr2\libc.a(lib_a-findfp.o)
                                 0xb0 (size before relaxing)
                0x8000bd68                __sinit
 .text._malloc_trim_r
                0x8000be04       0x98 e:/program x86/atmel/studio/7.0/toolchain/avr32/avr32-gnu-toolchain/bin/../lib/gcc/avr32/4.4.7/../../../../avr32/lib/ucr2\libc.a(lib_a-freer.o)
                                 0xa8 (size before relaxing)
                0x8000be04                _malloc_trim_r
 .text._free_r  0x8000be9c      0x18c e:/program x86/atmel/studio/7.0/toolchain/avr32/avr32-gnu-toolchain/bin/../lib/gcc/avr32/4.4.7/../../../../avr32/lib/ucr2\libc.a(lib_a-freer.o)
                                0x1a0 (size before relaxing)
                0x8000be9c                _free_r
 .text.__sfvwrite_r
                0x8000c028      0x294 e:/program x86/atmel/studio/7.0/toolchain/avr32/avr32-gnu-toolchain/bin/../lib/gcc/avr32/4.4.7/../../../../avr32/lib/ucr2\libc.a(lib_a-fvwrite.o)
                                0x2c4 (size before relaxing)
                0x8000c028                __sfvwrite_r
 .text._fwalk   0x8000c2bc       0x4c e:/program x86/atmel/studio/7.0/toolchain/avr32/avr32-gnu-toolchain/bin/../lib/gcc/avr32/4.4.7/../../../../avr32/lib/ucr2\libc.a(lib_a-fwalk.o)
                                 0x54 (size before relaxing)
                0x8000c2bc                _fwalk
 .text._localeconv_r
                0x8000c308        0x8 e:/program x86/atmel/studio/7.0/toolchain/avr32/avr32-gnu-toolchain/bin/../lib/gcc/avr32/4.4.7/../../../../avr32/lib/ucr2\libc.a(lib_a-locale.o)
                0x8000c308                _localeconv_r
 .text.__smakebuf_r
                0x8000c310       0xbc e:/program x86/atmel/studio/7.0/toolchain/avr32/avr32-gnu-toolchain/bin/../lib/gcc/avr32/4.4.7/../../../../avr32/lib/ucr2\libc.a(lib_a-makebuf.o)
                                 0xcc (size before relaxing)
                0x8000c310                __smakebuf_r
 .text.memchr   0x8000c3cc       0x16 e:/program x86/atmel/studio/7.0/toolchain/avr32/avr32-gnu-toolchain/bin/../lib/gcc/avr32/4.4.7/../../../../avr32/lib/ucr2\libc.a(lib_a-memchr.o)
                0x8000c3cc                memchr
 .text.memmove  0x8000c3e2       0x3e e:/program x86/atmel/studio/7.0/toolchain/avr32/avr32-gnu-toolchain/bin/../lib/gcc/avr32/4.4.7/../../../../avr32/lib/ucr2\libc.a(lib_a-memmove.o)
                0x8000c3e2                memmove
 .text.__hi0bits
                0x8000c420       0x60 e:/program x86/atmel/studio/7.0/toolchain/avr32/avr32-gnu-toolchain/bin/../lib/gcc/avr32/4.4.7/../../../../avr32/lib/ucr2\libc.a(lib_a-mprec.o)
                0x8000c420                __hi0bits
 .text.__lo0bits
                0x8000c480       0x8e e:/program x86/atmel/studio/7.0/toolchain/avr32/avr32-gnu-toolchain/bin/../lib/gcc/avr32/4.4.7/../../../../avr32/lib/ucr2\libc.a(lib_a-mprec.o)
                0x8000c480                __lo0bits
 .text.__mcmp   0x8000c50e       0x32 e:/program x86/atmel/studio/7.0/toolchain/avr32/avr32-gnu-toolchain/bin/../lib/gcc/avr32/4.4.7/../../../../avr32/lib/ucr2\libc.a(lib_a-mprec.o)
                0x8000c50e                __mcmp
 .text._Bfree   0x8000c540       0x34 e:/program x86/atmel/studio/7.0/toolchain/avr32/avr32-gnu-toolchain/bin/../lib/gcc/avr32/4.4.7/../../../../avr32/lib/ucr2\libc.a(lib_a-mprec.o)
                                 0x38 (size before relaxing)
                0x8000c540                _Bfree
 .text._Balloc  0x8000c574       0x70 e:/program x86/atmel/studio/7.0/toolchain/avr32/avr32-gnu-toolchain/bin/../lib/gcc/avr32/4.4.7/../../../../avr32/lib/ucr2\libc.a(lib_a-mprec.o)
                                 0x78 (size before relaxing)
                0x8000c574                _Balloc
 .text.__d2b    0x8000c5e4       0xa0 e:/program x86/atmel/studio/7.0/toolchain/avr32/avr32-gnu-toolchain/bin/../lib/gcc/avr32/4.4.7/../../../../avr32/lib/ucr2\libc.a(lib_a-mprec.o)
                                 0xb4 (size before relaxing)
                0x8000c5e4                __d2b
 .text.__mdiff  0x8000c684       0xd0 e:/program x86/atmel/studio/7.0/toolchain/avr32/avr32-gnu-toolchain/bin/../lib/gcc/avr32/4.4.7/../../../../avr32/lib/ucr2\libc.a(lib_a-mprec.o)
                                 0xd8 (size before relaxing)
                0x8000c684                __mdiff
 .text.__lshift
                0x8000c754       0x88 e:/program x86/atmel/studio/7.0/toolchain/avr32/avr32-gnu-toolchain/bin/../lib/gcc/avr32/4.4.7/../../../../avr32/lib/ucr2\libc.a(lib_a-mprec.o)
                                 0x94 (size before relaxing)
                0x8000c754                __lshift
 .text.__multiply
                0x8000c7dc      0x100 e:/program x86/atmel/studio/7.0/toolchain/avr32/avr32-gnu-toolchain/bin/../lib/gcc/avr32/4.4.7/../../../../avr32/lib/ucr2\libc.a(lib_a-mprec.o)
                                0x108 (size before relaxing)
                0x8000c7dc                __multiply
 .text.__i2b    0x8000c8dc       0x10 e:/program x86/atmel/studio/7.0/toolchain/avr32/avr32-gnu-toolchain/bin/../lib/gcc/avr32/4.4.7/../../../../avr32/lib/ucr2\libc.a(lib_a-mprec.o)
                                 0x18 (size before relaxing)
                0x8000c8dc                __i2b
 .text.__multadd
                0x8000c8ec       0x7c e:/program x86/atmel/studio/7.0/toolchain/avr32/avr32-gnu-toolchain/bin/../lib/gcc/avr32/4.4.7/../../../../avr32/lib/ucr2\libc.a(lib_a-mprec.o)
                                 0x88 (size before relaxing)
                0x8000c8ec                __multadd
 .text.__pow5mult
                0x8000c968       0x8c e:/program x86/atmel/studio/7.0/toolchain/avr32/avr32-gnu-toolchain/bin/../lib/gcc/avr32/4.4.7/../../../../avr32/lib/ucr2\libc.a(lib_a-mprec.o)
                                 0xac (size before relaxing)
                0x8000c968                __pow5mult
 .text.__isinfd
                0x8000c9f4       0x2a e:/program x86/atmel/studio/7.0/toolchain/avr32/avr32-gnu-toolchain/bin/../lib/gcc/avr32/4.4.7/../../../../avr32/lib/ucr2\libc.a(lib_a-s_isinfd.o)
                0x8000c9f4                __isinfd
 .text.__isnand
                0x8000ca1e       0x1c e:/program x86/atmel/studio/7.0/toolchain/avr32/avr32-gnu-toolchain/bin/../lib/gcc/avr32/4.4.7/../../../../avr32/lib/ucr2\libc.a(lib_a-s_isnand.o)
                0x8000ca1e                __isnand
 *fill*         0x8000ca3a        0x2 d703d703
 .text.__sclose
                0x8000ca3c        0x8 e:/program x86/atmel/studio/7.0/toolchain/avr32/avr32-gnu-toolchain/bin/../lib/gcc/avr32/4.4.7/../../../../avr32/lib/ucr2\libc.a(lib_a-stdio.o)
                                 0x10 (size before relaxing)
                0x8000ca3c                __sclose
 .text.__sseek  0x8000ca44       0x20 e:/program x86/atmel/studio/7.0/toolchain/avr32/avr32-gnu-toolchain/bin/../lib/gcc/avr32/4.4.7/../../../../avr32/lib/ucr2\libc.a(lib_a-stdio.o)
                                 0x28 (size before relaxing)
                0x8000ca44                __sseek
 .text.__swrite
                0x8000ca64       0x2c e:/program x86/atmel/studio/7.0/toolchain/avr32/avr32-gnu-toolchain/bin/../lib/gcc/avr32/4.4.7/../../../../avr32/lib/ucr2\libc.a(lib_a-stdio.o)
                                 0x38 (size before relaxing)
                0x8000ca64                __swrite
 .text.__sread  0x8000ca90       0x1c e:/program x86/atmel/studio/7.0/toolchain/avr32/avr32-gnu-toolchain/bin/../lib/gcc/avr32/4.4.7/../../../../avr32/lib/ucr2\libc.a(lib_a-stdio.o)
                                 0x24 (size before relaxing)
                0x8000ca90                __sread
 .text.strlen   0x8000caac       0x16 e:/program x86/atmel/studio/7.0/toolchain/avr32/avr32-gnu-toolchain/bin/../lib/gcc/avr32/4.4.7/../../../../avr32/lib/ucr2\libc.a(lib_a-strlen.o)
                0x8000caac                strlen
 *fill*         0x8000cac2        0x2 d703d703
 .text._write_r
                0x8000cac4       0x28 e:/program x86/atmel/studio/7.0/toolchain/avr32/avr32-gnu-toolchain/bin/../lib/gcc/avr32/4.4.7/../../../../avr32/lib/ucr2\libc.a(lib_a-writer.o)
                                 0x2c (size before relaxing)
                0x8000cac4                _write_r
 .text._calloc_r
                0x8000caec       0x58 e:/program x86/atmel/studio/7.0/toolchain/avr32/avr32-gnu-toolchain/bin/../lib/gcc/avr32/4.4.7/../../../../avr32/lib/ucr2\libc.a(lib_a-callocr.o)
                                 0x60 (size before relaxing)
                0x8000caec                _calloc_r
 .text._close_r
                0x8000cb44       0x20 e:/program x86/atmel/studio/7.0/toolchain/avr32/avr32-gnu-toolchain/bin/../lib/gcc/avr32/4.4.7/../../../../avr32/lib/ucr2\libc.a(lib_a-closer.o)
                                 0x28 (size before relaxing)
                0x8000cb44                _close_r
 .text._fclose_r
                0x8000cb64       0xb8 e:/program x86/atmel/studio/7.0/toolchain/avr32/avr32-gnu-toolchain/bin/../lib/gcc/avr32/4.4.7/../../../../avr32/lib/ucr2\libc.a(lib_a-fclose.o)
                                 0xd0 (size before relaxing)
                0x8000cb64                _fclose_r
 .text.fclose   0x8000cc1c       0x10 e:/program x86/atmel/studio/7.0/toolchain/avr32/avr32-gnu-toolchain/bin/../lib/gcc/avr32/4.4.7/../../../../avr32/lib/ucr2\libc.a(lib_a-fclose.o)
                                 0x18 (size before relaxing)
                0x8000cc1c                fclose
 .text._fstat_r
                0x8000cc2c       0x24 e:/program x86/atmel/studio/7.0/toolchain/avr32/avr32-gnu-toolchain/bin/../lib/gcc/avr32/4.4.7/../../../../avr32/lib/ucr2\libc.a(lib_a-fstatr.o)
                                 0x2c (size before relaxing)
                0x8000cc2c                _fstat_r
 .text._lseek_r
                0x8000cc50       0x28 e:/program x86/atmel/studio/7.0/toolchain/avr32/avr32-gnu-toolchain/bin/../lib/gcc/avr32/4.4.7/../../../../avr32/lib/ucr2\libc.a(lib_a-lseekr.o)
                                 0x2c (size before relaxing)
                0x8000cc50                _lseek_r
 .text._read_r  0x8000cc78       0x28 e:/program x86/atmel/studio/7.0/toolchain/avr32/avr32-gnu-toolchain/bin/../lib/gcc/avr32/4.4.7/../../../../avr32/lib/ucr2\libc.a(lib_a-readr.o)
                                 0x2c (size before relaxing)
                0x8000cc78                _read_r
 .text          0x8000cca0      0x1d4 e:/program x86/atmel/studio/7.0/toolchain/avr32/avr32-gnu-toolchain/bin/../lib/gcc/avr32/4.4.7/ucr2\libgcc.a(_avr32_f64_mul.o)
                0x8000cca0                __avr32_f64_mul
 .text          0x8000ce74      0x2b0 e:/program x86/atmel/studio/7.0/toolchain/avr32/avr32-gnu-toolchain/bin/../lib/gcc/avr32/4.4.7/ucr2\libgcc.a(_avr32_f64_addsub.o)
                0x8000ce78                __avr32_f64_sub
                0x8000d014                __avr32_f64_add
 .text          0x8000d124       0x2a e:/program x86/atmel/studio/7.0/toolchain/avr32/avr32-gnu-toolchain/bin/../lib/gcc/avr32/4.4.7/ucr2\libgcc.a(_avr32_f64_to_s32.o)
                0x8000d124                __avr32_f64_to_u32
                0x8000d128                __avr32_f64_to_s32
 .text          0x8000d14e       0xe8 e:/program x86/atmel/studio/7.0/toolchain/avr32/avr32-gnu-toolchain/bin/../lib/gcc/avr32/4.4.7/ucr2\libgcc.a(_avr32_s32_to_f64.o)
                0x8000d14e                __avr32_u32_to_f64
                0x8000d156                __avr32_s32_to_f64
 .text          0x8000d236       0x26 e:/program x86/atmel/studio/7.0/toolchain/avr32/avr32-gnu-toolchain/bin/../lib/gcc/avr32/4.4.7/ucr2\libgcc.a(_avr32_f64_cmp_eq.o)
                0x8000d236                __avr32_f64_cmp_eq
 .text          0x8000d25c       0x68 e:/program x86/atmel/studio/7.0/toolchain/avr32/avr32-gnu-toolchain/bin/../lib/gcc/avr32/4.4.7/ucr2\libgcc.a(_avr32_f64_cmp_ge.o)
                0x8000d25c                __avr32_f64_cmp_ge
 .text          0x8000d2c4       0x68 e:/program x86/atmel/studio/7.0/toolchain/avr32/avr32-gnu-toolchain/bin/../lib/gcc/avr32/4.4.7/ucr2\libgcc.a(_avr32_f64_cmp_lt.o)
                0x8000d2c4                __avr32_f64_cmp_lt
 .text          0x8000d32c      0x318 e:/program x86/atmel/studio/7.0/toolchain/avr32/avr32-gnu-toolchain/bin/../lib/gcc/avr32/4.4.7/ucr2\libgcc.a(_avr32_f64_div.o)
                0x8000d32c                __avr32_f64_div
 .text          0x8000d644      0x264 e:/program x86/atmel/studio/7.0/toolchain/avr32/avr32-gnu-toolchain/bin/../lib/gcc/avr32/4.4.7/ucr2\libgcc.a(_udivdi3.o)
                0x8000d644                __avr32_udiv64
                0x8000d644                __udivdi3
 .text          0x8000d8a8      0x20c e:/program x86/atmel/studio/7.0/toolchain/avr32/avr32-gnu-toolchain/bin/../lib/gcc/avr32/4.4.7/ucr2\libgcc.a(_umoddi3.o)
                0x8000d8a8                __avr32_umod64
                0x8000d8a8                __umoddi3
 *(.text.*personality*)
 *(.gnu.warning)

.exception      0x8000dc00      0x200
 .exception     0x8000dc00      0x200 src/ASF/thirdparty/freertos/freertos-7.0.0/source/portable/gcc/avr32_uc3/exception.o
                0x8000dc00                _evba
                0x8000dd04                _int0
                0x8000dd12                _int1
                0x8000dd20                _int2
                0x8000dd2e                _int3
                0x8000dd3c                ipr_val

.fini
 *(.fini)
                0x8000de00                PROVIDE (__etext, .)
                0x8000de00                PROVIDE (_etext, .)
                0x8000de00                PROVIDE (etext, .)

.rodata         0x8000de00     0x158c
 *(.rodata .rodata.* .gnu.linkonce.r.*)
 .rodata.str1.4
                0x8000de00      0x842 src/Application/app/app.o
                                0x844 (size before relaxing)
 *fill*         0x8000e642        0x2 
 .rodata.DF_SPI_GPIO_MAP.11285
                0x8000e644       0x20 src/Application/flash/data_flash.o
 .rodata.C.52.11299
                0x8000e664        0x4 src/Application/flash/data_flash.o
 .rodata.C.50.11287
                0x8000e668       0x10 src/Application/flash/data_flash.o
 .rodata.str1.4
                0x8000e678       0x1d src/Application/myrtc/xgrtc.o
                                 0x20 (size before relaxing)
 *fill*         0x8000e695        0x3 
 .rodata.CSWTCH.36
                0x8000e698       0x48 src/Application/radio/ambe.o
 .rodata.str1.4
                0x8000e6e0       0x44 src/Application/radio/physical.o
 .rodata.str1.4
                0x8000e724        0x8 src/Application/radio/xcmp.o
 .rodata.str1.4
                0x8000e72c        0xf src/Application/radio/xnl.o
                                 0x10 (size before relaxing)
 *fill*         0x8000e73b        0x1 
 .rodata.CSWTCH.97
                0x8000e73c        0x4 src/Application/RFID/MFRC522/rc522.o
 .rodata.CSWTCH.98
                0x8000e740        0x4 src/Application/RFID/MFRC522/rc522.o
 .rodata.C.72.12139
                0x8000e744       0x10 src/Application/RFID/MFRC522/rc522.o
 .rodata.RC522_SPI_GPIO_MAP.12137
                0x8000e754        0x8 src/Application/RFID/MFRC522/rc522.o
 .rodata.str1.4
                0x8000e75c       0xad src/Application/RFID/RFID.o
                                 0xc0 (size before relaxing)
 *fill*         0x8000e809        0x3 
 .rodata.TC_GPIO_MAP.11090
                0x8000e80c       0x18 src/Application/timers/timer.o
 .rodata.str1.4
                0x8000e824      0x236 src/Application/xgflash/xgflash.o
                                0x26c (size before relaxing)
 *fill*         0x8000ea5a        0x2 
 .rodata._int_handler_table
                0x8000ea5c       0x98 src/ASF/avr32/drivers/intc/intc.o
 .rodata.str1.4
                0x8000eaf4        0x5 src/ASF/thirdparty/freertos/freertos-7.0.0/source/tasks.o
                                  0x8 (size before relaxing)
 *fill*         0x8000eaf9        0x3 
 .rodata.log    0x8000eafc      0x150 src/Log/log.o
 .rodata.logFromISR
                0x8000ec4c      0x150 src/Log/log.o
 .rodata.USART_OPTIONS.11278
                0x8000ed9c        0xc src/Log/log.o
 .rodata.str1.4
                0x8000eda8       0x3c src/Log/log.o
 .rodata.USART_GPIO_MAP.11277
                0x8000ede4       0x10 src/Log/log.o
 .rodata.str1.4
                0x8000edf4       0x14 src/main.o
 .rodata.get_arg
                0x8000ee08       0x3c e:/program x86/atmel/studio/7.0/toolchain/avr32/avr32-gnu-toolchain/bin/../lib/gcc/avr32/4.4.7/../../../../avr32/lib/ucr2\libc.a(lib_a-vfprintf.o)
 .rodata._vfprintf_r
                0x8000ee44      0x164 e:/program x86/atmel/studio/7.0/toolchain/avr32/avr32-gnu-toolchain/bin/../lib/gcc/avr32/4.4.7/../../../../avr32/lib/ucr2\libc.a(lib_a-vfprintf.o)
 .rodata.state_table
                0x8000efa8       0x6c e:/program x86/atmel/studio/7.0/toolchain/avr32/avr32-gnu-toolchain/bin/../lib/gcc/avr32/4.4.7/../../../../avr32/lib/ucr2\libc.a(lib_a-vfprintf.o)
 .rodata.action_table
                0x8000f014       0x6c e:/program x86/atmel/studio/7.0/toolchain/avr32/avr32-gnu-toolchain/bin/../lib/gcc/avr32/4.4.7/../../../../avr32/lib/ucr2\libc.a(lib_a-vfprintf.o)
 .rodata.str1.4
                0x8000f080       0x3a e:/program x86/atmel/studio/7.0/toolchain/avr32/avr32-gnu-toolchain/bin/../lib/gcc/avr32/4.4.7/../../../../avr32/lib/ucr2\libc.a(lib_a-vfprintf.o)
                                 0x3c (size before relaxing)
 *fill*         0x8000f0ba        0x2 
 .rodata.blanks.3430
                0x8000f0bc       0x10 e:/program x86/atmel/studio/7.0/toolchain/avr32/avr32-gnu-toolchain/bin/../lib/gcc/avr32/4.4.7/../../../../avr32/lib/ucr2\libc.a(lib_a-vfprintf.o)
 .rodata.zeroes.3431
                0x8000f0cc       0x10 e:/program x86/atmel/studio/7.0/toolchain/avr32/avr32-gnu-toolchain/bin/../lib/gcc/avr32/4.4.7/../../../../avr32/lib/ucr2\libc.a(lib_a-vfprintf.o)
 .rodata.chclass
                0x8000f0dc      0x100 e:/program x86/atmel/studio/7.0/toolchain/avr32/avr32-gnu-toolchain/bin/../lib/gcc/avr32/4.4.7/../../../../avr32/lib/ucr2\libc.a(lib_a-vfprintf.o)
 .rodata.str1.4
                0x8000f1dc       0x10 e:/program x86/atmel/studio/7.0/toolchain/avr32/avr32-gnu-toolchain/bin/../lib/gcc/avr32/4.4.7/../../../../avr32/lib/ucr2\libc.a(lib_a-dtoa.o)
                                 0x14 (size before relaxing)
 .rodata.__sf_fake_stdin
                0x8000f1ec       0x20 e:/program x86/atmel/studio/7.0/toolchain/avr32/avr32-gnu-toolchain/bin/../lib/gcc/avr32/4.4.7/../../../../avr32/lib/ucr2\libc.a(lib_a-findfp.o)
                0x8000f1ec                __sf_fake_stdin
 .rodata.__sf_fake_stdout
                0x8000f20c       0x20 e:/program x86/atmel/studio/7.0/toolchain/avr32/avr32-gnu-toolchain/bin/../lib/gcc/avr32/4.4.7/../../../../avr32/lib/ucr2\libc.a(lib_a-findfp.o)
                0x8000f20c                __sf_fake_stdout
 .rodata.__sf_fake_stderr
                0x8000f22c       0x20 e:/program x86/atmel/studio/7.0/toolchain/avr32/avr32-gnu-toolchain/bin/../lib/gcc/avr32/4.4.7/../../../../avr32/lib/ucr2\libc.a(lib_a-findfp.o)
                0x8000f22c                __sf_fake_stderr
 .rodata.str1.4
                0x8000f24c        0x2 e:/program x86/atmel/studio/7.0/toolchain/avr32/avr32-gnu-toolchain/bin/../lib/gcc/avr32/4.4.7/../../../../avr32/lib/ucr2\libc.a(lib_a-impure.o)
                                  0x4 (size before relaxing)
 *fill*         0x8000f24e        0x2 
 .rodata._global_impure_ptr
                0x8000f250        0x4 e:/program x86/atmel/studio/7.0/toolchain/avr32/avr32-gnu-toolchain/bin/../lib/gcc/avr32/4.4.7/../../../../avr32/lib/ucr2\libc.a(lib_a-impure.o)
                0x8000f250                _global_impure_ptr
 .rodata.lconv  0x8000f254       0x30 e:/program x86/atmel/studio/7.0/toolchain/avr32/avr32-gnu-toolchain/bin/../lib/gcc/avr32/4.4.7/../../../../avr32/lib/ucr2\libc.a(lib_a-locale.o)
 .rodata.str1.4
                0x8000f284        0xc e:/program x86/atmel/studio/7.0/toolchain/avr32/avr32-gnu-toolchain/bin/../lib/gcc/avr32/4.4.7/../../../../avr32/lib/ucr2\libc.a(lib_a-locale.o)
                                 0x18 (size before relaxing)
 .rodata.p05.2471
                0x8000f290        0xc e:/program x86/atmel/studio/7.0/toolchain/avr32/avr32-gnu-toolchain/bin/../lib/gcc/avr32/4.4.7/../../../../avr32/lib/ucr2\libc.a(lib_a-mprec.o)
 .rodata.__mprec_tens
                0x8000f29c       0xc8 e:/program x86/atmel/studio/7.0/toolchain/avr32/avr32-gnu-toolchain/bin/../lib/gcc/avr32/4.4.7/../../../../avr32/lib/ucr2\libc.a(lib_a-mprec.o)
                0x8000f29c                __mprec_tens
 .rodata.__mprec_bigtens
                0x8000f364       0x28 e:/program x86/atmel/studio/7.0/toolchain/avr32/avr32-gnu-toolchain/bin/../lib/gcc/avr32/4.4.7/../../../../avr32/lib/ucr2\libc.a(lib_a-mprec.o)
                0x8000f364                __mprec_bigtens

.rodata1
 *(.rodata1)

.eh_frame_hdr
 *(.eh_frame_hdr)

.eh_frame
 *(.eh_frame)

.gcc_except_table
 *(.gcc_except_table)
 *(.gcc_except_table.*)

.dalign         0x8000f38c        0x4
                0x8000f390                . = ALIGN (0x8)
 *fill*         0x8000f38c        0x4 
                0x8000f390                PROVIDE (_data_lma, .)
                0x00000004                PROVIDE (_data, ORIGIN (CPUSRAM))
                0x00000004                . = ORIGIN (CPUSRAM)

.eh_frame
 *(.eh_frame)

.gcc_except_table
 *(.gcc_except_table)
 *(.gcc_except_table.*)

.tdata
 *(.tdata .tdata.* .gnu.linkonce.td.*)

.tbss
 *(.tbss .tbss.* .gnu.linkonce.tb.*)
 *(.tcommon)
                0x00000004                PROVIDE (__preinit_array_start, ALIGN (0x4))

.preinit_array
 *(.preinit_array)
                0x00000004                PROVIDE (__preinit_array_end, .)
                0x00000004                PROVIDE (__init_array_start, .)

.init_array
 *(.init_array)
                0x00000004                PROVIDE (__init_array_end, .)
                0x00000004                PROVIDE (__fini_array_start, .)

.fini_array
 *(.fini_array)
                0x00000004                PROVIDE (__fini_array_end, .)

.ctors
 *crtbegin*.o(.ctors)
 *(EXCLUDE_FILE(*crtend*.o) .ctors)
 *(SORT(.ctors.*))
 *(.ctors)

.dtors
 *crtbegin*.o(.dtors)
 *(EXCLUDE_FILE(*crtend*.o) .dtors)
 *(SORT(.dtors.*))
 *(.dtors)

.jcr
 *(.jcr)

.data.rel.ro
 *(.data.rel.ro.local)
 *(.data.rel.ro*)

.dynamic
 *(.dynamic)

.got
 *(.got.plt)
 *(.got)

.data           0x00000004      0xa50 load address 0x8000f390
 *(.data .data.* .gnu.linkonce.d.*)
 .data.get_time_okay
                0x00000004        0x1 src/Application/app/app.o
 *fill*         0x00000005        0x3 
 .data.the_app_list
                0x00000008      0x4ec src/Application/app/app.o
 .data.status.12750
                0x000004f4        0x4 src/Application/app/app.o
 .data.print_sec
                0x000004f8        0x4 src/Application/myrtc/xgrtc.o
 .data.xnl_proc_list
                0x000004fc       0x34 src/Application/radio/xnl.o
 .data.unsure_data
                0x00000530        0x8 src/Application/RFID/RFID.o
                0x00000530                unsure_data
 .data.start_session.12261
                0x00000538        0x1 src/Application/RFID/RFID.o
 *fill*         0x00000539        0x3 
 .data.XGFlashLabel
                0x0000053c        0x8 src/Application/xgflash/xgflash.o
                0x0000053c                XGFlashLabel
 .data.current_save_message_offset
                0x00000544        0x4 src/Application/xgflash/xgflash.o
 .data.ulCriticalNesting
                0x00000548        0x4 src/ASF/thirdparty/freertos/freertos-7.0.0/source/portable/gcc/avr32_uc3/port.o
                0x00000548                ulCriticalNesting
 .data.xNextTaskUnblockTime
                0x0000054c        0x4 src/ASF/thirdparty/freertos/freertos-7.0.0/source/tasks.o
 .data.__malloc_av_
                0x00000550      0x408 e:/program x86/atmel/studio/7.0/toolchain/avr32/avr32-gnu-toolchain/bin/../lib/gcc/avr32/4.4.7/../../../../avr32/lib/ucr2\libc.a(lib_a-mallocr.o)
                0x00000550                __malloc_av_
 .data.__malloc_trim_threshold
                0x00000958        0x4 e:/program x86/atmel/studio/7.0/toolchain/avr32/avr32-gnu-toolchain/bin/../lib/gcc/avr32/4.4.7/../../../../avr32/lib/ucr2\libc.a(lib_a-mallocr.o)
                0x00000958                __malloc_trim_threshold
 .data.__malloc_sbrk_base
                0x0000095c        0x4 e:/program x86/atmel/studio/7.0/toolchain/avr32/avr32-gnu-toolchain/bin/../lib/gcc/avr32/4.4.7/../../../../avr32/lib/ucr2\libc.a(lib_a-mallocr.o)
                0x0000095c                __malloc_sbrk_base
 .data.impure_data
                0x00000960       0xf0 e:/program x86/atmel/studio/7.0/toolchain/avr32/avr32-gnu-toolchain/bin/../lib/gcc/avr32/4.4.7/../../../../avr32/lib/ucr2\libc.a(lib_a-impure.o)
 .data._impure_ptr
                0x00000a50        0x4 e:/program x86/atmel/studio/7.0/toolchain/avr32/avr32-gnu-toolchain/bin/../lib/gcc/avr32/4.4.7/../../../../avr32/lib/ucr2\libc.a(lib_a-impure.o)
                0x00000a50                _impure_ptr
 *(.gnu.linkonce.d.*personality*)

.data1
 *(.data1)

.balign         0x00000a54        0x4 load address 0x8000fde0
                0x00000a58                . = ALIGN (0x8)
 *fill*         0x00000a54        0x4 
                0x00000a58                _edata = .
                0x00000a58                _edata = .
                0x00000a58                PROVIDE (edata, .)
                0x00000a58                __bss_start = .

.bss            0x00000a58     0x49f0 load address 0x8000fde0
 *(.dynbss)
 *(.bss .bss.* .gnu.linkonce.b.*)
 .bss.Speaker_is_unmute
                0x00000a58        0x1 src/Application/app/app.o
                0x00000a58                Speaker_is_unmute
 .bss.Battery_Flag
                0x00000a59        0x1 src/Application/app/app.o
                0x00000a59                Battery_Flag
 .bss.connect_flag
                0x00000a5a        0x1 src/Application/app/app.o
 .bss.VF_SN     0x00000a5b        0x1 src/Application/app/app.o
                0x00000a5b                VF_SN
 .bss.OB_State.12749
                0x00000a5c        0x4 src/Application/app/app.o
 .bss.AMBE_tx_flag
                0x00000a60        0x1 src/Application/app/app.o
                0x00000a60                AMBE_tx_flag
 .bss.Radio_Transmit_State
                0x00000a61        0x1 src/Application/app/app.o
                0x00000a61                Radio_Transmit_State
 .bss.Call_Begin
                0x00000a62        0x1 src/Application/app/app.o
                0x00000a62                Call_Begin
 .bss.AMBE_rx_flag
                0x00000a63        0x1 src/Application/app/app.o
                0x00000a63                AMBE_rx_flag
 .bss.AMBE_Media
                0x00000a64        0x1 src/Application/app/app.o
                0x00000a64                AMBE_Media
 *fill*         0x00000a65        0x3 
 .bss.xLastWakeTime.12743
                0x00000a68        0x4 src/Application/app/app.o
 .bss.message_count.12741
                0x00000a6c        0x2 src/Application/app/app.o
 *fill*         0x00000a6e        0x2 
 .bss.res.12730
                0x00000a70        0x4 src/Application/app/app.o
 .bss.Mic_is_Enabled
                0x00000a74        0x1 src/Application/app/app.o
                0x00000a74                Mic_is_Enabled
 .bss.times_counter.12818
                0x00000a75        0x1 src/Application/app/app.o
 .bss.Terminator_Flag
                0x00000a76        0x1 src/Application/app/app.o
                0x00000a76                Terminator_Flag
 *fill*         0x00000a77        0x1 
 .bss.ulIdleCycleCount
                0x00000a78        0x4 src/Application/app/app.o
                0x00000a78                ulIdleCycleCount
 .bss.data_flash_failure
                0x00000a7c        0x1 src/Application/flash/data_flash.o
                0x00000a7c                data_flash_failure
 *fill*         0x00000a7d        0x3 
 .bss.payload_rx_exec
                0x00000a80        0x4 src/Application/radio/payload.o
                0x00000a80                payload_rx_exec
 .bss.payload_tx_exec
                0x00000a84        0x4 src/Application/radio/payload.o
                0x00000a84                payload_tx_exec
 .bss.phy_tx_index.10647
                0x00000a88        0x1 src/Application/radio/physical.o
 *fill*         0x00000a89        0x3 
 .bss.RxBytesWaiting.10956
                0x00000a8c        0x4 src/Application/radio/physical.o
 .bss.phy_rx_length.10690
                0x00000a90        0x2 src/Application/radio/physical.o
 *fill*         0x00000a92        0x2 
 .bss.RxData_IsFillingNext16.10955
                0x00000a94        0x4 src/Application/radio/physical.o
 .bss.AMBE_HT   0x00000a98        0x8 src/Application/radio/physical.o
 .bss.Item_ID.10961
                0x00000aa0        0x1 src/Application/radio/physical.o
 .bss.is_first.10960
                0x00000aa1        0x1 src/Application/radio/physical.o
 .bss.phy_rx_expexted_length.10689
                0x00000aa2        0x2 src/Application/radio/physical.o
 .bss.AMBE_payload_ptr.10959
                0x00000aa4        0x4 src/Application/radio/physical.o
 .bss.phy_tx_state.10645
                0x00000aa8        0x4 src/Application/radio/physical.o
 .bss.RxMedia_IsFillingNext16.10953
                0x00000aac        0x4 src/Application/radio/physical.o
 .bss.phy_frame_ptr.10688
                0x00000ab0        0x4 src/Application/radio/physical.o
 .bss.phy_ptr.10644
                0x00000ab4        0x4 src/Application/radio/physical.o
 .bss.xnl_store_idle
                0x00000ab8        0x4 src/Application/radio/physical.o
                0x00000ab8                xnl_store_idle
 .bss.payload_store_idle
                0x00000abc        0x4 src/Application/radio/physical.o
                0x00000abc                payload_store_idle
 .bss.phy_rx_state.10692
                0x00000ac0        0x4 src/Application/radio/physical.o
 .bss.phy_check_sum.10691
                0x00000ac4        0x2 src/Application/radio/physical.o
 *fill*         0x00000ac6        0x2 
 .bss.phy_xnl_frame_rx
                0x00000ac8        0x4 src/Application/radio/physical.o
                0x00000ac8                phy_xnl_frame_rx
 .bss.payload_ptr.10958
                0x00000acc        0x4 src/Application/radio/physical.o
 .bss.phy_tx_expexted_length.10646
                0x00000ad0        0x2 src/Application/radio/physical.o
 *fill*         0x00000ad2        0x2 
 .bss.m_RxBurstType
                0x00000ad4        0x4 src/Application/radio/physical.o
 .bss.RxAMBE_IsFillingNext8.10954
                0x00000ad8        0x4 src/Application/radio/physical.o
 .bss.phy_payload_frame_tx
                0x00000adc        0x4 src/Application/radio/physical.o
                0x00000adc                phy_payload_frame_tx
 .bss.phy_rx_count.10693
                0x00000ae0        0x4 src/Application/radio/physical.o
 .bss.SDV_Index.10964
                0x00000ae4        0x1 src/Application/radio/physical.o
 *fill*         0x00000ae5        0x3 
 .bss.phy_xnl_frame_tx
                0x00000ae8        0x4 src/Application/radio/physical.o
                0x00000ae8                phy_xnl_frame_tx
 .bss.RxMediaState.10952
                0x00000aec        0x4 src/Application/radio/physical.o
 .bss.ArrayDiscLength.10957
                0x00000af0        0x4 src/Application/radio/physical.o
 .bss.phy_payload_frame_rx
                0x00000af4        0x4 src/Application/radio/physical.o
                0x00000af4                phy_payload_frame_rx
 .bss.Item_Length.10962
                0x00000af8        0x4 src/Application/radio/physical.o
 .bss.phy_rx_exec
                0x00000afc        0x4 src/Application/radio/ssc.o
                0x00000afc                phy_rx_exec
 .bss.count.9823
                0x00000b00        0x4 src/Application/radio/ssc.o
 .bss.phy_tx_exec
                0x00000b04        0x4 src/Application/radio/ssc.o
                0x00000b04                phy_tx_exec
 .bss.version_information
                0x00000b08        0xc src/Application/radio/xcmp.o
                0x00000b08                version_information
 .bss.clone_read
                0x00000b14        0xc src/Application/radio/xcmp.o
                0x00000b14                clone_read
 .bss.xcmp_frame_rx
                0x00000b20        0x4 src/Application/radio/xcmp.o
 .bss.clone_write
                0x00000b24        0xc src/Application/radio/xcmp.o
                0x00000b24                clone_write
 .bss.automatic_frequency_correction_control
                0x00000b30        0xc src/Application/radio/xcmp.o
                0x00000b30                automatic_frequency_correction_control
 .bss.language_pack_information
                0x00000b3c        0xc src/Application/radio/xcmp.o
                0x00000b3c                language_pack_information
 .bss.radio_status
                0x00000b48        0xc src/Application/radio/xcmp.o
                0x00000b48                radio_status
 .bss.xnl_timeout_semphr
                0x00000b54        0x4 src/Application/radio/xnl.o
 .bss.flags.10672
                0x00000b58        0x1 src/Application/radio/xnl.o
 *fill*         0x00000b59        0x1 
 .bss.xnl_information
                0x00000b5a        0xa src/Application/radio/xnl.o
 .bss.xnl_tx_state.10716
                0x00000b64        0x4 src/Application/radio/xnl.o
 .bss.xnl_frame_tx
                0x00000b68        0x4 src/Application/radio/xnl.o
 .bss.xnl_send_times.10717
                0x00000b6c        0x4 src/Application/radio/xnl.o
 .bss.ptr.10718
                0x00000b70        0x4 src/Application/radio/xnl.o
 .bss.xcmp_exec
                0x00000b74        0x4 src/Application/radio/xnl.o
                0x00000b74                xcmp_exec
 .bss.rc522_init_failure
                0x00000b78        0x1 src/Application/RFID/MFRC522/rc522.o
                0x00000b78                rc522_init_failure
 *fill*         0x00000b79        0x3 
 .bss.SN.12256  0x00000b7c        0xc src/Application/RFID/RFID.o
 .bss.xg_resend_queue
                0x00000b88        0x4 src/Application/xgflash/xgflash.o
                0x00000b88                xg_resend_queue
 .bss.list_init_success_flag
                0x00000b8c        0x1 src/Application/xgflash/xgflash.o
 *fill*         0x00000b8d        0x3 
 .bss.xgflash_mutex
                0x00000b90        0x4 src/Application/xgflash/xgflash.o
 .bss.message_storage_queue
                0x00000b94        0x4 src/Application/xgflash/xgflash.o
                0x00000b94                message_storage_queue
 .bss.current_bytes_remained.12292
                0x00000b98        0x4 src/Application/xgflash/xgflash.o
 .bss.current_message_index
                0x00000b9c        0x2 src/Application/xgflash/xgflash.o
 *fill*         0x00000b9e        0x2 
 .bss.SendM_CountingSemaphore
                0x00000ba0        0x4 src/Application/xgflash/xgflash.o
                0x00000ba0                SendM_CountingSemaphore
 .bss.str.12229
                0x00000ba4       0x50 src/Application/xgflash/xgflash.o
 .bss._int_line_handler_table_6
                0x00000bf4        0x4 src/ASF/avr32/drivers/intc/intc.o
 .bss._int_line_handler_table_7
                0x00000bf8        0x4 src/ASF/avr32/drivers/intc/intc.o
 .bss._int_line_handler_table_8
                0x00000bfc        0x4 src/ASF/avr32/drivers/intc/intc.o
 .bss._int_line_handler_table_9
                0x00000c00        0x4 src/ASF/avr32/drivers/intc/intc.o
 .bss._int_line_handler_table_10
                0x00000c04        0x4 src/ASF/avr32/drivers/intc/intc.o
 .bss._int_line_handler_table_11
                0x00000c08        0x4 src/ASF/avr32/drivers/intc/intc.o
 .bss._int_line_handler_table_12
                0x00000c0c        0x4 src/ASF/avr32/drivers/intc/intc.o
 .bss._int_line_handler_table_13
                0x00000c10        0x4 src/ASF/avr32/drivers/intc/intc.o
 .bss._int_line_handler_table_14
                0x00000c14        0xc src/ASF/avr32/drivers/intc/intc.o
 .bss._int_line_handler_table_15
                0x00000c20        0x4 src/ASF/avr32/drivers/intc/intc.o
 .bss._int_line_handler_table_16
                0x00000c24        0x4 src/ASF/avr32/drivers/intc/intc.o
 .bss._int_line_handler_table_17
                0x00000c28        0x4 src/ASF/avr32/drivers/intc/intc.o
 .bss._int_line_handler_table_18
                0x00000c2c        0x4 src/ASF/avr32/drivers/intc/intc.o
 .bss._int_line_handler_table_0
                0x00000c30        0x4 src/ASF/avr32/drivers/intc/intc.o
 .bss._int_line_handler_table_1
                0x00000c34       0x2c src/ASF/avr32/drivers/intc/intc.o
 .bss._int_line_handler_table_2
                0x00000c60       0x18 src/ASF/avr32/drivers/intc/intc.o
 .bss._int_line_handler_table_3
                0x00000c78       0x1c src/ASF/avr32/drivers/intc/intc.o
 .bss._int_line_handler_table_4
                0x00000c94        0x4 src/ASF/avr32/drivers/intc/intc.o
 .bss._int_line_handler_table_5
                0x00000c98        0x4 src/ASF/avr32/drivers/intc/intc.o
 .bss.uxMissedTicks
                0x00000c9c        0x4 src/ASF/thirdparty/freertos/freertos-7.0.0/source/tasks.o
 .bss.uxTopUsedPriority
                0x00000ca0        0x4 src/ASF/thirdparty/freertos/freertos-7.0.0/source/tasks.o
 .bss.pxDelayedTaskList
                0x00000ca4        0x4 src/ASF/thirdparty/freertos/freertos-7.0.0/source/tasks.o
 .bss.xSchedulerRunning
                0x00000ca8        0x4 src/ASF/thirdparty/freertos/freertos-7.0.0/source/tasks.o
 .bss.uxTasksDeleted
                0x00000cac        0x4 src/ASF/thirdparty/freertos/freertos-7.0.0/source/tasks.o
 .bss.xNumOfOverflows
                0x00000cb0        0x4 src/ASF/thirdparty/freertos/freertos-7.0.0/source/tasks.o
 .bss.pxOverflowDelayedTaskList
                0x00000cb4        0x4 src/ASF/thirdparty/freertos/freertos-7.0.0/source/tasks.o
 .bss.pxReadyTasksLists
                0x00000cb8       0xa0 src/ASF/thirdparty/freertos/freertos-7.0.0/source/tasks.o
 .bss.xTasksWaitingTermination
                0x00000d58       0x14 src/ASF/thirdparty/freertos/freertos-7.0.0/source/tasks.o
 .bss.pxCurrentTCB
                0x00000d6c        0x4 src/ASF/thirdparty/freertos/freertos-7.0.0/source/tasks.o
                0x00000d6c                pxCurrentTCB
 .bss.xPendingReadyList
                0x00000d70       0x14 src/ASF/thirdparty/freertos/freertos-7.0.0/source/tasks.o
 .bss.xDelayedTaskList1
                0x00000d84       0x14 src/ASF/thirdparty/freertos/freertos-7.0.0/source/tasks.o
 .bss.xTickCount
                0x00000d98        0x4 src/ASF/thirdparty/freertos/freertos-7.0.0/source/tasks.o
 .bss.uxSchedulerSuspended
                0x00000d9c        0x4 src/ASF/thirdparty/freertos/freertos-7.0.0/source/tasks.o
 .bss.xDelayedTaskList2
                0x00000da0       0x14 src/ASF/thirdparty/freertos/freertos-7.0.0/source/tasks.o
 .bss.uxTaskNumber
                0x00000db4        0x4 src/ASF/thirdparty/freertos/freertos-7.0.0/source/tasks.o
 .bss.uxCurrentNumberOfTasks
                0x00000db8        0x4 src/ASF/thirdparty/freertos/freertos-7.0.0/source/tasks.o
 .bss.xMissedYield
                0x00000dbc        0x4 src/ASF/thirdparty/freertos/freertos-7.0.0/source/tasks.o
 .bss.xSuspendedTaskList
                0x00000dc0       0x14 src/ASF/thirdparty/freertos/freertos-7.0.0/source/tasks.o
 .bss.uxTopReadyPriority
                0x00000dd4        0x4 src/ASF/thirdparty/freertos/freertos-7.0.0/source/tasks.o
 .bss.lench.11294
                0x00000dd8        0x1 src/Log/log.o
 .bss.lench.11364
                0x00000dd9        0x1 src/Log/log.o
 *fill*         0x00000dda        0x2 
 .bss.__malloc_max_total_mem
                0x00000ddc        0x4 e:/program x86/atmel/studio/7.0/toolchain/avr32/avr32-gnu-toolchain/bin/../lib/gcc/avr32/4.4.7/../../../../avr32/lib/ucr2\libc.a(lib_a-mallocr.o)
                0x00000ddc                __malloc_max_total_mem
 .bss.__malloc_max_sbrked_mem
                0x00000de0        0x4 e:/program x86/atmel/studio/7.0/toolchain/avr32/avr32-gnu-toolchain/bin/../lib/gcc/avr32/4.4.7/../../../../avr32/lib/ucr2\libc.a(lib_a-mallocr.o)
                0x00000de0                __malloc_max_sbrked_mem
 .bss.__malloc_top_pad
                0x00000de4        0x4 e:/program x86/atmel/studio/7.0/toolchain/avr32/avr32-gnu-toolchain/bin/../lib/gcc/avr32/4.4.7/../../../../avr32/lib/ucr2\libc.a(lib_a-mallocr.o)
                0x00000de4                __malloc_top_pad
 .bss.__malloc_current_mallinfo
                0x00000de8       0x28 e:/program x86/atmel/studio/7.0/toolchain/avr32/avr32-gnu-toolchain/bin/../lib/gcc/avr32/4.4.7/../../../../avr32/lib/ucr2\libc.a(lib_a-mallocr.o)
                0x00000de8                __malloc_current_mallinfo
 .bss.cur_heap_pos.1869
                0x00000e10        0x4 e:/program x86/atmel/studio/7.0/toolchain/avr32/avr32-gnu-toolchain/bin/../lib/gcc/avr32/4.4.7/../../../../avr32/lib/ucr2\libc.a(lib_a-syscalls.o)
 *(COMMON)
 COMMON         0x00000e14        0xa src/Application/app/app.o
                0x00000e14                bunchofrandomstatusflags
                0x00000e18                Current_time
 *fill*         0x00000e1e        0x2 
 COMMON         0x00000e20     0x1004 src/Application/flash/data_flash.o
                0x00000e20                FLASH_BUF
                0x00001e20                spi
 COMMON         0x00001e24      0x122 src/Application/radio/ambe.o
                0x00001e24                AMBEBurst_rawdata
                0x00001e2c                Radio_Internal_Data
                0x00001e30                AMBE_DecryptionKey
                0x00001e38                SendAMBEBurst_EncryptionPackage
                0x00001f28                VBSP_data
                0x00001f2c                Soft_Decision_Data
 COMMON         0x00001f46     0x3200 src/Application/radio/physical.o
                0x00001f46                payload_store
                0x00003346                xnl_store
 *fill*         0x00005146        0x2 
 COMMON         0x00005148       0x4c src/Application/radio/ssc.o
                0x00005148                intDuration
                0x0000514c                BufferIndex
                0x00005150                intStartCount
                0x00005154                RxBuffer
                0x00005174                TxBuffer
 COMMON         0x00005194        0x4 src/Application/radio/xcmp.o
                0x00005194                app_list
 COMMON         0x00005198       0x18 src/Application/RFID/RFID.o
                0x00005198                RFID
                0x000051a8                CT
                0x000051ac                SN
 COMMON         0x000051b0      0x284 src/Application/xgflash/xgflash.o
                0x000051b0                message_store
                0x00005430                save_handle
 COMMON         0x00005434        0x4 src/ASF/avr32/drivers/spi/spi.o
                0x00005434                xSPIMutex
 COMMON         0x00005438        0x4 src/ASF/thirdparty/freertos/freertos-7.0.0/source/portable/gcc/avr32_uc3/write.o
                0x00005438                stdio_usart_base
 COMMON         0x0000543c        0x4 src/Log/log.o
                0x0000543c                logQueue
 COMMON         0x00005440        0x4 e:/program x86/atmel/studio/7.0/toolchain/avr32/avr32-gnu-toolchain/bin/../lib/gcc/avr32/4.4.7/../../../../avr32/lib/ucr2\libc.a(lib_a-reent.o)
                0x00005440                errno
                0x00005448                . = ALIGN (0x8)
 *fill*         0x00005444        0x4 
                0x00005448                . = ALIGN (0x8)
                0x00005448                _end = .
                0x00005448                PROVIDE (end, .)
                0x00005448                __heap_start__ = ALIGN (0x8)
                0x00017000                . = ((ORIGIN (CPUSRAM) + 0x17ffc) - _stack_size)
                0x00017000                __heap_end__ = .

.stab
 *(.stab)

.stabstr
 *(.stabstr)

.stab.excl
 *(.stab.excl)

.stab.exclstr
 *(.stab.exclstr)

.stab.index
 *(.stab.index)

.stab.indexstr
 *(.stab.indexstr)

.comment        0x00000000       0x30
 *(.comment)
 .comment       0x00000000       0x30 src/Application/app/app.o
                                 0x31 (size before relaxing)
 .comment       0x00000000       0x31 src/Application/flash/data_flash.o
 .comment       0x00000000       0x31 src/Application/myrtc/xgrtc.o
 .comment       0x00000000       0x31 src/Application/radio/ambe.o
 .comment       0x00000000       0x31 src/Application/radio/payload.o
 .comment       0x00000000       0x31 src/Application/radio/physical.o
 .comment       0x00000000       0x31 src/Application/radio/ssc.o
 .comment       0x00000000       0x31 src/Application/radio/xcmp.o
 .comment       0x00000000       0x31 src/Application/radio/xnl.o
 .comment       0x00000000       0x31 src/Application/RFID/MFRC522/rc522.o
 .comment       0x00000000       0x31 src/Application/RFID/RFID.o
 .comment       0x00000000       0x31 src/Application/timers/timer.o
 .comment       0x00000000       0x31 src/Application/xgflash/xgflash.o
 .comment       0x00000000       0x31 src/ASF/avr32/drivers/flashc/flashc.o
 .comment       0x00000000       0x31 src/ASF/avr32/drivers/gpio/gpio.o
 .comment       0x00000000       0x31 src/ASF/avr32/drivers/intc/intc.o
 .comment       0x00000000       0x31 src/ASF/avr32/drivers/pm/pm.o
 .comment       0x00000000       0x31 src/ASF/avr32/drivers/rtc/rtc.o
 .comment       0x00000000       0x31 src/ASF/avr32/drivers/spi/spi.o
 .comment       0x00000000       0x31 src/ASF/avr32/drivers/usart/usart.o
 .comment       0x00000000       0x31 src/ASF/thirdparty/freertos/freertos-7.0.0/source/list.o
 .comment       0x00000000       0x31 src/ASF/thirdparty/freertos/freertos-7.0.0/source/portable/gcc/avr32_uc3/port.o
 .comment       0x00000000       0x31 src/ASF/thirdparty/freertos/freertos-7.0.0/source/portable/gcc/avr32_uc3/read.o
 .comment       0x00000000       0x31 src/ASF/thirdparty/freertos/freertos-7.0.0/source/portable/gcc/avr32_uc3/write.o
 .comment       0x00000000       0x31 src/ASF/thirdparty/freertos/freertos-7.0.0/source/portable/memmang/heap_3.o
 .comment       0x00000000       0x31 src/ASF/thirdparty/freertos/freertos-7.0.0/source/queue.o
 .comment       0x00000000       0x31 src/ASF/thirdparty/freertos/freertos-7.0.0/source/tasks.o
 .comment       0x00000000       0x31 src/Log/log.o
 .comment       0x00000000       0x31 src/main.o
 .comment       0x00000000       0x31 e:/program x86/atmel/studio/7.0/toolchain/avr32/avr32-gnu-toolchain/bin/../lib/gcc/avr32/4.4.7/../../../../avr32/lib/ucr2\libc.a(lib_a-malloc.o)
 .comment       0x00000000       0x31 e:/program x86/atmel/studio/7.0/toolchain/avr32/avr32-gnu-toolchain/bin/../lib/gcc/avr32/4.4.7/../../../../avr32/lib/ucr2\libc.a(lib_a-mallocr.o)