Archive member included because of file (symbol)

e:/program x86/atmel/studio/7.0/toolchain/avr32/avr32-gnu-toolchain/bin/../lib/gcc/avr32/4.4.7/../../../../avr32/lib/ucr2\libc.a(lib_a-malloc.o)
                              src/ASF/thirdparty/freertos/freertos-7.0.0/source/portable/memmang/heap_3.o (free)
e:/program x86/atmel/studio/7.0/toolchain/avr32/avr32-gnu-toolchain/bin/../lib/gcc/avr32/4.4.7/../../../../avr32/lib/ucr2\libc.a(lib_a-mallocr.o)
                              e:/program x86/atmel/studio/7.0/toolchain/avr32/avr32-gnu-toolchain/bin/../lib/gcc/avr32/4.4.7/../../../../avr32/lib/ucr2\libc.a(lib_a-malloc.o) (_malloc_r)
e:/program x86/atmel/studio/7.0/toolchain/avr32/avr32-gnu-toolchain/bin/../lib/gcc/avr32/4.4.7/../../../../avr32/lib/ucr2\libc.a(lib_a-memcmp.o)
                              src/Application/voice/voice.o (memcmp)
e:/program x86/atmel/studio/7.0/toolchain/avr32/avr32-gnu-toolchain/bin/../lib/gcc/avr32/4.4.7/../../../../avr32/lib/ucr2\libc.a(lib_a-memcpy.o)
                              src/Application/flash/data_flash.o (memcpy)
e:/program x86/atmel/studio/7.0/toolchain/avr32/avr32-gnu-toolchain/bin/../lib/gcc/avr32/4.4.7/../../../../avr32/lib/ucr2\libc.a(lib_a-memset.o)
                              src/Application/radio/physical.o (memset)
e:/program x86/atmel/studio/7.0/toolchain/avr32/avr32-gnu-toolchain/bin/../lib/gcc/avr32/4.4.7/../../../../avr32/lib/ucr2\libc.a(lib_a-realloc.o)
                              src/ASF/thirdparty/freertos/freertos-7.0.0/source/portable/gcc/avr32_uc3/port.o (realloc)
e:/program x86/atmel/studio/7.0/toolchain/avr32/avr32-gnu-toolchain/bin/../lib/gcc/avr32/4.4.7/../../../../avr32/lib/ucr2\libc.a(lib_a-reallocr.o)
                              e:/program x86/atmel/studio/7.0/toolchain/avr32/avr32-gnu-toolchain/bin/../lib/gcc/avr32/4.4.7/../../../../avr32/lib/ucr2\libc.a(lib_a-realloc.o) (_realloc_r)
e:/program x86/atmel/studio/7.0/toolchain/avr32/avr32-gnu-toolchain/bin/../lib/gcc/avr32/4.4.7/../../../../avr32/lib/ucr2\libc.a(lib_a-sbrkr.o)
                              e:/program x86/atmel/studio/7.0/toolchain/avr32/avr32-gnu-toolchain/bin/../lib/gcc/avr32/4.4.7/../../../../avr32/lib/ucr2\libc.a(lib_a-mallocr.o) (_sbrk_r)
e:/program x86/atmel/studio/7.0/toolchain/avr32/avr32-gnu-toolchain/bin/../lib/gcc/avr32/4.4.7/../../../../avr32/lib/ucr2\libc.a(lib_a-sprintf.o)
                              src/Log/log.o (sprintf)
e:/program x86/atmel/studio/7.0/toolchain/avr32/avr32-gnu-toolchain/bin/../lib/gcc/avr32/4.4.7/../../../../avr32/lib/ucr2\libc.a(lib_a-strncpy.o)
                              src/ASF/thirdparty/freertos/freertos-7.0.0/source/tasks.o (strncpy)
e:/program x86/atmel/studio/7.0/toolchain/avr32/avr32-gnu-toolchain/bin/../lib/gcc/avr32/4.4.7/../../../../avr32/lib/ucr2\libc.a(lib_a-syscalls.o)
                              e:/program x86/atmel/studio/7.0/toolchain/avr32/avr32-gnu-toolchain/bin/../lib/gcc/avr32/4.4.7/../../../../avr32/lib/ucr2\libc.a(lib_a-sbrkr.o) (_sbrk)
e:/program x86/atmel/studio/7.0/toolchain/avr32/avr32-gnu-toolchain/bin/../lib/gcc/avr32/4.4.7/../../../../avr32/lib/ucr2\libc.a(lib_a-vfprintf.o)
                              e:/program x86/atmel/studio/7.0/toolchain/avr32/avr32-gnu-toolchain/bin/../lib/gcc/avr32/4.4.7/../../../../avr32/lib/ucr2\libc.a(lib_a-sprintf.o) (_vfprintf_r)
e:/program x86/atmel/studio/7.0/toolchain/avr32/avr32-gnu-toolchain/bin/../lib/gcc/avr32/4.4.7/../../../../avr32/lib/ucr2\libc.a(lib_a-wsetup.o)
                              e:/program x86/atmel/studio/7.0/toolchain/avr32/avr32-gnu-toolchain/bin/../lib/gcc/avr32/4.4.7/../../../../avr32/lib/ucr2\libc.a(lib_a-vfprintf.o) (__swsetup_r)
e:/program x86/atmel/studio/7.0/toolchain/avr32/avr32-gnu-toolchain/bin/../lib/gcc/avr32/4.4.7/../../../../avr32/lib/ucr2\libc.a(lib_a-dtoa.o)
                              e:/program x86/atmel/studio/7.0/toolchain/avr32/avr32-gnu-toolchain/bin/../lib/gcc/avr32/4.4.7/../../../../avr32/lib/ucr2\libc.a(lib_a-vfprintf.o) (_dtoa_r)
e:/program x86/atmel/studio/7.0/toolchain/avr32/avr32-gnu-toolchain/bin/../lib/gcc/avr32/4.4.7/../../../../avr32/lib/ucr2\libc.a(lib_a-errno.o)
                              e:/program x86/atmel/studio/7.0/toolchain/avr32/avr32-gnu-toolchain/bin/../lib/gcc/avr32/4.4.7/../../../../avr32/lib/ucr2\libc.a(lib_a-syscalls.o) (__errno)
e:/program x86/atmel/studio/7.0/toolchain/avr32/avr32-gnu-toolchain/bin/../lib/gcc/avr32/4.4.7/../../../../avr32/lib/ucr2\libc.a(lib_a-fflush.o)
                              e:/program x86/atmel/studio/7.0/toolchain/avr32/avr32-gnu-toolchain/bin/../lib/gcc/avr32/4.4.7/../../../../avr32/lib/ucr2\libc.a(lib_a-vfprintf.o) (_fflush_r)
e:/program x86/atmel/studio/7.0/toolchain/avr32/avr32-gnu-toolchain/bin/../lib/gcc/avr32/4.4.7/../../../../avr32/lib/ucr2\libc.a(lib_a-findfp.o)
                              e:/program x86/atmel/studio/7.0/toolchain/avr32/avr32-gnu-toolchain/bin/../lib/gcc/avr32/4.4.7/../../../../avr32/lib/ucr2\libc.a(lib_a-vfprintf.o) (__sinit)
[...]
Memory Configuration

Name             Origin             Length             Attributes
FLASH            0x80000000         0x00080000         axrl !w
CPUSRAM          0x00000004         0x00017ffc         axw !rl
USERPAGE         0x80800000         0x00000200
FACTORYPAGE      0x80800200         0x00000200
*default*        0x00000000         0xffffffff

Linker script and memory map

                0x00001000                _stack_size = 0x1000
LOAD src/Application/app/app.o
LOAD src/Application/flash/data_flash.o
LOAD src/Application/radio/ambe.o
LOAD src/Application/radio/AMBE_audio.o
LOAD src/Application/radio/AMBE_audio_2.o
LOAD src/Application/radio/audio.o
LOAD src/Application/radio/payload.o
LOAD src/Application/radio/physical.o
LOAD src/Application/radio/ssc.o
LOAD src/Application/radio/xcmp.o
LOAD src/Application/radio/xnl.o
LOAD src/Application/RFID/MFRC522/rc522.o
LOAD src/Application/RFID/RFID.o
LOAD src/Application/rtc/rtc.o
LOAD src/Application/timers/timer.o
LOAD src/Application/voice/voice.o
LOAD src/ASF/avr32/drivers/flashc/flashc.o
LOAD src/ASF/avr32/drivers/gpio/gpio.o
LOAD src/ASF/avr32/drivers/intc/intc.o
LOAD src/ASF/avr32/drivers/pm/pm.o
LOAD src/ASF/avr32/drivers/pm/pm_conf_clocks.o
LOAD src/ASF/avr32/drivers/pm/power_clocks_lib.o
LOAD src/ASF/avr32/drivers/spi/spi.o
LOAD src/ASF/avr32/drivers/tc/tc.o
LOAD src/ASF/avr32/drivers/twi/twi.o
LOAD src/ASF/avr32/drivers/usart/usart.o
LOAD src/ASF/avr32/utils/startup/startup_uc3.o
LOAD src/ASF/avr32/utils/startup/trampoline_uc3.o
LOAD src/ASF/common/boards/user_board/init.o
LOAD src/ASF/common/services/clock/uc3b0_b1/sysclk.o
LOAD src/ASF/common/services/spi/uc3_spi/spi_master.o
LOAD src/ASF/common/services/spi/uc3_usart_spi/usart_spi.o
LOAD src/ASF/thirdparty/freertos/freertos-7.0.0/source/croutine.o
LOAD src/ASF/thirdparty/freertos/freertos-7.0.0/source/list.o
LOAD src/ASF/thirdparty/freertos/freertos-7.0.0/source/portable/gcc/avr32_uc3/exception.o
LOAD src/ASF/thirdparty/freertos/freertos-7.0.0/source/portable/gcc/avr32_uc3/port.o
LOAD src/ASF/thirdparty/freertos/freertos-7.0.0/source/portable/gcc/avr32_uc3/read.o
LOAD src/ASF/thirdparty/freertos/freertos-7.0.0/source/portable/gcc/avr32_uc3/write.o
LOAD src/ASF/thirdparty/freertos/freertos-7.0.0/source/portable/memmang/heap_3.o
LOAD src/ASF/thirdparty/freertos/freertos-7.0.0/source/queue.o
LOAD src/ASF/thirdparty/freertos/freertos-7.0.0/source/tasks.o
LOAD src/Log/log.o
LOAD src/main.o
START GROUP
LOAD e:/program x86/atmel/studio/7.0/toolchain/avr32/avr32-gnu-toolchain/bin/../lib/gcc/avr32/4.4.7/../../../../avr32/lib/ucr2\libm.a
END GROUP
LOAD e:/program x86/atmel/studio/7.0/toolchain/avr32/avr32-gnu-toolchain/bin/../lib/gcc/avr32/4.4.7/ucr2\libgcc.a
LOAD e:/program x86/atmel/studio/7.0/toolchain/avr32/avr32-gnu-toolchain/bin/../lib/gcc/avr32/4.4.7/../../../../avr32/lib/ucr2\libc.a
LOAD e:/program x86/atmel/studio/7.0/toolchain/avr32/avr32-gnu-toolchain/bin/../lib/gcc/avr32/4.4.7/ucr2\libgcc.a
                0x80000000                PROVIDE (__executable_start, 0x80000000)
                0x80000000                . = 0x80000000

.interp
 *(.interp)

.reset          0x80000000     0x2004
 *(.reset)
 .reset         0x80000000     0x2004 src/ASF/avr32/utils/startup/trampoline_uc3.o
                               0x2008 (size before relaxing)
                0x80000000                _trampoline

.hash
 *(.hash)

.dynsym
 *(.dynsym)

.dynstr
 *(.dynstr)

.gnu.version
 *(.gnu.version)

.gnu.version_d
 *(.gnu.version_d)

.gnu.version_r
 *(.gnu.version_r)

.rel.init
 *(.rel.init)

.rela.init
 *(.rela.init)

.rel.text
 *(.rel.text .rel.text.* .rel.gnu.linkonce.t.*)

.rela.text
 *(.rela.text .rela.text.* .rela.gnu.linkonce.t.*)

.rel.fini
 *(.rel.fini)

.rela.fini
 *(.rela.fini)

.rel.rodata
 *(.rel.rodata .rel.rodata.* .rel.gnu.linkonce.r.*)

.rela.rodata
 *(.rela.rodata .rela.rodata.* .rela.gnu.linkonce.r.*)

.rel.data.rel.ro
 *(.rel.data.rel.ro*)

.rela.data.rel.ro
 *(.rel.data.rel.ro*)

.rel.data
 *(.rel.data .rel.data.* .rel.gnu.linkonce.d.*)

.rela.data
 *(.rela.data .rela.data.* .rela.gnu.linkonce.d.*)

.rel.tdata
 *(.rel.tdata .rel.tdata.* .rel.gnu.linkonce.td.*)

.rela.tdata
 *(.rela.tdata .rela.tdata.* .rela.gnu.linkonce.td.*)

.rel.tbss
 *(.rel.tbss .rel.tbss.* .rel.gnu.linkonce.tb.*)

.rela.tbss
 *(.rela.tbss .rela.tbss.* .rela.gnu.linkonce.tb.*)

.rel.ctors
 *(.rel.ctors)

.rela.ctors
 *(.rela.ctors)

.rel.dtors
 *(.rel.dtors)

.rela.dtors
 *(.rela.dtors)

.rel.got
 *(.rel.got)

.rela.got       0x80002004        0x0
 *(.rela.got)
 .rela.got      0x80002004        0x0 src/Application/app/app.o

.rel.bss
 *(.rel.bss .rel.bss.* .rel.gnu.linkonce.b.*)

.rela.bss
 *(.rela.bss .rela.bss.* .rela.gnu.linkonce.b.*)

.rel.plt
 *(.rel.plt)

.rela.plt
 *(.rela.plt)

.init
 *(.init)

.plt
 *(.plt)

.text           0x80002004     0xa714
 *(.text .stub .text.* .gnu.linkonce.t.*)
 .text.DeviceManagement_brdcst_func
                0x80002004       0x24 src/Application/app/app.o
                0x80002004                DeviceManagement_brdcst_func
 .text.Volume_brdcst_func
                0x80002028        0x2 src/Application/app/app.o
                0x80002028                Volume_brdcst_func
 .text.AudioRoutingControl_brdcst_func
                0x8000202a        0x2 src/Application/app/app.o
                0x8000202a                AudioRoutingControl_brdcst_func
 .text.vApplicationIdleHook
                0x8000202c       0x10 src/Application/app/app.o
                0x8000202c                vApplicationIdleHook
 .text.app_init
                0x8000203c       0x54 src/Application/app/app.o
                0x8000203c                app_init
 .text.app_cfg  0x80002090       0x74 src/Application/app/app.o
 .text.app_payload_tx_proc
                0x80002104       0x14 src/Application/app/app.o
 .text.app_payload_rx_proc
                0x80002118       0x34 src/Application/app/app.o
 .text.FD_brdcst_func
                0x8000214c       0x14 src/Application/app/app.o
                0x8000214c                FD_brdcst_func
 .text.FD_reply_func
                0x80002160       0x14 src/Application/app/app.o
                0x80002160                FD_reply_func
 .text.FD_request_func
                0x80002174       0x14 src/Application/app/app.o
                0x80002174                FD_request_func
 .text.EnOB_brdcst_func
                0x80002188       0x14 src/Application/app/app.o
                0x80002188                EnOB_brdcst_func
 .text.EnOB_reply_func
                0x8000219c       0x70 src/Application/app/app.o
                0x8000219c                EnOB_reply_func
 .text.SingleDetection_brdcst_func
                0x8000220c       0x1c src/Application/app/app.o
                0x8000220c                SingleDetection_brdcst_func
 .text.ButtonConfig_brdcst_func
                0x80002228       0xdc src/Application/app/app.o
                0x80002228                ButtonConfig_brdcst_func
 .text.ButtonConfig_reply_func
                0x80002304       0x44 src/Application/app/app.o
                0x80002304                ButtonConfig_reply_func
 .text.DataSession_brdcst_func
                0x80002348       0xd8 src/Application/app/app.o
                0x80002348                DataSession_brdcst_func
 .text.DataSession_reply_func
                0x80002420       0x7c src/Application/app/app.o
                0x80002420                DataSession_reply_func
 .text.CallControl_brdcst_func
                0x8000249c       0x44 src/Application/app/app.o
                0x8000249c                CallControl_brdcst_func
 .text.TransmitControl_brdcst_func
                0x800024e0       0x48 src/Application/app/app.o
                0x800024e0                TransmitControl_brdcst_func
 .text.TransmitControl_reply_func
                0x80002528       0x60 src/Application/app/app.o
                0x80002528                TransmitControl_reply_func
 .text.AudioRoutingControl_reply_func
                0x80002588       0x28 src/Application/app/app.o
                0x80002588                AudioRoutingControl_reply_func
 .text.Volume_reply_func
                0x800025b0       0x64 src/Application/app/app.o
                0x800025b0                Volume_reply_func
 .text.spk_brdcst_func
                0x80002614       0x38 src/Application/app/app.o
                0x80002614                spk_brdcst_func
 .text.spk_reply_func
                0x8000264c       0x48 src/Application/app/app.o
                0x8000264c                spk_reply_func
 .text.mic_brdcst_func
                0x80002694       0x58 src/Application/app/app.o
                0x80002694                mic_brdcst_func
 .text.mic_reply_func
                0x800026ec       0x94 src/Application/app/app.o
                0x800026ec                mic_reply_func
 .text.dcm_brdcst_func
                0x80002780       0x48 src/Application/app/app.o
                0x80002780                dcm_brdcst_func
 .text.dcm_reply_func
                0x800027c8       0x68 src/Application/app/app.o
                0x800027c8                dcm_reply_func
 .text.ToneControl_reply_func
                0x80002830       0x28 src/Application/app/app.o
                0x80002830                ToneControl_reply_func
 .text.Phyuserinput_brdcst_func
                0x80002858       0x58 src/Application/app/app.o
                0x80002858                Phyuserinput_brdcst_func
 .text.DeviceInitializationStatus_brdcst_func
                0x800028b0       0x38 src/Application/app/app.o
                0x800028b0                DeviceInitializationStatus_brdcst_func
 .text.CalculateBurst
                0x800028e8       0x1c src/Application/radio/ambe.o
                0x800028e8                CalculateBurst
 .text.payload_init
                0x80002904       0x38 src/Application/radio/payload.o
                0x80002904                payload_init
 .text.payload_rx_process
                0x8000293c       0x4c src/Application/radio/payload.o
 .text.set_idle_store_isr
                0x80002988       0x1c src/Application/radio/physical.o
                0x80002988                set_idle_store_isr
 .text.phy_rx   0x800029a4       0x38 src/Application/radio/physical.o
                0x800029a4                phy_rx
 .text.set_idle_store
                0x800029dc       0x20 src/Application/radio/physical.o
                0x800029dc                set_idle_store
 .text.phy_tx   0x800029fc       0x5c src/Application/radio/physical.o
                0x800029fc                phy_tx
 .text.get_idle_store_isr
                0x80002a58       0x28 src/Application/radio/physical.o
                0x80002a58                get_idle_store_isr
 .text.phy_tx_func
                0x80002a80      0x108 src/Application/radio/physical.o
 .text.get_idle_store
                0x80002b88       0x28 src/Application/radio/physical.o
                0x80002b88                get_idle_store
 .text.phy_init
                0x80002bb0       0x28 src/Application/radio/physical.o
                0x80002bb0                phy_init
 .text.payload_rx
                0x80002bd8       0x60 src/Application/radio/physical.o
 .text.phy_rx_func
                0x80002c38      0xf24 src/Application/radio/physical.o
 .text.pdca_int_handler
                0x80003b5c       0x74 src/Application/radio/ssc.o
 .text.local_start_SSC
                0x80003bd0       0x44 src/Application/radio/ssc.o
                0x80003bd0                local_start_SSC
 .text.local_start_PDC
                0x80003c14       0x6c src/Application/radio/ssc.o
                0x80003c14                local_start_PDC
 .text.register_rx_tx_func
                0x80003c80       0x14 src/Application/radio/ssc.o
                0x80003c80                register_rx_tx_func
 .text.ssc_init
                0x80003c94       0x70 src/Application/radio/ssc.o
                0x80003c94                ssc_init
 .text.xcmp_register_app_list
                0x80003d04        0xc src/Application/radio/xcmp.o
                0x80003d04                xcmp_register_app_list
 .text.xcmp_tx  0x80003d10       0x48 src/Application/radio/xcmp.o
 .text.xcmp_data_session_req
                0x80003d58       0x8c src/Application/radio/xcmp.o
                0x80003d58                xcmp_data_session_req
 .text.xcmp_DeviceInitializationStatus_request
                0x80003de4       0x40 src/Application/radio/xcmp.o
                0x80003de4                xcmp_DeviceInitializationStatus_request
 .text.xcmp_opcode_not_supported
                0x80003e24       0x24 src/Application/radio/xcmp.o
                0x80003e24                xcmp_opcode_not_supported
 .text.xcmp_exec_func
                0x80003e48       0x48 src/Application/radio/xcmp.o
 .text.xcmp_IdleTestTone
                0x80003e90       0x60 src/Application/radio/xcmp.o
                0x80003e90                xcmp_IdleTestTone
 .text.xcmp_init
                0x80003ef0       0x54 src/Application/radio/xcmp.o
                0x80003ef0                xcmp_init
 .text.xcmp_rx_process
                0x80003f44       0xfc src/Application/radio/xcmp.o
 .text.xcmp_rx  0x80004040       0x4c src/Application/radio/xcmp.o
 .text.xnl_register_xcmp_func
                0x8000408c        0xc src/Application/radio/xnl.o
                0x8000408c                xnl_register_xcmp_func
 .text.xnl_get_msg_ack_func
                0x80004098       0x2c src/Application/radio/xnl.o
                0x80004098                xnl_get_msg_ack_func
 .text.xnl_init
                0x800040c4      0x12c src/Application/radio/xnl.o
                0x800040c4                xnl_init
 .text.xnl_rx_process
                0x800041f0       0x60 src/Application/radio/xnl.o
 .text.xnl_tx_process
                0x80004250       0xcc src/Application/radio/xnl.o
 .text.xnl_tx   0x8000431c       0xe4 src/Application/radio/xnl.o
                0x8000431c                xnl_tx
 .text.xnl_data_msg_func
                0x80004400       0x60 src/Application/radio/xnl.o
                0x80004400                xnl_data_msg_func
 .text.xnl_device_auth_reply_func
                0x80004460      0x120 src/Application/radio/xnl.o
                0x80004460                xnl_device_auth_reply_func
 .text.xnl_master_status_brdcst_func
                0x80004580       0x60 src/Application/radio/xnl.o
                0x80004580                xnl_master_status_brdcst_func
 .text.xnl_device_conn_reply_func
                0x800045e0       0x5c src/Application/radio/xnl.o
                0x800045e0                xnl_device_conn_reply_func
 .text.xnl_send_device_master_query
                0x8000463c       0x30 src/Application/radio/xnl.o
                0x8000463c                xnl_send_device_master_query
 .text.RC522_SPI_SetSpeed
                0x8000466c       0x24 src/Application/RFID/MFRC522/rc522.o
                0x8000466c                RC522_SPI_SetSpeed
 .text.RC522_SPI_SetSpeedLow
                0x80004690       0x10 src/Application/RFID/MFRC522/rc522.o
                0x80004690                RC522_SPI_SetSpeedLow
 .text.RC522_ReadByte
                0x800046a0       0x44 src/Application/RFID/MFRC522/rc522.o
                0x800046a0                RC522_ReadByte
 .text.RC522_WriteByte
                0x800046e4       0x4c src/Application/RFID/MFRC522/rc522.o
                0x800046e4                RC522_WriteByte
 .text.WriteRawRC
                0x80004730       0x38 src/Application/RFID/MFRC522/rc522.o
                0x80004730                WriteRawRC
 .text.PcdReset
                0x80004768       0x80 src/Application/RFID/MFRC522/rc522.o
                0x80004768                PcdReset
 .text.ReadRawRC
                0x800047e8       0x40 src/Application/RFID/MFRC522/rc522.o
                0x800047e8                ReadRawRC
 .text.SetBitMask
                0x80004828       0x24 src/Application/RFID/MFRC522/rc522.o
                0x80004828                SetBitMask
 .text.PcdAntennaOn
                0x8000484c       0x20 src/Application/RFID/MFRC522/rc522.o
                0x8000484c                PcdAntennaOn
 .text.ClearBitMask
                0x8000486c       0x28 src/Application/RFID/MFRC522/rc522.o
                0x8000486c                ClearBitMask
 .text.PcdAntennaOff
                0x80004894       0x10 src/Application/RFID/MFRC522/rc522.o
                0x80004894                PcdAntennaOff
 .text.M500PcdConfigISOType
                0x800048a4       0x70 src/Application/RFID/MFRC522/rc522.o
                0x800048a4                M500PcdConfigISOType
 .text.rc522_init
                0x80004914       0xd0 src/Application/RFID/MFRC522/rc522.o
                0x80004914                rc522_init
 .text.PcdComMF522
                0x800049e4      0x178 src/Application/RFID/MFRC522/rc522.o
                0x800049e4                PcdComMF522
 .text.PcdAnticoll
                0x80004b5c       0x84 src/Application/RFID/MFRC522/rc522.o
                0x80004b5c                PcdAnticoll
 .text.PcdRequest
                0x80004be0       0x64 src/Application/RFID/MFRC522/rc522.o
                0x80004be0                PcdRequest
 .text.CalulateCRC
                0x80004c44       0x8c src/Application/RFID/MFRC522/rc522.o
                0x80004c44                CalulateCRC
 .text.PcdSelect
                0x80004cd0       0x74 src/Application/RFID/MFRC522/rc522.o
                0x80004cd0                PcdSelect
 .text.rfid_auto_reader
                0x80004d44      0x120 src/Application/RFID/RFID.o
                0x80004d44                rfid_auto_reader
 .text.rfid_sendID_message
                0x80004e64      0x168 src/Application/RFID/RFID.o
                0x80004e64                rfid_sendID_message
 .text.rfid_init
                0x80004fcc        0xc src/Application/RFID/RFID.o
                0x80004fcc                rfid_init
 .text.local_start_pll0
                0x80004fd8       0x50 src/Application/rtc/rtc.o
                0x80004fd8                local_start_pll0
 .text.delay_ns
                0x80005028       0x16 src/Application/timers/timer.o
                0x80005028                delay_ns
 *fill*         0x8000503e        0x2 d703d703
 .text.delay_us
                0x80005040       0x28 src/Application/timers/timer.o
                0x80005040                delay_us
 .text.delay_ms
                0x80005068       0x28 src/Application/timers/timer.o
                0x80005068                delay_ms
 .text.local_start_timer
                0x80005090       0x2c src/Application/timers/timer.o
                0x80005090                local_start_timer
 .text.gpio_enable_module_pin
                0x800050bc       0x52 src/ASF/avr32/drivers/gpio/gpio.o
                0x800050bc                gpio_enable_module_pin
 *fill*         0x8000510e        0x2 d703d703
 .text.gpio_enable_module
                0x80005110       0x30 src/ASF/avr32/drivers/gpio/gpio.o
                0x80005110                gpio_enable_module
 .text.gpio_enable_gpio_pin
                0x80005140       0x18 src/ASF/avr32/drivers/gpio/gpio.o
                0x80005140                gpio_enable_gpio_pin
 .text.gpio_set_gpio_pin
                0x80005158       0x1c src/ASF/avr32/drivers/gpio/gpio.o
                0x80005158                gpio_set_gpio_pin
 .text.gpio_clr_gpio_pin
                0x80005174       0x1c src/ASF/avr32/drivers/gpio/gpio.o
                0x80005174                gpio_clr_gpio_pin
 .text._unhandled_interrupt
                0x80005190        0x2 src/ASF/avr32/drivers/intc/intc.o
 *fill*         0x80005192        0x2 d703d703
 .text.INTC_register_interrupt
                0x80005194       0x80 src/ASF/avr32/drivers/intc/intc.o
                0x80005194                INTC_register_interrupt
 .text.INTC_init_interrupts
                0x80005214       0x54 src/ASF/avr32/drivers/intc/intc.o
                0x80005214                INTC_init_interrupts
 .text._get_interrupt_handler
                0x80005268       0x38 src/ASF/avr32/drivers/intc/intc.o
                0x80005268                _get_interrupt_handler
 .text.getBaudDiv
                0x800052a0       0x20 src/ASF/avr32/drivers/spi/spi.o
                0x800052a0                getBaudDiv
 .text.spi_initMaster
                0x800052c0       0x38 src/ASF/avr32/drivers/spi/spi.o
                0x800052c0                spi_initMaster
 .text.spi_selectionMode
                0x800052f8       0x2c src/ASF/avr32/drivers/spi/spi.o
                0x800052f8                spi_selectionMode
 .text.spi_enable
                0x80005324        0x6 src/ASF/avr32/drivers/spi/spi.o
                0x80005324                spi_enable
 .text.spi_write
                0x8000532a       0x1c src/ASF/avr32/drivers/spi/spi.o
                0x8000532a                spi_write
 .text.spi_read
                0x80005346       0x20 src/ASF/avr32/drivers/spi/spi.o
                0x80005346                spi_read
 *fill*         0x80005366        0x2 d703d703
 .text.spi_setupChipReg
                0x80005368       0xe8 src/ASF/avr32/drivers/spi/spi.o
                0x80005368                spi_setupChipReg
 .text.spi_unselectChip
                0x80005450       0x40 src/ASF/avr32/drivers/spi/spi.o
                0x80005450                spi_unselectChip
 .text.spi_selectChip
                0x80005490       0x78 src/ASF/avr32/drivers/spi/spi.o
                0x80005490                spi_selectChip
 .text.usart_set_async_baudrate
                0x80005508       0x5a src/ASF/avr32/drivers/usart/usart.o
 .text.usart_write_char
                0x80005562       0x14 src/ASF/avr32/drivers/usart/usart.o
                0x80005562                usart_write_char
 *fill*         0x80005576        0x2 d703d703
 .text.usart_putchar
                0x80005578       0x2c src/ASF/avr32/drivers/usart/usart.o
                0x80005578                usart_putchar
 .text.usart_read_char
                0x800055a4       0x22 src/ASF/avr32/drivers/usart/usart.o
                0x800055a4                usart_read_char
 *fill*         0x800055c6        0x2 d703d703
 .text.usart_getchar
                0x800055c8       0x2c src/ASF/avr32/drivers/usart/usart.o
                0x800055c8                usart_getchar
 .text.usart_write_line
                0x800055f4       0x24 src/ASF/avr32/drivers/usart/usart.o
                0x800055f4                usart_write_line
 .text.usart_reset
                0x80005618       0x2c src/ASF/avr32/drivers/usart/usart.o
                0x80005618                usart_reset
 .text.usart_init_rs232
                0x80005644       0xcc src/ASF/avr32/drivers/usart/usart.o
                0x80005644                usart_init_rs232
 .text._stext   0x80005710       0x40 src/ASF/avr32/utils/startup/startup_uc3.o
                                 0x50 (size before relaxing)
                0x80005710                _stext
 .text.vListInitialise
                0x80005750       0x14 src/ASF/thirdparty/freertos/freertos-7.0.0/source/list.o
                0x80005750                vListInitialise
 .text.vListInitialiseItem
                0x80005764        0x6 src/ASF/thirdparty/freertos/freertos-7.0.0/source/list.o
                0x80005764                vListInitialiseItem
 .text.vListInsertEnd
                0x8000576a       0x1c src/ASF/thirdparty/freertos/freertos-7.0.0/source/list.o
                0x8000576a                vListInsertEnd
 .text.vListInsert
                0x80005786       0x34 src/ASF/thirdparty/freertos/freertos-7.0.0/source/list.o
                0x80005786                vListInsert
 .text.vListRemove
                0x800057ba       0x26 src/ASF/thirdparty/freertos/freertos-7.0.0/source/list.o
                0x800057ba                vListRemove
 .text.pxPortInitialiseStack
                0x800057e0       0x92 src/ASF/thirdparty/freertos/freertos-7.0.0/source/portable/gcc/avr32_uc3/port.o
                0x800057e0                pxPortInitialiseStack
 *fill*         0x80005872        0x2 d703d703
 .text.vPortEnterCritical
                0x80005874       0x10 src/ASF/thirdparty/freertos/freertos-7.0.0/source/portable/gcc/avr32_uc3/port.o
                0x80005874                vPortEnterCritical
 .text.xPortStartScheduler
                0x80005884       0x58 src/ASF/thirdparty/freertos/freertos-7.0.0/source/portable/gcc/avr32_uc3/port.o
                0x80005884                xPortStartScheduler
 .text.SCALLYield
                0x800058dc       0x98 src/ASF/thirdparty/freertos/freertos-7.0.0/source/portable/gcc/avr32_uc3/port.o
                0x800058dc                SCALLYield
 .text.prvClearCcInt
                0x80005974        0xa src/ASF/thirdparty/freertos/freertos-7.0.0/source/portable/gcc/avr32_uc3/port.o
 *fill*         0x8000597e        0x2 d703d703
 .text.vPortExitCritical
                0x80005980       0x20 src/ASF/thirdparty/freertos/freertos-7.0.0/source/portable/gcc/avr32_uc3/port.o
                0x80005980                vPortExitCritical
 .text.vTick    0x800059a0       0x84 src/ASF/thirdparty/freertos/freertos-7.0.0/source/portable/gcc/avr32_uc3/port.o
 .text.__malloc_lock
                0x80005a24        0xc src/ASF/thirdparty/freertos/freertos-7.0.0/source/portable/gcc/avr32_uc3/port.o
                0x80005a24                __malloc_lock
 .text.__malloc_unlock
                0x80005a30        0xc src/ASF/thirdparty/freertos/freertos-7.0.0/source/portable/gcc/avr32_uc3/port.o
                0x80005a30                __malloc_unlock
 .text._read    0x80005a3c       0x40 src/ASF/thirdparty/freertos/freertos-7.0.0/source/portable/gcc/avr32_uc3/read.o
                0x80005a3c                _read
 .text._write   0x80005a7c       0x3c src/ASF/thirdparty/freertos/freertos-7.0.0/source/portable/gcc/avr32_uc3/write.o
                0x80005a7c                _write
 .text.vPortFree
                0x80005ab8       0x28 src/ASF/thirdparty/freertos/freertos-7.0.0/source/portable/memmang/heap_3.o
                0x80005ab8                vPortFree
 .text.pvPortMalloc
                0x80005ae0       0x28 src/ASF/thirdparty/freertos/freertos-7.0.0/source/portable/memmang/heap_3.o
                0x80005ae0                pvPortMalloc
 .text.prvCopyDataFromQueue
                0x80005b08       0x30 src/ASF/thirdparty/freertos/freertos-7.0.0/source/queue.o
 .text.xQueueReceiveFromISR
                0x80005b38       0x50 src/ASF/thirdparty/freertos/freertos-7.0.0/source/queue.o
                0x80005b38                xQueueReceiveFromISR
 .text.prvUnlockQueue
                0x80005b88       0xa0 src/ASF/thirdparty/freertos/freertos-7.0.0/source/queue.o
 .text.xQueueGenericReceive
                0x80005c28      0x144 src/ASF/thirdparty/freertos/freertos-7.0.0/source/queue.o
                0x80005c28                xQueueGenericReceive
 .text.prvCopyDataToQueue
                0x80005d6c       0x78 src/ASF/thirdparty/freertos/freertos-7.0.0/source/queue.o
 .text.xQueueGenericSendFromISR
                0x80005de4       0x50 src/ASF/thirdparty/freertos/freertos-7.0.0/source/queue.o
                0x80005de4                xQueueGenericSendFromISR
 .text.xQueueGenericSend
                0x80005e34      0x100 src/ASF/thirdparty/freertos/freertos-7.0.0/source/queue.o
                0x80005e34                xQueueGenericSend
 .text.xQueueCreate
                0x80005f34       0x74 src/ASF/thirdparty/freertos/freertos-7.0.0/source/queue.o
                0x80005f34                xQueueCreate
 .text.vTaskSuspendAll
                0x80005fa8       0x10 src/ASF/thirdparty/freertos/freertos-7.0.0/source/tasks.o
                0x80005fa8                vTaskSuspendAll
 .text.vTaskSwitchContext
                0x80005fb8       0x7c src/ASF/thirdparty/freertos/freertos-7.0.0/source/tasks.o
                0x80005fb8                vTaskSwitchContext
 .text.vTaskSetTimeOutState
                0x80006034       0x18 src/ASF/thirdparty/freertos/freertos-7.0.0/source/tasks.o
                0x80006034                vTaskSetTimeOutState
 .text.vTaskMissedYield
                0x8000604c        0xc src/ASF/thirdparty/freertos/freertos-7.0.0/source/tasks.o
                0x8000604c                vTaskMissedYield
 .text.xTaskGetCurrentTaskHandle
                0x80006058        0xc src/ASF/thirdparty/freertos/freertos-7.0.0/source/tasks.o
                0x80006058                xTaskGetCurrentTaskHandle
 .text.vTaskPriorityDisinherit
                0x80006064       0x58 src/ASF/thirdparty/freertos/freertos-7.0.0/source/tasks.o
                0x80006064                vTaskPriorityDisinherit
 .text.vTaskPriorityInherit
                0x800060bc       0x84 src/ASF/thirdparty/freertos/freertos-7.0.0/source/tasks.o
                0x800060bc                vTaskPriorityInherit
 .text.xTaskRemoveFromEventList
                0x80006140       0x7c src/ASF/thirdparty/freertos/freertos-7.0.0/source/tasks.o
                0x80006140                xTaskRemoveFromEventList
 .text.vTaskIncrementTick
                0x800061bc      0x114 src/ASF/thirdparty/freertos/freertos-7.0.0/source/tasks.o
                0x800061bc                vTaskIncrementTick
 .text.xTaskCheckForTimeOut
                0x800062d0       0x70 src/ASF/thirdparty/freertos/freertos-7.0.0/source/tasks.o
                0x800062d0                xTaskCheckForTimeOut
 .text.xTaskGetTickCount
                0x80006340       0x24 src/ASF/thirdparty/freertos/freertos-7.0.0/source/tasks.o
                0x80006340                xTaskGetTickCount
 .text.xTaskResumeAll
                0x80006364       0xe8 src/ASF/thirdparty/freertos/freertos-7.0.0/source/tasks.o
                0x80006364                xTaskResumeAll
 .text.prvAddCurrentTaskToDelayedList
                0x8000644c       0x5c src/ASF/thirdparty/freertos/freertos-7.0.0/source/tasks.o
 .text.vTaskDelay
                0x800064a8       0x48 src/ASF/thirdparty/freertos/freertos-7.0.0/source/tasks.o
                0x800064a8                vTaskDelay
 .text.vTaskDelayUntil
                0x800064f0       0x80 src/ASF/thirdparty/freertos/freertos-7.0.0/source/tasks.o
                0x800064f0                vTaskDelayUntil
 .text.vTaskPlaceOnEventList
                0x80006570       0x58 src/ASF/thirdparty/freertos/freertos-7.0.0/source/tasks.o
                0x80006570                vTaskPlaceOnEventList
 .text.prvIdleTask
                0x800065c8       0x88 src/ASF/thirdparty/freertos/freertos-7.0.0/source/tasks.o
 .text.xTaskGenericCreate
                0x80006650      0x1e8 src/ASF/thirdparty/freertos/freertos-7.0.0/source/tasks.o
                0x80006650                xTaskGenericCreate
 .text.vTaskStartScheduler
                0x80006838       0x4c src/ASF/thirdparty/freertos/freertos-7.0.0/source/tasks.o
                0x80006838                vTaskStartScheduler
 .text.PrintChar
                0x80006884        0x4 src/Log/log.o
                0x80006884                PrintChar
 .text.PrintHex
                0x80006888       0xb2 src/Log/log.o
                0x80006888                PrintHex
 .text.PrintDec
                0x8000693a       0xda src/Log/log.o
                0x8000693a                PrintDec
 .text.log      0x80006a14      0x18c src/Log/log.o
                0x80006a14                log
 .text.logFromISR
                0x80006ba0      0x180 src/Log/log.o
                0x80006ba0                logFromISR
 .text.log_init
                0x80006d20       0x68 src/Log/log.o
                0x80006d20                log_init
 .text.task_log
                0x80006d88       0x44 src/Log/log.o
 .text.main     0x80006dcc       0x68 src/main.o
                0x80006dcc                main
 .text.free     0x80006e34       0x10 e:/program x86/atmel/studio/7.0/toolchain/avr32/avr32-gnu-toolchain/bin/../lib/gcc/avr32/4.4.7/../../../../avr32/lib/ucr2\libc.a(lib_a-malloc.o)
                                 0x18 (size before relaxing)
                0x80006e34                free
 .text.malloc   0x80006e44       0x10 e:/program x86/atmel/studio/7.0/toolchain/avr32/avr32-gnu-toolchain/bin/../lib/gcc/avr32/4.4.7/../../../../avr32/lib/ucr2\libc.a(lib_a-malloc.o)
                                 0x18 (size before relaxing)
                0x80006e44                malloc
 .text._malloc_r
                0x80006e54      0x438 e:/program x86/atmel/studio/7.0/toolchain/avr32/avr32-gnu-toolchain/bin/../lib/gcc/avr32/4.4.7/../../../../avr32/lib/ucr2\libc.a(lib_a-mallocr.o)
                                0x450 (size before relaxing)
                0x80006e54                _malloc_r
 .text          0x8000728c      0x148 e:/program x86/atmel/studio/7.0/toolchain/avr32/avr32-gnu-toolchain/bin/../lib/gcc/avr32/4.4.7/../../../../avr32/lib/ucr2\libc.a(lib_a-memcpy.o)
                0x8000728c                memcpy
 .text.memset   0x800073d4        0xe e:/program x86/atmel/studio/7.0/toolchain/avr32/avr32-gnu-toolchain/bin/../lib/gcc/avr32/4.4.7/../../../../avr32/lib/ucr2\libc.a(lib_a-memset.o)
                0x800073d4                memset
 *fill*         0x800073e2        0x2 d703d703
 .text._realloc_r
                0x800073e4      0x2c0 e:/program x86/atmel/studio/7.0/toolchain/avr32/avr32-gnu-toolchain/bin/../lib/gcc/avr32/4.4.7/../../../../avr32/lib/ucr2\libc.a(lib_a-reallocr.o)
                                0x2e0 (size before relaxing)
                0x800073e4                _realloc_r
 .text._sbrk_r  0x800076a4       0x20 e:/program x86/atmel/studio/7.0/toolchain/avr32/avr32-gnu-toolchain/bin/../lib/gcc/avr32/4.4.7/../../../../avr32/lib/ucr2\libc.a(lib_a-sbrkr.o)
                                 0x28 (size before relaxing)
                0x800076a4                _sbrk_r
 .text.sprintf  0x800076c4       0x3c e:/program x86/atmel/studio/7.0/toolchain/avr32/avr32-gnu-toolchain/bin/../lib/gcc/avr32/4.4.7/../../../../avr32/lib/ucr2\libc.a(lib_a-sprintf.o)
                                 0x40 (size before relaxing)
                0x800076c4                sprintf
 .text          0x80007700       0x20 e:/program x86/atmel/studio/7.0/toolchain/avr32/avr32-gnu-toolchain/bin/../lib/gcc/avr32/4.4.7/../../../../avr32/lib/ucr2\libc.a(lib_a-strncpy.o)
                0x80007700                strncpy
 .text._close   0x80007720       0x14 e:/program x86/atmel/studio/7.0/toolchain/avr32/avr32-gnu-toolchain/bin/../lib/gcc/avr32/4.4.7/../../../../avr32/lib/ucr2\libc.a(lib_a-syscalls.o)
                                 0x18 (size before relaxing)
                0x80007720                _close
 .text._lseek   0x80007734       0x14 e:/program x86/atmel/studio/7.0/toolchain/avr32/avr32-gnu-toolchain/bin/../lib/gcc/avr32/4.4.7/../../../../avr32/lib/ucr2\libc.a(lib_a-syscalls.o)
                                 0x18 (size before relaxing)
                0x80007734                _lseek
 .text.isatty   0x80007748       0x14 e:/program x86/atmel/studio/7.0/toolchain/avr32/avr32-gnu-toolchain/bin/../lib/gcc/avr32/4.4.7/../../../../avr32/lib/ucr2\libc.a(lib_a-syscalls.o)
                                 0x18 (size before relaxing)
                0x80007748                isatty
 .text._fstat_host
                0x8000775c       0x14 e:/program x86/atmel/studio/7.0/toolchain/avr32/avr32-gnu-toolchain/bin/../lib/gcc/avr32/4.4.7/../../../../avr32/lib/ucr2\libc.a(lib_a-syscalls.o)
                                 0x18 (size before relaxing)
                0x8000775c                _fstat_host
 .text._fstat   0x80007770       0x4c e:/program x86/atmel/studio/7.0/toolchain/avr32/avr32-gnu-toolchain/bin/../lib/gcc/avr32/4.4.7/../../../../avr32/lib/ucr2\libc.a(lib_a-syscalls.o)
                                 0x50 (size before relaxing)
                0x80007770                _fstat
 .text._sbrk    0x800077bc       0x38 e:/program x86/atmel/studio/7.0/toolchain/avr32/avr32-gnu-toolchain/bin/../lib/gcc/avr32/4.4.7/../../../../avr32/lib/ucr2\libc.a(lib_a-syscalls.o)
                                 0x40 (size before relaxing)
                0x800077bc                _sbrk
 .text.get_arg  0x800077f4      0x314 e:/program x86/atmel/studio/7.0/toolchain/avr32/avr32-gnu-toolchain/bin/../lib/gcc/avr32/4.4.7/../../../../avr32/lib/ucr2\libc.a(lib_a-vfprintf.o)
                                0x324 (size before relaxing)
 .text.__sprint_r
                0x80007b08       0x1c e:/program x86/atmel/studio/7.0/toolchain/avr32/avr32-gnu-toolchain/bin/../lib/gcc/avr32/4.4.7/../../../../avr32/lib/ucr2\libc.a(lib_a-vfprintf.o)
                                 0x20 (size before relaxing)
 .text._vfprintf_r
                0x80007b24     0x1f14 e:/program x86/atmel/studio/7.0/toolchain/avr32/avr32-gnu-toolchain/bin/../lib/gcc/avr32/4.4.7/../../../../avr32/lib/ucr2\libc.a(lib_a-vfprintf.o)
                               0x1f9c (size before relaxing)
                0x80007b24                _vfprintf_r
 .text.__swsetup_r
                0x80009a38       0xdc e:/program x86/atmel/studio/7.0/toolchain/avr32/avr32-gnu-toolchain/bin/../lib/gcc/avr32/4.4.7/../../../../avr32/lib/ucr2\libc.a(lib_a-wsetup.o)
                                 0xe8 (size before relaxing)
                0x80009a38                __swsetup_r
 .text.quorem   0x80009b14      0x120 e:/program x86/atmel/studio/7.0/toolchain/avr32/avr32-gnu-toolchain/bin/../lib/gcc/avr32/4.4.7/../../../../avr32/lib/ucr2\libc.a(lib_a-dtoa.o)
                                0x124 (size before relaxing)
 .text._dtoa_r  0x80009c34      0xbdc e:/program x86/atmel/studio/7.0/toolchain/avr32/avr32-gnu-toolchain/bin/../lib/gcc/avr32/4.4.7/../../../../avr32/lib/ucr2\libc.a(lib_a-dtoa.o)
                                0xc90 (size before relaxing)
                0x80009c34                _dtoa_r
 .text.__errno  0x8000a810        0xc e:/program x86/atmel/studio/7.0/toolchain/avr32/avr32-gnu-toolchain/bin/../lib/gcc/avr32/4.4.7/../../../../avr32/lib/ucr2\libc.a(lib_a-errno.o)
                0x8000a810                __errno
 .text._fflush_r
                0x8000a81c      0x10c e:/program x86/atmel/studio/7.0/toolchain/avr32/avr32-gnu-toolchain/bin/../lib/gcc/avr32/4.4.7/../../../../avr32/lib/ucr2\libc.a(lib_a-fflush.o)
                                0x118 (size before relaxing)
                0x8000a81c                _fflush_r
 .text.__sfp_lock_acquire
                0x8000a928        0x2 e:/program x86/atmel/studio/7.0/toolchain/avr32/avr32-gnu-toolchain/bin/../lib/gcc/avr32/4.4.7/../../../../avr32/lib/ucr2\libc.a(lib_a-findfp.o)
                0x8000a928                __sfp_lock_acquire
 .text.__sfp_lock_release
                0x8000a92a        0x2 e:/program x86/atmel/studio/7.0/toolchain/avr32/avr32-gnu-toolchain/bin/../lib/gcc/avr32/4.4.7/../../../../avr32/lib/ucr2\libc.a(lib_a-findfp.o)
                0x8000a92a                __sfp_lock_release
 .text._cleanup_r
                0x8000a92c        0xc e:/program x86/atmel/studio/7.0/toolchain/avr32/avr32-gnu-toolchain/bin/../lib/gcc/avr32/4.4.7/../../../../avr32/lib/ucr2\libc.a(lib_a-findfp.o)
                                 0x14 (size before relaxing)
                0x8000a92c                _cleanup_r
 .text.__sfmoreglue
                0x8000a938       0x28 e:/program x86/atmel/studio/7.0/toolchain/avr32/avr32-gnu-toolchain/bin/../lib/gcc/avr32/4.4.7/../../../../avr32/lib/ucr2\libc.a(lib_a-findfp.o)
                                 0x30 (size before relaxing)
                0x8000a938                __sfmoreglue
 .text.__sfp    0x8000a960       0x6c e:/program x86/atmel/studio/7.0/toolchain/avr32/avr32-gnu-toolchain/bin/../lib/gcc/avr32/4.4.7/../../../../avr32/lib/ucr2\libc.a(lib_a-findfp.o)
                                 0x7c (size before relaxing)
                0x8000a960                __sfp
 .text.__sinit  0x8000a9cc       0x9c e:/program x86/atmel/studio/7.0/toolchain/avr32/avr32-gnu-toolchain/bin/../lib/gcc/avr32/4.4.7/../../../../avr32/lib/ucr2\libc.a(lib_a-findfp.o)
                                 0xb0 (size before relaxing)
                0x8000a9cc                __sinit
 .text._malloc_trim_r
                0x8000aa68       0x98 e:/program x86/atmel/studio/7.0/toolchain/avr32/avr32-gnu-toolchain/bin/../lib/gcc/avr32/4.4.7/../../../../avr32/lib/ucr2\libc.a(lib_a-freer.o)
                                 0xa8 (size before relaxing)
                0x8000aa68                _malloc_trim_r
 .text._free_r  0x8000ab00      0x18c e:/program x86/atmel/studio/7.0/toolchain/avr32/avr32-gnu-toolchain/bin/../lib/gcc/avr32/4.4.7/../../../../avr32/lib/ucr2\libc.a(lib_a-freer.o)
                                0x1a0 (size before relaxing)
                0x8000ab00                _free_r
 .text.__sfvwrite_r
                0x8000ac8c      0x294 e:/program x86/atmel/studio/7.0/toolchain/avr32/avr32-gnu-toolchain/bin/../lib/gcc/avr32/4.4.7/../../../../avr32/lib/ucr2\libc.a(lib_a-fvwrite.o)
                                0x2c4 (size before relaxing)
                0x8000ac8c                __sfvwrite_r
 .text._fwalk   0x8000af20       0x4c e:/program x86/atmel/studio/7.0/toolchain/avr32/avr32-gnu-toolchain/bin/../lib/gcc/avr32/4.4.7/../../../../avr32/lib/ucr2\libc.a(lib_a-fwalk.o)
                                 0x54 (size before relaxing)
                0x8000af20                _fwalk
 .text._localeconv_r
                0x8000af6c        0x8 e:/program x86/atmel/studio/7.0/toolchain/avr32/avr32-gnu-toolchain/bin/../lib/gcc/avr32/4.4.7/../../../../avr32/lib/ucr2\libc.a(lib_a-locale.o)
                0x8000af6c                _localeconv_r
 .text.__smakebuf_r
                0x8000af74       0xbc e:/program x86/atmel/studio/7.0/toolchain/avr32/avr32-gnu-toolchain/bin/../lib/gcc/avr32/4.4.7/../../../../avr32/lib/ucr2\libc.a(lib_a-makebuf.o)
                                 0xcc (size before relaxing)
                0x8000af74                __smakebuf_r
 .text.memchr   0x8000b030       0x16 e:/program x86/atmel/studio/7.0/toolchain/avr32/avr32-gnu-toolchain/bin/../lib/gcc/avr32/4.4.7/../../../../avr32/lib/ucr2\libc.a(lib_a-memchr.o)
                0x8000b030                memchr
 .text.memmove  0x8000b046       0x3e e:/program x86/atmel/studio/7.0/toolchain/avr32/avr32-gnu-toolchain/bin/../lib/gcc/avr32/4.4.7/../../../../avr32/lib/ucr2\libc.a(lib_a-memmove.o)
                0x8000b046                memmove
 .text.__hi0bits
                0x8000b084       0x60 e:/program x86/atmel/studio/7.0/toolchain/avr32/avr32-gnu-toolchain/bin/../lib/gcc/avr32/4.4.7/../../../../avr32/lib/ucr2\libc.a(lib_a-mprec.o)
                0x8000b084                __hi0bits
 .text.__lo0bits
                0x8000b0e4       0x8e e:/program x86/atmel/studio/7.0/toolchain/avr32/avr32-gnu-toolchain/bin/../lib/gcc/avr32/4.4.7/../../../../avr32/lib/ucr2\libc.a(lib_a-mprec.o)
                0x8000b0e4                __lo0bits
 .text.__mcmp   0x8000b172       0x32 e:/program x86/atmel/studio/7.0/toolchain/avr32/avr32-gnu-toolchain/bin/../lib/gcc/avr32/4.4.7/../../../../avr32/lib/ucr2\libc.a(lib_a-mprec.o)
                0x8000b172                __mcmp
 .text._Bfree   0x8000b1a4       0x34 e:/program x86/atmel/studio/7.0/toolchain/avr32/avr32-gnu-toolchain/bin/../lib/gcc/avr32/4.4.7/../../../../avr32/lib/ucr2\libc.a(lib_a-mprec.o)
                                 0x38 (size before relaxing)
                0x8000b1a4                _Bfree
 .text._Balloc  0x8000b1d8       0x70 e:/program x86/atmel/studio/7.0/toolchain/avr32/avr32-gnu-toolchain/bin/../lib/gcc/avr32/4.4.7/../../../../avr32/lib/ucr2\libc.a(lib_a-mprec.o)
                                 0x78 (size before relaxing)
                0x8000b1d8                _Balloc
 .text.__d2b    0x8000b248       0xa0 e:/program x86/atmel/studio/7.0/toolchain/avr32/avr32-gnu-toolchain/bin/../lib/gcc/avr32/4.4.7/../../../../avr32/lib/ucr2\libc.a(lib_a-mprec.o)
                                 0xb4 (size before relaxing)
                0x8000b248                __d2b
 .text.__mdiff  0x8000b2e8       0xd0 e:/program x86/atmel/studio/7.0/toolchain/avr32/avr32-gnu-toolchain/bin/../lib/gcc/avr32/4.4.7/../../../../avr32/lib/ucr2\libc.a(lib_a-mprec.o)
                                 0xd8 (size before relaxing)
                0x8000b2e8                __mdiff
 .text.__lshift
                0x8000b3b8       0x88 e:/program x86/atmel/studio/7.0/toolchain/avr32/avr32-gnu-toolchain/bin/../lib/gcc/avr32/4.4.7/../../../../avr32/lib/ucr2\libc.a(lib_a-mprec.o)
                                 0x94 (size before relaxing)
                0x8000b3b8                __lshift
 .text.__multiply
                0x8000b440      0x100 e:/program x86/atmel/studio/7.0/toolchain/avr32/avr32-gnu-toolchain/bin/../lib/gcc/avr32/4.4.7/../../../../avr32/lib/ucr2\libc.a(lib_a-mprec.o)
                                0x108 (size before relaxing)
                0x8000b440                __multiply
 .text.__i2b    0x8000b540       0x10 e:/program x86/atmel/studio/7.0/toolchain/avr32/avr32-gnu-toolchain/bin/../lib/gcc/avr32/4.4.7/../../../../avr32/lib/ucr2\libc.a(lib_a-mprec.o)
                                 0x18 (size before relaxing)
                0x8000b540                __i2b
 .text.__multadd
                0x8000b550       0x7c e:/program x86/atmel/studio/7.0/toolchain/avr32/avr32-gnu-toolchain/bin/../lib/gcc/avr32/4.4.7/../../../../avr32/lib/ucr2\libc.a(lib_a-mprec.o)
                                 0x88 (size before relaxing)
                0x8000b550                __multadd
 .text.__pow5mult
                0x8000b5cc       0x8c e:/program x86/atmel/studio/7.0/toolchain/avr32/avr32-gnu-toolchain/bin/../lib/gcc/avr32/4.4.7/../../../../avr32/lib/ucr2\libc.a(lib_a-mprec.o)
                                 0xac (size before relaxing)
                0x8000b5cc                __pow5mult
 .text.__isinfd
                0x8000b658       0x2a e:/program x86/atmel/studio/7.0/toolchain/avr32/avr32-gnu-toolchain/bin/../lib/gcc/avr32/4.4.7/../../../../avr32/lib/ucr2\libc.a(lib_a-s_isinfd.o)
                0x8000b658                __isinfd
 .text.__isnand
                0x8000b682       0x1c e:/program x86/atmel/studio/7.0/toolchain/avr32/avr32-gnu-toolchain/bin/../lib/gcc/avr32/4.4.7/../../../../avr32/lib/ucr2\libc.a(lib_a-s_isnand.o)
                0x8000b682                __isnand
 *fill*         0x8000b69e        0x2 d703d703
 .text.__sclose
                0x8000b6a0        0x8 e:/program x86/atmel/studio/7.0/toolchain/avr32/avr32-gnu-toolchain/bin/../lib/gcc/avr32/4.4.7/../../../../avr32/lib/ucr2\libc.a(lib_a-stdio.o)
                                 0x10 (size before relaxing)
                0x8000b6a0                __sclose
 .text.__sseek  0x8000b6a8       0x20 e:/program x86/atmel/studio/7.0/toolchain/avr32/avr32-gnu-toolchain/bin/../lib/gcc/avr32/4.4.7/../../../../avr32/lib/ucr2\libc.a(lib_a-stdio.o)
                                 0x28 (size before relaxing)
                0x8000b6a8                __sseek
 .text.__swrite
                0x8000b6c8       0x2c e:/program x86/atmel/studio/7.0/toolchain/avr32/avr32-gnu-toolchain/bin/../lib/gcc/avr32/4.4.7/../../../../avr32/lib/ucr2\libc.a(lib_a-stdio.o)
                                 0x38 (size before relaxing)
                0x8000b6c8                __swrite
 .text.__sread  0x8000b6f4       0x1c e:/program x86/atmel/studio/7.0/toolchain/avr32/avr32-gnu-toolchain/bin/../lib/gcc/avr32/4.4.7/../../../../avr32/lib/ucr2\libc.a(lib_a-stdio.o)
                                 0x24 (size before relaxing)
                0x8000b6f4                __sread
 .text.strlen   0x8000b710       0x16 e:/program x86/atmel/studio/7.0/toolchain/avr32/avr32-gnu-toolchain/bin/../lib/gcc/avr32/4.4.7/../../../../avr32/lib/ucr2\libc.a(lib_a-strlen.o)
                0x8000b710                strlen
 *fill*         0x8000b726        0x2 d703d703
 .text._write_r
                0x8000b728       0x28 e:/program x86/atmel/studio/7.0/toolchain/avr32/avr32-gnu-toolchain/bin/../lib/gcc/avr32/4.4.7/../../../../avr32/lib/ucr2\libc.a(lib_a-writer.o)
                                 0x2c (size before relaxing)
                0x8000b728                _write_r
 .text._calloc_r
                0x8000b750       0x58 e:/program x86/atmel/studio/7.0/toolchain/avr32/avr32-gnu-toolchain/bin/../lib/gcc/avr32/4.4.7/../../../../avr32/lib/ucr2\libc.a(lib_a-callocr.o)
                                 0x60 (size before relaxing)
                0x8000b750                _calloc_r
 .text._close_r
                0x8000b7a8       0x20 e:/program x86/atmel/studio/7.0/toolchain/avr32/avr32-gnu-toolchain/bin/../lib/gcc/avr32/4.4.7/../../../../avr32/lib/ucr2\libc.a(lib_a-closer.o)
                                 0x28 (size before relaxing)
                0x8000b7a8                _close_r
 .text._fclose_r
                0x8000b7c8       0xb8 e:/program x86/atmel/studio/7.0/toolchain/avr32/avr32-gnu-toolchain/bin/../lib/gcc/avr32/4.4.7/../../../../avr32/lib/ucr2\libc.a(lib_a-fclose.o)
                                 0xd0 (size before relaxing)
                0x8000b7c8                _fclose_r
 .text.fclose   0x8000b880       0x10 e:/program x86/atmel/studio/7.0/toolchain/avr32/avr32-gnu-toolchain/bin/../lib/gcc/avr32/4.4.7/../../../../avr32/lib/ucr2\libc.a(lib_a-fclose.o)
                                 0x18 (size before relaxing)
                0x8000b880                fclose
 .text._fstat_r
                0x8000b890       0x24 e:/program x86/atmel/studio/7.0/toolchain/avr32/avr32-gnu-toolchain/bin/../lib/gcc/avr32/4.4.7/../../../../avr32/lib/ucr2\libc.a(lib_a-fstatr.o)
                                 0x2c (size before relaxing)
                0x8000b890                _fstat_r
 .text._lseek_r
                0x8000b8b4       0x28 e:/program x86/atmel/studio/7.0/toolchain/avr32/avr32-gnu-toolchain/bin/../lib/gcc/avr32/4.4.7/../../../../avr32/lib/ucr2\libc.a(lib_a-lseekr.o)
                                 0x2c (size before relaxing)
                0x8000b8b4                _lseek_r
 .text._read_r  0x8000b8dc       0x28 e:/program x86/atmel/studio/7.0/toolchain/avr32/avr32-gnu-toolchain/bin/../lib/gcc/avr32/4.4.7/../../../../avr32/lib/ucr2\libc.a(lib_a-readr.o)
                                 0x2c (size before relaxing)
                0x8000b8dc                _read_r
 .text          0x8000b904      0x1d4 e:/program x86/atmel/studio/7.0/toolchain/avr32/avr32-gnu-toolchain/bin/../lib/gcc/avr32/4.4.7/ucr2\libgcc.a(_avr32_f64_mul.o)
                0x8000b904                __avr32_f64_mul
 .text          0x8000bad8      0x2b0 e:/program x86/atmel/studio/7.0/toolchain/avr32/avr32-gnu-toolchain/bin/../lib/gcc/avr32/4.4.7/ucr2\libgcc.a(_avr32_f64_addsub.o)
                0x8000badc                __avr32_f64_sub
                0x8000bc78                __avr32_f64_add
 .text          0x8000bd88       0x2a e:/program x86/atmel/studio/7.0/toolchain/avr32/avr32-gnu-toolchain/bin/../lib/gcc/avr32/4.4.7/ucr2\libgcc.a(_avr32_f64_to_s32.o)
                0x8000bd88                __avr32_f64_to_u32
                0x8000bd8c                __avr32_f64_to_s32
 .text          0x8000bdb2       0xe8 e:/program x86/atmel/studio/7.0/toolchain/avr32/avr32-gnu-toolchain/bin/../lib/gcc/avr32/4.4.7/ucr2\libgcc.a(_avr32_s32_to_f64.o)
                0x8000bdb2                __avr32_u32_to_f64
                0x8000bdba                __avr32_s32_to_f64
 .text          0x8000be9a       0x26 e:/program x86/atmel/studio/7.0/toolchain/avr32/avr32-gnu-toolchain/bin/../lib/gcc/avr32/4.4.7/ucr2\libgcc.a(_avr32_f64_cmp_eq.o)
                0x8000be9a                __avr32_f64_cmp_eq
 .text          0x8000bec0       0x68 e:/program x86/atmel/studio/7.0/toolchain/avr32/avr32-gnu-toolchain/bin/../lib/gcc/avr32/4.4.7/ucr2\libgcc.a(_avr32_f64_cmp_ge.o)
                0x8000bec0                __avr32_f64_cmp_ge
 .text          0x8000bf28       0x68 e:/program x86/atmel/studio/7.0/toolchain/avr32/avr32-gnu-toolchain/bin/../lib/gcc/avr32/4.4.7/ucr2\libgcc.a(_avr32_f64_cmp_lt.o)
                0x8000bf28                __avr32_f64_cmp_lt
 .text          0x8000bf90      0x318 e:/program x86/atmel/studio/7.0/toolchain/avr32/avr32-gnu-toolchain/bin/../lib/gcc/avr32/4.4.7/ucr2\libgcc.a(_avr32_f64_div.o)
                0x8000bf90                __avr32_f64_div
 .text          0x8000c2a8      0x264 e:/program x86/atmel/studio/7.0/toolchain/avr32/avr32-gnu-toolchain/bin/../lib/gcc/avr32/4.4.7/ucr2\libgcc.a(_udivdi3.o)
                0x8000c2a8                __avr32_udiv64
                0x8000c2a8                __udivdi3
 .text          0x8000c50c      0x20c e:/program x86/atmel/studio/7.0/toolchain/avr32/avr32-gnu-toolchain/bin/../lib/gcc/avr32/4.4.7/ucr2\libgcc.a(_umoddi3.o)
                0x8000c50c                __avr32_umod64
                0x8000c50c                __umoddi3
 *(.text.*personality*)
 *(.gnu.warning)

.exception      0x8000c800      0x200
 .exception     0x8000c800      0x200 src/ASF/thirdparty/freertos/freertos-7.0.0/source/portable/gcc/avr32_uc3/exception.o
                0x8000c800                _evba
                0x8000c904                _int0
                0x8000c912                _int1
                0x8000c920                _int2
                0x8000c92e                _int3
                0x8000c93c                ipr_val

.fini
 *(.fini)
                0x8000ca00                PROVIDE (__etext, .)
                0x8000ca00                PROVIDE (_etext, .)
                0x8000ca00                PROVIDE (etext, .)

.rodata         0x8000ca00     0x1154
 *(.rodata .rodata.* .gnu.linkonce.r.*)
 .rodata.str1.4
                0x8000ca00      0x6a0 src/Application/app/app.o
 .rodata.CSWTCH.35
                0x8000d0a0       0x48 src/Application/radio/ambe.o
 .rodata.str1.4
                0x8000d0e8        0xb src/Application/radio/payload.o
                                  0xc (size before relaxing)
 *fill*         0x8000d0f3        0x1 
 .rodata.str1.4
                0x8000d0f4       0x48 src/Application/radio/physical.o
 .rodata.str1.4
                0x8000d13c        0x8 src/Application/radio/xcmp.o
 .rodata.str1.4
                0x8000d144        0x7 src/Application/radio/xnl.o
                                 0x10 (size before relaxing)
 *fill*         0x8000d14b        0x1 
 .rodata.RC522_SPI_GPIO_MAP.10474
                0x8000d14c       0x20 src/Application/RFID/MFRC522/rc522.o
 .rodata.CSWTCH.74
                0x8000d16c        0x4 src/Application/RFID/MFRC522/rc522.o
 .rodata.CSWTCH.75
                0x8000d170        0x4 src/Application/RFID/MFRC522/rc522.o
 .rodata.C.51.10476
                0x8000d174       0x10 src/Application/RFID/MFRC522/rc522.o
 .rodata.str1.4
                0x8000d184       0x85 src/Application/RFID/RFID.o
                                 0x88 (size before relaxing)
 *fill*         0x8000d209        0x3 
 .rodata.TC_GPIO_MAP.10344
                0x8000d20c       0x18 src/Application/timers/timer.o
 .rodata._int_handler_table
                0x8000d224       0x98 src/ASF/avr32/drivers/intc/intc.o
 .rodata.str1.4
                0x8000d2bc        0x5 src/ASF/thirdparty/freertos/freertos-7.0.0/source/tasks.o
                                  0x8 (size before relaxing)
 *fill*         0x8000d2c1        0x3 
 .rodata.log    0x8000d2c4      0x150 src/Log/log.o
 .rodata.logFromISR
                0x8000d414      0x150 src/Log/log.o
 .rodata.USART_OPTIONS.11277
                0x8000d564        0xc src/Log/log.o
 .rodata.str1.4
                0x8000d570       0x3c src/Log/log.o
 .rodata.USART_GPIO_MAP.11276
                0x8000d5ac       0x10 src/Log/log.o
 .rodata.str1.4
                0x8000d5bc       0x14 src/main.o
 .rodata.get_arg
                0x8000d5d0       0x3c e:/program x86/atmel/studio/7.0/toolchain/avr32/avr32-gnu-toolchain/bin/../lib/gcc/avr32/4.4.7/../../../../avr32/lib/ucr2\libc.a(lib_a-vfprintf.o)
 .rodata._vfprintf_r
                0x8000d60c      0x164 e:/program x86/atmel/studio/7.0/toolchain/avr32/avr32-gnu-toolchain/bin/../lib/gcc/avr32/4.4.7/../../../../avr32/lib/ucr2\libc.a(lib_a-vfprintf.o)
 .rodata.state_table
                0x8000d770       0x6c e:/program x86/atmel/studio/7.0/toolchain/avr32/avr32-gnu-toolchain/bin/../lib/gcc/avr32/4.4.7/../../../../avr32/lib/ucr2\libc.a(lib_a-vfprintf.o)
 .rodata.action_table
                0x8000d7dc       0x6c e:/program x86/atmel/studio/7.0/toolchain/avr32/avr32-gnu-toolchain/bin/../lib/gcc/avr32/4.4.7/../../../../avr32/lib/ucr2\libc.a(lib_a-vfprintf.o)
 .rodata.str1.4
                0x8000d848       0x3a e:/program x86/atmel/studio/7.0/toolchain/avr32/avr32-gnu-toolchain/bin/../lib/gcc/avr32/4.4.7/../../../../avr32/lib/ucr2\libc.a(lib_a-vfprintf.o)
                                 0x3c (size before relaxing)
 *fill*         0x8000d882        0x2 
 .rodata.blanks.3430
                0x8000d884       0x10 e:/program x86/atmel/studio/7.0/toolchain/avr32/avr32-gnu-toolchain/bin/../lib/gcc/avr32/4.4.7/../../../../avr32/lib/ucr2\libc.a(lib_a-vfprintf.o)
 .rodata.zeroes.3431
                0x8000d894       0x10 e:/program x86/atmel/studio/7.0/toolchain/avr32/avr32-gnu-toolchain/bin/../lib/gcc/avr32/4.4.7/../../../../avr32/lib/ucr2\libc.a(lib_a-vfprintf.o)
 .rodata.chclass
                0x8000d8a4      0x100 e:/program x86/atmel/studio/7.0/toolchain/avr32/avr32-gnu-toolchain/bin/../lib/gcc/avr32/4.4.7/../../../../avr32/lib/ucr2\libc.a(lib_a-vfprintf.o)
 .rodata.str1.4
                0x8000d9a4       0x10 e:/program x86/atmel/studio/7.0/toolchain/avr32/avr32-gnu-toolchain/bin/../lib/gcc/avr32/4.4.7/../../../../avr32/lib/ucr2\libc.a(lib_a-dtoa.o)
                                 0x14 (size before relaxing)
 .rodata.__sf_fake_stdin
                0x8000d9b4       0x20 e:/program x86/atmel/studio/7.0/toolchain/avr32/avr32-gnu-toolchain/bin/../lib/gcc/avr32/4.4.7/../../../../avr32/lib/ucr2\libc.a(lib_a-findfp.o)
                0x8000d9b4                __sf_fake_stdin
 .rodata.__sf_fake_stdout
                0x8000d9d4       0x20 e:/program x86/atmel/studio/7.0/toolchain/avr32/avr32-gnu-toolchain/bin/../lib/gcc/avr32/4.4.7/../../../../avr32/lib/ucr2\libc.a(lib_a-findfp.o)
                0x8000d9d4                __sf_fake_stdout
 .rodata.__sf_fake_stderr
                0x8000d9f4       0x20 e:/program x86/atmel/studio/7.0/toolchain/avr32/avr32-gnu-toolchain/bin/../lib/gcc/avr32/4.4.7/../../../../avr32/lib/ucr2\libc.a(lib_a-findfp.o)
                0x8000d9f4                __sf_fake_stderr
 .rodata.str1.4
                0x8000da14        0x2 e:/program x86/atmel/studio/7.0/toolchain/avr32/avr32-gnu-toolchain/bin/../lib/gcc/avr32/4.4.7/../../../../avr32/lib/ucr2\libc.a(lib_a-impure.o)
                                  0x4 (size before relaxing)
 *fill*         0x8000da16        0x2 
 .rodata._global_impure_ptr
                0x8000da18        0x4 e:/program x86/atmel/studio/7.0/toolchain/avr32/avr32-gnu-toolchain/bin/../lib/gcc/avr32/4.4.7/../../../../avr32/lib/ucr2\libc.a(lib_a-impure.o)
                0x8000da18                _global_impure_ptr
 .rodata.lconv  0x8000da1c       0x30 e:/program x86/atmel/studio/7.0/toolchain/avr32/avr32-gnu-toolchain/bin/../lib/gcc/avr32/4.4.7/../../../../avr32/lib/ucr2\libc.a(lib_a-locale.o)
 .rodata.str1.4
                0x8000da4c        0xc e:/program x86/atmel/studio/7.0/toolchain/avr32/avr32-gnu-toolchain/bin/../lib/gcc/avr32/4.4.7/../../../../avr32/lib/ucr2\libc.a(lib_a-locale.o)
                                 0x18 (size before relaxing)
 .rodata.p05.2471
                0x8000da58        0xc e:/program x86/atmel/studio/7.0/toolchain/avr32/avr32-gnu-toolchain/bin/../lib/gcc/avr32/4.4.7/../../../../avr32/lib/ucr2\libc.a(lib_a-mprec.o)
 .rodata.__mprec_tens
                0x8000da64       0xc8 e:/program x86/atmel/studio/7.0/toolchain/avr32/avr32-gnu-toolchain/bin/../lib/gcc/avr32/4.4.7/../../../../avr32/lib/ucr2\libc.a(lib_a-mprec.o)
                0x8000da64                __mprec_tens
 .rodata.__mprec_bigtens
                0x8000db2c       0x28 e:/program x86/atmel/studio/7.0/toolchain/avr32/avr32-gnu-toolchain/bin/../lib/gcc/avr32/4.4.7/../../../../avr32/lib/ucr2\libc.a(lib_a-mprec.o)
                0x8000db2c                __mprec_bigtens

.rodata1
 *(.rodata1)

.eh_frame_hdr
 *(.eh_frame_hdr)

.eh_frame
 *(.eh_frame)

.gcc_except_table
 *(.gcc_except_table)
 *(.gcc_except_table.*)

.dalign         0x8000db54        0x4
                0x8000db58                . = ALIGN (0x8)
 *fill*         0x8000db54        0x4 
                0x8000db58                PROVIDE (_data_lma, .)
                0x00000004                PROVIDE (_data, ORIGIN (CPUSRAM))
                0x00000004                . = ORIGIN (CPUSRAM)

.eh_frame
 *(.eh_frame)

.gcc_except_table
 *(.gcc_except_table)
 *(.gcc_except_table.*)

.tdata
 *(.tdata .tdata.* .gnu.linkonce.td.*)

.tbss
 *(.tbss .tbss.* .gnu.linkonce.tb.*)
 *(.tcommon)
                0x00000004                PROVIDE (__preinit_array_start, ALIGN (0x4))

.preinit_array
 *(.preinit_array)
                0x00000004                PROVIDE (__preinit_array_end, .)
                0x00000004                PROVIDE (__init_array_start, .)

.init_array
 *(.init_array)
                0x00000004                PROVIDE (__init_array_end, .)
                0x00000004                PROVIDE (__fini_array_start, .)

.fini_array
 *(.fini_array)
                0x00000004                PROVIDE (__fini_array_end, .)

.ctors
 *crtbegin*.o(.ctors)
 *(EXCLUDE_FILE(*crtend*.o) .ctors)
 *(SORT(.ctors.*))
 *(.ctors)

.dtors
 *crtbegin*.o(.dtors)
 *(EXCLUDE_FILE(*crtend*.o) .dtors)
 *(SORT(.dtors.*))
 *(.dtors)

.jcr
 *(.jcr)

.data.rel.ro
 *(.data.rel.ro.local)
 *(.data.rel.ro*)

.dynamic
 *(.dynamic)

.got
 *(.got.plt)
 *(.got)

.data           0x00000004      0xa38 load address 0x8000db58
 *(.data .data.* .gnu.linkonce.d.*)
 .data.the_app_list
                0x00000004      0x4ec src/Application/app/app.o
 .data.xnl_proc_list
                0x000004f0       0x34 src/Application/radio/xnl.o
 .data.unsure_data
                0x00000524        0x8 src/Application/RFID/RFID.o
                0x00000524                unsure_data
 .data.start_session.11217
                0x0000052c        0x1 src/Application/RFID/RFID.o
 *fill*         0x0000052d        0x3 
 .data.ulCriticalNesting
                0x00000530        0x4 src/ASF/thirdparty/freertos/freertos-7.0.0/source/portable/gcc/avr32_uc3/port.o
                0x00000530                ulCriticalNesting
 .data.xNextTaskUnblockTime
                0x00000534        0x4 src/ASF/thirdparty/freertos/freertos-7.0.0/source/tasks.o
 .data.__malloc_av_
                0x00000538      0x408 e:/program x86/atmel/studio/7.0/toolchain/avr32/avr32-gnu-toolchain/bin/../lib/gcc/avr32/4.4.7/../../../../avr32/lib/ucr2\libc.a(lib_a-mallocr.o)
                0x00000538                __malloc_av_
 .data.__malloc_trim_threshold
                0x00000940        0x4 e:/program x86/atmel/studio/7.0/toolchain/avr32/avr32-gnu-toolchain/bin/../lib/gcc/avr32/4.4.7/../../../../avr32/lib/ucr2\libc.a(lib_a-mallocr.o)
                0x00000940                __malloc_trim_threshold
 .data.__malloc_sbrk_base
                0x00000944        0x4 e:/program x86/atmel/studio/7.0/toolchain/avr32/avr32-gnu-toolchain/bin/../lib/gcc/avr32/4.4.7/../../../../avr32/lib/ucr2\libc.a(lib_a-mallocr.o)
                0x00000944                __malloc_sbrk_base
 .data.impure_data
                0x00000948       0xf0 e:/program x86/atmel/studio/7.0/toolchain/avr32/avr32-gnu-toolchain/bin/../lib/gcc/avr32/4.4.7/../../../../avr32/lib/ucr2\libc.a(lib_a-impure.o)
 .data._impure_ptr
                0x00000a38        0x4 e:/program x86/atmel/studio/7.0/toolchain/avr32/avr32-gnu-toolchain/bin/../lib/gcc/avr32/4.4.7/../../../../avr32/lib/ucr2\libc.a(lib_a-impure.o)
                0x00000a38                _impure_ptr
 *(.gnu.linkonce.d.*personality*)

.data1
 *(.data1)

.balign         0x00000a3c        0x4 load address 0x8000e590
                0x00000a40                . = ALIGN (0x8)
 *fill*         0x00000a3c        0x4 
                0x00000a40                _edata = .
                0x00000a40                _edata = .
                0x00000a40                PROVIDE (edata, .)
                0x00000a40                __bss_start = .

.bss            0x00000a40     0x46e0 load address 0x8000e590
 *(.dynbss)
 *(.bss .bss.* .gnu.linkonce.b.*)
 .bss.Speaker_is_unmute
                0x00000a40        0x1 src/Application/app/app.o
                0x00000a40                Speaker_is_unmute
 .bss.AMBE_rx_flag
                0x00000a41        0x1 src/Application/app/app.o
                0x00000a41                AMBE_rx_flag
 .bss.VF_SN     0x00000a42        0x1 src/Application/app/app.o
                0x00000a42                VF_SN
 .bss.AMBE_tx_flag
                0x00000a43        0x1 src/Application/app/app.o
                0x00000a43                AMBE_tx_flag
 .bss.Radio_Transmit_State
                0x00000a44        0x1 src/Application/app/app.o
                0x00000a44                Radio_Transmit_State
 .bss.Call_Begin
                0x00000a45        0x1 src/Application/app/app.o
                0x00000a45                Call_Begin
 .bss.AMBE_Media
                0x00000a46        0x1 src/Application/app/app.o
                0x00000a46                AMBE_Media
 *fill*         0x00000a47        0x1 
 .bss.xLastWakeTime.11804
                0x00000a48        0x4 src/Application/app/app.o
 .bss.connect_flag
                0x00000a4c        0x1 src/Application/app/app.o
 *fill*         0x00000a4d        0x3 
 .bss.res.11794
                0x00000a50        0x4 src/Application/app/app.o
 .bss.Mic_is_Enabled
                0x00000a54        0x1 src/Application/app/app.o
                0x00000a54                Mic_is_Enabled
 .bss.times_counter.11824
                0x00000a55        0x1 src/Application/app/app.o
 .bss.Terminator_Flag
                0x00000a56        0x1 src/Application/app/app.o
                0x00000a56                Terminator_Flag
 *fill*         0x00000a57        0x1 
 .bss.ulIdleCycleCount
                0x00000a58        0x4 src/Application/app/app.o
                0x00000a58                ulIdleCycleCount
 .bss.payload_rx_exec
                0x00000a5c        0x4 src/Application/radio/payload.o
                0x00000a5c                payload_rx_exec
 .bss.payload_tx_exec
                0x00000a60        0x4 src/Application/radio/payload.o
                0x00000a60                payload_tx_exec
 .bss.phy_tx_index.10646
                0x00000a64        0x1 src/Application/radio/physical.o
 *fill*         0x00000a65        0x3 
 .bss.m_RxBurstType
                0x00000a68        0x4 src/Application/radio/physical.o
 .bss.phy_check_sum.10690
                0x00000a6c        0x2 src/Application/radio/physical.o
 *fill*         0x00000a6e        0x2 
 .bss.payload_store_idle
                0x00000a70        0x4 src/Application/radio/physical.o
                0x00000a70                payload_store_idle
 .bss.phy_rx_length.10689
                0x00000a74        0x2 src/Application/radio/physical.o
 *fill*         0x00000a76        0x2 
 .bss.RxBytesWaiting.10966
                0x00000a78        0x4 src/Application/radio/physical.o
 .bss.phy_rx_expexted_length.10688
                0x00000a7c        0x2 src/Application/radio/physical.o
 *fill*         0x00000a7e        0x2 
 .bss.phy_tx_state.10644
                0x00000a80        0x4 src/Application/radio/physical.o
 .bss.Item_ID.10971
                0x00000a84        0x1 src/Application/radio/physical.o
 .bss.is_first.10970
                0x00000a85        0x1 src/Application/radio/physical.o
 *fill*         0x00000a86        0x2 
 .bss.phy_frame_ptr.10687
                0x00000a88        0x4 src/Application/radio/physical.o
 .bss.phy_payload_frame_rx
                0x00000a8c        0x4 src/Application/radio/physical.o
                0x00000a8c                phy_payload_frame_rx
 .bss.Item_Length.10972
                0x00000a90        0x4 src/Application/radio/physical.o
 .bss.AMBE_payload_ptr.10969
                0x00000a94        0x4 src/Application/radio/physical.o
 .bss.RxMedia_IsFillingNext16.10963
                0x00000a98        0x4 src/Application/radio/physical.o
 .bss.payload_ptr.10968
                0x00000a9c        0x4 src/Application/radio/physical.o
 .bss.phy_rx_state.10691
                0x00000aa0        0x4 src/Application/radio/physical.o
 .bss.RxAMBE_IsFillingNext8.10964
                0x00000aa4        0x4 src/Application/radio/physical.o
 .bss.phy_tx_expexted_length.10645
                0x00000aa8        0x2 src/Application/radio/physical.o
 *fill*         0x00000aaa        0x2 
 .bss.phy_payload_frame_tx
                0x00000aac        0x4 src/Application/radio/physical.o
                0x00000aac                phy_payload_frame_tx
 .bss.ArrayDiscLength.10967
                0x00000ab0        0x4 src/Application/radio/physical.o
 .bss.xnl_store_idle
                0x00000ab4        0x4 src/Application/radio/physical.o
                0x00000ab4                xnl_store_idle
 .bss.phy_xnl_frame_rx
                0x00000ab8        0x4 src/Application/radio/physical.o
                0x00000ab8                phy_xnl_frame_rx
 .bss.phy_rx_count.10692
                0x00000abc        0x4 src/Application/radio/physical.o
 .bss.RxData_IsFillingNext16.10965
                0x00000ac0        0x4 src/Application/radio/physical.o
 .bss.phy_xnl_frame_tx
                0x00000ac4        0x4 src/Application/radio/physical.o
                0x00000ac4                phy_xnl_frame_tx
 .bss.SDV_Index.10974
                0x00000ac8        0x1 src/Application/radio/physical.o
 *fill*         0x00000ac9        0x3 
 .bss.phy_ptr.10643
                0x00000acc        0x4 src/Application/radio/physical.o
 .bss.RxMediaState.10962
                0x00000ad0        0x4 src/Application/radio/physical.o
 .bss.AMBE_HT   0x00000ad4        0x8 src/Application/radio/physical.o
 .bss.phy_rx_exec
                0x00000adc        0x4 src/Application/radio/ssc.o
                0x00000adc                phy_rx_exec
 .bss.phy_tx_exec
                0x00000ae0        0x4 src/Application/radio/ssc.o
                0x00000ae0                phy_tx_exec
 .bss.version_information
                0x00000ae4        0xc src/Application/radio/xcmp.o
                0x00000ae4                version_information
 .bss.clone_read
                0x00000af0        0xc src/Application/radio/xcmp.o
                0x00000af0                clone_read
 .bss.xcmp_frame_rx
                0x00000afc        0x4 src/Application/radio/xcmp.o
 .bss.clone_write
                0x00000b00        0xc src/Application/radio/xcmp.o
                0x00000b00                clone_write
 .bss.automatic_frequency_correction_control
                0x00000b0c        0xc src/Application/radio/xcmp.o
                0x00000b0c                automatic_frequency_correction_control
 .bss.language_pack_information
                0x00000b18        0xc src/Application/radio/xcmp.o
                0x00000b18                language_pack_information
 .bss.radio_status
                0x00000b24        0xc src/Application/radio/xcmp.o
                0x00000b24                radio_status
 .bss.xnl_timeout_semphr
                0x00000b30        0x4 src/Application/radio/xnl.o
 .bss.xnl_information
                0x00000b34        0xa src/Application/radio/xnl.o
 *fill*         0x00000b3e        0x2 
 .bss.xnl_frame_tx
                0x00000b40        0x4 src/Application/radio/xnl.o
 .bss.xnl_send_times.10716
                0x00000b44        0x4 src/Application/radio/xnl.o
 .bss.ptr.10717
                0x00000b48        0x4 src/Application/radio/xnl.o
 .bss.flags.10671
                0x00000b4c        0x1 src/Application/radio/xnl.o
 *fill*         0x00000b4d        0x3 
 .bss.xnl_tx_state.10715
                0x00000b50        0x4 src/Application/radio/xnl.o
 .bss.xcmp_exec
                0x00000b54        0x4 src/Application/radio/xnl.o
                0x00000b54                xcmp_exec
 .bss.rc522_init_failure
                0x00000b58        0x1 src/Application/RFID/MFRC522/rc522.o
                0x00000b58                rc522_init_failure
 *fill*         0x00000b59        0x3 
 .bss._int_line_handler_table_6
                0x00000b5c        0x4 src/ASF/avr32/drivers/intc/intc.o
 .bss._int_line_handler_table_7
                0x00000b60        0x4 src/ASF/avr32/drivers/intc/intc.o
 .bss._int_line_handler_table_8
                0x00000b64        0x4 src/ASF/avr32/drivers/intc/intc.o
 .bss._int_line_handler_table_9
                0x00000b68        0x4 src/ASF/avr32/drivers/intc/intc.o
 .bss._int_line_handler_table_10
                0x00000b6c        0x4 src/ASF/avr32/drivers/intc/intc.o
 .bss._int_line_handler_table_11
                0x00000b70        0x4 src/ASF/avr32/drivers/intc/intc.o
 .bss._int_line_handler_table_12
                0x00000b74        0x4 src/ASF/avr32/drivers/intc/intc.o
 .bss._int_line_handler_table_13
                0x00000b78        0x4 src/ASF/avr32/drivers/intc/intc.o
 .bss._int_line_handler_table_14
                0x00000b7c        0xc src/ASF/avr32/drivers/intc/intc.o
 .bss._int_line_handler_table_15
                0x00000b88        0x4 src/ASF/avr32/drivers/intc/intc.o
 .bss._int_line_handler_table_16
                0x00000b8c        0x4 src/ASF/avr32/drivers/intc/intc.o
 .bss._int_line_handler_table_17
                0x00000b90        0x4 src/ASF/avr32/drivers/intc/intc.o
 .bss._int_line_handler_table_18
                0x00000b94        0x4 src/ASF/avr32/drivers/intc/intc.o
 .bss._int_line_handler_table_0
                0x00000b98        0x4 src/ASF/avr32/drivers/intc/intc.o
 .bss._int_line_handler_table_1
                0x00000b9c       0x2c src/ASF/avr32/drivers/intc/intc.o
 .bss._int_line_handler_table_2
                0x00000bc8       0x18 src/ASF/avr32/drivers/intc/intc.o
 .bss._int_line_handler_table_3
                0x00000be0       0x1c src/ASF/avr32/drivers/intc/intc.o
 .bss._int_line_handler_table_4
                0x00000bfc        0x4 src/ASF/avr32/drivers/intc/intc.o
 .bss._int_line_handler_table_5
                0x00000c00        0x4 src/ASF/avr32/drivers/intc/intc.o
 .bss.uxMissedTicks
                0x00000c04        0x4 src/ASF/thirdparty/freertos/freertos-7.0.0/source/tasks.o
 .bss.uxTopUsedPriority
                0x00000c08        0x4 src/ASF/thirdparty/freertos/freertos-7.0.0/source/tasks.o
 .bss.pxDelayedTaskList
                0x00000c0c        0x4 src/ASF/thirdparty/freertos/freertos-7.0.0/source/tasks.o
 .bss.xSchedulerRunning
                0x00000c10        0x4 src/ASF/thirdparty/freertos/freertos-7.0.0/source/tasks.o
 .bss.uxTasksDeleted
                0x00000c14        0x4 src/ASF/thirdparty/freertos/freertos-7.0.0/source/tasks.o
 .bss.xNumOfOverflows
                0x00000c18        0x4 src/ASF/thirdparty/freertos/freertos-7.0.0/source/tasks.o
 .bss.pxOverflowDelayedTaskList
                0x00000c1c        0x4 src/ASF/thirdparty/freertos/freertos-7.0.0/source/tasks.o
 .bss.pxReadyTasksLists
                0x00000c20       0xa0 src/ASF/thirdparty/freertos/freertos-7.0.0/source/tasks.o
 .bss.xTasksWaitingTermination
                0x00000cc0       0x14 src/ASF/thirdparty/freertos/freertos-7.0.0/source/tasks.o
 .bss.pxCurrentTCB
                0x00000cd4        0x4 src/ASF/thirdparty/freertos/freertos-7.0.0/source/tasks.o
                0x00000cd4                pxCurrentTCB
 .bss.xPendingReadyList
                0x00000cd8       0x14 src/ASF/thirdparty/freertos/freertos-7.0.0/source/tasks.o
 .bss.xDelayedTaskList1
                0x00000cec       0x14 src/ASF/thirdparty/freertos/freertos-7.0.0/source/tasks.o
 .bss.xTickCount
                0x00000d00        0x4 src/ASF/thirdparty/freertos/freertos-7.0.0/source/tasks.o
 .bss.uxSchedulerSuspended
                0x00000d04        0x4 src/ASF/thirdparty/freertos/freertos-7.0.0/source/tasks.o
 .bss.xDelayedTaskList2
                0x00000d08       0x14 src/ASF/thirdparty/freertos/freertos-7.0.0/source/tasks.o
 .bss.uxTaskNumber
                0x00000d1c        0x4 src/ASF/thirdparty/freertos/freertos-7.0.0/source/tasks.o
 .bss.uxCurrentNumberOfTasks
                0x00000d20        0x4 src/ASF/thirdparty/freertos/freertos-7.0.0/source/tasks.o
 .bss.xMissedYield
                0x00000d24        0x4 src/ASF/thirdparty/freertos/freertos-7.0.0/source/tasks.o
 .bss.xSuspendedTaskList
                0x00000d28       0x14 src/ASF/thirdparty/freertos/freertos-7.0.0/source/tasks.o
 .bss.uxTopReadyPriority
                0x00000d3c        0x4 src/ASF/thirdparty/freertos/freertos-7.0.0/source/tasks.o
 .bss.lench.11293
                0x00000d40        0x1 src/Log/log.o
 .bss.lench.11363
                0x00000d41        0x1 src/Log/log.o
 *fill*         0x00000d42        0x2 
 .bss.__malloc_max_total_mem
                0x00000d44        0x4 e:/program x86/atmel/studio/7.0/toolchain/avr32/avr32-gnu-toolchain/bin/../lib/gcc/avr32/4.4.7/../../../../avr32/lib/ucr2\libc.a(lib_a-mallocr.o)
                0x00000d44                __malloc_max_total_mem
 .bss.__malloc_max_sbrked_mem
                0x00000d48        0x4 e:/program x86/atmel/studio/7.0/toolchain/avr32/avr32-gnu-toolchain/bin/../lib/gcc/avr32/4.4.7/../../../../avr32/lib/ucr2\libc.a(lib_a-mallocr.o)
                0x00000d48                __malloc_max_sbrked_mem
 .bss.__malloc_top_pad
                0x00000d4c        0x4 e:/program x86/atmel/studio/7.0/toolchain/avr32/avr32-gnu-toolchain/bin/../lib/gcc/avr32/4.4.7/../../../../avr32/lib/ucr2\libc.a(lib_a-mallocr.o)
                0x00000d4c                __malloc_top_pad
 .bss.__malloc_current_mallinfo
                0x00000d50       0x28 e:/program x86/atmel/studio/7.0/toolchain/avr32/avr32-gnu-toolchain/bin/../lib/gcc/avr32/4.4.7/../../../../avr32/lib/ucr2\libc.a(lib_a-mallocr.o)
                0x00000d50                __malloc_current_mallinfo
 .bss.cur_heap_pos.1869
                0x00000d78        0x4 e:/program x86/atmel/studio/7.0/toolchain/avr32/avr32-gnu-toolchain/bin/../lib/gcc/avr32/4.4.7/../../../../avr32/lib/ucr2\libc.a(lib_a-syscalls.o)
 *(COMMON)
 COMMON         0x00000d7c        0x4 src/Application/app/app.o
                0x00000d7c                bunchofrandomstatusflags
 COMMON         0x00000d80     0x1004 src/Application/flash/data_flash.o
                0x00000d80                FLASH_BUF
                0x00001d80                spi
 COMMON         0x00001d84      0x122 src/Application/radio/ambe.o
                0x00001d84                AMBEBurst_rawdata
                0x00001d8c                Radio_Internal_Data
                0x00001d90                AMBE_DecryptionKey
                0x00001d98                SendAMBEBurst_EncryptionPackage
                0x00001e88                VBSP_data
                0x00001e8c                Soft_Decision_Data
 COMMON         0x00001ea6     0x3200 src/Application/radio/physical.o
                0x00001ea6                payload_store
                0x000032a6                xnl_store
 *fill*         0x000050a6        0x2 
 COMMON         0x000050a8       0x4c src/Application/radio/ssc.o
                0x000050a8                intDuration
                0x000050ac                BufferIndex
                0x000050b0                intStartCount
                0x000050b4                RxBuffer
                0x000050d4                TxBuffer
 COMMON         0x000050f4        0x4 src/Application/radio/xcmp.o
                0x000050f4                app_list
 COMMON         0x000050f8       0x18 src/Application/RFID/RFID.o
                0x000050f8                RFID
                0x00005108                CT
                0x0000510c                SN
 COMMON         0x00005110        0x4 src/ASF/avr32/drivers/spi/spi.o
                0x00005110                xSPIMutex
 COMMON         0x00005114        0x4 src/ASF/thirdparty/freertos/freertos-7.0.0/source/portable/gcc/avr32_uc3/write.o
                0x00005114                stdio_usart_base
 COMMON         0x00005118        0x4 src/Log/log.o
                0x00005118                logQueue
 COMMON         0x0000511c        0x4 e:/program x86/atmel/studio/7.0/toolchain/avr32/avr32-gnu-toolchain/bin/../lib/gcc/avr32/4.4.7/../../../../avr32/lib/ucr2\libc.a(lib_a-reent.o)
                0x0000511c                errno
                0x00005120                . = ALIGN (0x8)
                0x00005120                . = ALIGN (0x8)
                0x00005120                _end = .
                0x00005120                PROVIDE (end, .)
                0x00005120                __heap_start__ = ALIGN (0x8)
                0x00017000                . = ((ORIGIN (CPUSRAM) + 0x17ffc) - _stack_size)
                0x00017000                __heap_end__ = .

.stab
 *(.stab)

.stabstr
 *(.stabstr)

.stab.excl
 *(.stab.excl)

.stab.exclstr
 *(.stab.exclstr)

.stab.index
 *(.stab.index)

.stab.indexstr
 *(.stab.indexstr)

.comment        0x00000000       0x30
 *(.comment)
 .comment       0x00000000       0x30 src/Application/app/app.o
                                 0x31 (size before relaxing)
 .comment       0x00000000       0x31 src/Application/flash/data_flash.o
 .comment       0x00000000       0x31 src/Application/radio/ambe.o
 .comment       0x00000000       0x31 src/Application/radio/payload.o
 .comment       0x00000000       0x31 src/Application/radio/physical.o
 .comment       0x00000000       0x31 src/Application/radio/ssc.o
 .comment       0x00000000       0x31 src/Application/radio/xcmp.o
 .comment       0x00000000       0x31 src/Application/radio/xnl.o
 .comment       0x00000000       0x31 src/Application/RFID/MFRC522/rc522.o
 .comment       0x00000000       0x31 src/Application/RFID/RFID.o
 .comment       0x00000000       0x31 src/Application/rtc/rtc.o
 .comment       0x00000000       0x31 src/Application/timers/timer.o
 .comment       0x00000000       0x31 src/ASF/avr32/drivers/gpio/gpio.o
 .comment       0x00000000       0x31 src/ASF/avr32/drivers/intc/intc.o
 .comment       0x00000000       0x31 src/ASF/avr32/drivers/spi/spi.o
 .comment       0x00000000       0x31 src/ASF/avr32/drivers/usart/usart.o
 .comment       0x00000000       0x31 src/ASF/thirdparty/freertos/freertos-7.0.0/source/list.o
 .comment       0x00000000       0x31 src/ASF/thirdparty/freertos/freertos-7.0.0/source/portable/gcc/avr32_uc3/port.o
 .comment       0x00000000       0x31 src/ASF/thirdparty/freertos/freertos-7.0.0/source/portable/gcc/avr32_uc3/read.o
 .comment       0x00000000       0x31 src/ASF/thirdparty/freertos/freertos-7.0.0/source/portable/gcc/avr32_uc3/write.o
 .comment       0x00000000       0x31 src/ASF/thirdparty/freertos/freertos-7.0.0/source/portable/memmang/heap_3.o
 .comment       0x00000000       0x31 src/ASF/thirdparty/freertos/freertos-7.0.0/source/queue.o
 .comment       0x00000000       0x31 src/ASF/thirdparty/freertos/freertos-7.0.0/source/tasks.o
 .comment       0x00000000       0x31 src/Log/log.o
 .comment       0x00000000       0x31 src/main.o
 .comment       0x00000000       0x31 e:/program x86/atmel/studio/7.0/toolchain/avr32/avr32-gnu-toolchain/bin/../lib/gcc/avr32/4.4.7/../../../../avr32/lib/ucr2\libc.a(lib_a-malloc.o)
 .comment       0x00000000       0x31 e:/program x86/atmel/studio/7.0/toolchain/avr32/avr32-gnu-toolchain/bin/../lib/gcc/avr32/4.4.7/../../../../avr32/lib/ucr2\libc.a(lib_a-mallocr.o)
 .comment       0x00000000       0x31 e:/program x86/atmel/studio/7.0/toolchain/avr32/avr32-gnu-toolchain/bin/../lib/gcc/avr32/4.4.7/../../../../avr32/lib/ucr2\libc.a(lib_a-memset.o)
 .comment       0x00000000       0x31 e:/program x86/atmel/studio/7.0/toolchain/avr32/avr32-gnu-toolchain/bin/../lib/gcc/avr32/4.4.7/../../../../avr32/lib/ucr2\libc.a(lib_a-reallocr.o)
 .comment       0x00000000       0x31 e:/program x86/atmel/studio/7.0/toolchain/avr32/avr32-gnu-toolchain/bin/../lib/gcc/avr32/4.4.7/../../../../avr32/lib/ucr2\libc.a(lib_a-sbrkr.o)
 .comment       0x00000000       0x31 e:/program x86/atmel/studio/7.0/toolchain/avr32/avr32-gnu-toolchain/bin/../lib/gcc/avr32/4.4.7/../../../../avr32/lib/ucr2\libc.a(lib_a-sprintf.o)
 .comment       0x00000000       0x31 e:/program x86/atmel/studio/7.0/toolchain/avr32/avr32-gnu-toolchain/bin/../lib/gcc/avr32/4.4.7/../../../../avr32/lib/ucr2\libc.a(lib_a-syscalls.o)
 .comment       0x00000000       0x31 e:/program x86/atmel/studio/7.0/toolchain/avr32/avr32-gnu-toolchain/bin/../lib/gcc/avr32/4.4.7/../../../../avr32/lib/ucr2\libc.a(lib_a-vfprintf.o)
 .comment       0x00000000       0x31 e:/program x86/atmel/studio/7.0/toolchain/avr32/avr32-gnu-toolchain/bin/../lib/gcc/avr32/4.4.7/../../../../avr32/lib/ucr2\libc.a(lib_a-wsetup.o)
 .comment       0x00000000       0x31 e:/program x86/atmel/studio/7.0/toolchain/avr32/avr32-gnu-toolchain/bin/../lib/gcc/avr32/4.4.7/../../../../avr32/lib/ucr2\libc.a(lib_a-dtoa.o)
 .comment       0x00000000       0x31 e:/program x86/atmel/studio/7.0/toolchain/avr32/avr32-gnu-toolchain/bin/../lib/gcc/avr32/4.4.7/../../../../avr32/lib/ucr2\libc.a(lib_a-errno.o)
 .comment       0x00000000       0x31 e:/program x86/atmel/studio/7.0/toolchain/avr32/avr32-gnu-toolchain/bin/../lib/gcc/avr32/4.4.7/../../../../avr32/lib/ucr2\libc.a(lib_a-fflush.o)
 .comment       0x00000000       0x31 e:/program x86/atmel/studio/7.0/toolchain/avr32/avr32-gnu-toolchain/bin/../lib/gcc/avr32/4.4.7/../../../../avr32/lib/ucr2\libc.a(lib_a-findfp.o)
 .comment       0x00000000       0x31 e:/program x86/atmel/studio/7.0/toolchain/avr32/avr32-gnu-toolchain/bin/../lib/gcc/avr32/4.4.7/../../../../avr32/lib/ucr2\libc.a(lib_a-freer.o)
 .comment       0x00000000       0x31 e:/program x86/atmel/studio/7.0/toolchain/avr32/avr32-gnu-toolchain/bin/../lib/gcc/avr32/4.4.7/../../../../avr32/lib/ucr2\libc.a(lib_a-fvwrite.o)
 .comment       0x00000000       0x31 e:/program x86/atmel/studio/7.0/toolchain/avr32/avr32-gnu-toolchain/bin/../lib/gcc/avr32/4.4.7/../../../../avr32/lib/ucr2\libc.a(lib_a-fwalk.o)
 .comment       0x00000000       0x31 e:/program x86/atmel/studio/7.0/toolchain/avr32/avr32-gnu-toolchain/bin/../lib/gcc/avr32/4.4.7/../../../../avr32/lib/ucr2\libc.a(lib_a-impure.o)
 .comment       0x00000000       0x31 e:/program x86/atmel/studio/7.0/toolchain/avr32/avr32-gnu-toolchain/bin/../lib/gcc/avr32/4.4.7/../../../../avr32/lib/ucr2\libc.a(lib_a-locale.o)
 .comment       0x00000000       0x31 e:/program x86/atmel/studio/7.0/toolchain/avr32/avr32-gnu-toolchain/bin/../lib/gcc/avr32/4.4.7/../../../../avr32/lib/ucr2\libc.a(lib_a-makebuf.o)
 .comment       0x00000000       0x31 e:/program x86/atmel/studio/7.0/toolchain/avr32/avr32-gnu-toolchain/bin/../lib/gcc/avr32/4.4.7/../../../../avr32/lib/ucr2\libc.a(lib_a-memchr.o)
 .comment       0x00000000       0x31 e:/program x86/atmel/studio/7.0/toolchain/avr32/avr32-gnu-toolchain/bin/../lib/gcc/avr32/4.4.7/../../../../avr32/lib/ucr2\libc.a(lib_a-memmove.o)
 .comment       0x00000000       0x31 e:/program x86/atmel/studio/7.0/toolchain/avr32/avr32-gnu-toolchain/bin/../lib/gcc/avr32/4.4.7/../../../../avr32/lib/ucr2\libc.a(lib_a-mprec.o)
 .comment       0x00000000       0x31 e:/program x86/atmel/studio/7.0/toolchain/avr32/avr32-gnu-toolchain/bin/../lib/gcc/avr32/4.4.7/../../../../avr32/lib/ucr2\libc.a(lib_a-reent.o)
 .comment       0x00000000       0x31 e:/program x86/atmel/studio/7.0/toolchain/avr32/avr32-gnu-toolchain/bin/../lib/gcc/avr32/4.4.7/../../../../avr32/lib/ucr2\libc.a(lib_a-s_isinfd.o)
 .comment       0x00000000       0x31 e:/program x86/atmel/studio/7.0/toolchain/avr32/avr32-gnu-toolchain/bin/../lib/gcc/avr32/4.4.7/../../../../avr32/lib/ucr2\libc.a(lib_a-s_isnand.o)
 .comment       0x00000000       0x31 e:/program x86/atmel/studio/7.0/toolchain/avr32/avr32-gnu-toolchain/bin/../lib/gcc/avr32/4.4.7/../../../../avr32/lib/ucr2\libc.a(lib_a-stdio.o)
 .comment       0x00000000       0x31 e:/program x86/atmel/studio/7.0/toolchain/avr32/avr32-gnu-toolchain/bin/../lib/gcc/avr32/4.4.7/../../../../avr32/lib/ucr2\libc.a(lib_a-strlen.o)
 .comment       0x00000000       0x31 e:/program x86/atmel/studio/7.0/toolchain/avr32/avr32-gnu-toolchain/bin/../lib/gcc/avr32/4.4.7/../../../../avr32/lib/ucr2\libc.a(lib_a-writer.o)
 .comment       0x00000000       0x31 e:/program x86/atmel/studio/7.0/toolchain/avr32/avr32-gnu-toolchain/bin/../lib/gcc/avr32/4.4.7/../../../../avr32/lib/ucr2\libc.a(lib_a-callocr.o)
 .comment       0x00000000       0x31 e:/program x86/atmel/studio/7.0/toolchain/avr32/avr32-gnu-toolchain/bin/../lib/gcc/avr32/4.4.7/../../../../avr32/lib/ucr2\libc.a(lib_a-closer.o)
 .comment       0x00000000       0x31 e:/program x86/atmel/studio/7.0/toolchain/avr32/avr32-gnu-toolchain/bin/../lib/gcc/avr32/4.4.7/../../../../avr32/lib/ucr2\libc.a(lib_a-fclose.o)
 .comment       0x00000000       0x31 e:/program x86/atmel/studio/7.0/toolchain/avr32/avr32-gnu-toolchain/bin/../lib/gcc/avr32/4.4.7/../../../../avr32/lib/ucr2\libc.a(lib_a-fstatr.o)
 .comment       0x00000000       0x31 e:/program x86/atmel/studio/7.0/toolchain/avr32/avr32-gnu-toolchain/bin/../lib/gcc/avr32/4.4.7/../../../../avr32/lib/ucr2\libc.a(lib_a-lseekr.o)
 .comment       0x00000000       0x31 e:/program x86/atmel/studio/7.0/toolchain/avr32/avr32-gnu-toolchain/bin/../lib/gcc/avr32/4.4.7/../../../../avr32/lib/ucr2\libc.a(lib_a-readr.o)
 .comment       0x00000000       0x31 e:/program x86/atmel/studio/7.0/toolchain/avr32/avr32-gnu-toolchain/bin/../lib/gcc/avr32/4.4.7/ucr2\libgcc.a(_udivdi3.o)
 .comment       0x00000000       0x31 e:/program x86/atmel/studio/7.0/toolchain/avr32/avr32-gnu-toolchain/bin/../lib/gcc/avr32/4.4.7/ucr2\libgcc.a(_umoddi3.o)

.debug
 *(.debug)

.line
 *(.line)

.debug_srcinfo
 *(.debug_srcinfo)

.debug_sfnames
 *(.debug_sfnames)

.debug_aranges  0x00000000     0x1290
 *(.debug_aranges)
 .debug_aranges
                0x00000000      0x118 src/Application/app/app.o
 .debug_aranges
                0x00000118       0x78 src/Application/flash/data_flash.o
 .debug_aranges
                0x00000190       0x20 src/Application/radio/ambe.o
 .debug_aranges
                0x000001b0       0x28 src/Application/radio/payload.o
 .debug_aranges
                0x000001d8       0x68 src/Application/radio/physical.o
 .debug_aranges
                0x00000240       0x40 src/Application/radio/ssc.o
 .debug_aranges
                0x00000280       0xf8 src/Application/radio/xcmp.o
 .debug_aranges
                0x00000378       0x70 src/Application/radio/xnl.o
 .debug_aranges
                0x000003e8       0xd8 src/Application/RFID/MFRC522/rc522.o
 .debug_aranges
                0x000004c0       0x30 src/Application/RFID/RFID.o
 .debug_aranges
                0x000004f0       0x50 src/Application/rtc/rtc.o
 .debug_aranges
                0x00000540       0x48 src/Application/timers/timer.o
 .debug_aranges
                0x00000588      0x100 src/ASF/avr32/drivers/gpio/gpio.o
 .debug_aranges
                0x00000688       0x38 src/ASF/avr32/drivers/intc/intc.o
 .debug_aranges
                0x000006c0       0xa8 src/ASF/avr32/drivers/spi/spi.o
 .debug_aranges
                0x00000768       0xe0 src/ASF/avr32/drivers/usart/usart.o
 .debug_aranges
                0x00000848       0x28 src/ASF/avr32/utils/startup/startup_uc3.o
 .debug_aranges
                0x00000870       0x20 src/ASF/avr32/utils/startup/trampoline_uc3.o
 .debug_aranges
                0x00000890       0x40 src/ASF/thirdparty/freertos/freertos-7.0.0/source/list.o
 .debug_aranges
                0x000008d0       0x20 src/ASF/thirdparty/freertos/freertos-7.0.0/source/portable/gcc/avr32_uc3/exception.o
 .debug_aranges
                0x000008f0       0x78 src/ASF/thirdparty/freertos/freertos-7.0.0/source/portable/gcc/avr32_uc3/port.o
 .debug_aranges
                0x00000968       0x20 src/ASF/thirdparty/freertos/freertos-7.0.0/source/portable/gcc/avr32_uc3/read.o
 .debug_aranges
                0x00000988       0x20 src/ASF/thirdparty/freertos/freertos-7.0.0/source/portable/gcc/avr32_uc3/write.o
 .debug_aranges
                0x000009a8       0x28 src/ASF/thirdparty/freertos/freertos-7.0.0/source/portable/memmang/heap_3.o
 .debug_aranges
                0x000009d0       0x88 src/ASF/thirdparty/freertos/freertos-7.0.0/source/queue.o
 .debug_aranges
                0x00000a58      0x108 src/ASF/thirdparty/freertos/freertos-7.0.0/source/tasks.o
 .debug_aranges
                0x00000b60       0x50 src/Log/log.o
 .debug_aranges
                0x00000bb0       0x20 src/main.o
 .debug_aranges
                0x00000bd0       0x28 e:/program x86/atmel/studio/7.0/toolchain/avr32/avr32-gnu-toolchain/bin/../lib/gcc/avr32/4.4.7/../../../../avr32/lib/ucr2\libc.a(lib_a-malloc.o)
 .debug_aranges
                0x00000bf8       0x20 e:/program x86/atmel/studio/7.0/toolchain/avr32/avr32-gnu-toolchain/bin/../lib/gcc/avr32/4.4.7/../../../../avr32/lib/ucr2\libc.a(lib_a-mallocr.o)
 .debug_aranges
                0x00000c18       0x20 e:/program x86/atmel/studio/7.0/toolchain/avr32/avr32-gnu-toolchain/bin/../lib/gcc/avr32/4.4.7/../../../../avr32/lib/ucr2\libc.a(lib_a-memset.o)
 .debug_aranges
                0x00000c38       0x20 e:/program x86/atmel/studio/7.0/toolchain/avr32/avr32-gnu-toolchain/bin/../lib/gcc/avr32/4.4.7/../../../../avr32/lib/ucr2\libc.a(lib_a-reallocr.o)
 .debug_aranges
                0x00000c58       0x20 e:/program x86/atmel/studio/7.0/toolchain/avr32/avr32-gnu-toolchain/bin/../lib/gcc/avr32/4.4.7/../../../../avr32/lib/ucr2\libc.a(lib_a-sbrkr.o)
 .debug_aranges
                0x00000c78       0x28 e:/program x86/atmel/studio/7.0/toolchain/avr32/avr32-gnu-toolchain/bin/../lib/gcc/avr32/4.4.7/../../../../avr32/lib/ucr2\libc.a(lib_a-sprintf.o)
 .debug_aranges
                0x00000ca0       0xf8 e:/program x86/atmel/studio/7.0/toolchain/avr32/avr32-gnu-toolchain/bin/../lib/gcc/avr32/4.4.7/../../../../avr32/lib/ucr2\libc.a(lib_a-syscalls.o)
 .debug_aranges
                0x00000d98       0x38 e:/program x86/atmel/studio/7.0/toolchain/avr32/avr32-gnu-toolchain/bin/../lib/gcc/avr32/4.4.7/../../../../avr32/lib/ucr2\libc.a(lib_a-vfprintf.o)
 .debug_aranges
                0x00000dd0       0x20 e:/program x86/atmel/studio/7.0/toolchain/avr32/avr32-gnu-toolchain/bin/../lib/gcc/avr32/4.4.7/../../../../avr32/lib/ucr2\libc.a(lib_a-wsetup.o)
 .debug_aranges
                0x00000df0       0x28 e:/program x86/atmel/studio/7.0/toolchain/avr32/avr32-gnu-toolchain/bin/../lib/gcc/avr32/4.4.7/../../../../avr32/lib/ucr2\libc.a(lib_a-dtoa.o)
 .debug_aranges