Archive member included because of file (symbol)

e:/program x86/atmel/studio/7.0/toolchain/avr32/avr32-gnu-toolchain/bin/../lib/gcc/avr32/4.4.7/../../../../avr32/lib/ucr2\libc.a(lib_a-malloc.o)
                              src/ASF/thirdparty/freertos/freertos-7.0.0/source/portable/memmang/heap_3.o (free)
e:/program x86/atmel/studio/7.0/toolchain/avr32/avr32-gnu-toolchain/bin/../lib/gcc/avr32/4.4.7/../../../../avr32/lib/ucr2\libc.a(lib_a-mallocr.o)
                              e:/program x86/atmel/studio/7.0/toolchain/avr32/avr32-gnu-toolchain/bin/../lib/gcc/avr32/4.4.7/../../../../avr32/lib/ucr2\libc.a(lib_a-malloc.o) (_malloc_r)
e:/program x86/atmel/studio/7.0/toolchain/avr32/avr32-gnu-toolchain/bin/../lib/gcc/avr32/4.4.7/../../../../avr32/lib/ucr2\libc.a(lib_a-memcmp.o)
                              src/Application/voice/voice.o (memcmp)
e:/program x86/atmel/studio/7.0/toolchain/avr32/avr32-gnu-toolchain/bin/../lib/gcc/avr32/4.4.7/../../../../avr32/lib/ucr2\libc.a(lib_a-memcpy.o)
                              src/Application/app/app.o (memcpy)
e:/program x86/atmel/studio/7.0/toolchain/avr32/avr32-gnu-toolchain/bin/../lib/gcc/avr32/4.4.7/../../../../avr32/lib/ucr2\libc.a(lib_a-memset.o)
                              src/Application/radio/physical.o (memset)
e:/program x86/atmel/studio/7.0/toolchain/avr32/avr32-gnu-toolchain/bin/../lib/gcc/avr32/4.4.7/../../../../avr32/lib/ucr2\libc.a(lib_a-realloc.o)
                              src/ASF/thirdparty/freertos/freertos-7.0.0/source/portable/gcc/avr32_uc3/port.o (realloc)
e:/program x86/atmel/studio/7.0/toolchain/avr32/avr32-gnu-toolchain/bin/../lib/gcc/avr32/4.4.7/../../../../avr32/lib/ucr2\libc.a(lib_a-reallocr.o)
                              e:/program x86/atmel/studio/7.0/toolchain/avr32/avr32-gnu-toolchain/bin/../lib/gcc/avr32/4.4.7/../../../../avr32/lib/ucr2\libc.a(lib_a-realloc.o) (_realloc_r)
e:/program x86/atmel/studio/7.0/toolchain/avr32/avr32-gnu-toolchain/bin/../lib/gcc/avr32/4.4.7/../../../../avr32/lib/ucr2\libc.a(lib_a-sbrkr.o)
                              e:/program x86/atmel/studio/7.0/toolchain/avr32/avr32-gnu-toolchain/bin/../lib/gcc/avr32/4.4.7/../../../../avr32/lib/ucr2\libc.a(lib_a-mallocr.o) (_sbrk_r)
e:/program x86/atmel/studio/7.0/toolchain/avr32/avr32-gnu-toolchain/bin/../lib/gcc/avr32/4.4.7/../../../../avr32/lib/ucr2\libc.a(lib_a-sprintf.o)
                              src/Log/log.o (sprintf)
e:/program x86/atmel/studio/7.0/toolchain/avr32/avr32-gnu-toolchain/bin/../lib/gcc/avr32/4.4.7/../../../../avr32/lib/ucr2\libc.a(lib_a-strncpy.o)
                              src/ASF/thirdparty/freertos/freertos-7.0.0/source/tasks.o (strncpy)
e:/program x86/atmel/studio/7.0/toolchain/avr32/avr32-gnu-toolchain/bin/../lib/gcc/avr32/4.4.7/../../../../avr32/lib/ucr2\libc.a(lib_a-syscalls.o)
                              e:/program x86/atmel/studio/7.0/toolchain/avr32/avr32-gnu-toolchain/bin/../lib/gcc/avr32/4.4.7/../../../../avr32/lib/ucr2\libc.a(lib_a-sbrkr.o) (_sbrk)
e:/program x86/atmel/studio/7.0/toolchain/avr32/avr32-gnu-toolchain/bin/../lib/gcc/avr32/4.4.7/../../../../avr32/lib/ucr2\libc.a(lib_a-vfprintf.o)
                              e:/program x86/atmel/studio/7.0/toolchain/avr32/avr32-gnu-toolchain/bin/../lib/gcc/avr32/4.4.7/../../../../avr32/lib/ucr2\libc.a(lib_a-sprintf.o) (_vfprintf_r)
e:/program x86/atmel/studio/7.0/toolchain/avr32/avr32-gnu-toolchain/bin/../lib/gcc/avr32/4.4.7/../../../../avr32/lib/ucr2\libc.a(lib_a-wsetup.o)
                              e:/program x86/atmel/studio/7.0/toolchain/avr32/avr32-gnu-toolchain/bin/../lib/gcc/avr32/4.4.7/../../../../avr32/lib/ucr2\libc.a(lib_a-vfprintf.o) (__swsetup_r)
e:/program x86/atmel/studio/7.0/toolchain/avr32/avr32-gnu-toolchain/bin/../lib/gcc/avr32/4.4.7/../../../../avr32/lib/ucr2\libc.a(lib_a-dtoa.o)
                              e:/program x86/atmel/studio/7.0/toolchain/avr32/avr32-gnu-toolchain/bin/../lib/gcc/avr32/4.4.7/../../../../avr32/lib/ucr2\libc.a(lib_a-vfprintf.o) (_dtoa_r)
e:/program x86/atmel/studio/7.0/toolchain/avr32/avr32-gnu-toolchain/bin/../lib/gcc/avr32/4.4.7/../../../../avr32/lib/ucr2\libc.a(lib_a-errno.o)
                              e:/program x86/atmel/studio/7.0/toolchain/avr32/avr32-gnu-toolchain/bin/../lib/gcc/avr32/4.4.7/../../../../avr32/lib/ucr2\libc.a(lib_a-syscalls.o) (__errno)
e:/program x86/atmel/studio/7.0/toolchain/avr32/avr32-gnu-toolchain/bin/../lib/gcc/avr32/4.4.7/../../../../avr32/lib/ucr2\libc.a(lib_a-fflush.o)
                              e:/program x86/atmel/studio/7.0/toolchain/avr32/avr32-gnu-toolchain/bin/../lib/gcc/avr32/4.4.7/../../../../avr32/lib/ucr2\libc.a(lib_a-vfprintf.o) (_fflush_r)
e:/program x86/atmel/studio/7.0/toolchain/avr32/avr32-gnu-toolchain/bin/../lib/gcc/avr32/4.4.7/../../../../avr32/lib/ucr2\libc.a(lib_a-findfp.o)
                              e:/program x86/atmel/studio/7.0/toolchain/avr32/avr32-gnu-toolchain/bin/../lib/gcc/avr32/4.4.7/../../../../avr32/lib/ucr2\libc.a(lib_a-vfprintf.o) (__sinit)
[...]
Memory Configuration

Name             Origin             Length             Attributes
FLASH            0x80000000         0x00080000         axrl !w
CPUSRAM          0x00000004         0x00017ffc         axw !rl
USERPAGE         0x80800000         0x00000200
FACTORYPAGE      0x80800200         0x00000200
*default*        0x00000000         0xffffffff

Linker script and memory map

                0x00001000                _stack_size = 0x1000
LOAD src/Application/app/app.o
LOAD src/Application/flash/data_flash.o
LOAD src/Application/myrtc/xgrtc.o
LOAD src/Application/radio/ambe.o
LOAD src/Application/radio/AMBE_audio.o
LOAD src/Application/radio/AMBE_audio_2.o
LOAD src/Application/radio/audio.o
LOAD src/Application/radio/payload.o
LOAD src/Application/radio/physical.o
LOAD src/Application/radio/ssc.o
LOAD src/Application/radio/xcmp.o
LOAD src/Application/radio/xnl.o
LOAD src/Application/RFID/MFRC522/rc522.o
LOAD src/Application/RFID/RFID.o
LOAD src/Application/timers/timer.o
LOAD src/Application/voice/voice.o
LOAD src/Application/xgflash/xgflash.o
LOAD src/ASF/avr32/drivers/flashc/flashc.o
LOAD src/ASF/avr32/drivers/gpio/gpio.o
LOAD src/ASF/avr32/drivers/intc/intc.o
LOAD src/ASF/avr32/drivers/pm/pm.o
LOAD src/ASF/avr32/drivers/pm/pm_conf_clocks.o
LOAD src/ASF/avr32/drivers/pm/power_clocks_lib.o
LOAD src/ASF/avr32/drivers/rtc/rtc.o
LOAD src/ASF/avr32/drivers/spi/spi.o
LOAD src/ASF/avr32/drivers/tc/tc.o
LOAD src/ASF/avr32/drivers/twi/twi.o
LOAD src/ASF/avr32/drivers/usart/usart.o
LOAD src/ASF/avr32/utils/startup/startup_uc3.o
LOAD src/ASF/avr32/utils/startup/trampoline_uc3.o
LOAD src/ASF/common/boards/user_board/init.o
LOAD src/ASF/common/services/clock/uc3b0_b1/sysclk.o
LOAD src/ASF/common/services/spi/uc3_spi/spi_master.o
LOAD src/ASF/common/services/spi/uc3_usart_spi/usart_spi.o
LOAD src/ASF/thirdparty/freertos/freertos-7.0.0/source/croutine.o
LOAD src/ASF/thirdparty/freertos/freertos-7.0.0/source/list.o
LOAD src/ASF/thirdparty/freertos/freertos-7.0.0/source/portable/gcc/avr32_uc3/exception.o
LOAD src/ASF/thirdparty/freertos/freertos-7.0.0/source/portable/gcc/avr32_uc3/port.o
LOAD src/ASF/thirdparty/freertos/freertos-7.0.0/source/portable/gcc/avr32_uc3/read.o
LOAD src/ASF/thirdparty/freertos/freertos-7.0.0/source/portable/gcc/avr32_uc3/write.o
LOAD src/ASF/thirdparty/freertos/freertos-7.0.0/source/portable/memmang/heap_3.o
LOAD src/ASF/thirdparty/freertos/freertos-7.0.0/source/queue.o
LOAD src/ASF/thirdparty/freertos/freertos-7.0.0/source/tasks.o
LOAD src/Log/log.o
LOAD src/main.o
START GROUP
LOAD e:/program x86/atmel/studio/7.0/toolchain/avr32/avr32-gnu-toolchain/bin/../lib/gcc/avr32/4.4.7/../../../../avr32/lib/ucr2\libm.a
END GROUP
LOAD e:/program x86/atmel/studio/7.0/toolchain/avr32/avr32-gnu-toolchain/bin/../lib/gcc/avr32/4.4.7/ucr2\libgcc.a
LOAD e:/program x86/atmel/studio/7.0/toolchain/avr32/avr32-gnu-toolchain/bin/../lib/gcc/avr32/4.4.7/../../../../avr32/lib/ucr2\libc.a
LOAD e:/program x86/atmel/studio/7.0/toolchain/avr32/avr32-gnu-toolchain/bin/../lib/gcc/avr32/4.4.7/ucr2\libgcc.a
                0x80000000                PROVIDE (__executable_start, 0x80000000)
                0x80000000                . = 0x80000000

.interp
 *(.interp)

.reset          0x80000000     0x2004
 *(.reset)
 .reset         0x80000000     0x2004 src/ASF/avr32/utils/startup/trampoline_uc3.o
                               0x2008 (size before relaxing)
                0x80000000                _trampoline

.hash
 *(.hash)

.dynsym
 *(.dynsym)

.dynstr
 *(.dynstr)

.gnu.version
 *(.gnu.version)

.gnu.version_d
 *(.gnu.version_d)

.gnu.version_r
 *(.gnu.version_r)

.rel.init
 *(.rel.init)

.rela.init
 *(.rela.init)

.rel.text
 *(.rel.text .rel.text.* .rel.gnu.linkonce.t.*)

.rela.text
 *(.rela.text .rela.text.* .rela.gnu.linkonce.t.*)

.rel.fini
 *(.rel.fini)

.rela.fini
 *(.rela.fini)

.rel.rodata
 *(.rel.rodata .rel.rodata.* .rel.gnu.linkonce.r.*)

.rela.rodata
 *(.rela.rodata .rela.rodata.* .rela.gnu.linkonce.r.*)

.rel.data.rel.ro
 *(.rel.data.rel.ro*)

.rela.data.rel.ro
 *(.rel.data.rel.ro*)

.rel.data
 *(.rel.data .rel.data.* .rel.gnu.linkonce.d.*)

.rela.data
 *(.rela.data .rela.data.* .rela.gnu.linkonce.d.*)

.rel.tdata
 *(.rel.tdata .rel.tdata.* .rel.gnu.linkonce.td.*)

.rela.tdata
 *(.rela.tdata .rela.tdata.* .rela.gnu.linkonce.td.*)

.rel.tbss
 *(.rel.tbss .rel.tbss.* .rel.gnu.linkonce.tb.*)

.rela.tbss
 *(.rela.tbss .rela.tbss.* .rela.gnu.linkonce.tb.*)

.rel.ctors
 *(.rel.ctors)

.rela.ctors
 *(.rela.ctors)

.rel.dtors
 *(.rel.dtors)

.rela.dtors
 *(.rela.dtors)

.rel.got
 *(.rel.got)

.rela.got       0x80002004        0x0
 *(.rela.got)
 .rela.got      0x80002004        0x0 src/Application/app/app.o

.rel.bss
 *(.rel.bss .rel.bss.* .rel.gnu.linkonce.b.*)

.rela.bss
 *(.rela.bss .rela.bss.* .rela.gnu.linkonce.b.*)

.rel.plt
 *(.rel.plt)

.rela.plt
 *(.rela.plt)

.init
 *(.init)

.plt
 *(.plt)

.text           0x80002004     0xae14
 *(.text .stub .text.* .gnu.linkonce.t.*)
 .text.DeviceManagement_brdcst_func
                0x80002004       0x24 src/Application/app/app.o
                0x80002004                DeviceManagement_brdcst_func
 .text.Volume_brdcst_func
                0x80002028        0x2 src/Application/app/app.o
                0x80002028                Volume_brdcst_func
 .text.AudioRoutingControl_brdcst_func
                0x8000202a        0x2 src/Application/app/app.o
                0x8000202a                AudioRoutingControl_brdcst_func
 .text.vApplicationIdleHook
                0x8000202c       0x10 src/Application/app/app.o
                0x8000202c                vApplicationIdleHook
 .text.app_init
                0x8000203c       0x54 src/Application/app/app.o
                0x8000203c                app_init
 .text.app_payload_tx_proc
                0x80002090       0x14 src/Application/app/app.o
 .text.app_payload_rx_proc
                0x800020a4       0x34 src/Application/app/app.o
 .text.FD_brdcst_func
                0x800020d8       0x14 src/Application/app/app.o
                0x800020d8                FD_brdcst_func
 .text.FD_reply_func
                0x800020ec       0x14 src/Application/app/app.o
                0x800020ec                FD_reply_func
 .text.FD_request_func
                0x80002100       0x14 src/Application/app/app.o
                0x80002100                FD_request_func
 .text.EnOB_brdcst_func
                0x80002114       0x14 src/Application/app/app.o
                0x80002114                EnOB_brdcst_func
 .text.EnOB_reply_func
                0x80002128       0x70 src/Application/app/app.o
                0x80002128                EnOB_reply_func
 .text.SingleDetection_brdcst_func
                0x80002198       0x4c src/Application/app/app.o
                0x80002198                SingleDetection_brdcst_func
 .text.ButtonConfig_brdcst_func
                0x800021e4       0xdc src/Application/app/app.o
                0x800021e4                ButtonConfig_brdcst_func
 .text.ButtonConfig_reply_func
                0x800022c0       0x44 src/Application/app/app.o
                0x800022c0                ButtonConfig_reply_func
 .text.DataSession_reply_func
                0x80002304       0x7c src/Application/app/app.o
                0x80002304                DataSession_reply_func
 .text.CallControl_brdcst_func
                0x80002380       0x44 src/Application/app/app.o
                0x80002380                CallControl_brdcst_func
 .text.TransmitControl_brdcst_func
                0x800023c4       0x48 src/Application/app/app.o
                0x800023c4                TransmitControl_brdcst_func
 .text.TransmitControl_reply_func
                0x8000240c       0x60 src/Application/app/app.o
                0x8000240c                TransmitControl_reply_func
 .text.AudioRoutingControl_reply_func
                0x8000246c       0x28 src/Application/app/app.o
                0x8000246c                AudioRoutingControl_reply_func
 .text.Volume_reply_func
                0x80002494       0x64 src/Application/app/app.o
                0x80002494                Volume_reply_func
 .text.spk_brdcst_func
                0x800024f8       0x38 src/Application/app/app.o
                0x800024f8                spk_brdcst_func
 .text.spk_reply_func
                0x80002530       0x48 src/Application/app/app.o
                0x80002530                spk_reply_func
 .text.mic_brdcst_func
                0x80002578       0x58 src/Application/app/app.o
                0x80002578                mic_brdcst_func
 .text.mic_reply_func
                0x800025d0       0x94 src/Application/app/app.o
                0x800025d0                mic_reply_func
 .text.dcm_brdcst_func
                0x80002664       0x48 src/Application/app/app.o
                0x80002664                dcm_brdcst_func
 .text.dcm_reply_func
                0x800026ac       0x68 src/Application/app/app.o
                0x800026ac                dcm_reply_func
 .text.ToneControl_reply_func
                0x80002714       0x28 src/Application/app/app.o
                0x80002714                ToneControl_reply_func
 .text.app_cfg  0x8000273c      0x13c src/Application/app/app.o
 .text.Phyuserinput_brdcst_func
                0x80002878       0x58 src/Application/app/app.o
                0x80002878                Phyuserinput_brdcst_func
 .text.DataSession_brdcst_func
                0x800028d0       0xf8 src/Application/app/app.o
                0x800028d0                DataSession_brdcst_func
 .text.DeviceInitializationStatus_brdcst_func
                0x800029c8       0x38 src/Application/app/app.o
                0x800029c8                DeviceInitializationStatus_brdcst_func
 .text.send_flash_command
                0x80002a00      0x1b0 src/Application/flash/data_flash.o
                0x80002a00                send_flash_command
 .text.data_flash_init
                0x80002bb0      0x15c src/Application/flash/data_flash.o
                0x80002bb0                data_flash_init
 .text.xg_rtc_init
                0x80002d0c       0x80 src/Application/myrtc/xgrtc.o
                0x80002d0c                xg_rtc_init
 .text.rtc_irq  0x80002d8c       0xf0 src/Application/myrtc/xgrtc.o
                0x80002d8c                rtc_irq
 .text.CalculateBurst
                0x80002e7c       0x1c src/Application/radio/ambe.o
                0x80002e7c                CalculateBurst
 .text.payload_init
                0x80002e98       0x14 src/Application/radio/payload.o
                0x80002e98                payload_init
 .text.set_idle_store_isr
                0x80002eac       0x1c src/Application/radio/physical.o
                0x80002eac                set_idle_store_isr
 .text.payload_rx
                0x80002ec8       0x18 src/Application/radio/physical.o
 .text.phy_rx   0x80002ee0       0x38 src/Application/radio/physical.o
                0x80002ee0                phy_rx
 .text.set_idle_store
                0x80002f18       0x20 src/Application/radio/physical.o
                0x80002f18                set_idle_store
 .text.phy_tx   0x80002f38       0x5c src/Application/radio/physical.o
                0x80002f38                phy_tx
 .text.get_idle_store_isr
                0x80002f94       0x28 src/Application/radio/physical.o
                0x80002f94                get_idle_store_isr
 .text.phy_tx_func
                0x80002fbc      0x108 src/Application/radio/physical.o
 .text.get_idle_store
                0x800030c4       0x28 src/Application/radio/physical.o
                0x800030c4                get_idle_store
 .text.phy_init
                0x800030ec       0x28 src/Application/radio/physical.o
                0x800030ec                phy_init
 .text.phy_rx_func
                0x80003114      0xf24 src/Application/radio/physical.o
 .text.pdca_int_handler
                0x80004038       0x8c src/Application/radio/ssc.o
 .text.local_start_SSC
                0x800040c4       0x44 src/Application/radio/ssc.o
                0x800040c4                local_start_SSC
 .text.local_start_PDC
                0x80004108       0x6c src/Application/radio/ssc.o
                0x80004108                local_start_PDC
 .text.register_rx_tx_func
                0x80004174       0x14 src/Application/radio/ssc.o
                0x80004174                register_rx_tx_func
 .text.ssc_init
                0x80004188       0x74 src/Application/radio/ssc.o
                0x80004188                ssc_init
 .text.xcmp_register_app_list
                0x800041fc        0xc src/Application/radio/xcmp.o
                0x800041fc                xcmp_register_app_list
 .text.xcmp_tx  0x80004208       0x48 src/Application/radio/xcmp.o
 .text.xcmp_data_session_req
                0x80004250       0x8c src/Application/radio/xcmp.o
                0x80004250                xcmp_data_session_req
 .text.xcmp_DeviceInitializationStatus_request
                0x800042dc       0x40 src/Application/radio/xcmp.o
                0x800042dc                xcmp_DeviceInitializationStatus_request
 .text.xcmp_opcode_not_supported
                0x8000431c       0x24 src/Application/radio/xcmp.o
                0x8000431c                xcmp_opcode_not_supported
 .text.xcmp_exec_func
                0x80004340       0x48 src/Application/radio/xcmp.o
 .text.xcmp_IdleTestTone
                0x80004388       0x60 src/Application/radio/xcmp.o
                0x80004388                xcmp_IdleTestTone
 .text.xcmp_init
                0x800043e8       0x54 src/Application/radio/xcmp.o
                0x800043e8                xcmp_init
 .text.xcmp_rx_process
                0x8000443c       0xfc src/Application/radio/xcmp.o
 .text.xcmp_rx  0x80004538       0x4c src/Application/radio/xcmp.o
 .text.xnl_register_xcmp_func
                0x80004584        0xc src/Application/radio/xnl.o
                0x80004584                xnl_register_xcmp_func
 .text.xnl_get_msg_ack_func
                0x80004590       0x2c src/Application/radio/xnl.o
                0x80004590                xnl_get_msg_ack_func
 .text.xnl_init
                0x800045bc      0x12c src/Application/radio/xnl.o
                0x800045bc                xnl_init
 .text.xnl_rx_process
                0x800046e8       0x60 src/Application/radio/xnl.o
 .text.xnl_tx_process
                0x80004748       0xcc src/Application/radio/xnl.o
 .text.xnl_tx   0x80004814       0xe4 src/Application/radio/xnl.o
                0x80004814                xnl_tx
 .text.xnl_data_msg_func
                0x800048f8       0x60 src/Application/radio/xnl.o
                0x800048f8                xnl_data_msg_func
 .text.xnl_device_auth_reply_func
                0x80004958      0x120 src/Application/radio/xnl.o
                0x80004958                xnl_device_auth_reply_func
 .text.xnl_master_status_brdcst_func
                0x80004a78       0x60 src/Application/radio/xnl.o
                0x80004a78                xnl_master_status_brdcst_func
 .text.xnl_device_conn_reply_func
                0x80004ad8       0x5c src/Application/radio/xnl.o
                0x80004ad8                xnl_device_conn_reply_func
 .text.xnl_send_device_master_query
                0x80004b34       0x30 src/Application/radio/xnl.o
                0x80004b34                xnl_send_device_master_query
 .text.RC522_ReadByte
                0x80004b64       0x44 src/Application/RFID/MFRC522/rc522.o
                0x80004b64                RC522_ReadByte
 .text.RC522_WriteByte
                0x80004ba8       0x4c src/Application/RFID/MFRC522/rc522.o
                0x80004ba8                RC522_WriteByte
 .text.WriteRawRC
                0x80004bf4       0x38 src/Application/RFID/MFRC522/rc522.o
                0x80004bf4                WriteRawRC
 .text.PcdReset
                0x80004c2c       0x80 src/Application/RFID/MFRC522/rc522.o
                0x80004c2c                PcdReset
 .text.ReadRawRC
                0x80004cac       0x40 src/Application/RFID/MFRC522/rc522.o
                0x80004cac                ReadRawRC
 .text.SetBitMask
                0x80004cec       0x24 src/Application/RFID/MFRC522/rc522.o
                0x80004cec                SetBitMask
 .text.ClearBitMask
                0x80004d10       0x28 src/Application/RFID/MFRC522/rc522.o
                0x80004d10                ClearBitMask
 .text.PcdComMF522
                0x80004d38      0x178 src/Application/RFID/MFRC522/rc522.o
                0x80004d38                PcdComMF522
 .text.PcdAnticoll
                0x80004eb0       0x84 src/Application/RFID/MFRC522/rc522.o
                0x80004eb0                PcdAnticoll
 .text.PcdRequest
                0x80004f34       0x64 src/Application/RFID/MFRC522/rc522.o
                0x80004f34                PcdRequest
 .text.CalulateCRC
                0x80004f98       0x8c src/Application/RFID/MFRC522/rc522.o
                0x80004f98                CalulateCRC
 .text.PcdSelect
                0x80005024       0x74 src/Application/RFID/MFRC522/rc522.o
                0x80005024                PcdSelect
 .text.rfid_auto_reader
                0x80005098      0x114 src/Application/RFID/RFID.o
                0x80005098                rfid_auto_reader
 .text.rfid_sendID_message
                0x800051ac      0x170 src/Application/RFID/RFID.o
                0x800051ac                rfid_sendID_message
 .text.delay_ns
                0x8000531c       0x16 src/Application/timers/timer.o
                0x8000531c                delay_ns
 *fill*         0x80005332        0x2 d703d703
 .text.local_start_timer
                0x80005334       0x2c src/Application/timers/timer.o
                0x80005334                local_start_timer
 .text.local_start_pll0
                0x80005360       0x94 src/Application/timers/timer.o
                0x80005360                local_start_pll0
 .text.xg_flashc_init
                0x800053f4       0xa0 src/Application/xgflash/xgflash.o
                0x800053f4                xg_flashc_init
 .text.flashc_set_wait_state
                0x80005494        0xe src/ASF/avr32/drivers/flashc/flashc.o
                0x80005494                flashc_set_wait_state
 .text.gpio_enable_module_pin
                0x800054a2       0x52 src/ASF/avr32/drivers/gpio/gpio.o
                0x800054a2                gpio_enable_module_pin
 .text.gpio_enable_module
                0x800054f4       0x30 src/ASF/avr32/drivers/gpio/gpio.o
                0x800054f4                gpio_enable_module
 .text.gpio_enable_gpio_pin
                0x80005524       0x18 src/ASF/avr32/drivers/gpio/gpio.o
                0x80005524                gpio_enable_gpio_pin
 .text.gpio_set_gpio_pin
                0x8000553c       0x1c src/ASF/avr32/drivers/gpio/gpio.o
                0x8000553c                gpio_set_gpio_pin
 .text.gpio_clr_gpio_pin
                0x80005558       0x1c src/ASF/avr32/drivers/gpio/gpio.o
                0x80005558                gpio_clr_gpio_pin
 .text._unhandled_interrupt
                0x80005574        0x2 src/ASF/avr32/drivers/intc/intc.o
 *fill*         0x80005576        0x2 d703d703
 .text.INTC_register_interrupt
                0x80005578       0x80 src/ASF/avr32/drivers/intc/intc.o
                0x80005578                INTC_register_interrupt
 .text.INTC_init_interrupts
                0x800055f8       0x54 src/ASF/avr32/drivers/intc/intc.o
                0x800055f8                INTC_init_interrupts
 .text._get_interrupt_handler
                0x8000564c       0x38 src/ASF/avr32/drivers/intc/intc.o
                0x8000564c                _get_interrupt_handler
 .text.pm_set_osc0_mode
                0x80005684        0xa src/ASF/avr32/drivers/pm/pm.o
 *fill*         0x8000568e        0x2 d703d703
 .text.pm_enable_osc0_crystal
                0x80005690       0x3c src/ASF/avr32/drivers/pm/pm.o
                0x80005690                pm_enable_osc0_crystal
 .text.pm_enable_clk0_no_wait
                0x800056cc       0x10 src/ASF/avr32/drivers/pm/pm.o
                0x800056cc                pm_enable_clk0_no_wait
 .text.pm_wait_for_clk0_ready
                0x800056dc        0xa src/ASF/avr32/drivers/pm/pm.o
                0x800056dc                pm_wait_for_clk0_ready
 *fill*         0x800056e6        0x2 d703d703
 .text.pm_enable_clk0
                0x800056e8       0x1c src/ASF/avr32/drivers/pm/pm.o
                0x800056e8                pm_enable_clk0
 .text.pm_set_osc32_mode
                0x80005704        0xa src/ASF/avr32/drivers/pm/pm.o
 *fill*         0x8000570e        0x2 d703d703
 .text.pm_enable_osc32_crystal
                0x80005710       0x10 src/ASF/avr32/drivers/pm/pm.o
                0x80005710                pm_enable_osc32_crystal
 .text.pm_enable_clk32_no_wait
                0x80005720       0x10 src/ASF/avr32/drivers/pm/pm.o
                0x80005720                pm_enable_clk32_no_wait
 .text.pm_wait_for_clk32_ready
                0x80005730        0xa src/ASF/avr32/drivers/pm/pm.o
                0x80005730                pm_wait_for_clk32_ready
 *fill*         0x8000573a        0x2 d703d703
 .text.pm_enable_clk32
                0x8000573c       0x1c src/ASF/avr32/drivers/pm/pm.o
                0x8000573c                pm_enable_clk32
 .text.pm_cksel
                0x80005758       0x46 src/ASF/avr32/drivers/pm/pm.o
                0x80005758                pm_cksel
 .text.pm_pll_setup
                0x8000579e       0x22 src/ASF/avr32/drivers/pm/pm.o
                0x8000579e                pm_pll_setup
 .text.pm_pll_set_option
                0x800057c0       0x1a src/ASF/avr32/drivers/pm/pm.o
                0x800057c0                pm_pll_set_option
 .text.pm_pll_enable
                0x800057da        0xe src/ASF/avr32/drivers/pm/pm.o
                0x800057da                pm_pll_enable
 .text.pm_wait_for_pll0_locked
                0x800057e8        0xa src/ASF/avr32/drivers/pm/pm.o
                0x800057e8                pm_wait_for_pll0_locked
 .text.pm_switch_to_clock
                0x800057f2        0xa src/ASF/avr32/drivers/pm/pm.o
                0x800057f2                pm_switch_to_clock
 .text.pm_switch_to_osc0
                0x800057fc       0x2c src/ASF/avr32/drivers/pm/pm.o
                0x800057fc                pm_switch_to_osc0
 .text.rtc_is_busy
                0x80005828        0x8 src/ASF/avr32/drivers/rtc/rtc.o
                0x80005828                rtc_is_busy
 .text.rtc_set_value
                0x80005830       0x24 src/ASF/avr32/drivers/rtc/rtc.o
                0x80005830                rtc_set_value
 .text.rtc_enable
                0x80005854       0x24 src/ASF/avr32/drivers/rtc/rtc.o
                0x80005854                rtc_enable
 .text.rtc_enable_interrupt
                0x80005878        0x6 src/ASF/avr32/drivers/rtc/rtc.o
                0x80005878                rtc_enable_interrupt
 *fill*         0x8000587e        0x2 d703d703
 .text.rtc_set_top_value
                0x80005880       0x24 src/ASF/avr32/drivers/rtc/rtc.o
                0x80005880                rtc_set_top_value
 .text.rtc_clear_interrupt
                0x800058a4       0x1e src/ASF/avr32/drivers/rtc/rtc.o
                0x800058a4                rtc_clear_interrupt
 *fill*         0x800058c2        0x2 d703d703
 .text.rtc_init
                0x800058c4       0x80 src/ASF/avr32/drivers/rtc/rtc.o
                0x800058c4                rtc_init
 .text.getBaudDiv
                0x80005944       0x20 src/ASF/avr32/drivers/spi/spi.o
                0x80005944                getBaudDiv
 .text.spi_initMaster
                0x80005964       0x38 src/ASF/avr32/drivers/spi/spi.o
                0x80005964                spi_initMaster
 .text.spi_selectionMode
                0x8000599c       0x2c src/ASF/avr32/drivers/spi/spi.o
                0x8000599c                spi_selectionMode
 .text.spi_enable
                0x800059c8        0x6 src/ASF/avr32/drivers/spi/spi.o
                0x800059c8                spi_enable
 .text.spi_write
                0x800059ce       0x1c src/ASF/avr32/drivers/spi/spi.o
                0x800059ce                spi_write
 .text.spi_read
                0x800059ea       0x20 src/ASF/avr32/drivers/spi/spi.o
                0x800059ea                spi_read
 *fill*         0x80005a0a        0x2 d703d703
 .text.spi_setupChipReg
                0x80005a0c       0xe8 src/ASF/avr32/drivers/spi/spi.o
                0x80005a0c                spi_setupChipReg
 .text.spi_unselectChip
                0x80005af4       0x40 src/ASF/avr32/drivers/spi/spi.o
                0x80005af4                spi_unselectChip
 .text.spi_selectChip
                0x80005b34       0x78 src/ASF/avr32/drivers/spi/spi.o
                0x80005b34                spi_selectChip
 .text.usart_set_async_baudrate
                0x80005bac       0x5a src/ASF/avr32/drivers/usart/usart.o
 .text.usart_write_char
                0x80005c06       0x14 src/ASF/avr32/drivers/usart/usart.o
                0x80005c06                usart_write_char
 *fill*         0x80005c1a        0x2 d703d703
 .text.usart_putchar
                0x80005c1c       0x2c src/ASF/avr32/drivers/usart/usart.o
                0x80005c1c                usart_putchar
 .text.usart_read_char
                0x80005c48       0x22 src/ASF/avr32/drivers/usart/usart.o
                0x80005c48                usart_read_char
 *fill*         0x80005c6a        0x2 d703d703
 .text.usart_getchar
                0x80005c6c       0x2c src/ASF/avr32/drivers/usart/usart.o
                0x80005c6c                usart_getchar
 .text.usart_write_line
                0x80005c98       0x24 src/ASF/avr32/drivers/usart/usart.o
                0x80005c98                usart_write_line
 .text.usart_reset
                0x80005cbc       0x2c src/ASF/avr32/drivers/usart/usart.o
                0x80005cbc                usart_reset
 .text.usart_init_rs232
                0x80005ce8       0xcc src/ASF/avr32/drivers/usart/usart.o
                0x80005ce8                usart_init_rs232
 .text._stext   0x80005db4       0x40 src/ASF/avr32/utils/startup/startup_uc3.o
                                 0x50 (size before relaxing)
                0x80005db4                _stext
 .text.vListInitialise
                0x80005df4       0x14 src/ASF/thirdparty/freertos/freertos-7.0.0/source/list.o
                0x80005df4                vListInitialise
 .text.vListInitialiseItem
                0x80005e08        0x6 src/ASF/thirdparty/freertos/freertos-7.0.0/source/list.o
                0x80005e08                vListInitialiseItem
 .text.vListInsertEnd
                0x80005e0e       0x1c src/ASF/thirdparty/freertos/freertos-7.0.0/source/list.o
                0x80005e0e                vListInsertEnd
 .text.vListInsert
                0x80005e2a       0x34 src/ASF/thirdparty/freertos/freertos-7.0.0/source/list.o
                0x80005e2a                vListInsert
 .text.vListRemove
                0x80005e5e       0x26 src/ASF/thirdparty/freertos/freertos-7.0.0/source/list.o
                0x80005e5e                vListRemove
 .text.pxPortInitialiseStack
                0x80005e84       0x92 src/ASF/thirdparty/freertos/freertos-7.0.0/source/portable/gcc/avr32_uc3/port.o
                0x80005e84                pxPortInitialiseStack
 *fill*         0x80005f16        0x2 d703d703
 .text.vPortEnterCritical
                0x80005f18       0x10 src/ASF/thirdparty/freertos/freertos-7.0.0/source/portable/gcc/avr32_uc3/port.o
                0x80005f18                vPortEnterCritical
 .text.xPortStartScheduler
                0x80005f28       0x58 src/ASF/thirdparty/freertos/freertos-7.0.0/source/portable/gcc/avr32_uc3/port.o
                0x80005f28                xPortStartScheduler
 .text.SCALLYield
                0x80005f80       0x98 src/ASF/thirdparty/freertos/freertos-7.0.0/source/portable/gcc/avr32_uc3/port.o
                0x80005f80                SCALLYield
 .text.prvClearCcInt
                0x80006018        0xa src/ASF/thirdparty/freertos/freertos-7.0.0/source/portable/gcc/avr32_uc3/port.o
 *fill*         0x80006022        0x2 d703d703
 .text.vPortExitCritical
                0x80006024       0x20 src/ASF/thirdparty/freertos/freertos-7.0.0/source/portable/gcc/avr32_uc3/port.o
                0x80006024                vPortExitCritical
 .text.vTick    0x80006044       0x84 src/ASF/thirdparty/freertos/freertos-7.0.0/source/portable/gcc/avr32_uc3/port.o
 .text.__malloc_lock
                0x800060c8        0xc src/ASF/thirdparty/freertos/freertos-7.0.0/source/portable/gcc/avr32_uc3/port.o
                0x800060c8                __malloc_lock
 .text.__malloc_unlock
                0x800060d4        0xc src/ASF/thirdparty/freertos/freertos-7.0.0/source/portable/gcc/avr32_uc3/port.o
                0x800060d4                __malloc_unlock
 .text._read    0x800060e0       0x40 src/ASF/thirdparty/freertos/freertos-7.0.0/source/portable/gcc/avr32_uc3/read.o
                0x800060e0                _read
 .text._write   0x80006120       0x3c src/ASF/thirdparty/freertos/freertos-7.0.0/source/portable/gcc/avr32_uc3/write.o
                0x80006120                _write
 .text.vPortFree
                0x8000615c       0x28 src/ASF/thirdparty/freertos/freertos-7.0.0/source/portable/memmang/heap_3.o
                0x8000615c                vPortFree
 .text.pvPortMalloc
                0x80006184       0x28 src/ASF/thirdparty/freertos/freertos-7.0.0/source/portable/memmang/heap_3.o
                0x80006184                pvPortMalloc
 .text.prvCopyDataFromQueue
                0x800061ac       0x30 src/ASF/thirdparty/freertos/freertos-7.0.0/source/queue.o
 .text.xQueueReceiveFromISR
                0x800061dc       0x50 src/ASF/thirdparty/freertos/freertos-7.0.0/source/queue.o
                0x800061dc                xQueueReceiveFromISR
 .text.prvUnlockQueue
                0x8000622c       0xa0 src/ASF/thirdparty/freertos/freertos-7.0.0/source/queue.o
 .text.xQueueGenericReceive
                0x800062cc      0x144 src/ASF/thirdparty/freertos/freertos-7.0.0/source/queue.o
                0x800062cc                xQueueGenericReceive
 .text.prvCopyDataToQueue
                0x80006410       0x78 src/ASF/thirdparty/freertos/freertos-7.0.0/source/queue.o
 .text.xQueueGenericSendFromISR
                0x80006488       0x50 src/ASF/thirdparty/freertos/freertos-7.0.0/source/queue.o
                0x80006488                xQueueGenericSendFromISR
 .text.xQueueGenericSend
                0x800064d8      0x100 src/ASF/thirdparty/freertos/freertos-7.0.0/source/queue.o
                0x800064d8                xQueueGenericSend
 .text.xQueueCreateMutex
                0x800065d8       0x58 src/ASF/thirdparty/freertos/freertos-7.0.0/source/queue.o
                0x800065d8                xQueueCreateMutex
 .text.xQueueCreate
                0x80006630       0x74 src/ASF/thirdparty/freertos/freertos-7.0.0/source/queue.o
                0x80006630                xQueueCreate
 .text.vTaskSuspendAll
                0x800066a4       0x10 src/ASF/thirdparty/freertos/freertos-7.0.0/source/tasks.o
                0x800066a4                vTaskSuspendAll
 .text.vTaskSwitchContext
                0x800066b4       0x7c src/ASF/thirdparty/freertos/freertos-7.0.0/source/tasks.o
                0x800066b4                vTaskSwitchContext
 .text.vTaskSetTimeOutState
                0x80006730       0x18 src/ASF/thirdparty/freertos/freertos-7.0.0/source/tasks.o
                0x80006730                vTaskSetTimeOutState
 .text.vTaskMissedYield
                0x80006748        0xc src/ASF/thirdparty/freertos/freertos-7.0.0/source/tasks.o
                0x80006748                vTaskMissedYield
 .text.xTaskGetCurrentTaskHandle
                0x80006754        0xc src/ASF/thirdparty/freertos/freertos-7.0.0/source/tasks.o
                0x80006754                xTaskGetCurrentTaskHandle
 .text.vTaskPriorityDisinherit
                0x80006760       0x58 src/ASF/thirdparty/freertos/freertos-7.0.0/source/tasks.o
                0x80006760                vTaskPriorityDisinherit
 .text.vTaskPriorityInherit
                0x800067b8       0x84 src/ASF/thirdparty/freertos/freertos-7.0.0/source/tasks.o
                0x800067b8                vTaskPriorityInherit
 .text.xTaskRemoveFromEventList
                0x8000683c       0x7c src/ASF/thirdparty/freertos/freertos-7.0.0/source/tasks.o
                0x8000683c                xTaskRemoveFromEventList
 .text.vTaskIncrementTick
                0x800068b8      0x114 src/ASF/thirdparty/freertos/freertos-7.0.0/source/tasks.o
                0x800068b8                vTaskIncrementTick
 .text.xTaskCheckForTimeOut
                0x800069cc       0x70 src/ASF/thirdparty/freertos/freertos-7.0.0/source/tasks.o
                0x800069cc                xTaskCheckForTimeOut
 .text.xTaskGetTickCount
                0x80006a3c       0x24 src/ASF/thirdparty/freertos/freertos-7.0.0/source/tasks.o
                0x80006a3c                xTaskGetTickCount
 .text.xTaskResumeAll
                0x80006a60       0xe8 src/ASF/thirdparty/freertos/freertos-7.0.0/source/tasks.o
                0x80006a60                xTaskResumeAll
 .text.prvAddCurrentTaskToDelayedList
                0x80006b48       0x5c src/ASF/thirdparty/freertos/freertos-7.0.0/source/tasks.o
 .text.vTaskDelay
                0x80006ba4       0x48 src/ASF/thirdparty/freertos/freertos-7.0.0/source/tasks.o
                0x80006ba4                vTaskDelay
 .text.vTaskDelayUntil
                0x80006bec       0x80 src/ASF/thirdparty/freertos/freertos-7.0.0/source/tasks.o
                0x80006bec                vTaskDelayUntil
 .text.vTaskPlaceOnEventList
                0x80006c6c       0x58 src/ASF/thirdparty/freertos/freertos-7.0.0/source/tasks.o
                0x80006c6c                vTaskPlaceOnEventList
 .text.prvIdleTask
                0x80006cc4       0x88 src/ASF/thirdparty/freertos/freertos-7.0.0/source/tasks.o
 .text.xTaskGenericCreate
                0x80006d4c      0x1e8 src/ASF/thirdparty/freertos/freertos-7.0.0/source/tasks.o
                0x80006d4c                xTaskGenericCreate
 .text.vTaskStartScheduler
                0x80006f34       0x4c src/ASF/thirdparty/freertos/freertos-7.0.0/source/tasks.o
                0x80006f34                vTaskStartScheduler
 .text.PrintChar
                0x80006f80        0x4 src/Log/log.o
                0x80006f80                PrintChar
 .text.PrintHex
                0x80006f84       0xb2 src/Log/log.o
                0x80006f84                PrintHex
 .text.PrintDec
                0x80007036       0xda src/Log/log.o
                0x80007036                PrintDec
 .text.log      0x80007110      0x18c src/Log/log.o
                0x80007110                log
 .text.logFromISR
                0x8000729c      0x180 src/Log/log.o
                0x8000729c                logFromISR
 .text.log_init
                0x8000741c       0x64 src/Log/log.o
                0x8000741c                log_init
 .text.task_log
                0x80007480       0x44 src/Log/log.o
 .text.main     0x800074c4       0x70 src/main.o
                0x800074c4                main
 .text.free     0x80007534       0x10 e:/program x86/atmel/studio/7.0/toolchain/avr32/avr32-gnu-toolchain/bin/../lib/gcc/avr32/4.4.7/../../../../avr32/lib/ucr2\libc.a(lib_a-malloc.o)
                                 0x18 (size before relaxing)
                0x80007534                free
 .text.malloc   0x80007544       0x10 e:/program x86/atmel/studio/7.0/toolchain/avr32/avr32-gnu-toolchain/bin/../lib/gcc/avr32/4.4.7/../../../../avr32/lib/ucr2\libc.a(lib_a-malloc.o)
                                 0x18 (size before relaxing)
                0x80007544                malloc
 .text._malloc_r
                0x80007554      0x438 e:/program x86/atmel/studio/7.0/toolchain/avr32/avr32-gnu-toolchain/bin/../lib/gcc/avr32/4.4.7/../../../../avr32/lib/ucr2\libc.a(lib_a-mallocr.o)
                                0x450 (size before relaxing)
                0x80007554                _malloc_r
 .text          0x8000798c      0x148 e:/program x86/atmel/studio/7.0/toolchain/avr32/avr32-gnu-toolchain/bin/../lib/gcc/avr32/4.4.7/../../../../avr32/lib/ucr2\libc.a(lib_a-memcpy.o)
                0x8000798c                memcpy
 .text.memset   0x80007ad4        0xe e:/program x86/atmel/studio/7.0/toolchain/avr32/avr32-gnu-toolchain/bin/../lib/gcc/avr32/4.4.7/../../../../avr32/lib/ucr2\libc.a(lib_a-memset.o)
                0x80007ad4                memset
 *fill*         0x80007ae2        0x2 d703d703
 .text._realloc_r
                0x80007ae4      0x2c0 e:/program x86/atmel/studio/7.0/toolchain/avr32/avr32-gnu-toolchain/bin/../lib/gcc/avr32/4.4.7/../../../../avr32/lib/ucr2\libc.a(lib_a-reallocr.o)
                                0x2e0 (size before relaxing)
                0x80007ae4                _realloc_r
 .text._sbrk_r  0x80007da4       0x20 e:/program x86/atmel/studio/7.0/toolchain/avr32/avr32-gnu-toolchain/bin/../lib/gcc/avr32/4.4.7/../../../../avr32/lib/ucr2\libc.a(lib_a-sbrkr.o)
                                 0x28 (size before relaxing)
                0x80007da4                _sbrk_r
 .text.sprintf  0x80007dc4       0x3c e:/program x86/atmel/studio/7.0/toolchain/avr32/avr32-gnu-toolchain/bin/../lib/gcc/avr32/4.4.7/../../../../avr32/lib/ucr2\libc.a(lib_a-sprintf.o)
                                 0x40 (size before relaxing)
                0x80007dc4                sprintf
 .text          0x80007e00       0x20 e:/program x86/atmel/studio/7.0/toolchain/avr32/avr32-gnu-toolchain/bin/../lib/gcc/avr32/4.4.7/../../../../avr32/lib/ucr2\libc.a(lib_a-strncpy.o)
                0x80007e00                strncpy
 .text._close   0x80007e20       0x14 e:/program x86/atmel/studio/7.0/toolchain/avr32/avr32-gnu-toolchain/bin/../lib/gcc/avr32/4.4.7/../../../../avr32/lib/ucr2\libc.a(lib_a-syscalls.o)
                                 0x18 (size before relaxing)
                0x80007e20                _close
 .text._lseek   0x80007e34       0x14 e:/program x86/atmel/studio/7.0/toolchain/avr32/avr32-gnu-toolchain/bin/../lib/gcc/avr32/4.4.7/../../../../avr32/lib/ucr2\libc.a(lib_a-syscalls.o)
                                 0x18 (size before relaxing)
                0x80007e34                _lseek
 .text.isatty   0x80007e48       0x14 e:/program x86/atmel/studio/7.0/toolchain/avr32/avr32-gnu-toolchain/bin/../lib/gcc/avr32/4.4.7/../../../../avr32/lib/ucr2\libc.a(lib_a-syscalls.o)
                                 0x18 (size before relaxing)
                0x80007e48                isatty
 .text._fstat_host
                0x80007e5c       0x14 e:/program x86/atmel/studio/7.0/toolchain/avr32/avr32-gnu-toolchain/bin/../lib/gcc/avr32/4.4.7/../../../../avr32/lib/ucr2\libc.a(lib_a-syscalls.o)
                                 0x18 (size before relaxing)
                0x80007e5c                _fstat_host
 .text._fstat   0x80007e70       0x4c e:/program x86/atmel/studio/7.0/toolchain/avr32/avr32-gnu-toolchain/bin/../lib/gcc/avr32/4.4.7/../../../../avr32/lib/ucr2\libc.a(lib_a-syscalls.o)
                                 0x50 (size before relaxing)
                0x80007e70                _fstat
 .text._sbrk    0x80007ebc       0x38 e:/program x86/atmel/studio/7.0/toolchain/avr32/avr32-gnu-toolchain/bin/../lib/gcc/avr32/4.4.7/../../../../avr32/lib/ucr2\libc.a(lib_a-syscalls.o)
                                 0x40 (size before relaxing)
                0x80007ebc                _sbrk
 .text.get_arg  0x80007ef4      0x314 e:/program x86/atmel/studio/7.0/toolchain/avr32/avr32-gnu-toolchain/bin/../lib/gcc/avr32/4.4.7/../../../../avr32/lib/ucr2\libc.a(lib_a-vfprintf.o)
                                0x324 (size before relaxing)
 .text.__sprint_r
                0x80008208       0x1c e:/program x86/atmel/studio/7.0/toolchain/avr32/avr32-gnu-toolchain/bin/../lib/gcc/avr32/4.4.7/../../../../avr32/lib/ucr2\libc.a(lib_a-vfprintf.o)
                                 0x20 (size before relaxing)
 .text._vfprintf_r
                0x80008224     0x1f14 e:/program x86/atmel/studio/7.0/toolchain/avr32/avr32-gnu-toolchain/bin/../lib/gcc/avr32/4.4.7/../../../../avr32/lib/ucr2\libc.a(lib_a-vfprintf.o)
                               0x1f9c (size before relaxing)
                0x80008224                _vfprintf_r
 .text.__swsetup_r
                0x8000a138       0xdc e:/program x86/atmel/studio/7.0/toolchain/avr32/avr32-gnu-toolchain/bin/../lib/gcc/avr32/4.4.7/../../../../avr32/lib/ucr2\libc.a(lib_a-wsetup.o)
                                 0xe8 (size before relaxing)
                0x8000a138                __swsetup_r
 .text.quorem   0x8000a214      0x120 e:/program x86/atmel/studio/7.0/toolchain/avr32/avr32-gnu-toolchain/bin/../lib/gcc/avr32/4.4.7/../../../../avr32/lib/ucr2\libc.a(lib_a-dtoa.o)
                                0x124 (size before relaxing)
 .text._dtoa_r  0x8000a334      0xbdc e:/program x86/atmel/studio/7.0/toolchain/avr32/avr32-gnu-toolchain/bin/../lib/gcc/avr32/4.4.7/../../../../avr32/lib/ucr2\libc.a(lib_a-dtoa.o)
                                0xc90 (size before relaxing)
                0x8000a334                _dtoa_r
 .text.__errno  0x8000af10        0xc e:/program x86/atmel/studio/7.0/toolchain/avr32/avr32-gnu-toolchain/bin/../lib/gcc/avr32/4.4.7/../../../../avr32/lib/ucr2\libc.a(lib_a-errno.o)
                0x8000af10                __errno
 .text._fflush_r
                0x8000af1c      0x10c e:/program x86/atmel/studio/7.0/toolchain/avr32/avr32-gnu-toolchain/bin/../lib/gcc/avr32/4.4.7/../../../../avr32/lib/ucr2\libc.a(lib_a-fflush.o)
                                0x118 (size before relaxing)
                0x8000af1c                _fflush_r
 .text.__sfp_lock_acquire
                0x8000b028        0x2 e:/program x86/atmel/studio/7.0/toolchain/avr32/avr32-gnu-toolchain/bin/../lib/gcc/avr32/4.4.7/../../../../avr32/lib/ucr2\libc.a(lib_a-findfp.o)
                0x8000b028                __sfp_lock_acquire
 .text.__sfp_lock_release
                0x8000b02a        0x2 e:/program x86/atmel/studio/7.0/toolchain/avr32/avr32-gnu-toolchain/bin/../lib/gcc/avr32/4.4.7/../../../../avr32/lib/ucr2\libc.a(lib_a-findfp.o)
                0x8000b02a                __sfp_lock_release
 .text._cleanup_r
                0x8000b02c        0xc e:/program x86/atmel/studio/7.0/toolchain/avr32/avr32-gnu-toolchain/bin/../lib/gcc/avr32/4.4.7/../../../../avr32/lib/ucr2\libc.a(lib_a-findfp.o)
                                 0x14 (size before relaxing)
                0x8000b02c                _cleanup_r
 .text.__sfmoreglue
                0x8000b038       0x28 e:/program x86/atmel/studio/7.0/toolchain/avr32/avr32-gnu-toolchain/bin/../lib/gcc/avr32/4.4.7/../../../../avr32/lib/ucr2\libc.a(lib_a-findfp.o)
                                 0x30 (size before relaxing)
                0x8000b038                __sfmoreglue
 .text.__sfp    0x8000b060       0x6c e:/program x86/atmel/studio/7.0/toolchain/avr32/avr32-gnu-toolchain/bin/../lib/gcc/avr32/4.4.7/../../../../avr32/lib/ucr2\libc.a(lib_a-findfp.o)
                                 0x7c (size before relaxing)
                0x8000b060                __sfp
 .text.__sinit  0x8000b0cc       0x9c e:/program x86/atmel/studio/7.0/toolchain/avr32/avr32-gnu-toolchain/bin/../lib/gcc/avr32/4.4.7/../../../../avr32/lib/ucr2\libc.a(lib_a-findfp.o)
                                 0xb0 (size before relaxing)
                0x8000b0cc                __sinit
 .text._malloc_trim_r
                0x8000b168       0x98 e:/program x86/atmel/studio/7.0/toolchain/avr32/avr32-gnu-toolchain/bin/../lib/gcc/avr32/4.4.7/../../../../avr32/lib/ucr2\libc.a(lib_a-freer.o)
                                 0xa8 (size before relaxing)
                0x8000b168                _malloc_trim_r
 .text._free_r  0x8000b200      0x18c e:/program x86/atmel/studio/7.0/toolchain/avr32/avr32-gnu-toolchain/bin/../lib/gcc/avr32/4.4.7/../../../../avr32/lib/ucr2\libc.a(lib_a-freer.o)
                                0x1a0 (size before relaxing)
                0x8000b200                _free_r
 .text.__sfvwrite_r
                0x8000b38c      0x294 e:/program x86/atmel/studio/7.0/toolchain/avr32/avr32-gnu-toolchain/bin/../lib/gcc/avr32/4.4.7/../../../../avr32/lib/ucr2\libc.a(lib_a-fvwrite.o)
                                0x2c4 (size before relaxing)
                0x8000b38c                __sfvwrite_r
 .text._fwalk   0x8000b620       0x4c e:/program x86/atmel/studio/7.0/toolchain/avr32/avr32-gnu-toolchain/bin/../lib/gcc/avr32/4.4.7/../../../../avr32/lib/ucr2\libc.a(lib_a-fwalk.o)
                                 0x54 (size before relaxing)
                0x8000b620                _fwalk
 .text._localeconv_r
                0x8000b66c        0x8 e:/program x86/atmel/studio/7.0/toolchain/avr32/avr32-gnu-toolchain/bin/../lib/gcc/avr32/4.4.7/../../../../avr32/lib/ucr2\libc.a(lib_a-locale.o)
                0x8000b66c                _localeconv_r
 .text.__smakebuf_r
                0x8000b674       0xbc e:/program x86/atmel/studio/7.0/toolchain/avr32/avr32-gnu-toolchain/bin/../lib/gcc/avr32/4.4.7/../../../../avr32/lib/ucr2\libc.a(lib_a-makebuf.o)
                                 0xcc (size before relaxing)
                0x8000b674                __smakebuf_r
 .text.memchr   0x8000b730       0x16 e:/program x86/atmel/studio/7.0/toolchain/avr32/avr32-gnu-toolchain/bin/../lib/gcc/avr32/4.4.7/../../../../avr32/lib/ucr2\libc.a(lib_a-memchr.o)
                0x8000b730                memchr
 .text.memmove  0x8000b746       0x3e e:/program x86/atmel/studio/7.0/toolchain/avr32/avr32-gnu-toolchain/bin/../lib/gcc/avr32/4.4.7/../../../../avr32/lib/ucr2\libc.a(lib_a-memmove.o)
                0x8000b746                memmove
 .text.__hi0bits
                0x8000b784       0x60 e:/program x86/atmel/studio/7.0/toolchain/avr32/avr32-gnu-toolchain/bin/../lib/gcc/avr32/4.4.7/../../../../avr32/lib/ucr2\libc.a(lib_a-mprec.o)
                0x8000b784                __hi0bits
 .text.__lo0bits
                0x8000b7e4       0x8e e:/program x86/atmel/studio/7.0/toolchain/avr32/avr32-gnu-toolchain/bin/../lib/gcc/avr32/4.4.7/../../../../avr32/lib/ucr2\libc.a(lib_a-mprec.o)
                0x8000b7e4                __lo0bits
 .text.__mcmp   0x8000b872       0x32 e:/program x86/atmel/studio/7.0/toolchain/avr32/avr32-gnu-toolchain/bin/../lib/gcc/avr32/4.4.7/../../../../avr32/lib/ucr2\libc.a(lib_a-mprec.o)
                0x8000b872                __mcmp
 .text._Bfree   0x8000b8a4       0x34 e:/program x86/atmel/studio/7.0/toolchain/avr32/avr32-gnu-toolchain/bin/../lib/gcc/avr32/4.4.7/../../../../avr32/lib/ucr2\libc.a(lib_a-mprec.o)
                                 0x38 (size before relaxing)
                0x8000b8a4                _Bfree
 .text._Balloc  0x8000b8d8       0x70 e:/program x86/atmel/studio/7.0/toolchain/avr32/avr32-gnu-toolchain/bin/../lib/gcc/avr32/4.4.7/../../../../avr32/lib/ucr2\libc.a(lib_a-mprec.o)
                                 0x78 (size before relaxing)
                0x8000b8d8                _Balloc
 .text.__d2b    0x8000b948       0xa0 e:/program x86/atmel/studio/7.0/toolchain/avr32/avr32-gnu-toolchain/bin/../lib/gcc/avr32/4.4.7/../../../../avr32/lib/ucr2\libc.a(lib_a-mprec.o)
                                 0xb4 (size before relaxing)
                0x8000b948                __d2b
 .text.__mdiff  0x8000b9e8       0xd0 e:/program x86/atmel/studio/7.0/toolchain/avr32/avr32-gnu-toolchain/bin/../lib/gcc/avr32/4.4.7/../../../../avr32/lib/ucr2\libc.a(lib_a-mprec.o)
                                 0xd8 (size before relaxing)
                0x8000b9e8                __mdiff
 .text.__lshift
                0x8000bab8       0x88 e:/program x86/atmel/studio/7.0/toolchain/avr32/avr32-gnu-toolchain/bin/../lib/gcc/avr32/4.4.7/../../../../avr32/lib/ucr2\libc.a(lib_a-mprec.o)
                                 0x94 (size before relaxing)
                0x8000bab8                __lshift
 .text.__multiply
                0x8000bb40      0x100 e:/program x86/atmel/studio/7.0/toolchain/avr32/avr32-gnu-toolchain/bin/../lib/gcc/avr32/4.4.7/../../../../avr32/lib/ucr2\libc.a(lib_a-mprec.o)
                                0x108 (size before relaxing)
                0x8000bb40                __multiply
 .text.__i2b    0x8000bc40       0x10 e:/program x86/atmel/studio/7.0/toolchain/avr32/avr32-gnu-toolchain/bin/../lib/gcc/avr32/4.4.7/../../../../avr32/lib/ucr2\libc.a(lib_a-mprec.o)
                                 0x18 (size before relaxing)
                0x8000bc40                __i2b
 .text.__multadd
                0x8000bc50       0x7c e:/program x86/atmel/studio/7.0/toolchain/avr32/avr32-gnu-toolchain/bin/../lib/gcc/avr32/4.4.7/../../../../avr32/lib/ucr2\libc.a(lib_a-mprec.o)
                                 0x88 (size before relaxing)
                0x8000bc50                __multadd
 .text.__pow5mult
                0x8000bccc       0x8c e:/program x86/atmel/studio/7.0/toolchain/avr32/avr32-gnu-toolchain/bin/../lib/gcc/avr32/4.4.7/../../../../avr32/lib/ucr2\libc.a(lib_a-mprec.o)
                                 0xac (size before relaxing)
                0x8000bccc                __pow5mult
 .text.__isinfd
                0x8000bd58       0x2a e:/program x86/atmel/studio/7.0/toolchain/avr32/avr32-gnu-toolchain/bin/../lib/gcc/avr32/4.4.7/../../../../avr32/lib/ucr2\libc.a(lib_a-s_isinfd.o)
                0x8000bd58                __isinfd
 .text.__isnand
                0x8000bd82       0x1c e:/program x86/atmel/studio/7.0/toolchain/avr32/avr32-gnu-toolchain/bin/../lib/gcc/avr32/4.4.7/../../../../avr32/lib/ucr2\libc.a(lib_a-s_isnand.o)
                0x8000bd82                __isnand
 *fill*         0x8000bd9e        0x2 d703d703
 .text.__sclose
                0x8000bda0        0x8 e:/program x86/atmel/studio/7.0/toolchain/avr32/avr32-gnu-toolchain/bin/../lib/gcc/avr32/4.4.7/../../../../avr32/lib/ucr2\libc.a(lib_a-stdio.o)
                                 0x10 (size before relaxing)
                0x8000bda0                __sclose
 .text.__sseek  0x8000bda8       0x20 e:/program x86/atmel/studio/7.0/toolchain/avr32/avr32-gnu-toolchain/bin/../lib/gcc/avr32/4.4.7/../../../../avr32/lib/ucr2\libc.a(lib_a-stdio.o)
                                 0x28 (size before relaxing)
                0x8000bda8                __sseek
 .text.__swrite
                0x8000bdc8       0x2c e:/program x86/atmel/studio/7.0/toolchain/avr32/avr32-gnu-toolchain/bin/../lib/gcc/avr32/4.4.7/../../../../avr32/lib/ucr2\libc.a(lib_a-stdio.o)
                                 0x38 (size before relaxing)
                0x8000bdc8                __swrite
 .text.__sread  0x8000bdf4       0x1c e:/program x86/atmel/studio/7.0/toolchain/avr32/avr32-gnu-toolchain/bin/../lib/gcc/avr32/4.4.7/../../../../avr32/lib/ucr2\libc.a(lib_a-stdio.o)
                                 0x24 (size before relaxing)
                0x8000bdf4                __sread
 .text.strlen   0x8000be10       0x16 e:/program x86/atmel/studio/7.0/toolchain/avr32/avr32-gnu-toolchain/bin/../lib/gcc/avr32/4.4.7/../../../../avr32/lib/ucr2\libc.a(lib_a-strlen.o)
                0x8000be10                strlen
 *fill*         0x8000be26        0x2 d703d703
 .text._write_r
                0x8000be28       0x28 e:/program x86/atmel/studio/7.0/toolchain/avr32/avr32-gnu-toolchain/bin/../lib/gcc/avr32/4.4.7/../../../../avr32/lib/ucr2\libc.a(lib_a-writer.o)
                                 0x2c (size before relaxing)
                0x8000be28                _write_r
 .text._calloc_r
                0x8000be50       0x58 e:/program x86/atmel/studio/7.0/toolchain/avr32/avr32-gnu-toolchain/bin/../lib/gcc/avr32/4.4.7/../../../../avr32/lib/ucr2\libc.a(lib_a-callocr.o)
                                 0x60 (size before relaxing)
                0x8000be50                _calloc_r
 .text._close_r
                0x8000bea8       0x20 e:/program x86/atmel/studio/7.0/toolchain/avr32/avr32-gnu-toolchain/bin/../lib/gcc/avr32/4.4.7/../../../../avr32/lib/ucr2\libc.a(lib_a-closer.o)
                                 0x28 (size before relaxing)
                0x8000bea8                _close_r
 .text._fclose_r
                0x8000bec8       0xb8 e:/program x86/atmel/studio/7.0/toolchain/avr32/avr32-gnu-toolchain/bin/../lib/gcc/avr32/4.4.7/../../../../avr32/lib/ucr2\libc.a(lib_a-fclose.o)
                                 0xd0 (size before relaxing)
                0x8000bec8                _fclose_r
 .text.fclose   0x8000bf80       0x10 e:/program x86/atmel/studio/7.0/toolchain/avr32/avr32-gnu-toolchain/bin/../lib/gcc/avr32/4.4.7/../../../../avr32/lib/ucr2\libc.a(lib_a-fclose.o)
                                 0x18 (size before relaxing)
                0x8000bf80                fclose
 .text._fstat_r
                0x8000bf90       0x24 e:/program x86/atmel/studio/7.0/toolchain/avr32/avr32-gnu-toolchain/bin/../lib/gcc/avr32/4.4.7/../../../../avr32/lib/ucr2\libc.a(lib_a-fstatr.o)
                                 0x2c (size before relaxing)
                0x8000bf90                _fstat_r
 .text._lseek_r
                0x8000bfb4       0x28 e:/program x86/atmel/studio/7.0/toolchain/avr32/avr32-gnu-toolchain/bin/../lib/gcc/avr32/4.4.7/../../../../avr32/lib/ucr2\libc.a(lib_a-lseekr.o)
                                 0x2c (size before relaxing)
                0x8000bfb4                _lseek_r
 .text._read_r  0x8000bfdc       0x28 e:/program x86/atmel/studio/7.0/toolchain/avr32/avr32-gnu-toolchain/bin/../lib/gcc/avr32/4.4.7/../../../../avr32/lib/ucr2\libc.a(lib_a-readr.o)
                                 0x2c (size before relaxing)
                0x8000bfdc                _read_r
 .text          0x8000c004      0x1d4 e:/program x86/atmel/studio/7.0/toolchain/avr32/avr32-gnu-toolchain/bin/../lib/gcc/avr32/4.4.7/ucr2\libgcc.a(_avr32_f64_mul.o)
                0x8000c004                __avr32_f64_mul
 .text          0x8000c1d8      0x2b0 e:/program x86/atmel/studio/7.0/toolchain/avr32/avr32-gnu-toolchain/bin/../lib/gcc/avr32/4.4.7/ucr2\libgcc.a(_avr32_f64_addsub.o)
                0x8000c1dc                __avr32_f64_sub
                0x8000c378                __avr32_f64_add
 .text          0x8000c488       0x2a e:/program x86/atmel/studio/7.0/toolchain/avr32/avr32-gnu-toolchain/bin/../lib/gcc/avr32/4.4.7/ucr2\libgcc.a(_avr32_f64_to_s32.o)
                0x8000c488                __avr32_f64_to_u32
                0x8000c48c                __avr32_f64_to_s32
 .text          0x8000c4b2       0xe8 e:/program x86/atmel/studio/7.0/toolchain/avr32/avr32-gnu-toolchain/bin/../lib/gcc/avr32/4.4.7/ucr2\libgcc.a(_avr32_s32_to_f64.o)
                0x8000c4b2                __avr32_u32_to_f64
                0x8000c4ba                __avr32_s32_to_f64
 .text          0x8000c59a       0x26 e:/program x86/atmel/studio/7.0/toolchain/avr32/avr32-gnu-toolchain/bin/../lib/gcc/avr32/4.4.7/ucr2\libgcc.a(_avr32_f64_cmp_eq.o)
                0x8000c59a                __avr32_f64_cmp_eq
 .text          0x8000c5c0       0x68 e:/program x86/atmel/studio/7.0/toolchain/avr32/avr32-gnu-toolchain/bin/../lib/gcc/avr32/4.4.7/ucr2\libgcc.a(_avr32_f64_cmp_ge.o)
                0x8000c5c0                __avr32_f64_cmp_ge
 .text          0x8000c628       0x68 e:/program x86/atmel/studio/7.0/toolchain/avr32/avr32-gnu-toolchain/bin/../lib/gcc/avr32/4.4.7/ucr2\libgcc.a(_avr32_f64_cmp_lt.o)
                0x8000c628                __avr32_f64_cmp_lt
 .text          0x8000c690      0x318 e:/program x86/atmel/studio/7.0/toolchain/avr32/avr32-gnu-toolchain/bin/../lib/gcc/avr32/4.4.7/ucr2\libgcc.a(_avr32_f64_div.o)
                0x8000c690                __avr32_f64_div
 .text          0x8000c9a8      0x264 e:/program x86/atmel/studio/7.0/toolchain/avr32/avr32-gnu-toolchain/bin/../lib/gcc/avr32/4.4.7/ucr2\libgcc.a(_udivdi3.o)
                0x8000c9a8                __avr32_udiv64
                0x8000c9a8                __udivdi3
 .text          0x8000cc0c      0x20c e:/program x86/atmel/studio/7.0/toolchain/avr32/avr32-gnu-toolchain/bin/../lib/gcc/avr32/4.4.7/ucr2\libgcc.a(_umoddi3.o)
                0x8000cc0c                __avr32_umod64
                0x8000cc0c                __umoddi3
 *(.text.*personality*)
 *(.gnu.warning)

.exception      0x8000d000      0x200
 .exception     0x8000d000      0x200 src/ASF/thirdparty/freertos/freertos-7.0.0/source/portable/gcc/avr32_uc3/exception.o
                0x8000d000                _evba
                0x8000d104                _int0
                0x8000d112                _int1
                0x8000d120                _int2
                0x8000d12e                _int3
                0x8000d13c                ipr_val

.fini
 *(.fini)
                0x8000d200                PROVIDE (__etext, .)
                0x8000d200                PROVIDE (_etext, .)
                0x8000d200                PROVIDE (etext, .)

.rodata         0x8000d200     0x12e0
 *(.rodata .rodata.* .gnu.linkonce.r.*)
 .rodata.str1.4
                0x8000d200      0x739 src/Application/app/app.o
                                0x73c (size before relaxing)
 *fill*         0x8000d939        0x1 
 .rodata.C.53.11295
                0x8000d93a        0x4 src/Application/flash/data_flash.o
 *fill*         0x8000d93e        0x2 
 .rodata.DF_SPI_GPIO_MAP.11280
                0x8000d940       0x20 src/Application/flash/data_flash.o
 .rodata.C.50.11282
                0x8000d960       0x10 src/Application/flash/data_flash.o
 .rodata.str1.4
                0x8000d970       0x1d src/Application/myrtc/xgrtc.o
                                 0x20 (size before relaxing)
 *fill*         0x8000d98d        0x3 
 .rodata.CSWTCH.36
                0x8000d990       0x48 src/Application/radio/ambe.o
 .rodata.str1.4
                0x8000d9d8       0x44 src/Application/radio/physical.o
 .rodata.str1.4
                0x8000da1c        0x8 src/Application/radio/xcmp.o
 .rodata.str1.4
                0x8000da24        0xf src/Application/radio/xnl.o
                                 0x10 (size before relaxing)
 *fill*         0x8000da33        0x1 
 .rodata.CSWTCH.93
                0x8000da34        0x4 src/Application/RFID/MFRC522/rc522.o
 .rodata.CSWTCH.94
                0x8000da38        0x4 src/Application/RFID/MFRC522/rc522.o
 .rodata.str1.4
                0x8000da3c       0xaa src/Application/RFID/RFID.o
                                 0xac (size before relaxing)
 *fill*         0x8000dae6        0x2 
 .rodata.TC_GPIO_MAP.11090
                0x8000dae8       0x18 src/Application/timers/timer.o
 .rodata.str1.4
                0x8000db00       0xae src/Application/xgflash/xgflash.o
                                 0xb0 (size before relaxing)
 *fill*         0x8000dbae        0x2 
 .rodata._int_handler_table
                0x8000dbb0       0x98 src/ASF/avr32/drivers/intc/intc.o
 .rodata.str1.4
                0x8000dc48        0x5 src/ASF/thirdparty/freertos/freertos-7.0.0/source/tasks.o
                                  0x8 (size before relaxing)
 *fill*         0x8000dc4d        0x3 
 .rodata.log    0x8000dc50      0x150 src/Log/log.o
 .rodata.logFromISR
                0x8000dda0      0x150 src/Log/log.o
 .rodata.USART_OPTIONS.11278
                0x8000def0        0xc src/Log/log.o
 .rodata.str1.4
                0x8000defc       0x3c src/Log/log.o
 .rodata.USART_GPIO_MAP.11277
                0x8000df38       0x10 src/Log/log.o
 .rodata.str1.4
                0x8000df48       0x14 src/main.o
 .rodata.get_arg
                0x8000df5c       0x3c e:/program x86/atmel/studio/7.0/toolchain/avr32/avr32-gnu-toolchain/bin/../lib/gcc/avr32/4.4.7/../../../../avr32/lib/ucr2\libc.a(lib_a-vfprintf.o)
 .rodata._vfprintf_r
                0x8000df98      0x164 e:/program x86/atmel/studio/7.0/toolchain/avr32/avr32-gnu-toolchain/bin/../lib/gcc/avr32/4.4.7/../../../../avr32/lib/ucr2\libc.a(lib_a-vfprintf.o)
 .rodata.state_table
                0x8000e0fc       0x6c e:/program x86/atmel/studio/7.0/toolchain/avr32/avr32-gnu-toolchain/bin/../lib/gcc/avr32/4.4.7/../../../../avr32/lib/ucr2\libc.a(lib_a-vfprintf.o)
 .rodata.action_table
                0x8000e168       0x6c e:/program x86/atmel/studio/7.0/toolchain/avr32/avr32-gnu-toolchain/bin/../lib/gcc/avr32/4.4.7/../../../../avr32/lib/ucr2\libc.a(lib_a-vfprintf.o)
 .rodata.str1.4
                0x8000e1d4       0x3a e:/program x86/atmel/studio/7.0/toolchain/avr32/avr32-gnu-toolchain/bin/../lib/gcc/avr32/4.4.7/../../../../avr32/lib/ucr2\libc.a(lib_a-vfprintf.o)
                                 0x3c (size before relaxing)
 *fill*         0x8000e20e        0x2 
 .rodata.blanks.3430
                0x8000e210       0x10 e:/program x86/atmel/studio/7.0/toolchain/avr32/avr32-gnu-toolchain/bin/../lib/gcc/avr32/4.4.7/../../../../avr32/lib/ucr2\libc.a(lib_a-vfprintf.o)
 .rodata.zeroes.3431
                0x8000e220       0x10 e:/program x86/atmel/studio/7.0/toolchain/avr32/avr32-gnu-toolchain/bin/../lib/gcc/avr32/4.4.7/../../../../avr32/lib/ucr2\libc.a(lib_a-vfprintf.o)
 .rodata.chclass
                0x8000e230      0x100 e:/program x86/atmel/studio/7.0/toolchain/avr32/avr32-gnu-toolchain/bin/../lib/gcc/avr32/4.4.7/../../../../avr32/lib/ucr2\libc.a(lib_a-vfprintf.o)
 .rodata.str1.4
                0x8000e330       0x10 e:/program x86/atmel/studio/7.0/toolchain/avr32/avr32-gnu-toolchain/bin/../lib/gcc/avr32/4.4.7/../../../../avr32/lib/ucr2\libc.a(lib_a-dtoa.o)
                                 0x14 (size before relaxing)
 .rodata.__sf_fake_stdin
                0x8000e340       0x20 e:/program x86/atmel/studio/7.0/toolchain/avr32/avr32-gnu-toolchain/bin/../lib/gcc/avr32/4.4.7/../../../../avr32/lib/ucr2\libc.a(lib_a-findfp.o)
                0x8000e340                __sf_fake_stdin
 .rodata.__sf_fake_stdout
                0x8000e360       0x20 e:/program x86/atmel/studio/7.0/toolchain/avr32/avr32-gnu-toolchain/bin/../lib/gcc/avr32/4.4.7/../../../../avr32/lib/ucr2\libc.a(lib_a-findfp.o)
                0x8000e360                __sf_fake_stdout
 .rodata.__sf_fake_stderr
                0x8000e380       0x20 e:/program x86/atmel/studio/7.0/toolchain/avr32/avr32-gnu-toolchain/bin/../lib/gcc/avr32/4.4.7/../../../../avr32/lib/ucr2\libc.a(lib_a-findfp.o)
                0x8000e380                __sf_fake_stderr
 .rodata.str1.4
                0x8000e3a0        0x2 e:/program x86/atmel/studio/7.0/toolchain/avr32/avr32-gnu-toolchain/bin/../lib/gcc/avr32/4.4.7/../../../../avr32/lib/ucr2\libc.a(lib_a-impure.o)
                                  0x4 (size before relaxing)
 *fill*         0x8000e3a2        0x2 
 .rodata._global_impure_ptr
                0x8000e3a4        0x4 e:/program x86/atmel/studio/7.0/toolchain/avr32/avr32-gnu-toolchain/bin/../lib/gcc/avr32/4.4.7/../../../../avr32/lib/ucr2\libc.a(lib_a-impure.o)
                0x8000e3a4                _global_impure_ptr
 .rodata.lconv  0x8000e3a8       0x30 e:/program x86/atmel/studio/7.0/toolchain/avr32/avr32-gnu-toolchain/bin/../lib/gcc/avr32/4.4.7/../../../../avr32/lib/ucr2\libc.a(lib_a-locale.o)
 .rodata.str1.4
                0x8000e3d8        0xc e:/program x86/atmel/studio/7.0/toolchain/avr32/avr32-gnu-toolchain/bin/../lib/gcc/avr32/4.4.7/../../../../avr32/lib/ucr2\libc.a(lib_a-locale.o)
                                 0x18 (size before relaxing)
 .rodata.p05.2471
                0x8000e3e4        0xc e:/program x86/atmel/studio/7.0/toolchain/avr32/avr32-gnu-toolchain/bin/../lib/gcc/avr32/4.4.7/../../../../avr32/lib/ucr2\libc.a(lib_a-mprec.o)
 .rodata.__mprec_tens
                0x8000e3f0       0xc8 e:/program x86/atmel/studio/7.0/toolchain/avr32/avr32-gnu-toolchain/bin/../lib/gcc/avr32/4.4.7/../../../../avr32/lib/ucr2\libc.a(lib_a-mprec.o)
                0x8000e3f0                __mprec_tens
 .rodata.__mprec_bigtens
                0x8000e4b8       0x28 e:/program x86/atmel/studio/7.0/toolchain/avr32/avr32-gnu-toolchain/bin/../lib/gcc/avr32/4.4.7/../../../../avr32/lib/ucr2\libc.a(lib_a-mprec.o)
                0x8000e4b8                __mprec_bigtens

.rodata1
 *(.rodata1)

.eh_frame_hdr
 *(.eh_frame_hdr)

.eh_frame
 *(.eh_frame)

.gcc_except_table
 *(.gcc_except_table)
 *(.gcc_except_table.*)

.dalign         0x8000e4e0        0x0
                0x8000e4e0                . = ALIGN (0x8)
                0x8000e4e0                PROVIDE (_data_lma, .)
                0x00000004                PROVIDE (_data, ORIGIN (CPUSRAM))
                0x00000004                . = ORIGIN (CPUSRAM)

.eh_frame
 *(.eh_frame)

.gcc_except_table
 *(.gcc_except_table)
 *(.gcc_except_table.*)

.tdata
 *(.tdata .tdata.* .gnu.linkonce.td.*)

.tbss
 *(.tbss .tbss.* .gnu.linkonce.tb.*)
 *(.tcommon)
                0x00000004                PROVIDE (__preinit_array_start, ALIGN (0x4))

.preinit_array
 *(.preinit_array)
                0x00000004                PROVIDE (__preinit_array_end, .)
                0x00000004                PROVIDE (__init_array_start, .)

.init_array
 *(.init_array)
                0x00000004                PROVIDE (__init_array_end, .)
                0x00000004                PROVIDE (__fini_array_start, .)

.fini_array
 *(.fini_array)
                0x00000004                PROVIDE (__fini_array_end, .)

.ctors
 *crtbegin*.o(.ctors)
 *(EXCLUDE_FILE(*crtend*.o) .ctors)
 *(SORT(.ctors.*))
 *(.ctors)

.dtors
 *crtbegin*.o(.dtors)
 *(EXCLUDE_FILE(*crtend*.o) .dtors)
 *(SORT(.dtors.*))
 *(.dtors)

.jcr
 *(.jcr)

.data.rel.ro
 *(.data.rel.ro.local)
 *(.data.rel.ro*)

.dynamic
 *(.dynamic)

.got
 *(.got.plt)
 *(.got)

.data           0x00000004      0xa40 load address 0x8000e4e0
 *(.data .data.* .gnu.linkonce.d.*)
 .data.get_time_okay
                0x00000004        0x1 src/Application/app/app.o
 *fill*         0x00000005        0x3 
 .data.the_app_list
                0x00000008      0x4ec src/Application/app/app.o
 .data.print_sec
                0x000004f4        0x4 src/Application/myrtc/xgrtc.o
 .data.xnl_proc_list
                0x000004f8       0x34 src/Application/radio/xnl.o
 .data.unsure_data
                0x0000052c        0x8 src/Application/RFID/RFID.o
                0x0000052c                unsure_data
 .data.start_session.12205
                0x00000534        0x1 src/Application/RFID/RFID.o
 *fill*         0x00000535        0x3 
 .data.ulCriticalNesting
                0x00000538        0x4 src/ASF/thirdparty/freertos/freertos-7.0.0/source/portable/gcc/avr32_uc3/port.o
                0x00000538                ulCriticalNesting
 .data.xNextTaskUnblockTime
                0x0000053c        0x4 src/ASF/thirdparty/freertos/freertos-7.0.0/source/tasks.o
 .data.__malloc_av_
                0x00000540      0x408 e:/program x86/atmel/studio/7.0/toolchain/avr32/avr32-gnu-toolchain/bin/../lib/gcc/avr32/4.4.7/../../../../avr32/lib/ucr2\libc.a(lib_a-mallocr.o)
                0x00000540                __malloc_av_
 .data.__malloc_trim_threshold
                0x00000948        0x4 e:/program x86/atmel/studio/7.0/toolchain/avr32/avr32-gnu-toolchain/bin/../lib/gcc/avr32/4.4.7/../../../../avr32/lib/ucr2\libc.a(lib_a-mallocr.o)
                0x00000948                __malloc_trim_threshold
 .data.__malloc_sbrk_base
                0x0000094c        0x4 e:/program x86/atmel/studio/7.0/toolchain/avr32/avr32-gnu-toolchain/bin/../lib/gcc/avr32/4.4.7/../../../../avr32/lib/ucr2\libc.a(lib_a-mallocr.o)
                0x0000094c                __malloc_sbrk_base
 .data.impure_data
                0x00000950       0xf0 e:/program x86/atmel/studio/7.0/toolchain/avr32/avr32-gnu-toolchain/bin/../lib/gcc/avr32/4.4.7/../../../../avr32/lib/ucr2\libc.a(lib_a-impure.o)
 .data._impure_ptr
                0x00000a40        0x4 e:/program x86/atmel/studio/7.0/toolchain/avr32/avr32-gnu-toolchain/bin/../lib/gcc/avr32/4.4.7/../../../../avr32/lib/ucr2\libc.a(lib_a-impure.o)
                0x00000a40                _impure_ptr
 *(.gnu.linkonce.d.*personality*)

.data1
 *(.data1)

.balign         0x00000a44        0x4 load address 0x8000ef20
                0x00000a48                . = ALIGN (0x8)
 *fill*         0x00000a44        0x4 
                0x00000a48                _edata = .
                0x00000a48                _edata = .
                0x00000a48                PROVIDE (edata, .)
                0x00000a48                __bss_start = .

.bss            0x00000a48     0x4988 load address 0x8000ef20
 *(.dynbss)
 *(.bss .bss.* .gnu.linkonce.b.*)
 .bss.Speaker_is_unmute
                0x00000a48        0x1 src/Application/app/app.o
                0x00000a48                Speaker_is_unmute
 .bss.AMBE_rx_flag
                0x00000a49        0x1 src/Application/app/app.o
                0x00000a49                AMBE_rx_flag
 .bss.VF_SN     0x00000a4a        0x1 src/Application/app/app.o
                0x00000a4a                VF_SN
 .bss.AMBE_tx_flag
                0x00000a4b        0x1 src/Application/app/app.o
                0x00000a4b                AMBE_tx_flag
 .bss.Radio_Transmit_State
                0x00000a4c        0x1 src/Application/app/app.o
                0x00000a4c                Radio_Transmit_State
 .bss.Call_Begin
                0x00000a4d        0x1 src/Application/app/app.o
                0x00000a4d                Call_Begin
 *fill*         0x00000a4e        0x2 
 .bss.OB_State.12705
                0x00000a50        0x4 src/Application/app/app.o
 .bss.times_counter.12748
                0x00000a54        0x1 src/Application/app/app.o
 .bss.AMBE_Media
                0x00000a55        0x1 src/Application/app/app.o
                0x00000a55                AMBE_Media
 .bss.connect_flag
                0x00000a56        0x1 src/Application/app/app.o
 *fill*         0x00000a57        0x1 
 .bss.xLastWakeTime.12700
                0x00000a58        0x4 src/Application/app/app.o
 .bss.Mic_is_Enabled
                0x00000a5c        0x1 src/Application/app/app.o
                0x00000a5c                Mic_is_Enabled
 *fill*         0x00000a5d        0x3 
 .bss.res.12689
                0x00000a60        0x4 src/Application/app/app.o
 .bss.Terminator_Flag
                0x00000a64        0x1 src/Application/app/app.o
                0x00000a64                Terminator_Flag
 *fill*         0x00000a65        0x3 
 .bss.ulIdleCycleCount
                0x00000a68        0x4 src/Application/app/app.o
                0x00000a68                ulIdleCycleCount
 .bss.data_flash_failure
                0x00000a6c        0x1 src/Application/flash/data_flash.o
                0x00000a6c                data_flash_failure
 *fill*         0x00000a6d        0x3 
 .bss.payload_rx_exec
                0x00000a70        0x4 src/Application/radio/payload.o
                0x00000a70                payload_rx_exec
 .bss.payload_tx_exec
                0x00000a74        0x4 src/Application/radio/payload.o
                0x00000a74                payload_tx_exec
 .bss.phy_tx_index.10647
                0x00000a78        0x1 src/Application/radio/physical.o
 *fill*         0x00000a79        0x3 
 .bss.RxBytesWaiting.10956
                0x00000a7c        0x4 src/Application/radio/physical.o
 .bss.phy_rx_length.10690
                0x00000a80        0x2 src/Application/radio/physical.o
 *fill*         0x00000a82        0x2 
 .bss.RxData_IsFillingNext16.10955
                0x00000a84        0x4 src/Application/radio/physical.o
 .bss.AMBE_HT   0x00000a88        0x8 src/Application/radio/physical.o
 .bss.Item_ID.10961
                0x00000a90        0x1 src/Application/radio/physical.o
 .bss.is_first.10960
                0x00000a91        0x1 src/Application/radio/physical.o
 .bss.phy_rx_expexted_length.10689
                0x00000a92        0x2 src/Application/radio/physical.o
 .bss.AMBE_payload_ptr.10959
                0x00000a94        0x4 src/Application/radio/physical.o
 .bss.phy_tx_state.10645
                0x00000a98        0x4 src/Application/radio/physical.o
 .bss.RxMedia_IsFillingNext16.10953
                0x00000a9c        0x4 src/Application/radio/physical.o
 .bss.phy_frame_ptr.10688
                0x00000aa0        0x4 src/Application/radio/physical.o
 .bss.phy_ptr.10644
                0x00000aa4        0x4 src/Application/radio/physical.o
 .bss.xnl_store_idle
                0x00000aa8        0x4 src/Application/radio/physical.o
                0x00000aa8                xnl_store_idle
 .bss.payload_store_idle
                0x00000aac        0x4 src/Application/radio/physical.o
                0x00000aac                payload_store_idle
 .bss.phy_rx_state.10692
                0x00000ab0        0x4 src/Application/radio/physical.o
 .bss.phy_check_sum.10691
                0x00000ab4        0x2 src/Application/radio/physical.o
 *fill*         0x00000ab6        0x2 
 .bss.phy_xnl_frame_rx
                0x00000ab8        0x4 src/Application/radio/physical.o
                0x00000ab8                phy_xnl_frame_rx
 .bss.payload_ptr.10958
                0x00000abc        0x4 src/Application/radio/physical.o
 .bss.phy_tx_expexted_length.10646
                0x00000ac0        0x2 src/Application/radio/physical.o
 *fill*         0x00000ac2        0x2 
 .bss.m_RxBurstType
                0x00000ac4        0x4 src/Application/radio/physical.o
 .bss.RxAMBE_IsFillingNext8.10954
                0x00000ac8        0x4 src/Application/radio/physical.o
 .bss.phy_payload_frame_tx
                0x00000acc        0x4 src/Application/radio/physical.o
                0x00000acc                phy_payload_frame_tx
 .bss.phy_rx_count.10693
                0x00000ad0        0x4 src/Application/radio/physical.o
 .bss.SDV_Index.10964
                0x00000ad4        0x1 src/Application/radio/physical.o
 *fill*         0x00000ad5        0x3 
 .bss.phy_xnl_frame_tx
                0x00000ad8        0x4 src/Application/radio/physical.o
                0x00000ad8                phy_xnl_frame_tx
 .bss.RxMediaState.10952
                0x00000adc        0x4 src/Application/radio/physical.o
 .bss.ArrayDiscLength.10957
                0x00000ae0        0x4 src/Application/radio/physical.o
 .bss.phy_payload_frame_rx
                0x00000ae4        0x4 src/Application/radio/physical.o
                0x00000ae4                phy_payload_frame_rx
 .bss.Item_Length.10962
                0x00000ae8        0x4 src/Application/radio/physical.o
 .bss.phy_rx_exec
                0x00000aec        0x4 src/Application/radio/ssc.o
                0x00000aec                phy_rx_exec
 .bss.xHigherPriorityTaskWoken.9824
                0x00000af0        0x4 src/Application/radio/ssc.o
 .bss.count.9825
                0x00000af4        0x4 src/Application/radio/ssc.o
 .bss.phy_tx_exec
                0x00000af8        0x4 src/Application/radio/ssc.o
                0x00000af8                phy_tx_exec
 .bss.version_information
                0x00000afc        0xc src/Application/radio/xcmp.o
                0x00000afc                version_information
 .bss.clone_read
                0x00000b08        0xc src/Application/radio/xcmp.o
                0x00000b08                clone_read
 .bss.xcmp_frame_rx
                0x00000b14        0x4 src/Application/radio/xcmp.o
 .bss.clone_write
                0x00000b18        0xc src/Application/radio/xcmp.o
                0x00000b18                clone_write
 .bss.automatic_frequency_correction_control
                0x00000b24        0xc src/Application/radio/xcmp.o
                0x00000b24                automatic_frequency_correction_control
 .bss.language_pack_information
                0x00000b30        0xc src/Application/radio/xcmp.o
                0x00000b30                language_pack_information
 .bss.radio_status
                0x00000b3c        0xc src/Application/radio/xcmp.o
                0x00000b3c                radio_status
 .bss.xnl_timeout_semphr
                0x00000b48        0x4 src/Application/radio/xnl.o
 .bss.flags.10672
                0x00000b4c        0x1 src/Application/radio/xnl.o
 *fill*         0x00000b4d        0x1 
 .bss.xnl_information
                0x00000b4e        0xa src/Application/radio/xnl.o
 .bss.xnl_tx_state.10716
                0x00000b58        0x4 src/Application/radio/xnl.o
 .bss.xnl_frame_tx
                0x00000b5c        0x4 src/Application/radio/xnl.o
 .bss.xnl_send_times.10717
                0x00000b60        0x4 src/Application/radio/xnl.o
 .bss.ptr.10718
                0x00000b64        0x4 src/Application/radio/xnl.o
 .bss.xcmp_exec
                0x00000b68        0x4 src/Application/radio/xnl.o
                0x00000b68                xcmp_exec
 .bss.xg_resend_queue
                0x00000b6c        0x4 src/Application/xgflash/xgflash.o
                0x00000b6c                xg_resend_queue
 .bss.xgflash_mutex
                0x00000b70        0x4 src/Application/xgflash/xgflash.o
 .bss.message_storage_queue
                0x00000b74        0x4 src/Application/xgflash/xgflash.o
                0x00000b74                message_storage_queue
 .bss._int_line_handler_table_6
                0x00000b78        0x4 src/ASF/avr32/drivers/intc/intc.o
 .bss._int_line_handler_table_7
                0x00000b7c        0x4 src/ASF/avr32/drivers/intc/intc.o
 .bss._int_line_handler_table_8
                0x00000b80        0x4 src/ASF/avr32/drivers/intc/intc.o
 .bss._int_line_handler_table_9
                0x00000b84        0x4 src/ASF/avr32/drivers/intc/intc.o
 .bss._int_line_handler_table_10
                0x00000b88        0x4 src/ASF/avr32/drivers/intc/intc.o
 .bss._int_line_handler_table_11
                0x00000b8c        0x4 src/ASF/avr32/drivers/intc/intc.o
 .bss._int_line_handler_table_12
                0x00000b90        0x4 src/ASF/avr32/drivers/intc/intc.o
 .bss._int_line_handler_table_13
                0x00000b94        0x4 src/ASF/avr32/drivers/intc/intc.o
 .bss._int_line_handler_table_14
                0x00000b98        0xc src/ASF/avr32/drivers/intc/intc.o
 .bss._int_line_handler_table_15
                0x00000ba4        0x4 src/ASF/avr32/drivers/intc/intc.o
 .bss._int_line_handler_table_16
                0x00000ba8        0x4 src/ASF/avr32/drivers/intc/intc.o
 .bss._int_line_handler_table_17
                0x00000bac        0x4 src/ASF/avr32/drivers/intc/intc.o
 .bss._int_line_handler_table_18
                0x00000bb0        0x4 src/ASF/avr32/drivers/intc/intc.o
 .bss._int_line_handler_table_0
                0x00000bb4        0x4 src/ASF/avr32/drivers/intc/intc.o
 .bss._int_line_handler_table_1
                0x00000bb8       0x2c src/ASF/avr32/drivers/intc/intc.o
 .bss._int_line_handler_table_2
                0x00000be4       0x18 src/ASF/avr32/drivers/intc/intc.o
 .bss._int_line_handler_table_3
                0x00000bfc       0x1c src/ASF/avr32/drivers/intc/intc.o
 .bss._int_line_handler_table_4
                0x00000c18        0x4 src/ASF/avr32/drivers/intc/intc.o
 .bss._int_line_handler_table_5
                0x00000c1c        0x4 src/ASF/avr32/drivers/intc/intc.o
 .bss.uxMissedTicks
                0x00000c20        0x4 src/ASF/thirdparty/freertos/freertos-7.0.0/source/tasks.o
 .bss.uxTopUsedPriority
                0x00000c24        0x4 src/ASF/thirdparty/freertos/freertos-7.0.0/source/tasks.o
 .bss.pxDelayedTaskList
                0x00000c28        0x4 src/ASF/thirdparty/freertos/freertos-7.0.0/source/tasks.o
 .bss.xSchedulerRunning
                0x00000c2c        0x4 src/ASF/thirdparty/freertos/freertos-7.0.0/source/tasks.o
 .bss.uxTasksDeleted
                0x00000c30        0x4 src/ASF/thirdparty/freertos/freertos-7.0.0/source/tasks.o
 .bss.xNumOfOverflows
                0x00000c34        0x4 src/ASF/thirdparty/freertos/freertos-7.0.0/source/tasks.o
 .bss.pxOverflowDelayedTaskList
                0x00000c38        0x4 src/ASF/thirdparty/freertos/freertos-7.0.0/source/tasks.o
 .bss.pxReadyTasksLists
                0x00000c3c       0xa0 src/ASF/thirdparty/freertos/freertos-7.0.0/source/tasks.o
 .bss.xTasksWaitingTermination
                0x00000cdc       0x14 src/ASF/thirdparty/freertos/freertos-7.0.0/source/tasks.o
 .bss.pxCurrentTCB
                0x00000cf0        0x4 src/ASF/thirdparty/freertos/freertos-7.0.0/source/tasks.o
                0x00000cf0                pxCurrentTCB
 .bss.xPendingReadyList
                0x00000cf4       0x14 src/ASF/thirdparty/freertos/freertos-7.0.0/source/tasks.o
 .bss.xDelayedTaskList1
                0x00000d08       0x14 src/ASF/thirdparty/freertos/freertos-7.0.0/source/tasks.o
 .bss.xTickCount
                0x00000d1c        0x4 src/ASF/thirdparty/freertos/freertos-7.0.0/source/tasks.o
 .bss.uxSchedulerSuspended
                0x00000d20        0x4 src/ASF/thirdparty/freertos/freertos-7.0.0/source/tasks.o
 .bss.xDelayedTaskList2
                0x00000d24       0x14 src/ASF/thirdparty/freertos/freertos-7.0.0/source/tasks.o
 .bss.uxTaskNumber
                0x00000d38        0x4 src/ASF/thirdparty/freertos/freertos-7.0.0/source/tasks.o
 .bss.uxCurrentNumberOfTasks
                0x00000d3c        0x4 src/ASF/thirdparty/freertos/freertos-7.0.0/source/tasks.o
 .bss.xMissedYield
                0x00000d40        0x4 src/ASF/thirdparty/freertos/freertos-7.0.0/source/tasks.o
 .bss.xSuspendedTaskList
                0x00000d44       0x14 src/ASF/thirdparty/freertos/freertos-7.0.0/source/tasks.o
 .bss.uxTopReadyPriority
                0x00000d58        0x4 src/ASF/thirdparty/freertos/freertos-7.0.0/source/tasks.o
 .bss.lench.11294
                0x00000d5c        0x1 src/Log/log.o
 .bss.lench.11364
                0x00000d5d        0x1 src/Log/log.o
 *fill*         0x00000d5e        0x2 
 .bss.__malloc_max_total_mem
                0x00000d60        0x4 e:/program x86/atmel/studio/7.0/toolchain/avr32/avr32-gnu-toolchain/bin/../lib/gcc/avr32/4.4.7/../../../../avr32/lib/ucr2\libc.a(lib_a-mallocr.o)
                0x00000d60                __malloc_max_total_mem
 .bss.__malloc_max_sbrked_mem
                0x00000d64        0x4 e:/program x86/atmel/studio/7.0/toolchain/avr32/avr32-gnu-toolchain/bin/../lib/gcc/avr32/4.4.7/../../../../avr32/lib/ucr2\libc.a(lib_a-mallocr.o)
                0x00000d64                __malloc_max_sbrked_mem
 .bss.__malloc_top_pad
                0x00000d68        0x4 e:/program x86/atmel/studio/7.0/toolchain/avr32/avr32-gnu-toolchain/bin/../lib/gcc/avr32/4.4.7/../../../../avr32/lib/ucr2\libc.a(lib_a-mallocr.o)
                0x00000d68                __malloc_top_pad
 .bss.__malloc_current_mallinfo
                0x00000d6c       0x28 e:/program x86/atmel/studio/7.0/toolchain/avr32/avr32-gnu-toolchain/bin/../lib/gcc/avr32/4.4.7/../../../../avr32/lib/ucr2\libc.a(lib_a-mallocr.o)
                0x00000d6c                __malloc_current_mallinfo
 .bss.cur_heap_pos.1869
                0x00000d94        0x4 e:/program x86/atmel/studio/7.0/toolchain/avr32/avr32-gnu-toolchain/bin/../lib/gcc/avr32/4.4.7/../../../../avr32/lib/ucr2\libc.a(lib_a-syscalls.o)
 *(COMMON)
 COMMON         0x00000d98      0x28a src/Application/app/app.o
                0x00000d98                bunchofrandomstatusflags
                0x00000d9c                Current_time
                0x00000da2                message_store
 *fill*         0x00001022        0x2 
 COMMON         0x00001024     0x1004 src/Application/flash/data_flash.o
                0x00001024                FLASH_BUF
                0x00002024                spi
 COMMON         0x00002028      0x122 src/Application/radio/ambe.o
                0x00002028                AMBEBurst_rawdata
                0x00002030                Radio_Internal_Data
                0x00002034                AMBE_DecryptionKey
                0x0000203c                SendAMBEBurst_EncryptionPackage
                0x0000212c                VBSP_data
                0x00002130                Soft_Decision_Data
 COMMON         0x0000214a     0x3200 src/Application/radio/physical.o
                0x0000214a                payload_store
                0x0000354a                xnl_store
 *fill*         0x0000534a        0x2 
 COMMON         0x0000534c       0x4c src/Application/radio/ssc.o
                0x0000534c                intDuration
                0x00005350                BufferIndex
                0x00005354                intStartCount
                0x00005358                RxBuffer
                0x00005378                TxBuffer
 COMMON         0x00005398        0x4 src/Application/radio/xcmp.o
                0x00005398                app_list
 COMMON         0x0000539c       0x18 src/Application/RFID/RFID.o
                0x0000539c                RFID
                0x000053ac                CT
                0x000053b0                SN
 COMMON         0x000053b4        0x8 src/Application/xgflash/xgflash.o
                0x000053b4                xBinarySemaphore
                0x000053b8                save_handle
 COMMON         0x000053bc        0x4 src/ASF/avr32/drivers/spi/spi.o
                0x000053bc                xSPIMutex
 COMMON         0x000053c0        0x4 src/ASF/thirdparty/freertos/freertos-7.0.0/source/portable/gcc/avr32_uc3/write.o
                0x000053c0                stdio_usart_base
 COMMON         0x000053c4        0x4 src/Log/log.o
                0x000053c4                logQueue
 COMMON         0x000053c8        0x4 e:/program x86/atmel/studio/7.0/toolchain/avr32/avr32-gnu-toolchain/bin/../lib/gcc/avr32/4.4.7/../../../../avr32/lib/ucr2\libc.a(lib_a-reent.o)
                0x000053c8                errno
                0x000053d0                . = ALIGN (0x8)
 *fill*         0x000053cc        0x4 
                0x000053d0                . = ALIGN (0x8)
                0x000053d0                _end = .
                0x000053d0                PROVIDE (end, .)
                0x000053d0                __heap_start__ = ALIGN (0x8)
                0x00017000                . = ((ORIGIN (CPUSRAM) + 0x17ffc) - _stack_size)
                0x00017000                __heap_end__ = .

.stab
 *(.stab)

.stabstr
 *(.stabstr)

.stab.excl
 *(.stab.excl)

.stab.exclstr
 *(.stab.exclstr)

.stab.index
 *(.stab.index)

.stab.indexstr
 *(.stab.indexstr)

.comment        0x00000000       0x30
 *(.comment)
 .comment       0x00000000       0x30 src/Application/app/app.o
                                 0x31 (size before relaxing)
 .comment       0x00000000       0x31 src/Application/flash/data_flash.o
 .comment       0x00000000       0x31 src/Application/myrtc/xgrtc.o
 .comment       0x00000000       0x31 src/Application/radio/ambe.o
 .comment       0x00000000       0x31 src/Application/radio/payload.o
 .comment       0x00000000       0x31 src/Application/radio/physical.o
 .comment       0x00000000       0x31 src/Application/radio/ssc.o
 .comment       0x00000000       0x31 src/Application/radio/xcmp.o
 .comment       0x00000000       0x31 src/Application/radio/xnl.o
 .comment       0x00000000       0x31 src/Application/RFID/MFRC522/rc522.o
 .comment       0x00000000       0x31 src/Application/RFID/RFID.o
 .comment       0x00000000       0x31 src/Application/timers/timer.o
 .comment       0x00000000       0x31 src/Application/xgflash/xgflash.o
 .comment       0x00000000       0x31 src/ASF/avr32/drivers/flashc/flashc.o
 .comment       0x00000000       0x31 src/ASF/avr32/drivers/gpio/gpio.o
 .comment       0x00000000       0x31 src/ASF/avr32/drivers/intc/intc.o
 .comment       0x00000000       0x31 src/ASF/avr32/drivers/pm/pm.o
 .comment       0x00000000       0x31 src/ASF/avr32/drivers/rtc/rtc.o
 .comment       0x00000000       0x31 src/ASF/avr32/drivers/spi/spi.o
 .comment       0x00000000       0x31 src/ASF/avr32/drivers/usart/usart.o
 .comment       0x00000000       0x31 src/ASF/thirdparty/freertos/freertos-7.0.0/source/list.o
 .comment       0x00000000       0x31 src/ASF/thirdparty/freertos/freertos-7.0.0/source/portable/gcc/avr32_uc3/port.o
 .comment       0x00000000       0x31 src/ASF/thirdparty/freertos/freertos-7.0.0/source/portable/gcc/avr32_uc3/read.o
 .comment       0x00000000       0x31 src/ASF/thirdparty/freertos/freertos-7.0.0/source/portable/gcc/avr32_uc3/write.o
 .comment       0x00000000       0x31 src/ASF/thirdparty/freertos/freertos-7.0.0/source/portable/memmang/heap_3.o
 .comment       0x00000000       0x31 src/ASF/thirdparty/freertos/freertos-7.0.0/source/queue.o
 .comment       0x00000000       0x31 src/ASF/thirdparty/freertos/freertos-7.0.0/source/tasks.o
 .comment       0x00000000       0x31 src/Log/log.o
 .comment       0x00000000       0x31 src/main.o
 .comment       0x00000000       0x31 e:/program x86/atmel/studio/7.0/toolchain/avr32/avr32-gnu-toolchain/bin/../lib/gcc/avr32/4.4.7/../../../../avr32/lib/ucr2\libc.a(lib_a-malloc.o)
 .comment       0x00000000       0x31 e:/program x86/atmel/studio/7.0/toolchain/avr32/avr32-gnu-toolchain/bin/../lib/gcc/avr32/4.4.7/../../../../avr32/lib/ucr2\libc.a(lib_a-mallocr.o)
 .comment       0x00000000       0x31 e:/program x86/atmel/studio/7.0/toolchain/avr32/avr32-gnu-toolchain/bin/../lib/gcc/avr32/4.4.7/../../../../avr32/lib/ucr2\libc.a(lib_a-memset.o)
 .comment       0x00000000       0x31 e:/program x86/atmel/studio/7.0/toolchain/avr32/avr32-gnu-toolchain/bin/../lib/gcc/avr32/4.4.7/../../../../avr32/lib/ucr2\libc.a(lib_a-reallocr.o)
 .comment       0x00000000       0x31 e:/program x86/atmel/studio/7.0/toolchain/avr32/avr32-gnu-toolchain/bin/../lib/gcc/avr32/4.4.7/../../../../avr32/lib/ucr2\libc.a(lib_a-sbrkr.o)
 .comment       0x00000000       0x31 e:/program x86/atmel/studio/7.0/toolchain/avr32/avr32-gnu-toolchain/bin/../lib/gcc/avr32/4.4.7/../../../../avr32/lib/ucr2\libc.a(lib_a-sprintf.o)
 .comment       0x00000000       0x31 e:/program x86/atmel/studio/7.0/toolchain/avr32/avr32-gnu-toolchain/bin/../lib/gcc/avr32/4.4.7/../../../../avr32/lib/ucr2\libc.a(lib_a-syscalls.o)
 .comment       0x00000000       0x31 e:/program x86/atmel/studio/7.0/toolchain/avr32/avr32-gnu-toolchain/bin/../lib/gcc/avr32/4.4.7/../../../../avr32/lib/ucr2\libc.a(lib_a-vfprintf.o)
 .comment       0x00000000       0x31 e:/program x86/atmel/studio/7.0/toolchain/avr32/avr32-gnu-toolchain/bin/../lib/gcc/avr32/4.4.7/../../../../avr32/lib/ucr2\libc.a(lib_a-wsetup.o)
 .comment       0x00000000       0x31 e:/program x86/atmel/studio/7.0/toolchain/avr32/avr32-gnu-toolchain/bin/../lib/gcc/avr32/4.4.7/../../../../avr32/lib/ucr2\libc.a(lib_a-dtoa.o)
 .comment       0x00000000       0x31 e:/program x86/atmel/studio/7.0/toolchain/avr32/avr32-gnu-toolchain/bin/../lib/gcc/avr32/4.4.7/../../../../avr32/lib/ucr2\libc.a(lib_a-errno.o)
 .comment       0x00000000       0x31 e:/program x86/atmel/studio/7.0/toolchain/avr32/avr32-gnu-toolchain/bin/../lib/gcc/avr32/4.4.7/../../../../avr32/lib/ucr2\libc.a(lib_a-fflush.o)
 .comment       0x00000000       0x31 e:/program x86/atmel/studio/7.0/toolchain/avr32/avr32-gnu-toolchain/bin/../lib/gcc/avr32/4.4.7/../../../../avr32/lib/ucr2\libc.a(lib_a-findfp.o)
 .comment       0x00000000       0x31 e:/program x86/atmel/studio/7.0/toolchain/avr32/avr32-gnu-toolchain/bin/../lib/gcc/avr32/4.4.7/../../../../avr32/lib/ucr2\libc.a(lib_a-freer.o)
 .comment       0x00000000       0x31 e:/program x86/atmel/studio/7.0/toolchain/avr32/avr32-gnu-toolchain/bin/../lib/gcc/avr32/4.4.7/../../../../avr32/lib/ucr2\libc.a(lib_a-fvwrite.o)
 .comment       0x00000000       0x31 e:/program x86/atmel/studio/7.0/toolchain/avr32/avr32-gnu-toolchain/bin/../lib/gcc/avr32/4.4.7/../../../../avr32/lib/ucr2\libc.a(lib_a-fwalk.o)
 .comment       0x00000000       0x31 e:/program x86/atmel/studio/7.0/toolchain/avr32/avr32-gnu-toolchain/bin/../lib/gcc/avr32/4.4.7/../../../../avr32/lib/ucr2\libc.a(lib_a-impure.o)
 .comment       0x00000000       0x31 e:/program x86/atmel/studio/7.0/toolchain/avr32/avr32-gnu-toolchain/bin/../lib/gcc/avr32/4.4.7/../../../../avr32/lib/ucr2\libc.a(lib_a-locale.o)
 .comment       0x00000000       0x31 e:/program x86/atmel/studio/7.0/toolchain/avr32/avr32-gnu-toolchain/bin/../lib/gcc/avr32/4.4.7/../../../../avr32/lib/ucr2\libc.a(lib_a-makebuf.o)
 .comment       0x00000000       0x31 e:/program x86/atmel/studio/7.0/toolchain/avr32/avr32-gnu-toolchain/bin/../lib/gcc/avr32/4.4.7/../../../../avr32/lib/ucr2\libc.a(lib_a-memchr.o)
 .comment       0x00000000       0x31 e:/program x86/atmel/studio/7.0/toolchain/avr32/avr32-gnu-toolchain/bin/../lib/gcc/avr32/4.4.7/../../../../avr32/lib/ucr2\libc.a(lib_a-memmove.o)
 .comment       0x00000000       0x31 e:/program x86/atmel/studio/7.0/toolchain/avr32/avr32-gnu-toolchain/bin/../lib/gcc/avr32/4.4.7/../../../../avr32/lib/ucr2\libc.a(lib_a-mprec.o)
 .comment       0x00000000       0x31 e:/program x86/atmel/studio/7.0/toolchain/avr32/avr32-gnu-toolchain/bin/../lib/gcc/avr32/4.4.7/../../../../avr32/lib/ucr2\libc.a(lib_a-reent.o)
 .comment       0x00000000       0x31 e:/program x86/atmel/studio/7.0/toolchain/avr32/avr32-gnu-toolchain/bin/../lib/gcc/avr32/4.4.7/../../../../avr32/lib/ucr2\libc.a(lib_a-s_isinfd.o)
 .comment       0x00000000       0x31 e:/program x86/atmel/studio/7.0/toolchain/avr32/avr32-gnu-toolchain/bin/../lib/gcc/avr32/4.4.7/../../../../avr32/lib/ucr2\libc.a(lib_a-s_isnand.o)
 .comment       0x00000000       0x31 e:/program x86/atmel/studio/7.0/toolchain/avr32/avr32-gnu-toolchain/bin/../lib/gcc/avr32/4.4.7/../../../../avr32/lib/ucr2\libc.a(lib_a-stdio.o)
 .comment       0x00000000       0x31 e:/program x86/atmel/studio/7.0/toolchain/avr32/avr32-gnu-toolchain/bin/../lib/gcc/avr32/4.4.7/../../../../avr32/lib/ucr2\libc.a(lib_a-strlen.o)
 .comment       0x00000000       0x31 e:/program x86/atmel/studio/7.0/toolchain/avr32/avr32-gnu-toolchain/bin/../lib/gcc/avr32/4.4.7/../../../../avr32/lib/ucr2\libc.a(lib_a-writer.o)
 .comment       0x00000000       0x31 e:/program x86/atmel/studio/7.0/toolchain/avr32/avr32-gnu-toolchain/bin/../lib/gcc/avr32/4.4.7/../../../../avr32/lib/ucr2\libc.a(lib_a-callocr.o)
 .comment       0x00000000       0x31 e:/program x86/atmel/studio/7.0/toolchain/avr32/avr32-gnu-toolchain/bin/../lib/gcc/avr32/4.4.7/../../../../avr32/lib/ucr2\libc.a(lib_a-closer.o)
 .comment       0x00000000       0x31 e:/program x86/atmel/studio/7.0/toolchain/avr32/avr32-gnu-toolchain/bin/../lib/gcc/avr32/4.4.7/../../../../avr32/lib/ucr2\libc.a(lib_a-fclose.o)
 .comment       0x00000000       0x31 e:/program x86/atmel/studio/7.0/toolchain/avr32/avr32-gnu-toolchain/bin/../lib/gcc/avr32/4.4.7/../../../../avr32/lib/ucr2\libc.a(lib_a-fstatr.o)
 .comment       0x00000000       0x31 e:/program x86/atmel/studio/7.0/toolchain/avr32/avr32-gnu-toolchain/bin/../lib/gcc/avr32/4.4.7/../../../../avr32/lib/ucr2\libc.a(lib_a-lseekr.o)