Archive member included because of file (symbol)

e:/program x86/atmel/studio/7.0/toolchain/avr32/avr32-gnu-toolchain/bin/../lib/gcc/avr32/4.4.7/../../../../avr32/lib/ucr2\libc.a(lib_a-malloc.o)
                              src/ASF/thirdparty/freertos/freertos-7.0.0/source/portable/memmang/heap_3.o (free)
e:/program x86/atmel/studio/7.0/toolchain/avr32/avr32-gnu-toolchain/bin/../lib/gcc/avr32/4.4.7/../../../../avr32/lib/ucr2\libc.a(lib_a-mallocr.o)
                              e:/program x86/atmel/studio/7.0/toolchain/avr32/avr32-gnu-toolchain/bin/../lib/gcc/avr32/4.4.7/../../../../avr32/lib/ucr2\libc.a(lib_a-malloc.o) (_malloc_r)
e:/program x86/atmel/studio/7.0/toolchain/avr32/avr32-gnu-toolchain/bin/../lib/gcc/avr32/4.4.7/../../../../avr32/lib/ucr2\libc.a(lib_a-memcmp.o)
                              src/Application/xgflash/xgflash.o (memcmp)
e:/program x86/atmel/studio/7.0/toolchain/avr32/avr32-gnu-toolchain/bin/../lib/gcc/avr32/4.4.7/../../../../avr32/lib/ucr2\libc.a(lib_a-memcpy.o)
                              src/Application/app/app.o (memcpy)
e:/program x86/atmel/studio/7.0/toolchain/avr32/avr32-gnu-toolchain/bin/../lib/gcc/avr32/4.4.7/../../../../avr32/lib/ucr2\libc.a(lib_a-memset.o)
                              src/Application/radio/physical.o (memset)
e:/program x86/atmel/studio/7.0/toolchain/avr32/avr32-gnu-toolchain/bin/../lib/gcc/avr32/4.4.7/../../../../avr32/lib/ucr2\libc.a(lib_a-realloc.o)
                              src/ASF/thirdparty/freertos/freertos-7.0.0/source/portable/gcc/avr32_uc3/port.o (realloc)
e:/program x86/atmel/studio/7.0/toolchain/avr32/avr32-gnu-toolchain/bin/../lib/gcc/avr32/4.4.7/../../../../avr32/lib/ucr2\libc.a(lib_a-reallocr.o)
                              e:/program x86/atmel/studio/7.0/toolchain/avr32/avr32-gnu-toolchain/bin/../lib/gcc/avr32/4.4.7/../../../../avr32/lib/ucr2\libc.a(lib_a-realloc.o) (_realloc_r)
e:/program x86/atmel/studio/7.0/toolchain/avr32/avr32-gnu-toolchain/bin/../lib/gcc/avr32/4.4.7/../../../../avr32/lib/ucr2\libc.a(lib_a-sbrkr.o)
                              e:/program x86/atmel/studio/7.0/toolchain/avr32/avr32-gnu-toolchain/bin/../lib/gcc/avr32/4.4.7/../../../../avr32/lib/ucr2\libc.a(lib_a-mallocr.o) (_sbrk_r)
e:/program x86/atmel/studio/7.0/toolchain/avr32/avr32-gnu-toolchain/bin/../lib/gcc/avr32/4.4.7/../../../../avr32/lib/ucr2\libc.a(lib_a-sprintf.o)
                              src/Log/log.o (sprintf)
e:/program x86/atmel/studio/7.0/toolchain/avr32/avr32-gnu-toolchain/bin/../lib/gcc/avr32/4.4.7/../../../../avr32/lib/ucr2\libc.a(lib_a-strncpy.o)
                              src/ASF/thirdparty/freertos/freertos-7.0.0/source/tasks.o (strncpy)
e:/program x86/atmel/studio/7.0/toolchain/avr32/avr32-gnu-toolchain/bin/../lib/gcc/avr32/4.4.7/../../../../avr32/lib/ucr2\libc.a(lib_a-syscalls.o)
                              e:/program x86/atmel/studio/7.0/toolchain/avr32/avr32-gnu-toolchain/bin/../lib/gcc/avr32/4.4.7/../../../../avr32/lib/ucr2\libc.a(lib_a-sbrkr.o) (_sbrk)
e:/program x86/atmel/studio/7.0/toolchain/avr32/avr32-gnu-toolchain/bin/../lib/gcc/avr32/4.4.7/../../../../avr32/lib/ucr2\libc.a(lib_a-vfprintf.o)
                              e:/program x86/atmel/studio/7.0/toolchain/avr32/avr32-gnu-toolchain/bin/../lib/gcc/avr32/4.4.7/../../../../avr32/lib/ucr2\libc.a(lib_a-sprintf.o) (_vfprintf_r)
e:/program x86/atmel/studio/7.0/toolchain/avr32/avr32-gnu-toolchain/bin/../lib/gcc/avr32/4.4.7/../../../../avr32/lib/ucr2\libc.a(lib_a-wsetup.o)
                              e:/program x86/atmel/studio/7.0/toolchain/avr32/avr32-gnu-toolchain/bin/../lib/gcc/avr32/4.4.7/../../../../avr32/lib/ucr2\libc.a(lib_a-vfprintf.o) (__swsetup_r)
e:/program x86/atmel/studio/7.0/toolchain/avr32/avr32-gnu-toolchain/bin/../lib/gcc/avr32/4.4.7/../../../../avr32/lib/ucr2\libc.a(lib_a-dtoa.o)
                              e:/program x86/atmel/studio/7.0/toolchain/avr32/avr32-gnu-toolchain/bin/../lib/gcc/avr32/4.4.7/../../../../avr32/lib/ucr2\libc.a(lib_a-vfprintf.o) (_dtoa_r)
e:/program x86/atmel/studio/7.0/toolchain/avr32/avr32-gnu-toolchain/bin/../lib/gcc/avr32/4.4.7/../../../../avr32/lib/ucr2\libc.a(lib_a-errno.o)
                              e:/program x86/atmel/studio/7.0/toolchain/avr32/avr32-gnu-toolchain/bin/../lib/gcc/avr32/4.4.7/../../../../avr32/lib/ucr2\libc.a(lib_a-syscalls.o) (__errno)
e:/program x86/atmel/studio/7.0/toolchain/avr32/avr32-gnu-toolchain/bin/../lib/gcc/avr32/4.4.7/../../../../avr32/lib/ucr2\libc.a(lib_a-fflush.o)
                              e:/program x86/atmel/studio/7.0/toolchain/avr32/avr32-gnu-toolchain/bin/../lib/gcc/avr32/4.4.7/../../../../avr32/lib/ucr2\libc.a(lib_a-vfprintf.o) (_fflush_r)
e:/program x86/atmel/studio/7.0/toolchain/avr32/avr32-gnu-toolchain/bin/../lib/gcc/avr32/4.4.7/../../../../avr32/lib/ucr2\libc.a(lib_a-findfp.o)
                              e:/program x86/atmel/studio/7.0/toolchain/avr32/avr32-gnu-toolchain/bin/../lib/gcc/avr32/4.4.7/../../../../avr32/lib/ucr2\libc.a(lib_a-vfprintf.o) (__sinit)
[...]
Memory Configuration

Name             Origin             Length             Attributes
FLASH            0x80000000         0x00080000         axrl !w
CPUSRAM          0x00000004         0x00017ffc         axw !rl
USERPAGE         0x80800000         0x00000200
FACTORYPAGE      0x80800200         0x00000200
*default*        0x00000000         0xffffffff

Linker script and memory map

                0x00001000                _stack_size = 0x1000
LOAD src/Application/app/app.o
LOAD src/Application/flash/data_flash.o
LOAD src/Application/myrtc/xgrtc.o
LOAD src/Application/radio/ambe.o
LOAD src/Application/radio/AMBE_audio.o
LOAD src/Application/radio/AMBE_audio_2.o
LOAD src/Application/radio/audio.o
LOAD src/Application/radio/payload.o
LOAD src/Application/radio/physical.o
LOAD src/Application/radio/ssc.o
LOAD src/Application/radio/xcmp.o
LOAD src/Application/radio/xnl.o
LOAD src/Application/RFID/MFRC522/rc522.o
LOAD src/Application/RFID/RFID.o
LOAD src/Application/timers/timer.o
LOAD src/Application/xgflash/xgflash.o
LOAD src/ASF/avr32/drivers/flashc/flashc.o
LOAD src/ASF/avr32/drivers/gpio/gpio.o
LOAD src/ASF/avr32/drivers/intc/intc.o
LOAD src/ASF/avr32/drivers/pm/pm.o
LOAD src/ASF/avr32/drivers/pm/pm_conf_clocks.o
LOAD src/ASF/avr32/drivers/pm/power_clocks_lib.o
LOAD src/ASF/avr32/drivers/rtc/rtc.o
LOAD src/ASF/avr32/drivers/spi/spi.o
LOAD src/ASF/avr32/drivers/tc/tc.o
LOAD src/ASF/avr32/drivers/twi/twi.o
LOAD src/ASF/avr32/drivers/usart/usart.o
LOAD src/ASF/avr32/utils/startup/startup_uc3.o
LOAD src/ASF/avr32/utils/startup/trampoline_uc3.o
LOAD src/ASF/common/boards/user_board/init.o
LOAD src/ASF/common/services/clock/uc3b0_b1/sysclk.o
LOAD src/ASF/common/services/spi/uc3_spi/spi_master.o
LOAD src/ASF/common/services/spi/uc3_usart_spi/usart_spi.o
LOAD src/ASF/thirdparty/freertos/freertos-7.0.0/source/croutine.o
LOAD src/ASF/thirdparty/freertos/freertos-7.0.0/source/list.o
LOAD src/ASF/thirdparty/freertos/freertos-7.0.0/source/portable/gcc/avr32_uc3/exception.o
LOAD src/ASF/thirdparty/freertos/freertos-7.0.0/source/portable/gcc/avr32_uc3/port.o
LOAD src/ASF/thirdparty/freertos/freertos-7.0.0/source/portable/gcc/avr32_uc3/read.o
LOAD src/ASF/thirdparty/freertos/freertos-7.0.0/source/portable/gcc/avr32_uc3/write.o
LOAD src/ASF/thirdparty/freertos/freertos-7.0.0/source/portable/memmang/heap_3.o
LOAD src/ASF/thirdparty/freertos/freertos-7.0.0/source/queue.o
LOAD src/ASF/thirdparty/freertos/freertos-7.0.0/source/tasks.o
LOAD src/Log/log.o
LOAD src/main.o
START GROUP
LOAD e:/program x86/atmel/studio/7.0/toolchain/avr32/avr32-gnu-toolchain/bin/../lib/gcc/avr32/4.4.7/../../../../avr32/lib/ucr2\libm.a
END GROUP
LOAD e:/program x86/atmel/studio/7.0/toolchain/avr32/avr32-gnu-toolchain/bin/../lib/gcc/avr32/4.4.7/ucr2\libgcc.a
LOAD e:/program x86/atmel/studio/7.0/toolchain/avr32/avr32-gnu-toolchain/bin/../lib/gcc/avr32/4.4.7/../../../../avr32/lib/ucr2\libc.a
LOAD e:/program x86/atmel/studio/7.0/toolchain/avr32/avr32-gnu-toolchain/bin/../lib/gcc/avr32/4.4.7/ucr2\libgcc.a
                0x80000000                PROVIDE (__executable_start, 0x80000000)
                0x80000000                . = 0x80000000

.interp
 *(.interp)

.reset          0x80000000     0x2004
 *(.reset)
 .reset         0x80000000     0x2004 src/ASF/avr32/utils/startup/trampoline_uc3.o
                               0x2008 (size before relaxing)
                0x80000000                _trampoline

.hash
 *(.hash)

.dynsym
 *(.dynsym)

.dynstr
 *(.dynstr)

.gnu.version
 *(.gnu.version)

.gnu.version_d
 *(.gnu.version_d)

.gnu.version_r
 *(.gnu.version_r)

.rel.init
 *(.rel.init)

.rela.init
 *(.rela.init)

.rel.text
 *(.rel.text .rel.text.* .rel.gnu.linkonce.t.*)

.rela.text
 *(.rela.text .rela.text.* .rela.gnu.linkonce.t.*)

.rel.fini
 *(.rel.fini)

.rela.fini
 *(.rela.fini)

.rel.rodata
 *(.rel.rodata .rel.rodata.* .rel.gnu.linkonce.r.*)

.rela.rodata
 *(.rela.rodata .rela.rodata.* .rela.gnu.linkonce.r.*)

.rel.data.rel.ro
 *(.rel.data.rel.ro*)

.rela.data.rel.ro
 *(.rel.data.rel.ro*)

.rel.data
 *(.rel.data .rel.data.* .rel.gnu.linkonce.d.*)

.rela.data
 *(.rela.data .rela.data.* .rela.gnu.linkonce.d.*)

.rel.tdata
 *(.rel.tdata .rel.tdata.* .rel.gnu.linkonce.td.*)

.rela.tdata
 *(.rela.tdata .rela.tdata.* .rela.gnu.linkonce.td.*)

.rel.tbss
 *(.rel.tbss .rel.tbss.* .rel.gnu.linkonce.tb.*)

.rela.tbss
 *(.rela.tbss .rela.tbss.* .rela.gnu.linkonce.tb.*)

.rel.ctors
 *(.rel.ctors)

.rela.ctors
 *(.rela.ctors)

.rel.dtors
 *(.rel.dtors)

.rela.dtors
 *(.rela.dtors)

.rel.got
 *(.rel.got)

.rela.got       0x80002004        0x0
 *(.rela.got)
 .rela.got      0x80002004        0x0 src/Application/app/app.o

.rel.bss
 *(.rel.bss .rel.bss.* .rel.gnu.linkonce.b.*)

.rela.bss
 *(.rela.bss .rela.bss.* .rela.gnu.linkonce.b.*)

.rel.plt
 *(.rel.plt)

.rela.plt
 *(.rela.plt)

.init
 *(.init)

.plt
 *(.plt)

.text           0x80002004     0xb49c
 *(.text .stub .text.* .gnu.linkonce.t.*)
 .text.DeviceManagement_brdcst_func
                0x80002004       0x24 src/Application/app/app.o
                0x80002004                DeviceManagement_brdcst_func
 .text.Volume_brdcst_func
                0x80002028        0x2 src/Application/app/app.o
                0x80002028                Volume_brdcst_func
 .text.AudioRoutingControl_brdcst_func
                0x8000202a        0x2 src/Application/app/app.o
                0x8000202a                AudioRoutingControl_brdcst_func
 .text.vApplicationIdleHook
                0x8000202c       0x10 src/Application/app/app.o
                0x8000202c                vApplicationIdleHook
 .text.app_init
                0x8000203c       0x54 src/Application/app/app.o
                0x8000203c                app_init
 .text.app_payload_tx_proc
                0x80002090       0x14 src/Application/app/app.o
 .text.app_payload_rx_proc
                0x800020a4       0x34 src/Application/app/app.o
 .text.FD_brdcst_func
                0x800020d8       0x14 src/Application/app/app.o
                0x800020d8                FD_brdcst_func
 .text.FD_reply_func
                0x800020ec       0x14 src/Application/app/app.o
                0x800020ec                FD_reply_func
 .text.FD_request_func
                0x80002100       0x14 src/Application/app/app.o
                0x80002100                FD_request_func
 .text.EnOB_brdcst_func
                0x80002114       0x14 src/Application/app/app.o
                0x80002114                EnOB_brdcst_func
 .text.EnOB_reply_func
                0x80002128       0x70 src/Application/app/app.o
                0x80002128                EnOB_reply_func
 .text.SingleDetection_brdcst_func
                0x80002198       0x1c src/Application/app/app.o
                0x80002198                SingleDetection_brdcst_func
 .text.ButtonConfig_brdcst_func
                0x800021b4       0xdc src/Application/app/app.o
                0x800021b4                ButtonConfig_brdcst_func
 .text.ButtonConfig_reply_func
                0x80002290       0x44 src/Application/app/app.o
                0x80002290                ButtonConfig_reply_func
 .text.DataSession_reply_func
                0x800022d4       0x7c src/Application/app/app.o
                0x800022d4                DataSession_reply_func
 .text.CallControl_brdcst_func
                0x80002350       0x44 src/Application/app/app.o
                0x80002350                CallControl_brdcst_func
 .text.TransmitControl_brdcst_func
                0x80002394       0x48 src/Application/app/app.o
                0x80002394                TransmitControl_brdcst_func
 .text.TransmitControl_reply_func
                0x800023dc       0x60 src/Application/app/app.o
                0x800023dc                TransmitControl_reply_func
 .text.AudioRoutingControl_reply_func
                0x8000243c       0x28 src/Application/app/app.o
                0x8000243c                AudioRoutingControl_reply_func
 .text.Volume_reply_func
                0x80002464       0x64 src/Application/app/app.o
                0x80002464                Volume_reply_func
 .text.spk_brdcst_func
                0x800024c8       0x38 src/Application/app/app.o
                0x800024c8                spk_brdcst_func
 .text.spk_reply_func
                0x80002500       0x48 src/Application/app/app.o
                0x80002500                spk_reply_func
 .text.mic_brdcst_func
                0x80002548       0x58 src/Application/app/app.o
                0x80002548                mic_brdcst_func
 .text.mic_reply_func
                0x800025a0       0x94 src/Application/app/app.o
                0x800025a0                mic_reply_func
 .text.dcm_brdcst_func
                0x80002634       0x48 src/Application/app/app.o
                0x80002634                dcm_brdcst_func
 .text.dcm_reply_func
                0x8000267c       0x68 src/Application/app/app.o
                0x8000267c                dcm_reply_func
 .text.ToneControl_reply_func
                0x800026e4       0x28 src/Application/app/app.o
                0x800026e4                ToneControl_reply_func
 .text.app_cfg  0x8000270c       0xbc src/Application/app/app.o
 .text.Phyuserinput_brdcst_func
                0x800027c8       0x58 src/Application/app/app.o
                0x800027c8                Phyuserinput_brdcst_func
 .text.DataSession_brdcst_func
                0x80002820      0x160 src/Application/app/app.o
                0x80002820                DataSession_brdcst_func
 .text.DeviceInitializationStatus_brdcst_func
                0x80002980       0x38 src/Application/app/app.o
                0x80002980                DeviceInitializationStatus_brdcst_func
 .text.xg_rtc_init
                0x800029b8       0x80 src/Application/myrtc/xgrtc.o
                0x800029b8                xg_rtc_init
 .text.rtc_irq  0x80002a38       0xf0 src/Application/myrtc/xgrtc.o
                0x80002a38                rtc_irq
 .text.CalculateBurst
                0x80002b28       0x1c src/Application/radio/ambe.o
                0x80002b28                CalculateBurst
 .text.payload_init
                0x80002b44       0x38 src/Application/radio/payload.o
                0x80002b44                payload_init
 .text.payload_rx_process
                0x80002b7c       0x4c src/Application/radio/payload.o
 .text.set_idle_store_isr
                0x80002bc8       0x1c src/Application/radio/physical.o
                0x80002bc8                set_idle_store_isr
 .text.phy_rx   0x80002be4       0x38 src/Application/radio/physical.o
                0x80002be4                phy_rx
 .text.set_idle_store
                0x80002c1c       0x20 src/Application/radio/physical.o
                0x80002c1c                set_idle_store
 .text.phy_tx   0x80002c3c       0x5c src/Application/radio/physical.o
                0x80002c3c                phy_tx
 .text.get_idle_store_isr
                0x80002c98       0x28 src/Application/radio/physical.o
                0x80002c98                get_idle_store_isr
 .text.phy_tx_func
                0x80002cc0      0x108 src/Application/radio/physical.o
 .text.get_idle_store
                0x80002dc8       0x28 src/Application/radio/physical.o
                0x80002dc8                get_idle_store
 .text.phy_init
                0x80002df0       0x28 src/Application/radio/physical.o
                0x80002df0                phy_init
 .text.payload_rx
                0x80002e18       0x60 src/Application/radio/physical.o
 .text.phy_rx_func
                0x80002e78      0xf24 src/Application/radio/physical.o
 .text.pdca_int_handler
                0x80003d9c       0x74 src/Application/radio/ssc.o
 .text.local_start_SSC
                0x80003e10       0x44 src/Application/radio/ssc.o
                0x80003e10                local_start_SSC
 .text.local_start_PDC
                0x80003e54       0x6c src/Application/radio/ssc.o
                0x80003e54                local_start_PDC
 .text.register_rx_tx_func
                0x80003ec0       0x14 src/Application/radio/ssc.o
                0x80003ec0                register_rx_tx_func
 .text.ssc_init
                0x80003ed4       0x70 src/Application/radio/ssc.o
                0x80003ed4                ssc_init
 .text.xcmp_register_app_list
                0x80003f44        0xc src/Application/radio/xcmp.o
                0x80003f44                xcmp_register_app_list
 .text.xcmp_tx  0x80003f50       0x48 src/Application/radio/xcmp.o
 .text.xcmp_data_session_req
                0x80003f98       0x8c src/Application/radio/xcmp.o
                0x80003f98                xcmp_data_session_req
 .text.xcmp_DeviceInitializationStatus_request
                0x80004024       0x40 src/Application/radio/xcmp.o
                0x80004024                xcmp_DeviceInitializationStatus_request
 .text.xcmp_opcode_not_supported
                0x80004064       0x24 src/Application/radio/xcmp.o
                0x80004064                xcmp_opcode_not_supported
 .text.xcmp_exec_func
                0x80004088       0x48 src/Application/radio/xcmp.o
 .text.xcmp_IdleTestTone
                0x800040d0       0x60 src/Application/radio/xcmp.o
                0x800040d0                xcmp_IdleTestTone
 .text.xcmp_init
                0x80004130       0x54 src/Application/radio/xcmp.o
                0x80004130                xcmp_init
 .text.xcmp_rx_process
                0x80004184       0xfc src/Application/radio/xcmp.o
 .text.xcmp_rx  0x80004280       0x4c src/Application/radio/xcmp.o
 .text.xnl_register_xcmp_func
                0x800042cc        0xc src/Application/radio/xnl.o
                0x800042cc                xnl_register_xcmp_func
 .text.xnl_get_msg_ack_func
                0x800042d8       0x2c src/Application/radio/xnl.o
                0x800042d8                xnl_get_msg_ack_func
 .text.xnl_init
                0x80004304      0x12c src/Application/radio/xnl.o
                0x80004304                xnl_init
 .text.xnl_rx_process
                0x80004430       0x60 src/Application/radio/xnl.o
 .text.xnl_tx_process
                0x80004490       0xcc src/Application/radio/xnl.o
 .text.xnl_tx   0x8000455c       0xe4 src/Application/radio/xnl.o
                0x8000455c                xnl_tx
 .text.xnl_data_msg_func
                0x80004640       0x60 src/Application/radio/xnl.o
                0x80004640                xnl_data_msg_func
 .text.xnl_device_auth_reply_func
                0x800046a0      0x120 src/Application/radio/xnl.o
                0x800046a0                xnl_device_auth_reply_func
 .text.xnl_master_status_brdcst_func
                0x800047c0       0x60 src/Application/radio/xnl.o
                0x800047c0                xnl_master_status_brdcst_func
 .text.xnl_device_conn_reply_func
                0x80004820       0x5c src/Application/radio/xnl.o
                0x80004820                xnl_device_conn_reply_func
 .text.xnl_send_device_master_query
                0x8000487c       0x30 src/Application/radio/xnl.o
                0x8000487c                xnl_send_device_master_query
 .text.RC522_SPI_SetSpeed
                0x800048ac       0x24 src/Application/RFID/MFRC522/rc522.o
                0x800048ac                RC522_SPI_SetSpeed
 .text.RC522_SPI_SetSpeedLow
                0x800048d0       0x10 src/Application/RFID/MFRC522/rc522.o
                0x800048d0                RC522_SPI_SetSpeedLow
 .text.RC522_ReadByte
                0x800048e0       0x44 src/Application/RFID/MFRC522/rc522.o
                0x800048e0                RC522_ReadByte
 .text.RC522_WriteByte
                0x80004924       0x4c src/Application/RFID/MFRC522/rc522.o
                0x80004924                RC522_WriteByte
 .text.WriteRawRC
                0x80004970       0x38 src/Application/RFID/MFRC522/rc522.o
                0x80004970                WriteRawRC
 .text.PcdReset
                0x800049a8       0x80 src/Application/RFID/MFRC522/rc522.o
                0x800049a8                PcdReset
 .text.ReadRawRC
                0x80004a28       0x40 src/Application/RFID/MFRC522/rc522.o
                0x80004a28                ReadRawRC
 .text.SetBitMask
                0x80004a68       0x24 src/Application/RFID/MFRC522/rc522.o
                0x80004a68                SetBitMask
 .text.PcdAntennaOn
                0x80004a8c       0x20 src/Application/RFID/MFRC522/rc522.o
                0x80004a8c                PcdAntennaOn
 .text.ClearBitMask
                0x80004aac       0x28 src/Application/RFID/MFRC522/rc522.o
                0x80004aac                ClearBitMask
 .text.PcdAntennaOff
                0x80004ad4       0x10 src/Application/RFID/MFRC522/rc522.o
                0x80004ad4                PcdAntennaOff
 .text.M500PcdConfigISOType
                0x80004ae4       0x70 src/Application/RFID/MFRC522/rc522.o
                0x80004ae4                M500PcdConfigISOType
 .text.rc522_init
                0x80004b54       0xd0 src/Application/RFID/MFRC522/rc522.o
                0x80004b54                rc522_init
 .text.PcdComMF522
                0x80004c24      0x178 src/Application/RFID/MFRC522/rc522.o
                0x80004c24                PcdComMF522
 .text.PcdAnticoll
                0x80004d9c       0x84 src/Application/RFID/MFRC522/rc522.o
                0x80004d9c                PcdAnticoll
 .text.PcdRequest
                0x80004e20       0x64 src/Application/RFID/MFRC522/rc522.o
                0x80004e20                PcdRequest
 .text.CalulateCRC
                0x80004e84       0x8c src/Application/RFID/MFRC522/rc522.o
                0x80004e84                CalulateCRC
 .text.PcdSelect
                0x80004f10       0x74 src/Application/RFID/MFRC522/rc522.o
                0x80004f10                PcdSelect
 .text.rfid_auto_reader
                0x80004f84      0x120 src/Application/RFID/RFID.o
                0x80004f84                rfid_auto_reader
 .text.rfid_sendID_message
                0x800050a4      0x170 src/Application/RFID/RFID.o
                0x800050a4                rfid_sendID_message
 .text.rfid_init
                0x80005214        0xc src/Application/RFID/RFID.o
                0x80005214                rfid_init
 .text.local_start_pll0
                0x80005220       0x50 src/Application/timers/timer.o
                0x80005220                local_start_pll0
 .text.delay_ns
                0x80005270       0x16 src/Application/timers/timer.o
                0x80005270                delay_ns
 *fill*         0x80005286        0x2 d703d703
 .text.delay_us
                0x80005288       0x28 src/Application/timers/timer.o
                0x80005288                delay_us
 .text.delay_ms
                0x800052b0       0x28 src/Application/timers/timer.o
                0x800052b0                delay_ms
 .text.local_start_timer
                0x800052d8       0x2c src/Application/timers/timer.o
                0x800052d8                local_start_timer
 .text.xg_flashc_init
                0x80005304      0x2e8 src/Application/xgflash/xgflash.o
                0x80005304                xg_flashc_init
 .text.xgflash_message_save
                0x800055ec      0x198 src/Application/xgflash/xgflash.o
                0x800055ec                xgflash_message_save
 .text.flashc_get_flash_size
                0x80005784       0x34 src/ASF/avr32/drivers/flashc/flashc.o
                0x80005784                flashc_get_flash_size
 .text.flashc_is_ready
                0x800057b8        0xc src/ASF/avr32/drivers/flashc/flashc.o
                0x800057b8                flashc_is_ready
 .text.flashc_default_wait_until_ready
                0x800057c4       0x10 src/ASF/avr32/drivers/flashc/flashc.o
                0x800057c4                flashc_default_wait_until_ready
 .text.flashc_is_lock_error
                0x800057d4       0x10 src/ASF/avr32/drivers/flashc/flashc.o
                0x800057d4                flashc_is_lock_error
 .text.flashc_is_programming_error
                0x800057e4       0x10 src/ASF/avr32/drivers/flashc/flashc.o
                0x800057e4                flashc_is_programming_error
 .text.flashc_get_page_number
                0x800057f4        0xc src/ASF/avr32/drivers/flashc/flashc.o
                0x800057f4                flashc_get_page_number
 .text.flashc_issue_command
                0x80005800       0x48 src/ASF/avr32/drivers/flashc/flashc.o
                0x80005800                flashc_issue_command
 .text.flashc_clear_page_buffer
                0x80005848       0x10 src/ASF/avr32/drivers/flashc/flashc.o
                0x80005848                flashc_clear_page_buffer
 .text.flashc_is_page_erased
                0x80005858        0xc src/ASF/avr32/drivers/flashc/flashc.o
                0x80005858                flashc_is_page_erased
 .text.flashc_quick_page_read
                0x80005864       0x18 src/ASF/avr32/drivers/flashc/flashc.o
                0x80005864                flashc_quick_page_read
 .text.flashc_erase_page
                0x8000587c       0x38 src/ASF/avr32/drivers/flashc/flashc.o
                0x8000587c                flashc_erase_page
 .text.flashc_write_page
                0x800058b4       0x10 src/ASF/avr32/drivers/flashc/flashc.o
                0x800058b4                flashc_write_page
 .text.flashc_quick_user_page_read
                0x800058c4       0x18 src/ASF/avr32/drivers/flashc/flashc.o
                0x800058c4                flashc_quick_user_page_read
 .text.flashc_erase_user_page
                0x800058dc       0x28 src/ASF/avr32/drivers/flashc/flashc.o
                0x800058dc                flashc_erase_user_page
 .text.flashc_write_user_page
                0x80005904       0x10 src/ASF/avr32/drivers/flashc/flashc.o
                0x80005904                flashc_write_user_page
 .text.flashc_memset64
                0x80005914      0x238 src/ASF/avr32/drivers/flashc/flashc.o
                0x80005914                flashc_memset64
 .text.flashc_memcpy
                0x80005b4c       0xfc src/ASF/avr32/drivers/flashc/flashc.o
                0x80005b4c                flashc_memcpy
 .text.gpio_enable_module_pin
                0x80005c48       0x52 src/ASF/avr32/drivers/gpio/gpio.o
                0x80005c48                gpio_enable_module_pin
 *fill*         0x80005c9a        0x2 d703d703
 .text.gpio_enable_module
                0x80005c9c       0x30 src/ASF/avr32/drivers/gpio/gpio.o
                0x80005c9c                gpio_enable_module
 .text.gpio_enable_gpio_pin
                0x80005ccc       0x18 src/ASF/avr32/drivers/gpio/gpio.o
                0x80005ccc                gpio_enable_gpio_pin
 .text.gpio_set_gpio_pin
                0x80005ce4       0x1c src/ASF/avr32/drivers/gpio/gpio.o
                0x80005ce4                gpio_set_gpio_pin
 .text.gpio_clr_gpio_pin
                0x80005d00       0x1c src/ASF/avr32/drivers/gpio/gpio.o
                0x80005d00                gpio_clr_gpio_pin
 .text._unhandled_interrupt
                0x80005d1c        0x2 src/ASF/avr32/drivers/intc/intc.o
 *fill*         0x80005d1e        0x2 d703d703
 .text.INTC_register_interrupt
                0x80005d20       0x80 src/ASF/avr32/drivers/intc/intc.o
                0x80005d20                INTC_register_interrupt
 .text.INTC_init_interrupts
                0x80005da0       0x54 src/ASF/avr32/drivers/intc/intc.o
                0x80005da0                INTC_init_interrupts
 .text._get_interrupt_handler
                0x80005df4       0x38 src/ASF/avr32/drivers/intc/intc.o
                0x80005df4                _get_interrupt_handler
 .text.pm_set_osc32_mode
                0x80005e2c        0xa src/ASF/avr32/drivers/pm/pm.o
 *fill*         0x80005e36        0x2 d703d703
 .text.pm_enable_osc32_crystal
                0x80005e38       0x10 src/ASF/avr32/drivers/pm/pm.o
                0x80005e38                pm_enable_osc32_crystal
 .text.pm_enable_clk32_no_wait
                0x80005e48       0x10 src/ASF/avr32/drivers/pm/pm.o
                0x80005e48                pm_enable_clk32_no_wait
 .text.pm_wait_for_clk32_ready
                0x80005e58        0xa src/ASF/avr32/drivers/pm/pm.o
                0x80005e58                pm_wait_for_clk32_ready
 *fill*         0x80005e62        0x2 d703d703
 .text.pm_enable_clk32
                0x80005e64       0x1c src/ASF/avr32/drivers/pm/pm.o
                0x80005e64                pm_enable_clk32
 .text.rtc_is_busy
                0x80005e80        0x8 src/ASF/avr32/drivers/rtc/rtc.o
                0x80005e80                rtc_is_busy
 .text.rtc_set_value
                0x80005e88       0x24 src/ASF/avr32/drivers/rtc/rtc.o
                0x80005e88                rtc_set_value
 .text.rtc_enable
                0x80005eac       0x24 src/ASF/avr32/drivers/rtc/rtc.o
                0x80005eac                rtc_enable
 .text.rtc_enable_interrupt
                0x80005ed0        0x6 src/ASF/avr32/drivers/rtc/rtc.o
                0x80005ed0                rtc_enable_interrupt
 *fill*         0x80005ed6        0x2 d703d703
 .text.rtc_set_top_value
                0x80005ed8       0x24 src/ASF/avr32/drivers/rtc/rtc.o
                0x80005ed8                rtc_set_top_value
 .text.rtc_clear_interrupt
                0x80005efc       0x1e src/ASF/avr32/drivers/rtc/rtc.o
                0x80005efc                rtc_clear_interrupt
 *fill*         0x80005f1a        0x2 d703d703
 .text.rtc_init
                0x80005f1c       0x80 src/ASF/avr32/drivers/rtc/rtc.o
                0x80005f1c                rtc_init
 .text.getBaudDiv
                0x80005f9c       0x20 src/ASF/avr32/drivers/spi/spi.o
                0x80005f9c                getBaudDiv
 .text.spi_initMaster
                0x80005fbc       0x38 src/ASF/avr32/drivers/spi/spi.o
                0x80005fbc                spi_initMaster
 .text.spi_selectionMode
                0x80005ff4       0x2c src/ASF/avr32/drivers/spi/spi.o
                0x80005ff4                spi_selectionMode
 .text.spi_enable
                0x80006020        0x6 src/ASF/avr32/drivers/spi/spi.o
                0x80006020                spi_enable
 .text.spi_write
                0x80006026       0x1c src/ASF/avr32/drivers/spi/spi.o
                0x80006026                spi_write
 .text.spi_read
                0x80006042       0x20 src/ASF/avr32/drivers/spi/spi.o
                0x80006042                spi_read
 *fill*         0x80006062        0x2 d703d703
 .text.spi_setupChipReg
                0x80006064       0xe8 src/ASF/avr32/drivers/spi/spi.o
                0x80006064                spi_setupChipReg
 .text.spi_unselectChip
                0x8000614c       0x40 src/ASF/avr32/drivers/spi/spi.o
                0x8000614c                spi_unselectChip
 .text.spi_selectChip
                0x8000618c       0x78 src/ASF/avr32/drivers/spi/spi.o
                0x8000618c                spi_selectChip
 .text.usart_set_async_baudrate
                0x80006204       0x5a src/ASF/avr32/drivers/usart/usart.o
 .text.usart_write_char
                0x8000625e       0x14 src/ASF/avr32/drivers/usart/usart.o
                0x8000625e                usart_write_char
 *fill*         0x80006272        0x2 d703d703
 .text.usart_putchar
                0x80006274       0x2c src/ASF/avr32/drivers/usart/usart.o
                0x80006274                usart_putchar
 .text.usart_read_char
                0x800062a0       0x22 src/ASF/avr32/drivers/usart/usart.o
                0x800062a0                usart_read_char
 *fill*         0x800062c2        0x2 d703d703
 .text.usart_getchar
                0x800062c4       0x2c src/ASF/avr32/drivers/usart/usart.o
                0x800062c4                usart_getchar
 .text.usart_write_line
                0x800062f0       0x24 src/ASF/avr32/drivers/usart/usart.o
                0x800062f0                usart_write_line
 .text.usart_reset
                0x80006314       0x2c src/ASF/avr32/drivers/usart/usart.o
                0x80006314                usart_reset
 .text.usart_init_rs232
                0x80006340       0xcc src/ASF/avr32/drivers/usart/usart.o
                0x80006340                usart_init_rs232
 .text._stext   0x8000640c       0x40 src/ASF/avr32/utils/startup/startup_uc3.o
                                 0x50 (size before relaxing)
                0x8000640c                _stext
 .text.vListInitialise
                0x8000644c       0x14 src/ASF/thirdparty/freertos/freertos-7.0.0/source/list.o
                0x8000644c                vListInitialise
 .text.vListInitialiseItem
                0x80006460        0x6 src/ASF/thirdparty/freertos/freertos-7.0.0/source/list.o
                0x80006460                vListInitialiseItem
 .text.vListInsertEnd
                0x80006466       0x1c src/ASF/thirdparty/freertos/freertos-7.0.0/source/list.o
                0x80006466                vListInsertEnd
 .text.vListInsert
                0x80006482       0x34 src/ASF/thirdparty/freertos/freertos-7.0.0/source/list.o
                0x80006482                vListInsert
 .text.vListRemove
                0x800064b6       0x26 src/ASF/thirdparty/freertos/freertos-7.0.0/source/list.o
                0x800064b6                vListRemove
 .text.pxPortInitialiseStack
                0x800064dc       0x92 src/ASF/thirdparty/freertos/freertos-7.0.0/source/portable/gcc/avr32_uc3/port.o
                0x800064dc                pxPortInitialiseStack
 *fill*         0x8000656e        0x2 d703d703
 .text.vPortEnterCritical
                0x80006570       0x10 src/ASF/thirdparty/freertos/freertos-7.0.0/source/portable/gcc/avr32_uc3/port.o
                0x80006570                vPortEnterCritical
 .text.xPortStartScheduler
                0x80006580       0x58 src/ASF/thirdparty/freertos/freertos-7.0.0/source/portable/gcc/avr32_uc3/port.o
                0x80006580                xPortStartScheduler
 .text.SCALLYield
                0x800065d8       0x98 src/ASF/thirdparty/freertos/freertos-7.0.0/source/portable/gcc/avr32_uc3/port.o
                0x800065d8                SCALLYield
 .text.prvClearCcInt
                0x80006670        0xa src/ASF/thirdparty/freertos/freertos-7.0.0/source/portable/gcc/avr32_uc3/port.o
 *fill*         0x8000667a        0x2 d703d703
 .text.vPortExitCritical
                0x8000667c       0x20 src/ASF/thirdparty/freertos/freertos-7.0.0/source/portable/gcc/avr32_uc3/port.o
                0x8000667c                vPortExitCritical
 .text.vTick    0x8000669c       0x84 src/ASF/thirdparty/freertos/freertos-7.0.0/source/portable/gcc/avr32_uc3/port.o
 .text.__malloc_lock
                0x80006720        0xc src/ASF/thirdparty/freertos/freertos-7.0.0/source/portable/gcc/avr32_uc3/port.o
                0x80006720                __malloc_lock
 .text.__malloc_unlock
                0x8000672c        0xc src/ASF/thirdparty/freertos/freertos-7.0.0/source/portable/gcc/avr32_uc3/port.o
                0x8000672c                __malloc_unlock
 .text._read    0x80006738       0x40 src/ASF/thirdparty/freertos/freertos-7.0.0/source/portable/gcc/avr32_uc3/read.o
                0x80006738                _read
 .text._write   0x80006778       0x3c src/ASF/thirdparty/freertos/freertos-7.0.0/source/portable/gcc/avr32_uc3/write.o
                0x80006778                _write
 .text.vPortFree
                0x800067b4       0x28 src/ASF/thirdparty/freertos/freertos-7.0.0/source/portable/memmang/heap_3.o
                0x800067b4                vPortFree
 .text.pvPortMalloc
                0x800067dc       0x28 src/ASF/thirdparty/freertos/freertos-7.0.0/source/portable/memmang/heap_3.o
                0x800067dc                pvPortMalloc
 .text.prvCopyDataFromQueue
                0x80006804       0x30 src/ASF/thirdparty/freertos/freertos-7.0.0/source/queue.o
 .text.xQueueReceiveFromISR
                0x80006834       0x50 src/ASF/thirdparty/freertos/freertos-7.0.0/source/queue.o
                0x80006834                xQueueReceiveFromISR
 .text.prvUnlockQueue
                0x80006884       0xa0 src/ASF/thirdparty/freertos/freertos-7.0.0/source/queue.o
 .text.xQueueGenericReceive
                0x80006924      0x144 src/ASF/thirdparty/freertos/freertos-7.0.0/source/queue.o
                0x80006924                xQueueGenericReceive
 .text.prvCopyDataToQueue
                0x80006a68       0x78 src/ASF/thirdparty/freertos/freertos-7.0.0/source/queue.o
 .text.xQueueGenericSendFromISR
                0x80006ae0       0x50 src/ASF/thirdparty/freertos/freertos-7.0.0/source/queue.o
                0x80006ae0                xQueueGenericSendFromISR
 .text.xQueueGenericSend
                0x80006b30      0x100 src/ASF/thirdparty/freertos/freertos-7.0.0/source/queue.o
                0x80006b30                xQueueGenericSend
 .text.xQueueCreateMutex
                0x80006c30       0x58 src/ASF/thirdparty/freertos/freertos-7.0.0/source/queue.o
                0x80006c30                xQueueCreateMutex
 .text.xQueueCreate
                0x80006c88       0x74 src/ASF/thirdparty/freertos/freertos-7.0.0/source/queue.o
                0x80006c88                xQueueCreate
 .text.vTaskSuspendAll
                0x80006cfc       0x10 src/ASF/thirdparty/freertos/freertos-7.0.0/source/tasks.o
                0x80006cfc                vTaskSuspendAll
 .text.vTaskSwitchContext
                0x80006d0c       0x7c src/ASF/thirdparty/freertos/freertos-7.0.0/source/tasks.o
                0x80006d0c                vTaskSwitchContext
 .text.vTaskSetTimeOutState
                0x80006d88       0x18 src/ASF/thirdparty/freertos/freertos-7.0.0/source/tasks.o
                0x80006d88                vTaskSetTimeOutState
 .text.vTaskMissedYield
                0x80006da0        0xc src/ASF/thirdparty/freertos/freertos-7.0.0/source/tasks.o
                0x80006da0                vTaskMissedYield
 .text.xTaskGetCurrentTaskHandle
                0x80006dac        0xc src/ASF/thirdparty/freertos/freertos-7.0.0/source/tasks.o
                0x80006dac                xTaskGetCurrentTaskHandle
 .text.vTaskPriorityDisinherit
                0x80006db8       0x58 src/ASF/thirdparty/freertos/freertos-7.0.0/source/tasks.o
                0x80006db8                vTaskPriorityDisinherit
 .text.vTaskPriorityInherit
                0x80006e10       0x84 src/ASF/thirdparty/freertos/freertos-7.0.0/source/tasks.o
                0x80006e10                vTaskPriorityInherit
 .text.xTaskRemoveFromEventList
                0x80006e94       0x7c src/ASF/thirdparty/freertos/freertos-7.0.0/source/tasks.o
                0x80006e94                xTaskRemoveFromEventList
 .text.vTaskIncrementTick
                0x80006f10      0x114 src/ASF/thirdparty/freertos/freertos-7.0.0/source/tasks.o
                0x80006f10                vTaskIncrementTick
 .text.xTaskCheckForTimeOut
                0x80007024       0x70 src/ASF/thirdparty/freertos/freertos-7.0.0/source/tasks.o
                0x80007024                xTaskCheckForTimeOut
 .text.xTaskGetTickCount
                0x80007094       0x24 src/ASF/thirdparty/freertos/freertos-7.0.0/source/tasks.o
                0x80007094                xTaskGetTickCount
 .text.xTaskResumeAll
                0x800070b8       0xe8 src/ASF/thirdparty/freertos/freertos-7.0.0/source/tasks.o
                0x800070b8                xTaskResumeAll
 .text.prvAddCurrentTaskToDelayedList
                0x800071a0       0x5c src/ASF/thirdparty/freertos/freertos-7.0.0/source/tasks.o
 .text.vTaskDelay
                0x800071fc       0x48 src/ASF/thirdparty/freertos/freertos-7.0.0/source/tasks.o
                0x800071fc                vTaskDelay
 .text.vTaskDelayUntil
                0x80007244       0x80 src/ASF/thirdparty/freertos/freertos-7.0.0/source/tasks.o
                0x80007244                vTaskDelayUntil
 .text.vTaskPlaceOnEventList
                0x800072c4       0x58 src/ASF/thirdparty/freertos/freertos-7.0.0/source/tasks.o
                0x800072c4                vTaskPlaceOnEventList
 .text.prvIdleTask
                0x8000731c       0x88 src/ASF/thirdparty/freertos/freertos-7.0.0/source/tasks.o
 .text.xTaskGenericCreate
                0x800073a4      0x1e8 src/ASF/thirdparty/freertos/freertos-7.0.0/source/tasks.o
                0x800073a4                xTaskGenericCreate
 .text.vTaskStartScheduler
                0x8000758c       0x4c src/ASF/thirdparty/freertos/freertos-7.0.0/source/tasks.o
                0x8000758c                vTaskStartScheduler
 .text.PrintChar
                0x800075d8        0x4 src/Log/log.o
                0x800075d8                PrintChar
 .text.PrintHex
                0x800075dc       0xb2 src/Log/log.o
                0x800075dc                PrintHex
 .text.PrintDec
                0x8000768e       0xda src/Log/log.o
                0x8000768e                PrintDec
 .text.log      0x80007768      0x18c src/Log/log.o
                0x80007768                log
 .text.logFromISR
                0x800078f4      0x180 src/Log/log.o
                0x800078f4                logFromISR
 .text.log_init
                0x80007a74       0x68 src/Log/log.o
                0x80007a74                log_init
 .text.task_log
                0x80007adc       0x44 src/Log/log.o
 .text.main     0x80007b20       0x78 src/main.o
                0x80007b20                main
 .text.free     0x80007b98       0x10 e:/program x86/atmel/studio/7.0/toolchain/avr32/avr32-gnu-toolchain/bin/../lib/gcc/avr32/4.4.7/../../../../avr32/lib/ucr2\libc.a(lib_a-malloc.o)
                                 0x18 (size before relaxing)
                0x80007b98                free
 .text.malloc   0x80007ba8       0x10 e:/program x86/atmel/studio/7.0/toolchain/avr32/avr32-gnu-toolchain/bin/../lib/gcc/avr32/4.4.7/../../../../avr32/lib/ucr2\libc.a(lib_a-malloc.o)
                                 0x18 (size before relaxing)
                0x80007ba8                malloc
 .text._malloc_r
                0x80007bb8      0x438 e:/program x86/atmel/studio/7.0/toolchain/avr32/avr32-gnu-toolchain/bin/../lib/gcc/avr32/4.4.7/../../../../avr32/lib/ucr2\libc.a(lib_a-mallocr.o)
                                0x450 (size before relaxing)
                0x80007bb8                _malloc_r
 .text.memcmp   0x80007ff0       0x26 e:/program x86/atmel/studio/7.0/toolchain/avr32/avr32-gnu-toolchain/bin/../lib/gcc/avr32/4.4.7/../../../../avr32/lib/ucr2\libc.a(lib_a-memcmp.o)
                0x80007ff0                memcmp
 .text          0x80008016      0x148 e:/program x86/atmel/studio/7.0/toolchain/avr32/avr32-gnu-toolchain/bin/../lib/gcc/avr32/4.4.7/../../../../avr32/lib/ucr2\libc.a(lib_a-memcpy.o)
                0x80008016                memcpy
 .text.memset   0x8000815e        0xe e:/program x86/atmel/studio/7.0/toolchain/avr32/avr32-gnu-toolchain/bin/../lib/gcc/avr32/4.4.7/../../../../avr32/lib/ucr2\libc.a(lib_a-memset.o)
                0x8000815e                memset
 .text._realloc_r
                0x8000816c      0x2c0 e:/program x86/atmel/studio/7.0/toolchain/avr32/avr32-gnu-toolchain/bin/../lib/gcc/avr32/4.4.7/../../../../avr32/lib/ucr2\libc.a(lib_a-reallocr.o)
                                0x2e0 (size before relaxing)
                0x8000816c                _realloc_r
 .text._sbrk_r  0x8000842c       0x20 e:/program x86/atmel/studio/7.0/toolchain/avr32/avr32-gnu-toolchain/bin/../lib/gcc/avr32/4.4.7/../../../../avr32/lib/ucr2\libc.a(lib_a-sbrkr.o)
                                 0x28 (size before relaxing)
                0x8000842c                _sbrk_r
 .text.sprintf  0x8000844c       0x3c e:/program x86/atmel/studio/7.0/toolchain/avr32/avr32-gnu-toolchain/bin/../lib/gcc/avr32/4.4.7/../../../../avr32/lib/ucr2\libc.a(lib_a-sprintf.o)
                                 0x40 (size before relaxing)
                0x8000844c                sprintf
 .text          0x80008488       0x20 e:/program x86/atmel/studio/7.0/toolchain/avr32/avr32-gnu-toolchain/bin/../lib/gcc/avr32/4.4.7/../../../../avr32/lib/ucr2\libc.a(lib_a-strncpy.o)
                0x80008488                strncpy
 .text._close   0x800084a8       0x14 e:/program x86/atmel/studio/7.0/toolchain/avr32/avr32-gnu-toolchain/bin/../lib/gcc/avr32/4.4.7/../../../../avr32/lib/ucr2\libc.a(lib_a-syscalls.o)
                                 0x18 (size before relaxing)
                0x800084a8                _close
 .text._lseek   0x800084bc       0x14 e:/program x86/atmel/studio/7.0/toolchain/avr32/avr32-gnu-toolchain/bin/../lib/gcc/avr32/4.4.7/../../../../avr32/lib/ucr2\libc.a(lib_a-syscalls.o)
                                 0x18 (size before relaxing)
                0x800084bc                _lseek
 .text.isatty   0x800084d0       0x14 e:/program x86/atmel/studio/7.0/toolchain/avr32/avr32-gnu-toolchain/bin/../lib/gcc/avr32/4.4.7/../../../../avr32/lib/ucr2\libc.a(lib_a-syscalls.o)
                                 0x18 (size before relaxing)
                0x800084d0                isatty
 .text._fstat_host
                0x800084e4       0x14 e:/program x86/atmel/studio/7.0/toolchain/avr32/avr32-gnu-toolchain/bin/../lib/gcc/avr32/4.4.7/../../../../avr32/lib/ucr2\libc.a(lib_a-syscalls.o)
                                 0x18 (size before relaxing)
                0x800084e4                _fstat_host
 .text._fstat   0x800084f8       0x4c e:/program x86/atmel/studio/7.0/toolchain/avr32/avr32-gnu-toolchain/bin/../lib/gcc/avr32/4.4.7/../../../../avr32/lib/ucr2\libc.a(lib_a-syscalls.o)
                                 0x50 (size before relaxing)
                0x800084f8                _fstat
 .text._sbrk    0x80008544       0x38 e:/program x86/atmel/studio/7.0/toolchain/avr32/avr32-gnu-toolchain/bin/../lib/gcc/avr32/4.4.7/../../../../avr32/lib/ucr2\libc.a(lib_a-syscalls.o)
                                 0x40 (size before relaxing)
                0x80008544                _sbrk
 .text.get_arg  0x8000857c      0x314 e:/program x86/atmel/studio/7.0/toolchain/avr32/avr32-gnu-toolchain/bin/../lib/gcc/avr32/4.4.7/../../../../avr32/lib/ucr2\libc.a(lib_a-vfprintf.o)
                                0x324 (size before relaxing)
 .text.__sprint_r
                0x80008890       0x1c e:/program x86/atmel/studio/7.0/toolchain/avr32/avr32-gnu-toolchain/bin/../lib/gcc/avr32/4.4.7/../../../../avr32/lib/ucr2\libc.a(lib_a-vfprintf.o)
                                 0x20 (size before relaxing)
 .text._vfprintf_r
                0x800088ac     0x1f14 e:/program x86/atmel/studio/7.0/toolchain/avr32/avr32-gnu-toolchain/bin/../lib/gcc/avr32/4.4.7/../../../../avr32/lib/ucr2\libc.a(lib_a-vfprintf.o)
                               0x1f9c (size before relaxing)
                0x800088ac                _vfprintf_r
 .text.__swsetup_r
                0x8000a7c0       0xdc e:/program x86/atmel/studio/7.0/toolchain/avr32/avr32-gnu-toolchain/bin/../lib/gcc/avr32/4.4.7/../../../../avr32/lib/ucr2\libc.a(lib_a-wsetup.o)
                                 0xe8 (size before relaxing)
                0x8000a7c0                __swsetup_r
 .text.quorem   0x8000a89c      0x120 e:/program x86/atmel/studio/7.0/toolchain/avr32/avr32-gnu-toolchain/bin/../lib/gcc/avr32/4.4.7/../../../../avr32/lib/ucr2\libc.a(lib_a-dtoa.o)
                                0x124 (size before relaxing)
 .text._dtoa_r  0x8000a9bc      0xbdc e:/program x86/atmel/studio/7.0/toolchain/avr32/avr32-gnu-toolchain/bin/../lib/gcc/avr32/4.4.7/../../../../avr32/lib/ucr2\libc.a(lib_a-dtoa.o)
                                0xc90 (size before relaxing)
                0x8000a9bc                _dtoa_r
 .text.__errno  0x8000b598        0xc e:/program x86/atmel/studio/7.0/toolchain/avr32/avr32-gnu-toolchain/bin/../lib/gcc/avr32/4.4.7/../../../../avr32/lib/ucr2\libc.a(lib_a-errno.o)
                0x8000b598                __errno
 .text._fflush_r
                0x8000b5a4      0x10c e:/program x86/atmel/studio/7.0/toolchain/avr32/avr32-gnu-toolchain/bin/../lib/gcc/avr32/4.4.7/../../../../avr32/lib/ucr2\libc.a(lib_a-fflush.o)
                                0x118 (size before relaxing)
                0x8000b5a4                _fflush_r
 .text.__sfp_lock_acquire
                0x8000b6b0        0x2 e:/program x86/atmel/studio/7.0/toolchain/avr32/avr32-gnu-toolchain/bin/../lib/gcc/avr32/4.4.7/../../../../avr32/lib/ucr2\libc.a(lib_a-findfp.o)
                0x8000b6b0                __sfp_lock_acquire
 .text.__sfp_lock_release
                0x8000b6b2        0x2 e:/program x86/atmel/studio/7.0/toolchain/avr32/avr32-gnu-toolchain/bin/../lib/gcc/avr32/4.4.7/../../../../avr32/lib/ucr2\libc.a(lib_a-findfp.o)
                0x8000b6b2                __sfp_lock_release
 .text._cleanup_r
                0x8000b6b4        0xc e:/program x86/atmel/studio/7.0/toolchain/avr32/avr32-gnu-toolchain/bin/../lib/gcc/avr32/4.4.7/../../../../avr32/lib/ucr2\libc.a(lib_a-findfp.o)
                                 0x14 (size before relaxing)
                0x8000b6b4                _cleanup_r
 .text.__sfmoreglue
                0x8000b6c0       0x28 e:/program x86/atmel/studio/7.0/toolchain/avr32/avr32-gnu-toolchain/bin/../lib/gcc/avr32/4.4.7/../../../../avr32/lib/ucr2\libc.a(lib_a-findfp.o)
                                 0x30 (size before relaxing)
                0x8000b6c0                __sfmoreglue
 .text.__sfp    0x8000b6e8       0x6c e:/program x86/atmel/studio/7.0/toolchain/avr32/avr32-gnu-toolchain/bin/../lib/gcc/avr32/4.4.7/../../../../avr32/lib/ucr2\libc.a(lib_a-findfp.o)
                                 0x7c (size before relaxing)
                0x8000b6e8                __sfp
 .text.__sinit  0x8000b754       0x9c e:/program x86/atmel/studio/7.0/toolchain/avr32/avr32-gnu-toolchain/bin/../lib/gcc/avr32/4.4.7/../../../../avr32/lib/ucr2\libc.a(lib_a-findfp.o)
                                 0xb0 (size before relaxing)
                0x8000b754                __sinit
 .text._malloc_trim_r
                0x8000b7f0       0x98 e:/program x86/atmel/studio/7.0/toolchain/avr32/avr32-gnu-toolchain/bin/../lib/gcc/avr32/4.4.7/../../../../avr32/lib/ucr2\libc.a(lib_a-freer.o)
                                 0xa8 (size before relaxing)
                0x8000b7f0                _malloc_trim_r
 .text._free_r  0x8000b888      0x18c e:/program x86/atmel/studio/7.0/toolchain/avr32/avr32-gnu-toolchain/bin/../lib/gcc/avr32/4.4.7/../../../../avr32/lib/ucr2\libc.a(lib_a-freer.o)
                                0x1a0 (size before relaxing)
                0x8000b888                _free_r
 .text.__sfvwrite_r
                0x8000ba14      0x294 e:/program x86/atmel/studio/7.0/toolchain/avr32/avr32-gnu-toolchain/bin/../lib/gcc/avr32/4.4.7/../../../../avr32/lib/ucr2\libc.a(lib_a-fvwrite.o)
                                0x2c4 (size before relaxing)
                0x8000ba14                __sfvwrite_r
 .text._fwalk   0x8000bca8       0x4c e:/program x86/atmel/studio/7.0/toolchain/avr32/avr32-gnu-toolchain/bin/../lib/gcc/avr32/4.4.7/../../../../avr32/lib/ucr2\libc.a(lib_a-fwalk.o)
                                 0x54 (size before relaxing)
                0x8000bca8                _fwalk
 .text._localeconv_r
                0x8000bcf4        0x8 e:/program x86/atmel/studio/7.0/toolchain/avr32/avr32-gnu-toolchain/bin/../lib/gcc/avr32/4.4.7/../../../../avr32/lib/ucr2\libc.a(lib_a-locale.o)
                0x8000bcf4                _localeconv_r
 .text.__smakebuf_r
                0x8000bcfc       0xbc e:/program x86/atmel/studio/7.0/toolchain/avr32/avr32-gnu-toolchain/bin/../lib/gcc/avr32/4.4.7/../../../../avr32/lib/ucr2\libc.a(lib_a-makebuf.o)
                                 0xcc (size before relaxing)
                0x8000bcfc                __smakebuf_r
 .text.memchr   0x8000bdb8       0x16 e:/program x86/atmel/studio/7.0/toolchain/avr32/avr32-gnu-toolchain/bin/../lib/gcc/avr32/4.4.7/../../../../avr32/lib/ucr2\libc.a(lib_a-memchr.o)
                0x8000bdb8                memchr
 .text.memmove  0x8000bdce       0x3e e:/program x86/atmel/studio/7.0/toolchain/avr32/avr32-gnu-toolchain/bin/../lib/gcc/avr32/4.4.7/../../../../avr32/lib/ucr2\libc.a(lib_a-memmove.o)
                0x8000bdce                memmove
 .text.__hi0bits
                0x8000be0c       0x60 e:/program x86/atmel/studio/7.0/toolchain/avr32/avr32-gnu-toolchain/bin/../lib/gcc/avr32/4.4.7/../../../../avr32/lib/ucr2\libc.a(lib_a-mprec.o)
                0x8000be0c                __hi0bits
 .text.__lo0bits
                0x8000be6c       0x8e e:/program x86/atmel/studio/7.0/toolchain/avr32/avr32-gnu-toolchain/bin/../lib/gcc/avr32/4.4.7/../../../../avr32/lib/ucr2\libc.a(lib_a-mprec.o)
                0x8000be6c                __lo0bits
 .text.__mcmp   0x8000befa       0x32 e:/program x86/atmel/studio/7.0/toolchain/avr32/avr32-gnu-toolchain/bin/../lib/gcc/avr32/4.4.7/../../../../avr32/lib/ucr2\libc.a(lib_a-mprec.o)
                0x8000befa                __mcmp
 .text._Bfree   0x8000bf2c       0x34 e:/program x86/atmel/studio/7.0/toolchain/avr32/avr32-gnu-toolchain/bin/../lib/gcc/avr32/4.4.7/../../../../avr32/lib/ucr2\libc.a(lib_a-mprec.o)
                                 0x38 (size before relaxing)
                0x8000bf2c                _Bfree
 .text._Balloc  0x8000bf60       0x70 e:/program x86/atmel/studio/7.0/toolchain/avr32/avr32-gnu-toolchain/bin/../lib/gcc/avr32/4.4.7/../../../../avr32/lib/ucr2\libc.a(lib_a-mprec.o)
                                 0x78 (size before relaxing)
                0x8000bf60                _Balloc
 .text.__d2b    0x8000bfd0       0xa0 e:/program x86/atmel/studio/7.0/toolchain/avr32/avr32-gnu-toolchain/bin/../lib/gcc/avr32/4.4.7/../../../../avr32/lib/ucr2\libc.a(lib_a-mprec.o)
                                 0xb4 (size before relaxing)
                0x8000bfd0                __d2b
 .text.__mdiff  0x8000c070       0xd0 e:/program x86/atmel/studio/7.0/toolchain/avr32/avr32-gnu-toolchain/bin/../lib/gcc/avr32/4.4.7/../../../../avr32/lib/ucr2\libc.a(lib_a-mprec.o)
                                 0xd8 (size before relaxing)
                0x8000c070                __mdiff
 .text.__lshift
                0x8000c140       0x88 e:/program x86/atmel/studio/7.0/toolchain/avr32/avr32-gnu-toolchain/bin/../lib/gcc/avr32/4.4.7/../../../../avr32/lib/ucr2\libc.a(lib_a-mprec.o)
                                 0x94 (size before relaxing)
                0x8000c140                __lshift
 .text.__multiply
                0x8000c1c8      0x100 e:/program x86/atmel/studio/7.0/toolchain/avr32/avr32-gnu-toolchain/bin/../lib/gcc/avr32/4.4.7/../../../../avr32/lib/ucr2\libc.a(lib_a-mprec.o)
                                0x108 (size before relaxing)
                0x8000c1c8                __multiply
 .text.__i2b    0x8000c2c8       0x10 e:/program x86/atmel/studio/7.0/toolchain/avr32/avr32-gnu-toolchain/bin/../lib/gcc/avr32/4.4.7/../../../../avr32/lib/ucr2\libc.a(lib_a-mprec.o)
                                 0x18 (size before relaxing)
                0x8000c2c8                __i2b
 .text.__multadd
                0x8000c2d8       0x7c e:/program x86/atmel/studio/7.0/toolchain/avr32/avr32-gnu-toolchain/bin/../lib/gcc/avr32/4.4.7/../../../../avr32/lib/ucr2\libc.a(lib_a-mprec.o)
                                 0x88 (size before relaxing)
                0x8000c2d8                __multadd
 .text.__pow5mult
                0x8000c354       0x8c e:/program x86/atmel/studio/7.0/toolchain/avr32/avr32-gnu-toolchain/bin/../lib/gcc/avr32/4.4.7/../../../../avr32/lib/ucr2\libc.a(lib_a-mprec.o)
                                 0xac (size before relaxing)
                0x8000c354                __pow5mult
 .text.__isinfd
                0x8000c3e0       0x2a e:/program x86/atmel/studio/7.0/toolchain/avr32/avr32-gnu-toolchain/bin/../lib/gcc/avr32/4.4.7/../../../../avr32/lib/ucr2\libc.a(lib_a-s_isinfd.o)
                0x8000c3e0                __isinfd
 .text.__isnand
                0x8000c40a       0x1c e:/program x86/atmel/studio/7.0/toolchain/avr32/avr32-gnu-toolchain/bin/../lib/gcc/avr32/4.4.7/../../../../avr32/lib/ucr2\libc.a(lib_a-s_isnand.o)
                0x8000c40a                __isnand
 *fill*         0x8000c426        0x2 d703d703
 .text.__sclose
                0x8000c428        0x8 e:/program x86/atmel/studio/7.0/toolchain/avr32/avr32-gnu-toolchain/bin/../lib/gcc/avr32/4.4.7/../../../../avr32/lib/ucr2\libc.a(lib_a-stdio.o)
                                 0x10 (size before relaxing)
                0x8000c428                __sclose
 .text.__sseek  0x8000c430       0x20 e:/program x86/atmel/studio/7.0/toolchain/avr32/avr32-gnu-toolchain/bin/../lib/gcc/avr32/4.4.7/../../../../avr32/lib/ucr2\libc.a(lib_a-stdio.o)
                                 0x28 (size before relaxing)
                0x8000c430                __sseek
 .text.__swrite
                0x8000c450       0x2c e:/program x86/atmel/studio/7.0/toolchain/avr32/avr32-gnu-toolchain/bin/../lib/gcc/avr32/4.4.7/../../../../avr32/lib/ucr2\libc.a(lib_a-stdio.o)
                                 0x38 (size before relaxing)
                0x8000c450                __swrite
 .text.__sread  0x8000c47c       0x1c e:/program x86/atmel/studio/7.0/toolchain/avr32/avr32-gnu-toolchain/bin/../lib/gcc/avr32/4.4.7/../../../../avr32/lib/ucr2\libc.a(lib_a-stdio.o)
                                 0x24 (size before relaxing)
                0x8000c47c                __sread
 .text.strlen   0x8000c498       0x16 e:/program x86/atmel/studio/7.0/toolchain/avr32/avr32-gnu-toolchain/bin/../lib/gcc/avr32/4.4.7/../../../../avr32/lib/ucr2\libc.a(lib_a-strlen.o)
                0x8000c498                strlen
 *fill*         0x8000c4ae        0x2 d703d703
 .text._write_r
                0x8000c4b0       0x28 e:/program x86/atmel/studio/7.0/toolchain/avr32/avr32-gnu-toolchain/bin/../lib/gcc/avr32/4.4.7/../../../../avr32/lib/ucr2\libc.a(lib_a-writer.o)
                                 0x2c (size before relaxing)
                0x8000c4b0                _write_r
 .text._calloc_r
                0x8000c4d8       0x58 e:/program x86/atmel/studio/7.0/toolchain/avr32/avr32-gnu-toolchain/bin/../lib/gcc/avr32/4.4.7/../../../../avr32/lib/ucr2\libc.a(lib_a-callocr.o)
                                 0x60 (size before relaxing)
                0x8000c4d8                _calloc_r
 .text._close_r
                0x8000c530       0x20 e:/program x86/atmel/studio/7.0/toolchain/avr32/avr32-gnu-toolchain/bin/../lib/gcc/avr32/4.4.7/../../../../avr32/lib/ucr2\libc.a(lib_a-closer.o)
                                 0x28 (size before relaxing)
                0x8000c530                _close_r
 .text._fclose_r
                0x8000c550       0xb8 e:/program x86/atmel/studio/7.0/toolchain/avr32/avr32-gnu-toolchain/bin/../lib/gcc/avr32/4.4.7/../../../../avr32/lib/ucr2\libc.a(lib_a-fclose.o)
                                 0xd0 (size before relaxing)
                0x8000c550                _fclose_r
 .text.fclose   0x8000c608       0x10 e:/program x86/atmel/studio/7.0/toolchain/avr32/avr32-gnu-toolchain/bin/../lib/gcc/avr32/4.4.7/../../../../avr32/lib/ucr2\libc.a(lib_a-fclose.o)
                                 0x18 (size before relaxing)
                0x8000c608                fclose
 .text._fstat_r
                0x8000c618       0x24 e:/program x86/atmel/studio/7.0/toolchain/avr32/avr32-gnu-toolchain/bin/../lib/gcc/avr32/4.4.7/../../../../avr32/lib/ucr2\libc.a(lib_a-fstatr.o)
                                 0x2c (size before relaxing)
                0x8000c618                _fstat_r
 .text._lseek_r
                0x8000c63c       0x28 e:/program x86/atmel/studio/7.0/toolchain/avr32/avr32-gnu-toolchain/bin/../lib/gcc/avr32/4.4.7/../../../../avr32/lib/ucr2\libc.a(lib_a-lseekr.o)
                                 0x2c (size before relaxing)
                0x8000c63c                _lseek_r
 .text._read_r  0x8000c664       0x28 e:/program x86/atmel/studio/7.0/toolchain/avr32/avr32-gnu-toolchain/bin/../lib/gcc/avr32/4.4.7/../../../../avr32/lib/ucr2\libc.a(lib_a-readr.o)
                                 0x2c (size before relaxing)
                0x8000c664                _read_r
 .text          0x8000c68c      0x1d4 e:/program x86/atmel/studio/7.0/toolchain/avr32/avr32-gnu-toolchain/bin/../lib/gcc/avr32/4.4.7/ucr2\libgcc.a(_avr32_f64_mul.o)
                0x8000c68c                __avr32_f64_mul
 .text          0x8000c860      0x2b0 e:/program x86/atmel/studio/7.0/toolchain/avr32/avr32-gnu-toolchain/bin/../lib/gcc/avr32/4.4.7/ucr2\libgcc.a(_avr32_f64_addsub.o)
                0x8000c864                __avr32_f64_sub
                0x8000ca00                __avr32_f64_add
 .text          0x8000cb10       0x2a e:/program x86/atmel/studio/7.0/toolchain/avr32/avr32-gnu-toolchain/bin/../lib/gcc/avr32/4.4.7/ucr2\libgcc.a(_avr32_f64_to_s32.o)
                0x8000cb10                __avr32_f64_to_u32
                0x8000cb14                __avr32_f64_to_s32
 .text          0x8000cb3a       0xe8 e:/program x86/atmel/studio/7.0/toolchain/avr32/avr32-gnu-toolchain/bin/../lib/gcc/avr32/4.4.7/ucr2\libgcc.a(_avr32_s32_to_f64.o)
                0x8000cb3a                __avr32_u32_to_f64
                0x8000cb42                __avr32_s32_to_f64
 .text          0x8000cc22       0x26 e:/program x86/atmel/studio/7.0/toolchain/avr32/avr32-gnu-toolchain/bin/../lib/gcc/avr32/4.4.7/ucr2\libgcc.a(_avr32_f64_cmp_eq.o)
                0x8000cc22                __avr32_f64_cmp_eq
 .text          0x8000cc48       0x68 e:/program x86/atmel/studio/7.0/toolchain/avr32/avr32-gnu-toolchain/bin/../lib/gcc/avr32/4.4.7/ucr2\libgcc.a(_avr32_f64_cmp_ge.o)
                0x8000cc48                __avr32_f64_cmp_ge
 .text          0x8000ccb0       0x68 e:/program x86/atmel/studio/7.0/toolchain/avr32/avr32-gnu-toolchain/bin/../lib/gcc/avr32/4.4.7/ucr2\libgcc.a(_avr32_f64_cmp_lt.o)
                0x8000ccb0                __avr32_f64_cmp_lt
 .text          0x8000cd18      0x318 e:/program x86/atmel/studio/7.0/toolchain/avr32/avr32-gnu-toolchain/bin/../lib/gcc/avr32/4.4.7/ucr2\libgcc.a(_avr32_f64_div.o)
                0x8000cd18                __avr32_f64_div
 .text          0x8000d030      0x264 e:/program x86/atmel/studio/7.0/toolchain/avr32/avr32-gnu-toolchain/bin/../lib/gcc/avr32/4.4.7/ucr2\libgcc.a(_udivdi3.o)
                0x8000d030                __avr32_udiv64
                0x8000d030                __udivdi3
 .text          0x8000d294      0x20c e:/program x86/atmel/studio/7.0/toolchain/avr32/avr32-gnu-toolchain/bin/../lib/gcc/avr32/4.4.7/ucr2\libgcc.a(_umoddi3.o)
                0x8000d294                __avr32_umod64
                0x8000d294                __umoddi3
 *(.text.*personality*)
 *(.gnu.warning)

.exception      0x8000d600      0x200
 .exception     0x8000d600      0x200 src/ASF/thirdparty/freertos/freertos-7.0.0/source/portable/gcc/avr32_uc3/exception.o
                0x8000d600                _evba
                0x8000d704                _int0
                0x8000d712                _int1
                0x8000d720                _int2
                0x8000d72e                _int3
                0x8000d73c                ipr_val

.fini
 *(.fini)
                0x8000d800                PROVIDE (__etext, .)
                0x8000d800                PROVIDE (_etext, .)
                0x8000d800                PROVIDE (etext, .)

.rodata         0x8000d800     0x1350
 *(.rodata .rodata.* .gnu.linkonce.r.*)
 .rodata.str1.4
                0x8000d800      0x70a src/Application/app/app.o
                                0x70c (size before relaxing)
 *fill*         0x8000df0a        0x2 
 .rodata.str1.4
                0x8000df0c       0x1d src/Application/myrtc/xgrtc.o
                                 0x20 (size before relaxing)
 *fill*         0x8000df29        0x3 
 .rodata.CSWTCH.36
                0x8000df2c       0x48 src/Application/radio/ambe.o
 .rodata.str1.4
                0x8000df74        0xb src/Application/radio/payload.o
                                  0xc (size before relaxing)
 *fill*         0x8000df7f        0x1 
 .rodata.str1.4
                0x8000df80       0x48 src/Application/radio/physical.o
 .rodata.str1.4
                0x8000dfc8        0x8 src/Application/radio/xcmp.o
 .rodata.str1.4
                0x8000dfd0        0x7 src/Application/radio/xnl.o
                                 0x10 (size before relaxing)
 *fill*         0x8000dfd7        0x1 
 .rodata.RC522_SPI_GPIO_MAP.10477
                0x8000dfd8       0x20 src/Application/RFID/MFRC522/rc522.o
 .rodata.CSWTCH.75
                0x8000dff8        0x4 src/Application/RFID/MFRC522/rc522.o
 .rodata.CSWTCH.76
                0x8000dffc        0x4 src/Application/RFID/MFRC522/rc522.o
 .rodata.C.52.10479
                0x8000e000       0x10 src/Application/RFID/MFRC522/rc522.o
 .rodata.str1.4
                0x8000e010       0x85 src/Application/RFID/RFID.o
                                 0x88 (size before relaxing)
 *fill*         0x8000e095        0x3 
 .rodata.TC_GPIO_MAP.10364
                0x8000e098       0x18 src/Application/timers/timer.o
 .rodata.str1.4
                0x8000e0b0      0x15e src/Application/xgflash/xgflash.o
                                0x160 (size before relaxing)
 .rodata.C.35.9834
                0x8000e20e       0x10 src/ASF/avr32/drivers/flashc/flashc.o
 *fill*         0x8000e21e        0x2 
 .rodata._int_handler_table
                0x8000e220       0x98 src/ASF/avr32/drivers/intc/intc.o
 .rodata.str1.4
                0x8000e2b8        0x5 src/ASF/thirdparty/freertos/freertos-7.0.0/source/tasks.o
                                  0x8 (size before relaxing)
 *fill*         0x8000e2bd        0x3 
 .rodata.log    0x8000e2c0      0x150 src/Log/log.o
 .rodata.logFromISR
                0x8000e410      0x150 src/Log/log.o
 .rodata.USART_OPTIONS.11278
                0x8000e560        0xc src/Log/log.o
 .rodata.str1.4
                0x8000e56c       0x3c src/Log/log.o
 .rodata.USART_GPIO_MAP.11277
                0x8000e5a8       0x10 src/Log/log.o
 .rodata.str1.4
                0x8000e5b8       0x14 src/main.o
 .rodata.get_arg
                0x8000e5cc       0x3c e:/program x86/atmel/studio/7.0/toolchain/avr32/avr32-gnu-toolchain/bin/../lib/gcc/avr32/4.4.7/../../../../avr32/lib/ucr2\libc.a(lib_a-vfprintf.o)
 .rodata._vfprintf_r
                0x8000e608      0x164 e:/program x86/atmel/studio/7.0/toolchain/avr32/avr32-gnu-toolchain/bin/../lib/gcc/avr32/4.4.7/../../../../avr32/lib/ucr2\libc.a(lib_a-vfprintf.o)
 .rodata.state_table
                0x8000e76c       0x6c e:/program x86/atmel/studio/7.0/toolchain/avr32/avr32-gnu-toolchain/bin/../lib/gcc/avr32/4.4.7/../../../../avr32/lib/ucr2\libc.a(lib_a-vfprintf.o)
 .rodata.action_table
                0x8000e7d8       0x6c e:/program x86/atmel/studio/7.0/toolchain/avr32/avr32-gnu-toolchain/bin/../lib/gcc/avr32/4.4.7/../../../../avr32/lib/ucr2\libc.a(lib_a-vfprintf.o)
 .rodata.str1.4
                0x8000e844       0x3a e:/program x86/atmel/studio/7.0/toolchain/avr32/avr32-gnu-toolchain/bin/../lib/gcc/avr32/4.4.7/../../../../avr32/lib/ucr2\libc.a(lib_a-vfprintf.o)
                                 0x3c (size before relaxing)
 *fill*         0x8000e87e        0x2 
 .rodata.blanks.3430
                0x8000e880       0x10 e:/program x86/atmel/studio/7.0/toolchain/avr32/avr32-gnu-toolchain/bin/../lib/gcc/avr32/4.4.7/../../../../avr32/lib/ucr2\libc.a(lib_a-vfprintf.o)
 .rodata.zeroes.3431
                0x8000e890       0x10 e:/program x86/atmel/studio/7.0/toolchain/avr32/avr32-gnu-toolchain/bin/../lib/gcc/avr32/4.4.7/../../../../avr32/lib/ucr2\libc.a(lib_a-vfprintf.o)
 .rodata.chclass
                0x8000e8a0      0x100 e:/program x86/atmel/studio/7.0/toolchain/avr32/avr32-gnu-toolchain/bin/../lib/gcc/avr32/4.4.7/../../../../avr32/lib/ucr2\libc.a(lib_a-vfprintf.o)
 .rodata.str1.4
                0x8000e9a0       0x10 e:/program x86/atmel/studio/7.0/toolchain/avr32/avr32-gnu-toolchain/bin/../lib/gcc/avr32/4.4.7/../../../../avr32/lib/ucr2\libc.a(lib_a-dtoa.o)
                                 0x14 (size before relaxing)
 .rodata.__sf_fake_stdin
                0x8000e9b0       0x20 e:/program x86/atmel/studio/7.0/toolchain/avr32/avr32-gnu-toolchain/bin/../lib/gcc/avr32/4.4.7/../../../../avr32/lib/ucr2\libc.a(lib_a-findfp.o)
                0x8000e9b0                __sf_fake_stdin
 .rodata.__sf_fake_stdout
                0x8000e9d0       0x20 e:/program x86/atmel/studio/7.0/toolchain/avr32/avr32-gnu-toolchain/bin/../lib/gcc/avr32/4.4.7/../../../../avr32/lib/ucr2\libc.a(lib_a-findfp.o)
                0x8000e9d0                __sf_fake_stdout
 .rodata.__sf_fake_stderr
                0x8000e9f0       0x20 e:/program x86/atmel/studio/7.0/toolchain/avr32/avr32-gnu-toolchain/bin/../lib/gcc/avr32/4.4.7/../../../../avr32/lib/ucr2\libc.a(lib_a-findfp.o)
                0x8000e9f0                __sf_fake_stderr
 .rodata.str1.4
                0x8000ea10        0x2 e:/program x86/atmel/studio/7.0/toolchain/avr32/avr32-gnu-toolchain/bin/../lib/gcc/avr32/4.4.7/../../../../avr32/lib/ucr2\libc.a(lib_a-impure.o)
                                  0x4 (size before relaxing)
 *fill*         0x8000ea12        0x2 
 .rodata._global_impure_ptr
                0x8000ea14        0x4 e:/program x86/atmel/studio/7.0/toolchain/avr32/avr32-gnu-toolchain/bin/../lib/gcc/avr32/4.4.7/../../../../avr32/lib/ucr2\libc.a(lib_a-impure.o)
                0x8000ea14                _global_impure_ptr
 .rodata.lconv  0x8000ea18       0x30 e:/program x86/atmel/studio/7.0/toolchain/avr32/avr32-gnu-toolchain/bin/../lib/gcc/avr32/4.4.7/../../../../avr32/lib/ucr2\libc.a(lib_a-locale.o)
 .rodata.str1.4
                0x8000ea48        0xc e:/program x86/atmel/studio/7.0/toolchain/avr32/avr32-gnu-toolchain/bin/../lib/gcc/avr32/4.4.7/../../../../avr32/lib/ucr2\libc.a(lib_a-locale.o)
                                 0x18 (size before relaxing)
 .rodata.p05.2471
                0x8000ea54        0xc e:/program x86/atmel/studio/7.0/toolchain/avr32/avr32-gnu-toolchain/bin/../lib/gcc/avr32/4.4.7/../../../../avr32/lib/ucr2\libc.a(lib_a-mprec.o)
 .rodata.__mprec_tens
                0x8000ea60       0xc8 e:/program x86/atmel/studio/7.0/toolchain/avr32/avr32-gnu-toolchain/bin/../lib/gcc/avr32/4.4.7/../../../../avr32/lib/ucr2\libc.a(lib_a-mprec.o)
                0x8000ea60                __mprec_tens
 .rodata.__mprec_bigtens
                0x8000eb28       0x28 e:/program x86/atmel/studio/7.0/toolchain/avr32/avr32-gnu-toolchain/bin/../lib/gcc/avr32/4.4.7/../../../../avr32/lib/ucr2\libc.a(lib_a-mprec.o)
                0x8000eb28                __mprec_bigtens

.rodata1
 *(.rodata1)

.eh_frame_hdr
 *(.eh_frame_hdr)

.eh_frame
 *(.eh_frame)

.gcc_except_table
 *(.gcc_except_table)
 *(.gcc_except_table.*)

.dalign         0x8000eb50        0x0
                0x8000eb50                . = ALIGN (0x8)
                0x8000eb50                PROVIDE (_data_lma, .)
                0x00000004                PROVIDE (_data, ORIGIN (CPUSRAM))
                0x00000004                . = ORIGIN (CPUSRAM)

.eh_frame
 *(.eh_frame)

.gcc_except_table
 *(.gcc_except_table)
 *(.gcc_except_table.*)

.tdata
 *(.tdata .tdata.* .gnu.linkonce.td.*)

.tbss
 *(.tbss .tbss.* .gnu.linkonce.tb.*)
 *(.tcommon)
                0x00000004                PROVIDE (__preinit_array_start, ALIGN (0x4))

.preinit_array
 *(.preinit_array)
                0x00000004                PROVIDE (__preinit_array_end, .)
                0x00000004                PROVIDE (__init_array_start, .)

.init_array
 *(.init_array)
                0x00000004                PROVIDE (__init_array_end, .)
                0x00000004                PROVIDE (__fini_array_start, .)

.fini_array
 *(.fini_array)
                0x00000004                PROVIDE (__fini_array_end, .)

.ctors
 *crtbegin*.o(.ctors)
 *(EXCLUDE_FILE(*crtend*.o) .ctors)
 *(SORT(.ctors.*))
 *(.ctors)

.dtors
 *crtbegin*.o(.dtors)
 *(EXCLUDE_FILE(*crtend*.o) .dtors)
 *(SORT(.dtors.*))
 *(.dtors)

.jcr
 *(.jcr)

.data.rel.ro
 *(.data.rel.ro.local)
 *(.data.rel.ro*)

.dynamic
 *(.dynamic)

.got
 *(.got.plt)
 *(.got)

.data           0x00000004      0xa4c load address 0x8000eb50
 *(.data .data.* .gnu.linkonce.d.*)
 .data.the_app_list
                0x00000004      0x4ec src/Application/app/app.o
 .data.print_sec
                0x000004f0        0x4 src/Application/myrtc/xgrtc.o
 .data.xnl_proc_list
                0x000004f4       0x34 src/Application/radio/xnl.o
 .data.unsure_data
                0x00000528        0x8 src/Application/RFID/RFID.o
                0x00000528                unsure_data
 .data.start_session.11449
                0x00000530        0x1 src/Application/RFID/RFID.o
 *fill*         0x00000531        0x3 
 .data.XGFlashLabel
                0x00000534        0x8 src/Application/xgflash/xgflash.o
                0x00000534                XGFlashLabel
 .data.current_save_message_offset
                0x0000053c        0x4 src/Application/xgflash/xgflash.o
 .data.flashc_wait_until_ready
                0x00000540        0x4 src/ASF/avr32/drivers/flashc/flashc.o
                0x00000540                flashc_wait_until_ready
 .data.ulCriticalNesting
                0x00000544        0x4 src/ASF/thirdparty/freertos/freertos-7.0.0/source/portable/gcc/avr32_uc3/port.o
                0x00000544                ulCriticalNesting
 .data.xNextTaskUnblockTime
                0x00000548        0x4 src/ASF/thirdparty/freertos/freertos-7.0.0/source/tasks.o
 .data.__malloc_av_
                0x0000054c      0x408 e:/program x86/atmel/studio/7.0/toolchain/avr32/avr32-gnu-toolchain/bin/../lib/gcc/avr32/4.4.7/../../../../avr32/lib/ucr2\libc.a(lib_a-mallocr.o)
                0x0000054c                __malloc_av_
 .data.__malloc_trim_threshold
                0x00000954        0x4 e:/program x86/atmel/studio/7.0/toolchain/avr32/avr32-gnu-toolchain/bin/../lib/gcc/avr32/4.4.7/../../../../avr32/lib/ucr2\libc.a(lib_a-mallocr.o)
                0x00000954                __malloc_trim_threshold
 .data.__malloc_sbrk_base
                0x00000958        0x4 e:/program x86/atmel/studio/7.0/toolchain/avr32/avr32-gnu-toolchain/bin/../lib/gcc/avr32/4.4.7/../../../../avr32/lib/ucr2\libc.a(lib_a-mallocr.o)
                0x00000958                __malloc_sbrk_base
 .data.impure_data
                0x0000095c       0xf0 e:/program x86/atmel/studio/7.0/toolchain/avr32/avr32-gnu-toolchain/bin/../lib/gcc/avr32/4.4.7/../../../../avr32/lib/ucr2\libc.a(lib_a-impure.o)
 .data._impure_ptr
                0x00000a4c        0x4 e:/program x86/atmel/studio/7.0/toolchain/avr32/avr32-gnu-toolchain/bin/../lib/gcc/avr32/4.4.7/../../../../avr32/lib/ucr2\libc.a(lib_a-impure.o)
                0x00000a4c                _impure_ptr
 *(.gnu.linkonce.d.*personality*)

.data1
 *(.data1)

.balign         0x00000a50        0x0 load address 0x8000f59c
                0x00000a50                . = ALIGN (0x8)
                0x00000a50                _edata = .
                0x00000a50                _edata = .
                0x00000a50                PROVIDE (edata, .)
                0x00000a50                __bss_start = .

.bss            0x00000a50     0x49d8 load address 0x8000f59c
 *(.dynbss)
 *(.bss .bss.* .gnu.linkonce.b.*)
 .bss.Speaker_is_unmute
                0x00000a50        0x1 src/Application/app/app.o
                0x00000a50                Speaker_is_unmute
 .bss.AMBE_rx_flag
                0x00000a51        0x1 src/Application/app/app.o
                0x00000a51                AMBE_rx_flag
 .bss.VF_SN     0x00000a52        0x1 src/Application/app/app.o
                0x00000a52                VF_SN
 .bss.AMBE_tx_flag
                0x00000a53        0x1 src/Application/app/app.o
                0x00000a53                AMBE_tx_flag
 .bss.Radio_Transmit_State
                0x00000a54        0x1 src/Application/app/app.o
                0x00000a54                Radio_Transmit_State
 .bss.Call_Begin
                0x00000a55        0x1 src/Application/app/app.o
                0x00000a55                Call_Begin
 .bss.AMBE_Media
                0x00000a56        0x1 src/Application/app/app.o
                0x00000a56                AMBE_Media
 *fill*         0x00000a57        0x1 
 .bss.xLastWakeTime.12249
                0x00000a58        0x4 src/Application/app/app.o
 .bss.connect_flag
                0x00000a5c        0x1 src/Application/app/app.o
 .bss.Mic_is_Enabled
                0x00000a5d        0x1 src/Application/app/app.o
                0x00000a5d                Mic_is_Enabled
 *fill*         0x00000a5e        0x2 
 .bss.res.12237
                0x00000a60        0x4 src/Application/app/app.o
 .bss.times_counter.12277
                0x00000a64        0x1 src/Application/app/app.o
 .bss.Terminator_Flag
                0x00000a65        0x1 src/Application/app/app.o
                0x00000a65                Terminator_Flag
 *fill*         0x00000a66        0x2 
 .bss.ulIdleCycleCount
                0x00000a68        0x4 src/Application/app/app.o
                0x00000a68                ulIdleCycleCount
 .bss.payload_rx_exec
                0x00000a6c        0x4 src/Application/radio/payload.o
                0x00000a6c                payload_rx_exec
 .bss.payload_tx_exec
                0x00000a70        0x4 src/Application/radio/payload.o
                0x00000a70                payload_tx_exec
 .bss.ArrayDiscLength.10968
                0x00000a74        0x4 src/Application/radio/physical.o
 .bss.phy_tx_index.10647
                0x00000a78        0x1 src/Application/radio/physical.o
 *fill*         0x00000a79        0x3 
 .bss.Item_Length.10973
                0x00000a7c        0x4 src/Application/radio/physical.o
 .bss.phy_rx_length.10690
                0x00000a80        0x2 src/Application/radio/physical.o
 *fill*         0x00000a82        0x2 
 .bss.AMBE_HT   0x00000a84        0x8 src/Application/radio/physical.o
 .bss.RxBytesWaiting.10967
                0x00000a8c        0x4 src/Application/radio/physical.o
 .bss.phy_rx_expexted_length.10689
                0x00000a90        0x2 src/Application/radio/physical.o
 *fill*         0x00000a92        0x2 
 .bss.phy_tx_state.10645
                0x00000a94        0x4 src/Application/radio/physical.o
 .bss.Item_ID.10972
                0x00000a98        0x1 src/Application/radio/physical.o
 *fill*         0x00000a99        0x3 
 .bss.AMBE_payload_ptr.10970
                0x00000a9c        0x4 src/Application/radio/physical.o
 .bss.phy_payload_frame_rx
                0x00000aa0        0x4 src/Application/radio/physical.o
                0x00000aa0                phy_payload_frame_rx
 .bss.xnl_store_idle
                0x00000aa4        0x4 src/Application/radio/physical.o
                0x00000aa4                xnl_store_idle
 .bss.RxMedia_IsFillingNext16.10964
                0x00000aa8        0x4 src/Application/radio/physical.o
 .bss.payload_store_idle
                0x00000aac        0x4 src/Application/radio/physical.o
                0x00000aac                payload_store_idle
 .bss.phy_rx_state.10692
                0x00000ab0        0x4 src/Application/radio/physical.o
 .bss.phy_check_sum.10691
                0x00000ab4        0x2 src/Application/radio/physical.o
 *fill*         0x00000ab6        0x2 
 .bss.phy_xnl_frame_rx
                0x00000ab8        0x4 src/Application/radio/physical.o
                0x00000ab8                phy_xnl_frame_rx
 .bss.phy_tx_expexted_length.10646
                0x00000abc        0x2 src/Application/radio/physical.o
 *fill*         0x00000abe        0x2 
 .bss.RxData_IsFillingNext16.10966
                0x00000ac0        0x4 src/Application/radio/physical.o
 .bss.m_RxBurstType
                0x00000ac4        0x4 src/Application/radio/physical.o
 .bss.payload_ptr.10969
                0x00000ac8        0x4 src/Application/radio/physical.o
 .bss.phy_payload_frame_tx
                0x00000acc        0x4 src/Application/radio/physical.o
                0x00000acc                phy_payload_frame_tx
 .bss.SDV_Index.10975
                0x00000ad0        0x1 src/Application/radio/physical.o
 *fill*         0x00000ad1        0x3 
 .bss.phy_rx_count.10693
                0x00000ad4        0x4 src/Application/radio/physical.o
 .bss.phy_frame_ptr.10688
                0x00000ad8        0x4 src/Application/radio/physical.o
 .bss.phy_xnl_frame_tx
                0x00000adc        0x4 src/Application/radio/physical.o
                0x00000adc                phy_xnl_frame_tx
 .bss.RxAMBE_IsFillingNext8.10965
                0x00000ae0        0x4 src/Application/radio/physical.o
 .bss.is_first.10971
                0x00000ae4        0x1 src/Application/radio/physical.o
 *fill*         0x00000ae5        0x3 
 .bss.phy_ptr.10644
                0x00000ae8        0x4 src/Application/radio/physical.o
 .bss.RxMediaState.10963
                0x00000aec        0x4 src/Application/radio/physical.o
 .bss.phy_rx_exec
                0x00000af0        0x4 src/Application/radio/ssc.o
                0x00000af0                phy_rx_exec
 .bss.phy_tx_exec
                0x00000af4        0x4 src/Application/radio/ssc.o
                0x00000af4                phy_tx_exec
 .bss.version_information
                0x00000af8        0xc src/Application/radio/xcmp.o
                0x00000af8                version_information
 .bss.clone_read
                0x00000b04        0xc src/Application/radio/xcmp.o
                0x00000b04                clone_read
 .bss.xcmp_frame_rx
                0x00000b10        0x4 src/Application/radio/xcmp.o
 .bss.clone_write
                0x00000b14        0xc src/Application/radio/xcmp.o
                0x00000b14                clone_write
 .bss.automatic_frequency_correction_control
                0x00000b20        0xc src/Application/radio/xcmp.o
                0x00000b20                automatic_frequency_correction_control
 .bss.language_pack_information
                0x00000b2c        0xc src/Application/radio/xcmp.o
                0x00000b2c                language_pack_information
 .bss.radio_status
                0x00000b38        0xc src/Application/radio/xcmp.o
                0x00000b38                radio_status
 .bss.xnl_timeout_semphr
                0x00000b44        0x4 src/Application/radio/xnl.o
 .bss.flags.10672
                0x00000b48        0x1 src/Application/radio/xnl.o
 *fill*         0x00000b49        0x1 
 .bss.xnl_information
                0x00000b4a        0xa src/Application/radio/xnl.o
 .bss.xnl_tx_state.10716
                0x00000b54        0x4 src/Application/radio/xnl.o
 .bss.xnl_frame_tx
                0x00000b58        0x4 src/Application/radio/xnl.o
 .bss.xnl_send_times.10717
                0x00000b5c        0x4 src/Application/radio/xnl.o
 .bss.ptr.10718
                0x00000b60        0x4 src/Application/radio/xnl.o
 .bss.xcmp_exec
                0x00000b64        0x4 src/Application/radio/xnl.o
                0x00000b64                xcmp_exec
 .bss.rc522_init_failure
                0x00000b68        0x1 src/Application/RFID/MFRC522/rc522.o
                0x00000b68                rc522_init_failure
 *fill*         0x00000b69        0x3 
 .bss.xg_resend_queue
                0x00000b6c        0x4 src/Application/xgflash/xgflash.o
                0x00000b6c                xg_resend_queue
 .bss.list_init_success_flag
                0x00000b70        0x1 src/Application/xgflash/xgflash.o
 *fill*         0x00000b71        0x3 
 .bss.xgflash_mutex
                0x00000b74        0x4 src/Application/xgflash/xgflash.o
 .bss.current_bytes_remained
                0x00000b78        0x4 src/Application/xgflash/xgflash.o
 .bss.message_storage_queue
                0x00000b7c        0x4 src/Application/xgflash/xgflash.o
                0x00000b7c                message_storage_queue
 .bss.current_page_number.11615
                0x00000b80        0x4 src/Application/xgflash/xgflash.o
 .bss.current_message_index
                0x00000b84        0x2 src/Application/xgflash/xgflash.o
 *fill*         0x00000b86        0x2 
 .bss.str.11618
                0x00000b88       0x50 src/Application/xgflash/xgflash.o
 .bss.flashc_error_status
                0x00000bd8        0x4 src/ASF/avr32/drivers/flashc/flashc.o
 .bss._int_line_handler_table_6
                0x00000bdc        0x4 src/ASF/avr32/drivers/intc/intc.o
 .bss._int_line_handler_table_7
                0x00000be0        0x4 src/ASF/avr32/drivers/intc/intc.o
 .bss._int_line_handler_table_8
                0x00000be4        0x4 src/ASF/avr32/drivers/intc/intc.o
 .bss._int_line_handler_table_9
                0x00000be8        0x4 src/ASF/avr32/drivers/intc/intc.o
 .bss._int_line_handler_table_10
                0x00000bec        0x4 src/ASF/avr32/drivers/intc/intc.o
 .bss._int_line_handler_table_11
                0x00000bf0        0x4 src/ASF/avr32/drivers/intc/intc.o
 .bss._int_line_handler_table_12
                0x00000bf4        0x4 src/ASF/avr32/drivers/intc/intc.o
 .bss._int_line_handler_table_13
                0x00000bf8        0x4 src/ASF/avr32/drivers/intc/intc.o
 .bss._int_line_handler_table_14
                0x00000bfc        0xc src/ASF/avr32/drivers/intc/intc.o
 .bss._int_line_handler_table_15
                0x00000c08        0x4 src/ASF/avr32/drivers/intc/intc.o
 .bss._int_line_handler_table_16
                0x00000c0c        0x4 src/ASF/avr32/drivers/intc/intc.o
 .bss._int_line_handler_table_17
                0x00000c10        0x4 src/ASF/avr32/drivers/intc/intc.o
 .bss._int_line_handler_table_18
                0x00000c14        0x4 src/ASF/avr32/drivers/intc/intc.o
 .bss._int_line_handler_table_0
                0x00000c18        0x4 src/ASF/avr32/drivers/intc/intc.o
 .bss._int_line_handler_table_1
                0x00000c1c       0x2c src/ASF/avr32/drivers/intc/intc.o
 .bss._int_line_handler_table_2
                0x00000c48       0x18 src/ASF/avr32/drivers/intc/intc.o
 .bss._int_line_handler_table_3
                0x00000c60       0x1c src/ASF/avr32/drivers/intc/intc.o
 .bss._int_line_handler_table_4
                0x00000c7c        0x4 src/ASF/avr32/drivers/intc/intc.o
 .bss._int_line_handler_table_5
                0x00000c80        0x4 src/ASF/avr32/drivers/intc/intc.o
 .bss.uxMissedTicks
                0x00000c84        0x4 src/ASF/thirdparty/freertos/freertos-7.0.0/source/tasks.o
 .bss.uxTopUsedPriority
                0x00000c88        0x4 src/ASF/thirdparty/freertos/freertos-7.0.0/source/tasks.o
 .bss.pxDelayedTaskList
                0x00000c8c        0x4 src/ASF/thirdparty/freertos/freertos-7.0.0/source/tasks.o
 .bss.xSchedulerRunning
                0x00000c90        0x4 src/ASF/thirdparty/freertos/freertos-7.0.0/source/tasks.o
 .bss.uxTasksDeleted
                0x00000c94        0x4 src/ASF/thirdparty/freertos/freertos-7.0.0/source/tasks.o
 .bss.xNumOfOverflows
                0x00000c98        0x4 src/ASF/thirdparty/freertos/freertos-7.0.0/source/tasks.o
 .bss.pxOverflowDelayedTaskList
                0x00000c9c        0x4 src/ASF/thirdparty/freertos/freertos-7.0.0/source/tasks.o
 .bss.pxReadyTasksLists
                0x00000ca0       0xa0 src/ASF/thirdparty/freertos/freertos-7.0.0/source/tasks.o
 .bss.xTasksWaitingTermination
                0x00000d40       0x14 src/ASF/thirdparty/freertos/freertos-7.0.0/source/tasks.o
 .bss.pxCurrentTCB
                0x00000d54        0x4 src/ASF/thirdparty/freertos/freertos-7.0.0/source/tasks.o
                0x00000d54                pxCurrentTCB
 .bss.xPendingReadyList
                0x00000d58       0x14 src/ASF/thirdparty/freertos/freertos-7.0.0/source/tasks.o
 .bss.xDelayedTaskList1
                0x00000d6c       0x14 src/ASF/thirdparty/freertos/freertos-7.0.0/source/tasks.o
 .bss.xTickCount
                0x00000d80        0x4 src/ASF/thirdparty/freertos/freertos-7.0.0/source/tasks.o
 .bss.uxSchedulerSuspended
                0x00000d84        0x4 src/ASF/thirdparty/freertos/freertos-7.0.0/source/tasks.o
 .bss.xDelayedTaskList2
                0x00000d88       0x14 src/ASF/thirdparty/freertos/freertos-7.0.0/source/tasks.o
 .bss.uxTaskNumber
                0x00000d9c        0x4 src/ASF/thirdparty/freertos/freertos-7.0.0/source/tasks.o
 .bss.uxCurrentNumberOfTasks
                0x00000da0        0x4 src/ASF/thirdparty/freertos/freertos-7.0.0/source/tasks.o
 .bss.xMissedYield
                0x00000da4        0x4 src/ASF/thirdparty/freertos/freertos-7.0.0/source/tasks.o
 .bss.xSuspendedTaskList
                0x00000da8       0x14 src/ASF/thirdparty/freertos/freertos-7.0.0/source/tasks.o
 .bss.uxTopReadyPriority
                0x00000dbc        0x4 src/ASF/thirdparty/freertos/freertos-7.0.0/source/tasks.o
 .bss.lench.11294
                0x00000dc0        0x1 src/Log/log.o
 .bss.lench.11364
                0x00000dc1        0x1 src/Log/log.o
 *fill*         0x00000dc2        0x2 
 .bss.__malloc_max_total_mem
                0x00000dc4        0x4 e:/program x86/atmel/studio/7.0/toolchain/avr32/avr32-gnu-toolchain/bin/../lib/gcc/avr32/4.4.7/../../../../avr32/lib/ucr2\libc.a(lib_a-mallocr.o)
                0x00000dc4                __malloc_max_total_mem
 .bss.__malloc_max_sbrked_mem
                0x00000dc8        0x4 e:/program x86/atmel/studio/7.0/toolchain/avr32/avr32-gnu-toolchain/bin/../lib/gcc/avr32/4.4.7/../../../../avr32/lib/ucr2\libc.a(lib_a-mallocr.o)
                0x00000dc8                __malloc_max_sbrked_mem
 .bss.__malloc_top_pad
                0x00000dcc        0x4 e:/program x86/atmel/studio/7.0/toolchain/avr32/avr32-gnu-toolchain/bin/../lib/gcc/avr32/4.4.7/../../../../avr32/lib/ucr2\libc.a(lib_a-mallocr.o)
                0x00000dcc                __malloc_top_pad
 .bss.__malloc_current_mallinfo
                0x00000dd0       0x28 e:/program x86/atmel/studio/7.0/toolchain/avr32/avr32-gnu-toolchain/bin/../lib/gcc/avr32/4.4.7/../../../../avr32/lib/ucr2\libc.a(lib_a-mallocr.o)
                0x00000dd0                __malloc_current_mallinfo
 .bss.cur_heap_pos.1869
                0x00000df8        0x4 e:/program x86/atmel/studio/7.0/toolchain/avr32/avr32-gnu-toolchain/bin/../lib/gcc/avr32/4.4.7/../../../../avr32/lib/ucr2\libc.a(lib_a-syscalls.o)
 *(COMMON)
 COMMON         0x00000dfc      0x28a src/Application/app/app.o
                0x00000dfc                bunchofrandomstatusflags
                0x00000e00                Current_time
                0x00000e06                message_store
 *fill*         0x00001086        0x2 
 COMMON         0x00001088     0x1004 src/Application/flash/data_flash.o
                0x00001088                FLASH_BUF
                0x00002088                spi
 COMMON         0x0000208c      0x122 src/Application/radio/ambe.o
                0x0000208c                AMBEBurst_rawdata
                0x00002094                Radio_Internal_Data
                0x00002098                AMBE_DecryptionKey
                0x000020a0                SendAMBEBurst_EncryptionPackage
                0x00002190                VBSP_data
                0x00002194                Soft_Decision_Data
 COMMON         0x000021ae     0x3200 src/Application/radio/physical.o
                0x000021ae                payload_store
                0x000035ae                xnl_store
 *fill*         0x000053ae        0x2 
 COMMON         0x000053b0       0x4c src/Application/radio/ssc.o
                0x000053b0                intDuration
                0x000053b4                BufferIndex
                0x000053b8                intStartCount
                0x000053bc                RxBuffer
                0x000053dc                TxBuffer
 COMMON         0x000053fc        0x4 src/Application/radio/xcmp.o
                0x000053fc                app_list
 COMMON         0x00005400       0x18 src/Application/RFID/RFID.o
                0x00005400                RFID
                0x00005410                CT
                0x00005414                SN
 COMMON         0x00005418        0x4 src/ASF/avr32/drivers/spi/spi.o
                0x00005418                xSPIMutex
 COMMON         0x0000541c        0x4 src/ASF/thirdparty/freertos/freertos-7.0.0/source/portable/gcc/avr32_uc3/write.o
                0x0000541c                stdio_usart_base
 COMMON         0x00005420        0x4 src/Log/log.o
                0x00005420                logQueue
 COMMON         0x00005424        0x4 e:/program x86/atmel/studio/7.0/toolchain/avr32/avr32-gnu-toolchain/bin/../lib/gcc/avr32/4.4.7/../../../../avr32/lib/ucr2\libc.a(lib_a-reent.o)
                0x00005424                errno
                0x00005428                . = ALIGN (0x8)
                0x00005428                . = ALIGN (0x8)
                0x00005428                _end = .
                0x00005428                PROVIDE (end, .)
                0x00005428                __heap_start__ = ALIGN (0x8)
                0x00017000                . = ((ORIGIN (CPUSRAM) + 0x17ffc) - _stack_size)
                0x00017000                __heap_end__ = .

.stab
 *(.stab)

.stabstr
 *(.stabstr)

.stab.excl
 *(.stab.excl)

.stab.exclstr
 *(.stab.exclstr)

.stab.index
 *(.stab.index)

.stab.indexstr
 *(.stab.indexstr)

.comment        0x00000000       0x30
 *(.comment)
 .comment       0x00000000       0x30 src/Application/app/app.o
                                 0x31 (size before relaxing)
 .comment       0x00000000       0x31 src/Application/flash/data_flash.o
 .comment       0x00000000       0x31 src/Application/myrtc/xgrtc.o
 .comment       0x00000000       0x31 src/Application/radio/ambe.o
 .comment       0x00000000       0x31 src/Application/radio/payload.o
 .comment       0x00000000       0x31 src/Application/radio/physical.o
 .comment       0x00000000       0x31 src/Application/radio/ssc.o
 .comment       0x00000000       0x31 src/Application/radio/xcmp.o
 .comment       0x00000000       0x31 src/Application/radio/xnl.o
 .comment       0x00000000       0x31 src/Application/RFID/MFRC522/rc522.o
 .comment       0x00000000       0x31 src/Application/RFID/RFID.o
 .comment       0x00000000       0x31 src/Application/timers/timer.o
 .comment       0x00000000       0x31 src/Application/xgflash/xgflash.o
 .comment       0x00000000       0x31 src/ASF/avr32/drivers/flashc/flashc.o
 .comment       0x00000000       0x31 src/ASF/avr32/drivers/gpio/gpio.o
 .comment       0x00000000       0x31 src/ASF/avr32/drivers/intc/intc.o
 .comment       0x00000000       0x31 src/ASF/avr32/drivers/pm/pm.o
 .comment       0x00000000       0x31 src/ASF/avr32/drivers/rtc/rtc.o
 .comment       0x00000000       0x31 src/ASF/avr32/drivers/spi/spi.o
 .comment       0x00000000       0x31 src/ASF/avr32/drivers/usart/usart.o
 .comment       0x00000000       0x31 src/ASF/thirdparty/freertos/freertos-7.0.0/source/list.o
 .comment       0x00000000       0x31 src/ASF/thirdparty/freertos/freertos-7.0.0/source/portable/gcc/avr32_uc3/port.o
 .comment       0x00000000       0x31 src/ASF/thirdparty/freertos/freertos-7.0.0/source/portable/gcc/avr32_uc3/read.o
 .comment       0x00000000       0x31 src/ASF/thirdparty/freertos/freertos-7.0.0/source/portable/gcc/avr32_uc3/write.o
 .comment       0x00000000       0x31 src/ASF/thirdparty/freertos/freertos-7.0.0/source/portable/memmang/heap_3.o
 .comment       0x00000000       0x31 src/ASF/thirdparty/freertos/freertos-7.0.0/source/queue.o
 .comment       0x00000000       0x31 src/ASF/thirdparty/freertos/freertos-7.0.0/source/tasks.o
 .comment       0x00000000       0x31 src/Log/log.o
 .comment       0x00000000       0x31 src/main.o
 .comment       0x00000000       0x31 e:/program x86/atmel/studio/7.0/toolchain/avr32/avr32-gnu-toolchain/bin/../lib/gcc/avr32/4.4.7/../../../../avr32/lib/ucr2\libc.a(lib_a-malloc.o)
 .comment       0x00000000       0x31 e:/program x86/atmel/studio/7.0/toolchain/avr32/avr32-gnu-toolchain/bin/../lib/gcc/avr32/4.4.7/../../../../avr32/lib/ucr2\libc.a(lib_a-mallocr.o)
 .comment       0x00000000       0x31 e:/program x86/atmel/studio/7.0/toolchain/avr32/avr32-gnu-toolchain/bin/../lib/gcc/avr32/4.4.7/../../../../avr32/lib/ucr2\libc.a(lib_a-memcmp.o)
 .comment       0x00000000       0x31 e:/program x86/atmel/studio/7.0/toolchain/avr32/avr32-gnu-toolchain/bin/../lib/gcc/avr32/4.4.7/../../../../avr32/lib/ucr2\libc.a(lib_a-memset.o)
 .comment       0x00000000       0x31 e:/program x86/atmel/studio/7.0/toolchain/avr32/avr32-gnu-toolchain/bin/../lib/gcc/avr32/4.4.7/../../../../avr32/lib/ucr2\libc.a(lib_a-reallocr.o)
 .comment       0x00000000       0x31 e:/program x86/atmel/studio/7.0/toolchain/avr32/avr32-gnu-toolchain/bin/../lib/gcc/avr32/4.4.7/../../../../avr32/lib/ucr2\libc.a(lib_a-sbrkr.o)
 .comment       0x00000000       0x31 e:/program x86/atmel/studio/7.0/toolchain/avr32/avr32-gnu-toolchain/bin/../lib/gcc/avr32/4.4.7/../../../../avr32/lib/ucr2\libc.a(lib_a-sprintf.o)
 .comment       0x00000000       0x31 e:/program x86/atmel/studio/7.0/toolchain/avr32/avr32-gnu-toolchain/bin/../lib/gcc/avr32/4.4.7/../../../../avr32/lib/ucr2\libc.a(lib_a-syscalls.o)
 .comment       0x00000000       0x31 e:/program x86/atmel/studio/7.0/toolchain/avr32/avr32-gnu-toolchain/bin/../lib/gcc/avr32/4.4.7/../../../../avr32/lib/ucr2\libc.a(lib_a-vfprintf.o)
 .comment       0x00000000       0x31 e:/program x86/atmel/studio/7.0/toolchain/avr32/avr32-gnu-toolchain/bin/../lib/gcc/avr32/4.4.7/../../../../avr32/lib/ucr2\libc.a(lib_a-wsetup.o)
 .comment       0x00000000       0x31 e:/program x86/atmel/studio/7.0/toolchain/avr32/avr32-gnu-toolchain/bin/../lib/gcc/avr32/4.4.7/../../../../avr32/lib/ucr2\libc.a(lib_a-dtoa.o)
 .comment       0x00000000       0x31 e:/program x86/atmel/studio/7.0/toolchain/avr32/avr32-gnu-toolchain/bin/../lib/gcc/avr32/4.4.7/../../../../avr32/lib/ucr2\libc.a(lib_a-errno.o)
 .comment       0x00000000       0x31 e:/program x86/atmel/studio/7.0/toolchain/avr32/avr32-gnu-toolchain/bin/../lib/gcc/avr32/4.4.7/../../../../avr32/lib/ucr2\libc.a(lib_a-fflush.o)
 .comment       0x00000000       0x31 e:/program x86/atmel/studio/7.0/toolchain/avr32/avr32-gnu-toolchain/bin/../lib/gcc/avr32/4.4.7/../../../../avr32/lib/ucr2\libc.a(lib_a-findfp.o)
 .comment       0x00000000       0x31 e:/program x86/atmel/studio/7.0/toolchain/avr32/avr32-gnu-toolchain/bin/../lib/gcc/avr32/4.4.7/../../../../avr32/lib/ucr2\libc.a(lib_a-freer.o)
 .comment       0x00000000       0x31 e:/program x86/atmel/studio/7.0/toolchain/avr32/avr32-gnu-toolchain/bin/../lib/gcc/avr32/4.4.7/../../../../avr32/lib/ucr2\libc.a(lib_a-fvwrite.o)
 .comment       0x00000000       0x31 e:/program x86/atmel/studio/7.0/toolchain/avr32/avr32-gnu-toolchain/bin/../lib/gcc/avr32/4.4.7/../../../../avr32/lib/ucr2\libc.a(lib_a-fwalk.o)