Archive member included because of file (symbol)

e:/program x86/atmel/studio/7.0/toolchain/avr32/avr32-gnu-toolchain/bin/../lib/gcc/avr32/4.4.7/../../../../avr32/lib/ucr2\libc.a(lib_a-malloc.o)
                              src/ASF/thirdparty/freertos/freertos-7.0.0/source/portable/memmang/heap_3.o (free)
e:/program x86/atmel/studio/7.0/toolchain/avr32/avr32-gnu-toolchain/bin/../lib/gcc/avr32/4.4.7/../../../../avr32/lib/ucr2\libc.a(lib_a-mallocr.o)
                              e:/program x86/atmel/studio/7.0/toolchain/avr32/avr32-gnu-toolchain/bin/../lib/gcc/avr32/4.4.7/../../../../avr32/lib/ucr2\libc.a(lib_a-malloc.o) (_malloc_r)
e:/program x86/atmel/studio/7.0/toolchain/avr32/avr32-gnu-toolchain/bin/../lib/gcc/avr32/4.4.7/../../../../avr32/lib/ucr2\libc.a(lib_a-memcmp.o)
                              src/Application/voice/voice.o (memcmp)
e:/program x86/atmel/studio/7.0/toolchain/avr32/avr32-gnu-toolchain/bin/../lib/gcc/avr32/4.4.7/../../../../avr32/lib/ucr2\libc.a(lib_a-memcpy.o)
                              src/Application/app/app.o (memcpy)
e:/program x86/atmel/studio/7.0/toolchain/avr32/avr32-gnu-toolchain/bin/../lib/gcc/avr32/4.4.7/../../../../avr32/lib/ucr2\libc.a(lib_a-memset.o)
                              src/Application/app/app.o (memset)
e:/program x86/atmel/studio/7.0/toolchain/avr32/avr32-gnu-toolchain/bin/../lib/gcc/avr32/4.4.7/../../../../avr32/lib/ucr2\libc.a(lib_a-realloc.o)
                              src/ASF/thirdparty/freertos/freertos-7.0.0/source/portable/gcc/avr32_uc3/port.o (realloc)
e:/program x86/atmel/studio/7.0/toolchain/avr32/avr32-gnu-toolchain/bin/../lib/gcc/avr32/4.4.7/../../../../avr32/lib/ucr2\libc.a(lib_a-reallocr.o)
                              e:/program x86/atmel/studio/7.0/toolchain/avr32/avr32-gnu-toolchain/bin/../lib/gcc/avr32/4.4.7/../../../../avr32/lib/ucr2\libc.a(lib_a-realloc.o) (_realloc_r)
e:/program x86/atmel/studio/7.0/toolchain/avr32/avr32-gnu-toolchain/bin/../lib/gcc/avr32/4.4.7/../../../../avr32/lib/ucr2\libc.a(lib_a-sbrkr.o)
                              e:/program x86/atmel/studio/7.0/toolchain/avr32/avr32-gnu-toolchain/bin/../lib/gcc/avr32/4.4.7/../../../../avr32/lib/ucr2\libc.a(lib_a-mallocr.o) (_sbrk_r)
e:/program x86/atmel/studio/7.0/toolchain/avr32/avr32-gnu-toolchain/bin/../lib/gcc/avr32/4.4.7/../../../../avr32/lib/ucr2\libc.a(lib_a-sprintf.o)
                              src/Log/log.o (sprintf)
e:/program x86/atmel/studio/7.0/toolchain/avr32/avr32-gnu-toolchain/bin/../lib/gcc/avr32/4.4.7/../../../../avr32/lib/ucr2\libc.a(lib_a-strncpy.o)
                              src/ASF/thirdparty/freertos/freertos-7.0.0/source/tasks.o (strncpy)
e:/program x86/atmel/studio/7.0/toolchain/avr32/avr32-gnu-toolchain/bin/../lib/gcc/avr32/4.4.7/../../../../avr32/lib/ucr2\libc.a(lib_a-syscalls.o)
                              e:/program x86/atmel/studio/7.0/toolchain/avr32/avr32-gnu-toolchain/bin/../lib/gcc/avr32/4.4.7/../../../../avr32/lib/ucr2\libc.a(lib_a-sbrkr.o) (_sbrk)
e:/program x86/atmel/studio/7.0/toolchain/avr32/avr32-gnu-toolchain/bin/../lib/gcc/avr32/4.4.7/../../../../avr32/lib/ucr2\libc.a(lib_a-vfprintf.o)
                              e:/program x86/atmel/studio/7.0/toolchain/avr32/avr32-gnu-toolchain/bin/../lib/gcc/avr32/4.4.7/../../../../avr32/lib/ucr2\libc.a(lib_a-sprintf.o) (_vfprintf_r)
e:/program x86/atmel/studio/7.0/toolchain/avr32/avr32-gnu-toolchain/bin/../lib/gcc/avr32/4.4.7/../../../../avr32/lib/ucr2\libc.a(lib_a-wsetup.o)
                              e:/program x86/atmel/studio/7.0/toolchain/avr32/avr32-gnu-toolchain/bin/../lib/gcc/avr32/4.4.7/../../../../avr32/lib/ucr2\libc.a(lib_a-vfprintf.o) (__swsetup_r)
e:/program x86/atmel/studio/7.0/toolchain/avr32/avr32-gnu-toolchain/bin/../lib/gcc/avr32/4.4.7/../../../../avr32/lib/ucr2\libc.a(lib_a-dtoa.o)
                              e:/program x86/atmel/studio/7.0/toolchain/avr32/avr32-gnu-toolchain/bin/../lib/gcc/avr32/4.4.7/../../../../avr32/lib/ucr2\libc.a(lib_a-vfprintf.o) (_dtoa_r)
e:/program x86/atmel/studio/7.0/toolchain/avr32/avr32-gnu-toolchain/bin/../lib/gcc/avr32/4.4.7/../../../../avr32/lib/ucr2\libc.a(lib_a-errno.o)
                              e:/program x86/atmel/studio/7.0/toolchain/avr32/avr32-gnu-toolchain/bin/../lib/gcc/avr32/4.4.7/../../../../avr32/lib/ucr2\libc.a(lib_a-syscalls.o) (__errno)
e:/program x86/atmel/studio/7.0/toolchain/avr32/avr32-gnu-toolchain/bin/../lib/gcc/avr32/4.4.7/../../../../avr32/lib/ucr2\libc.a(lib_a-fflush.o)
                              e:/program x86/atmel/studio/7.0/toolchain/avr32/avr32-gnu-toolchain/bin/../lib/gcc/avr32/4.4.7/../../../../avr32/lib/ucr2\libc.a(lib_a-vfprintf.o) (_fflush_r)
e:/program x86/atmel/studio/7.0/toolchain/avr32/avr32-gnu-toolchain/bin/../lib/gcc/avr32/4.4.7/../../../../avr32/lib/ucr2\libc.a(lib_a-findfp.o)
                              e:/program x86/atmel/studio/7.0/toolchain/avr32/avr32-gnu-toolchain/bin/../lib/gcc/avr32/4.4.7/../../../../avr32/lib/ucr2\libc.a(lib_a-vfprintf.o) (__sinit)
[...]
Memory Configuration

Name             Origin             Length             Attributes
FLASH            0x80000000         0x00080000         axrl !w
CPUSRAM          0x00000004         0x00017ffc         axw !rl
USERPAGE         0x80800000         0x00000200
FACTORYPAGE      0x80800200         0x00000200
*default*        0x00000000         0xffffffff

Linker script and memory map

                0x00001000                _stack_size = 0x1000
LOAD src/Application/app/app.o
LOAD src/Application/flash/data_flash.o
LOAD src/Application/myrtc/xgrtc.o
LOAD src/Application/radio/ambe.o
LOAD src/Application/radio/AMBE_audio.o
LOAD src/Application/radio/AMBE_audio_2.o
LOAD src/Application/radio/audio.o
LOAD src/Application/radio/payload.o
LOAD src/Application/radio/physical.o
LOAD src/Application/radio/ssc.o
LOAD src/Application/radio/xcmp.o
LOAD src/Application/radio/xnl.o
LOAD src/Application/RFID/MFRC522/rc522.o
LOAD src/Application/RFID/RFID.o
LOAD src/Application/timers/timer.o
LOAD src/Application/voice/voice.o
LOAD src/Application/xgflash/xgflash.o
LOAD src/ASF/avr32/drivers/flashc/flashc.o
LOAD src/ASF/avr32/drivers/gpio/gpio.o
LOAD src/ASF/avr32/drivers/intc/intc.o
LOAD src/ASF/avr32/drivers/pm/pm.o
LOAD src/ASF/avr32/drivers/pm/pm_conf_clocks.o
LOAD src/ASF/avr32/drivers/pm/power_clocks_lib.o
LOAD src/ASF/avr32/drivers/rtc/rtc.o
LOAD src/ASF/avr32/drivers/spi/spi.o
LOAD src/ASF/avr32/drivers/tc/tc.o
LOAD src/ASF/avr32/drivers/twi/twi.o
LOAD src/ASF/avr32/drivers/usart/usart.o
LOAD src/ASF/avr32/utils/startup/startup_uc3.o
LOAD src/ASF/avr32/utils/startup/trampoline_uc3.o
LOAD src/ASF/common/boards/user_board/init.o
LOAD src/ASF/common/services/clock/uc3b0_b1/sysclk.o
LOAD src/ASF/common/services/spi/uc3_spi/spi_master.o
LOAD src/ASF/common/services/spi/uc3_usart_spi/usart_spi.o
LOAD src/ASF/thirdparty/freertos/freertos-7.0.0/source/croutine.o
LOAD src/ASF/thirdparty/freertos/freertos-7.0.0/source/list.o
LOAD src/ASF/thirdparty/freertos/freertos-7.0.0/source/portable/gcc/avr32_uc3/exception.o
LOAD src/ASF/thirdparty/freertos/freertos-7.0.0/source/portable/gcc/avr32_uc3/port.o
LOAD src/ASF/thirdparty/freertos/freertos-7.0.0/source/portable/gcc/avr32_uc3/read.o
LOAD src/ASF/thirdparty/freertos/freertos-7.0.0/source/portable/gcc/avr32_uc3/write.o
LOAD src/ASF/thirdparty/freertos/freertos-7.0.0/source/portable/memmang/heap_3.o
LOAD src/ASF/thirdparty/freertos/freertos-7.0.0/source/queue.o
LOAD src/ASF/thirdparty/freertos/freertos-7.0.0/source/tasks.o
LOAD src/Log/log.o
LOAD src/main.o
START GROUP
LOAD e:/program x86/atmel/studio/7.0/toolchain/avr32/avr32-gnu-toolchain/bin/../lib/gcc/avr32/4.4.7/../../../../avr32/lib/ucr2\libm.a
END GROUP
LOAD e:/program x86/atmel/studio/7.0/toolchain/avr32/avr32-gnu-toolchain/bin/../lib/gcc/avr32/4.4.7/ucr2\libgcc.a
LOAD e:/program x86/atmel/studio/7.0/toolchain/avr32/avr32-gnu-toolchain/bin/../lib/gcc/avr32/4.4.7/../../../../avr32/lib/ucr2\libc.a
LOAD e:/program x86/atmel/studio/7.0/toolchain/avr32/avr32-gnu-toolchain/bin/../lib/gcc/avr32/4.4.7/ucr2\libgcc.a
                0x80000000                PROVIDE (__executable_start, 0x80000000)
                0x80000000                . = 0x80000000

.interp
 *(.interp)

.reset          0x80000000     0x2004
 *(.reset)
 .reset         0x80000000     0x2004 src/ASF/avr32/utils/startup/trampoline_uc3.o
                               0x2008 (size before relaxing)
                0x80000000                _trampoline

.hash
 *(.hash)

.dynsym
 *(.dynsym)

.dynstr
 *(.dynstr)

.gnu.version
 *(.gnu.version)

.gnu.version_d
 *(.gnu.version_d)

.gnu.version_r
 *(.gnu.version_r)

.rel.init
 *(.rel.init)

.rela.init
 *(.rela.init)

.rel.text
 *(.rel.text .rel.text.* .rel.gnu.linkonce.t.*)

.rela.text
 *(.rela.text .rela.text.* .rela.gnu.linkonce.t.*)

.rel.fini
 *(.rel.fini)

.rela.fini
 *(.rela.fini)

.rel.rodata
 *(.rel.rodata .rel.rodata.* .rel.gnu.linkonce.r.*)

.rela.rodata
 *(.rela.rodata .rela.rodata.* .rela.gnu.linkonce.r.*)

.rel.data.rel.ro
 *(.rel.data.rel.ro*)

.rela.data.rel.ro
 *(.rel.data.rel.ro*)

.rel.data
 *(.rel.data .rel.data.* .rel.gnu.linkonce.d.*)

.rela.data
 *(.rela.data .rela.data.* .rela.gnu.linkonce.d.*)

.rel.tdata
 *(.rel.tdata .rel.tdata.* .rel.gnu.linkonce.td.*)

.rela.tdata
 *(.rela.tdata .rela.tdata.* .rela.gnu.linkonce.td.*)

.rel.tbss
 *(.rel.tbss .rel.tbss.* .rel.gnu.linkonce.tb.*)

.rela.tbss
 *(.rela.tbss .rela.tbss.* .rela.gnu.linkonce.tb.*)

.rel.ctors
 *(.rel.ctors)

.rela.ctors
 *(.rela.ctors)

.rel.dtors
 *(.rel.dtors)

.rela.dtors
 *(.rela.dtors)

.rel.got
 *(.rel.got)

.rela.got       0x80002004        0x0
 *(.rela.got)
 .rela.got      0x80002004        0x0 src/Application/app/app.o

.rel.bss
 *(.rel.bss .rel.bss.* .rel.gnu.linkonce.b.*)

.rela.bss
 *(.rela.bss .rela.bss.* .rela.gnu.linkonce.b.*)

.rel.plt
 *(.rel.plt)

.rela.plt
 *(.rela.plt)

.init
 *(.init)

.plt
 *(.plt)

.text           0x80002004     0xb538
 *(.text .stub .text.* .gnu.linkonce.t.*)
 .text.DeviceManagement_brdcst_func
                0x80002004       0x24 src/Application/app/app.o
                0x80002004                DeviceManagement_brdcst_func
 .text.Volume_brdcst_func
                0x80002028        0x2 src/Application/app/app.o
                0x80002028                Volume_brdcst_func
 .text.AudioRoutingControl_brdcst_func
                0x8000202a        0x2 src/Application/app/app.o
                0x8000202a                AudioRoutingControl_brdcst_func
 .text.vApplicationIdleHook
                0x8000202c       0x10 src/Application/app/app.o
                0x8000202c                vApplicationIdleHook
 .text.app_init
                0x8000203c       0x54 src/Application/app/app.o
                0x8000203c                app_init
 .text.app_payload_tx_proc
                0x80002090       0x14 src/Application/app/app.o
 .text.app_payload_rx_proc
                0x800020a4       0x34 src/Application/app/app.o
 .text.FD_brdcst_func
                0x800020d8       0x14 src/Application/app/app.o
                0x800020d8                FD_brdcst_func
 .text.FD_reply_func
                0x800020ec       0x14 src/Application/app/app.o
                0x800020ec                FD_reply_func
 .text.FD_request_func
                0x80002100       0x14 src/Application/app/app.o
                0x80002100                FD_request_func
 .text.EnOB_brdcst_func
                0x80002114       0x14 src/Application/app/app.o
                0x80002114                EnOB_brdcst_func
 .text.EnOB_reply_func
                0x80002128       0x70 src/Application/app/app.o
                0x80002128                EnOB_reply_func
 .text.SingleDetection_brdcst_func
                0x80002198       0x4c src/Application/app/app.o
                0x80002198                SingleDetection_brdcst_func
 .text.ButtonConfig_brdcst_func
                0x800021e4       0xdc src/Application/app/app.o
                0x800021e4                ButtonConfig_brdcst_func
 .text.ButtonConfig_reply_func
                0x800022c0       0x44 src/Application/app/app.o
                0x800022c0                ButtonConfig_reply_func
 .text.DataSession_reply_func
                0x80002304       0x7c src/Application/app/app.o
                0x80002304                DataSession_reply_func
 .text.CallControl_brdcst_func
                0x80002380       0x44 src/Application/app/app.o
                0x80002380                CallControl_brdcst_func
 .text.TransmitControl_brdcst_func
                0x800023c4       0x48 src/Application/app/app.o
                0x800023c4                TransmitControl_brdcst_func
 .text.TransmitControl_reply_func
                0x8000240c       0x60 src/Application/app/app.o
                0x8000240c                TransmitControl_reply_func
 .text.AudioRoutingControl_reply_func
                0x8000246c       0x28 src/Application/app/app.o
                0x8000246c                AudioRoutingControl_reply_func
 .text.Volume_reply_func
                0x80002494       0x64 src/Application/app/app.o
                0x80002494                Volume_reply_func
 .text.spk_brdcst_func
                0x800024f8       0x38 src/Application/app/app.o
                0x800024f8                spk_brdcst_func
 .text.spk_reply_func
                0x80002530       0x48 src/Application/app/app.o
                0x80002530                spk_reply_func
 .text.mic_brdcst_func
                0x80002578       0x58 src/Application/app/app.o
                0x80002578                mic_brdcst_func
 .text.mic_reply_func
                0x800025d0       0x94 src/Application/app/app.o
                0x800025d0                mic_reply_func
 .text.dcm_brdcst_func
                0x80002664       0x48 src/Application/app/app.o
                0x80002664                dcm_brdcst_func
 .text.dcm_reply_func
                0x800026ac       0x68 src/Application/app/app.o
                0x800026ac                dcm_reply_func
 .text.ToneControl_reply_func
                0x80002714       0x28 src/Application/app/app.o
                0x80002714                ToneControl_reply_func
 .text.app_cfg  0x8000273c      0x1d0 src/Application/app/app.o
 .text.Phyuserinput_brdcst_func
                0x8000290c       0x58 src/Application/app/app.o
                0x8000290c                Phyuserinput_brdcst_func
 .text.DataSession_brdcst_func
                0x80002964       0xf8 src/Application/app/app.o
                0x80002964                DataSession_brdcst_func
 .text.DeviceInitializationStatus_brdcst_func
                0x80002a5c       0x38 src/Application/app/app.o
                0x80002a5c                DeviceInitializationStatus_brdcst_func
 .text.send_flash_command
                0x80002a94      0x1c4 src/Application/flash/data_flash.o
                0x80002a94                send_flash_command
 .text.data_flash_read_block
                0x80002c58       0x48 src/Application/flash/data_flash.o
                0x80002c58                data_flash_read_block
 .text.data_flash_write_page
                0x80002ca0       0xac src/Application/flash/data_flash.o
                0x80002ca0                data_flash_write_page
 .text.data_flash_write_block
                0x80002d4c       0xc0 src/Application/flash/data_flash.o
                0x80002d4c                data_flash_write_block
 .text.data_flash_erase_block
                0x80002e0c       0xa0 src/Application/flash/data_flash.o
                0x80002e0c                data_flash_erase_block
 .text.data_flash_write
                0x80002eac       0xf0 src/Application/flash/data_flash.o
                0x80002eac                data_flash_write
 .text.xg_rtc_init
                0x80002f9c       0x80 src/Application/myrtc/xgrtc.o
                0x80002f9c                xg_rtc_init
 .text.rtc_irq  0x8000301c       0xf0 src/Application/myrtc/xgrtc.o
                0x8000301c                rtc_irq
 .text.CalculateBurst
                0x8000310c       0x1c src/Application/radio/ambe.o
                0x8000310c                CalculateBurst
 .text.payload_init
                0x80003128       0x14 src/Application/radio/payload.o
                0x80003128                payload_init
 .text.set_idle_store_isr
                0x8000313c       0x1c src/Application/radio/physical.o
                0x8000313c                set_idle_store_isr
 .text.payload_rx
                0x80003158       0x18 src/Application/radio/physical.o
 .text.phy_rx   0x80003170       0x38 src/Application/radio/physical.o
                0x80003170                phy_rx
 .text.set_idle_store
                0x800031a8       0x20 src/Application/radio/physical.o
                0x800031a8                set_idle_store
 .text.phy_tx   0x800031c8       0x5c src/Application/radio/physical.o
                0x800031c8                phy_tx
 .text.get_idle_store_isr
                0x80003224       0x28 src/Application/radio/physical.o
                0x80003224                get_idle_store_isr
 .text.phy_tx_func
                0x8000324c      0x108 src/Application/radio/physical.o
 .text.get_idle_store
                0x80003354       0x28 src/Application/radio/physical.o
                0x80003354                get_idle_store
 .text.phy_init
                0x8000337c       0x28 src/Application/radio/physical.o
                0x8000337c                phy_init
 .text.phy_rx_func
                0x800033a4      0xf24 src/Application/radio/physical.o
 .text.pdca_int_handler
                0x800042c8       0x8c src/Application/radio/ssc.o
 .text.local_start_SSC
                0x80004354       0x44 src/Application/radio/ssc.o
                0x80004354                local_start_SSC
 .text.local_start_PDC
                0x80004398       0x6c src/Application/radio/ssc.o
                0x80004398                local_start_PDC
 .text.register_rx_tx_func
                0x80004404       0x14 src/Application/radio/ssc.o
                0x80004404                register_rx_tx_func
 .text.ssc_init
                0x80004418       0x74 src/Application/radio/ssc.o
                0x80004418                ssc_init
 .text.xcmp_register_app_list
                0x8000448c        0xc src/Application/radio/xcmp.o
                0x8000448c                xcmp_register_app_list
 .text.xcmp_tx  0x80004498       0x48 src/Application/radio/xcmp.o
 .text.xcmp_data_session_req
                0x800044e0       0x8c src/Application/radio/xcmp.o
                0x800044e0                xcmp_data_session_req
 .text.xcmp_DeviceInitializationStatus_request
                0x8000456c       0x40 src/Application/radio/xcmp.o
                0x8000456c                xcmp_DeviceInitializationStatus_request
 .text.xcmp_opcode_not_supported
                0x800045ac       0x24 src/Application/radio/xcmp.o
                0x800045ac                xcmp_opcode_not_supported
 .text.xcmp_exec_func
                0x800045d0       0x48 src/Application/radio/xcmp.o
 .text.xcmp_IdleTestTone
                0x80004618       0x60 src/Application/radio/xcmp.o
                0x80004618                xcmp_IdleTestTone
 .text.xcmp_init
                0x80004678       0x54 src/Application/radio/xcmp.o
                0x80004678                xcmp_init
 .text.xcmp_rx_process
                0x800046cc       0xfc src/Application/radio/xcmp.o
 .text.xcmp_rx  0x800047c8       0x4c src/Application/radio/xcmp.o
 .text.xnl_register_xcmp_func
                0x80004814        0xc src/Application/radio/xnl.o
                0x80004814                xnl_register_xcmp_func
 .text.xnl_get_msg_ack_func
                0x80004820       0x2c src/Application/radio/xnl.o
                0x80004820                xnl_get_msg_ack_func
 .text.xnl_init
                0x8000484c      0x12c src/Application/radio/xnl.o
                0x8000484c                xnl_init
 .text.xnl_rx_process
                0x80004978       0x60 src/Application/radio/xnl.o
 .text.xnl_tx_process
                0x800049d8       0xcc src/Application/radio/xnl.o
 .text.xnl_tx   0x80004aa4       0xe4 src/Application/radio/xnl.o
                0x80004aa4                xnl_tx
 .text.xnl_data_msg_func
                0x80004b88       0x60 src/Application/radio/xnl.o
                0x80004b88                xnl_data_msg_func
 .text.xnl_device_auth_reply_func
                0x80004be8      0x120 src/Application/radio/xnl.o
                0x80004be8                xnl_device_auth_reply_func
 .text.xnl_master_status_brdcst_func
                0x80004d08       0x60 src/Application/radio/xnl.o
                0x80004d08                xnl_master_status_brdcst_func
 .text.xnl_device_conn_reply_func
                0x80004d68       0x5c src/Application/radio/xnl.o
                0x80004d68                xnl_device_conn_reply_func
 .text.xnl_send_device_master_query
                0x80004dc4       0x30 src/Application/radio/xnl.o
                0x80004dc4                xnl_send_device_master_query
 .text.RC522_SPI_SetSpeed
                0x80004df4       0x24 src/Application/RFID/MFRC522/rc522.o
                0x80004df4                RC522_SPI_SetSpeed
 .text.RC522_SPI_SetSpeedLow
                0x80004e18       0x10 src/Application/RFID/MFRC522/rc522.o
                0x80004e18                RC522_SPI_SetSpeedLow
 .text.RC522_ReadByte
                0x80004e28       0x2c src/Application/RFID/MFRC522/rc522.o
                0x80004e28                RC522_ReadByte
 .text.RC522_WriteByte
                0x80004e54       0x30 src/Application/RFID/MFRC522/rc522.o
                0x80004e54                RC522_WriteByte
 .text.WriteRawRC
                0x80004e84       0x40 src/Application/RFID/MFRC522/rc522.o
                0x80004e84                WriteRawRC
 .text.PcdReset
                0x80004ec4       0x80 src/Application/RFID/MFRC522/rc522.o
                0x80004ec4                PcdReset
 .text.ReadRawRC
                0x80004f44       0x48 src/Application/RFID/MFRC522/rc522.o
                0x80004f44                ReadRawRC
 .text.Wait_Wakeup_RC522
                0x80004f8c       0x10 src/Application/RFID/MFRC522/rc522.o
                0x80004f8c                Wait_Wakeup_RC522
 .text.Powerdown_RC522
                0x80004f9c       0x4c src/Application/RFID/MFRC522/rc522.o
                0x80004f9c                Powerdown_RC522
 .text.SetBitMask
                0x80004fe8       0x24 src/Application/RFID/MFRC522/rc522.o
                0x80004fe8                SetBitMask
 .text.PcdAntennaOn
                0x8000500c       0x20 src/Application/RFID/MFRC522/rc522.o
                0x8000500c                PcdAntennaOn
 .text.ClearBitMask
                0x8000502c       0x28 src/Application/RFID/MFRC522/rc522.o
                0x8000502c                ClearBitMask
 .text.PcdAntennaOff
                0x80005054       0x10 src/Application/RFID/MFRC522/rc522.o
                0x80005054                PcdAntennaOff
 .text.M500PcdConfigISOType
                0x80005064       0x70 src/Application/RFID/MFRC522/rc522.o
                0x80005064                M500PcdConfigISOType
 .text.rc522_init
                0x800050d4       0xd8 src/Application/RFID/MFRC522/rc522.o
                0x800050d4                rc522_init
 .text.PcdComMF522
                0x800051ac      0x178 src/Application/RFID/MFRC522/rc522.o
                0x800051ac                PcdComMF522
 .text.PcdAnticoll
                0x80005324       0x84 src/Application/RFID/MFRC522/rc522.o
                0x80005324                PcdAnticoll
 .text.PcdRequest
                0x800053a8       0x64 src/Application/RFID/MFRC522/rc522.o
                0x800053a8                PcdRequest
 .text.CalulateCRC
                0x8000540c       0x8c src/Application/RFID/MFRC522/rc522.o
                0x8000540c                CalulateCRC
 .text.PcdSelect
                0x80005498       0x74 src/Application/RFID/MFRC522/rc522.o
                0x80005498                PcdSelect
 .text.rfid_auto_reader
                0x8000550c      0x120 src/Application/RFID/RFID.o
                0x8000550c                rfid_auto_reader
 .text.scan_patrol
                0x8000562c       0x30 src/Application/RFID/RFID.o
                0x8000562c                scan_patrol
 .text.rfid_sendID_message
                0x8000565c      0x168 src/Application/RFID/RFID.o
                0x8000565c                rfid_sendID_message
 .text.rfid_init
                0x800057c4        0xc src/Application/RFID/RFID.o
                0x800057c4                rfid_init
 .text.delay_ns
                0x800057d0       0x16 src/Application/timers/timer.o
                0x800057d0                delay_ns
 *fill*         0x800057e6        0x2 d703d703
 .text.delay_us
                0x800057e8       0x28 src/Application/timers/timer.o
                0x800057e8                delay_us
 .text.delay_ms
                0x80005810       0x28 src/Application/timers/timer.o
                0x80005810                delay_ms
 .text.local_start_timer
                0x80005838       0x2c src/Application/timers/timer.o
                0x80005838                local_start_timer
 .text.local_start_pll0
                0x80005864       0x94 src/Application/timers/timer.o
                0x80005864                local_start_pll0
 .text.xgflash_get_message_data
                0x800058f8      0x154 src/Application/xgflash/xgflash.o
                0x800058f8                xgflash_get_message_data
 .text.xgflash_message_save
                0x80005a4c      0x178 src/Application/xgflash/xgflash.o
                0x80005a4c                xgflash_message_save
 .text.xgflash_get_message_count
                0x80005bc4       0x4c src/Application/xgflash/xgflash.o
                0x80005bc4                xgflash_get_message_count
 .text.flashc_set_wait_state
                0x80005c10        0xe src/ASF/avr32/drivers/flashc/flashc.o
                0x80005c10                flashc_set_wait_state
 .text.gpio_enable_module_pin
                0x80005c1e       0x52 src/ASF/avr32/drivers/gpio/gpio.o
                0x80005c1e                gpio_enable_module_pin
 .text.gpio_enable_module
                0x80005c70       0x30 src/ASF/avr32/drivers/gpio/gpio.o
                0x80005c70                gpio_enable_module
 .text.gpio_enable_gpio_pin
                0x80005ca0       0x18 src/ASF/avr32/drivers/gpio/gpio.o
                0x80005ca0                gpio_enable_gpio_pin
 .text.gpio_set_gpio_pin
                0x80005cb8       0x1c src/ASF/avr32/drivers/gpio/gpio.o
                0x80005cb8                gpio_set_gpio_pin
 .text.gpio_clr_gpio_pin
                0x80005cd4       0x1c src/ASF/avr32/drivers/gpio/gpio.o
                0x80005cd4                gpio_clr_gpio_pin
 .text._unhandled_interrupt
                0x80005cf0        0x2 src/ASF/avr32/drivers/intc/intc.o
 *fill*         0x80005cf2        0x2 d703d703
 .text.INTC_register_interrupt
                0x80005cf4       0x80 src/ASF/avr32/drivers/intc/intc.o
                0x80005cf4                INTC_register_interrupt
 .text.INTC_init_interrupts
                0x80005d74       0x54 src/ASF/avr32/drivers/intc/intc.o
                0x80005d74                INTC_init_interrupts
 .text._get_interrupt_handler
                0x80005dc8       0x38 src/ASF/avr32/drivers/intc/intc.o
                0x80005dc8                _get_interrupt_handler
 .text.pm_set_osc0_mode
                0x80005e00        0xa src/ASF/avr32/drivers/pm/pm.o
 *fill*         0x80005e0a        0x2 d703d703
 .text.pm_enable_osc0_crystal
                0x80005e0c       0x3c src/ASF/avr32/drivers/pm/pm.o
                0x80005e0c                pm_enable_osc0_crystal
 .text.pm_enable_clk0_no_wait
                0x80005e48       0x10 src/ASF/avr32/drivers/pm/pm.o
                0x80005e48                pm_enable_clk0_no_wait
 .text.pm_wait_for_clk0_ready
                0x80005e58        0xa src/ASF/avr32/drivers/pm/pm.o
                0x80005e58                pm_wait_for_clk0_ready
 *fill*         0x80005e62        0x2 d703d703
 .text.pm_enable_clk0
                0x80005e64       0x1c src/ASF/avr32/drivers/pm/pm.o
                0x80005e64                pm_enable_clk0
 .text.pm_set_osc32_mode
                0x80005e80        0xa src/ASF/avr32/drivers/pm/pm.o
 *fill*         0x80005e8a        0x2 d703d703
 .text.pm_enable_osc32_crystal
                0x80005e8c       0x10 src/ASF/avr32/drivers/pm/pm.o
                0x80005e8c                pm_enable_osc32_crystal
 .text.pm_enable_clk32_no_wait
                0x80005e9c       0x10 src/ASF/avr32/drivers/pm/pm.o
                0x80005e9c                pm_enable_clk32_no_wait
 .text.pm_wait_for_clk32_ready
                0x80005eac        0xa src/ASF/avr32/drivers/pm/pm.o
                0x80005eac                pm_wait_for_clk32_ready
 *fill*         0x80005eb6        0x2 d703d703
 .text.pm_enable_clk32
                0x80005eb8       0x1c src/ASF/avr32/drivers/pm/pm.o
                0x80005eb8                pm_enable_clk32
 .text.pm_cksel
                0x80005ed4       0x46 src/ASF/avr32/drivers/pm/pm.o
                0x80005ed4                pm_cksel
 .text.pm_pll_setup
                0x80005f1a       0x22 src/ASF/avr32/drivers/pm/pm.o
                0x80005f1a                pm_pll_setup
 .text.pm_pll_set_option
                0x80005f3c       0x1a src/ASF/avr32/drivers/pm/pm.o
                0x80005f3c                pm_pll_set_option
 .text.pm_pll_enable
                0x80005f56        0xe src/ASF/avr32/drivers/pm/pm.o
                0x80005f56                pm_pll_enable
 .text.pm_wait_for_pll0_locked
                0x80005f64        0xa src/ASF/avr32/drivers/pm/pm.o
                0x80005f64                pm_wait_for_pll0_locked
 .text.pm_switch_to_clock
                0x80005f6e        0xa src/ASF/avr32/drivers/pm/pm.o
                0x80005f6e                pm_switch_to_clock
 .text.pm_switch_to_osc0
                0x80005f78       0x2c src/ASF/avr32/drivers/pm/pm.o
                0x80005f78                pm_switch_to_osc0
 .text.rtc_is_busy
                0x80005fa4        0x8 src/ASF/avr32/drivers/rtc/rtc.o
                0x80005fa4                rtc_is_busy
 .text.rtc_set_value
                0x80005fac       0x24 src/ASF/avr32/drivers/rtc/rtc.o
                0x80005fac                rtc_set_value
 .text.rtc_enable
                0x80005fd0       0x24 src/ASF/avr32/drivers/rtc/rtc.o
                0x80005fd0                rtc_enable
 .text.rtc_enable_interrupt
                0x80005ff4        0x6 src/ASF/avr32/drivers/rtc/rtc.o
                0x80005ff4                rtc_enable_interrupt
 *fill*         0x80005ffa        0x2 d703d703
 .text.rtc_set_top_value
                0x80005ffc       0x24 src/ASF/avr32/drivers/rtc/rtc.o
                0x80005ffc                rtc_set_top_value
 .text.rtc_clear_interrupt
                0x80006020       0x1e src/ASF/avr32/drivers/rtc/rtc.o
                0x80006020                rtc_clear_interrupt
 *fill*         0x8000603e        0x2 d703d703
 .text.rtc_init
                0x80006040       0x80 src/ASF/avr32/drivers/rtc/rtc.o
                0x80006040                rtc_init
 .text.getBaudDiv
                0x800060c0       0x20 src/ASF/avr32/drivers/spi/spi.o
                0x800060c0                getBaudDiv
 .text.spi_initMaster
                0x800060e0       0x38 src/ASF/avr32/drivers/spi/spi.o
                0x800060e0                spi_initMaster
 .text.spi_selectionMode
                0x80006118       0x2c src/ASF/avr32/drivers/spi/spi.o
                0x80006118                spi_selectionMode
 .text.spi_enable
                0x80006144        0x6 src/ASF/avr32/drivers/spi/spi.o
                0x80006144                spi_enable
 .text.spi_write
                0x8000614a       0x1c src/ASF/avr32/drivers/spi/spi.o
                0x8000614a                spi_write
 .text.spi_read
                0x80006166       0x20 src/ASF/avr32/drivers/spi/spi.o
                0x80006166                spi_read
 *fill*         0x80006186        0x2 d703d703
 .text.spi_setupChipReg
                0x80006188       0xe8 src/ASF/avr32/drivers/spi/spi.o
                0x80006188                spi_setupChipReg
 .text.spi_unselectChip
                0x80006270       0x40 src/ASF/avr32/drivers/spi/spi.o
                0x80006270                spi_unselectChip
 .text.spi_selectChip
                0x800062b0       0x78 src/ASF/avr32/drivers/spi/spi.o
                0x800062b0                spi_selectChip
 .text.usart_set_async_baudrate
                0x80006328       0x5a src/ASF/avr32/drivers/usart/usart.o
 .text.usart_write_char
                0x80006382       0x14 src/ASF/avr32/drivers/usart/usart.o
                0x80006382                usart_write_char
 *fill*         0x80006396        0x2 d703d703
 .text.usart_putchar
                0x80006398       0x2c src/ASF/avr32/drivers/usart/usart.o
                0x80006398                usart_putchar
 .text.usart_read_char
                0x800063c4       0x22 src/ASF/avr32/drivers/usart/usart.o
                0x800063c4                usart_read_char
 *fill*         0x800063e6        0x2 d703d703
 .text.usart_getchar
                0x800063e8       0x2c src/ASF/avr32/drivers/usart/usart.o
                0x800063e8                usart_getchar
 .text.usart_write_line
                0x80006414       0x24 src/ASF/avr32/drivers/usart/usart.o
                0x80006414                usart_write_line
 .text.usart_reset
                0x80006438       0x2c src/ASF/avr32/drivers/usart/usart.o
                0x80006438                usart_reset
 .text.usart_init_rs232
                0x80006464       0xcc src/ASF/avr32/drivers/usart/usart.o
                0x80006464                usart_init_rs232
 .text._stext   0x80006530       0x40 src/ASF/avr32/utils/startup/startup_uc3.o
                                 0x50 (size before relaxing)
                0x80006530                _stext
 .text.vListInitialise
                0x80006570       0x14 src/ASF/thirdparty/freertos/freertos-7.0.0/source/list.o
                0x80006570                vListInitialise
 .text.vListInitialiseItem
                0x80006584        0x6 src/ASF/thirdparty/freertos/freertos-7.0.0/source/list.o
                0x80006584                vListInitialiseItem
 .text.vListInsertEnd
                0x8000658a       0x1c src/ASF/thirdparty/freertos/freertos-7.0.0/source/list.o
                0x8000658a                vListInsertEnd
 .text.vListInsert
                0x800065a6       0x34 src/ASF/thirdparty/freertos/freertos-7.0.0/source/list.o
                0x800065a6                vListInsert
 .text.vListRemove
                0x800065da       0x26 src/ASF/thirdparty/freertos/freertos-7.0.0/source/list.o
                0x800065da                vListRemove
 .text.pxPortInitialiseStack
                0x80006600       0x92 src/ASF/thirdparty/freertos/freertos-7.0.0/source/portable/gcc/avr32_uc3/port.o
                0x80006600                pxPortInitialiseStack
 *fill*         0x80006692        0x2 d703d703
 .text.vPortEnterCritical
                0x80006694       0x10 src/ASF/thirdparty/freertos/freertos-7.0.0/source/portable/gcc/avr32_uc3/port.o
                0x80006694                vPortEnterCritical
 .text.xPortStartScheduler
                0x800066a4       0x58 src/ASF/thirdparty/freertos/freertos-7.0.0/source/portable/gcc/avr32_uc3/port.o
                0x800066a4                xPortStartScheduler
 .text.SCALLYield
                0x800066fc       0x98 src/ASF/thirdparty/freertos/freertos-7.0.0/source/portable/gcc/avr32_uc3/port.o
                0x800066fc                SCALLYield
 .text.prvClearCcInt
                0x80006794        0xa src/ASF/thirdparty/freertos/freertos-7.0.0/source/portable/gcc/avr32_uc3/port.o
 *fill*         0x8000679e        0x2 d703d703
 .text.vPortExitCritical
                0x800067a0       0x20 src/ASF/thirdparty/freertos/freertos-7.0.0/source/portable/gcc/avr32_uc3/port.o
                0x800067a0                vPortExitCritical
 .text.vTick    0x800067c0       0x84 src/ASF/thirdparty/freertos/freertos-7.0.0/source/portable/gcc/avr32_uc3/port.o
 .text.__malloc_lock
                0x80006844        0xc src/ASF/thirdparty/freertos/freertos-7.0.0/source/portable/gcc/avr32_uc3/port.o
                0x80006844                __malloc_lock
 .text.__malloc_unlock
                0x80006850        0xc src/ASF/thirdparty/freertos/freertos-7.0.0/source/portable/gcc/avr32_uc3/port.o
                0x80006850                __malloc_unlock
 .text._read    0x8000685c       0x40 src/ASF/thirdparty/freertos/freertos-7.0.0/source/portable/gcc/avr32_uc3/read.o
                0x8000685c                _read
 .text._write   0x8000689c       0x3c src/ASF/thirdparty/freertos/freertos-7.0.0/source/portable/gcc/avr32_uc3/write.o
                0x8000689c                _write
 .text.vPortFree
                0x800068d8       0x28 src/ASF/thirdparty/freertos/freertos-7.0.0/source/portable/memmang/heap_3.o
                0x800068d8                vPortFree
 .text.pvPortMalloc
                0x80006900       0x28 src/ASF/thirdparty/freertos/freertos-7.0.0/source/portable/memmang/heap_3.o
                0x80006900                pvPortMalloc
 .text.prvCopyDataFromQueue
                0x80006928       0x30 src/ASF/thirdparty/freertos/freertos-7.0.0/source/queue.o
 .text.xQueueReceiveFromISR
                0x80006958       0x50 src/ASF/thirdparty/freertos/freertos-7.0.0/source/queue.o
                0x80006958                xQueueReceiveFromISR
 .text.prvUnlockQueue
                0x800069a8       0xa0 src/ASF/thirdparty/freertos/freertos-7.0.0/source/queue.o
 .text.xQueueGenericReceive
                0x80006a48      0x144 src/ASF/thirdparty/freertos/freertos-7.0.0/source/queue.o
                0x80006a48                xQueueGenericReceive
 .text.prvCopyDataToQueue
                0x80006b8c       0x78 src/ASF/thirdparty/freertos/freertos-7.0.0/source/queue.o
 .text.xQueueGenericSendFromISR
                0x80006c04       0x50 src/ASF/thirdparty/freertos/freertos-7.0.0/source/queue.o
                0x80006c04                xQueueGenericSendFromISR
 .text.xQueueGenericSend
                0x80006c54      0x100 src/ASF/thirdparty/freertos/freertos-7.0.0/source/queue.o
                0x80006c54                xQueueGenericSend
 .text.xQueueCreate
                0x80006d54       0x74 src/ASF/thirdparty/freertos/freertos-7.0.0/source/queue.o
                0x80006d54                xQueueCreate
 .text.vTaskSuspendAll
                0x80006dc8       0x10 src/ASF/thirdparty/freertos/freertos-7.0.0/source/tasks.o
                0x80006dc8                vTaskSuspendAll
 .text.vTaskSwitchContext
                0x80006dd8       0x7c src/ASF/thirdparty/freertos/freertos-7.0.0/source/tasks.o
                0x80006dd8                vTaskSwitchContext
 .text.vTaskSetTimeOutState
                0x80006e54       0x18 src/ASF/thirdparty/freertos/freertos-7.0.0/source/tasks.o
                0x80006e54                vTaskSetTimeOutState
 .text.vTaskMissedYield
                0x80006e6c        0xc src/ASF/thirdparty/freertos/freertos-7.0.0/source/tasks.o
                0x80006e6c                vTaskMissedYield
 .text.xTaskGetCurrentTaskHandle
                0x80006e78        0xc src/ASF/thirdparty/freertos/freertos-7.0.0/source/tasks.o
                0x80006e78                xTaskGetCurrentTaskHandle
 .text.vTaskPriorityDisinherit
                0x80006e84       0x58 src/ASF/thirdparty/freertos/freertos-7.0.0/source/tasks.o
                0x80006e84                vTaskPriorityDisinherit
 .text.vTaskPriorityInherit
                0x80006edc       0x84 src/ASF/thirdparty/freertos/freertos-7.0.0/source/tasks.o
                0x80006edc                vTaskPriorityInherit
 .text.xTaskRemoveFromEventList
                0x80006f60       0x7c src/ASF/thirdparty/freertos/freertos-7.0.0/source/tasks.o
                0x80006f60                xTaskRemoveFromEventList
 .text.vTaskIncrementTick
                0x80006fdc      0x114 src/ASF/thirdparty/freertos/freertos-7.0.0/source/tasks.o
                0x80006fdc                vTaskIncrementTick
 .text.xTaskCheckForTimeOut
                0x800070f0       0x70 src/ASF/thirdparty/freertos/freertos-7.0.0/source/tasks.o
                0x800070f0                xTaskCheckForTimeOut
 .text.xTaskGetTickCount
                0x80007160       0x24 src/ASF/thirdparty/freertos/freertos-7.0.0/source/tasks.o
                0x80007160                xTaskGetTickCount
 .text.xTaskResumeAll
                0x80007184       0xe8 src/ASF/thirdparty/freertos/freertos-7.0.0/source/tasks.o
                0x80007184                xTaskResumeAll
 .text.prvAddCurrentTaskToDelayedList
                0x8000726c       0x5c src/ASF/thirdparty/freertos/freertos-7.0.0/source/tasks.o
 .text.vTaskDelay
                0x800072c8       0x48 src/ASF/thirdparty/freertos/freertos-7.0.0/source/tasks.o
                0x800072c8                vTaskDelay
 .text.vTaskDelayUntil
                0x80007310       0x80 src/ASF/thirdparty/freertos/freertos-7.0.0/source/tasks.o
                0x80007310                vTaskDelayUntil
 .text.vTaskPlaceOnEventList
                0x80007390       0x58 src/ASF/thirdparty/freertos/freertos-7.0.0/source/tasks.o
                0x80007390                vTaskPlaceOnEventList
 .text.prvIdleTask
                0x800073e8       0x88 src/ASF/thirdparty/freertos/freertos-7.0.0/source/tasks.o
 .text.xTaskGenericCreate
                0x80007470      0x1e8 src/ASF/thirdparty/freertos/freertos-7.0.0/source/tasks.o
                0x80007470                xTaskGenericCreate
 .text.vTaskStartScheduler
                0x80007658       0x4c src/ASF/thirdparty/freertos/freertos-7.0.0/source/tasks.o
                0x80007658                vTaskStartScheduler
 .text.PrintChar
                0x800076a4        0x4 src/Log/log.o
                0x800076a4                PrintChar
 .text.PrintHex
                0x800076a8       0xb2 src/Log/log.o
                0x800076a8                PrintHex
 .text.PrintDec
                0x8000775a       0xda src/Log/log.o
                0x8000775a                PrintDec
 .text.log      0x80007834      0x18c src/Log/log.o
                0x80007834                log
 .text.logFromISR
                0x800079c0      0x180 src/Log/log.o
                0x800079c0                logFromISR
 .text.log_init
                0x80007b40       0x64 src/Log/log.o
                0x80007b40                log_init
 .text.task_log
                0x80007ba4       0x44 src/Log/log.o
 .text.main     0x80007be8       0x70 src/main.o
                0x80007be8                main
 .text.free     0x80007c58       0x10 e:/program x86/atmel/studio/7.0/toolchain/avr32/avr32-gnu-toolchain/bin/../lib/gcc/avr32/4.4.7/../../../../avr32/lib/ucr2\libc.a(lib_a-malloc.o)
                                 0x18 (size before relaxing)
                0x80007c58                free
 .text.malloc   0x80007c68       0x10 e:/program x86/atmel/studio/7.0/toolchain/avr32/avr32-gnu-toolchain/bin/../lib/gcc/avr32/4.4.7/../../../../avr32/lib/ucr2\libc.a(lib_a-malloc.o)
                                 0x18 (size before relaxing)
                0x80007c68                malloc
 .text._malloc_r
                0x80007c78      0x438 e:/program x86/atmel/studio/7.0/toolchain/avr32/avr32-gnu-toolchain/bin/../lib/gcc/avr32/4.4.7/../../../../avr32/lib/ucr2\libc.a(lib_a-mallocr.o)
                                0x450 (size before relaxing)
                0x80007c78                _malloc_r
 .text          0x800080b0      0x148 e:/program x86/atmel/studio/7.0/toolchain/avr32/avr32-gnu-toolchain/bin/../lib/gcc/avr32/4.4.7/../../../../avr32/lib/ucr2\libc.a(lib_a-memcpy.o)
                0x800080b0                memcpy
 .text.memset   0x800081f8        0xe e:/program x86/atmel/studio/7.0/toolchain/avr32/avr32-gnu-toolchain/bin/../lib/gcc/avr32/4.4.7/../../../../avr32/lib/ucr2\libc.a(lib_a-memset.o)
                0x800081f8                memset
 *fill*         0x80008206        0x2 d703d703
 .text._realloc_r
                0x80008208      0x2c0 e:/program x86/atmel/studio/7.0/toolchain/avr32/avr32-gnu-toolchain/bin/../lib/gcc/avr32/4.4.7/../../../../avr32/lib/ucr2\libc.a(lib_a-reallocr.o)
                                0x2e0 (size before relaxing)
                0x80008208                _realloc_r
 .text._sbrk_r  0x800084c8       0x20 e:/program x86/atmel/studio/7.0/toolchain/avr32/avr32-gnu-toolchain/bin/../lib/gcc/avr32/4.4.7/../../../../avr32/lib/ucr2\libc.a(lib_a-sbrkr.o)
                                 0x28 (size before relaxing)
                0x800084c8                _sbrk_r
 .text.sprintf  0x800084e8       0x3c e:/program x86/atmel/studio/7.0/toolchain/avr32/avr32-gnu-toolchain/bin/../lib/gcc/avr32/4.4.7/../../../../avr32/lib/ucr2\libc.a(lib_a-sprintf.o)
                                 0x40 (size before relaxing)
                0x800084e8                sprintf
 .text          0x80008524       0x20 e:/program x86/atmel/studio/7.0/toolchain/avr32/avr32-gnu-toolchain/bin/../lib/gcc/avr32/4.4.7/../../../../avr32/lib/ucr2\libc.a(lib_a-strncpy.o)
                0x80008524                strncpy
 .text._close   0x80008544       0x14 e:/program x86/atmel/studio/7.0/toolchain/avr32/avr32-gnu-toolchain/bin/../lib/gcc/avr32/4.4.7/../../../../avr32/lib/ucr2\libc.a(lib_a-syscalls.o)
                                 0x18 (size before relaxing)
                0x80008544                _close
 .text._lseek   0x80008558       0x14 e:/program x86/atmel/studio/7.0/toolchain/avr32/avr32-gnu-toolchain/bin/../lib/gcc/avr32/4.4.7/../../../../avr32/lib/ucr2\libc.a(lib_a-syscalls.o)
                                 0x18 (size before relaxing)
                0x80008558                _lseek
 .text.isatty   0x8000856c       0x14 e:/program x86/atmel/studio/7.0/toolchain/avr32/avr32-gnu-toolchain/bin/../lib/gcc/avr32/4.4.7/../../../../avr32/lib/ucr2\libc.a(lib_a-syscalls.o)
                                 0x18 (size before relaxing)
                0x8000856c                isatty
 .text._fstat_host
                0x80008580       0x14 e:/program x86/atmel/studio/7.0/toolchain/avr32/avr32-gnu-toolchain/bin/../lib/gcc/avr32/4.4.7/../../../../avr32/lib/ucr2\libc.a(lib_a-syscalls.o)
                                 0x18 (size before relaxing)
                0x80008580                _fstat_host
 .text._fstat   0x80008594       0x4c e:/program x86/atmel/studio/7.0/toolchain/avr32/avr32-gnu-toolchain/bin/../lib/gcc/avr32/4.4.7/../../../../avr32/lib/ucr2\libc.a(lib_a-syscalls.o)
                                 0x50 (size before relaxing)
                0x80008594                _fstat
 .text._sbrk    0x800085e0       0x38 e:/program x86/atmel/studio/7.0/toolchain/avr32/avr32-gnu-toolchain/bin/../lib/gcc/avr32/4.4.7/../../../../avr32/lib/ucr2\libc.a(lib_a-syscalls.o)
                                 0x40 (size before relaxing)
                0x800085e0                _sbrk
 .text.get_arg  0x80008618      0x314 e:/program x86/atmel/studio/7.0/toolchain/avr32/avr32-gnu-toolchain/bin/../lib/gcc/avr32/4.4.7/../../../../avr32/lib/ucr2\libc.a(lib_a-vfprintf.o)
                                0x324 (size before relaxing)
 .text.__sprint_r
                0x8000892c       0x1c e:/program x86/atmel/studio/7.0/toolchain/avr32/avr32-gnu-toolchain/bin/../lib/gcc/avr32/4.4.7/../../../../avr32/lib/ucr2\libc.a(lib_a-vfprintf.o)
                                 0x20 (size before relaxing)
 .text._vfprintf_r
                0x80008948     0x1f14 e:/program x86/atmel/studio/7.0/toolchain/avr32/avr32-gnu-toolchain/bin/../lib/gcc/avr32/4.4.7/../../../../avr32/lib/ucr2\libc.a(lib_a-vfprintf.o)
                               0x1f9c (size before relaxing)
                0x80008948                _vfprintf_r
 .text.__swsetup_r
                0x8000a85c       0xdc e:/program x86/atmel/studio/7.0/toolchain/avr32/avr32-gnu-toolchain/bin/../lib/gcc/avr32/4.4.7/../../../../avr32/lib/ucr2\libc.a(lib_a-wsetup.o)
                                 0xe8 (size before relaxing)
                0x8000a85c                __swsetup_r
 .text.quorem   0x8000a938      0x120 e:/program x86/atmel/studio/7.0/toolchain/avr32/avr32-gnu-toolchain/bin/../lib/gcc/avr32/4.4.7/../../../../avr32/lib/ucr2\libc.a(lib_a-dtoa.o)
                                0x124 (size before relaxing)
 .text._dtoa_r  0x8000aa58      0xbdc e:/program x86/atmel/studio/7.0/toolchain/avr32/avr32-gnu-toolchain/bin/../lib/gcc/avr32/4.4.7/../../../../avr32/lib/ucr2\libc.a(lib_a-dtoa.o)
                                0xc90 (size before relaxing)
                0x8000aa58                _dtoa_r
 .text.__errno  0x8000b634        0xc e:/program x86/atmel/studio/7.0/toolchain/avr32/avr32-gnu-toolchain/bin/../lib/gcc/avr32/4.4.7/../../../../avr32/lib/ucr2\libc.a(lib_a-errno.o)
                0x8000b634                __errno
 .text._fflush_r
                0x8000b640      0x10c e:/program x86/atmel/studio/7.0/toolchain/avr32/avr32-gnu-toolchain/bin/../lib/gcc/avr32/4.4.7/../../../../avr32/lib/ucr2\libc.a(lib_a-fflush.o)
                                0x118 (size before relaxing)
                0x8000b640                _fflush_r
 .text.__sfp_lock_acquire
                0x8000b74c        0x2 e:/program x86/atmel/studio/7.0/toolchain/avr32/avr32-gnu-toolchain/bin/../lib/gcc/avr32/4.4.7/../../../../avr32/lib/ucr2\libc.a(lib_a-findfp.o)
                0x8000b74c                __sfp_lock_acquire
 .text.__sfp_lock_release
                0x8000b74e        0x2 e:/program x86/atmel/studio/7.0/toolchain/avr32/avr32-gnu-toolchain/bin/../lib/gcc/avr32/4.4.7/../../../../avr32/lib/ucr2\libc.a(lib_a-findfp.o)
                0x8000b74e                __sfp_lock_release
 .text._cleanup_r
                0x8000b750        0xc e:/program x86/atmel/studio/7.0/toolchain/avr32/avr32-gnu-toolchain/bin/../lib/gcc/avr32/4.4.7/../../../../avr32/lib/ucr2\libc.a(lib_a-findfp.o)
                                 0x14 (size before relaxing)
                0x8000b750                _cleanup_r
 .text.__sfmoreglue
                0x8000b75c       0x28 e:/program x86/atmel/studio/7.0/toolchain/avr32/avr32-gnu-toolchain/bin/../lib/gcc/avr32/4.4.7/../../../../avr32/lib/ucr2\libc.a(lib_a-findfp.o)
                                 0x30 (size before relaxing)
                0x8000b75c                __sfmoreglue
 .text.__sfp    0x8000b784       0x6c e:/program x86/atmel/studio/7.0/toolchain/avr32/avr32-gnu-toolchain/bin/../lib/gcc/avr32/4.4.7/../../../../avr32/lib/ucr2\libc.a(lib_a-findfp.o)
                                 0x7c (size before relaxing)
                0x8000b784                __sfp
 .text.__sinit  0x8000b7f0       0x9c e:/program x86/atmel/studio/7.0/toolchain/avr32/avr32-gnu-toolchain/bin/../lib/gcc/avr32/4.4.7/../../../../avr32/lib/ucr2\libc.a(lib_a-findfp.o)
                                 0xb0 (size before relaxing)
                0x8000b7f0                __sinit
 .text._malloc_trim_r
                0x8000b88c       0x98 e:/program x86/atmel/studio/7.0/toolchain/avr32/avr32-gnu-toolchain/bin/../lib/gcc/avr32/4.4.7/../../../../avr32/lib/ucr2\libc.a(lib_a-freer.o)
                                 0xa8 (size before relaxing)
                0x8000b88c                _malloc_trim_r
 .text._free_r  0x8000b924      0x18c e:/program x86/atmel/studio/7.0/toolchain/avr32/avr32-gnu-toolchain/bin/../lib/gcc/avr32/4.4.7/../../../../avr32/lib/ucr2\libc.a(lib_a-freer.o)
                                0x1a0 (size before relaxing)
                0x8000b924                _free_r
 .text.__sfvwrite_r
                0x8000bab0      0x294 e:/program x86/atmel/studio/7.0/toolchain/avr32/avr32-gnu-toolchain/bin/../lib/gcc/avr32/4.4.7/../../../../avr32/lib/ucr2\libc.a(lib_a-fvwrite.o)
                                0x2c4 (size before relaxing)
                0x8000bab0                __sfvwrite_r
 .text._fwalk   0x8000bd44       0x4c e:/program x86/atmel/studio/7.0/toolchain/avr32/avr32-gnu-toolchain/bin/../lib/gcc/avr32/4.4.7/../../../../avr32/lib/ucr2\libc.a(lib_a-fwalk.o)
                                 0x54 (size before relaxing)
                0x8000bd44                _fwalk
 .text._localeconv_r
                0x8000bd90        0x8 e:/program x86/atmel/studio/7.0/toolchain/avr32/avr32-gnu-toolchain/bin/../lib/gcc/avr32/4.4.7/../../../../avr32/lib/ucr2\libc.a(lib_a-locale.o)
                0x8000bd90                _localeconv_r
 .text.__smakebuf_r
                0x8000bd98       0xbc e:/program x86/atmel/studio/7.0/toolchain/avr32/avr32-gnu-toolchain/bin/../lib/gcc/avr32/4.4.7/../../../../avr32/lib/ucr2\libc.a(lib_a-makebuf.o)
                                 0xcc (size before relaxing)
                0x8000bd98                __smakebuf_r
 .text.memchr   0x8000be54       0x16 e:/program x86/atmel/studio/7.0/toolchain/avr32/avr32-gnu-toolchain/bin/../lib/gcc/avr32/4.4.7/../../../../avr32/lib/ucr2\libc.a(lib_a-memchr.o)
                0x8000be54                memchr
 .text.memmove  0x8000be6a       0x3e e:/program x86/atmel/studio/7.0/toolchain/avr32/avr32-gnu-toolchain/bin/../lib/gcc/avr32/4.4.7/../../../../avr32/lib/ucr2\libc.a(lib_a-memmove.o)
                0x8000be6a                memmove
 .text.__hi0bits
                0x8000bea8       0x60 e:/program x86/atmel/studio/7.0/toolchain/avr32/avr32-gnu-toolchain/bin/../lib/gcc/avr32/4.4.7/../../../../avr32/lib/ucr2\libc.a(lib_a-mprec.o)
                0x8000bea8                __hi0bits
 .text.__lo0bits
                0x8000bf08       0x8e e:/program x86/atmel/studio/7.0/toolchain/avr32/avr32-gnu-toolchain/bin/../lib/gcc/avr32/4.4.7/../../../../avr32/lib/ucr2\libc.a(lib_a-mprec.o)
                0x8000bf08                __lo0bits
 .text.__mcmp   0x8000bf96       0x32 e:/program x86/atmel/studio/7.0/toolchain/avr32/avr32-gnu-toolchain/bin/../lib/gcc/avr32/4.4.7/../../../../avr32/lib/ucr2\libc.a(lib_a-mprec.o)
                0x8000bf96                __mcmp
 .text._Bfree   0x8000bfc8       0x34 e:/program x86/atmel/studio/7.0/toolchain/avr32/avr32-gnu-toolchain/bin/../lib/gcc/avr32/4.4.7/../../../../avr32/lib/ucr2\libc.a(lib_a-mprec.o)
                                 0x38 (size before relaxing)
                0x8000bfc8                _Bfree
 .text._Balloc  0x8000bffc       0x70 e:/program x86/atmel/studio/7.0/toolchain/avr32/avr32-gnu-toolchain/bin/../lib/gcc/avr32/4.4.7/../../../../avr32/lib/ucr2\libc.a(lib_a-mprec.o)
                                 0x78 (size before relaxing)
                0x8000bffc                _Balloc
 .text.__d2b    0x8000c06c       0xa0 e:/program x86/atmel/studio/7.0/toolchain/avr32/avr32-gnu-toolchain/bin/../lib/gcc/avr32/4.4.7/../../../../avr32/lib/ucr2\libc.a(lib_a-mprec.o)
                                 0xb4 (size before relaxing)
                0x8000c06c                __d2b
 .text.__mdiff  0x8000c10c       0xd0 e:/program x86/atmel/studio/7.0/toolchain/avr32/avr32-gnu-toolchain/bin/../lib/gcc/avr32/4.4.7/../../../../avr32/lib/ucr2\libc.a(lib_a-mprec.o)
                                 0xd8 (size before relaxing)
                0x8000c10c                __mdiff
 .text.__lshift
                0x8000c1dc       0x88 e:/program x86/atmel/studio/7.0/toolchain/avr32/avr32-gnu-toolchain/bin/../lib/gcc/avr32/4.4.7/../../../../avr32/lib/ucr2\libc.a(lib_a-mprec.o)
                                 0x94 (size before relaxing)
                0x8000c1dc                __lshift
 .text.__multiply
                0x8000c264      0x100 e:/program x86/atmel/studio/7.0/toolchain/avr32/avr32-gnu-toolchain/bin/../lib/gcc/avr32/4.4.7/../../../../avr32/lib/ucr2\libc.a(lib_a-mprec.o)
                                0x108 (size before relaxing)
                0x8000c264                __multiply
 .text.__i2b    0x8000c364       0x10 e:/program x86/atmel/studio/7.0/toolchain/avr32/avr32-gnu-toolchain/bin/../lib/gcc/avr32/4.4.7/../../../../avr32/lib/ucr2\libc.a(lib_a-mprec.o)
                                 0x18 (size before relaxing)
                0x8000c364                __i2b
 .text.__multadd
                0x8000c374       0x7c e:/program x86/atmel/studio/7.0/toolchain/avr32/avr32-gnu-toolchain/bin/../lib/gcc/avr32/4.4.7/../../../../avr32/lib/ucr2\libc.a(lib_a-mprec.o)
                                 0x88 (size before relaxing)
                0x8000c374                __multadd
 .text.__pow5mult
                0x8000c3f0       0x8c e:/program x86/atmel/studio/7.0/toolchain/avr32/avr32-gnu-toolchain/bin/../lib/gcc/avr32/4.4.7/../../../../avr32/lib/ucr2\libc.a(lib_a-mprec.o)
                                 0xac (size before relaxing)
                0x8000c3f0                __pow5mult
 .text.__isinfd
                0x8000c47c       0x2a e:/program x86/atmel/studio/7.0/toolchain/avr32/avr32-gnu-toolchain/bin/../lib/gcc/avr32/4.4.7/../../../../avr32/lib/ucr2\libc.a(lib_a-s_isinfd.o)
                0x8000c47c                __isinfd
 .text.__isnand
                0x8000c4a6       0x1c e:/program x86/atmel/studio/7.0/toolchain/avr32/avr32-gnu-toolchain/bin/../lib/gcc/avr32/4.4.7/../../../../avr32/lib/ucr2\libc.a(lib_a-s_isnand.o)
                0x8000c4a6                __isnand
 *fill*         0x8000c4c2        0x2 d703d703
 .text.__sclose
                0x8000c4c4        0x8 e:/program x86/atmel/studio/7.0/toolchain/avr32/avr32-gnu-toolchain/bin/../lib/gcc/avr32/4.4.7/../../../../avr32/lib/ucr2\libc.a(lib_a-stdio.o)
                                 0x10 (size before relaxing)
                0x8000c4c4                __sclose
 .text.__sseek  0x8000c4cc       0x20 e:/program x86/atmel/studio/7.0/toolchain/avr32/avr32-gnu-toolchain/bin/../lib/gcc/avr32/4.4.7/../../../../avr32/lib/ucr2\libc.a(lib_a-stdio.o)
                                 0x28 (size before relaxing)
                0x8000c4cc                __sseek
 .text.__swrite
                0x8000c4ec       0x2c e:/program x86/atmel/studio/7.0/toolchain/avr32/avr32-gnu-toolchain/bin/../lib/gcc/avr32/4.4.7/../../../../avr32/lib/ucr2\libc.a(lib_a-stdio.o)
                                 0x38 (size before relaxing)
                0x8000c4ec                __swrite
 .text.__sread  0x8000c518       0x1c e:/program x86/atmel/studio/7.0/toolchain/avr32/avr32-gnu-toolchain/bin/../lib/gcc/avr32/4.4.7/../../../../avr32/lib/ucr2\libc.a(lib_a-stdio.o)
                                 0x24 (size before relaxing)
                0x8000c518                __sread
 .text.strlen   0x8000c534       0x16 e:/program x86/atmel/studio/7.0/toolchain/avr32/avr32-gnu-toolchain/bin/../lib/gcc/avr32/4.4.7/../../../../avr32/lib/ucr2\libc.a(lib_a-strlen.o)
                0x8000c534                strlen
 *fill*         0x8000c54a        0x2 d703d703
 .text._write_r
                0x8000c54c       0x28 e:/program x86/atmel/studio/7.0/toolchain/avr32/avr32-gnu-toolchain/bin/../lib/gcc/avr32/4.4.7/../../../../avr32/lib/ucr2\libc.a(lib_a-writer.o)
                                 0x2c (size before relaxing)
                0x8000c54c                _write_r
 .text._calloc_r
                0x8000c574       0x58 e:/program x86/atmel/studio/7.0/toolchain/avr32/avr32-gnu-toolchain/bin/../lib/gcc/avr32/4.4.7/../../../../avr32/lib/ucr2\libc.a(lib_a-callocr.o)
                                 0x60 (size before relaxing)
                0x8000c574                _calloc_r
 .text._close_r
                0x8000c5cc       0x20 e:/program x86/atmel/studio/7.0/toolchain/avr32/avr32-gnu-toolchain/bin/../lib/gcc/avr32/4.4.7/../../../../avr32/lib/ucr2\libc.a(lib_a-closer.o)
                                 0x28 (size before relaxing)
                0x8000c5cc                _close_r
 .text._fclose_r
                0x8000c5ec       0xb8 e:/program x86/atmel/studio/7.0/toolchain/avr32/avr32-gnu-toolchain/bin/../lib/gcc/avr32/4.4.7/../../../../avr32/lib/ucr2\libc.a(lib_a-fclose.o)
                                 0xd0 (size before relaxing)
                0x8000c5ec                _fclose_r
 .text.fclose   0x8000c6a4       0x10 e:/program x86/atmel/studio/7.0/toolchain/avr32/avr32-gnu-toolchain/bin/../lib/gcc/avr32/4.4.7/../../../../avr32/lib/ucr2\libc.a(lib_a-fclose.o)
                                 0x18 (size before relaxing)
                0x8000c6a4                fclose
 .text._fstat_r
                0x8000c6b4       0x24 e:/program x86/atmel/studio/7.0/toolchain/avr32/avr32-gnu-toolchain/bin/../lib/gcc/avr32/4.4.7/../../../../avr32/lib/ucr2\libc.a(lib_a-fstatr.o)
                                 0x2c (size before relaxing)
                0x8000c6b4                _fstat_r
 .text._lseek_r
                0x8000c6d8       0x28 e:/program x86/atmel/studio/7.0/toolchain/avr32/avr32-gnu-toolchain/bin/../lib/gcc/avr32/4.4.7/../../../../avr32/lib/ucr2\libc.a(lib_a-lseekr.o)
                                 0x2c (size before relaxing)
                0x8000c6d8                _lseek_r
 .text._read_r  0x8000c700       0x28 e:/program x86/atmel/studio/7.0/toolchain/avr32/avr32-gnu-toolchain/bin/../lib/gcc/avr32/4.4.7/../../../../avr32/lib/ucr2\libc.a(lib_a-readr.o)
                                 0x2c (size before relaxing)
                0x8000c700                _read_r
 .text          0x8000c728      0x1d4 e:/program x86/atmel/studio/7.0/toolchain/avr32/avr32-gnu-toolchain/bin/../lib/gcc/avr32/4.4.7/ucr2\libgcc.a(_avr32_f64_mul.o)
                0x8000c728                __avr32_f64_mul
 .text          0x8000c8fc      0x2b0 e:/program x86/atmel/studio/7.0/toolchain/avr32/avr32-gnu-toolchain/bin/../lib/gcc/avr32/4.4.7/ucr2\libgcc.a(_avr32_f64_addsub.o)
                0x8000c900                __avr32_f64_sub
                0x8000ca9c                __avr32_f64_add
 .text          0x8000cbac       0x2a e:/program x86/atmel/studio/7.0/toolchain/avr32/avr32-gnu-toolchain/bin/../lib/gcc/avr32/4.4.7/ucr2\libgcc.a(_avr32_f64_to_s32.o)
                0x8000cbac                __avr32_f64_to_u32
                0x8000cbb0                __avr32_f64_to_s32
 .text          0x8000cbd6       0xe8 e:/program x86/atmel/studio/7.0/toolchain/avr32/avr32-gnu-toolchain/bin/../lib/gcc/avr32/4.4.7/ucr2\libgcc.a(_avr32_s32_to_f64.o)
                0x8000cbd6                __avr32_u32_to_f64
                0x8000cbde                __avr32_s32_to_f64
 .text          0x8000ccbe       0x26 e:/program x86/atmel/studio/7.0/toolchain/avr32/avr32-gnu-toolchain/bin/../lib/gcc/avr32/4.4.7/ucr2\libgcc.a(_avr32_f64_cmp_eq.o)
                0x8000ccbe                __avr32_f64_cmp_eq
 .text          0x8000cce4       0x68 e:/program x86/atmel/studio/7.0/toolchain/avr32/avr32-gnu-toolchain/bin/../lib/gcc/avr32/4.4.7/ucr2\libgcc.a(_avr32_f64_cmp_ge.o)
                0x8000cce4                __avr32_f64_cmp_ge
 .text          0x8000cd4c       0x68 e:/program x86/atmel/studio/7.0/toolchain/avr32/avr32-gnu-toolchain/bin/../lib/gcc/avr32/4.4.7/ucr2\libgcc.a(_avr32_f64_cmp_lt.o)
                0x8000cd4c                __avr32_f64_cmp_lt
 .text          0x8000cdb4      0x318 e:/program x86/atmel/studio/7.0/toolchain/avr32/avr32-gnu-toolchain/bin/../lib/gcc/avr32/4.4.7/ucr2\libgcc.a(_avr32_f64_div.o)
                0x8000cdb4                __avr32_f64_div
 .text          0x8000d0cc      0x264 e:/program x86/atmel/studio/7.0/toolchain/avr32/avr32-gnu-toolchain/bin/../lib/gcc/avr32/4.4.7/ucr2\libgcc.a(_udivdi3.o)
                0x8000d0cc                __avr32_udiv64
                0x8000d0cc                __udivdi3
 .text          0x8000d330      0x20c e:/program x86/atmel/studio/7.0/toolchain/avr32/avr32-gnu-toolchain/bin/../lib/gcc/avr32/4.4.7/ucr2\libgcc.a(_umoddi3.o)
                0x8000d330                __avr32_umod64
                0x8000d330                __umoddi3
 *(.text.*personality*)
 *(.gnu.warning)

.exception      0x8000d600      0x200
 .exception     0x8000d600      0x200 src/ASF/thirdparty/freertos/freertos-7.0.0/source/portable/gcc/avr32_uc3/exception.o
                0x8000d600                _evba
                0x8000d704                _int0
                0x8000d712                _int1
                0x8000d720                _int2
                0x8000d72e                _int3
                0x8000d73c                ipr_val

.fini
 *(.fini)
                0x8000d800                PROVIDE (__etext, .)
                0x8000d800                PROVIDE (_etext, .)
                0x8000d800                PROVIDE (etext, .)

.rodata         0x8000d800     0x14b8
 *(.rodata .rodata.* .gnu.linkonce.r.*)
 .rodata.str1.4
                0x8000d800      0x785 src/Application/app/app.o
                                0x788 (size before relaxing)
 *fill*         0x8000df85        0x3 
 .rodata.str1.4
                0x8000df88       0x7f src/Application/flash/data_flash.o
                                 0x80 (size before relaxing)
 *fill*         0x8000e007        0x1 
 .rodata.str1.4
                0x8000e008       0x1d src/Application/myrtc/xgrtc.o
                                 0x20 (size before relaxing)
 *fill*         0x8000e025        0x3 
 .rodata.CSWTCH.36
                0x8000e028       0x48 src/Application/radio/ambe.o
 .rodata.str1.4
                0x8000e070       0x44 src/Application/radio/physical.o
 .rodata.str1.4
                0x8000e0b4        0x8 src/Application/radio/xcmp.o
 .rodata.str1.4
                0x8000e0bc        0xf src/Application/radio/xnl.o
                                 0x10 (size before relaxing)
 *fill*         0x8000e0cb        0x1 
 .rodata.C.72.12134
                0x8000e0cc       0x10 src/Application/RFID/MFRC522/rc522.o
 .rodata.CSWTCH.98
                0x8000e0dc        0x4 src/Application/RFID/MFRC522/rc522.o
 .rodata.CSWTCH.97
                0x8000e0e0        0x4 src/Application/RFID/MFRC522/rc522.o
 .rodata.RC522_SPI_GPIO_MAP.12132
                0x8000e0e4       0x20 src/Application/RFID/MFRC522/rc522.o
 .rodata.str1.4
                0x8000e104       0x85 src/Application/RFID/RFID.o
                                 0x88 (size before relaxing)
 *fill*         0x8000e189        0x3 
 .rodata.TC_GPIO_MAP.11090
                0x8000e18c       0x18 src/Application/timers/timer.o
 .rodata.str1.4
                0x8000e1a4      0x1e2 src/Application/xgflash/xgflash.o
                                0x1e4 (size before relaxing)
 *fill*         0x8000e386        0x2 
 .rodata._int_handler_table
                0x8000e388       0x98 src/ASF/avr32/drivers/intc/intc.o
 .rodata.str1.4
                0x8000e420        0x5 src/ASF/thirdparty/freertos/freertos-7.0.0/source/tasks.o
                                  0x8 (size before relaxing)
 *fill*         0x8000e425        0x3 
 .rodata.log    0x8000e428      0x150 src/Log/log.o
 .rodata.logFromISR
                0x8000e578      0x150 src/Log/log.o
 .rodata.USART_OPTIONS.11278
                0x8000e6c8        0xc src/Log/log.o
 .rodata.str1.4
                0x8000e6d4       0x3c src/Log/log.o
 .rodata.USART_GPIO_MAP.11277
                0x8000e710       0x10 src/Log/log.o
 .rodata.str1.4
                0x8000e720       0x14 src/main.o
 .rodata.get_arg
                0x8000e734       0x3c e:/program x86/atmel/studio/7.0/toolchain/avr32/avr32-gnu-toolchain/bin/../lib/gcc/avr32/4.4.7/../../../../avr32/lib/ucr2\libc.a(lib_a-vfprintf.o)
 .rodata._vfprintf_r
                0x8000e770      0x164 e:/program x86/atmel/studio/7.0/toolchain/avr32/avr32-gnu-toolchain/bin/../lib/gcc/avr32/4.4.7/../../../../avr32/lib/ucr2\libc.a(lib_a-vfprintf.o)
 .rodata.state_table
                0x8000e8d4       0x6c e:/program x86/atmel/studio/7.0/toolchain/avr32/avr32-gnu-toolchain/bin/../lib/gcc/avr32/4.4.7/../../../../avr32/lib/ucr2\libc.a(lib_a-vfprintf.o)
 .rodata.action_table
                0x8000e940       0x6c e:/program x86/atmel/studio/7.0/toolchain/avr32/avr32-gnu-toolchain/bin/../lib/gcc/avr32/4.4.7/../../../../avr32/lib/ucr2\libc.a(lib_a-vfprintf.o)
 .rodata.str1.4
                0x8000e9ac       0x3a e:/program x86/atmel/studio/7.0/toolchain/avr32/avr32-gnu-toolchain/bin/../lib/gcc/avr32/4.4.7/../../../../avr32/lib/ucr2\libc.a(lib_a-vfprintf.o)
                                 0x3c (size before relaxing)
 *fill*         0x8000e9e6        0x2 
 .rodata.blanks.3430
                0x8000e9e8       0x10 e:/program x86/atmel/studio/7.0/toolchain/avr32/avr32-gnu-toolchain/bin/../lib/gcc/avr32/4.4.7/../../../../avr32/lib/ucr2\libc.a(lib_a-vfprintf.o)
 .rodata.zeroes.3431
                0x8000e9f8       0x10 e:/program x86/atmel/studio/7.0/toolchain/avr32/avr32-gnu-toolchain/bin/../lib/gcc/avr32/4.4.7/../../../../avr32/lib/ucr2\libc.a(lib_a-vfprintf.o)
 .rodata.chclass
                0x8000ea08      0x100 e:/program x86/atmel/studio/7.0/toolchain/avr32/avr32-gnu-toolchain/bin/../lib/gcc/avr32/4.4.7/../../../../avr32/lib/ucr2\libc.a(lib_a-vfprintf.o)
 .rodata.str1.4
                0x8000eb08       0x10 e:/program x86/atmel/studio/7.0/toolchain/avr32/avr32-gnu-toolchain/bin/../lib/gcc/avr32/4.4.7/../../../../avr32/lib/ucr2\libc.a(lib_a-dtoa.o)
                                 0x14 (size before relaxing)
 .rodata.__sf_fake_stdin
                0x8000eb18       0x20 e:/program x86/atmel/studio/7.0/toolchain/avr32/avr32-gnu-toolchain/bin/../lib/gcc/avr32/4.4.7/../../../../avr32/lib/ucr2\libc.a(lib_a-findfp.o)
                0x8000eb18                __sf_fake_stdin
 .rodata.__sf_fake_stdout
                0x8000eb38       0x20 e:/program x86/atmel/studio/7.0/toolchain/avr32/avr32-gnu-toolchain/bin/../lib/gcc/avr32/4.4.7/../../../../avr32/lib/ucr2\libc.a(lib_a-findfp.o)
                0x8000eb38                __sf_fake_stdout
 .rodata.__sf_fake_stderr
                0x8000eb58       0x20 e:/program x86/atmel/studio/7.0/toolchain/avr32/avr32-gnu-toolchain/bin/../lib/gcc/avr32/4.4.7/../../../../avr32/lib/ucr2\libc.a(lib_a-findfp.o)
                0x8000eb58                __sf_fake_stderr
 .rodata.str1.4
                0x8000eb78        0x2 e:/program x86/atmel/studio/7.0/toolchain/avr32/avr32-gnu-toolchain/bin/../lib/gcc/avr32/4.4.7/../../../../avr32/lib/ucr2\libc.a(lib_a-impure.o)
                                  0x4 (size before relaxing)
 *fill*         0x8000eb7a        0x2 
 .rodata._global_impure_ptr
                0x8000eb7c        0x4 e:/program x86/atmel/studio/7.0/toolchain/avr32/avr32-gnu-toolchain/bin/../lib/gcc/avr32/4.4.7/../../../../avr32/lib/ucr2\libc.a(lib_a-impure.o)
                0x8000eb7c                _global_impure_ptr
 .rodata.lconv  0x8000eb80       0x30 e:/program x86/atmel/studio/7.0/toolchain/avr32/avr32-gnu-toolchain/bin/../lib/gcc/avr32/4.4.7/../../../../avr32/lib/ucr2\libc.a(lib_a-locale.o)
 .rodata.str1.4
                0x8000ebb0        0xc e:/program x86/atmel/studio/7.0/toolchain/avr32/avr32-gnu-toolchain/bin/../lib/gcc/avr32/4.4.7/../../../../avr32/lib/ucr2\libc.a(lib_a-locale.o)
                                 0x18 (size before relaxing)
 .rodata.p05.2471
                0x8000ebbc        0xc e:/program x86/atmel/studio/7.0/toolchain/avr32/avr32-gnu-toolchain/bin/../lib/gcc/avr32/4.4.7/../../../../avr32/lib/ucr2\libc.a(lib_a-mprec.o)
 .rodata.__mprec_tens
                0x8000ebc8       0xc8 e:/program x86/atmel/studio/7.0/toolchain/avr32/avr32-gnu-toolchain/bin/../lib/gcc/avr32/4.4.7/../../../../avr32/lib/ucr2\libc.a(lib_a-mprec.o)
                0x8000ebc8                __mprec_tens
 .rodata.__mprec_bigtens
                0x8000ec90       0x28 e:/program x86/atmel/studio/7.0/toolchain/avr32/avr32-gnu-toolchain/bin/../lib/gcc/avr32/4.4.7/../../../../avr32/lib/ucr2\libc.a(lib_a-mprec.o)
                0x8000ec90                __mprec_bigtens

.rodata1
 *(.rodata1)

.eh_frame_hdr
 *(.eh_frame_hdr)

.eh_frame
 *(.eh_frame)

.gcc_except_table
 *(.gcc_except_table)
 *(.gcc_except_table.*)

.dalign         0x8000ecb8        0x0
                0x8000ecb8                . = ALIGN (0x8)
                0x8000ecb8                PROVIDE (_data_lma, .)
                0x00000004                PROVIDE (_data, ORIGIN (CPUSRAM))
                0x00000004                . = ORIGIN (CPUSRAM)

.eh_frame
 *(.eh_frame)

.gcc_except_table
 *(.gcc_except_table)
 *(.gcc_except_table.*)

.tdata
 *(.tdata .tdata.* .gnu.linkonce.td.*)

.tbss
 *(.tbss .tbss.* .gnu.linkonce.tb.*)
 *(.tcommon)
                0x00000004                PROVIDE (__preinit_array_start, ALIGN (0x4))

.preinit_array
 *(.preinit_array)
                0x00000004                PROVIDE (__preinit_array_end, .)
                0x00000004                PROVIDE (__init_array_start, .)

.init_array
 *(.init_array)
                0x00000004                PROVIDE (__init_array_end, .)
                0x00000004                PROVIDE (__fini_array_start, .)

.fini_array
 *(.fini_array)
                0x00000004                PROVIDE (__fini_array_end, .)

.ctors
 *crtbegin*.o(.ctors)
 *(EXCLUDE_FILE(*crtend*.o) .ctors)
 *(SORT(.ctors.*))
 *(.ctors)

.dtors
 *crtbegin*.o(.dtors)
 *(EXCLUDE_FILE(*crtend*.o) .dtors)
 *(SORT(.dtors.*))
 *(.dtors)

.jcr
 *(.jcr)

.data.rel.ro
 *(.data.rel.ro.local)
 *(.data.rel.ro*)

.dynamic
 *(.dynamic)

.got
 *(.got.plt)
 *(.got)

.data           0x00000004      0xa44 load address 0x8000ecb8
 *(.data .data.* .gnu.linkonce.d.*)
 .data.get_time_okay
                0x00000004        0x1 src/Application/app/app.o
 *fill*         0x00000005        0x3 
 .data.the_app_list
                0x00000008      0x4ec src/Application/app/app.o
 .data.print_sec
                0x000004f4        0x4 src/Application/myrtc/xgrtc.o
 .data.xnl_proc_list
                0x000004f8       0x34 src/Application/radio/xnl.o
 .data.unsure_data
                0x0000052c        0x8 src/Application/RFID/RFID.o
                0x0000052c                unsure_data
 .data.start_session.12205
                0x00000534        0x1 src/Application/RFID/RFID.o
 *fill*         0x00000535        0x3 
 .data.current_save_message_offset
                0x00000538        0x4 src/Application/xgflash/xgflash.o
 .data.ulCriticalNesting
                0x0000053c        0x4 src/ASF/thirdparty/freertos/freertos-7.0.0/source/portable/gcc/avr32_uc3/port.o
                0x0000053c                ulCriticalNesting
 .data.xNextTaskUnblockTime
                0x00000540        0x4 src/ASF/thirdparty/freertos/freertos-7.0.0/source/tasks.o
 .data.__malloc_av_
                0x00000544      0x408 e:/program x86/atmel/studio/7.0/toolchain/avr32/avr32-gnu-toolchain/bin/../lib/gcc/avr32/4.4.7/../../../../avr32/lib/ucr2\libc.a(lib_a-mallocr.o)
                0x00000544                __malloc_av_
 .data.__malloc_trim_threshold
                0x0000094c        0x4 e:/program x86/atmel/studio/7.0/toolchain/avr32/avr32-gnu-toolchain/bin/../lib/gcc/avr32/4.4.7/../../../../avr32/lib/ucr2\libc.a(lib_a-mallocr.o)
                0x0000094c                __malloc_trim_threshold
 .data.__malloc_sbrk_base
                0x00000950        0x4 e:/program x86/atmel/studio/7.0/toolchain/avr32/avr32-gnu-toolchain/bin/../lib/gcc/avr32/4.4.7/../../../../avr32/lib/ucr2\libc.a(lib_a-mallocr.o)
                0x00000950                __malloc_sbrk_base
 .data.impure_data
                0x00000954       0xf0 e:/program x86/atmel/studio/7.0/toolchain/avr32/avr32-gnu-toolchain/bin/../lib/gcc/avr32/4.4.7/../../../../avr32/lib/ucr2\libc.a(lib_a-impure.o)
 .data._impure_ptr
                0x00000a44        0x4 e:/program x86/atmel/studio/7.0/toolchain/avr32/avr32-gnu-toolchain/bin/../lib/gcc/avr32/4.4.7/../../../../avr32/lib/ucr2\libc.a(lib_a-impure.o)
                0x00000a44                _impure_ptr
 *(.gnu.linkonce.d.*personality*)

.data1
 *(.data1)

.balign         0x00000a48        0x0 load address 0x8000f6fc
                0x00000a48                . = ALIGN (0x8)
                0x00000a48                _edata = .
                0x00000a48                _edata = .
                0x00000a48                PROVIDE (edata, .)
                0x00000a48                __bss_start = .

.bss            0x00000a48     0x4998 load address 0x8000f6fc
 *(.dynbss)
 *(.bss .bss.* .gnu.linkonce.b.*)
 .bss.Speaker_is_unmute
                0x00000a48        0x1 src/Application/app/app.o
                0x00000a48                Speaker_is_unmute
 .bss.AMBE_rx_flag
                0x00000a49        0x1 src/Application/app/app.o
                0x00000a49                AMBE_rx_flag
 .bss.VF_SN     0x00000a4a        0x1 src/Application/app/app.o
                0x00000a4a                VF_SN
 .bss.AMBE_tx_flag
                0x00000a4b        0x1 src/Application/app/app.o
                0x00000a4b                AMBE_tx_flag
 .bss.Radio_Transmit_State
                0x00000a4c        0x1 src/Application/app/app.o
                0x00000a4c                Radio_Transmit_State
 .bss.Call_Begin
                0x00000a4d        0x1 src/Application/app/app.o
                0x00000a4d                Call_Begin
 *fill*         0x00000a4e        0x2 
 .bss.OB_State.12711
                0x00000a50        0x4 src/Application/app/app.o
 .bss.AMBE_Media
                0x00000a54        0x1 src/Application/app/app.o
                0x00000a54                AMBE_Media
 .bss.times_counter.12761
                0x00000a55        0x1 src/Application/app/app.o
 .bss.connect_flag
                0x00000a56        0x1 src/Application/app/app.o
 .bss.Mic_is_Enabled
                0x00000a57        0x1 src/Application/app/app.o
                0x00000a57                Mic_is_Enabled
 .bss.Terminator_Flag
                0x00000a58        0x1 src/Application/app/app.o
                0x00000a58                Terminator_Flag
 *fill*         0x00000a59        0x3 
 .bss.xLastWakeTime.12705
                0x00000a5c        0x4 src/Application/app/app.o
 .bss.res.12693
                0x00000a60        0x4 src/Application/app/app.o
 .bss.Current_total_message_count.12704
                0x00000a64        0x2 src/Application/app/app.o
 *fill*         0x00000a66        0x2 
 .bss.ulIdleCycleCount
                0x00000a68        0x4 src/Application/app/app.o
                0x00000a68                ulIdleCycleCount
 .bss.payload_rx_exec
                0x00000a6c        0x4 src/Application/radio/payload.o
                0x00000a6c                payload_rx_exec
 .bss.payload_tx_exec
                0x00000a70        0x4 src/Application/radio/payload.o
                0x00000a70                payload_tx_exec
 .bss.phy_tx_index.10647
                0x00000a74        0x1 src/Application/radio/physical.o
 *fill*         0x00000a75        0x3 
 .bss.RxBytesWaiting.10956
                0x00000a78        0x4 src/Application/radio/physical.o
 .bss.phy_rx_length.10690
                0x00000a7c        0x2 src/Application/radio/physical.o
 *fill*         0x00000a7e        0x2 
 .bss.RxData_IsFillingNext16.10955
                0x00000a80        0x4 src/Application/radio/physical.o
 .bss.AMBE_HT   0x00000a84        0x8 src/Application/radio/physical.o
 .bss.Item_ID.10961
                0x00000a8c        0x1 src/Application/radio/physical.o
 .bss.is_first.10960
                0x00000a8d        0x1 src/Application/radio/physical.o
 .bss.phy_rx_expexted_length.10689
                0x00000a8e        0x2 src/Application/radio/physical.o
 .bss.AMBE_payload_ptr.10959
                0x00000a90        0x4 src/Application/radio/physical.o
 .bss.phy_tx_state.10645
                0x00000a94        0x4 src/Application/radio/physical.o
 .bss.RxMedia_IsFillingNext16.10953
                0x00000a98        0x4 src/Application/radio/physical.o
 .bss.phy_frame_ptr.10688
                0x00000a9c        0x4 src/Application/radio/physical.o
 .bss.phy_ptr.10644
                0x00000aa0        0x4 src/Application/radio/physical.o
 .bss.xnl_store_idle
                0x00000aa4        0x4 src/Application/radio/physical.o
                0x00000aa4                xnl_store_idle
 .bss.payload_store_idle
                0x00000aa8        0x4 src/Application/radio/physical.o
                0x00000aa8                payload_store_idle
 .bss.phy_rx_state.10692
                0x00000aac        0x4 src/Application/radio/physical.o
 .bss.phy_check_sum.10691
                0x00000ab0        0x2 src/Application/radio/physical.o
 *fill*         0x00000ab2        0x2 
 .bss.phy_xnl_frame_rx
                0x00000ab4        0x4 src/Application/radio/physical.o
                0x00000ab4                phy_xnl_frame_rx
 .bss.payload_ptr.10958
                0x00000ab8        0x4 src/Application/radio/physical.o
 .bss.phy_tx_expexted_length.10646
                0x00000abc        0x2 src/Application/radio/physical.o
 *fill*         0x00000abe        0x2 
 .bss.m_RxBurstType
                0x00000ac0        0x4 src/Application/radio/physical.o
 .bss.RxAMBE_IsFillingNext8.10954
                0x00000ac4        0x4 src/Application/radio/physical.o
 .bss.phy_payload_frame_tx
                0x00000ac8        0x4 src/Application/radio/physical.o
                0x00000ac8                phy_payload_frame_tx
 .bss.phy_rx_count.10693
                0x00000acc        0x4 src/Application/radio/physical.o
 .bss.SDV_Index.10964
                0x00000ad0        0x1 src/Application/radio/physical.o
 *fill*         0x00000ad1        0x3 
 .bss.phy_xnl_frame_tx
                0x00000ad4        0x4 src/Application/radio/physical.o
                0x00000ad4                phy_xnl_frame_tx
 .bss.RxMediaState.10952
                0x00000ad8        0x4 src/Application/radio/physical.o
 .bss.ArrayDiscLength.10957
                0x00000adc        0x4 src/Application/radio/physical.o
 .bss.phy_payload_frame_rx
                0x00000ae0        0x4 src/Application/radio/physical.o
                0x00000ae0                phy_payload_frame_rx
 .bss.Item_Length.10962
                0x00000ae4        0x4 src/Application/radio/physical.o
 .bss.phy_rx_exec
                0x00000ae8        0x4 src/Application/radio/ssc.o
                0x00000ae8                phy_rx_exec
 .bss.xHigherPriorityTaskWoken.9824
                0x00000aec        0x4 src/Application/radio/ssc.o
 .bss.count.9825
                0x00000af0        0x4 src/Application/radio/ssc.o
 .bss.phy_tx_exec
                0x00000af4        0x4 src/Application/radio/ssc.o
                0x00000af4                phy_tx_exec
 .bss.version_information
                0x00000af8        0xc src/Application/radio/xcmp.o
                0x00000af8                version_information
 .bss.clone_read
                0x00000b04        0xc src/Application/radio/xcmp.o
                0x00000b04                clone_read
 .bss.xcmp_frame_rx
                0x00000b10        0x4 src/Application/radio/xcmp.o
 .bss.clone_write
                0x00000b14        0xc src/Application/radio/xcmp.o
                0x00000b14                clone_write
 .bss.automatic_frequency_correction_control
                0x00000b20        0xc src/Application/radio/xcmp.o
                0x00000b20                automatic_frequency_correction_control
 .bss.language_pack_information
                0x00000b2c        0xc src/Application/radio/xcmp.o
                0x00000b2c                language_pack_information
 .bss.radio_status
                0x00000b38        0xc src/Application/radio/xcmp.o
                0x00000b38                radio_status
 .bss.xnl_timeout_semphr
                0x00000b44        0x4 src/Application/radio/xnl.o
 .bss.flags.10672
                0x00000b48        0x1 src/Application/radio/xnl.o
 *fill*         0x00000b49        0x1 
 .bss.xnl_information
                0x00000b4a        0xa src/Application/radio/xnl.o
 .bss.xnl_tx_state.10716
                0x00000b54        0x4 src/Application/radio/xnl.o
 .bss.xnl_frame_tx
                0x00000b58        0x4 src/Application/radio/xnl.o
 .bss.xnl_send_times.10717
                0x00000b5c        0x4 src/Application/radio/xnl.o
 .bss.ptr.10718
                0x00000b60        0x4 src/Application/radio/xnl.o
 .bss.xcmp_exec
                0x00000b64        0x4 src/Application/radio/xnl.o
                0x00000b64                xcmp_exec
 .bss.rc522_init_failure
                0x00000b68        0x1 src/Application/RFID/MFRC522/rc522.o
                0x00000b68                rc522_init_failure
 *fill*         0x00000b69        0x3 
 .bss.SN.12200  0x00000b6c        0xc src/Application/RFID/RFID.o
 .bss.xg_resend_queue
                0x00000b78        0x4 src/Application/xgflash/xgflash.o
                0x00000b78                xg_resend_queue
 .bss.list_init_success_flag
                0x00000b7c        0x1 src/Application/xgflash/xgflash.o
 *fill*         0x00000b7d        0x3 
 .bss.xgflash_mutex
                0x00000b80        0x4 src/Application/xgflash/xgflash.o
 .bss.current_message_index
                0x00000b84        0x2 src/Application/xgflash/xgflash.o
 *fill*         0x00000b86        0x2 
 .bss.current_bytes_remained
                0x00000b88        0x4 src/Application/xgflash/xgflash.o
 .bss.message_storage_queue
                0x00000b8c        0x4 src/Application/xgflash/xgflash.o
                0x00000b8c                message_storage_queue
 .bss._int_line_handler_table_6
                0x00000b90        0x4 src/ASF/avr32/drivers/intc/intc.o
 .bss._int_line_handler_table_7
                0x00000b94        0x4 src/ASF/avr32/drivers/intc/intc.o
 .bss._int_line_handler_table_8
                0x00000b98        0x4 src/ASF/avr32/drivers/intc/intc.o
 .bss._int_line_handler_table_9
                0x00000b9c        0x4 src/ASF/avr32/drivers/intc/intc.o
 .bss._int_line_handler_table_10
                0x00000ba0        0x4 src/ASF/avr32/drivers/intc/intc.o
 .bss._int_line_handler_table_11
                0x00000ba4        0x4 src/ASF/avr32/drivers/intc/intc.o
 .bss._int_line_handler_table_12
                0x00000ba8        0x4 src/ASF/avr32/drivers/intc/intc.o
 .bss._int_line_handler_table_13
                0x00000bac        0x4 src/ASF/avr32/drivers/intc/intc.o
 .bss._int_line_handler_table_14
                0x00000bb0        0xc src/ASF/avr32/drivers/intc/intc.o
 .bss._int_line_handler_table_15
                0x00000bbc        0x4 src/ASF/avr32/drivers/intc/intc.o
 .bss._int_line_handler_table_16
                0x00000bc0        0x4 src/ASF/avr32/drivers/intc/intc.o
 .bss._int_line_handler_table_17
                0x00000bc4        0x4 src/ASF/avr32/drivers/intc/intc.o
 .bss._int_line_handler_table_18
                0x00000bc8        0x4 src/ASF/avr32/drivers/intc/intc.o
 .bss._int_line_handler_table_0
                0x00000bcc        0x4 src/ASF/avr32/drivers/intc/intc.o
 .bss._int_line_handler_table_1
                0x00000bd0       0x2c src/ASF/avr32/drivers/intc/intc.o
 .bss._int_line_handler_table_2
                0x00000bfc       0x18 src/ASF/avr32/drivers/intc/intc.o
 .bss._int_line_handler_table_3
                0x00000c14       0x1c src/ASF/avr32/drivers/intc/intc.o
 .bss._int_line_handler_table_4
                0x00000c30        0x4 src/ASF/avr32/drivers/intc/intc.o
 .bss._int_line_handler_table_5
                0x00000c34        0x4 src/ASF/avr32/drivers/intc/intc.o
 .bss.uxMissedTicks
                0x00000c38        0x4 src/ASF/thirdparty/freertos/freertos-7.0.0/source/tasks.o
 .bss.uxTopUsedPriority
                0x00000c3c        0x4 src/ASF/thirdparty/freertos/freertos-7.0.0/source/tasks.o
 .bss.pxDelayedTaskList
                0x00000c40        0x4 src/ASF/thirdparty/freertos/freertos-7.0.0/source/tasks.o
 .bss.xSchedulerRunning
                0x00000c44        0x4 src/ASF/thirdparty/freertos/freertos-7.0.0/source/tasks.o
 .bss.uxTasksDeleted
                0x00000c48        0x4 src/ASF/thirdparty/freertos/freertos-7.0.0/source/tasks.o
 .bss.xNumOfOverflows
                0x00000c4c        0x4 src/ASF/thirdparty/freertos/freertos-7.0.0/source/tasks.o
 .bss.pxOverflowDelayedTaskList
                0x00000c50        0x4 src/ASF/thirdparty/freertos/freertos-7.0.0/source/tasks.o
 .bss.pxReadyTasksLists
                0x00000c54       0xa0 src/ASF/thirdparty/freertos/freertos-7.0.0/source/tasks.o
 .bss.xTasksWaitingTermination
                0x00000cf4       0x14 src/ASF/thirdparty/freertos/freertos-7.0.0/source/tasks.o
 .bss.pxCurrentTCB
                0x00000d08        0x4 src/ASF/thirdparty/freertos/freertos-7.0.0/source/tasks.o
                0x00000d08                pxCurrentTCB
 .bss.xPendingReadyList
                0x00000d0c       0x14 src/ASF/thirdparty/freertos/freertos-7.0.0/source/tasks.o
 .bss.xDelayedTaskList1
                0x00000d20       0x14 src/ASF/thirdparty/freertos/freertos-7.0.0/source/tasks.o
 .bss.xTickCount
                0x00000d34        0x4 src/ASF/thirdparty/freertos/freertos-7.0.0/source/tasks.o
 .bss.uxSchedulerSuspended
                0x00000d38        0x4 src/ASF/thirdparty/freertos/freertos-7.0.0/source/tasks.o
 .bss.xDelayedTaskList2
                0x00000d3c       0x14 src/ASF/thirdparty/freertos/freertos-7.0.0/source/tasks.o
 .bss.uxTaskNumber
                0x00000d50        0x4 src/ASF/thirdparty/freertos/freertos-7.0.0/source/tasks.o
 .bss.uxCurrentNumberOfTasks
                0x00000d54        0x4 src/ASF/thirdparty/freertos/freertos-7.0.0/source/tasks.o
 .bss.xMissedYield
                0x00000d58        0x4 src/ASF/thirdparty/freertos/freertos-7.0.0/source/tasks.o
 .bss.xSuspendedTaskList
                0x00000d5c       0x14 src/ASF/thirdparty/freertos/freertos-7.0.0/source/tasks.o
 .bss.uxTopReadyPriority
                0x00000d70        0x4 src/ASF/thirdparty/freertos/freertos-7.0.0/source/tasks.o
 .bss.lench.11294
                0x00000d74        0x1 src/Log/log.o
 .bss.lench.11364
                0x00000d75        0x1 src/Log/log.o
 *fill*         0x00000d76        0x2 
 .bss.__malloc_max_total_mem
                0x00000d78        0x4 e:/program x86/atmel/studio/7.0/toolchain/avr32/avr32-gnu-toolchain/bin/../lib/gcc/avr32/4.4.7/../../../../avr32/lib/ucr2\libc.a(lib_a-mallocr.o)
                0x00000d78                __malloc_max_total_mem
 .bss.__malloc_max_sbrked_mem
                0x00000d7c        0x4 e:/program x86/atmel/studio/7.0/toolchain/avr32/avr32-gnu-toolchain/bin/../lib/gcc/avr32/4.4.7/../../../../avr32/lib/ucr2\libc.a(lib_a-mallocr.o)
                0x00000d7c                __malloc_max_sbrked_mem
 .bss.__malloc_top_pad
                0x00000d80        0x4 e:/program x86/atmel/studio/7.0/toolchain/avr32/avr32-gnu-toolchain/bin/../lib/gcc/avr32/4.4.7/../../../../avr32/lib/ucr2\libc.a(lib_a-mallocr.o)
                0x00000d80                __malloc_top_pad
 .bss.__malloc_current_mallinfo
                0x00000d84       0x28 e:/program x86/atmel/studio/7.0/toolchain/avr32/avr32-gnu-toolchain/bin/../lib/gcc/avr32/4.4.7/../../../../avr32/lib/ucr2\libc.a(lib_a-mallocr.o)
                0x00000d84                __malloc_current_mallinfo
 .bss.cur_heap_pos.1869
                0x00000dac        0x4 e:/program x86/atmel/studio/7.0/toolchain/avr32/avr32-gnu-toolchain/bin/../lib/gcc/avr32/4.4.7/../../../../avr32/lib/ucr2\libc.a(lib_a-syscalls.o)
 *(COMMON)
 COMMON         0x00000db0      0x28a src/Application/app/app.o
                0x00000db0                bunchofrandomstatusflags
                0x00000db4                Current_time
                0x00000dba                message_store
 *fill*         0x0000103a        0x2 
 COMMON         0x0000103c     0x1004 src/Application/flash/data_flash.o
                0x0000103c                FLASH_BUF
                0x0000203c                spi
 COMMON         0x00002040      0x122 src/Application/radio/ambe.o
                0x00002040                AMBEBurst_rawdata
                0x00002048                Radio_Internal_Data
                0x0000204c                AMBE_DecryptionKey
                0x00002054                SendAMBEBurst_EncryptionPackage
                0x00002144                VBSP_data
                0x00002148                Soft_Decision_Data
 COMMON         0x00002162     0x3200 src/Application/radio/physical.o
                0x00002162                payload_store
                0x00003562                xnl_store
 *fill*         0x00005362        0x2 
 COMMON         0x00005364       0x4c src/Application/radio/ssc.o
                0x00005364                intDuration
                0x00005368                BufferIndex
                0x0000536c                intStartCount
                0x00005370                RxBuffer
                0x00005390                TxBuffer
 COMMON         0x000053b0        0x4 src/Application/radio/xcmp.o
                0x000053b0                app_list
 COMMON         0x000053b4       0x18 src/Application/RFID/RFID.o
                0x000053b4                RFID
                0x000053c4                CT
                0x000053c8                SN
 COMMON         0x000053cc        0x4 src/ASF/avr32/drivers/spi/spi.o
                0x000053cc                xSPIMutex
 COMMON         0x000053d0        0x4 src/ASF/thirdparty/freertos/freertos-7.0.0/source/portable/gcc/avr32_uc3/write.o
                0x000053d0                stdio_usart_base
 COMMON         0x000053d4        0x4 src/Log/log.o
                0x000053d4                logQueue
 COMMON         0x000053d8        0x4 e:/program x86/atmel/studio/7.0/toolchain/avr32/avr32-gnu-toolchain/bin/../lib/gcc/avr32/4.4.7/../../../../avr32/lib/ucr2\libc.a(lib_a-reent.o)
                0x000053d8                errno
                0x000053e0                . = ALIGN (0x8)
 *fill*         0x000053dc        0x4 
                0x000053e0                . = ALIGN (0x8)
                0x000053e0                _end = .
                0x000053e0                PROVIDE (end, .)
                0x000053e0                __heap_start__ = ALIGN (0x8)
                0x00017000                . = ((ORIGIN (CPUSRAM) + 0x17ffc) - _stack_size)
                0x00017000                __heap_end__ = .

.stab
 *(.stab)

.stabstr
 *(.stabstr)

.stab.excl
 *(.stab.excl)

.stab.exclstr
 *(.stab.exclstr)

.stab.index
 *(.stab.index)

.stab.indexstr
 *(.stab.indexstr)

.comment        0x00000000       0x30
 *(.comment)
 .comment       0x00000000       0x30 src/Application/app/app.o
                                 0x31 (size before relaxing)
 .comment       0x00000000       0x31 src/Application/flash/data_flash.o
 .comment       0x00000000       0x31 src/Application/myrtc/xgrtc.o
 .comment       0x00000000       0x31 src/Application/radio/ambe.o
 .comment       0x00000000       0x31 src/Application/radio/payload.o
 .comment       0x00000000       0x31 src/Application/radio/physical.o
 .comment       0x00000000       0x31 src/Application/radio/ssc.o
 .comment       0x00000000       0x31 src/Application/radio/xcmp.o
 .comment       0x00000000       0x31 src/Application/radio/xnl.o
 .comment       0x00000000       0x31 src/Application/RFID/MFRC522/rc522.o
 .comment       0x00000000       0x31 src/Application/RFID/RFID.o
 .comment       0x00000000       0x31 src/Application/timers/timer.o
 .comment       0x00000000       0x31 src/Application/xgflash/xgflash.o
 .comment       0x00000000       0x31 src/ASF/avr32/drivers/flashc/flashc.o
 .comment       0x00000000       0x31 src/ASF/avr32/drivers/gpio/gpio.o
 .comment       0x00000000       0x31 src/ASF/avr32/drivers/intc/intc.o
 .comment       0x00000000       0x31 src/ASF/avr32/drivers/pm/pm.o
 .comment       0x00000000       0x31 src/ASF/avr32/drivers/rtc/rtc.o
 .comment       0x00000000       0x31 src/ASF/avr32/drivers/spi/spi.o
 .comment       0x00000000       0x31 src/ASF/avr32/drivers/usart/usart.o
 .comment       0x00000000       0x31 src/ASF/thirdparty/freertos/freertos-7.0.0/source/list.o
 .comment       0x00000000       0x31 src/ASF/thirdparty/freertos/freertos-7.0.0/source/portable/gcc/avr32_uc3/port.o
 .comment       0x00000000       0x31 src/ASF/thirdparty/freertos/freertos-7.0.0/source/portable/gcc/avr32_uc3/read.o
 .comment       0x00000000       0x31 src/ASF/thirdparty/freertos/freertos-7.0.0/source/portable/gcc/avr32_uc3/write.o
 .comment       0x00000000       0x31 src/ASF/thirdparty/freertos/freertos-7.0.0/source/portable/memmang/heap_3.o
 .comment       0x00000000       0x31 src/ASF/thirdparty/freertos/freertos-7.0.0/source/queue.o
 .comment       0x00000000       0x31 src/ASF/thirdparty/freertos/freertos-7.0.0/source/tasks.o
 .comment       0x00000000       0x31 src/Log/log.o
 .comment       0x00000000       0x31 src/main.o
 .comment       0x00000000       0x31 e:/program x86/atmel/studio/7.0/toolchain/avr32/avr32-gnu-toolchain/bin/../lib/gcc/avr32/4.4.7/../../../../avr32/lib/ucr2\libc.a(lib_a-malloc.o)
 .comment       0x00000000       0x31 e:/program x86/atmel/studio/7.0/toolchain/avr32/avr32-gnu-toolchain/bin/../lib/gcc/avr32/4.4.7/../../../../avr32/lib/ucr2\libc.a(lib_a-mallocr.o)
 .comment       0x00000000       0x31 e:/program x86/atmel/studio/7.0/toolchain/avr32/avr32-gnu-toolchain/bin/../lib/gcc/avr32/4.4.7/../../../../avr32/lib/ucr2\libc.a(lib_a-memset.o)
 .comment       0x00000000       0x31 e:/program x86/atmel/studio/7.0/toolchain/avr32/avr32-gnu-toolchain/bin/../lib/gcc/avr32/4.4.7/../../../../avr32/lib/ucr2\libc.a(lib_a-reallocr.o)
 .comment       0x00000000       0x31 e:/program x86/atmel/studio/7.0/toolchain/avr32/avr32-gnu-toolchain/bin/../lib/gcc/avr32/4.4.7/../../../../avr32/lib/ucr2\libc.a(lib_a-sbrkr.o)
 .comment       0x00000000       0x31 e:/program x86/atmel/studio/7.0/toolchain/avr32/avr32-gnu-toolchain/bin/../lib/gcc/avr32/4.4.7/../../../../avr32/lib/ucr2\libc.a(lib_a-sprintf.o)
 .comment       0x00000000       0x31 e:/program x86/atmel/studio/7.0/toolchain/avr32/avr32-gnu-toolchain/bin/../lib/gcc/avr32/4.4.7/../../../../avr32/lib/ucr2\libc.a(lib_a-syscalls.o)
 .comment       0x00000000       0x31 e:/program x86/atmel/studio/7.0/toolchain/avr32/avr32-gnu-toolchain/bin/../lib/gcc/avr32/4.4.7/../../../../avr32/lib/ucr2\libc.a(lib_a-vfprintf.o)
 .comment       0x00000000       0x31 e:/program x86/atmel/studio/7.0/toolchain/avr32/avr32-gnu-toolchain/bin/../lib/gcc/avr32/4.4.7/../../../../avr32/lib/ucr2\libc.a(lib_a-wsetup.o)
 .comment       0x00000000       0x31 e:/program x86/atmel/studio/7.0/toolchain/avr32/avr32-gnu-toolchain/bin/../lib/gcc/avr32/4.4.7/../../../../avr32/lib/ucr2\libc.a(lib_a-dtoa.o)
 .comment       0x00000000       0x31 e:/program x86/atmel/studio/7.0/toolchain/avr32/avr32-gnu-toolchain/bin/../lib/gcc/avr32/4.4.7/../../../../avr32/lib/ucr2\libc.a(lib_a-errno.o)
 .comment       0x00000000       0x31 e:/program x86/atmel/studio/7.0/toolchain/avr32/avr32-gnu-toolchain/bin/../lib/gcc/avr32/4.4.7/../../../../avr32/lib/ucr2\libc.a(lib_a-fflush.o)
 .comment       0x00000000       0x31 e:/program x86/atmel/studio/7.0/toolchain/avr32/avr32-gnu-toolchain/bin/../lib/gcc/avr32/4.4.7/../../../../avr32/lib/ucr2\libc.a(lib_a-findfp.o)
 .comment       0x00000000       0x31 e:/program x86/atmel/studio/7.0/toolchain/avr32/avr32-gnu-toolchain/bin/../lib/gcc/avr32/4.4.7/../../../../avr32/lib/ucr2\libc.a(lib_a-freer.o)
 .comment       0x00000000       0x31 e:/program x86/atmel/studio/7.0/toolchain/avr32/avr32-gnu-toolchain/bin/../lib/gcc/avr32/4.4.7/../../../../avr32/lib/ucr2\libc.a(lib_a-fvwrite.o)
 .comment       0x00000000       0x31 e:/program x86/atmel/studio/7.0/toolchain/avr32/avr32-gnu-toolchain/bin/../lib/gcc/avr32/4.4.7/../../../../avr32/lib/ucr2\libc.a(lib_a-fwalk.o)