Archive member included because of file (symbol)

e:/program x86/atmel/studio/7.0/toolchain/avr32/avr32-gnu-toolchain/bin/../lib/gcc/avr32/4.4.7/../../../../avr32/lib/ucr2\libc.a(lib_a-malloc.o)
                              src/ASF/thirdparty/freertos/freertos-7.0.0/source/portable/memmang/heap_3.o (free)
e:/program x86/atmel/studio/7.0/toolchain/avr32/avr32-gnu-toolchain/bin/../lib/gcc/avr32/4.4.7/../../../../avr32/lib/ucr2\libc.a(lib_a-mallocr.o)
                              e:/program x86/atmel/studio/7.0/toolchain/avr32/avr32-gnu-toolchain/bin/../lib/gcc/avr32/4.4.7/../../../../avr32/lib/ucr2\libc.a(lib_a-malloc.o) (_malloc_r)
e:/program x86/atmel/studio/7.0/toolchain/avr32/avr32-gnu-toolchain/bin/../lib/gcc/avr32/4.4.7/../../../../avr32/lib/ucr2\libc.a(lib_a-memcmp.o)
                              src/Application/voice/voice.o (memcmp)
e:/program x86/atmel/studio/7.0/toolchain/avr32/avr32-gnu-toolchain/bin/../lib/gcc/avr32/4.4.7/../../../../avr32/lib/ucr2\libc.a(lib_a-memcpy.o)
                              src/Application/flash/data_flash.o (memcpy)
e:/program x86/atmel/studio/7.0/toolchain/avr32/avr32-gnu-toolchain/bin/../lib/gcc/avr32/4.4.7/../../../../avr32/lib/ucr2\libc.a(lib_a-memset.o)
                              src/Application/radio/physical.o (memset)
e:/program x86/atmel/studio/7.0/toolchain/avr32/avr32-gnu-toolchain/bin/../lib/gcc/avr32/4.4.7/../../../../avr32/lib/ucr2\libc.a(lib_a-realloc.o)
                              src/ASF/thirdparty/freertos/freertos-7.0.0/source/portable/gcc/avr32_uc3/port.o (realloc)
e:/program x86/atmel/studio/7.0/toolchain/avr32/avr32-gnu-toolchain/bin/../lib/gcc/avr32/4.4.7/../../../../avr32/lib/ucr2\libc.a(lib_a-reallocr.o)
                              e:/program x86/atmel/studio/7.0/toolchain/avr32/avr32-gnu-toolchain/bin/../lib/gcc/avr32/4.4.7/../../../../avr32/lib/ucr2\libc.a(lib_a-realloc.o) (_realloc_r)
e:/program x86/atmel/studio/7.0/toolchain/avr32/avr32-gnu-toolchain/bin/../lib/gcc/avr32/4.4.7/../../../../avr32/lib/ucr2\libc.a(lib_a-sbrkr.o)
                              e:/program x86/atmel/studio/7.0/toolchain/avr32/avr32-gnu-toolchain/bin/../lib/gcc/avr32/4.4.7/../../../../avr32/lib/ucr2\libc.a(lib_a-mallocr.o) (_sbrk_r)
e:/program x86/atmel/studio/7.0/toolchain/avr32/avr32-gnu-toolchain/bin/../lib/gcc/avr32/4.4.7/../../../../avr32/lib/ucr2\libc.a(lib_a-sprintf.o)
                              src/Log/log.o (sprintf)
e:/program x86/atmel/studio/7.0/toolchain/avr32/avr32-gnu-toolchain/bin/../lib/gcc/avr32/4.4.7/../../../../avr32/lib/ucr2\libc.a(lib_a-strncpy.o)
                              src/ASF/thirdparty/freertos/freertos-7.0.0/source/tasks.o (strncpy)
e:/program x86/atmel/studio/7.0/toolchain/avr32/avr32-gnu-toolchain/bin/../lib/gcc/avr32/4.4.7/../../../../avr32/lib/ucr2\libc.a(lib_a-syscalls.o)
                              e:/program x86/atmel/studio/7.0/toolchain/avr32/avr32-gnu-toolchain/bin/../lib/gcc/avr32/4.4.7/../../../../avr32/lib/ucr2\libc.a(lib_a-sbrkr.o) (_sbrk)
e:/program x86/atmel/studio/7.0/toolchain/avr32/avr32-gnu-toolchain/bin/../lib/gcc/avr32/4.4.7/../../../../avr32/lib/ucr2\libc.a(lib_a-vfprintf.o)
                              e:/program x86/atmel/studio/7.0/toolchain/avr32/avr32-gnu-toolchain/bin/../lib/gcc/avr32/4.4.7/../../../../avr32/lib/ucr2\libc.a(lib_a-sprintf.o) (_vfprintf_r)
e:/program x86/atmel/studio/7.0/toolchain/avr32/avr32-gnu-toolchain/bin/../lib/gcc/avr32/4.4.7/../../../../avr32/lib/ucr2\libc.a(lib_a-wsetup.o)
                              e:/program x86/atmel/studio/7.0/toolchain/avr32/avr32-gnu-toolchain/bin/../lib/gcc/avr32/4.4.7/../../../../avr32/lib/ucr2\libc.a(lib_a-vfprintf.o) (__swsetup_r)
e:/program x86/atmel/studio/7.0/toolchain/avr32/avr32-gnu-toolchain/bin/../lib/gcc/avr32/4.4.7/../../../../avr32/lib/ucr2\libc.a(lib_a-dtoa.o)
                              e:/program x86/atmel/studio/7.0/toolchain/avr32/avr32-gnu-toolchain/bin/../lib/gcc/avr32/4.4.7/../../../../avr32/lib/ucr2\libc.a(lib_a-vfprintf.o) (_dtoa_r)
e:/program x86/atmel/studio/7.0/toolchain/avr32/avr32-gnu-toolchain/bin/../lib/gcc/avr32/4.4.7/../../../../avr32/lib/ucr2\libc.a(lib_a-errno.o)
                              e:/program x86/atmel/studio/7.0/toolchain/avr32/avr32-gnu-toolchain/bin/../lib/gcc/avr32/4.4.7/../../../../avr32/lib/ucr2\libc.a(lib_a-syscalls.o) (__errno)
e:/program x86/atmel/studio/7.0/toolchain/avr32/avr32-gnu-toolchain/bin/../lib/gcc/avr32/4.4.7/../../../../avr32/lib/ucr2\libc.a(lib_a-fflush.o)
                              e:/program x86/atmel/studio/7.0/toolchain/avr32/avr32-gnu-toolchain/bin/../lib/gcc/avr32/4.4.7/../../../../avr32/lib/ucr2\libc.a(lib_a-vfprintf.o) (_fflush_r)
e:/program x86/atmel/studio/7.0/toolchain/avr32/avr32-gnu-toolchain/bin/../lib/gcc/avr32/4.4.7/../../../../avr32/lib/ucr2\libc.a(lib_a-findfp.o)
                              e:/program x86/atmel/studio/7.0/toolchain/avr32/avr32-gnu-toolchain/bin/../lib/gcc/avr32/4.4.7/../../../../avr32/lib/ucr2\libc.a(lib_a-vfprintf.o) (__sinit)
[...]
Memory Configuration

Name             Origin             Length             Attributes
FLASH            0x80000000         0x00080000         axrl !w
CPUSRAM          0x00000004         0x00017ffc         axw !rl
USERPAGE         0x80800000         0x00000200
FACTORYPAGE      0x80800200         0x00000200
*default*        0x00000000         0xffffffff

Linker script and memory map

                0x00001000                _stack_size = 0x1000
LOAD src/Application/app/app.o
LOAD src/Application/flash/data_flash.o
LOAD src/Application/myrtc/xgrtc.o
LOAD src/Application/radio/ambe.o
LOAD src/Application/radio/AMBE_audio.o
LOAD src/Application/radio/AMBE_audio_2.o
LOAD src/Application/radio/audio.o
LOAD src/Application/radio/payload.o
LOAD src/Application/radio/physical.o
LOAD src/Application/radio/ssc.o
LOAD src/Application/radio/xcmp.o
LOAD src/Application/radio/xnl.o
LOAD src/Application/RFID/MFRC522/rc522.o
LOAD src/Application/RFID/RFID.o
LOAD src/Application/timers/timer.o
LOAD src/Application/voice/voice.o
LOAD src/ASF/avr32/drivers/flashc/flashc.o
LOAD src/ASF/avr32/drivers/gpio/gpio.o
LOAD src/ASF/avr32/drivers/intc/intc.o
LOAD src/ASF/avr32/drivers/pm/pm.o
LOAD src/ASF/avr32/drivers/pm/pm_conf_clocks.o
LOAD src/ASF/avr32/drivers/pm/power_clocks_lib.o
LOAD src/ASF/avr32/drivers/rtc/rtc.o
LOAD src/ASF/avr32/drivers/spi/spi.o
LOAD src/ASF/avr32/drivers/tc/tc.o
LOAD src/ASF/avr32/drivers/twi/twi.o
LOAD src/ASF/avr32/drivers/usart/usart.o
LOAD src/ASF/avr32/utils/startup/startup_uc3.o
LOAD src/ASF/avr32/utils/startup/trampoline_uc3.o
LOAD src/ASF/common/boards/user_board/init.o
LOAD src/ASF/common/services/clock/uc3b0_b1/sysclk.o
LOAD src/ASF/common/services/spi/uc3_spi/spi_master.o
LOAD src/ASF/common/services/spi/uc3_usart_spi/usart_spi.o
LOAD src/ASF/thirdparty/freertos/freertos-7.0.0/source/croutine.o
LOAD src/ASF/thirdparty/freertos/freertos-7.0.0/source/list.o
LOAD src/ASF/thirdparty/freertos/freertos-7.0.0/source/portable/gcc/avr32_uc3/exception.o
LOAD src/ASF/thirdparty/freertos/freertos-7.0.0/source/portable/gcc/avr32_uc3/port.o
LOAD src/ASF/thirdparty/freertos/freertos-7.0.0/source/portable/gcc/avr32_uc3/read.o
LOAD src/ASF/thirdparty/freertos/freertos-7.0.0/source/portable/gcc/avr32_uc3/write.o
LOAD src/ASF/thirdparty/freertos/freertos-7.0.0/source/portable/memmang/heap_3.o
LOAD src/ASF/thirdparty/freertos/freertos-7.0.0/source/queue.o
LOAD src/ASF/thirdparty/freertos/freertos-7.0.0/source/tasks.o
LOAD src/Log/log.o
LOAD src/main.o
START GROUP
LOAD e:/program x86/atmel/studio/7.0/toolchain/avr32/avr32-gnu-toolchain/bin/../lib/gcc/avr32/4.4.7/../../../../avr32/lib/ucr2\libm.a
END GROUP
LOAD e:/program x86/atmel/studio/7.0/toolchain/avr32/avr32-gnu-toolchain/bin/../lib/gcc/avr32/4.4.7/ucr2\libgcc.a
LOAD e:/program x86/atmel/studio/7.0/toolchain/avr32/avr32-gnu-toolchain/bin/../lib/gcc/avr32/4.4.7/../../../../avr32/lib/ucr2\libc.a
LOAD e:/program x86/atmel/studio/7.0/toolchain/avr32/avr32-gnu-toolchain/bin/../lib/gcc/avr32/4.4.7/ucr2\libgcc.a
                0x80000000                PROVIDE (__executable_start, 0x80000000)
                0x80000000                . = 0x80000000

.interp
 *(.interp)

.reset          0x80000000     0x2004
 *(.reset)
 .reset         0x80000000     0x2004 src/ASF/avr32/utils/startup/trampoline_uc3.o
                               0x2008 (size before relaxing)
                0x80000000                _trampoline

.hash
 *(.hash)

.dynsym
 *(.dynsym)

.dynstr
 *(.dynstr)

.gnu.version
 *(.gnu.version)

.gnu.version_d
 *(.gnu.version_d)

.gnu.version_r
 *(.gnu.version_r)

.rel.init
 *(.rel.init)

.rela.init
 *(.rela.init)

.rel.text
 *(.rel.text .rel.text.* .rel.gnu.linkonce.t.*)

.rela.text
 *(.rela.text .rela.text.* .rela.gnu.linkonce.t.*)

.rel.fini
 *(.rel.fini)

.rela.fini
 *(.rela.fini)

.rel.rodata
 *(.rel.rodata .rel.rodata.* .rel.gnu.linkonce.r.*)

.rela.rodata
 *(.rela.rodata .rela.rodata.* .rela.gnu.linkonce.r.*)

.rel.data.rel.ro
 *(.rel.data.rel.ro*)

.rela.data.rel.ro
 *(.rel.data.rel.ro*)

.rel.data
 *(.rel.data .rel.data.* .rel.gnu.linkonce.d.*)

.rela.data
 *(.rela.data .rela.data.* .rela.gnu.linkonce.d.*)

.rel.tdata
 *(.rel.tdata .rel.tdata.* .rel.gnu.linkonce.td.*)

.rela.tdata
 *(.rela.tdata .rela.tdata.* .rela.gnu.linkonce.td.*)

.rel.tbss
 *(.rel.tbss .rel.tbss.* .rel.gnu.linkonce.tb.*)

.rela.tbss
 *(.rela.tbss .rela.tbss.* .rela.gnu.linkonce.tb.*)

.rel.ctors
 *(.rel.ctors)

.rela.ctors
 *(.rela.ctors)

.rel.dtors
 *(.rel.dtors)

.rela.dtors
 *(.rela.dtors)

.rel.got
 *(.rel.got)

.rela.got       0x80002004        0x0
 *(.rela.got)
 .rela.got      0x80002004        0x0 src/Application/app/app.o

.rel.bss
 *(.rel.bss .rel.bss.* .rel.gnu.linkonce.b.*)

.rela.bss
 *(.rela.bss .rela.bss.* .rela.gnu.linkonce.b.*)

.rel.plt
 *(.rel.plt)

.rela.plt
 *(.rela.plt)

.init
 *(.init)

.plt
 *(.plt)

.text           0x80002004     0xab38
 *(.text .stub .text.* .gnu.linkonce.t.*)
 .text.DeviceManagement_brdcst_func
                0x80002004       0x24 src/Application/app/app.o
                0x80002004                DeviceManagement_brdcst_func
 .text.Volume_brdcst_func
                0x80002028        0x2 src/Application/app/app.o
                0x80002028                Volume_brdcst_func
 .text.AudioRoutingControl_brdcst_func
                0x8000202a        0x2 src/Application/app/app.o
                0x8000202a                AudioRoutingControl_brdcst_func
 .text.vApplicationIdleHook
                0x8000202c       0x10 src/Application/app/app.o
                0x8000202c                vApplicationIdleHook
 .text.app_init
                0x8000203c       0x54 src/Application/app/app.o
                0x8000203c                app_init
 .text.app_cfg  0x80002090       0x74 src/Application/app/app.o
 .text.app_payload_tx_proc
                0x80002104       0x14 src/Application/app/app.o
 .text.app_payload_rx_proc
                0x80002118       0x34 src/Application/app/app.o
 .text.FD_brdcst_func
                0x8000214c       0x14 src/Application/app/app.o
                0x8000214c                FD_brdcst_func
 .text.FD_reply_func
                0x80002160       0x14 src/Application/app/app.o
                0x80002160                FD_reply_func
 .text.FD_request_func
                0x80002174       0x14 src/Application/app/app.o
                0x80002174                FD_request_func
 .text.EnOB_brdcst_func
                0x80002188       0x14 src/Application/app/app.o
                0x80002188                EnOB_brdcst_func
 .text.EnOB_reply_func
                0x8000219c       0x70 src/Application/app/app.o
                0x8000219c                EnOB_reply_func
 .text.SingleDetection_brdcst_func
                0x8000220c       0x1c src/Application/app/app.o
                0x8000220c                SingleDetection_brdcst_func
 .text.ButtonConfig_brdcst_func
                0x80002228       0xdc src/Application/app/app.o
                0x80002228                ButtonConfig_brdcst_func
 .text.ButtonConfig_reply_func
                0x80002304       0x44 src/Application/app/app.o
                0x80002304                ButtonConfig_reply_func
 .text.DataSession_brdcst_func
                0x80002348       0xcc src/Application/app/app.o
                0x80002348                DataSession_brdcst_func
 .text.DataSession_reply_func
                0x80002414       0x7c src/Application/app/app.o
                0x80002414                DataSession_reply_func
 .text.CallControl_brdcst_func
                0x80002490       0x44 src/Application/app/app.o
                0x80002490                CallControl_brdcst_func
 .text.TransmitControl_brdcst_func
                0x800024d4       0x48 src/Application/app/app.o
                0x800024d4                TransmitControl_brdcst_func
 .text.TransmitControl_reply_func
                0x8000251c       0x60 src/Application/app/app.o
                0x8000251c                TransmitControl_reply_func
 .text.AudioRoutingControl_reply_func
                0x8000257c       0x28 src/Application/app/app.o
                0x8000257c                AudioRoutingControl_reply_func
 .text.Volume_reply_func
                0x800025a4       0x64 src/Application/app/app.o
                0x800025a4                Volume_reply_func
 .text.spk_brdcst_func
                0x80002608       0x38 src/Application/app/app.o
                0x80002608                spk_brdcst_func
 .text.spk_reply_func
                0x80002640       0x48 src/Application/app/app.o
                0x80002640                spk_reply_func
 .text.mic_brdcst_func
                0x80002688       0x58 src/Application/app/app.o
                0x80002688                mic_brdcst_func
 .text.mic_reply_func
                0x800026e0       0x94 src/Application/app/app.o
                0x800026e0                mic_reply_func
 .text.dcm_brdcst_func
                0x80002774       0x48 src/Application/app/app.o
                0x80002774                dcm_brdcst_func
 .text.dcm_reply_func
                0x800027bc       0x68 src/Application/app/app.o
                0x800027bc                dcm_reply_func
 .text.ToneControl_reply_func
                0x80002824       0x28 src/Application/app/app.o
                0x80002824                ToneControl_reply_func
 .text.Phyuserinput_brdcst_func
                0x8000284c       0x58 src/Application/app/app.o
                0x8000284c                Phyuserinput_brdcst_func
 .text.DeviceInitializationStatus_brdcst_func
                0x800028a4       0x38 src/Application/app/app.o
                0x800028a4                DeviceInitializationStatus_brdcst_func
 .text.RTC_ENcodeTime
                0x800028dc       0xd6 src/Application/myrtc/xgrtc.o
                0x800028dc                RTC_ENcodeTime
 .text.RTC_DecodeTime
                0x800029b2       0xdc src/Application/myrtc/xgrtc.o
                0x800029b2                RTC_DecodeTime
 *fill*         0x80002a8e        0x2 d703d703
 .text.RTC_Test
                0x80002a90       0x34 src/Application/myrtc/xgrtc.o
                0x80002a90                RTC_Test
 .text.xg_rtc_init
                0x80002ac4       0x68 src/Application/myrtc/xgrtc.o
                0x80002ac4                xg_rtc_init
 .text.rtc_irq  0x80002b2c       0x68 src/Application/myrtc/xgrtc.o
                0x80002b2c                rtc_irq
 .text.CalculateBurst
                0x80002b94       0x1c src/Application/radio/ambe.o
                0x80002b94                CalculateBurst
 .text.payload_init
                0x80002bb0       0x38 src/Application/radio/payload.o
                0x80002bb0                payload_init
 .text.payload_rx_process
                0x80002be8       0x4c src/Application/radio/payload.o
 .text.set_idle_store_isr
                0x80002c34       0x1c src/Application/radio/physical.o
                0x80002c34                set_idle_store_isr
 .text.phy_rx   0x80002c50       0x38 src/Application/radio/physical.o
                0x80002c50                phy_rx
 .text.set_idle_store
                0x80002c88       0x20 src/Application/radio/physical.o
                0x80002c88                set_idle_store
 .text.phy_tx   0x80002ca8       0x5c src/Application/radio/physical.o
                0x80002ca8                phy_tx
 .text.get_idle_store_isr
                0x80002d04       0x28 src/Application/radio/physical.o
                0x80002d04                get_idle_store_isr
 .text.phy_tx_func
                0x80002d2c      0x108 src/Application/radio/physical.o
 .text.get_idle_store
                0x80002e34       0x28 src/Application/radio/physical.o
                0x80002e34                get_idle_store
 .text.phy_init
                0x80002e5c       0x28 src/Application/radio/physical.o
                0x80002e5c                phy_init
 .text.payload_rx
                0x80002e84       0x60 src/Application/radio/physical.o
 .text.phy_rx_func
                0x80002ee4      0xf24 src/Application/radio/physical.o
 .text.pdca_int_handler
                0x80003e08       0x74 src/Application/radio/ssc.o
 .text.local_start_SSC
                0x80003e7c       0x44 src/Application/radio/ssc.o
                0x80003e7c                local_start_SSC
 .text.local_start_PDC
                0x80003ec0       0x6c src/Application/radio/ssc.o
                0x80003ec0                local_start_PDC
 .text.register_rx_tx_func
                0x80003f2c       0x14 src/Application/radio/ssc.o
                0x80003f2c                register_rx_tx_func
 .text.ssc_init
                0x80003f40       0x70 src/Application/radio/ssc.o
                0x80003f40                ssc_init
 .text.xcmp_register_app_list
                0x80003fb0        0xc src/Application/radio/xcmp.o
                0x80003fb0                xcmp_register_app_list
 .text.xcmp_tx  0x80003fbc       0x48 src/Application/radio/xcmp.o
 .text.xcmp_data_session_req
                0x80004004       0x8c src/Application/radio/xcmp.o
                0x80004004                xcmp_data_session_req
 .text.xcmp_DeviceInitializationStatus_request
                0x80004090       0x40 src/Application/radio/xcmp.o
                0x80004090                xcmp_DeviceInitializationStatus_request
 .text.xcmp_opcode_not_supported
                0x800040d0       0x24 src/Application/radio/xcmp.o
                0x800040d0                xcmp_opcode_not_supported
 .text.xcmp_exec_func
                0x800040f4       0x48 src/Application/radio/xcmp.o
 .text.xcmp_IdleTestTone
                0x8000413c       0x60 src/Application/radio/xcmp.o
                0x8000413c                xcmp_IdleTestTone
 .text.xcmp_init
                0x8000419c       0x54 src/Application/radio/xcmp.o
                0x8000419c                xcmp_init
 .text.xcmp_rx_process
                0x800041f0       0xfc src/Application/radio/xcmp.o
 .text.xcmp_rx  0x800042ec       0x4c src/Application/radio/xcmp.o
 .text.xnl_register_xcmp_func
                0x80004338        0xc src/Application/radio/xnl.o
                0x80004338                xnl_register_xcmp_func
 .text.xnl_get_msg_ack_func
                0x80004344       0x2c src/Application/radio/xnl.o
                0x80004344                xnl_get_msg_ack_func
 .text.xnl_init
                0x80004370      0x12c src/Application/radio/xnl.o
                0x80004370                xnl_init
 .text.xnl_rx_process
                0x8000449c       0x60 src/Application/radio/xnl.o
 .text.xnl_tx_process
                0x800044fc       0xcc src/Application/radio/xnl.o
 .text.xnl_tx   0x800045c8       0xe4 src/Application/radio/xnl.o
                0x800045c8                xnl_tx
 .text.xnl_data_msg_func
                0x800046ac       0x60 src/Application/radio/xnl.o
                0x800046ac                xnl_data_msg_func
 .text.xnl_device_auth_reply_func
                0x8000470c      0x120 src/Application/radio/xnl.o
                0x8000470c                xnl_device_auth_reply_func
 .text.xnl_master_status_brdcst_func
                0x8000482c       0x60 src/Application/radio/xnl.o
                0x8000482c                xnl_master_status_brdcst_func
 .text.xnl_device_conn_reply_func
                0x8000488c       0x5c src/Application/radio/xnl.o
                0x8000488c                xnl_device_conn_reply_func
 .text.xnl_send_device_master_query
                0x800048e8       0x30 src/Application/radio/xnl.o
                0x800048e8                xnl_send_device_master_query
 .text.RC522_SPI_SetSpeed
                0x80004918       0x24 src/Application/RFID/MFRC522/rc522.o
                0x80004918                RC522_SPI_SetSpeed
 .text.RC522_SPI_SetSpeedLow
                0x8000493c       0x10 src/Application/RFID/MFRC522/rc522.o
                0x8000493c                RC522_SPI_SetSpeedLow
 .text.RC522_ReadByte
                0x8000494c       0x44 src/Application/RFID/MFRC522/rc522.o
                0x8000494c                RC522_ReadByte
 .text.RC522_WriteByte
                0x80004990       0x4c src/Application/RFID/MFRC522/rc522.o
                0x80004990                RC522_WriteByte
 .text.WriteRawRC
                0x800049dc       0x38 src/Application/RFID/MFRC522/rc522.o
                0x800049dc                WriteRawRC
 .text.PcdReset
                0x80004a14       0x80 src/Application/RFID/MFRC522/rc522.o
                0x80004a14                PcdReset
 .text.ReadRawRC
                0x80004a94       0x40 src/Application/RFID/MFRC522/rc522.o
                0x80004a94                ReadRawRC
 .text.SetBitMask
                0x80004ad4       0x24 src/Application/RFID/MFRC522/rc522.o
                0x80004ad4                SetBitMask
 .text.PcdAntennaOn
                0x80004af8       0x20 src/Application/RFID/MFRC522/rc522.o
                0x80004af8                PcdAntennaOn
 .text.ClearBitMask
                0x80004b18       0x28 src/Application/RFID/MFRC522/rc522.o
                0x80004b18                ClearBitMask
 .text.PcdAntennaOff
                0x80004b40       0x10 src/Application/RFID/MFRC522/rc522.o
                0x80004b40                PcdAntennaOff
 .text.M500PcdConfigISOType
                0x80004b50       0x70 src/Application/RFID/MFRC522/rc522.o
                0x80004b50                M500PcdConfigISOType
 .text.rc522_init
                0x80004bc0       0xd0 src/Application/RFID/MFRC522/rc522.o
                0x80004bc0                rc522_init
 .text.PcdComMF522
                0x80004c90      0x178 src/Application/RFID/MFRC522/rc522.o
                0x80004c90                PcdComMF522
 .text.PcdAnticoll
                0x80004e08       0x84 src/Application/RFID/MFRC522/rc522.o
                0x80004e08                PcdAnticoll
 .text.PcdRequest
                0x80004e8c       0x64 src/Application/RFID/MFRC522/rc522.o
                0x80004e8c                PcdRequest
 .text.CalulateCRC
                0x80004ef0       0x8c src/Application/RFID/MFRC522/rc522.o
                0x80004ef0                CalulateCRC
 .text.PcdSelect
                0x80004f7c       0x74 src/Application/RFID/MFRC522/rc522.o
                0x80004f7c                PcdSelect
 .text.rfid_auto_reader
                0x80004ff0      0x120 src/Application/RFID/RFID.o
                0x80004ff0                rfid_auto_reader
 .text.rfid_sendID_message
                0x80005110      0x168 src/Application/RFID/RFID.o
                0x80005110                rfid_sendID_message
 .text.rfid_init
                0x80005278        0xc src/Application/RFID/RFID.o
                0x80005278                rfid_init
 .text.local_start_pll0
                0x80005284       0x50 src/Application/timers/timer.o
                0x80005284                local_start_pll0
 .text.delay_ns
                0x800052d4       0x16 src/Application/timers/timer.o
                0x800052d4                delay_ns
 *fill*         0x800052ea        0x2 d703d703
 .text.delay_us
                0x800052ec       0x28 src/Application/timers/timer.o
                0x800052ec                delay_us
 .text.delay_ms
                0x80005314       0x28 src/Application/timers/timer.o
                0x80005314                delay_ms
 .text.local_start_timer
                0x8000533c       0x2c src/Application/timers/timer.o
                0x8000533c                local_start_timer
 .text.gpio_enable_module_pin
                0x80005368       0x52 src/ASF/avr32/drivers/gpio/gpio.o
                0x80005368                gpio_enable_module_pin
 *fill*         0x800053ba        0x2 d703d703
 .text.gpio_enable_module
                0x800053bc       0x30 src/ASF/avr32/drivers/gpio/gpio.o
                0x800053bc                gpio_enable_module
 .text.gpio_enable_gpio_pin
                0x800053ec       0x18 src/ASF/avr32/drivers/gpio/gpio.o
                0x800053ec                gpio_enable_gpio_pin
 .text.gpio_set_gpio_pin
                0x80005404       0x1c src/ASF/avr32/drivers/gpio/gpio.o
                0x80005404                gpio_set_gpio_pin
 .text.gpio_clr_gpio_pin
                0x80005420       0x1c src/ASF/avr32/drivers/gpio/gpio.o
                0x80005420                gpio_clr_gpio_pin
 .text._unhandled_interrupt
                0x8000543c        0x2 src/ASF/avr32/drivers/intc/intc.o
 *fill*         0x8000543e        0x2 d703d703
 .text.INTC_register_interrupt
                0x80005440       0x80 src/ASF/avr32/drivers/intc/intc.o
                0x80005440                INTC_register_interrupt
 .text.INTC_init_interrupts
                0x800054c0       0x54 src/ASF/avr32/drivers/intc/intc.o
                0x800054c0                INTC_init_interrupts
 .text._get_interrupt_handler
                0x80005514       0x38 src/ASF/avr32/drivers/intc/intc.o
                0x80005514                _get_interrupt_handler
 .text.pm_set_osc32_mode
                0x8000554c        0xa src/ASF/avr32/drivers/pm/pm.o
 *fill*         0x80005556        0x2 d703d703
 .text.pm_enable_osc32_crystal
                0x80005558       0x10 src/ASF/avr32/drivers/pm/pm.o
                0x80005558                pm_enable_osc32_crystal
 .text.pm_enable_clk32_no_wait
                0x80005568       0x10 src/ASF/avr32/drivers/pm/pm.o
                0x80005568                pm_enable_clk32_no_wait
 .text.pm_wait_for_clk32_ready
                0x80005578        0xa src/ASF/avr32/drivers/pm/pm.o
                0x80005578                pm_wait_for_clk32_ready
 *fill*         0x80005582        0x2 d703d703
 .text.pm_enable_clk32
                0x80005584       0x1c src/ASF/avr32/drivers/pm/pm.o
                0x80005584                pm_enable_clk32
 .text.rtc_is_busy
                0x800055a0        0x8 src/ASF/avr32/drivers/rtc/rtc.o
                0x800055a0                rtc_is_busy
 .text.rtc_set_value
                0x800055a8       0x24 src/ASF/avr32/drivers/rtc/rtc.o
                0x800055a8                rtc_set_value
 .text.rtc_enable
                0x800055cc       0x24 src/ASF/avr32/drivers/rtc/rtc.o
                0x800055cc                rtc_enable
 .text.rtc_enable_interrupt
                0x800055f0        0x6 src/ASF/avr32/drivers/rtc/rtc.o
                0x800055f0                rtc_enable_interrupt
 *fill*         0x800055f6        0x2 d703d703
 .text.rtc_set_top_value
                0x800055f8       0x24 src/ASF/avr32/drivers/rtc/rtc.o
                0x800055f8                rtc_set_top_value
 .text.rtc_clear_interrupt
                0x8000561c       0x1e src/ASF/avr32/drivers/rtc/rtc.o
                0x8000561c                rtc_clear_interrupt
 *fill*         0x8000563a        0x2 d703d703
 .text.rtc_init
                0x8000563c       0x80 src/ASF/avr32/drivers/rtc/rtc.o
                0x8000563c                rtc_init
 .text.getBaudDiv
                0x800056bc       0x20 src/ASF/avr32/drivers/spi/spi.o
                0x800056bc                getBaudDiv
 .text.spi_initMaster
                0x800056dc       0x38 src/ASF/avr32/drivers/spi/spi.o
                0x800056dc                spi_initMaster
 .text.spi_selectionMode
                0x80005714       0x2c src/ASF/avr32/drivers/spi/spi.o
                0x80005714                spi_selectionMode
 .text.spi_enable
                0x80005740        0x6 src/ASF/avr32/drivers/spi/spi.o
                0x80005740                spi_enable
 .text.spi_write
                0x80005746       0x1c src/ASF/avr32/drivers/spi/spi.o
                0x80005746                spi_write
 .text.spi_read
                0x80005762       0x20 src/ASF/avr32/drivers/spi/spi.o
                0x80005762                spi_read
 *fill*         0x80005782        0x2 d703d703
 .text.spi_setupChipReg
                0x80005784       0xe8 src/ASF/avr32/drivers/spi/spi.o
                0x80005784                spi_setupChipReg
 .text.spi_unselectChip
                0x8000586c       0x40 src/ASF/avr32/drivers/spi/spi.o
                0x8000586c                spi_unselectChip
 .text.spi_selectChip
                0x800058ac       0x78 src/ASF/avr32/drivers/spi/spi.o
                0x800058ac                spi_selectChip
 .text.usart_set_async_baudrate
                0x80005924       0x5a src/ASF/avr32/drivers/usart/usart.o
 .text.usart_write_char
                0x8000597e       0x14 src/ASF/avr32/drivers/usart/usart.o
                0x8000597e                usart_write_char
 *fill*         0x80005992        0x2 d703d703
 .text.usart_putchar
                0x80005994       0x2c src/ASF/avr32/drivers/usart/usart.o
                0x80005994                usart_putchar
 .text.usart_read_char
                0x800059c0       0x22 src/ASF/avr32/drivers/usart/usart.o
                0x800059c0                usart_read_char
 *fill*         0x800059e2        0x2 d703d703
 .text.usart_getchar
                0x800059e4       0x2c src/ASF/avr32/drivers/usart/usart.o
                0x800059e4                usart_getchar
 .text.usart_write_line
                0x80005a10       0x24 src/ASF/avr32/drivers/usart/usart.o
                0x80005a10                usart_write_line
 .text.usart_reset
                0x80005a34       0x2c src/ASF/avr32/drivers/usart/usart.o
                0x80005a34                usart_reset
 .text.usart_init_rs232
                0x80005a60       0xcc src/ASF/avr32/drivers/usart/usart.o
                0x80005a60                usart_init_rs232
 .text._stext   0x80005b2c       0x40 src/ASF/avr32/utils/startup/startup_uc3.o
                                 0x50 (size before relaxing)
                0x80005b2c                _stext
 .text.vListInitialise
                0x80005b6c       0x14 src/ASF/thirdparty/freertos/freertos-7.0.0/source/list.o
                0x80005b6c                vListInitialise
 .text.vListInitialiseItem
                0x80005b80        0x6 src/ASF/thirdparty/freertos/freertos-7.0.0/source/list.o
                0x80005b80                vListInitialiseItem
 .text.vListInsertEnd
                0x80005b86       0x1c src/ASF/thirdparty/freertos/freertos-7.0.0/source/list.o
                0x80005b86                vListInsertEnd
 .text.vListInsert
                0x80005ba2       0x34 src/ASF/thirdparty/freertos/freertos-7.0.0/source/list.o
                0x80005ba2                vListInsert
 .text.vListRemove
                0x80005bd6       0x26 src/ASF/thirdparty/freertos/freertos-7.0.0/source/list.o
                0x80005bd6                vListRemove
 .text.pxPortInitialiseStack
                0x80005bfc       0x92 src/ASF/thirdparty/freertos/freertos-7.0.0/source/portable/gcc/avr32_uc3/port.o
                0x80005bfc                pxPortInitialiseStack
 *fill*         0x80005c8e        0x2 d703d703
 .text.vPortEnterCritical
                0x80005c90       0x10 src/ASF/thirdparty/freertos/freertos-7.0.0/source/portable/gcc/avr32_uc3/port.o
                0x80005c90                vPortEnterCritical
 .text.xPortStartScheduler
                0x80005ca0       0x58 src/ASF/thirdparty/freertos/freertos-7.0.0/source/portable/gcc/avr32_uc3/port.o
                0x80005ca0                xPortStartScheduler
 .text.SCALLYield
                0x80005cf8       0x98 src/ASF/thirdparty/freertos/freertos-7.0.0/source/portable/gcc/avr32_uc3/port.o
                0x80005cf8                SCALLYield
 .text.prvClearCcInt
                0x80005d90        0xa src/ASF/thirdparty/freertos/freertos-7.0.0/source/portable/gcc/avr32_uc3/port.o
 *fill*         0x80005d9a        0x2 d703d703
 .text.vPortExitCritical
                0x80005d9c       0x20 src/ASF/thirdparty/freertos/freertos-7.0.0/source/portable/gcc/avr32_uc3/port.o
                0x80005d9c                vPortExitCritical
 .text.vTick    0x80005dbc       0x84 src/ASF/thirdparty/freertos/freertos-7.0.0/source/portable/gcc/avr32_uc3/port.o
 .text.__malloc_lock
                0x80005e40        0xc src/ASF/thirdparty/freertos/freertos-7.0.0/source/portable/gcc/avr32_uc3/port.o
                0x80005e40                __malloc_lock
 .text.__malloc_unlock
                0x80005e4c        0xc src/ASF/thirdparty/freertos/freertos-7.0.0/source/portable/gcc/avr32_uc3/port.o
                0x80005e4c                __malloc_unlock
 .text._read    0x80005e58       0x40 src/ASF/thirdparty/freertos/freertos-7.0.0/source/portable/gcc/avr32_uc3/read.o
                0x80005e58                _read
 .text._write   0x80005e98       0x3c src/ASF/thirdparty/freertos/freertos-7.0.0/source/portable/gcc/avr32_uc3/write.o
                0x80005e98                _write
 .text.vPortFree
                0x80005ed4       0x28 src/ASF/thirdparty/freertos/freertos-7.0.0/source/portable/memmang/heap_3.o
                0x80005ed4                vPortFree
 .text.pvPortMalloc
                0x80005efc       0x28 src/ASF/thirdparty/freertos/freertos-7.0.0/source/portable/memmang/heap_3.o
                0x80005efc                pvPortMalloc
 .text.prvCopyDataFromQueue
                0x80005f24       0x30 src/ASF/thirdparty/freertos/freertos-7.0.0/source/queue.o
 .text.xQueueReceiveFromISR
                0x80005f54       0x50 src/ASF/thirdparty/freertos/freertos-7.0.0/source/queue.o
                0x80005f54                xQueueReceiveFromISR
 .text.prvUnlockQueue
                0x80005fa4       0xa0 src/ASF/thirdparty/freertos/freertos-7.0.0/source/queue.o
 .text.xQueueGenericReceive
                0x80006044      0x144 src/ASF/thirdparty/freertos/freertos-7.0.0/source/queue.o
                0x80006044                xQueueGenericReceive
 .text.prvCopyDataToQueue
                0x80006188       0x78 src/ASF/thirdparty/freertos/freertos-7.0.0/source/queue.o
 .text.xQueueGenericSendFromISR
                0x80006200       0x50 src/ASF/thirdparty/freertos/freertos-7.0.0/source/queue.o
                0x80006200                xQueueGenericSendFromISR
 .text.xQueueGenericSend
                0x80006250      0x100 src/ASF/thirdparty/freertos/freertos-7.0.0/source/queue.o
                0x80006250                xQueueGenericSend
 .text.xQueueCreate
                0x80006350       0x74 src/ASF/thirdparty/freertos/freertos-7.0.0/source/queue.o
                0x80006350                xQueueCreate
 .text.vTaskSuspendAll
                0x800063c4       0x10 src/ASF/thirdparty/freertos/freertos-7.0.0/source/tasks.o
                0x800063c4                vTaskSuspendAll
 .text.vTaskSwitchContext
                0x800063d4       0x7c src/ASF/thirdparty/freertos/freertos-7.0.0/source/tasks.o
                0x800063d4                vTaskSwitchContext
 .text.vTaskSetTimeOutState
                0x80006450       0x18 src/ASF/thirdparty/freertos/freertos-7.0.0/source/tasks.o
                0x80006450                vTaskSetTimeOutState
 .text.vTaskMissedYield
                0x80006468        0xc src/ASF/thirdparty/freertos/freertos-7.0.0/source/tasks.o
                0x80006468                vTaskMissedYield
 .text.xTaskGetCurrentTaskHandle
                0x80006474        0xc src/ASF/thirdparty/freertos/freertos-7.0.0/source/tasks.o
                0x80006474                xTaskGetCurrentTaskHandle
 .text.vTaskPriorityDisinherit
                0x80006480       0x58 src/ASF/thirdparty/freertos/freertos-7.0.0/source/tasks.o
                0x80006480                vTaskPriorityDisinherit
 .text.vTaskPriorityInherit
                0x800064d8       0x84 src/ASF/thirdparty/freertos/freertos-7.0.0/source/tasks.o
                0x800064d8                vTaskPriorityInherit
 .text.xTaskRemoveFromEventList
                0x8000655c       0x7c src/ASF/thirdparty/freertos/freertos-7.0.0/source/tasks.o
                0x8000655c                xTaskRemoveFromEventList
 .text.vTaskIncrementTick
                0x800065d8      0x114 src/ASF/thirdparty/freertos/freertos-7.0.0/source/tasks.o
                0x800065d8                vTaskIncrementTick
 .text.xTaskCheckForTimeOut
                0x800066ec       0x70 src/ASF/thirdparty/freertos/freertos-7.0.0/source/tasks.o
                0x800066ec                xTaskCheckForTimeOut
 .text.xTaskGetTickCount
                0x8000675c       0x24 src/ASF/thirdparty/freertos/freertos-7.0.0/source/tasks.o
                0x8000675c                xTaskGetTickCount
 .text.xTaskResumeAll
                0x80006780       0xe8 src/ASF/thirdparty/freertos/freertos-7.0.0/source/tasks.o
                0x80006780                xTaskResumeAll
 .text.prvAddCurrentTaskToDelayedList
                0x80006868       0x5c src/ASF/thirdparty/freertos/freertos-7.0.0/source/tasks.o
 .text.vTaskDelay
                0x800068c4       0x48 src/ASF/thirdparty/freertos/freertos-7.0.0/source/tasks.o
                0x800068c4                vTaskDelay
 .text.vTaskDelayUntil
                0x8000690c       0x80 src/ASF/thirdparty/freertos/freertos-7.0.0/source/tasks.o
                0x8000690c                vTaskDelayUntil
 .text.vTaskPlaceOnEventList
                0x8000698c       0x58 src/ASF/thirdparty/freertos/freertos-7.0.0/source/tasks.o
                0x8000698c                vTaskPlaceOnEventList
 .text.prvIdleTask
                0x800069e4       0x88 src/ASF/thirdparty/freertos/freertos-7.0.0/source/tasks.o
 .text.xTaskGenericCreate
                0x80006a6c      0x1e8 src/ASF/thirdparty/freertos/freertos-7.0.0/source/tasks.o
                0x80006a6c                xTaskGenericCreate
 .text.vTaskStartScheduler
                0x80006c54       0x4c src/ASF/thirdparty/freertos/freertos-7.0.0/source/tasks.o
                0x80006c54                vTaskStartScheduler
 .text.PrintChar
                0x80006ca0        0x4 src/Log/log.o
                0x80006ca0                PrintChar
 .text.PrintHex
                0x80006ca4       0xb2 src/Log/log.o
                0x80006ca4                PrintHex
 .text.PrintDec
                0x80006d56       0xda src/Log/log.o
                0x80006d56                PrintDec
 .text.log      0x80006e30      0x18c src/Log/log.o
                0x80006e30                log
 .text.logFromISR
                0x80006fbc      0x180 src/Log/log.o
                0x80006fbc                logFromISR
 .text.log_init
                0x8000713c       0x68 src/Log/log.o
                0x8000713c                log_init
 .text.task_log
                0x800071a4       0x44 src/Log/log.o
 .text.main     0x800071e8       0x70 src/main.o
                0x800071e8                main
 .text.free     0x80007258       0x10 e:/program x86/atmel/studio/7.0/toolchain/avr32/avr32-gnu-toolchain/bin/../lib/gcc/avr32/4.4.7/../../../../avr32/lib/ucr2\libc.a(lib_a-malloc.o)
                                 0x18 (size before relaxing)
                0x80007258                free
 .text.malloc   0x80007268       0x10 e:/program x86/atmel/studio/7.0/toolchain/avr32/avr32-gnu-toolchain/bin/../lib/gcc/avr32/4.4.7/../../../../avr32/lib/ucr2\libc.a(lib_a-malloc.o)
                                 0x18 (size before relaxing)
                0x80007268                malloc
 .text._malloc_r
                0x80007278      0x438 e:/program x86/atmel/studio/7.0/toolchain/avr32/avr32-gnu-toolchain/bin/../lib/gcc/avr32/4.4.7/../../../../avr32/lib/ucr2\libc.a(lib_a-mallocr.o)
                                0x450 (size before relaxing)
                0x80007278                _malloc_r
 .text          0x800076b0      0x148 e:/program x86/atmel/studio/7.0/toolchain/avr32/avr32-gnu-toolchain/bin/../lib/gcc/avr32/4.4.7/../../../../avr32/lib/ucr2\libc.a(lib_a-memcpy.o)
                0x800076b0                memcpy
 .text.memset   0x800077f8        0xe e:/program x86/atmel/studio/7.0/toolchain/avr32/avr32-gnu-toolchain/bin/../lib/gcc/avr32/4.4.7/../../../../avr32/lib/ucr2\libc.a(lib_a-memset.o)
                0x800077f8                memset
 *fill*         0x80007806        0x2 d703d703
 .text._realloc_r
                0x80007808      0x2c0 e:/program x86/atmel/studio/7.0/toolchain/avr32/avr32-gnu-toolchain/bin/../lib/gcc/avr32/4.4.7/../../../../avr32/lib/ucr2\libc.a(lib_a-reallocr.o)
                                0x2e0 (size before relaxing)
                0x80007808                _realloc_r
 .text._sbrk_r  0x80007ac8       0x20 e:/program x86/atmel/studio/7.0/toolchain/avr32/avr32-gnu-toolchain/bin/../lib/gcc/avr32/4.4.7/../../../../avr32/lib/ucr2\libc.a(lib_a-sbrkr.o)
                                 0x28 (size before relaxing)
                0x80007ac8                _sbrk_r
 .text.sprintf  0x80007ae8       0x3c e:/program x86/atmel/studio/7.0/toolchain/avr32/avr32-gnu-toolchain/bin/../lib/gcc/avr32/4.4.7/../../../../avr32/lib/ucr2\libc.a(lib_a-sprintf.o)
                                 0x40 (size before relaxing)
                0x80007ae8                sprintf
 .text          0x80007b24       0x20 e:/program x86/atmel/studio/7.0/toolchain/avr32/avr32-gnu-toolchain/bin/../lib/gcc/avr32/4.4.7/../../../../avr32/lib/ucr2\libc.a(lib_a-strncpy.o)
                0x80007b24                strncpy
 .text._close   0x80007b44       0x14 e:/program x86/atmel/studio/7.0/toolchain/avr32/avr32-gnu-toolchain/bin/../lib/gcc/avr32/4.4.7/../../../../avr32/lib/ucr2\libc.a(lib_a-syscalls.o)
                                 0x18 (size before relaxing)
                0x80007b44                _close
 .text._lseek   0x80007b58       0x14 e:/program x86/atmel/studio/7.0/toolchain/avr32/avr32-gnu-toolchain/bin/../lib/gcc/avr32/4.4.7/../../../../avr32/lib/ucr2\libc.a(lib_a-syscalls.o)
                                 0x18 (size before relaxing)
                0x80007b58                _lseek
 .text.isatty   0x80007b6c       0x14 e:/program x86/atmel/studio/7.0/toolchain/avr32/avr32-gnu-toolchain/bin/../lib/gcc/avr32/4.4.7/../../../../avr32/lib/ucr2\libc.a(lib_a-syscalls.o)
                                 0x18 (size before relaxing)
                0x80007b6c                isatty
 .text._fstat_host
                0x80007b80       0x14 e:/program x86/atmel/studio/7.0/toolchain/avr32/avr32-gnu-toolchain/bin/../lib/gcc/avr32/4.4.7/../../../../avr32/lib/ucr2\libc.a(lib_a-syscalls.o)
                                 0x18 (size before relaxing)
                0x80007b80                _fstat_host
 .text._fstat   0x80007b94       0x4c e:/program x86/atmel/studio/7.0/toolchain/avr32/avr32-gnu-toolchain/bin/../lib/gcc/avr32/4.4.7/../../../../avr32/lib/ucr2\libc.a(lib_a-syscalls.o)
                                 0x50 (size before relaxing)
                0x80007b94                _fstat
 .text._sbrk    0x80007be0       0x38 e:/program x86/atmel/studio/7.0/toolchain/avr32/avr32-gnu-toolchain/bin/../lib/gcc/avr32/4.4.7/../../../../avr32/lib/ucr2\libc.a(lib_a-syscalls.o)
                                 0x40 (size before relaxing)
                0x80007be0                _sbrk
 .text.get_arg  0x80007c18      0x314 e:/program x86/atmel/studio/7.0/toolchain/avr32/avr32-gnu-toolchain/bin/../lib/gcc/avr32/4.4.7/../../../../avr32/lib/ucr2\libc.a(lib_a-vfprintf.o)
                                0x324 (size before relaxing)
 .text.__sprint_r
                0x80007f2c       0x1c e:/program x86/atmel/studio/7.0/toolchain/avr32/avr32-gnu-toolchain/bin/../lib/gcc/avr32/4.4.7/../../../../avr32/lib/ucr2\libc.a(lib_a-vfprintf.o)
                                 0x20 (size before relaxing)
 .text._vfprintf_r
                0x80007f48     0x1f14 e:/program x86/atmel/studio/7.0/toolchain/avr32/avr32-gnu-toolchain/bin/../lib/gcc/avr32/4.4.7/../../../../avr32/lib/ucr2\libc.a(lib_a-vfprintf.o)
                               0x1f9c (size before relaxing)
                0x80007f48                _vfprintf_r
 .text.__swsetup_r
                0x80009e5c       0xdc e:/program x86/atmel/studio/7.0/toolchain/avr32/avr32-gnu-toolchain/bin/../lib/gcc/avr32/4.4.7/../../../../avr32/lib/ucr2\libc.a(lib_a-wsetup.o)
                                 0xe8 (size before relaxing)
                0x80009e5c                __swsetup_r
 .text.quorem   0x80009f38      0x120 e:/program x86/atmel/studio/7.0/toolchain/avr32/avr32-gnu-toolchain/bin/../lib/gcc/avr32/4.4.7/../../../../avr32/lib/ucr2\libc.a(lib_a-dtoa.o)
                                0x124 (size before relaxing)
 .text._dtoa_r  0x8000a058      0xbdc e:/program x86/atmel/studio/7.0/toolchain/avr32/avr32-gnu-toolchain/bin/../lib/gcc/avr32/4.4.7/../../../../avr32/lib/ucr2\libc.a(lib_a-dtoa.o)
                                0xc90 (size before relaxing)
                0x8000a058                _dtoa_r
 .text.__errno  0x8000ac34        0xc e:/program x86/atmel/studio/7.0/toolchain/avr32/avr32-gnu-toolchain/bin/../lib/gcc/avr32/4.4.7/../../../../avr32/lib/ucr2\libc.a(lib_a-errno.o)
                0x8000ac34                __errno
 .text._fflush_r
                0x8000ac40      0x10c e:/program x86/atmel/studio/7.0/toolchain/avr32/avr32-gnu-toolchain/bin/../lib/gcc/avr32/4.4.7/../../../../avr32/lib/ucr2\libc.a(lib_a-fflush.o)
                                0x118 (size before relaxing)
                0x8000ac40                _fflush_r
 .text.__sfp_lock_acquire
                0x8000ad4c        0x2 e:/program x86/atmel/studio/7.0/toolchain/avr32/avr32-gnu-toolchain/bin/../lib/gcc/avr32/4.4.7/../../../../avr32/lib/ucr2\libc.a(lib_a-findfp.o)
                0x8000ad4c                __sfp_lock_acquire
 .text.__sfp_lock_release
                0x8000ad4e        0x2 e:/program x86/atmel/studio/7.0/toolchain/avr32/avr32-gnu-toolchain/bin/../lib/gcc/avr32/4.4.7/../../../../avr32/lib/ucr2\libc.a(lib_a-findfp.o)
                0x8000ad4e                __sfp_lock_release
 .text._cleanup_r
                0x8000ad50        0xc e:/program x86/atmel/studio/7.0/toolchain/avr32/avr32-gnu-toolchain/bin/../lib/gcc/avr32/4.4.7/../../../../avr32/lib/ucr2\libc.a(lib_a-findfp.o)
                                 0x14 (size before relaxing)
                0x8000ad50                _cleanup_r
 .text.__sfmoreglue
                0x8000ad5c       0x28 e:/program x86/atmel/studio/7.0/toolchain/avr32/avr32-gnu-toolchain/bin/../lib/gcc/avr32/4.4.7/../../../../avr32/lib/ucr2\libc.a(lib_a-findfp.o)
                                 0x30 (size before relaxing)
                0x8000ad5c                __sfmoreglue
 .text.__sfp    0x8000ad84       0x6c e:/program x86/atmel/studio/7.0/toolchain/avr32/avr32-gnu-toolchain/bin/../lib/gcc/avr32/4.4.7/../../../../avr32/lib/ucr2\libc.a(lib_a-findfp.o)
                                 0x7c (size before relaxing)
                0x8000ad84                __sfp
 .text.__sinit  0x8000adf0       0x9c e:/program x86/atmel/studio/7.0/toolchain/avr32/avr32-gnu-toolchain/bin/../lib/gcc/avr32/4.4.7/../../../../avr32/lib/ucr2\libc.a(lib_a-findfp.o)
                                 0xb0 (size before relaxing)
                0x8000adf0                __sinit
 .text._malloc_trim_r
                0x8000ae8c       0x98 e:/program x86/atmel/studio/7.0/toolchain/avr32/avr32-gnu-toolchain/bin/../lib/gcc/avr32/4.4.7/../../../../avr32/lib/ucr2\libc.a(lib_a-freer.o)
                                 0xa8 (size before relaxing)
                0x8000ae8c                _malloc_trim_r
 .text._free_r  0x8000af24      0x18c e:/program x86/atmel/studio/7.0/toolchain/avr32/avr32-gnu-toolchain/bin/../lib/gcc/avr32/4.4.7/../../../../avr32/lib/ucr2\libc.a(lib_a-freer.o)
                                0x1a0 (size before relaxing)
                0x8000af24                _free_r
 .text.__sfvwrite_r
                0x8000b0b0      0x294 e:/program x86/atmel/studio/7.0/toolchain/avr32/avr32-gnu-toolchain/bin/../lib/gcc/avr32/4.4.7/../../../../avr32/lib/ucr2\libc.a(lib_a-fvwrite.o)
                                0x2c4 (size before relaxing)
                0x8000b0b0                __sfvwrite_r
 .text._fwalk   0x8000b344       0x4c e:/program x86/atmel/studio/7.0/toolchain/avr32/avr32-gnu-toolchain/bin/../lib/gcc/avr32/4.4.7/../../../../avr32/lib/ucr2\libc.a(lib_a-fwalk.o)
                                 0x54 (size before relaxing)
                0x8000b344                _fwalk
 .text._localeconv_r
                0x8000b390        0x8 e:/program x86/atmel/studio/7.0/toolchain/avr32/avr32-gnu-toolchain/bin/../lib/gcc/avr32/4.4.7/../../../../avr32/lib/ucr2\libc.a(lib_a-locale.o)
                0x8000b390                _localeconv_r
 .text.__smakebuf_r
                0x8000b398       0xbc e:/program x86/atmel/studio/7.0/toolchain/avr32/avr32-gnu-toolchain/bin/../lib/gcc/avr32/4.4.7/../../../../avr32/lib/ucr2\libc.a(lib_a-makebuf.o)
                                 0xcc (size before relaxing)
                0x8000b398                __smakebuf_r
 .text.memchr   0x8000b454       0x16 e:/program x86/atmel/studio/7.0/toolchain/avr32/avr32-gnu-toolchain/bin/../lib/gcc/avr32/4.4.7/../../../../avr32/lib/ucr2\libc.a(lib_a-memchr.o)
                0x8000b454                memchr
 .text.memmove  0x8000b46a       0x3e e:/program x86/atmel/studio/7.0/toolchain/avr32/avr32-gnu-toolchain/bin/../lib/gcc/avr32/4.4.7/../../../../avr32/lib/ucr2\libc.a(lib_a-memmove.o)
                0x8000b46a                memmove
 .text.__hi0bits
                0x8000b4a8       0x60 e:/program x86/atmel/studio/7.0/toolchain/avr32/avr32-gnu-toolchain/bin/../lib/gcc/avr32/4.4.7/../../../../avr32/lib/ucr2\libc.a(lib_a-mprec.o)
                0x8000b4a8                __hi0bits
 .text.__lo0bits
                0x8000b508       0x8e e:/program x86/atmel/studio/7.0/toolchain/avr32/avr32-gnu-toolchain/bin/../lib/gcc/avr32/4.4.7/../../../../avr32/lib/ucr2\libc.a(lib_a-mprec.o)
                0x8000b508                __lo0bits
 .text.__mcmp   0x8000b596       0x32 e:/program x86/atmel/studio/7.0/toolchain/avr32/avr32-gnu-toolchain/bin/../lib/gcc/avr32/4.4.7/../../../../avr32/lib/ucr2\libc.a(lib_a-mprec.o)
                0x8000b596                __mcmp
 .text._Bfree   0x8000b5c8       0x34 e:/program x86/atmel/studio/7.0/toolchain/avr32/avr32-gnu-toolchain/bin/../lib/gcc/avr32/4.4.7/../../../../avr32/lib/ucr2\libc.a(lib_a-mprec.o)
                                 0x38 (size before relaxing)
                0x8000b5c8                _Bfree
 .text._Balloc  0x8000b5fc       0x70 e:/program x86/atmel/studio/7.0/toolchain/avr32/avr32-gnu-toolchain/bin/../lib/gcc/avr32/4.4.7/../../../../avr32/lib/ucr2\libc.a(lib_a-mprec.o)
                                 0x78 (size before relaxing)
                0x8000b5fc                _Balloc
 .text.__d2b    0x8000b66c       0xa0 e:/program x86/atmel/studio/7.0/toolchain/avr32/avr32-gnu-toolchain/bin/../lib/gcc/avr32/4.4.7/../../../../avr32/lib/ucr2\libc.a(lib_a-mprec.o)
                                 0xb4 (size before relaxing)
                0x8000b66c                __d2b
 .text.__mdiff  0x8000b70c       0xd0 e:/program x86/atmel/studio/7.0/toolchain/avr32/avr32-gnu-toolchain/bin/../lib/gcc/avr32/4.4.7/../../../../avr32/lib/ucr2\libc.a(lib_a-mprec.o)
                                 0xd8 (size before relaxing)
                0x8000b70c                __mdiff
 .text.__lshift
                0x8000b7dc       0x88 e:/program x86/atmel/studio/7.0/toolchain/avr32/avr32-gnu-toolchain/bin/../lib/gcc/avr32/4.4.7/../../../../avr32/lib/ucr2\libc.a(lib_a-mprec.o)
                                 0x94 (size before relaxing)
                0x8000b7dc                __lshift
 .text.__multiply
                0x8000b864      0x100 e:/program x86/atmel/studio/7.0/toolchain/avr32/avr32-gnu-toolchain/bin/../lib/gcc/avr32/4.4.7/../../../../avr32/lib/ucr2\libc.a(lib_a-mprec.o)
                                0x108 (size before relaxing)
                0x8000b864                __multiply
 .text.__i2b    0x8000b964       0x10 e:/program x86/atmel/studio/7.0/toolchain/avr32/avr32-gnu-toolchain/bin/../lib/gcc/avr32/4.4.7/../../../../avr32/lib/ucr2\libc.a(lib_a-mprec.o)
                                 0x18 (size before relaxing)
                0x8000b964                __i2b
 .text.__multadd
                0x8000b974       0x7c e:/program x86/atmel/studio/7.0/toolchain/avr32/avr32-gnu-toolchain/bin/../lib/gcc/avr32/4.4.7/../../../../avr32/lib/ucr2\libc.a(lib_a-mprec.o)
                                 0x88 (size before relaxing)
                0x8000b974                __multadd
 .text.__pow5mult
                0x8000b9f0       0x8c e:/program x86/atmel/studio/7.0/toolchain/avr32/avr32-gnu-toolchain/bin/../lib/gcc/avr32/4.4.7/../../../../avr32/lib/ucr2\libc.a(lib_a-mprec.o)
                                 0xac (size before relaxing)
                0x8000b9f0                __pow5mult
 .text.__isinfd
                0x8000ba7c       0x2a e:/program x86/atmel/studio/7.0/toolchain/avr32/avr32-gnu-toolchain/bin/../lib/gcc/avr32/4.4.7/../../../../avr32/lib/ucr2\libc.a(lib_a-s_isinfd.o)
                0x8000ba7c                __isinfd
 .text.__isnand
                0x8000baa6       0x1c e:/program x86/atmel/studio/7.0/toolchain/avr32/avr32-gnu-toolchain/bin/../lib/gcc/avr32/4.4.7/../../../../avr32/lib/ucr2\libc.a(lib_a-s_isnand.o)
                0x8000baa6                __isnand
 *fill*         0x8000bac2        0x2 d703d703
 .text.__sclose
                0x8000bac4        0x8 e:/program x86/atmel/studio/7.0/toolchain/avr32/avr32-gnu-toolchain/bin/../lib/gcc/avr32/4.4.7/../../../../avr32/lib/ucr2\libc.a(lib_a-stdio.o)
                                 0x10 (size before relaxing)
                0x8000bac4                __sclose
 .text.__sseek  0x8000bacc       0x20 e:/program x86/atmel/studio/7.0/toolchain/avr32/avr32-gnu-toolchain/bin/../lib/gcc/avr32/4.4.7/../../../../avr32/lib/ucr2\libc.a(lib_a-stdio.o)
                                 0x28 (size before relaxing)
                0x8000bacc                __sseek
 .text.__swrite
                0x8000baec       0x2c e:/program x86/atmel/studio/7.0/toolchain/avr32/avr32-gnu-toolchain/bin/../lib/gcc/avr32/4.4.7/../../../../avr32/lib/ucr2\libc.a(lib_a-stdio.o)
                                 0x38 (size before relaxing)
                0x8000baec                __swrite
 .text.__sread  0x8000bb18       0x1c e:/program x86/atmel/studio/7.0/toolchain/avr32/avr32-gnu-toolchain/bin/../lib/gcc/avr32/4.4.7/../../../../avr32/lib/ucr2\libc.a(lib_a-stdio.o)
                                 0x24 (size before relaxing)
                0x8000bb18                __sread
 .text.strlen   0x8000bb34       0x16 e:/program x86/atmel/studio/7.0/toolchain/avr32/avr32-gnu-toolchain/bin/../lib/gcc/avr32/4.4.7/../../../../avr32/lib/ucr2\libc.a(lib_a-strlen.o)
                0x8000bb34                strlen
 *fill*         0x8000bb4a        0x2 d703d703
 .text._write_r
                0x8000bb4c       0x28 e:/program x86/atmel/studio/7.0/toolchain/avr32/avr32-gnu-toolchain/bin/../lib/gcc/avr32/4.4.7/../../../../avr32/lib/ucr2\libc.a(lib_a-writer.o)
                                 0x2c (size before relaxing)
                0x8000bb4c                _write_r
 .text._calloc_r
                0x8000bb74       0x58 e:/program x86/atmel/studio/7.0/toolchain/avr32/avr32-gnu-toolchain/bin/../lib/gcc/avr32/4.4.7/../../../../avr32/lib/ucr2\libc.a(lib_a-callocr.o)
                                 0x60 (size before relaxing)
                0x8000bb74                _calloc_r
 .text._close_r
                0x8000bbcc       0x20 e:/program x86/atmel/studio/7.0/toolchain/avr32/avr32-gnu-toolchain/bin/../lib/gcc/avr32/4.4.7/../../../../avr32/lib/ucr2\libc.a(lib_a-closer.o)
                                 0x28 (size before relaxing)
                0x8000bbcc                _close_r
 .text._fclose_r
                0x8000bbec       0xb8 e:/program x86/atmel/studio/7.0/toolchain/avr32/avr32-gnu-toolchain/bin/../lib/gcc/avr32/4.4.7/../../../../avr32/lib/ucr2\libc.a(lib_a-fclose.o)
                                 0xd0 (size before relaxing)
                0x8000bbec                _fclose_r
 .text.fclose   0x8000bca4       0x10 e:/program x86/atmel/studio/7.0/toolchain/avr32/avr32-gnu-toolchain/bin/../lib/gcc/avr32/4.4.7/../../../../avr32/lib/ucr2\libc.a(lib_a-fclose.o)
                                 0x18 (size before relaxing)
                0x8000bca4                fclose
 .text._fstat_r
                0x8000bcb4       0x24 e:/program x86/atmel/studio/7.0/toolchain/avr32/avr32-gnu-toolchain/bin/../lib/gcc/avr32/4.4.7/../../../../avr32/lib/ucr2\libc.a(lib_a-fstatr.o)
                                 0x2c (size before relaxing)
                0x8000bcb4                _fstat_r
 .text._lseek_r
                0x8000bcd8       0x28 e:/program x86/atmel/studio/7.0/toolchain/avr32/avr32-gnu-toolchain/bin/../lib/gcc/avr32/4.4.7/../../../../avr32/lib/ucr2\libc.a(lib_a-lseekr.o)
                                 0x2c (size before relaxing)
                0x8000bcd8                _lseek_r
 .text._read_r  0x8000bd00       0x28 e:/program x86/atmel/studio/7.0/toolchain/avr32/avr32-gnu-toolchain/bin/../lib/gcc/avr32/4.4.7/../../../../avr32/lib/ucr2\libc.a(lib_a-readr.o)
                                 0x2c (size before relaxing)
                0x8000bd00                _read_r
 .text          0x8000bd28      0x1d4 e:/program x86/atmel/studio/7.0/toolchain/avr32/avr32-gnu-toolchain/bin/../lib/gcc/avr32/4.4.7/ucr2\libgcc.a(_avr32_f64_mul.o)
                0x8000bd28                __avr32_f64_mul
 .text          0x8000befc      0x2b0 e:/program x86/atmel/studio/7.0/toolchain/avr32/avr32-gnu-toolchain/bin/../lib/gcc/avr32/4.4.7/ucr2\libgcc.a(_avr32_f64_addsub.o)
                0x8000bf00                __avr32_f64_sub
                0x8000c09c                __avr32_f64_add
 .text          0x8000c1ac       0x2a e:/program x86/atmel/studio/7.0/toolchain/avr32/avr32-gnu-toolchain/bin/../lib/gcc/avr32/4.4.7/ucr2\libgcc.a(_avr32_f64_to_s32.o)
                0x8000c1ac                __avr32_f64_to_u32
                0x8000c1b0                __avr32_f64_to_s32
 .text          0x8000c1d6       0xe8 e:/program x86/atmel/studio/7.0/toolchain/avr32/avr32-gnu-toolchain/bin/../lib/gcc/avr32/4.4.7/ucr2\libgcc.a(_avr32_s32_to_f64.o)
                0x8000c1d6                __avr32_u32_to_f64
                0x8000c1de                __avr32_s32_to_f64
 .text          0x8000c2be       0x26 e:/program x86/atmel/studio/7.0/toolchain/avr32/avr32-gnu-toolchain/bin/../lib/gcc/avr32/4.4.7/ucr2\libgcc.a(_avr32_f64_cmp_eq.o)
                0x8000c2be                __avr32_f64_cmp_eq
 .text          0x8000c2e4       0x68 e:/program x86/atmel/studio/7.0/toolchain/avr32/avr32-gnu-toolchain/bin/../lib/gcc/avr32/4.4.7/ucr2\libgcc.a(_avr32_f64_cmp_ge.o)
                0x8000c2e4                __avr32_f64_cmp_ge
 .text          0x8000c34c       0x68 e:/program x86/atmel/studio/7.0/toolchain/avr32/avr32-gnu-toolchain/bin/../lib/gcc/avr32/4.4.7/ucr2\libgcc.a(_avr32_f64_cmp_lt.o)
                0x8000c34c                __avr32_f64_cmp_lt
 .text          0x8000c3b4      0x318 e:/program x86/atmel/studio/7.0/toolchain/avr32/avr32-gnu-toolchain/bin/../lib/gcc/avr32/4.4.7/ucr2\libgcc.a(_avr32_f64_div.o)
                0x8000c3b4                __avr32_f64_div
 .text          0x8000c6cc      0x264 e:/program x86/atmel/studio/7.0/toolchain/avr32/avr32-gnu-toolchain/bin/../lib/gcc/avr32/4.4.7/ucr2\libgcc.a(_udivdi3.o)
                0x8000c6cc                __avr32_udiv64
                0x8000c6cc                __udivdi3
 .text          0x8000c930      0x20c e:/program x86/atmel/studio/7.0/toolchain/avr32/avr32-gnu-toolchain/bin/../lib/gcc/avr32/4.4.7/ucr2\libgcc.a(_umoddi3.o)
                0x8000c930                __avr32_umod64
                0x8000c930                __umoddi3
 *(.text.*personality*)
 *(.gnu.warning)

.exception      0x8000cc00      0x200
 .exception     0x8000cc00      0x200 src/ASF/thirdparty/freertos/freertos-7.0.0/source/portable/gcc/avr32_uc3/exception.o
                0x8000cc00                _evba
                0x8000cd04                _int0
                0x8000cd12                _int1
                0x8000cd20                _int2
                0x8000cd2e                _int3
                0x8000cd3c                ipr_val

.fini
 *(.fini)
                0x8000ce00                PROVIDE (__etext, .)
                0x8000ce00                PROVIDE (_etext, .)
                0x8000ce00                PROVIDE (etext, .)

.rodata         0x8000ce00     0x1174
 *(.rodata .rodata.* .gnu.linkonce.r.*)
 .rodata.str1.4
                0x8000ce00      0x6a0 src/Application/app/app.o
 .rodata.str1.4
                0x8000d4a0       0x1d src/Application/myrtc/xgrtc.o
                                 0x20 (size before relaxing)
 *fill*         0x8000d4bd        0x3 
 .rodata.CSWTCH.35
                0x8000d4c0       0x48 src/Application/radio/ambe.o
 .rodata.str1.4
                0x8000d508        0xb src/Application/radio/payload.o
                                  0xc (size before relaxing)
 *fill*         0x8000d513        0x1 
 .rodata.str1.4
                0x8000d514       0x48 src/Application/radio/physical.o
 .rodata.str1.4
                0x8000d55c        0x8 src/Application/radio/xcmp.o
 .rodata.str1.4
                0x8000d564        0x7 src/Application/radio/xnl.o
                                 0x10 (size before relaxing)
 *fill*         0x8000d56b        0x1 
 .rodata.RC522_SPI_GPIO_MAP.10476
                0x8000d56c       0x20 src/Application/RFID/MFRC522/rc522.o
 .rodata.CSWTCH.74
                0x8000d58c        0x4 src/Application/RFID/MFRC522/rc522.o
 .rodata.CSWTCH.75
                0x8000d590        0x4 src/Application/RFID/MFRC522/rc522.o
 .rodata.C.51.10478
                0x8000d594       0x10 src/Application/RFID/MFRC522/rc522.o
 .rodata.str1.4
                0x8000d5a4       0x85 src/Application/RFID/RFID.o
                                 0x88 (size before relaxing)
 *fill*         0x8000d629        0x3 
 .rodata.TC_GPIO_MAP.10363
                0x8000d62c       0x18 src/Application/timers/timer.o
 .rodata._int_handler_table
                0x8000d644       0x98 src/ASF/avr32/drivers/intc/intc.o
 .rodata.str1.4
                0x8000d6dc        0x5 src/ASF/thirdparty/freertos/freertos-7.0.0/source/tasks.o
                                  0x8 (size before relaxing)
 *fill*         0x8000d6e1        0x3 
 .rodata.log    0x8000d6e4      0x150 src/Log/log.o
 .rodata.logFromISR
                0x8000d834      0x150 src/Log/log.o
 .rodata.USART_OPTIONS.11277
                0x8000d984        0xc src/Log/log.o
 .rodata.str1.4
                0x8000d990       0x3c src/Log/log.o
 .rodata.USART_GPIO_MAP.11276
                0x8000d9cc       0x10 src/Log/log.o
 .rodata.str1.4
                0x8000d9dc       0x14 src/main.o
 .rodata.get_arg
                0x8000d9f0       0x3c e:/program x86/atmel/studio/7.0/toolchain/avr32/avr32-gnu-toolchain/bin/../lib/gcc/avr32/4.4.7/../../../../avr32/lib/ucr2\libc.a(lib_a-vfprintf.o)
 .rodata._vfprintf_r
                0x8000da2c      0x164 e:/program x86/atmel/studio/7.0/toolchain/avr32/avr32-gnu-toolchain/bin/../lib/gcc/avr32/4.4.7/../../../../avr32/lib/ucr2\libc.a(lib_a-vfprintf.o)
 .rodata.state_table
                0x8000db90       0x6c e:/program x86/atmel/studio/7.0/toolchain/avr32/avr32-gnu-toolchain/bin/../lib/gcc/avr32/4.4.7/../../../../avr32/lib/ucr2\libc.a(lib_a-vfprintf.o)
 .rodata.action_table
                0x8000dbfc       0x6c e:/program x86/atmel/studio/7.0/toolchain/avr32/avr32-gnu-toolchain/bin/../lib/gcc/avr32/4.4.7/../../../../avr32/lib/ucr2\libc.a(lib_a-vfprintf.o)
 .rodata.str1.4
                0x8000dc68       0x3a e:/program x86/atmel/studio/7.0/toolchain/avr32/avr32-gnu-toolchain/bin/../lib/gcc/avr32/4.4.7/../../../../avr32/lib/ucr2\libc.a(lib_a-vfprintf.o)
                                 0x3c (size before relaxing)
 *fill*         0x8000dca2        0x2 
 .rodata.blanks.3430
                0x8000dca4       0x10 e:/program x86/atmel/studio/7.0/toolchain/avr32/avr32-gnu-toolchain/bin/../lib/gcc/avr32/4.4.7/../../../../avr32/lib/ucr2\libc.a(lib_a-vfprintf.o)
 .rodata.zeroes.3431
                0x8000dcb4       0x10 e:/program x86/atmel/studio/7.0/toolchain/avr32/avr32-gnu-toolchain/bin/../lib/gcc/avr32/4.4.7/../../../../avr32/lib/ucr2\libc.a(lib_a-vfprintf.o)
 .rodata.chclass
                0x8000dcc4      0x100 e:/program x86/atmel/studio/7.0/toolchain/avr32/avr32-gnu-toolchain/bin/../lib/gcc/avr32/4.4.7/../../../../avr32/lib/ucr2\libc.a(lib_a-vfprintf.o)
 .rodata.str1.4
                0x8000ddc4       0x10 e:/program x86/atmel/studio/7.0/toolchain/avr32/avr32-gnu-toolchain/bin/../lib/gcc/avr32/4.4.7/../../../../avr32/lib/ucr2\libc.a(lib_a-dtoa.o)
                                 0x14 (size before relaxing)
 .rodata.__sf_fake_stdin
                0x8000ddd4       0x20 e:/program x86/atmel/studio/7.0/toolchain/avr32/avr32-gnu-toolchain/bin/../lib/gcc/avr32/4.4.7/../../../../avr32/lib/ucr2\libc.a(lib_a-findfp.o)
                0x8000ddd4                __sf_fake_stdin
 .rodata.__sf_fake_stdout
                0x8000ddf4       0x20 e:/program x86/atmel/studio/7.0/toolchain/avr32/avr32-gnu-toolchain/bin/../lib/gcc/avr32/4.4.7/../../../../avr32/lib/ucr2\libc.a(lib_a-findfp.o)
                0x8000ddf4                __sf_fake_stdout
 .rodata.__sf_fake_stderr
                0x8000de14       0x20 e:/program x86/atmel/studio/7.0/toolchain/avr32/avr32-gnu-toolchain/bin/../lib/gcc/avr32/4.4.7/../../../../avr32/lib/ucr2\libc.a(lib_a-findfp.o)
                0x8000de14                __sf_fake_stderr
 .rodata.str1.4
                0x8000de34        0x2 e:/program x86/atmel/studio/7.0/toolchain/avr32/avr32-gnu-toolchain/bin/../lib/gcc/avr32/4.4.7/../../../../avr32/lib/ucr2\libc.a(lib_a-impure.o)
                                  0x4 (size before relaxing)
 *fill*         0x8000de36        0x2 
 .rodata._global_impure_ptr
                0x8000de38        0x4 e:/program x86/atmel/studio/7.0/toolchain/avr32/avr32-gnu-toolchain/bin/../lib/gcc/avr32/4.4.7/../../../../avr32/lib/ucr2\libc.a(lib_a-impure.o)
                0x8000de38                _global_impure_ptr
 .rodata.lconv  0x8000de3c       0x30 e:/program x86/atmel/studio/7.0/toolchain/avr32/avr32-gnu-toolchain/bin/../lib/gcc/avr32/4.4.7/../../../../avr32/lib/ucr2\libc.a(lib_a-locale.o)
 .rodata.str1.4
                0x8000de6c        0xc e:/program x86/atmel/studio/7.0/toolchain/avr32/avr32-gnu-toolchain/bin/../lib/gcc/avr32/4.4.7/../../../../avr32/lib/ucr2\libc.a(lib_a-locale.o)
                                 0x18 (size before relaxing)
 .rodata.p05.2471
                0x8000de78        0xc e:/program x86/atmel/studio/7.0/toolchain/avr32/avr32-gnu-toolchain/bin/../lib/gcc/avr32/4.4.7/../../../../avr32/lib/ucr2\libc.a(lib_a-mprec.o)
 .rodata.__mprec_tens
                0x8000de84       0xc8 e:/program x86/atmel/studio/7.0/toolchain/avr32/avr32-gnu-toolchain/bin/../lib/gcc/avr32/4.4.7/../../../../avr32/lib/ucr2\libc.a(lib_a-mprec.o)
                0x8000de84                __mprec_tens
 .rodata.__mprec_bigtens
                0x8000df4c       0x28 e:/program x86/atmel/studio/7.0/toolchain/avr32/avr32-gnu-toolchain/bin/../lib/gcc/avr32/4.4.7/../../../../avr32/lib/ucr2\libc.a(lib_a-mprec.o)
                0x8000df4c                __mprec_bigtens

.rodata1
 *(.rodata1)

.eh_frame_hdr
 *(.eh_frame_hdr)

.eh_frame
 *(.eh_frame)

.gcc_except_table
 *(.gcc_except_table)
 *(.gcc_except_table.*)

.dalign         0x8000df74        0x4
                0x8000df78                . = ALIGN (0x8)
 *fill*         0x8000df74        0x4 
                0x8000df78                PROVIDE (_data_lma, .)
                0x00000004                PROVIDE (_data, ORIGIN (CPUSRAM))
                0x00000004                . = ORIGIN (CPUSRAM)

.eh_frame
 *(.eh_frame)

.gcc_except_table
 *(.gcc_except_table)
 *(.gcc_except_table.*)

.tdata
 *(.tdata .tdata.* .gnu.linkonce.td.*)

.tbss
 *(.tbss .tbss.* .gnu.linkonce.tb.*)
 *(.tcommon)
                0x00000004                PROVIDE (__preinit_array_start, ALIGN (0x4))

.preinit_array
 *(.preinit_array)
                0x00000004                PROVIDE (__preinit_array_end, .)
                0x00000004                PROVIDE (__init_array_start, .)

.init_array
 *(.init_array)
                0x00000004                PROVIDE (__init_array_end, .)
                0x00000004                PROVIDE (__fini_array_start, .)

.fini_array
 *(.fini_array)
                0x00000004                PROVIDE (__fini_array_end, .)

.ctors
 *crtbegin*.o(.ctors)
 *(EXCLUDE_FILE(*crtend*.o) .ctors)
 *(SORT(.ctors.*))
 *(.ctors)

.dtors
 *crtbegin*.o(.dtors)
 *(EXCLUDE_FILE(*crtend*.o) .dtors)
 *(SORT(.dtors.*))
 *(.dtors)

.jcr
 *(.jcr)

.data.rel.ro
 *(.data.rel.ro.local)
 *(.data.rel.ro*)

.dynamic
 *(.dynamic)

.got
 *(.got.plt)
 *(.got)

.data           0x00000004      0xa3c load address 0x8000df78
 *(.data .data.* .gnu.linkonce.d.*)
 .data.the_app_list
                0x00000004      0x4ec src/Application/app/app.o
 .data.print_sec
                0x000004f0        0x4 src/Application/myrtc/xgrtc.o
 .data.xnl_proc_list
                0x000004f4       0x34 src/Application/radio/xnl.o
 .data.unsure_data
                0x00000528        0x8 src/Application/RFID/RFID.o
                0x00000528                unsure_data
 .data.start_session.11219
                0x00000530        0x1 src/Application/RFID/RFID.o
 *fill*         0x00000531        0x3 
 .data.ulCriticalNesting
                0x00000534        0x4 src/ASF/thirdparty/freertos/freertos-7.0.0/source/portable/gcc/avr32_uc3/port.o
                0x00000534                ulCriticalNesting
 .data.xNextTaskUnblockTime
                0x00000538        0x4 src/ASF/thirdparty/freertos/freertos-7.0.0/source/tasks.o
 .data.__malloc_av_
                0x0000053c      0x408 e:/program x86/atmel/studio/7.0/toolchain/avr32/avr32-gnu-toolchain/bin/../lib/gcc/avr32/4.4.7/../../../../avr32/lib/ucr2\libc.a(lib_a-mallocr.o)
                0x0000053c                __malloc_av_
 .data.__malloc_trim_threshold
                0x00000944        0x4 e:/program x86/atmel/studio/7.0/toolchain/avr32/avr32-gnu-toolchain/bin/../lib/gcc/avr32/4.4.7/../../../../avr32/lib/ucr2\libc.a(lib_a-mallocr.o)
                0x00000944                __malloc_trim_threshold
 .data.__malloc_sbrk_base
                0x00000948        0x4 e:/program x86/atmel/studio/7.0/toolchain/avr32/avr32-gnu-toolchain/bin/../lib/gcc/avr32/4.4.7/../../../../avr32/lib/ucr2\libc.a(lib_a-mallocr.o)
                0x00000948                __malloc_sbrk_base
 .data.impure_data
                0x0000094c       0xf0 e:/program x86/atmel/studio/7.0/toolchain/avr32/avr32-gnu-toolchain/bin/../lib/gcc/avr32/4.4.7/../../../../avr32/lib/ucr2\libc.a(lib_a-impure.o)
 .data._impure_ptr
                0x00000a3c        0x4 e:/program x86/atmel/studio/7.0/toolchain/avr32/avr32-gnu-toolchain/bin/../lib/gcc/avr32/4.4.7/../../../../avr32/lib/ucr2\libc.a(lib_a-impure.o)
                0x00000a3c                _impure_ptr
 *(.gnu.linkonce.d.*personality*)

.data1
 *(.data1)

.balign         0x00000a40        0x0 load address 0x8000e9b4
                0x00000a40                . = ALIGN (0x8)
                0x00000a40                _edata = .
                0x00000a40                _edata = .
                0x00000a40                PROVIDE (edata, .)
                0x00000a40                __bss_start = .

.bss            0x00000a40     0x46f0 load address 0x8000e9b4
 *(.dynbss)
 *(.bss .bss.* .gnu.linkonce.b.*)
 .bss.Speaker_is_unmute
                0x00000a40        0x1 src/Application/app/app.o
                0x00000a40                Speaker_is_unmute
 .bss.AMBE_rx_flag
                0x00000a41        0x1 src/Application/app/app.o
                0x00000a41                AMBE_rx_flag
 .bss.VF_SN     0x00000a42        0x1 src/Application/app/app.o
                0x00000a42                VF_SN
 .bss.AMBE_tx_flag
                0x00000a43        0x1 src/Application/app/app.o
                0x00000a43                AMBE_tx_flag
 .bss.Radio_Transmit_State
                0x00000a44        0x1 src/Application/app/app.o
                0x00000a44                Radio_Transmit_State
 .bss.Call_Begin
                0x00000a45        0x1 src/Application/app/app.o
                0x00000a45                Call_Begin
 .bss.AMBE_Media
                0x00000a46        0x1 src/Application/app/app.o
                0x00000a46                AMBE_Media
 *fill*         0x00000a47        0x1 
 .bss.xLastWakeTime.11804
                0x00000a48        0x4 src/Application/app/app.o
 .bss.connect_flag
                0x00000a4c        0x1 src/Application/app/app.o
 *fill*         0x00000a4d        0x3 
 .bss.res.11794
                0x00000a50        0x4 src/Application/app/app.o
 .bss.Mic_is_Enabled
                0x00000a54        0x1 src/Application/app/app.o
                0x00000a54                Mic_is_Enabled
 .bss.times_counter.11824
                0x00000a55        0x1 src/Application/app/app.o
 .bss.Terminator_Flag
                0x00000a56        0x1 src/Application/app/app.o
                0x00000a56                Terminator_Flag
 *fill*         0x00000a57        0x1 
 .bss.ulIdleCycleCount
                0x00000a58        0x4 src/Application/app/app.o
                0x00000a58                ulIdleCycleCount
 .bss.sec       0x00000a5c        0x4 src/Application/myrtc/xgrtc.o
 .bss.payload_rx_exec
                0x00000a60        0x4 src/Application/radio/payload.o
                0x00000a60                payload_rx_exec
 .bss.payload_tx_exec
                0x00000a64        0x4 src/Application/radio/payload.o
                0x00000a64                payload_tx_exec
 .bss.phy_tx_index.10646
                0x00000a68        0x1 src/Application/radio/physical.o
 *fill*         0x00000a69        0x3 
 .bss.m_RxBurstType
                0x00000a6c        0x4 src/Application/radio/physical.o
 .bss.phy_check_sum.10690
                0x00000a70        0x2 src/Application/radio/physical.o
 *fill*         0x00000a72        0x2 
 .bss.payload_store_idle
                0x00000a74        0x4 src/Application/radio/physical.o
                0x00000a74                payload_store_idle
 .bss.phy_rx_length.10689
                0x00000a78        0x2 src/Application/radio/physical.o
 *fill*         0x00000a7a        0x2 
 .bss.RxBytesWaiting.10966
                0x00000a7c        0x4 src/Application/radio/physical.o
 .bss.phy_rx_expexted_length.10688
                0x00000a80        0x2 src/Application/radio/physical.o
 *fill*         0x00000a82        0x2 
 .bss.phy_tx_state.10644
                0x00000a84        0x4 src/Application/radio/physical.o
 .bss.Item_ID.10971
                0x00000a88        0x1 src/Application/radio/physical.o
 .bss.is_first.10970
                0x00000a89        0x1 src/Application/radio/physical.o
 *fill*         0x00000a8a        0x2 
 .bss.phy_frame_ptr.10687
                0x00000a8c        0x4 src/Application/radio/physical.o
 .bss.phy_payload_frame_rx
                0x00000a90        0x4 src/Application/radio/physical.o
                0x00000a90                phy_payload_frame_rx
 .bss.Item_Length.10972
                0x00000a94        0x4 src/Application/radio/physical.o
 .bss.AMBE_payload_ptr.10969
                0x00000a98        0x4 src/Application/radio/physical.o
 .bss.RxMedia_IsFillingNext16.10963
                0x00000a9c        0x4 src/Application/radio/physical.o
 .bss.payload_ptr.10968
                0x00000aa0        0x4 src/Application/radio/physical.o
 .bss.phy_rx_state.10691
                0x00000aa4        0x4 src/Application/radio/physical.o
 .bss.RxAMBE_IsFillingNext8.10964
                0x00000aa8        0x4 src/Application/radio/physical.o
 .bss.phy_tx_expexted_length.10645
                0x00000aac        0x2 src/Application/radio/physical.o
 *fill*         0x00000aae        0x2 
 .bss.phy_payload_frame_tx
                0x00000ab0        0x4 src/Application/radio/physical.o
                0x00000ab0                phy_payload_frame_tx
 .bss.ArrayDiscLength.10967
                0x00000ab4        0x4 src/Application/radio/physical.o
 .bss.xnl_store_idle
                0x00000ab8        0x4 src/Application/radio/physical.o
                0x00000ab8                xnl_store_idle
 .bss.phy_xnl_frame_rx
                0x00000abc        0x4 src/Application/radio/physical.o
                0x00000abc                phy_xnl_frame_rx
 .bss.phy_rx_count.10692
                0x00000ac0        0x4 src/Application/radio/physical.o
 .bss.RxData_IsFillingNext16.10965
                0x00000ac4        0x4 src/Application/radio/physical.o
 .bss.phy_xnl_frame_tx
                0x00000ac8        0x4 src/Application/radio/physical.o
                0x00000ac8                phy_xnl_frame_tx
 .bss.SDV_Index.10974
                0x00000acc        0x1 src/Application/radio/physical.o
 *fill*         0x00000acd        0x3 
 .bss.phy_ptr.10643
                0x00000ad0        0x4 src/Application/radio/physical.o
 .bss.RxMediaState.10962
                0x00000ad4        0x4 src/Application/radio/physical.o
 .bss.AMBE_HT   0x00000ad8        0x8 src/Application/radio/physical.o
 .bss.phy_rx_exec
                0x00000ae0        0x4 src/Application/radio/ssc.o
                0x00000ae0                phy_rx_exec
 .bss.phy_tx_exec
                0x00000ae4        0x4 src/Application/radio/ssc.o
                0x00000ae4                phy_tx_exec
 .bss.version_information
                0x00000ae8        0xc src/Application/radio/xcmp.o
                0x00000ae8                version_information
 .bss.clone_read
                0x00000af4        0xc src/Application/radio/xcmp.o
                0x00000af4                clone_read
 .bss.xcmp_frame_rx
                0x00000b00        0x4 src/Application/radio/xcmp.o
 .bss.clone_write
                0x00000b04        0xc src/Application/radio/xcmp.o
                0x00000b04                clone_write
 .bss.automatic_frequency_correction_control
                0x00000b10        0xc src/Application/radio/xcmp.o
                0x00000b10                automatic_frequency_correction_control
 .bss.language_pack_information
                0x00000b1c        0xc src/Application/radio/xcmp.o
                0x00000b1c                language_pack_information
 .bss.radio_status
                0x00000b28        0xc src/Application/radio/xcmp.o
                0x00000b28                radio_status
 .bss.xnl_timeout_semphr
                0x00000b34        0x4 src/Application/radio/xnl.o
 .bss.xnl_information
                0x00000b38        0xa src/Application/radio/xnl.o
 *fill*         0x00000b42        0x2 
 .bss.xnl_frame_tx
                0x00000b44        0x4 src/Application/radio/xnl.o
 .bss.xnl_send_times.10716
                0x00000b48        0x4 src/Application/radio/xnl.o
 .bss.ptr.10717
                0x00000b4c        0x4 src/Application/radio/xnl.o
 .bss.flags.10671
                0x00000b50        0x1 src/Application/radio/xnl.o
 *fill*         0x00000b51        0x3 
 .bss.xnl_tx_state.10715
                0x00000b54        0x4 src/Application/radio/xnl.o
 .bss.xcmp_exec
                0x00000b58        0x4 src/Application/radio/xnl.o
                0x00000b58                xcmp_exec
 .bss.rc522_init_failure
                0x00000b5c        0x1 src/Application/RFID/MFRC522/rc522.o
                0x00000b5c                rc522_init_failure
 *fill*         0x00000b5d        0x3 
 .bss._int_line_handler_table_6
                0x00000b60        0x4 src/ASF/avr32/drivers/intc/intc.o
 .bss._int_line_handler_table_7
                0x00000b64        0x4 src/ASF/avr32/drivers/intc/intc.o
 .bss._int_line_handler_table_8
                0x00000b68        0x4 src/ASF/avr32/drivers/intc/intc.o
 .bss._int_line_handler_table_9
                0x00000b6c        0x4 src/ASF/avr32/drivers/intc/intc.o
 .bss._int_line_handler_table_10
                0x00000b70        0x4 src/ASF/avr32/drivers/intc/intc.o
 .bss._int_line_handler_table_11
                0x00000b74        0x4 src/ASF/avr32/drivers/intc/intc.o
 .bss._int_line_handler_table_12
                0x00000b78        0x4 src/ASF/avr32/drivers/intc/intc.o
 .bss._int_line_handler_table_13
                0x00000b7c        0x4 src/ASF/avr32/drivers/intc/intc.o
 .bss._int_line_handler_table_14
                0x00000b80        0xc src/ASF/avr32/drivers/intc/intc.o
 .bss._int_line_handler_table_15
                0x00000b8c        0x4 src/ASF/avr32/drivers/intc/intc.o
 .bss._int_line_handler_table_16
                0x00000b90        0x4 src/ASF/avr32/drivers/intc/intc.o
 .bss._int_line_handler_table_17
                0x00000b94        0x4 src/ASF/avr32/drivers/intc/intc.o
 .bss._int_line_handler_table_18
                0x00000b98        0x4 src/ASF/avr32/drivers/intc/intc.o
 .bss._int_line_handler_table_0
                0x00000b9c        0x4 src/ASF/avr32/drivers/intc/intc.o
 .bss._int_line_handler_table_1
                0x00000ba0       0x2c src/ASF/avr32/drivers/intc/intc.o
 .bss._int_line_handler_table_2
                0x00000bcc       0x18 src/ASF/avr32/drivers/intc/intc.o
 .bss._int_line_handler_table_3
                0x00000be4       0x1c src/ASF/avr32/drivers/intc/intc.o
 .bss._int_line_handler_table_4
                0x00000c00        0x4 src/ASF/avr32/drivers/intc/intc.o
 .bss._int_line_handler_table_5
                0x00000c04        0x4 src/ASF/avr32/drivers/intc/intc.o
 .bss.uxMissedTicks
                0x00000c08        0x4 src/ASF/thirdparty/freertos/freertos-7.0.0/source/tasks.o
 .bss.uxTopUsedPriority
                0x00000c0c        0x4 src/ASF/thirdparty/freertos/freertos-7.0.0/source/tasks.o
 .bss.pxDelayedTaskList
                0x00000c10        0x4 src/ASF/thirdparty/freertos/freertos-7.0.0/source/tasks.o
 .bss.xSchedulerRunning
                0x00000c14        0x4 src/ASF/thirdparty/freertos/freertos-7.0.0/source/tasks.o
 .bss.uxTasksDeleted
                0x00000c18        0x4 src/ASF/thirdparty/freertos/freertos-7.0.0/source/tasks.o
 .bss.xNumOfOverflows
                0x00000c1c        0x4 src/ASF/thirdparty/freertos/freertos-7.0.0/source/tasks.o
 .bss.pxOverflowDelayedTaskList
                0x00000c20        0x4 src/ASF/thirdparty/freertos/freertos-7.0.0/source/tasks.o
 .bss.pxReadyTasksLists
                0x00000c24       0xa0 src/ASF/thirdparty/freertos/freertos-7.0.0/source/tasks.o
 .bss.xTasksWaitingTermination
                0x00000cc4       0x14 src/ASF/thirdparty/freertos/freertos-7.0.0/source/tasks.o
 .bss.pxCurrentTCB
                0x00000cd8        0x4 src/ASF/thirdparty/freertos/freertos-7.0.0/source/tasks.o
                0x00000cd8                pxCurrentTCB
 .bss.xPendingReadyList
                0x00000cdc       0x14 src/ASF/thirdparty/freertos/freertos-7.0.0/source/tasks.o
 .bss.xDelayedTaskList1
                0x00000cf0       0x14 src/ASF/thirdparty/freertos/freertos-7.0.0/source/tasks.o
 .bss.xTickCount
                0x00000d04        0x4 src/ASF/thirdparty/freertos/freertos-7.0.0/source/tasks.o
 .bss.uxSchedulerSuspended
                0x00000d08        0x4 src/ASF/thirdparty/freertos/freertos-7.0.0/source/tasks.o
 .bss.xDelayedTaskList2
                0x00000d0c       0x14 src/ASF/thirdparty/freertos/freertos-7.0.0/source/tasks.o
 .bss.uxTaskNumber
                0x00000d20        0x4 src/ASF/thirdparty/freertos/freertos-7.0.0/source/tasks.o
 .bss.uxCurrentNumberOfTasks
                0x00000d24        0x4 src/ASF/thirdparty/freertos/freertos-7.0.0/source/tasks.o
 .bss.xMissedYield
                0x00000d28        0x4 src/ASF/thirdparty/freertos/freertos-7.0.0/source/tasks.o
 .bss.xSuspendedTaskList
                0x00000d2c       0x14 src/ASF/thirdparty/freertos/freertos-7.0.0/source/tasks.o
 .bss.uxTopReadyPriority
                0x00000d40        0x4 src/ASF/thirdparty/freertos/freertos-7.0.0/source/tasks.o
 .bss.lench.11293
                0x00000d44        0x1 src/Log/log.o
 .bss.lench.11363
                0x00000d45        0x1 src/Log/log.o
 *fill*         0x00000d46        0x2 
 .bss.__malloc_max_total_mem
                0x00000d48        0x4 e:/program x86/atmel/studio/7.0/toolchain/avr32/avr32-gnu-toolchain/bin/../lib/gcc/avr32/4.4.7/../../../../avr32/lib/ucr2\libc.a(lib_a-mallocr.o)
                0x00000d48                __malloc_max_total_mem
 .bss.__malloc_max_sbrked_mem
                0x00000d4c        0x4 e:/program x86/atmel/studio/7.0/toolchain/avr32/avr32-gnu-toolchain/bin/../lib/gcc/avr32/4.4.7/../../../../avr32/lib/ucr2\libc.a(lib_a-mallocr.o)
                0x00000d4c                __malloc_max_sbrked_mem
 .bss.__malloc_top_pad
                0x00000d50        0x4 e:/program x86/atmel/studio/7.0/toolchain/avr32/avr32-gnu-toolchain/bin/../lib/gcc/avr32/4.4.7/../../../../avr32/lib/ucr2\libc.a(lib_a-mallocr.o)
                0x00000d50                __malloc_top_pad
 .bss.__malloc_current_mallinfo
                0x00000d54       0x28 e:/program x86/atmel/studio/7.0/toolchain/avr32/avr32-gnu-toolchain/bin/../lib/gcc/avr32/4.4.7/../../../../avr32/lib/ucr2\libc.a(lib_a-mallocr.o)
                0x00000d54                __malloc_current_mallinfo
 .bss.cur_heap_pos.1869
                0x00000d7c        0x4 e:/program x86/atmel/studio/7.0/toolchain/avr32/avr32-gnu-toolchain/bin/../lib/gcc/avr32/4.4.7/../../../../avr32/lib/ucr2\libc.a(lib_a-syscalls.o)
 *(COMMON)
 COMMON         0x00000d80        0x4 src/Application/app/app.o
                0x00000d80                bunchofrandomstatusflags
 COMMON         0x00000d84     0x1004 src/Application/flash/data_flash.o
                0x00000d84                FLASH_BUF
                0x00001d84                spi
 COMMON         0x00001d88        0xc src/Application/myrtc/xgrtc.o
                0x00001d88                Current_time
                0x00001d90                Time_scale
 COMMON         0x00001d94      0x122 src/Application/radio/ambe.o
                0x00001d94                AMBEBurst_rawdata
                0x00001d9c                Radio_Internal_Data
                0x00001da0                AMBE_DecryptionKey
                0x00001da8                SendAMBEBurst_EncryptionPackage
                0x00001e98                VBSP_data
                0x00001e9c                Soft_Decision_Data
 COMMON         0x00001eb6     0x3200 src/Application/radio/physical.o
                0x00001eb6                payload_store
                0x000032b6                xnl_store
 *fill*         0x000050b6        0x2 
 COMMON         0x000050b8       0x4c src/Application/radio/ssc.o
                0x000050b8                intDuration
                0x000050bc                BufferIndex
                0x000050c0                intStartCount
                0x000050c4                RxBuffer
                0x000050e4                TxBuffer
 COMMON         0x00005104        0x4 src/Application/radio/xcmp.o
                0x00005104                app_list
 COMMON         0x00005108       0x18 src/Application/RFID/RFID.o
                0x00005108                RFID
                0x00005118                CT
                0x0000511c                SN
 COMMON         0x00005120        0x4 src/ASF/avr32/drivers/spi/spi.o
                0x00005120                xSPIMutex
 COMMON         0x00005124        0x4 src/ASF/thirdparty/freertos/freertos-7.0.0/source/portable/gcc/avr32_uc3/write.o
                0x00005124                stdio_usart_base
 COMMON         0x00005128        0x4 src/Log/log.o
                0x00005128                logQueue
 COMMON         0x0000512c        0x4 e:/program x86/atmel/studio/7.0/toolchain/avr32/avr32-gnu-toolchain/bin/../lib/gcc/avr32/4.4.7/../../../../avr32/lib/ucr2\libc.a(lib_a-reent.o)
                0x0000512c                errno
                0x00005130                . = ALIGN (0x8)
                0x00005130                . = ALIGN (0x8)
                0x00005130                _end = .
                0x00005130                PROVIDE (end, .)
                0x00005130                __heap_start__ = ALIGN (0x8)
                0x00017000                . = ((ORIGIN (CPUSRAM) + 0x17ffc) - _stack_size)
                0x00017000                __heap_end__ = .

.stab
 *(.stab)

.stabstr
 *(.stabstr)

.stab.excl
 *(.stab.excl)

.stab.exclstr
 *(.stab.exclstr)

.stab.index
 *(.stab.index)

.stab.indexstr
 *(.stab.indexstr)

.comment        0x00000000       0x30
 *(.comment)
 .comment       0x00000000       0x30 src/Application/app/app.o
                                 0x31 (size before relaxing)
 .comment       0x00000000       0x31 src/Application/flash/data_flash.o
 .comment       0x00000000       0x31 src/Application/myrtc/xgrtc.o
 .comment       0x00000000       0x31 src/Application/radio/ambe.o
 .comment       0x00000000       0x31 src/Application/radio/payload.o
 .comment       0x00000000       0x31 src/Application/radio/physical.o
 .comment       0x00000000       0x31 src/Application/radio/ssc.o
 .comment       0x00000000       0x31 src/Application/radio/xcmp.o
 .comment       0x00000000       0x31 src/Application/radio/xnl.o
 .comment       0x00000000       0x31 src/Application/RFID/MFRC522/rc522.o
 .comment       0x00000000       0x31 src/Application/RFID/RFID.o
 .comment       0x00000000       0x31 src/Application/timers/timer.o
 .comment       0x00000000       0x31 src/ASF/avr32/drivers/gpio/gpio.o
 .comment       0x00000000       0x31 src/ASF/avr32/drivers/intc/intc.o
 .comment       0x00000000       0x31 src/ASF/avr32/drivers/pm/pm.o
 .comment       0x00000000       0x31 src/ASF/avr32/drivers/rtc/rtc.o
 .comment       0x00000000       0x31 src/ASF/avr32/drivers/spi/spi.o
 .comment       0x00000000       0x31 src/ASF/avr32/drivers/usart/usart.o
 .comment       0x00000000       0x31 src/ASF/thirdparty/freertos/freertos-7.0.0/source/list.o
 .comment       0x00000000       0x31 src/ASF/thirdparty/freertos/freertos-7.0.0/source/portable/gcc/avr32_uc3/port.o
 .comment       0x00000000       0x31 src/ASF/thirdparty/freertos/freertos-7.0.0/source/portable/gcc/avr32_uc3/read.o
 .comment       0x00000000       0x31 src/ASF/thirdparty/freertos/freertos-7.0.0/source/portable/gcc/avr32_uc3/write.o
 .comment       0x00000000       0x31 src/ASF/thirdparty/freertos/freertos-7.0.0/source/portable/memmang/heap_3.o
 .comment       0x00000000       0x31 src/ASF/thirdparty/freertos/freertos-7.0.0/source/queue.o
 .comment       0x00000000       0x31 src/ASF/thirdparty/freertos/freertos-7.0.0/source/tasks.o
 .comment       0x00000000       0x31 src/Log/log.o
 .comment       0x00000000       0x31 src/main.o
 .comment       0x00000000       0x31 e:/program x86/atmel/studio/7.0/toolchain/avr32/avr32-gnu-toolchain/bin/../lib/gcc/avr32/4.4.7/../../../../avr32/lib/ucr2\libc.a(lib_a-malloc.o)
 .comment       0x00000000       0x31 e:/program x86/atmel/studio/7.0/toolchain/avr32/avr32-gnu-toolchain/bin/../lib/gcc/avr32/4.4.7/../../../../avr32/lib/ucr2\libc.a(lib_a-mallocr.o)
 .comment       0x00000000       0x31 e:/program x86/atmel/studio/7.0/toolchain/avr32/avr32-gnu-toolchain/bin/../lib/gcc/avr32/4.4.7/../../../../avr32/lib/ucr2\libc.a(lib_a-memset.o)
 .comment       0x00000000       0x31 e:/program x86/atmel/studio/7.0/toolchain/avr32/avr32-gnu-toolchain/bin/../lib/gcc/avr32/4.4.7/../../../../avr32/lib/ucr2\libc.a(lib_a-reallocr.o)
 .comment       0x00000000       0x31 e:/program x86/atmel/studio/7.0/toolchain/avr32/avr32-gnu-toolchain/bin/../lib/gcc/avr32/4.4.7/../../../../avr32/lib/ucr2\libc.a(lib_a-sbrkr.o)
 .comment       0x00000000       0x31 e:/program x86/atmel/studio/7.0/toolchain/avr32/avr32-gnu-toolchain/bin/../lib/gcc/avr32/4.4.7/../../../../avr32/lib/ucr2\libc.a(lib_a-sprintf.o)
 .comment       0x00000000       0x31 e:/program x86/atmel/studio/7.0/toolchain/avr32/avr32-gnu-toolchain/bin/../lib/gcc/avr32/4.4.7/../../../../avr32/lib/ucr2\libc.a(lib_a-syscalls.o)
 .comment       0x00000000       0x31 e:/program x86/atmel/studio/7.0/toolchain/avr32/avr32-gnu-toolchain/bin/../lib/gcc/avr32/4.4.7/../../../../avr32/lib/ucr2\libc.a(lib_a-vfprintf.o)
 .comment       0x00000000       0x31 e:/program x86/atmel/studio/7.0/toolchain/avr32/avr32-gnu-toolchain/bin/../lib/gcc/avr32/4.4.7/../../../../avr32/lib/ucr2\libc.a(lib_a-wsetup.o)
 .comment       0x00000000       0x31 e:/program x86/atmel/studio/7.0/toolchain/avr32/avr32-gnu-toolchain/bin/../lib/gcc/avr32/4.4.7/../../../../avr32/lib/ucr2\libc.a(lib_a-dtoa.o)
 .comment       0x00000000       0x31 e:/program x86/atmel/studio/7.0/toolchain/avr32/avr32-gnu-toolchain/bin/../lib/gcc/avr32/4.4.7/../../../../avr32/lib/ucr2\libc.a(lib_a-errno.o)
 .comment       0x00000000       0x31 e:/program x86/atmel/studio/7.0/toolchain/avr32/avr32-gnu-toolchain/bin/../lib/gcc/avr32/4.4.7/../../../../avr32/lib/ucr2\libc.a(lib_a-fflush.o)
 .comment       0x00000000       0x31 e:/program x86/atmel/studio/7.0/toolchain/avr32/avr32-gnu-toolchain/bin/../lib/gcc/avr32/4.4.7/../../../../avr32/lib/ucr2\libc.a(lib_a-findfp.o)
 .comment       0x00000000       0x31 e:/program x86/atmel/studio/7.0/toolchain/avr32/avr32-gnu-toolchain/bin/../lib/gcc/avr32/4.4.7/../../../../avr32/lib/ucr2\libc.a(lib_a-freer.o)
 .comment       0x00000000       0x31 e:/program x86/atmel/studio/7.0/toolchain/avr32/avr32-gnu-toolchain/bin/../lib/gcc/avr32/4.4.7/../../../../avr32/lib/ucr2\libc.a(lib_a-fvwrite.o)
 .comment       0x00000000       0x31 e:/program x86/atmel/studio/7.0/toolchain/avr32/avr32-gnu-toolchain/bin/../lib/gcc/avr32/4.4.7/../../../../avr32/lib/ucr2\libc.a(lib_a-fwalk.o)
 .comment       0x00000000       0x31 e:/program x86/atmel/studio/7.0/toolchain/avr32/avr32-gnu-toolchain/bin/../lib/gcc/avr32/4.4.7/../../../../avr32/lib/ucr2\libc.a(lib_a-impure.o)
 .comment       0x00000000       0x31 e:/program x86/atmel/studio/7.0/toolchain/avr32/avr32-gnu-toolchain/bin/../lib/gcc/avr32/4.4.7/../../../../avr32/lib/ucr2\libc.a(lib_a-locale.o)
 .comment       0x00000000       0x31 e:/program x86/atmel/studio/7.0/toolchain/avr32/avr32-gnu-toolchain/bin/../lib/gcc/avr32/4.4.7/../../../../avr32/lib/ucr2\libc.a(lib_a-makebuf.o)
 .comment       0x00000000       0x31 e:/program x86/atmel/studio/7.0/toolchain/avr32/avr32-gnu-toolchain/bin/../lib/gcc/avr32/4.4.7/../../../../avr32/lib/ucr2\libc.a(lib_a-memchr.o)
 .comment       0x00000000       0x31 e:/program x86/atmel/studio/7.0/toolchain/avr32/avr32-gnu-toolchain/bin/../lib/gcc/avr32/4.4.7/../../../../avr32/lib/ucr2\libc.a(lib_a-memmove.o)
 .comment       0x00000000       0x31 e:/program x86/atmel/studio/7.0/toolchain/avr32/avr32-gnu-toolchain/bin/../lib/gcc/avr32/4.4.7/../../../../avr32/lib/ucr2\libc.a(lib_a-mprec.o)
 .comment       0x00000000       0x31 e:/program x86/atmel/studio/7.0/toolchain/avr32/avr32-gnu-toolchain/bin/../lib/gcc/avr32/4.4.7/../../../../avr32/lib/ucr2\libc.a(lib_a-reent.o)
 .comment       0x00000000       0x31 e:/program x86/atmel/studio/7.0/toolchain/avr32/avr32-gnu-toolchain/bin/../lib/gcc/avr32/4.4.7/../../../../avr32/lib/ucr2\libc.a(lib_a-s_isinfd.o)
 .comment       0x00000000       0x31 e:/program x86/atmel/studio/7.0/toolchain/avr32/avr32-gnu-toolchain/bin/../lib/gcc/avr32/4.4.7/../../../../avr32/lib/ucr2\libc.a(lib_a-s_isnand.o)
 .comment       0x00000000       0x31 e:/program x86/atmel/studio/7.0/toolchain/avr32/avr32-gnu-toolchain/bin/../lib/gcc/avr32/4.4.7/../../../../avr32/lib/ucr2\libc.a(lib_a-stdio.o)
 .comment       0x00000000       0x31 e:/program x86/atmel/studio/7.0/toolchain/avr32/avr32-gnu-toolchain/bin/../lib/gcc/avr32/4.4.7/../../../../avr32/lib/ucr2\libc.a(lib_a-strlen.o)
 .comment       0x00000000       0x31 e:/program x86/atmel/studio/7.0/toolchain/avr32/avr32-gnu-toolchain/bin/../lib/gcc/avr32/4.4.7/../../../../avr32/lib/ucr2\libc.a(lib_a-writer.o)
 .comment       0x00000000       0x31 e:/program x86/atmel/studio/7.0/toolchain/avr32/avr32-gnu-toolchain/bin/../lib/gcc/avr32/4.4.7/../../../../avr32/lib/ucr2\libc.a(lib_a-callocr.o)
 .comment       0x00000000       0x31 e:/program x86/atmel/studio/7.0/toolchain/avr32/avr32-gnu-toolchain/bin/../lib/gcc/avr32/4.4.7/../../../../avr32/lib/ucr2\libc.a(lib_a-closer.o)
 .comment       0x00000000       0x31 e:/program x86/atmel/studio/7.0/toolchain/avr32/avr32-gnu-toolchain/bin/../lib/gcc/avr32/4.4.7/../../../../avr32/lib/ucr2\libc.a(lib_a-fclose.o)
 .comment       0x00000000       0x31 e:/program x86/atmel/studio/7.0/toolchain/avr32/avr32-gnu-toolchain/bin/../lib/gcc/avr32/4.4.7/../../../../avr32/lib/ucr2\libc.a(lib_a-fstatr.o)
 .comment       0x00000000       0x31 e:/program x86/atmel/studio/7.0/toolchain/avr32/avr32-gnu-toolchain/bin/../lib/gcc/avr32/4.4.7/../../../../avr32/lib/ucr2\libc.a(lib_a-lseekr.o)
 .comment       0x00000000       0x31 e:/program x86/atmel/studio/7.0/toolchain/avr32/avr32-gnu-toolchain/bin/../lib/gcc/avr32/4.4.7/../../../../avr32/lib/ucr2\libc.a(lib_a-readr.o)
 .comment       0x00000000       0x31 e:/program x86/atmel/studio/7.0/toolchain/avr32/avr32-gnu-toolchain/bin/../lib/gcc/avr32/4.4.7/ucr2\libgcc.a(_udivdi3.o)
 .comment       0x00000000       0x31 e:/program x86/atmel/studio/7.0/toolchain/avr32/avr32-gnu-toolchain/bin/../lib/gcc/avr32/4.4.7/ucr2\libgcc.a(_umoddi3.o)

.debug
 *(.debug)

.line
 *(.line)

.debug_srcinfo
 *(.debug_srcinfo)

.debug_sfnames
 *(.debug_sfnames)

.debug_aranges  0x00000000     0x14b0
 *(.debug_aranges)
 .debug_aranges
                0x00000000      0x118 src/Application/app/app.o
 .debug_aranges
                0x00000118       0x78 src/Application/flash/data_flash.o
 .debug_aranges
                0x00000190       0x48 src/Application/myrtc/xgrtc.o
 .debug_aranges
                0x000001d8       0x20 src/Application/radio/ambe.o
 .debug_aranges
                0x000001f8       0x28 src/Application/radio/payload.o
 .debug_aranges
                0x00000220       0x68 src/Application/radio/physical.o
 .debug_aranges
                0x00000288       0x40 src/Application/radio/ssc.o
 .debug_aranges
                0x000002c8       0xf8 src/Application/radio/xcmp.o
 .debug_aranges
                0x000003c0       0x70 src/Application/radio/xnl.o
 .debug_aranges
                0x00000430       0xd8 src/Application/RFID/MFRC522/rc522.o
 .debug_aranges
                0x00000508       0x30 src/Application/RFID/RFID.o
 .debug_aranges
                0x00000538       0x50 src/Application/timers/timer.o
 .debug_aranges
                0x00000588      0x100 src/ASF/avr32/drivers/gpio/gpio.o
 .debug_aranges
                0x00000688       0x38 src/ASF/avr32/drivers/intc/intc.o
 .debug_aranges
                0x000006c0      0x190 src/ASF/avr32/drivers/pm/pm.o
 .debug_aranges
                0x00000850       0x90 src/ASF/avr32/drivers/rtc/rtc.o
 .debug_aranges