Archive member included because of file (symbol)

e:/program x86/atmel/studio/7.0/toolchain/avr32/avr32-gnu-toolchain/bin/../lib/gcc/avr32/4.4.7/../../../../avr32/lib/ucr2\libc.a(lib_a-malloc.o)
                              src/ASF/thirdparty/freertos/freertos-7.0.0/source/portable/memmang/heap_3.o (free)
e:/program x86/atmel/studio/7.0/toolchain/avr32/avr32-gnu-toolchain/bin/../lib/gcc/avr32/4.4.7/../../../../avr32/lib/ucr2\libc.a(lib_a-mallocr.o)
                              e:/program x86/atmel/studio/7.0/toolchain/avr32/avr32-gnu-toolchain/bin/../lib/gcc/avr32/4.4.7/../../../../avr32/lib/ucr2\libc.a(lib_a-malloc.o) (_malloc_r)
e:/program x86/atmel/studio/7.0/toolchain/avr32/avr32-gnu-toolchain/bin/../lib/gcc/avr32/4.4.7/../../../../avr32/lib/ucr2\libc.a(lib_a-memcmp.o)
                              src/Application/voice/voice.o (memcmp)
e:/program x86/atmel/studio/7.0/toolchain/avr32/avr32-gnu-toolchain/bin/../lib/gcc/avr32/4.4.7/../../../../avr32/lib/ucr2\libc.a(lib_a-memcpy.o)
                              src/Application/app/app.o (memcpy)
e:/program x86/atmel/studio/7.0/toolchain/avr32/avr32-gnu-toolchain/bin/../lib/gcc/avr32/4.4.7/../../../../avr32/lib/ucr2\libc.a(lib_a-memset.o)
                              src/Application/radio/physical.o (memset)
e:/program x86/atmel/studio/7.0/toolchain/avr32/avr32-gnu-toolchain/bin/../lib/gcc/avr32/4.4.7/../../../../avr32/lib/ucr2\libc.a(lib_a-realloc.o)
                              src/ASF/thirdparty/freertos/freertos-7.0.0/source/portable/gcc/avr32_uc3/port.o (realloc)
e:/program x86/atmel/studio/7.0/toolchain/avr32/avr32-gnu-toolchain/bin/../lib/gcc/avr32/4.4.7/../../../../avr32/lib/ucr2\libc.a(lib_a-reallocr.o)
                              e:/program x86/atmel/studio/7.0/toolchain/avr32/avr32-gnu-toolchain/bin/../lib/gcc/avr32/4.4.7/../../../../avr32/lib/ucr2\libc.a(lib_a-realloc.o) (_realloc_r)
e:/program x86/atmel/studio/7.0/toolchain/avr32/avr32-gnu-toolchain/bin/../lib/gcc/avr32/4.4.7/../../../../avr32/lib/ucr2\libc.a(lib_a-sbrkr.o)
                              e:/program x86/atmel/studio/7.0/toolchain/avr32/avr32-gnu-toolchain/bin/../lib/gcc/avr32/4.4.7/../../../../avr32/lib/ucr2\libc.a(lib_a-mallocr.o) (_sbrk_r)
e:/program x86/atmel/studio/7.0/toolchain/avr32/avr32-gnu-toolchain/bin/../lib/gcc/avr32/4.4.7/../../../../avr32/lib/ucr2\libc.a(lib_a-sprintf.o)
                              src/Log/log.o (sprintf)
e:/program x86/atmel/studio/7.0/toolchain/avr32/avr32-gnu-toolchain/bin/../lib/gcc/avr32/4.4.7/../../../../avr32/lib/ucr2\libc.a(lib_a-strncpy.o)
                              src/ASF/thirdparty/freertos/freertos-7.0.0/source/tasks.o (strncpy)
e:/program x86/atmel/studio/7.0/toolchain/avr32/avr32-gnu-toolchain/bin/../lib/gcc/avr32/4.4.7/../../../../avr32/lib/ucr2\libc.a(lib_a-syscalls.o)
                              e:/program x86/atmel/studio/7.0/toolchain/avr32/avr32-gnu-toolchain/bin/../lib/gcc/avr32/4.4.7/../../../../avr32/lib/ucr2\libc.a(lib_a-sbrkr.o) (_sbrk)
e:/program x86/atmel/studio/7.0/toolchain/avr32/avr32-gnu-toolchain/bin/../lib/gcc/avr32/4.4.7/../../../../avr32/lib/ucr2\libc.a(lib_a-vfprintf.o)
                              e:/program x86/atmel/studio/7.0/toolchain/avr32/avr32-gnu-toolchain/bin/../lib/gcc/avr32/4.4.7/../../../../avr32/lib/ucr2\libc.a(lib_a-sprintf.o) (_vfprintf_r)
e:/program x86/atmel/studio/7.0/toolchain/avr32/avr32-gnu-toolchain/bin/../lib/gcc/avr32/4.4.7/../../../../avr32/lib/ucr2\libc.a(lib_a-wsetup.o)
                              e:/program x86/atmel/studio/7.0/toolchain/avr32/avr32-gnu-toolchain/bin/../lib/gcc/avr32/4.4.7/../../../../avr32/lib/ucr2\libc.a(lib_a-vfprintf.o) (__swsetup_r)
e:/program x86/atmel/studio/7.0/toolchain/avr32/avr32-gnu-toolchain/bin/../lib/gcc/avr32/4.4.7/../../../../avr32/lib/ucr2\libc.a(lib_a-dtoa.o)
                              e:/program x86/atmel/studio/7.0/toolchain/avr32/avr32-gnu-toolchain/bin/../lib/gcc/avr32/4.4.7/../../../../avr32/lib/ucr2\libc.a(lib_a-vfprintf.o) (_dtoa_r)
e:/program x86/atmel/studio/7.0/toolchain/avr32/avr32-gnu-toolchain/bin/../lib/gcc/avr32/4.4.7/../../../../avr32/lib/ucr2\libc.a(lib_a-errno.o)
                              e:/program x86/atmel/studio/7.0/toolchain/avr32/avr32-gnu-toolchain/bin/../lib/gcc/avr32/4.4.7/../../../../avr32/lib/ucr2\libc.a(lib_a-syscalls.o) (__errno)
e:/program x86/atmel/studio/7.0/toolchain/avr32/avr32-gnu-toolchain/bin/../lib/gcc/avr32/4.4.7/../../../../avr32/lib/ucr2\libc.a(lib_a-fflush.o)
                              e:/program x86/atmel/studio/7.0/toolchain/avr32/avr32-gnu-toolchain/bin/../lib/gcc/avr32/4.4.7/../../../../avr32/lib/ucr2\libc.a(lib_a-vfprintf.o) (_fflush_r)
e:/program x86/atmel/studio/7.0/toolchain/avr32/avr32-gnu-toolchain/bin/../lib/gcc/avr32/4.4.7/../../../../avr32/lib/ucr2\libc.a(lib_a-findfp.o)
                              e:/program x86/atmel/studio/7.0/toolchain/avr32/avr32-gnu-toolchain/bin/../lib/gcc/avr32/4.4.7/../../../../avr32/lib/ucr2\libc.a(lib_a-vfprintf.o) (__sinit)
[...]
Memory Configuration

Name             Origin             Length             Attributes
FLASH            0x80000000         0x00080000         axrl !w
CPUSRAM          0x00000004         0x00017ffc         axw !rl
USERPAGE         0x80800000         0x00000200
FACTORYPAGE      0x80800200         0x00000200
*default*        0x00000000         0xffffffff

Linker script and memory map

                0x00001000                _stack_size = 0x1000
LOAD src/Application/app/app.o
LOAD src/Application/flash/data_flash.o
LOAD src/Application/myrtc/xgrtc.o
LOAD src/Application/radio/ambe.o
LOAD src/Application/radio/AMBE_audio.o
LOAD src/Application/radio/AMBE_audio_2.o
LOAD src/Application/radio/audio.o
LOAD src/Application/radio/payload.o
LOAD src/Application/radio/physical.o
LOAD src/Application/radio/ssc.o
LOAD src/Application/radio/xcmp.o
LOAD src/Application/radio/xnl.o
LOAD src/Application/RFID/MFRC522/rc522.o
LOAD src/Application/RFID/RFID.o
LOAD src/Application/timers/timer.o
LOAD src/Application/voice/voice.o
LOAD src/Application/xgflash/xgflash.o
LOAD src/ASF/avr32/drivers/flashc/flashc.o
LOAD src/ASF/avr32/drivers/gpio/gpio.o
LOAD src/ASF/avr32/drivers/intc/intc.o
LOAD src/ASF/avr32/drivers/pm/pm.o
LOAD src/ASF/avr32/drivers/pm/pm_conf_clocks.o
LOAD src/ASF/avr32/drivers/pm/power_clocks_lib.o
LOAD src/ASF/avr32/drivers/rtc/rtc.o
LOAD src/ASF/avr32/drivers/spi/spi.o
LOAD src/ASF/avr32/drivers/tc/tc.o
LOAD src/ASF/avr32/drivers/twi/twi.o
LOAD src/ASF/avr32/drivers/usart/usart.o
LOAD src/ASF/avr32/utils/startup/startup_uc3.o
LOAD src/ASF/avr32/utils/startup/trampoline_uc3.o
LOAD src/ASF/common/boards/user_board/init.o
LOAD src/ASF/common/services/clock/uc3b0_b1/sysclk.o
LOAD src/ASF/common/services/spi/uc3_spi/spi_master.o
LOAD src/ASF/common/services/spi/uc3_usart_spi/usart_spi.o
LOAD src/ASF/thirdparty/freertos/freertos-7.0.0/source/croutine.o
LOAD src/ASF/thirdparty/freertos/freertos-7.0.0/source/list.o
LOAD src/ASF/thirdparty/freertos/freertos-7.0.0/source/portable/gcc/avr32_uc3/exception.o
LOAD src/ASF/thirdparty/freertos/freertos-7.0.0/source/portable/gcc/avr32_uc3/port.o
LOAD src/ASF/thirdparty/freertos/freertos-7.0.0/source/portable/gcc/avr32_uc3/read.o
LOAD src/ASF/thirdparty/freertos/freertos-7.0.0/source/portable/gcc/avr32_uc3/write.o
LOAD src/ASF/thirdparty/freertos/freertos-7.0.0/source/portable/memmang/heap_3.o
LOAD src/ASF/thirdparty/freertos/freertos-7.0.0/source/queue.o
LOAD src/ASF/thirdparty/freertos/freertos-7.0.0/source/tasks.o
LOAD src/Log/log.o
LOAD src/main.o
START GROUP
LOAD e:/program x86/atmel/studio/7.0/toolchain/avr32/avr32-gnu-toolchain/bin/../lib/gcc/avr32/4.4.7/../../../../avr32/lib/ucr2\libm.a
END GROUP
LOAD e:/program x86/atmel/studio/7.0/toolchain/avr32/avr32-gnu-toolchain/bin/../lib/gcc/avr32/4.4.7/ucr2\libgcc.a
LOAD e:/program x86/atmel/studio/7.0/toolchain/avr32/avr32-gnu-toolchain/bin/../lib/gcc/avr32/4.4.7/../../../../avr32/lib/ucr2\libc.a
LOAD e:/program x86/atmel/studio/7.0/toolchain/avr32/avr32-gnu-toolchain/bin/../lib/gcc/avr32/4.4.7/ucr2\libgcc.a
                0x80000000                PROVIDE (__executable_start, 0x80000000)
                0x80000000                . = 0x80000000

.interp
 *(.interp)

.reset          0x80000000     0x2004
 *(.reset)
 .reset         0x80000000     0x2004 src/ASF/avr32/utils/startup/trampoline_uc3.o
                               0x2008 (size before relaxing)
                0x80000000                _trampoline

.hash
 *(.hash)

.dynsym
 *(.dynsym)

.dynstr
 *(.dynstr)

.gnu.version
 *(.gnu.version)

.gnu.version_d
 *(.gnu.version_d)

.gnu.version_r
 *(.gnu.version_r)

.rel.init
 *(.rel.init)

.rela.init
 *(.rela.init)

.rel.text
 *(.rel.text .rel.text.* .rel.gnu.linkonce.t.*)

.rela.text
 *(.rela.text .rela.text.* .rela.gnu.linkonce.t.*)

.rel.fini
 *(.rel.fini)

.rela.fini
 *(.rela.fini)

.rel.rodata
 *(.rel.rodata .rel.rodata.* .rel.gnu.linkonce.r.*)

.rela.rodata
 *(.rela.rodata .rela.rodata.* .rela.gnu.linkonce.r.*)

.rel.data.rel.ro
 *(.rel.data.rel.ro*)

.rela.data.rel.ro
 *(.rel.data.rel.ro*)

.rel.data
 *(.rel.data .rel.data.* .rel.gnu.linkonce.d.*)

.rela.data
 *(.rela.data .rela.data.* .rela.gnu.linkonce.d.*)

.rel.tdata
 *(.rel.tdata .rel.tdata.* .rel.gnu.linkonce.td.*)

.rela.tdata
 *(.rela.tdata .rela.tdata.* .rela.gnu.linkonce.td.*)

.rel.tbss
 *(.rel.tbss .rel.tbss.* .rel.gnu.linkonce.tb.*)

.rela.tbss
 *(.rela.tbss .rela.tbss.* .rela.gnu.linkonce.tb.*)

.rel.ctors
 *(.rel.ctors)

.rela.ctors
 *(.rela.ctors)

.rel.dtors
 *(.rel.dtors)

.rela.dtors
 *(.rela.dtors)

.rel.got
 *(.rel.got)

.rela.got       0x80002004        0x0
 *(.rela.got)
 .rela.got      0x80002004        0x0 src/Application/app/app.o

.rel.bss
 *(.rel.bss .rel.bss.* .rel.gnu.linkonce.b.*)

.rela.bss
 *(.rela.bss .rela.bss.* .rela.gnu.linkonce.b.*)

.rel.plt
 *(.rel.plt)

.rela.plt
 *(.rela.plt)

.init
 *(.init)

.plt
 *(.plt)

.text           0x80002004     0xb58c
 *(.text .stub .text.* .gnu.linkonce.t.*)
 .text.DeviceManagement_brdcst_func
                0x80002004       0x24 src/Application/app/app.o
                0x80002004                DeviceManagement_brdcst_func
 .text.Volume_brdcst_func
                0x80002028        0x2 src/Application/app/app.o
                0x80002028                Volume_brdcst_func
 .text.AudioRoutingControl_brdcst_func
                0x8000202a        0x2 src/Application/app/app.o
                0x8000202a                AudioRoutingControl_brdcst_func
 .text.vApplicationIdleHook
                0x8000202c       0x10 src/Application/app/app.o
                0x8000202c                vApplicationIdleHook
 .text.app_init
                0x8000203c       0x54 src/Application/app/app.o
                0x8000203c                app_init
 .text.app_payload_tx_proc
                0x80002090       0x14 src/Application/app/app.o
 .text.app_payload_rx_proc
                0x800020a4       0x34 src/Application/app/app.o
 .text.FD_brdcst_func
                0x800020d8       0x14 src/Application/app/app.o
                0x800020d8                FD_brdcst_func
 .text.FD_reply_func
                0x800020ec       0x14 src/Application/app/app.o
                0x800020ec                FD_reply_func
 .text.FD_request_func
                0x80002100       0x14 src/Application/app/app.o
                0x80002100                FD_request_func
 .text.EnOB_brdcst_func
                0x80002114       0x14 src/Application/app/app.o
                0x80002114                EnOB_brdcst_func
 .text.EnOB_reply_func
                0x80002128       0x70 src/Application/app/app.o
                0x80002128                EnOB_reply_func
 .text.SingleDetection_brdcst_func
                0x80002198       0x4c src/Application/app/app.o
                0x80002198                SingleDetection_brdcst_func
 .text.ButtonConfig_brdcst_func
                0x800021e4       0xdc src/Application/app/app.o
                0x800021e4                ButtonConfig_brdcst_func
 .text.ButtonConfig_reply_func
                0x800022c0       0x44 src/Application/app/app.o
                0x800022c0                ButtonConfig_reply_func
 .text.DataSession_reply_func
                0x80002304       0x7c src/Application/app/app.o
                0x80002304                DataSession_reply_func
 .text.CallControl_brdcst_func
                0x80002380       0x44 src/Application/app/app.o
                0x80002380                CallControl_brdcst_func
 .text.TransmitControl_brdcst_func
                0x800023c4       0x48 src/Application/app/app.o
                0x800023c4                TransmitControl_brdcst_func
 .text.TransmitControl_reply_func
                0x8000240c       0x60 src/Application/app/app.o
                0x8000240c                TransmitControl_reply_func
 .text.AudioRoutingControl_reply_func
                0x8000246c       0x28 src/Application/app/app.o
                0x8000246c                AudioRoutingControl_reply_func
 .text.Volume_reply_func
                0x80002494       0x64 src/Application/app/app.o
                0x80002494                Volume_reply_func
 .text.spk_brdcst_func
                0x800024f8       0x38 src/Application/app/app.o
                0x800024f8                spk_brdcst_func
 .text.spk_reply_func
                0x80002530       0x48 src/Application/app/app.o
                0x80002530                spk_reply_func
 .text.mic_brdcst_func
                0x80002578       0x58 src/Application/app/app.o
                0x80002578                mic_brdcst_func
 .text.mic_reply_func
                0x800025d0       0x94 src/Application/app/app.o
                0x800025d0                mic_reply_func
 .text.dcm_brdcst_func
                0x80002664       0x48 src/Application/app/app.o
                0x80002664                dcm_brdcst_func
 .text.dcm_reply_func
                0x800026ac       0x68 src/Application/app/app.o
                0x800026ac                dcm_reply_func
 .text.ToneControl_reply_func
                0x80002714       0x28 src/Application/app/app.o
                0x80002714                ToneControl_reply_func
 .text.app_cfg  0x8000273c      0x13c src/Application/app/app.o
 .text.Phyuserinput_brdcst_func
                0x80002878       0x58 src/Application/app/app.o
                0x80002878                Phyuserinput_brdcst_func
 .text.DataSession_brdcst_func
                0x800028d0       0xf8 src/Application/app/app.o
                0x800028d0                DataSession_brdcst_func
 .text.DeviceInitializationStatus_brdcst_func
                0x800029c8       0x38 src/Application/app/app.o
                0x800029c8                DeviceInitializationStatus_brdcst_func
 .text.send_flash_command
                0x80002a00      0x1c4 src/Application/flash/data_flash.o
                0x80002a00                send_flash_command
 .text.data_flash_read_block
                0x80002bc4       0x38 src/Application/flash/data_flash.o
                0x80002bc4                data_flash_read_block
 .text.data_flash_write_page
                0x80002bfc       0xa0 src/Application/flash/data_flash.o
                0x80002bfc                data_flash_write_page
 .text.data_flash_write_block
                0x80002c9c       0xc0 src/Application/flash/data_flash.o
                0x80002c9c                data_flash_write_block
 .text.data_flash_erase_block
                0x80002d5c       0xa0 src/Application/flash/data_flash.o
                0x80002d5c                data_flash_erase_block
 .text.data_flash_write
                0x80002dfc       0xf0 src/Application/flash/data_flash.o
                0x80002dfc                data_flash_write
 .text.data_flash_init
                0x80002eec      0x124 src/Application/flash/data_flash.o
                0x80002eec                data_flash_init
 .text.xg_rtc_init
                0x80003010       0x80 src/Application/myrtc/xgrtc.o
                0x80003010                xg_rtc_init
 .text.rtc_irq  0x80003090       0xf0 src/Application/myrtc/xgrtc.o
                0x80003090                rtc_irq
 .text.CalculateBurst
                0x80003180       0x1c src/Application/radio/ambe.o
                0x80003180                CalculateBurst
 .text.payload_init
                0x8000319c       0x14 src/Application/radio/payload.o
                0x8000319c                payload_init
 .text.set_idle_store_isr
                0x800031b0       0x1c src/Application/radio/physical.o
                0x800031b0                set_idle_store_isr
 .text.payload_rx
                0x800031cc       0x18 src/Application/radio/physical.o
 .text.phy_rx   0x800031e4       0x38 src/Application/radio/physical.o
                0x800031e4                phy_rx
 .text.set_idle_store
                0x8000321c       0x20 src/Application/radio/physical.o
                0x8000321c                set_idle_store
 .text.phy_tx   0x8000323c       0x5c src/Application/radio/physical.o
                0x8000323c                phy_tx
 .text.get_idle_store_isr
                0x80003298       0x28 src/Application/radio/physical.o
                0x80003298                get_idle_store_isr
 .text.phy_tx_func
                0x800032c0      0x108 src/Application/radio/physical.o
 .text.get_idle_store
                0x800033c8       0x28 src/Application/radio/physical.o
                0x800033c8                get_idle_store
 .text.phy_init
                0x800033f0       0x28 src/Application/radio/physical.o
                0x800033f0                phy_init
 .text.phy_rx_func
                0x80003418      0xf24 src/Application/radio/physical.o
 .text.pdca_int_handler
                0x8000433c       0x8c src/Application/radio/ssc.o
 .text.local_start_SSC
                0x800043c8       0x44 src/Application/radio/ssc.o
                0x800043c8                local_start_SSC
 .text.local_start_PDC
                0x8000440c       0x6c src/Application/radio/ssc.o
                0x8000440c                local_start_PDC
 .text.register_rx_tx_func
                0x80004478       0x14 src/Application/radio/ssc.o
                0x80004478                register_rx_tx_func
 .text.ssc_init
                0x8000448c       0x74 src/Application/radio/ssc.o
                0x8000448c                ssc_init
 .text.xcmp_register_app_list
                0x80004500        0xc src/Application/radio/xcmp.o
                0x80004500                xcmp_register_app_list
 .text.xcmp_tx  0x8000450c       0x48 src/Application/radio/xcmp.o
 .text.xcmp_data_session_req
                0x80004554       0x8c src/Application/radio/xcmp.o
                0x80004554                xcmp_data_session_req
 .text.xcmp_DeviceInitializationStatus_request
                0x800045e0       0x40 src/Application/radio/xcmp.o
                0x800045e0                xcmp_DeviceInitializationStatus_request
 .text.xcmp_opcode_not_supported
                0x80004620       0x24 src/Application/radio/xcmp.o
                0x80004620                xcmp_opcode_not_supported
 .text.xcmp_exec_func
                0x80004644       0x48 src/Application/radio/xcmp.o
 .text.xcmp_IdleTestTone
                0x8000468c       0x60 src/Application/radio/xcmp.o
                0x8000468c                xcmp_IdleTestTone
 .text.xcmp_init
                0x800046ec       0x54 src/Application/radio/xcmp.o
                0x800046ec                xcmp_init
 .text.xcmp_rx_process
                0x80004740       0xfc src/Application/radio/xcmp.o
 .text.xcmp_rx  0x8000483c       0x4c src/Application/radio/xcmp.o
 .text.xnl_register_xcmp_func
                0x80004888        0xc src/Application/radio/xnl.o
                0x80004888                xnl_register_xcmp_func
 .text.xnl_get_msg_ack_func
                0x80004894       0x2c src/Application/radio/xnl.o
                0x80004894                xnl_get_msg_ack_func
 .text.xnl_init
                0x800048c0      0x12c src/Application/radio/xnl.o
                0x800048c0                xnl_init
 .text.xnl_rx_process
                0x800049ec       0x60 src/Application/radio/xnl.o
 .text.xnl_tx_process
                0x80004a4c       0xcc src/Application/radio/xnl.o
 .text.xnl_tx   0x80004b18       0xe4 src/Application/radio/xnl.o
                0x80004b18                xnl_tx
 .text.xnl_data_msg_func
                0x80004bfc       0x60 src/Application/radio/xnl.o
                0x80004bfc                xnl_data_msg_func
 .text.xnl_device_auth_reply_func
                0x80004c5c      0x120 src/Application/radio/xnl.o
                0x80004c5c                xnl_device_auth_reply_func
 .text.xnl_master_status_brdcst_func
                0x80004d7c       0x60 src/Application/radio/xnl.o
                0x80004d7c                xnl_master_status_brdcst_func
 .text.xnl_device_conn_reply_func
                0x80004ddc       0x5c src/Application/radio/xnl.o
                0x80004ddc                xnl_device_conn_reply_func
 .text.xnl_send_device_master_query
                0x80004e38       0x30 src/Application/radio/xnl.o
                0x80004e38                xnl_send_device_master_query
 .text.RC522_SPI_SetSpeed
                0x80004e68       0x24 src/Application/RFID/MFRC522/rc522.o
                0x80004e68                RC522_SPI_SetSpeed
 .text.RC522_SPI_SetSpeedLow
                0x80004e8c       0x10 src/Application/RFID/MFRC522/rc522.o
                0x80004e8c                RC522_SPI_SetSpeedLow
 .text.RC522_ReadByte
                0x80004e9c       0x2c src/Application/RFID/MFRC522/rc522.o
                0x80004e9c                RC522_ReadByte
 .text.RC522_WriteByte
                0x80004ec8       0x30 src/Application/RFID/MFRC522/rc522.o
                0x80004ec8                RC522_WriteByte
 .text.WriteRawRC
                0x80004ef8       0x40 src/Application/RFID/MFRC522/rc522.o
                0x80004ef8                WriteRawRC
 .text.PcdReset
                0x80004f38       0x80 src/Application/RFID/MFRC522/rc522.o
                0x80004f38                PcdReset
 .text.ReadRawRC
                0x80004fb8       0x48 src/Application/RFID/MFRC522/rc522.o
                0x80004fb8                ReadRawRC
 .text.Wait_Wakeup_RC522
                0x80005000       0x10 src/Application/RFID/MFRC522/rc522.o
                0x80005000                Wait_Wakeup_RC522
 .text.Powerdown_RC522
                0x80005010       0x4c src/Application/RFID/MFRC522/rc522.o
                0x80005010                Powerdown_RC522
 .text.SetBitMask
                0x8000505c       0x24 src/Application/RFID/MFRC522/rc522.o
                0x8000505c                SetBitMask
 .text.PcdAntennaOn
                0x80005080       0x20 src/Application/RFID/MFRC522/rc522.o
                0x80005080                PcdAntennaOn
 .text.ClearBitMask
                0x800050a0       0x28 src/Application/RFID/MFRC522/rc522.o
                0x800050a0                ClearBitMask
 .text.PcdAntennaOff
                0x800050c8       0x10 src/Application/RFID/MFRC522/rc522.o
                0x800050c8                PcdAntennaOff
 .text.M500PcdConfigISOType
                0x800050d8       0x70 src/Application/RFID/MFRC522/rc522.o
                0x800050d8                M500PcdConfigISOType
 .text.rc522_init
                0x80005148       0xd8 src/Application/RFID/MFRC522/rc522.o
                0x80005148                rc522_init
 .text.PcdComMF522
                0x80005220      0x178 src/Application/RFID/MFRC522/rc522.o
                0x80005220                PcdComMF522
 .text.PcdAnticoll
                0x80005398       0x84 src/Application/RFID/MFRC522/rc522.o
                0x80005398                PcdAnticoll
 .text.PcdRequest
                0x8000541c       0x64 src/Application/RFID/MFRC522/rc522.o
                0x8000541c                PcdRequest
 .text.CalulateCRC
                0x80005480       0x8c src/Application/RFID/MFRC522/rc522.o
                0x80005480                CalulateCRC
 .text.PcdSelect
                0x8000550c       0x74 src/Application/RFID/MFRC522/rc522.o
                0x8000550c                PcdSelect
 .text.rfid_auto_reader
                0x80005580      0x120 src/Application/RFID/RFID.o
                0x80005580                rfid_auto_reader
 .text.scan_patrol
                0x800056a0       0x30 src/Application/RFID/RFID.o
                0x800056a0                scan_patrol
 .text.rfid_sendID_message
                0x800056d0      0x168 src/Application/RFID/RFID.o
                0x800056d0                rfid_sendID_message
 .text.rfid_init
                0x80005838        0xc src/Application/RFID/RFID.o
                0x80005838                rfid_init
 .text.delay_ns
                0x80005844       0x16 src/Application/timers/timer.o
                0x80005844                delay_ns
 *fill*         0x8000585a        0x2 d703d703
 .text.delay_us
                0x8000585c       0x28 src/Application/timers/timer.o
                0x8000585c                delay_us
 .text.delay_ms
                0x80005884       0x28 src/Application/timers/timer.o
                0x80005884                delay_ms
 .text.local_start_timer
                0x800058ac       0x2c src/Application/timers/timer.o
                0x800058ac                local_start_timer
 .text.local_start_pll0
                0x800058d8       0x94 src/Application/timers/timer.o
                0x800058d8                local_start_pll0
 .text.xg_flashc_init
                0x8000596c      0x274 src/Application/xgflash/xgflash.o
                0x8000596c                xg_flashc_init
 .text.flashc_set_wait_state
                0x80005be0        0xe src/ASF/avr32/drivers/flashc/flashc.o
                0x80005be0                flashc_set_wait_state
 .text.gpio_enable_module_pin
                0x80005bee       0x52 src/ASF/avr32/drivers/gpio/gpio.o
                0x80005bee                gpio_enable_module_pin
 .text.gpio_enable_module
                0x80005c40       0x30 src/ASF/avr32/drivers/gpio/gpio.o
                0x80005c40                gpio_enable_module
 .text.gpio_enable_gpio_pin
                0x80005c70       0x18 src/ASF/avr32/drivers/gpio/gpio.o
                0x80005c70                gpio_enable_gpio_pin
 .text.gpio_set_gpio_pin
                0x80005c88       0x1c src/ASF/avr32/drivers/gpio/gpio.o
                0x80005c88                gpio_set_gpio_pin
 .text.gpio_clr_gpio_pin
                0x80005ca4       0x1c src/ASF/avr32/drivers/gpio/gpio.o
                0x80005ca4                gpio_clr_gpio_pin
 .text._unhandled_interrupt
                0x80005cc0        0x2 src/ASF/avr32/drivers/intc/intc.o
 *fill*         0x80005cc2        0x2 d703d703
 .text.INTC_register_interrupt
                0x80005cc4       0x80 src/ASF/avr32/drivers/intc/intc.o
                0x80005cc4                INTC_register_interrupt
 .text.INTC_init_interrupts
                0x80005d44       0x54 src/ASF/avr32/drivers/intc/intc.o
                0x80005d44                INTC_init_interrupts
 .text._get_interrupt_handler
                0x80005d98       0x38 src/ASF/avr32/drivers/intc/intc.o
                0x80005d98                _get_interrupt_handler
 .text.pm_set_osc0_mode
                0x80005dd0        0xa src/ASF/avr32/drivers/pm/pm.o
 *fill*         0x80005dda        0x2 d703d703
 .text.pm_enable_osc0_crystal
                0x80005ddc       0x3c src/ASF/avr32/drivers/pm/pm.o
                0x80005ddc                pm_enable_osc0_crystal
 .text.pm_enable_clk0_no_wait
                0x80005e18       0x10 src/ASF/avr32/drivers/pm/pm.o
                0x80005e18                pm_enable_clk0_no_wait
 .text.pm_wait_for_clk0_ready
                0x80005e28        0xa src/ASF/avr32/drivers/pm/pm.o
                0x80005e28                pm_wait_for_clk0_ready
 *fill*         0x80005e32        0x2 d703d703
 .text.pm_enable_clk0
                0x80005e34       0x1c src/ASF/avr32/drivers/pm/pm.o
                0x80005e34                pm_enable_clk0
 .text.pm_set_osc32_mode
                0x80005e50        0xa src/ASF/avr32/drivers/pm/pm.o
 *fill*         0x80005e5a        0x2 d703d703
 .text.pm_enable_osc32_crystal
                0x80005e5c       0x10 src/ASF/avr32/drivers/pm/pm.o
                0x80005e5c                pm_enable_osc32_crystal
 .text.pm_enable_clk32_no_wait
                0x80005e6c       0x10 src/ASF/avr32/drivers/pm/pm.o
                0x80005e6c                pm_enable_clk32_no_wait
 .text.pm_wait_for_clk32_ready
                0x80005e7c        0xa src/ASF/avr32/drivers/pm/pm.o
                0x80005e7c                pm_wait_for_clk32_ready
 *fill*         0x80005e86        0x2 d703d703
 .text.pm_enable_clk32
                0x80005e88       0x1c src/ASF/avr32/drivers/pm/pm.o
                0x80005e88                pm_enable_clk32
 .text.pm_cksel
                0x80005ea4       0x46 src/ASF/avr32/drivers/pm/pm.o
                0x80005ea4                pm_cksel
 .text.pm_pll_setup
                0x80005eea       0x22 src/ASF/avr32/drivers/pm/pm.o
                0x80005eea                pm_pll_setup
 .text.pm_pll_set_option
                0x80005f0c       0x1a src/ASF/avr32/drivers/pm/pm.o
                0x80005f0c                pm_pll_set_option
 .text.pm_pll_enable
                0x80005f26        0xe src/ASF/avr32/drivers/pm/pm.o
                0x80005f26                pm_pll_enable
 .text.pm_wait_for_pll0_locked
                0x80005f34        0xa src/ASF/avr32/drivers/pm/pm.o
                0x80005f34                pm_wait_for_pll0_locked
 .text.pm_switch_to_clock
                0x80005f3e        0xa src/ASF/avr32/drivers/pm/pm.o
                0x80005f3e                pm_switch_to_clock
 .text.pm_switch_to_osc0
                0x80005f48       0x2c src/ASF/avr32/drivers/pm/pm.o
                0x80005f48                pm_switch_to_osc0
 .text.rtc_is_busy
                0x80005f74        0x8 src/ASF/avr32/drivers/rtc/rtc.o
                0x80005f74                rtc_is_busy
 .text.rtc_set_value
                0x80005f7c       0x24 src/ASF/avr32/drivers/rtc/rtc.o
                0x80005f7c                rtc_set_value
 .text.rtc_enable
                0x80005fa0       0x24 src/ASF/avr32/drivers/rtc/rtc.o
                0x80005fa0                rtc_enable
 .text.rtc_enable_interrupt
                0x80005fc4        0x6 src/ASF/avr32/drivers/rtc/rtc.o
                0x80005fc4                rtc_enable_interrupt
 *fill*         0x80005fca        0x2 d703d703
 .text.rtc_set_top_value
                0x80005fcc       0x24 src/ASF/avr32/drivers/rtc/rtc.o
                0x80005fcc                rtc_set_top_value
 .text.rtc_clear_interrupt
                0x80005ff0       0x1e src/ASF/avr32/drivers/rtc/rtc.o
                0x80005ff0                rtc_clear_interrupt
 *fill*         0x8000600e        0x2 d703d703
 .text.rtc_init
                0x80006010       0x80 src/ASF/avr32/drivers/rtc/rtc.o
                0x80006010                rtc_init
 .text.getBaudDiv
                0x80006090       0x20 src/ASF/avr32/drivers/spi/spi.o
                0x80006090                getBaudDiv
 .text.spi_initMaster
                0x800060b0       0x38 src/ASF/avr32/drivers/spi/spi.o
                0x800060b0                spi_initMaster
 .text.spi_selectionMode
                0x800060e8       0x2c src/ASF/avr32/drivers/spi/spi.o
                0x800060e8                spi_selectionMode
 .text.spi_enable
                0x80006114        0x6 src/ASF/avr32/drivers/spi/spi.o
                0x80006114                spi_enable
 .text.spi_write
                0x8000611a       0x1c src/ASF/avr32/drivers/spi/spi.o
                0x8000611a                spi_write
 .text.spi_read
                0x80006136       0x20 src/ASF/avr32/drivers/spi/spi.o
                0x80006136                spi_read
 *fill*         0x80006156        0x2 d703d703
 .text.spi_setupChipReg
                0x80006158       0xe8 src/ASF/avr32/drivers/spi/spi.o
                0x80006158                spi_setupChipReg
 .text.spi_unselectChip
                0x80006240       0x40 src/ASF/avr32/drivers/spi/spi.o
                0x80006240                spi_unselectChip
 .text.spi_selectChip
                0x80006280       0x78 src/ASF/avr32/drivers/spi/spi.o
                0x80006280                spi_selectChip
 .text.usart_set_async_baudrate
                0x800062f8       0x5a src/ASF/avr32/drivers/usart/usart.o
 .text.usart_write_char
                0x80006352       0x14 src/ASF/avr32/drivers/usart/usart.o
                0x80006352                usart_write_char
 *fill*         0x80006366        0x2 d703d703
 .text.usart_putchar
                0x80006368       0x2c src/ASF/avr32/drivers/usart/usart.o
                0x80006368                usart_putchar
 .text.usart_read_char
                0x80006394       0x22 src/ASF/avr32/drivers/usart/usart.o
                0x80006394                usart_read_char
 *fill*         0x800063b6        0x2 d703d703
 .text.usart_getchar
                0x800063b8       0x2c src/ASF/avr32/drivers/usart/usart.o
                0x800063b8                usart_getchar
 .text.usart_write_line
                0x800063e4       0x24 src/ASF/avr32/drivers/usart/usart.o
                0x800063e4                usart_write_line
 .text.usart_reset
                0x80006408       0x2c src/ASF/avr32/drivers/usart/usart.o
                0x80006408                usart_reset
 .text.usart_init_rs232
                0x80006434       0xcc src/ASF/avr32/drivers/usart/usart.o
                0x80006434                usart_init_rs232
 .text._stext   0x80006500       0x40 src/ASF/avr32/utils/startup/startup_uc3.o
                                 0x50 (size before relaxing)
                0x80006500                _stext
 .text.vListInitialise
                0x80006540       0x14 src/ASF/thirdparty/freertos/freertos-7.0.0/source/list.o
                0x80006540                vListInitialise
 .text.vListInitialiseItem
                0x80006554        0x6 src/ASF/thirdparty/freertos/freertos-7.0.0/source/list.o
                0x80006554                vListInitialiseItem
 .text.vListInsertEnd
                0x8000655a       0x1c src/ASF/thirdparty/freertos/freertos-7.0.0/source/list.o
                0x8000655a                vListInsertEnd
 .text.vListInsert
                0x80006576       0x34 src/ASF/thirdparty/freertos/freertos-7.0.0/source/list.o
                0x80006576                vListInsert
 .text.vListRemove
                0x800065aa       0x26 src/ASF/thirdparty/freertos/freertos-7.0.0/source/list.o
                0x800065aa                vListRemove
 .text.pxPortInitialiseStack
                0x800065d0       0x92 src/ASF/thirdparty/freertos/freertos-7.0.0/source/portable/gcc/avr32_uc3/port.o
                0x800065d0                pxPortInitialiseStack
 *fill*         0x80006662        0x2 d703d703
 .text.vPortEnterCritical
                0x80006664       0x10 src/ASF/thirdparty/freertos/freertos-7.0.0/source/portable/gcc/avr32_uc3/port.o
                0x80006664                vPortEnterCritical
 .text.xPortStartScheduler
                0x80006674       0x58 src/ASF/thirdparty/freertos/freertos-7.0.0/source/portable/gcc/avr32_uc3/port.o
                0x80006674                xPortStartScheduler
 .text.SCALLYield
                0x800066cc       0x98 src/ASF/thirdparty/freertos/freertos-7.0.0/source/portable/gcc/avr32_uc3/port.o
                0x800066cc                SCALLYield
 .text.prvClearCcInt
                0x80006764        0xa src/ASF/thirdparty/freertos/freertos-7.0.0/source/portable/gcc/avr32_uc3/port.o
 *fill*         0x8000676e        0x2 d703d703
 .text.vPortExitCritical
                0x80006770       0x20 src/ASF/thirdparty/freertos/freertos-7.0.0/source/portable/gcc/avr32_uc3/port.o
                0x80006770                vPortExitCritical
 .text.vTick    0x80006790       0x84 src/ASF/thirdparty/freertos/freertos-7.0.0/source/portable/gcc/avr32_uc3/port.o
 .text.__malloc_lock
                0x80006814        0xc src/ASF/thirdparty/freertos/freertos-7.0.0/source/portable/gcc/avr32_uc3/port.o
                0x80006814                __malloc_lock
 .text.__malloc_unlock
                0x80006820        0xc src/ASF/thirdparty/freertos/freertos-7.0.0/source/portable/gcc/avr32_uc3/port.o
                0x80006820                __malloc_unlock
 .text._read    0x8000682c       0x40 src/ASF/thirdparty/freertos/freertos-7.0.0/source/portable/gcc/avr32_uc3/read.o
                0x8000682c                _read
 .text._write   0x8000686c       0x3c src/ASF/thirdparty/freertos/freertos-7.0.0/source/portable/gcc/avr32_uc3/write.o
                0x8000686c                _write
 .text.vPortFree
                0x800068a8       0x28 src/ASF/thirdparty/freertos/freertos-7.0.0/source/portable/memmang/heap_3.o
                0x800068a8                vPortFree
 .text.pvPortMalloc
                0x800068d0       0x28 src/ASF/thirdparty/freertos/freertos-7.0.0/source/portable/memmang/heap_3.o
                0x800068d0                pvPortMalloc
 .text.prvCopyDataFromQueue
                0x800068f8       0x30 src/ASF/thirdparty/freertos/freertos-7.0.0/source/queue.o
 .text.xQueueReceiveFromISR
                0x80006928       0x50 src/ASF/thirdparty/freertos/freertos-7.0.0/source/queue.o
                0x80006928                xQueueReceiveFromISR
 .text.prvUnlockQueue
                0x80006978       0xa0 src/ASF/thirdparty/freertos/freertos-7.0.0/source/queue.o
 .text.xQueueGenericReceive
                0x80006a18      0x144 src/ASF/thirdparty/freertos/freertos-7.0.0/source/queue.o
                0x80006a18                xQueueGenericReceive
 .text.prvCopyDataToQueue
                0x80006b5c       0x78 src/ASF/thirdparty/freertos/freertos-7.0.0/source/queue.o
 .text.xQueueGenericSendFromISR
                0x80006bd4       0x50 src/ASF/thirdparty/freertos/freertos-7.0.0/source/queue.o
                0x80006bd4                xQueueGenericSendFromISR
 .text.xQueueGenericSend
                0x80006c24      0x100 src/ASF/thirdparty/freertos/freertos-7.0.0/source/queue.o
                0x80006c24                xQueueGenericSend
 .text.xQueueCreateMutex
                0x80006d24       0x58 src/ASF/thirdparty/freertos/freertos-7.0.0/source/queue.o
                0x80006d24                xQueueCreateMutex
 .text.xQueueCreate
                0x80006d7c       0x74 src/ASF/thirdparty/freertos/freertos-7.0.0/source/queue.o
                0x80006d7c                xQueueCreate
 .text.vTaskSuspendAll
                0x80006df0       0x10 src/ASF/thirdparty/freertos/freertos-7.0.0/source/tasks.o
                0x80006df0                vTaskSuspendAll
 .text.vTaskSwitchContext
                0x80006e00       0x7c src/ASF/thirdparty/freertos/freertos-7.0.0/source/tasks.o
                0x80006e00                vTaskSwitchContext
 .text.vTaskSetTimeOutState
                0x80006e7c       0x18 src/ASF/thirdparty/freertos/freertos-7.0.0/source/tasks.o
                0x80006e7c                vTaskSetTimeOutState
 .text.vTaskMissedYield
                0x80006e94        0xc src/ASF/thirdparty/freertos/freertos-7.0.0/source/tasks.o
                0x80006e94                vTaskMissedYield
 .text.xTaskGetCurrentTaskHandle
                0x80006ea0        0xc src/ASF/thirdparty/freertos/freertos-7.0.0/source/tasks.o
                0x80006ea0                xTaskGetCurrentTaskHandle
 .text.vTaskPriorityDisinherit
                0x80006eac       0x58 src/ASF/thirdparty/freertos/freertos-7.0.0/source/tasks.o
                0x80006eac                vTaskPriorityDisinherit
 .text.vTaskPriorityInherit
                0x80006f04       0x84 src/ASF/thirdparty/freertos/freertos-7.0.0/source/tasks.o
                0x80006f04                vTaskPriorityInherit
 .text.xTaskRemoveFromEventList
                0x80006f88       0x7c src/ASF/thirdparty/freertos/freertos-7.0.0/source/tasks.o
                0x80006f88                xTaskRemoveFromEventList
 .text.vTaskIncrementTick
                0x80007004      0x114 src/ASF/thirdparty/freertos/freertos-7.0.0/source/tasks.o
                0x80007004                vTaskIncrementTick
 .text.xTaskCheckForTimeOut
                0x80007118       0x70 src/ASF/thirdparty/freertos/freertos-7.0.0/source/tasks.o
                0x80007118                xTaskCheckForTimeOut
 .text.xTaskGetTickCount
                0x80007188       0x24 src/ASF/thirdparty/freertos/freertos-7.0.0/source/tasks.o
                0x80007188                xTaskGetTickCount
 .text.xTaskResumeAll
                0x800071ac       0xe8 src/ASF/thirdparty/freertos/freertos-7.0.0/source/tasks.o
                0x800071ac                xTaskResumeAll
 .text.prvAddCurrentTaskToDelayedList
                0x80007294       0x5c src/ASF/thirdparty/freertos/freertos-7.0.0/source/tasks.o
 .text.vTaskDelay
                0x800072f0       0x48 src/ASF/thirdparty/freertos/freertos-7.0.0/source/tasks.o
                0x800072f0                vTaskDelay
 .text.vTaskDelayUntil
                0x80007338       0x80 src/ASF/thirdparty/freertos/freertos-7.0.0/source/tasks.o
                0x80007338                vTaskDelayUntil
 .text.vTaskPlaceOnEventList
                0x800073b8       0x58 src/ASF/thirdparty/freertos/freertos-7.0.0/source/tasks.o
                0x800073b8                vTaskPlaceOnEventList
 .text.prvIdleTask
                0x80007410       0x88 src/ASF/thirdparty/freertos/freertos-7.0.0/source/tasks.o
 .text.xTaskGenericCreate
                0x80007498      0x1e8 src/ASF/thirdparty/freertos/freertos-7.0.0/source/tasks.o
                0x80007498                xTaskGenericCreate
 .text.vTaskStartScheduler
                0x80007680       0x4c src/ASF/thirdparty/freertos/freertos-7.0.0/source/tasks.o
                0x80007680                vTaskStartScheduler
 .text.PrintChar
                0x800076cc        0x4 src/Log/log.o
                0x800076cc                PrintChar
 .text.PrintHex
                0x800076d0       0xb2 src/Log/log.o
                0x800076d0                PrintHex
 .text.PrintDec
                0x80007782       0xda src/Log/log.o
                0x80007782                PrintDec
 .text.log      0x8000785c      0x18c src/Log/log.o
                0x8000785c                log
 .text.logFromISR
                0x800079e8      0x180 src/Log/log.o
                0x800079e8                logFromISR
 .text.log_init
                0x80007b68       0x64 src/Log/log.o
                0x80007b68                log_init
 .text.task_log
                0x80007bcc       0x44 src/Log/log.o
 .text.main     0x80007c10       0x78 src/main.o
                0x80007c10                main
 .text.free     0x80007c88       0x10 e:/program x86/atmel/studio/7.0/toolchain/avr32/avr32-gnu-toolchain/bin/../lib/gcc/avr32/4.4.7/../../../../avr32/lib/ucr2\libc.a(lib_a-malloc.o)
                                 0x18 (size before relaxing)
                0x80007c88                free
 .text.malloc   0x80007c98       0x10 e:/program x86/atmel/studio/7.0/toolchain/avr32/avr32-gnu-toolchain/bin/../lib/gcc/avr32/4.4.7/../../../../avr32/lib/ucr2\libc.a(lib_a-malloc.o)
                                 0x18 (size before relaxing)
                0x80007c98                malloc
 .text._malloc_r
                0x80007ca8      0x438 e:/program x86/atmel/studio/7.0/toolchain/avr32/avr32-gnu-toolchain/bin/../lib/gcc/avr32/4.4.7/../../../../avr32/lib/ucr2\libc.a(lib_a-mallocr.o)
                                0x450 (size before relaxing)
                0x80007ca8                _malloc_r
 .text.memcmp   0x800080e0       0x26 e:/program x86/atmel/studio/7.0/toolchain/avr32/avr32-gnu-toolchain/bin/../lib/gcc/avr32/4.4.7/../../../../avr32/lib/ucr2\libc.a(lib_a-memcmp.o)
                0x800080e0                memcmp
 .text          0x80008106      0x148 e:/program x86/atmel/studio/7.0/toolchain/avr32/avr32-gnu-toolchain/bin/../lib/gcc/avr32/4.4.7/../../../../avr32/lib/ucr2\libc.a(lib_a-memcpy.o)
                0x80008106                memcpy
 .text.memset   0x8000824e        0xe e:/program x86/atmel/studio/7.0/toolchain/avr32/avr32-gnu-toolchain/bin/../lib/gcc/avr32/4.4.7/../../../../avr32/lib/ucr2\libc.a(lib_a-memset.o)
                0x8000824e                memset
 .text._realloc_r
                0x8000825c      0x2c0 e:/program x86/atmel/studio/7.0/toolchain/avr32/avr32-gnu-toolchain/bin/../lib/gcc/avr32/4.4.7/../../../../avr32/lib/ucr2\libc.a(lib_a-reallocr.o)
                                0x2e0 (size before relaxing)
                0x8000825c                _realloc_r
 .text._sbrk_r  0x8000851c       0x20 e:/program x86/atmel/studio/7.0/toolchain/avr32/avr32-gnu-toolchain/bin/../lib/gcc/avr32/4.4.7/../../../../avr32/lib/ucr2\libc.a(lib_a-sbrkr.o)
                                 0x28 (size before relaxing)
                0x8000851c                _sbrk_r
 .text.sprintf  0x8000853c       0x3c e:/program x86/atmel/studio/7.0/toolchain/avr32/avr32-gnu-toolchain/bin/../lib/gcc/avr32/4.4.7/../../../../avr32/lib/ucr2\libc.a(lib_a-sprintf.o)
                                 0x40 (size before relaxing)
                0x8000853c                sprintf
 .text          0x80008578       0x20 e:/program x86/atmel/studio/7.0/toolchain/avr32/avr32-gnu-toolchain/bin/../lib/gcc/avr32/4.4.7/../../../../avr32/lib/ucr2\libc.a(lib_a-strncpy.o)
                0x80008578                strncpy
 .text._close   0x80008598       0x14 e:/program x86/atmel/studio/7.0/toolchain/avr32/avr32-gnu-toolchain/bin/../lib/gcc/avr32/4.4.7/../../../../avr32/lib/ucr2\libc.a(lib_a-syscalls.o)
                                 0x18 (size before relaxing)
                0x80008598                _close
 .text._lseek   0x800085ac       0x14 e:/program x86/atmel/studio/7.0/toolchain/avr32/avr32-gnu-toolchain/bin/../lib/gcc/avr32/4.4.7/../../../../avr32/lib/ucr2\libc.a(lib_a-syscalls.o)
                                 0x18 (size before relaxing)
                0x800085ac                _lseek
 .text.isatty   0x800085c0       0x14 e:/program x86/atmel/studio/7.0/toolchain/avr32/avr32-gnu-toolchain/bin/../lib/gcc/avr32/4.4.7/../../../../avr32/lib/ucr2\libc.a(lib_a-syscalls.o)
                                 0x18 (size before relaxing)
                0x800085c0                isatty
 .text._fstat_host
                0x800085d4       0x14 e:/program x86/atmel/studio/7.0/toolchain/avr32/avr32-gnu-toolchain/bin/../lib/gcc/avr32/4.4.7/../../../../avr32/lib/ucr2\libc.a(lib_a-syscalls.o)
                                 0x18 (size before relaxing)
                0x800085d4                _fstat_host
 .text._fstat   0x800085e8       0x4c e:/program x86/atmel/studio/7.0/toolchain/avr32/avr32-gnu-toolchain/bin/../lib/gcc/avr32/4.4.7/../../../../avr32/lib/ucr2\libc.a(lib_a-syscalls.o)
                                 0x50 (size before relaxing)
                0x800085e8                _fstat
 .text._sbrk    0x80008634       0x38 e:/program x86/atmel/studio/7.0/toolchain/avr32/avr32-gnu-toolchain/bin/../lib/gcc/avr32/4.4.7/../../../../avr32/lib/ucr2\libc.a(lib_a-syscalls.o)
                                 0x40 (size before relaxing)
                0x80008634                _sbrk
 .text.get_arg  0x8000866c      0x314 e:/program x86/atmel/studio/7.0/toolchain/avr32/avr32-gnu-toolchain/bin/../lib/gcc/avr32/4.4.7/../../../../avr32/lib/ucr2\libc.a(lib_a-vfprintf.o)
                                0x324 (size before relaxing)
 .text.__sprint_r
                0x80008980       0x1c e:/program x86/atmel/studio/7.0/toolchain/avr32/avr32-gnu-toolchain/bin/../lib/gcc/avr32/4.4.7/../../../../avr32/lib/ucr2\libc.a(lib_a-vfprintf.o)
                                 0x20 (size before relaxing)
 .text._vfprintf_r
                0x8000899c     0x1f14 e:/program x86/atmel/studio/7.0/toolchain/avr32/avr32-gnu-toolchain/bin/../lib/gcc/avr32/4.4.7/../../../../avr32/lib/ucr2\libc.a(lib_a-vfprintf.o)
                               0x1f9c (size before relaxing)
                0x8000899c                _vfprintf_r
 .text.__swsetup_r
                0x8000a8b0       0xdc e:/program x86/atmel/studio/7.0/toolchain/avr32/avr32-gnu-toolchain/bin/../lib/gcc/avr32/4.4.7/../../../../avr32/lib/ucr2\libc.a(lib_a-wsetup.o)
                                 0xe8 (size before relaxing)
                0x8000a8b0                __swsetup_r
 .text.quorem   0x8000a98c      0x120 e:/program x86/atmel/studio/7.0/toolchain/avr32/avr32-gnu-toolchain/bin/../lib/gcc/avr32/4.4.7/../../../../avr32/lib/ucr2\libc.a(lib_a-dtoa.o)
                                0x124 (size before relaxing)
 .text._dtoa_r  0x8000aaac      0xbdc e:/program x86/atmel/studio/7.0/toolchain/avr32/avr32-gnu-toolchain/bin/../lib/gcc/avr32/4.4.7/../../../../avr32/lib/ucr2\libc.a(lib_a-dtoa.o)
                                0xc90 (size before relaxing)
                0x8000aaac                _dtoa_r
 .text.__errno  0x8000b688        0xc e:/program x86/atmel/studio/7.0/toolchain/avr32/avr32-gnu-toolchain/bin/../lib/gcc/avr32/4.4.7/../../../../avr32/lib/ucr2\libc.a(lib_a-errno.o)
                0x8000b688                __errno
 .text._fflush_r
                0x8000b694      0x10c e:/program x86/atmel/studio/7.0/toolchain/avr32/avr32-gnu-toolchain/bin/../lib/gcc/avr32/4.4.7/../../../../avr32/lib/ucr2\libc.a(lib_a-fflush.o)
                                0x118 (size before relaxing)
                0x8000b694                _fflush_r
 .text.__sfp_lock_acquire
                0x8000b7a0        0x2 e:/program x86/atmel/studio/7.0/toolchain/avr32/avr32-gnu-toolchain/bin/../lib/gcc/avr32/4.4.7/../../../../avr32/lib/ucr2\libc.a(lib_a-findfp.o)
                0x8000b7a0                __sfp_lock_acquire
 .text.__sfp_lock_release
                0x8000b7a2        0x2 e:/program x86/atmel/studio/7.0/toolchain/avr32/avr32-gnu-toolchain/bin/../lib/gcc/avr32/4.4.7/../../../../avr32/lib/ucr2\libc.a(lib_a-findfp.o)
                0x8000b7a2                __sfp_lock_release
 .text._cleanup_r
                0x8000b7a4        0xc e:/program x86/atmel/studio/7.0/toolchain/avr32/avr32-gnu-toolchain/bin/../lib/gcc/avr32/4.4.7/../../../../avr32/lib/ucr2\libc.a(lib_a-findfp.o)
                                 0x14 (size before relaxing)
                0x8000b7a4                _cleanup_r
 .text.__sfmoreglue
                0x8000b7b0       0x28 e:/program x86/atmel/studio/7.0/toolchain/avr32/avr32-gnu-toolchain/bin/../lib/gcc/avr32/4.4.7/../../../../avr32/lib/ucr2\libc.a(lib_a-findfp.o)
                                 0x30 (size before relaxing)
                0x8000b7b0                __sfmoreglue
 .text.__sfp    0x8000b7d8       0x6c e:/program x86/atmel/studio/7.0/toolchain/avr32/avr32-gnu-toolchain/bin/../lib/gcc/avr32/4.4.7/../../../../avr32/lib/ucr2\libc.a(lib_a-findfp.o)
                                 0x7c (size before relaxing)
                0x8000b7d8                __sfp
 .text.__sinit  0x8000b844       0x9c e:/program x86/atmel/studio/7.0/toolchain/avr32/avr32-gnu-toolchain/bin/../lib/gcc/avr32/4.4.7/../../../../avr32/lib/ucr2\libc.a(lib_a-findfp.o)
                                 0xb0 (size before relaxing)
                0x8000b844                __sinit
 .text._malloc_trim_r
                0x8000b8e0       0x98 e:/program x86/atmel/studio/7.0/toolchain/avr32/avr32-gnu-toolchain/bin/../lib/gcc/avr32/4.4.7/../../../../avr32/lib/ucr2\libc.a(lib_a-freer.o)
                                 0xa8 (size before relaxing)
                0x8000b8e0                _malloc_trim_r
 .text._free_r  0x8000b978      0x18c e:/program x86/atmel/studio/7.0/toolchain/avr32/avr32-gnu-toolchain/bin/../lib/gcc/avr32/4.4.7/../../../../avr32/lib/ucr2\libc.a(lib_a-freer.o)
                                0x1a0 (size before relaxing)
                0x8000b978                _free_r
 .text.__sfvwrite_r
                0x8000bb04      0x294 e:/program x86/atmel/studio/7.0/toolchain/avr32/avr32-gnu-toolchain/bin/../lib/gcc/avr32/4.4.7/../../../../avr32/lib/ucr2\libc.a(lib_a-fvwrite.o)
                                0x2c4 (size before relaxing)
                0x8000bb04                __sfvwrite_r
 .text._fwalk   0x8000bd98       0x4c e:/program x86/atmel/studio/7.0/toolchain/avr32/avr32-gnu-toolchain/bin/../lib/gcc/avr32/4.4.7/../../../../avr32/lib/ucr2\libc.a(lib_a-fwalk.o)
                                 0x54 (size before relaxing)
                0x8000bd98                _fwalk
 .text._localeconv_r
                0x8000bde4        0x8 e:/program x86/atmel/studio/7.0/toolchain/avr32/avr32-gnu-toolchain/bin/../lib/gcc/avr32/4.4.7/../../../../avr32/lib/ucr2\libc.a(lib_a-locale.o)
                0x8000bde4                _localeconv_r
 .text.__smakebuf_r
                0x8000bdec       0xbc e:/program x86/atmel/studio/7.0/toolchain/avr32/avr32-gnu-toolchain/bin/../lib/gcc/avr32/4.4.7/../../../../avr32/lib/ucr2\libc.a(lib_a-makebuf.o)
                                 0xcc (size before relaxing)
                0x8000bdec                __smakebuf_r
 .text.memchr   0x8000bea8       0x16 e:/program x86/atmel/studio/7.0/toolchain/avr32/avr32-gnu-toolchain/bin/../lib/gcc/avr32/4.4.7/../../../../avr32/lib/ucr2\libc.a(lib_a-memchr.o)
                0x8000bea8                memchr
 .text.memmove  0x8000bebe       0x3e e:/program x86/atmel/studio/7.0/toolchain/avr32/avr32-gnu-toolchain/bin/../lib/gcc/avr32/4.4.7/../../../../avr32/lib/ucr2\libc.a(lib_a-memmove.o)
                0x8000bebe                memmove
 .text.__hi0bits
                0x8000befc       0x60 e:/program x86/atmel/studio/7.0/toolchain/avr32/avr32-gnu-toolchain/bin/../lib/gcc/avr32/4.4.7/../../../../avr32/lib/ucr2\libc.a(lib_a-mprec.o)
                0x8000befc                __hi0bits
 .text.__lo0bits
                0x8000bf5c       0x8e e:/program x86/atmel/studio/7.0/toolchain/avr32/avr32-gnu-toolchain/bin/../lib/gcc/avr32/4.4.7/../../../../avr32/lib/ucr2\libc.a(lib_a-mprec.o)
                0x8000bf5c                __lo0bits
 .text.__mcmp   0x8000bfea       0x32 e:/program x86/atmel/studio/7.0/toolchain/avr32/avr32-gnu-toolchain/bin/../lib/gcc/avr32/4.4.7/../../../../avr32/lib/ucr2\libc.a(lib_a-mprec.o)
                0x8000bfea                __mcmp
 .text._Bfree   0x8000c01c       0x34 e:/program x86/atmel/studio/7.0/toolchain/avr32/avr32-gnu-toolchain/bin/../lib/gcc/avr32/4.4.7/../../../../avr32/lib/ucr2\libc.a(lib_a-mprec.o)
                                 0x38 (size before relaxing)
                0x8000c01c                _Bfree
 .text._Balloc  0x8000c050       0x70 e:/program x86/atmel/studio/7.0/toolchain/avr32/avr32-gnu-toolchain/bin/../lib/gcc/avr32/4.4.7/../../../../avr32/lib/ucr2\libc.a(lib_a-mprec.o)
                                 0x78 (size before relaxing)
                0x8000c050                _Balloc
 .text.__d2b    0x8000c0c0       0xa0 e:/program x86/atmel/studio/7.0/toolchain/avr32/avr32-gnu-toolchain/bin/../lib/gcc/avr32/4.4.7/../../../../avr32/lib/ucr2\libc.a(lib_a-mprec.o)
                                 0xb4 (size before relaxing)
                0x8000c0c0                __d2b
 .text.__mdiff  0x8000c160       0xd0 e:/program x86/atmel/studio/7.0/toolchain/avr32/avr32-gnu-toolchain/bin/../lib/gcc/avr32/4.4.7/../../../../avr32/lib/ucr2\libc.a(lib_a-mprec.o)
                                 0xd8 (size before relaxing)
                0x8000c160                __mdiff
 .text.__lshift
                0x8000c230       0x88 e:/program x86/atmel/studio/7.0/toolchain/avr32/avr32-gnu-toolchain/bin/../lib/gcc/avr32/4.4.7/../../../../avr32/lib/ucr2\libc.a(lib_a-mprec.o)
                                 0x94 (size before relaxing)
                0x8000c230                __lshift
 .text.__multiply
                0x8000c2b8      0x100 e:/program x86/atmel/studio/7.0/toolchain/avr32/avr32-gnu-toolchain/bin/../lib/gcc/avr32/4.4.7/../../../../avr32/lib/ucr2\libc.a(lib_a-mprec.o)
                                0x108 (size before relaxing)
                0x8000c2b8                __multiply
 .text.__i2b    0x8000c3b8       0x10 e:/program x86/atmel/studio/7.0/toolchain/avr32/avr32-gnu-toolchain/bin/../lib/gcc/avr32/4.4.7/../../../../avr32/lib/ucr2\libc.a(lib_a-mprec.o)
                                 0x18 (size before relaxing)
                0x8000c3b8                __i2b
 .text.__multadd
                0x8000c3c8       0x7c e:/program x86/atmel/studio/7.0/toolchain/avr32/avr32-gnu-toolchain/bin/../lib/gcc/avr32/4.4.7/../../../../avr32/lib/ucr2\libc.a(lib_a-mprec.o)
                                 0x88 (size before relaxing)
                0x8000c3c8                __multadd
 .text.__pow5mult
                0x8000c444       0x8c e:/program x86/atmel/studio/7.0/toolchain/avr32/avr32-gnu-toolchain/bin/../lib/gcc/avr32/4.4.7/../../../../avr32/lib/ucr2\libc.a(lib_a-mprec.o)
                                 0xac (size before relaxing)
                0x8000c444                __pow5mult
 .text.__isinfd
                0x8000c4d0       0x2a e:/program x86/atmel/studio/7.0/toolchain/avr32/avr32-gnu-toolchain/bin/../lib/gcc/avr32/4.4.7/../../../../avr32/lib/ucr2\libc.a(lib_a-s_isinfd.o)
                0x8000c4d0                __isinfd
 .text.__isnand
                0x8000c4fa       0x1c e:/program x86/atmel/studio/7.0/toolchain/avr32/avr32-gnu-toolchain/bin/../lib/gcc/avr32/4.4.7/../../../../avr32/lib/ucr2\libc.a(lib_a-s_isnand.o)
                0x8000c4fa                __isnand
 *fill*         0x8000c516        0x2 d703d703
 .text.__sclose
                0x8000c518        0x8 e:/program x86/atmel/studio/7.0/toolchain/avr32/avr32-gnu-toolchain/bin/../lib/gcc/avr32/4.4.7/../../../../avr32/lib/ucr2\libc.a(lib_a-stdio.o)
                                 0x10 (size before relaxing)
                0x8000c518                __sclose
 .text.__sseek  0x8000c520       0x20 e:/program x86/atmel/studio/7.0/toolchain/avr32/avr32-gnu-toolchain/bin/../lib/gcc/avr32/4.4.7/../../../../avr32/lib/ucr2\libc.a(lib_a-stdio.o)
                                 0x28 (size before relaxing)
                0x8000c520                __sseek
 .text.__swrite
                0x8000c540       0x2c e:/program x86/atmel/studio/7.0/toolchain/avr32/avr32-gnu-toolchain/bin/../lib/gcc/avr32/4.4.7/../../../../avr32/lib/ucr2\libc.a(lib_a-stdio.o)
                                 0x38 (size before relaxing)
                0x8000c540                __swrite
 .text.__sread  0x8000c56c       0x1c e:/program x86/atmel/studio/7.0/toolchain/avr32/avr32-gnu-toolchain/bin/../lib/gcc/avr32/4.4.7/../../../../avr32/lib/ucr2\libc.a(lib_a-stdio.o)
                                 0x24 (size before relaxing)
                0x8000c56c                __sread
 .text.strlen   0x8000c588       0x16 e:/program x86/atmel/studio/7.0/toolchain/avr32/avr32-gnu-toolchain/bin/../lib/gcc/avr32/4.4.7/../../../../avr32/lib/ucr2\libc.a(lib_a-strlen.o)
                0x8000c588                strlen
 *fill*         0x8000c59e        0x2 d703d703
 .text._write_r
                0x8000c5a0       0x28 e:/program x86/atmel/studio/7.0/toolchain/avr32/avr32-gnu-toolchain/bin/../lib/gcc/avr32/4.4.7/../../../../avr32/lib/ucr2\libc.a(lib_a-writer.o)
                                 0x2c (size before relaxing)
                0x8000c5a0                _write_r
 .text._calloc_r
                0x8000c5c8       0x58 e:/program x86/atmel/studio/7.0/toolchain/avr32/avr32-gnu-toolchain/bin/../lib/gcc/avr32/4.4.7/../../../../avr32/lib/ucr2\libc.a(lib_a-callocr.o)
                                 0x60 (size before relaxing)
                0x8000c5c8                _calloc_r
 .text._close_r
                0x8000c620       0x20 e:/program x86/atmel/studio/7.0/toolchain/avr32/avr32-gnu-toolchain/bin/../lib/gcc/avr32/4.4.7/../../../../avr32/lib/ucr2\libc.a(lib_a-closer.o)
                                 0x28 (size before relaxing)
                0x8000c620                _close_r
 .text._fclose_r
                0x8000c640       0xb8 e:/program x86/atmel/studio/7.0/toolchain/avr32/avr32-gnu-toolchain/bin/../lib/gcc/avr32/4.4.7/../../../../avr32/lib/ucr2\libc.a(lib_a-fclose.o)
                                 0xd0 (size before relaxing)
                0x8000c640                _fclose_r
 .text.fclose   0x8000c6f8       0x10 e:/program x86/atmel/studio/7.0/toolchain/avr32/avr32-gnu-toolchain/bin/../lib/gcc/avr32/4.4.7/../../../../avr32/lib/ucr2\libc.a(lib_a-fclose.o)
                                 0x18 (size before relaxing)
                0x8000c6f8                fclose
 .text._fstat_r
                0x8000c708       0x24 e:/program x86/atmel/studio/7.0/toolchain/avr32/avr32-gnu-toolchain/bin/../lib/gcc/avr32/4.4.7/../../../../avr32/lib/ucr2\libc.a(lib_a-fstatr.o)
                                 0x2c (size before relaxing)
                0x8000c708                _fstat_r
 .text._lseek_r
                0x8000c72c       0x28 e:/program x86/atmel/studio/7.0/toolchain/avr32/avr32-gnu-toolchain/bin/../lib/gcc/avr32/4.4.7/../../../../avr32/lib/ucr2\libc.a(lib_a-lseekr.o)
                                 0x2c (size before relaxing)
                0x8000c72c                _lseek_r
 .text._read_r  0x8000c754       0x28 e:/program x86/atmel/studio/7.0/toolchain/avr32/avr32-gnu-toolchain/bin/../lib/gcc/avr32/4.4.7/../../../../avr32/lib/ucr2\libc.a(lib_a-readr.o)
                                 0x2c (size before relaxing)
                0x8000c754                _read_r
 .text          0x8000c77c      0x1d4 e:/program x86/atmel/studio/7.0/toolchain/avr32/avr32-gnu-toolchain/bin/../lib/gcc/avr32/4.4.7/ucr2\libgcc.a(_avr32_f64_mul.o)
                0x8000c77c                __avr32_f64_mul
 .text          0x8000c950      0x2b0 e:/program x86/atmel/studio/7.0/toolchain/avr32/avr32-gnu-toolchain/bin/../lib/gcc/avr32/4.4.7/ucr2\libgcc.a(_avr32_f64_addsub.o)
                0x8000c954                __avr32_f64_sub
                0x8000caf0                __avr32_f64_add
 .text          0x8000cc00       0x2a e:/program x86/atmel/studio/7.0/toolchain/avr32/avr32-gnu-toolchain/bin/../lib/gcc/avr32/4.4.7/ucr2\libgcc.a(_avr32_f64_to_s32.o)
                0x8000cc00                __avr32_f64_to_u32
                0x8000cc04                __avr32_f64_to_s32
 .text          0x8000cc2a       0xe8 e:/program x86/atmel/studio/7.0/toolchain/avr32/avr32-gnu-toolchain/bin/../lib/gcc/avr32/4.4.7/ucr2\libgcc.a(_avr32_s32_to_f64.o)
                0x8000cc2a                __avr32_u32_to_f64
                0x8000cc32                __avr32_s32_to_f64
 .text          0x8000cd12       0x26 e:/program x86/atmel/studio/7.0/toolchain/avr32/avr32-gnu-toolchain/bin/../lib/gcc/avr32/4.4.7/ucr2\libgcc.a(_avr32_f64_cmp_eq.o)
                0x8000cd12                __avr32_f64_cmp_eq
 .text          0x8000cd38       0x68 e:/program x86/atmel/studio/7.0/toolchain/avr32/avr32-gnu-toolchain/bin/../lib/gcc/avr32/4.4.7/ucr2\libgcc.a(_avr32_f64_cmp_ge.o)
                0x8000cd38                __avr32_f64_cmp_ge
 .text          0x8000cda0       0x68 e:/program x86/atmel/studio/7.0/toolchain/avr32/avr32-gnu-toolchain/bin/../lib/gcc/avr32/4.4.7/ucr2\libgcc.a(_avr32_f64_cmp_lt.o)
                0x8000cda0                __avr32_f64_cmp_lt
 .text          0x8000ce08      0x318 e:/program x86/atmel/studio/7.0/toolchain/avr32/avr32-gnu-toolchain/bin/../lib/gcc/avr32/4.4.7/ucr2\libgcc.a(_avr32_f64_div.o)
                0x8000ce08                __avr32_f64_div
 .text          0x8000d120      0x264 e:/program x86/atmel/studio/7.0/toolchain/avr32/avr32-gnu-toolchain/bin/../lib/gcc/avr32/4.4.7/ucr2\libgcc.a(_udivdi3.o)
                0x8000d120                __avr32_udiv64
                0x8000d120                __udivdi3
 .text          0x8000d384      0x20c e:/program x86/atmel/studio/7.0/toolchain/avr32/avr32-gnu-toolchain/bin/../lib/gcc/avr32/4.4.7/ucr2\libgcc.a(_umoddi3.o)
                0x8000d384                __avr32_umod64
                0x8000d384                __umoddi3
 *(.text.*personality*)
 *(.gnu.warning)

.exception      0x8000d600      0x200
 .exception     0x8000d600      0x200 src/ASF/thirdparty/freertos/freertos-7.0.0/source/portable/gcc/avr32_uc3/exception.o
                0x8000d600                _evba
                0x8000d704                _int0
                0x8000d712                _int1
                0x8000d720                _int2
                0x8000d72e                _int3
                0x8000d73c                ipr_val

.fini
 *(.fini)
                0x8000d800                PROVIDE (__etext, .)
                0x8000d800                PROVIDE (_etext, .)
                0x8000d800                PROVIDE (etext, .)

.rodata         0x8000d800     0x1408
 *(.rodata .rodata.* .gnu.linkonce.r.*)
 .rodata.str1.4
                0x8000d800      0x739 src/Application/app/app.o
                                0x73c (size before relaxing)
 *fill*         0x8000df39        0x3 
 .rodata.DF_SPI_GPIO_MAP.11280
                0x8000df3c       0x20 src/Application/flash/data_flash.o
 .rodata.C.50.11282
                0x8000df5c       0x10 src/Application/flash/data_flash.o
 .rodata.C.52.11294
                0x8000df6c        0x4 src/Application/flash/data_flash.o
 .rodata.str1.4
                0x8000df70       0x1d src/Application/myrtc/xgrtc.o
                                 0x20 (size before relaxing)
 *fill*         0x8000df8d        0x3 
 .rodata.CSWTCH.36
                0x8000df90       0x48 src/Application/radio/ambe.o
 .rodata.str1.4
                0x8000dfd8       0x44 src/Application/radio/physical.o
 .rodata.str1.4
                0x8000e01c        0x8 src/Application/radio/xcmp.o
 .rodata.str1.4
                0x8000e024        0xf src/Application/radio/xnl.o
                                 0x10 (size before relaxing)
 *fill*         0x8000e033        0x1 
 .rodata.C.72.12134
                0x8000e034       0x10 src/Application/RFID/MFRC522/rc522.o
 .rodata.CSWTCH.98
                0x8000e044        0x4 src/Application/RFID/MFRC522/rc522.o
 .rodata.CSWTCH.97
                0x8000e048        0x4 src/Application/RFID/MFRC522/rc522.o
 .rodata.RC522_SPI_GPIO_MAP.12132
                0x8000e04c        0x8 src/Application/RFID/MFRC522/rc522.o
 .rodata.str1.4
                0x8000e054       0x85 src/Application/RFID/RFID.o
                                 0x88 (size before relaxing)
 *fill*         0x8000e0d9        0x3 
 .rodata.TC_GPIO_MAP.11090
                0x8000e0dc       0x18 src/Application/timers/timer.o
 .rodata.str1.4
                0x8000e0f4      0x1e2 src/Application/xgflash/xgflash.o
                                0x1e4 (size before relaxing)
 *fill*         0x8000e2d6        0x2 
 .rodata._int_handler_table
                0x8000e2d8       0x98 src/ASF/avr32/drivers/intc/intc.o
 .rodata.str1.4
                0x8000e370        0x5 src/ASF/thirdparty/freertos/freertos-7.0.0/source/tasks.o
                                  0x8 (size before relaxing)
 *fill*         0x8000e375        0x3 
 .rodata.log    0x8000e378      0x150 src/Log/log.o
 .rodata.logFromISR
                0x8000e4c8      0x150 src/Log/log.o
 .rodata.USART_OPTIONS.11278
                0x8000e618        0xc src/Log/log.o
 .rodata.str1.4
                0x8000e624       0x3c src/Log/log.o
 .rodata.USART_GPIO_MAP.11277
                0x8000e660       0x10 src/Log/log.o
 .rodata.str1.4
                0x8000e670       0x14 src/main.o
 .rodata.get_arg
                0x8000e684       0x3c e:/program x86/atmel/studio/7.0/toolchain/avr32/avr32-gnu-toolchain/bin/../lib/gcc/avr32/4.4.7/../../../../avr32/lib/ucr2\libc.a(lib_a-vfprintf.o)
 .rodata._vfprintf_r
                0x8000e6c0      0x164 e:/program x86/atmel/studio/7.0/toolchain/avr32/avr32-gnu-toolchain/bin/../lib/gcc/avr32/4.4.7/../../../../avr32/lib/ucr2\libc.a(lib_a-vfprintf.o)
 .rodata.state_table
                0x8000e824       0x6c e:/program x86/atmel/studio/7.0/toolchain/avr32/avr32-gnu-toolchain/bin/../lib/gcc/avr32/4.4.7/../../../../avr32/lib/ucr2\libc.a(lib_a-vfprintf.o)
 .rodata.action_table
                0x8000e890       0x6c e:/program x86/atmel/studio/7.0/toolchain/avr32/avr32-gnu-toolchain/bin/../lib/gcc/avr32/4.4.7/../../../../avr32/lib/ucr2\libc.a(lib_a-vfprintf.o)
 .rodata.str1.4
                0x8000e8fc       0x3a e:/program x86/atmel/studio/7.0/toolchain/avr32/avr32-gnu-toolchain/bin/../lib/gcc/avr32/4.4.7/../../../../avr32/lib/ucr2\libc.a(lib_a-vfprintf.o)
                                 0x3c (size before relaxing)
 *fill*         0x8000e936        0x2 
 .rodata.blanks.3430
                0x8000e938       0x10 e:/program x86/atmel/studio/7.0/toolchain/avr32/avr32-gnu-toolchain/bin/../lib/gcc/avr32/4.4.7/../../../../avr32/lib/ucr2\libc.a(lib_a-vfprintf.o)
 .rodata.zeroes.3431
                0x8000e948       0x10 e:/program x86/atmel/studio/7.0/toolchain/avr32/avr32-gnu-toolchain/bin/../lib/gcc/avr32/4.4.7/../../../../avr32/lib/ucr2\libc.a(lib_a-vfprintf.o)
 .rodata.chclass
                0x8000e958      0x100 e:/program x86/atmel/studio/7.0/toolchain/avr32/avr32-gnu-toolchain/bin/../lib/gcc/avr32/4.4.7/../../../../avr32/lib/ucr2\libc.a(lib_a-vfprintf.o)
 .rodata.str1.4
                0x8000ea58       0x10 e:/program x86/atmel/studio/7.0/toolchain/avr32/avr32-gnu-toolchain/bin/../lib/gcc/avr32/4.4.7/../../../../avr32/lib/ucr2\libc.a(lib_a-dtoa.o)
                                 0x14 (size before relaxing)
 .rodata.__sf_fake_stdin
                0x8000ea68       0x20 e:/program x86/atmel/studio/7.0/toolchain/avr32/avr32-gnu-toolchain/bin/../lib/gcc/avr32/4.4.7/../../../../avr32/lib/ucr2\libc.a(lib_a-findfp.o)
                0x8000ea68                __sf_fake_stdin
 .rodata.__sf_fake_stdout
                0x8000ea88       0x20 e:/program x86/atmel/studio/7.0/toolchain/avr32/avr32-gnu-toolchain/bin/../lib/gcc/avr32/4.4.7/../../../../avr32/lib/ucr2\libc.a(lib_a-findfp.o)
                0x8000ea88                __sf_fake_stdout
 .rodata.__sf_fake_stderr
                0x8000eaa8       0x20 e:/program x86/atmel/studio/7.0/toolchain/avr32/avr32-gnu-toolchain/bin/../lib/gcc/avr32/4.4.7/../../../../avr32/lib/ucr2\libc.a(lib_a-findfp.o)
                0x8000eaa8                __sf_fake_stderr
 .rodata.str1.4
                0x8000eac8        0x2 e:/program x86/atmel/studio/7.0/toolchain/avr32/avr32-gnu-toolchain/bin/../lib/gcc/avr32/4.4.7/../../../../avr32/lib/ucr2\libc.a(lib_a-impure.o)
                                  0x4 (size before relaxing)
 *fill*         0x8000eaca        0x2 
 .rodata._global_impure_ptr
                0x8000eacc        0x4 e:/program x86/atmel/studio/7.0/toolchain/avr32/avr32-gnu-toolchain/bin/../lib/gcc/avr32/4.4.7/../../../../avr32/lib/ucr2\libc.a(lib_a-impure.o)
                0x8000eacc                _global_impure_ptr
 .rodata.lconv  0x8000ead0       0x30 e:/program x86/atmel/studio/7.0/toolchain/avr32/avr32-gnu-toolchain/bin/../lib/gcc/avr32/4.4.7/../../../../avr32/lib/ucr2\libc.a(lib_a-locale.o)
 .rodata.str1.4
                0x8000eb00        0xc e:/program x86/atmel/studio/7.0/toolchain/avr32/avr32-gnu-toolchain/bin/../lib/gcc/avr32/4.4.7/../../../../avr32/lib/ucr2\libc.a(lib_a-locale.o)
                                 0x18 (size before relaxing)
 .rodata.p05.2471
                0x8000eb0c        0xc e:/program x86/atmel/studio/7.0/toolchain/avr32/avr32-gnu-toolchain/bin/../lib/gcc/avr32/4.4.7/../../../../avr32/lib/ucr2\libc.a(lib_a-mprec.o)
 .rodata.__mprec_tens
                0x8000eb18       0xc8 e:/program x86/atmel/studio/7.0/toolchain/avr32/avr32-gnu-toolchain/bin/../lib/gcc/avr32/4.4.7/../../../../avr32/lib/ucr2\libc.a(lib_a-mprec.o)
                0x8000eb18                __mprec_tens
 .rodata.__mprec_bigtens
                0x8000ebe0       0x28 e:/program x86/atmel/studio/7.0/toolchain/avr32/avr32-gnu-toolchain/bin/../lib/gcc/avr32/4.4.7/../../../../avr32/lib/ucr2\libc.a(lib_a-mprec.o)
                0x8000ebe0                __mprec_bigtens

.rodata1
 *(.rodata1)

.eh_frame_hdr
 *(.eh_frame_hdr)

.eh_frame
 *(.eh_frame)

.gcc_except_table
 *(.gcc_except_table)
 *(.gcc_except_table.*)

.dalign         0x8000ec08        0x0
                0x8000ec08                . = ALIGN (0x8)
                0x8000ec08                PROVIDE (_data_lma, .)
                0x00000004                PROVIDE (_data, ORIGIN (CPUSRAM))
                0x00000004                . = ORIGIN (CPUSRAM)

.eh_frame
 *(.eh_frame)

.gcc_except_table
 *(.gcc_except_table)
 *(.gcc_except_table.*)

.tdata
 *(.tdata .tdata.* .gnu.linkonce.td.*)

.tbss
 *(.tbss .tbss.* .gnu.linkonce.tb.*)
 *(.tcommon)
                0x00000004                PROVIDE (__preinit_array_start, ALIGN (0x4))

.preinit_array
 *(.preinit_array)
                0x00000004                PROVIDE (__preinit_array_end, .)
                0x00000004                PROVIDE (__init_array_start, .)

.init_array
 *(.init_array)
                0x00000004                PROVIDE (__init_array_end, .)
                0x00000004                PROVIDE (__fini_array_start, .)

.fini_array
 *(.fini_array)
                0x00000004                PROVIDE (__fini_array_end, .)

.ctors
 *crtbegin*.o(.ctors)
 *(EXCLUDE_FILE(*crtend*.o) .ctors)
 *(SORT(.ctors.*))
 *(.ctors)

.dtors
 *crtbegin*.o(.dtors)
 *(EXCLUDE_FILE(*crtend*.o) .dtors)
 *(SORT(.dtors.*))
 *(.dtors)

.jcr
 *(.jcr)

.data.rel.ro
 *(.data.rel.ro.local)
 *(.data.rel.ro*)

.dynamic
 *(.dynamic)

.got
 *(.got.plt)
 *(.got)

.data           0x00000004      0xa4c load address 0x8000ec08
 *(.data .data.* .gnu.linkonce.d.*)
 .data.get_time_okay
                0x00000004        0x1 src/Application/app/app.o
 *fill*         0x00000005        0x3 
 .data.the_app_list
                0x00000008      0x4ec src/Application/app/app.o
 .data.print_sec
                0x000004f4        0x4 src/Application/myrtc/xgrtc.o
 .data.xnl_proc_list
                0x000004f8       0x34 src/Application/radio/xnl.o
 .data.unsure_data
                0x0000052c        0x8 src/Application/RFID/RFID.o
                0x0000052c                unsure_data
 .data.start_session.12205
                0x00000534        0x1 src/Application/RFID/RFID.o
 *fill*         0x00000535        0x3 
 .data.XGFlashLabel
                0x00000538        0x8 src/Application/xgflash/xgflash.o
                0x00000538                XGFlashLabel
 .data.current_save_message_offset
                0x00000540        0x4 src/Application/xgflash/xgflash.o
 .data.ulCriticalNesting
                0x00000544        0x4 src/ASF/thirdparty/freertos/freertos-7.0.0/source/portable/gcc/avr32_uc3/port.o
                0x00000544                ulCriticalNesting
 .data.xNextTaskUnblockTime
                0x00000548        0x4 src/ASF/thirdparty/freertos/freertos-7.0.0/source/tasks.o
 .data.__malloc_av_
                0x0000054c      0x408 e:/program x86/atmel/studio/7.0/toolchain/avr32/avr32-gnu-toolchain/bin/../lib/gcc/avr32/4.4.7/../../../../avr32/lib/ucr2\libc.a(lib_a-mallocr.o)
                0x0000054c                __malloc_av_
 .data.__malloc_trim_threshold
                0x00000954        0x4 e:/program x86/atmel/studio/7.0/toolchain/avr32/avr32-gnu-toolchain/bin/../lib/gcc/avr32/4.4.7/../../../../avr32/lib/ucr2\libc.a(lib_a-mallocr.o)
                0x00000954                __malloc_trim_threshold
 .data.__malloc_sbrk_base
                0x00000958        0x4 e:/program x86/atmel/studio/7.0/toolchain/avr32/avr32-gnu-toolchain/bin/../lib/gcc/avr32/4.4.7/../../../../avr32/lib/ucr2\libc.a(lib_a-mallocr.o)
                0x00000958                __malloc_sbrk_base
 .data.impure_data
                0x0000095c       0xf0 e:/program x86/atmel/studio/7.0/toolchain/avr32/avr32-gnu-toolchain/bin/../lib/gcc/avr32/4.4.7/../../../../avr32/lib/ucr2\libc.a(lib_a-impure.o)
 .data._impure_ptr
                0x00000a4c        0x4 e:/program x86/atmel/studio/7.0/toolchain/avr32/avr32-gnu-toolchain/bin/../lib/gcc/avr32/4.4.7/../../../../avr32/lib/ucr2\libc.a(lib_a-impure.o)
                0x00000a4c                _impure_ptr
 *(.gnu.linkonce.d.*personality*)

.data1
 *(.data1)

.balign         0x00000a50        0x0 load address 0x8000f654
                0x00000a50                . = ALIGN (0x8)
                0x00000a50                _edata = .
                0x00000a50                _edata = .
                0x00000a50                PROVIDE (edata, .)
                0x00000a50                __bss_start = .

.bss            0x00000a50     0x49e8 load address 0x8000f654
 *(.dynbss)
 *(.bss .bss.* .gnu.linkonce.b.*)
 .bss.Speaker_is_unmute
                0x00000a50        0x1 src/Application/app/app.o
                0x00000a50                Speaker_is_unmute
 .bss.AMBE_rx_flag
                0x00000a51        0x1 src/Application/app/app.o
                0x00000a51                AMBE_rx_flag
 .bss.VF_SN     0x00000a52        0x1 src/Application/app/app.o
                0x00000a52                VF_SN
 .bss.AMBE_tx_flag
                0x00000a53        0x1 src/Application/app/app.o
                0x00000a53                AMBE_tx_flag
 .bss.Radio_Transmit_State
                0x00000a54        0x1 src/Application/app/app.o
                0x00000a54                Radio_Transmit_State
 .bss.Call_Begin
                0x00000a55        0x1 src/Application/app/app.o
                0x00000a55                Call_Begin
 .bss.times_counter.12752
                0x00000a56        0x1 src/Application/app/app.o
 .bss.AMBE_Media
                0x00000a57        0x1 src/Application/app/app.o
                0x00000a57                AMBE_Media
 .bss.OB_State.12709
                0x00000a58        0x4 src/Application/app/app.o
 .bss.connect_flag
                0x00000a5c        0x1 src/Application/app/app.o
 .bss.Mic_is_Enabled
                0x00000a5d        0x1 src/Application/app/app.o
                0x00000a5d                Mic_is_Enabled
 *fill*         0x00000a5e        0x2 
 .bss.xLastWakeTime.12704
                0x00000a60        0x4 src/Application/app/app.o
 .bss.res.12693
                0x00000a64        0x4 src/Application/app/app.o
 .bss.Terminator_Flag
                0x00000a68        0x1 src/Application/app/app.o
                0x00000a68                Terminator_Flag
 *fill*         0x00000a69        0x3 
 .bss.ulIdleCycleCount
                0x00000a6c        0x4 src/Application/app/app.o
                0x00000a6c                ulIdleCycleCount
 .bss.data_flash_failure
                0x00000a70        0x1 src/Application/flash/data_flash.o
                0x00000a70                data_flash_failure
 *fill*         0x00000a71        0x3 
 .bss.payload_rx_exec
                0x00000a74        0x4 src/Application/radio/payload.o
                0x00000a74                payload_rx_exec
 .bss.payload_tx_exec
                0x00000a78        0x4 src/Application/radio/payload.o
                0x00000a78                payload_tx_exec
 .bss.phy_tx_index.10647
                0x00000a7c        0x1 src/Application/radio/physical.o
 *fill*         0x00000a7d        0x3 
 .bss.RxBytesWaiting.10956
                0x00000a80        0x4 src/Application/radio/physical.o
 .bss.phy_rx_length.10690
                0x00000a84        0x2 src/Application/radio/physical.o
 *fill*         0x00000a86        0x2 
 .bss.RxData_IsFillingNext16.10955
                0x00000a88        0x4 src/Application/radio/physical.o
 .bss.AMBE_HT   0x00000a8c        0x8 src/Application/radio/physical.o
 .bss.Item_ID.10961
                0x00000a94        0x1 src/Application/radio/physical.o
 .bss.is_first.10960
                0x00000a95        0x1 src/Application/radio/physical.o
 .bss.phy_rx_expexted_length.10689
                0x00000a96        0x2 src/Application/radio/physical.o
 .bss.AMBE_payload_ptr.10959
                0x00000a98        0x4 src/Application/radio/physical.o
 .bss.phy_tx_state.10645
                0x00000a9c        0x4 src/Application/radio/physical.o
 .bss.RxMedia_IsFillingNext16.10953
                0x00000aa0        0x4 src/Application/radio/physical.o
 .bss.phy_frame_ptr.10688
                0x00000aa4        0x4 src/Application/radio/physical.o
 .bss.phy_ptr.10644
                0x00000aa8        0x4 src/Application/radio/physical.o
 .bss.xnl_store_idle
                0x00000aac        0x4 src/Application/radio/physical.o
                0x00000aac                xnl_store_idle
 .bss.payload_store_idle
                0x00000ab0        0x4 src/Application/radio/physical.o
                0x00000ab0                payload_store_idle
 .bss.phy_rx_state.10692
                0x00000ab4        0x4 src/Application/radio/physical.o
 .bss.phy_check_sum.10691
                0x00000ab8        0x2 src/Application/radio/physical.o
 *fill*         0x00000aba        0x2 
 .bss.phy_xnl_frame_rx
                0x00000abc        0x4 src/Application/radio/physical.o
                0x00000abc                phy_xnl_frame_rx
 .bss.payload_ptr.10958
                0x00000ac0        0x4 src/Application/radio/physical.o
 .bss.phy_tx_expexted_length.10646
                0x00000ac4        0x2 src/Application/radio/physical.o
 *fill*         0x00000ac6        0x2 
 .bss.m_RxBurstType
                0x00000ac8        0x4 src/Application/radio/physical.o
 .bss.RxAMBE_IsFillingNext8.10954
                0x00000acc        0x4 src/Application/radio/physical.o
 .bss.phy_payload_frame_tx
                0x00000ad0        0x4 src/Application/radio/physical.o
                0x00000ad0                phy_payload_frame_tx
 .bss.phy_rx_count.10693
                0x00000ad4        0x4 src/Application/radio/physical.o
 .bss.SDV_Index.10964
                0x00000ad8        0x1 src/Application/radio/physical.o
 *fill*         0x00000ad9        0x3 
 .bss.phy_xnl_frame_tx
                0x00000adc        0x4 src/Application/radio/physical.o
                0x00000adc                phy_xnl_frame_tx
 .bss.RxMediaState.10952
                0x00000ae0        0x4 src/Application/radio/physical.o
 .bss.ArrayDiscLength.10957
                0x00000ae4        0x4 src/Application/radio/physical.o
 .bss.phy_payload_frame_rx
                0x00000ae8        0x4 src/Application/radio/physical.o
                0x00000ae8                phy_payload_frame_rx
 .bss.Item_Length.10962
                0x00000aec        0x4 src/Application/radio/physical.o
 .bss.phy_rx_exec
                0x00000af0        0x4 src/Application/radio/ssc.o
                0x00000af0                phy_rx_exec
 .bss.xHigherPriorityTaskWoken.9824
                0x00000af4        0x4 src/Application/radio/ssc.o
 .bss.count.9825
                0x00000af8        0x4 src/Application/radio/ssc.o
 .bss.phy_tx_exec
                0x00000afc        0x4 src/Application/radio/ssc.o
                0x00000afc                phy_tx_exec
 .bss.version_information
                0x00000b00        0xc src/Application/radio/xcmp.o
                0x00000b00                version_information
 .bss.clone_read
                0x00000b0c        0xc src/Application/radio/xcmp.o
                0x00000b0c                clone_read
 .bss.xcmp_frame_rx
                0x00000b18        0x4 src/Application/radio/xcmp.o
 .bss.clone_write
                0x00000b1c        0xc src/Application/radio/xcmp.o
                0x00000b1c                clone_write
 .bss.automatic_frequency_correction_control
                0x00000b28        0xc src/Application/radio/xcmp.o
                0x00000b28                automatic_frequency_correction_control
 .bss.language_pack_information
                0x00000b34        0xc src/Application/radio/xcmp.o
                0x00000b34                language_pack_information
 .bss.radio_status
                0x00000b40        0xc src/Application/radio/xcmp.o
                0x00000b40                radio_status
 .bss.xnl_timeout_semphr
                0x00000b4c        0x4 src/Application/radio/xnl.o
 .bss.flags.10672
                0x00000b50        0x1 src/Application/radio/xnl.o
 *fill*         0x00000b51        0x1 
 .bss.xnl_information
                0x00000b52        0xa src/Application/radio/xnl.o
 .bss.xnl_tx_state.10716
                0x00000b5c        0x4 src/Application/radio/xnl.o
 .bss.xnl_frame_tx
                0x00000b60        0x4 src/Application/radio/xnl.o
 .bss.xnl_send_times.10717
                0x00000b64        0x4 src/Application/radio/xnl.o
 .bss.ptr.10718
                0x00000b68        0x4 src/Application/radio/xnl.o
 .bss.xcmp_exec
                0x00000b6c        0x4 src/Application/radio/xnl.o
                0x00000b6c                xcmp_exec
 .bss.rc522_init_failure
                0x00000b70        0x1 src/Application/RFID/MFRC522/rc522.o
                0x00000b70                rc522_init_failure
 *fill*         0x00000b71        0x3 
 .bss.SN.12200  0x00000b74        0xc src/Application/RFID/RFID.o
 .bss.xg_resend_queue
                0x00000b80        0x4 src/Application/xgflash/xgflash.o
                0x00000b80                xg_resend_queue
 .bss.list_init_success_flag
                0x00000b84        0x1 src/Application/xgflash/xgflash.o
 *fill*         0x00000b85        0x3 
 .bss.xgflash_mutex
                0x00000b88        0x4 src/Application/xgflash/xgflash.o
 .bss.current_message_index
                0x00000b8c        0x2 src/Application/xgflash/xgflash.o
 *fill*         0x00000b8e        0x2 
 .bss.message_storage_queue
                0x00000b90        0x4 src/Application/xgflash/xgflash.o
                0x00000b90                message_storage_queue
 .bss.str.12222
                0x00000b94       0x50 src/Application/xgflash/xgflash.o
 .bss._int_line_handler_table_6
                0x00000be4        0x4 src/ASF/avr32/drivers/intc/intc.o
 .bss._int_line_handler_table_7
                0x00000be8        0x4 src/ASF/avr32/drivers/intc/intc.o
 .bss._int_line_handler_table_8
                0x00000bec        0x4 src/ASF/avr32/drivers/intc/intc.o
 .bss._int_line_handler_table_9
                0x00000bf0        0x4 src/ASF/avr32/drivers/intc/intc.o
 .bss._int_line_handler_table_10
                0x00000bf4        0x4 src/ASF/avr32/drivers/intc/intc.o
 .bss._int_line_handler_table_11
                0x00000bf8        0x4 src/ASF/avr32/drivers/intc/intc.o
 .bss._int_line_handler_table_12
                0x00000bfc        0x4 src/ASF/avr32/drivers/intc/intc.o
 .bss._int_line_handler_table_13
                0x00000c00        0x4 src/ASF/avr32/drivers/intc/intc.o
 .bss._int_line_handler_table_14
                0x00000c04        0xc src/ASF/avr32/drivers/intc/intc.o
 .bss._int_line_handler_table_15
                0x00000c10        0x4 src/ASF/avr32/drivers/intc/intc.o
 .bss._int_line_handler_table_16
                0x00000c14        0x4 src/ASF/avr32/drivers/intc/intc.o
 .bss._int_line_handler_table_17
                0x00000c18        0x4 src/ASF/avr32/drivers/intc/intc.o
 .bss._int_line_handler_table_18
                0x00000c1c        0x4 src/ASF/avr32/drivers/intc/intc.o
 .bss._int_line_handler_table_0
                0x00000c20        0x4 src/ASF/avr32/drivers/intc/intc.o
 .bss._int_line_handler_table_1
                0x00000c24       0x2c src/ASF/avr32/drivers/intc/intc.o
 .bss._int_line_handler_table_2
                0x00000c50       0x18 src/ASF/avr32/drivers/intc/intc.o
 .bss._int_line_handler_table_3
                0x00000c68       0x1c src/ASF/avr32/drivers/intc/intc.o
 .bss._int_line_handler_table_4
                0x00000c84        0x4 src/ASF/avr32/drivers/intc/intc.o
 .bss._int_line_handler_table_5
                0x00000c88        0x4 src/ASF/avr32/drivers/intc/intc.o
 .bss.uxMissedTicks
                0x00000c8c        0x4 src/ASF/thirdparty/freertos/freertos-7.0.0/source/tasks.o
 .bss.uxTopUsedPriority
                0x00000c90        0x4 src/ASF/thirdparty/freertos/freertos-7.0.0/source/tasks.o
 .bss.pxDelayedTaskList
                0x00000c94        0x4 src/ASF/thirdparty/freertos/freertos-7.0.0/source/tasks.o
 .bss.xSchedulerRunning
                0x00000c98        0x4 src/ASF/thirdparty/freertos/freertos-7.0.0/source/tasks.o
 .bss.uxTasksDeleted
                0x00000c9c        0x4 src/ASF/thirdparty/freertos/freertos-7.0.0/source/tasks.o
 .bss.xNumOfOverflows
                0x00000ca0        0x4 src/ASF/thirdparty/freertos/freertos-7.0.0/source/tasks.o
 .bss.pxOverflowDelayedTaskList
                0x00000ca4        0x4 src/ASF/thirdparty/freertos/freertos-7.0.0/source/tasks.o
 .bss.pxReadyTasksLists
                0x00000ca8       0xa0 src/ASF/thirdparty/freertos/freertos-7.0.0/source/tasks.o
 .bss.xTasksWaitingTermination
                0x00000d48       0x14 src/ASF/thirdparty/freertos/freertos-7.0.0/source/tasks.o
 .bss.pxCurrentTCB
                0x00000d5c        0x4 src/ASF/thirdparty/freertos/freertos-7.0.0/source/tasks.o
                0x00000d5c                pxCurrentTCB
 .bss.xPendingReadyList
                0x00000d60       0x14 src/ASF/thirdparty/freertos/freertos-7.0.0/source/tasks.o
 .bss.xDelayedTaskList1
                0x00000d74       0x14 src/ASF/thirdparty/freertos/freertos-7.0.0/source/tasks.o
 .bss.xTickCount
                0x00000d88        0x4 src/ASF/thirdparty/freertos/freertos-7.0.0/source/tasks.o
 .bss.uxSchedulerSuspended
                0x00000d8c        0x4 src/ASF/thirdparty/freertos/freertos-7.0.0/source/tasks.o
 .bss.xDelayedTaskList2
                0x00000d90       0x14 src/ASF/thirdparty/freertos/freertos-7.0.0/source/tasks.o
 .bss.uxTaskNumber
                0x00000da4        0x4 src/ASF/thirdparty/freertos/freertos-7.0.0/source/tasks.o
 .bss.uxCurrentNumberOfTasks
                0x00000da8        0x4 src/ASF/thirdparty/freertos/freertos-7.0.0/source/tasks.o
 .bss.xMissedYield
                0x00000dac        0x4 src/ASF/thirdparty/freertos/freertos-7.0.0/source/tasks.o
 .bss.xSuspendedTaskList
                0x00000db0       0x14 src/ASF/thirdparty/freertos/freertos-7.0.0/source/tasks.o
 .bss.uxTopReadyPriority
                0x00000dc4        0x4 src/ASF/thirdparty/freertos/freertos-7.0.0/source/tasks.o
 .bss.lench.11294
                0x00000dc8        0x1 src/Log/log.o
 .bss.lench.11364
                0x00000dc9        0x1 src/Log/log.o
 *fill*         0x00000dca        0x2 
 .bss.__malloc_max_total_mem
                0x00000dcc        0x4 e:/program x86/atmel/studio/7.0/toolchain/avr32/avr32-gnu-toolchain/bin/../lib/gcc/avr32/4.4.7/../../../../avr32/lib/ucr2\libc.a(lib_a-mallocr.o)
                0x00000dcc                __malloc_max_total_mem
 .bss.__malloc_max_sbrked_mem
                0x00000dd0        0x4 e:/program x86/atmel/studio/7.0/toolchain/avr32/avr32-gnu-toolchain/bin/../lib/gcc/avr32/4.4.7/../../../../avr32/lib/ucr2\libc.a(lib_a-mallocr.o)
                0x00000dd0                __malloc_max_sbrked_mem
 .bss.__malloc_top_pad
                0x00000dd4        0x4 e:/program x86/atmel/studio/7.0/toolchain/avr32/avr32-gnu-toolchain/bin/../lib/gcc/avr32/4.4.7/../../../../avr32/lib/ucr2\libc.a(lib_a-mallocr.o)
                0x00000dd4                __malloc_top_pad
 .bss.__malloc_current_mallinfo
                0x00000dd8       0x28 e:/program x86/atmel/studio/7.0/toolchain/avr32/avr32-gnu-toolchain/bin/../lib/gcc/avr32/4.4.7/../../../../avr32/lib/ucr2\libc.a(lib_a-mallocr.o)
                0x00000dd8                __malloc_current_mallinfo
 .bss.cur_heap_pos.1869
                0x00000e00        0x4 e:/program x86/atmel/studio/7.0/toolchain/avr32/avr32-gnu-toolchain/bin/../lib/gcc/avr32/4.4.7/../../../../avr32/lib/ucr2\libc.a(lib_a-syscalls.o)
 *(COMMON)
 COMMON         0x00000e04      0x28a src/Application/app/app.o
                0x00000e04                bunchofrandomstatusflags
                0x00000e08                Current_time
                0x00000e0e                message_store
 *fill*         0x0000108e        0x2 
 COMMON         0x00001090     0x1004 src/Application/flash/data_flash.o
                0x00001090                FLASH_BUF
                0x00002090                spi
 COMMON         0x00002094      0x122 src/Application/radio/ambe.o
                0x00002094                AMBEBurst_rawdata
                0x0000209c                Radio_Internal_Data
                0x000020a0                AMBE_DecryptionKey
                0x000020a8                SendAMBEBurst_EncryptionPackage
                0x00002198                VBSP_data
                0x0000219c                Soft_Decision_Data
 COMMON         0x000021b6     0x3200 src/Application/radio/physical.o
                0x000021b6                payload_store
                0x000035b6                xnl_store
 *fill*         0x000053b6        0x2 
 COMMON         0x000053b8       0x4c src/Application/radio/ssc.o
                0x000053b8                intDuration
                0x000053bc                BufferIndex
                0x000053c0                intStartCount
                0x000053c4                RxBuffer
                0x000053e4                TxBuffer
 COMMON         0x00005404        0x4 src/Application/radio/xcmp.o
                0x00005404                app_list
 COMMON         0x00005408       0x18 src/Application/RFID/RFID.o
                0x00005408                RFID
                0x00005418                CT
                0x0000541c                SN
 COMMON         0x00005420        0x8 src/Application/xgflash/xgflash.o
                0x00005420                xBinarySemaphore
                0x00005424                save_handle
 COMMON         0x00005428        0x4 src/ASF/avr32/drivers/spi/spi.o
                0x00005428                xSPIMutex
 COMMON         0x0000542c        0x4 src/ASF/thirdparty/freertos/freertos-7.0.0/source/portable/gcc/avr32_uc3/write.o
                0x0000542c                stdio_usart_base
 COMMON         0x00005430        0x4 src/Log/log.o
                0x00005430                logQueue
 COMMON         0x00005434        0x4 e:/program x86/atmel/studio/7.0/toolchain/avr32/avr32-gnu-toolchain/bin/../lib/gcc/avr32/4.4.7/../../../../avr32/lib/ucr2\libc.a(lib_a-reent.o)
                0x00005434                errno
                0x00005438                . = ALIGN (0x8)
                0x00005438                . = ALIGN (0x8)
                0x00005438                _end = .
                0x00005438                PROVIDE (end, .)
                0x00005438                __heap_start__ = ALIGN (0x8)
                0x00017000                . = ((ORIGIN (CPUSRAM) + 0x17ffc) - _stack_size)
                0x00017000                __heap_end__ = .

.stab
 *(.stab)

.stabstr
 *(.stabstr)

.stab.excl
 *(.stab.excl)

.stab.exclstr
 *(.stab.exclstr)

.stab.index
 *(.stab.index)

.stab.indexstr
 *(.stab.indexstr)

.comment        0x00000000       0x30
 *(.comment)
 .comment       0x00000000       0x30 src/Application/app/app.o
                                 0x31 (size before relaxing)
 .comment       0x00000000       0x31 src/Application/flash/data_flash.o
 .comment       0x00000000       0x31 src/Application/myrtc/xgrtc.o
 .comment       0x00000000       0x31 src/Application/radio/ambe.o
 .comment       0x00000000       0x31 src/Application/radio/payload.o
 .comment       0x00000000       0x31 src/Application/radio/physical.o
 .comment       0x00000000       0x31 src/Application/radio/ssc.o
 .comment       0x00000000       0x31 src/Application/radio/xcmp.o
 .comment       0x00000000       0x31 src/Application/radio/xnl.o
 .comment       0x00000000       0x31 src/Application/RFID/MFRC522/rc522.o
 .comment       0x00000000       0x31 src/Application/RFID/RFID.o
 .comment       0x00000000       0x31 src/Application/timers/timer.o
 .comment       0x00000000       0x31 src/Application/xgflash/xgflash.o
 .comment       0x00000000       0x31 src/ASF/avr32/drivers/flashc/flashc.o
 .comment       0x00000000       0x31 src/ASF/avr32/drivers/gpio/gpio.o
 .comment       0x00000000       0x31 src/ASF/avr32/drivers/intc/intc.o
 .comment       0x00000000       0x31 src/ASF/avr32/drivers/pm/pm.o
 .comment       0x00000000       0x31 src/ASF/avr32/drivers/rtc/rtc.o
 .comment       0x00000000       0x31 src/ASF/avr32/drivers/spi/spi.o
 .comment       0x00000000       0x31 src/ASF/avr32/drivers/usart/usart.o
 .comment       0x00000000       0x31 src/ASF/thirdparty/freertos/freertos-7.0.0/source/list.o
 .comment       0x00000000       0x31 src/ASF/thirdparty/freertos/freertos-7.0.0/source/portable/gcc/avr32_uc3/port.o
 .comment       0x00000000       0x31 src/ASF/thirdparty/freertos/freertos-7.0.0/source/portable/gcc/avr32_uc3/read.o
 .comment       0x00000000       0x31 src/ASF/thirdparty/freertos/freertos-7.0.0/source/portable/gcc/avr32_uc3/write.o
 .comment       0x00000000       0x31 src/ASF/thirdparty/freertos/freertos-7.0.0/source/portable/memmang/heap_3.o
 .comment       0x00000000       0x31 src/ASF/thirdparty/freertos/freertos-7.0.0/source/queue.o
 .comment       0x00000000       0x31 src/ASF/thirdparty/freertos/freertos-7.0.0/source/tasks.o
 .comment       0x00000000       0x31 src/Log/log.o
 .comment       0x00000000       0x31 src/main.o
 .comment       0x00000000       0x31 e:/program x86/atmel/studio/7.0/toolchain/avr32/avr32-gnu-toolchain/bin/../lib/gcc/avr32/4.4.7/../../../../avr32/lib/ucr2\libc.a(lib_a-malloc.o)
 .comment       0x00000000       0x31 e:/program x86/atmel/studio/7.0/toolchain/avr32/avr32-gnu-toolchain/bin/../lib/gcc/avr32/4.4.7/../../../../avr32/lib/ucr2\libc.a(lib_a-mallocr.o)
 .comment       0x00000000       0x31 e:/program x86/atmel/studio/7.0/toolchain/avr32/avr32-gnu-toolchain/bin/../lib/gcc/avr32/4.4.7/../../../../avr32/lib/ucr2\libc.a(lib_a-memcmp.o)
 .comment       0x00000000       0x31 e:/program x86/atmel/studio/7.0/toolchain/avr32/avr32-gnu-toolchain/bin/../lib/gcc/avr32/4.4.7/../../../../avr32/lib/ucr2\libc.a(lib_a-memset.o)
 .comment       0x00000000       0x31 e:/program x86/atmel/studio/7.0/toolchain/avr32/avr32-gnu-toolchain/bin/../lib/gcc/avr32/4.4.7/../../../../avr32/lib/ucr2\libc.a(lib_a-reallocr.o)
 .comment       0x00000000       0x31 e:/program x86/atmel/studio/7.0/toolchain/avr32/avr32-gnu-toolchain/bin/../lib/gcc/avr32/4.4.7/../../../../avr32/lib/ucr2\libc.a(lib_a-sbrkr.o)
 .comment       0x00000000       0x31 e:/program x86/atmel/studio/7.0/toolchain/avr32/avr32-gnu-toolchain/bin/../lib/gcc/avr32/4.4.7/../../../../avr32/lib/ucr2\libc.a(lib_a-sprintf.o)
 .comment       0x00000000       0x31 e:/program x86/atmel/studio/7.0/toolchain/avr32/avr32-gnu-toolchain/bin/../lib/gcc/avr32/4.4.7/../../../../avr32/lib/ucr2\libc.a(lib_a-syscalls.o)
 .comment       0x00000000       0x31 e:/program x86/atmel/studio/7.0/toolchain/avr32/avr32-gnu-toolchain/bin/../lib/gcc/avr32/4.4.7/../../../../avr32/lib/ucr2\libc.a(lib_a-vfprintf.o)
 .comment       0x00000000       0x31 e:/program x86/atmel/studio/7.0/toolchain/avr32/avr32-gnu-toolchain/bin/../lib/gcc/avr32/4.4.7/../../../../avr32/lib/ucr2\libc.a(lib_a-wsetup.o)
 .comment       0x00000000       0x31 e:/program x86/atmel/studio/7.0/toolchain/avr32/avr32-gnu-toolchain/bin/../lib/gcc/avr32/4.4.7/../../../../avr32/lib/ucr2\libc.a(lib_a-dtoa.o)
 .comment       0x00000000       0x31 e:/program x86/atmel/studio/7.0/toolchain/avr32/avr32-gnu-toolchain/bin/../lib/gcc/avr32/4.4.7/../../../../avr32/lib/ucr2\libc.a(lib_a-errno.o)
 .comment       0x00000000       0x31 e:/program x86/atmel/studio/7.0/toolchain/avr32/avr32-gnu-toolchain/bin/../lib/gcc/avr32/4.4.7/../../../../avr32/lib/ucr2\libc.a(lib_a-fflush.o)