Archive member included because of file (symbol)

d:/program files (x86)/atmel/studio/7.0/toolchain/avr32/avr32-gnu-toolchain/bin/../lib/gcc/avr32/4.4.7/../../../../avr32/lib/ucr2\libc.a(lib_a-malloc.o)
                              src/ASF/thirdparty/freertos/freertos-7.0.0/source/portable/memmang/heap_3.o (free)
d:/program files (x86)/atmel/studio/7.0/toolchain/avr32/avr32-gnu-toolchain/bin/../lib/gcc/avr32/4.4.7/../../../../avr32/lib/ucr2\libc.a(lib_a-mallocr.o)
                              d:/program files (x86)/atmel/studio/7.0/toolchain/avr32/avr32-gnu-toolchain/bin/../lib/gcc/avr32/4.4.7/../../../../avr32/lib/ucr2\libc.a(lib_a-malloc.o) (_malloc_r)
d:/program files (x86)/atmel/studio/7.0/toolchain/avr32/avr32-gnu-toolchain/bin/../lib/gcc/avr32/4.4.7/../../../../avr32/lib/ucr2\libc.a(lib_a-memcmp.o)
                              src/Application/voice/voice.o (memcmp)
d:/program files (x86)/atmel/studio/7.0/toolchain/avr32/avr32-gnu-toolchain/bin/../lib/gcc/avr32/4.4.7/../../../../avr32/lib/ucr2\libc.a(lib_a-memcpy.o)
                              src/Application/flash/data_flash.o (memcpy)
d:/program files (x86)/atmel/studio/7.0/toolchain/avr32/avr32-gnu-toolchain/bin/../lib/gcc/avr32/4.4.7/../../../../avr32/lib/ucr2\libc.a(lib_a-memset.o)
                              src/Application/radio/physical.o (memset)
d:/program files (x86)/atmel/studio/7.0/toolchain/avr32/avr32-gnu-toolchain/bin/../lib/gcc/avr32/4.4.7/../../../../avr32/lib/ucr2\libc.a(lib_a-realloc.o)
                              src/ASF/thirdparty/freertos/freertos-7.0.0/source/portable/gcc/avr32_uc3/port.o (realloc)
d:/program files (x86)/atmel/studio/7.0/toolchain/avr32/avr32-gnu-toolchain/bin/../lib/gcc/avr32/4.4.7/../../../../avr32/lib/ucr2\libc.a(lib_a-reallocr.o)
                              d:/program files (x86)/atmel/studio/7.0/toolchain/avr32/avr32-gnu-toolchain/bin/../lib/gcc/avr32/4.4.7/../../../../avr32/lib/ucr2\libc.a(lib_a-realloc.o) (_realloc_r)
d:/program files (x86)/atmel/studio/7.0/toolchain/avr32/avr32-gnu-toolchain/bin/../lib/gcc/avr32/4.4.7/../../../../avr32/lib/ucr2\libc.a(lib_a-sbrkr.o)
                              d:/program files (x86)/atmel/studio/7.0/toolchain/avr32/avr32-gnu-toolchain/bin/../lib/gcc/avr32/4.4.7/../../../../avr32/lib/ucr2\libc.a(lib_a-mallocr.o) (_sbrk_r)
d:/program files (x86)/atmel/studio/7.0/toolchain/avr32/avr32-gnu-toolchain/bin/../lib/gcc/avr32/4.4.7/../../../../avr32/lib/ucr2\libc.a(lib_a-sprintf.o)
                              src/Log/log.o (sprintf)
d:/program files (x86)/atmel/studio/7.0/toolchain/avr32/avr32-gnu-toolchain/bin/../lib/gcc/avr32/4.4.7/../../../../avr32/lib/ucr2\libc.a(lib_a-strncpy.o)
                              src/ASF/thirdparty/freertos/freertos-7.0.0/source/tasks.o (strncpy)
d:/program files (x86)/atmel/studio/7.0/toolchain/avr32/avr32-gnu-toolchain/bin/../lib/gcc/avr32/4.4.7/../../../../avr32/lib/ucr2\libc.a(lib_a-syscalls.o)
                              d:/program files (x86)/atmel/studio/7.0/toolchain/avr32/avr32-gnu-toolchain/bin/../lib/gcc/avr32/4.4.7/../../../../avr32/lib/ucr2\libc.a(lib_a-sbrkr.o) (_sbrk)
d:/program files (x86)/atmel/studio/7.0/toolchain/avr32/avr32-gnu-toolchain/bin/../lib/gcc/avr32/4.4.7/../../../../avr32/lib/ucr2\libc.a(lib_a-vfprintf.o)
                              d:/program files (x86)/atmel/studio/7.0/toolchain/avr32/avr32-gnu-toolchain/bin/../lib/gcc/avr32/4.4.7/../../../../avr32/lib/ucr2\libc.a(lib_a-sprintf.o) (_vfprintf_r)
d:/program files (x86)/atmel/studio/7.0/toolchain/avr32/avr32-gnu-toolchain/bin/../lib/gcc/avr32/4.4.7/../../../../avr32/lib/ucr2\libc.a(lib_a-wsetup.o)
                              d:/program files (x86)/atmel/studio/7.0/toolchain/avr32/avr32-gnu-toolchain/bin/../lib/gcc/avr32/4.4.7/../../../../avr32/lib/ucr2\libc.a(lib_a-vfprintf.o) (__swsetup_r)
d:/program files (x86)/atmel/studio/7.0/toolchain/avr32/avr32-gnu-toolchain/bin/../lib/gcc/avr32/4.4.7/../../../../avr32/lib/ucr2\libc.a(lib_a-dtoa.o)
                              d:/program files (x86)/atmel/studio/7.0/toolchain/avr32/avr32-gnu-toolchain/bin/../lib/gcc/avr32/4.4.7/../../../../avr32/lib/ucr2\libc.a(lib_a-vfprintf.o) (_dtoa_r)
d:/program files (x86)/atmel/studio/7.0/toolchain/avr32/avr32-gnu-toolchain/bin/../lib/gcc/avr32/4.4.7/../../../../avr32/lib/ucr2\libc.a(lib_a-errno.o)
                              d:/program files (x86)/atmel/studio/7.0/toolchain/avr32/avr32-gnu-toolchain/bin/../lib/gcc/avr32/4.4.7/../../../../avr32/lib/ucr2\libc.a(lib_a-syscalls.o) (__errno)
d:/program files (x86)/atmel/studio/7.0/toolchain/avr32/avr32-gnu-toolchain/bin/../lib/gcc/avr32/4.4.7/../../../../avr32/lib/ucr2\libc.a(lib_a-fflush.o)
                              d:/program files (x86)/atmel/studio/7.0/toolchain/avr32/avr32-gnu-toolchain/bin/../lib/gcc/avr32/4.4.7/../../../../avr32/lib/ucr2\libc.a(lib_a-vfprintf.o) (_fflush_r)
[...]
Memory Configuration

Name             Origin             Length             Attributes
FLASH            0x80000000         0x00080000         axrl !w
CPUSRAM          0x00000004         0x00017ffc         axw !rl
USERPAGE         0x80800000         0x00000200
FACTORYPAGE      0x80800200         0x00000200
*default*        0x00000000         0xffffffff

Linker script and memory map

                0x00001000                _stack_size = 0x1000
LOAD src/Application/app/app.o
LOAD src/Application/flash/data_flash.o
LOAD src/Application/radio/ambe.o
LOAD src/Application/radio/AMBE_audio.o
LOAD src/Application/radio/AMBE_audio_2.o
LOAD src/Application/radio/audio.o
LOAD src/Application/radio/payload.o
LOAD src/Application/radio/physical.o
LOAD src/Application/radio/ssc.o
LOAD src/Application/radio/xcmp.o
LOAD src/Application/radio/xnl.o
LOAD src/Application/rtc/rtc.o
LOAD src/Application/timers/timer.o
LOAD src/Application/voice/voice.o
LOAD src/ASF/avr32/drivers/flashc/flashc.o
LOAD src/ASF/avr32/drivers/gpio/gpio.o
LOAD src/ASF/avr32/drivers/intc/intc.o
LOAD src/ASF/avr32/drivers/pm/pm.o
LOAD src/ASF/avr32/drivers/pm/pm_conf_clocks.o
LOAD src/ASF/avr32/drivers/pm/power_clocks_lib.o
LOAD src/ASF/avr32/drivers/spi/spi.o
LOAD src/ASF/avr32/drivers/tc/tc.o
LOAD src/ASF/avr32/drivers/twi/twi.o
LOAD src/ASF/avr32/drivers/usart/usart.o
LOAD src/ASF/avr32/utils/startup/startup_uc3.o
LOAD src/ASF/avr32/utils/startup/trampoline_uc3.o
LOAD src/ASF/common/boards/user_board/init.o
LOAD src/ASF/common/services/clock/uc3b0_b1/sysclk.o
LOAD src/ASF/common/services/spi/uc3_spi/spi_master.o
LOAD src/ASF/common/services/spi/uc3_usart_spi/usart_spi.o
LOAD src/ASF/thirdparty/freertos/freertos-7.0.0/source/croutine.o
LOAD src/ASF/thirdparty/freertos/freertos-7.0.0/source/list.o
LOAD src/ASF/thirdparty/freertos/freertos-7.0.0/source/portable/gcc/avr32_uc3/exception.o
LOAD src/ASF/thirdparty/freertos/freertos-7.0.0/source/portable/gcc/avr32_uc3/port.o
LOAD src/ASF/thirdparty/freertos/freertos-7.0.0/source/portable/gcc/avr32_uc3/read.o
LOAD src/ASF/thirdparty/freertos/freertos-7.0.0/source/portable/gcc/avr32_uc3/write.o
LOAD src/ASF/thirdparty/freertos/freertos-7.0.0/source/portable/memmang/heap_3.o
LOAD src/ASF/thirdparty/freertos/freertos-7.0.0/source/queue.o
LOAD src/ASF/thirdparty/freertos/freertos-7.0.0/source/tasks.o
LOAD src/Log/log.o
LOAD src/main.o
START GROUP
LOAD d:/program files (x86)/atmel/studio/7.0/toolchain/avr32/avr32-gnu-toolchain/bin/../lib/gcc/avr32/4.4.7/../../../../avr32/lib/ucr2\libm.a
END GROUP
LOAD d:/program files (x86)/atmel/studio/7.0/toolchain/avr32/avr32-gnu-toolchain/bin/../lib/gcc/avr32/4.4.7/ucr2\libgcc.a
LOAD d:/program files (x86)/atmel/studio/7.0/toolchain/avr32/avr32-gnu-toolchain/bin/../lib/gcc/avr32/4.4.7/../../../../avr32/lib/ucr2\libc.a
LOAD d:/program files (x86)/atmel/studio/7.0/toolchain/avr32/avr32-gnu-toolchain/bin/../lib/gcc/avr32/4.4.7/ucr2\libgcc.a
                0x80000000                PROVIDE (__executable_start, 0x80000000)
                0x80000000                . = 0x80000000

.interp
 *(.interp)

.reset          0x80000000     0x2004
 *(.reset)
 .reset         0x80000000     0x2004 src/ASF/avr32/utils/startup/trampoline_uc3.o
                               0x2008 (size before relaxing)
                0x80000000                _trampoline

.hash
 *(.hash)

.dynsym
 *(.dynsym)

.dynstr
 *(.dynstr)

.gnu.version
 *(.gnu.version)

.gnu.version_d
 *(.gnu.version_d)

.gnu.version_r
 *(.gnu.version_r)

.rel.init
 *(.rel.init)

.rela.init
 *(.rela.init)

.rel.text
 *(.rel.text .rel.text.* .rel.gnu.linkonce.t.*)

.rela.text
 *(.rela.text .rela.text.* .rela.gnu.linkonce.t.*)

.rel.fini
 *(.rel.fini)

.rela.fini
 *(.rela.fini)

.rel.rodata
 *(.rel.rodata .rel.rodata.* .rel.gnu.linkonce.r.*)

.rela.rodata
 *(.rela.rodata .rela.rodata.* .rela.gnu.linkonce.r.*)

.rel.data.rel.ro
 *(.rel.data.rel.ro*)

.rela.data.rel.ro
 *(.rel.data.rel.ro*)

.rel.data
 *(.rel.data .rel.data.* .rel.gnu.linkonce.d.*)

.rela.data
 *(.rela.data .rela.data.* .rela.gnu.linkonce.d.*)

.rel.tdata
 *(.rel.tdata .rel.tdata.* .rel.gnu.linkonce.td.*)

.rela.tdata
 *(.rela.tdata .rela.tdata.* .rela.gnu.linkonce.td.*)

.rel.tbss
 *(.rel.tbss .rel.tbss.* .rel.gnu.linkonce.tb.*)

.rela.tbss
 *(.rela.tbss .rela.tbss.* .rela.gnu.linkonce.tb.*)

.rel.ctors
 *(.rel.ctors)

.rela.ctors
 *(.rela.ctors)

.rel.dtors
 *(.rel.dtors)

.rela.dtors
 *(.rela.dtors)

.rel.got
 *(.rel.got)

.rela.got       0x80002004        0x0
 *(.rela.got)
 .rela.got      0x80002004        0x0 src/Application/app/app.o

.rel.bss
 *(.rel.bss .rel.bss.* .rel.gnu.linkonce.b.*)

.rela.bss
 *(.rela.bss .rela.bss.* .rela.gnu.linkonce.b.*)

.rel.plt
 *(.rel.plt)

.rela.plt
 *(.rela.plt)

.init
 *(.init)

.plt
 *(.plt)

.text           0x80002004     0xa950
 *(.text .stub .text.* .gnu.linkonce.t.*)
 .text.DeviceManagement_brdcst_func
                0x80002004       0x24 src/Application/app/app.o
                0x80002004                DeviceManagement_brdcst_func
 .text.Volume_brdcst_func
                0x80002028        0x2 src/Application/app/app.o
                0x80002028                Volume_brdcst_func
 .text.AudioRoutingControl_brdcst_func
                0x8000202a        0x2 src/Application/app/app.o
                0x8000202a                AudioRoutingControl_brdcst_func
 .text.vApplicationIdleHook
                0x8000202c       0x10 src/Application/app/app.o
                0x8000202c                vApplicationIdleHook
 .text.app_init
                0x8000203c       0x54 src/Application/app/app.o
                0x8000203c                app_init
 .text.app_payload_tx_proc
                0x80002090       0x14 src/Application/app/app.o
 .text.FD_brdcst_func
                0x800020a4       0x14 src/Application/app/app.o
                0x800020a4                FD_brdcst_func
 .text.FD_reply_func
                0x800020b8       0x14 src/Application/app/app.o
                0x800020b8                FD_reply_func
 .text.FD_request_func
                0x800020cc       0x14 src/Application/app/app.o
                0x800020cc                FD_request_func
 .text.EnOB_brdcst_func
                0x800020e0       0x14 src/Application/app/app.o
                0x800020e0                EnOB_brdcst_func
 .text.EnOB_reply_func
                0x800020f4       0x70 src/Application/app/app.o
                0x800020f4                EnOB_reply_func
 .text.SingleDetection_brdcst_func
                0x80002164       0x1c src/Application/app/app.o
                0x80002164                SingleDetection_brdcst_func
 .text.ButtonConfig_brdcst_func
                0x80002180       0xdc src/Application/app/app.o
                0x80002180                ButtonConfig_brdcst_func
 .text.Phyuserinput_brdcst_func
                0x8000225c       0x78 src/Application/app/app.o
                0x8000225c                Phyuserinput_brdcst_func
 .text.ButtonConfig_reply_func
                0x800022d4       0x44 src/Application/app/app.o
                0x800022d4                ButtonConfig_reply_func
 .text.DataSession_brdcst_func
                0x80002318       0x84 src/Application/app/app.o
                0x80002318                DataSession_brdcst_func
 .text.DataSession_reply_func
                0x8000239c       0x58 src/Application/app/app.o
                0x8000239c                DataSession_reply_func
 .text.CallControl_brdcst_func
                0x800023f4       0x44 src/Application/app/app.o
                0x800023f4                CallControl_brdcst_func
 .text.TransmitControl_brdcst_func
                0x80002438       0x48 src/Application/app/app.o
                0x80002438                TransmitControl_brdcst_func
 .text.TransmitControl_reply_func
                0x80002480       0x60 src/Application/app/app.o
                0x80002480                TransmitControl_reply_func
 .text.AudioRoutingControl_reply_func
                0x800024e0       0x30 src/Application/app/app.o
                0x800024e0                AudioRoutingControl_reply_func
 .text.Volume_reply_func
                0x80002510       0x64 src/Application/app/app.o
                0x80002510                Volume_reply_func
 .text.spk_brdcst_func
                0x80002574       0x38 src/Application/app/app.o
                0x80002574                spk_brdcst_func
 .text.spk_reply_func
                0x800025ac       0x48 src/Application/app/app.o
                0x800025ac                spk_reply_func
 .text.mic_brdcst_func
                0x800025f4       0x58 src/Application/app/app.o
                0x800025f4                mic_brdcst_func
 .text.mic_reply_func
                0x8000264c       0x94 src/Application/app/app.o
                0x8000264c                mic_reply_func
 .text.dcm_brdcst_func
                0x800026e0       0x48 src/Application/app/app.o
                0x800026e0                dcm_brdcst_func
 .text.dcm_reply_func
                0x80002728       0x68 src/Application/app/app.o
                0x80002728                dcm_reply_func
 .text.ToneControl_reply_func
                0x80002790       0x28 src/Application/app/app.o
                0x80002790                ToneControl_reply_func
 .text.app_cfg  0x800027b8       0xa8 src/Application/app/app.o
 .text.app_payload_rx_proc
                0x80002860       0x4c src/Application/app/app.o
 .text.DeviceInitializationStatus_brdcst_func
                0x800028ac       0x38 src/Application/app/app.o
                0x800028ac                DeviceInitializationStatus_brdcst_func
 .text.send_flash_command
                0x800028e4      0x1bc src/Application/flash/data_flash.o
                0x800028e4                send_flash_command
 .text.data_flash_read_block
                0x80002aa0       0x38 src/Application/flash/data_flash.o
                0x80002aa0                data_flash_read_block
 .text.data_flash_write_page
                0x80002ad8       0x9c src/Application/flash/data_flash.o
                0x80002ad8                data_flash_write_page
 .text.data_flash_write_block
                0x80002b74       0xc0 src/Application/flash/data_flash.o
                0x80002b74                data_flash_write_block
 .text.data_flash_erase_block
                0x80002c34       0x9c src/Application/flash/data_flash.o
                0x80002c34                data_flash_erase_block
 .text.data_flash_write
                0x80002cd0       0xf0 src/Application/flash/data_flash.o
                0x80002cd0                data_flash_write
 .text.data_flash_init
                0x80002dc0      0x148 src/Application/flash/data_flash.o
                0x80002dc0                data_flash_init
 .text.CalculateBurst
                0x80002f08       0x1c src/Application/radio/ambe.o
                0x80002f08                CalculateBurst
 .text.payload_init
                0x80002f24       0x38 src/Application/radio/payload.o
                0x80002f24                payload_init
 .text.payload_rx_process
                0x80002f5c       0x4c src/Application/radio/payload.o
 .text.set_idle_store_isr
                0x80002fa8       0x1c src/Application/radio/physical.o
                0x80002fa8                set_idle_store_isr
 .text.phy_rx   0x80002fc4       0x38 src/Application/radio/physical.o
                0x80002fc4                phy_rx
 .text.set_idle_store
                0x80002ffc       0x20 src/Application/radio/physical.o
                0x80002ffc                set_idle_store
 .text.phy_tx   0x8000301c       0x5c src/Application/radio/physical.o
                0x8000301c                phy_tx
 .text.get_idle_store_isr
                0x80003078       0x28 src/Application/radio/physical.o
                0x80003078                get_idle_store_isr
 .text.phy_tx_func
                0x800030a0      0x4c8 src/Application/radio/physical.o
 .text.get_idle_store
                0x80003568       0x28 src/Application/radio/physical.o
                0x80003568                get_idle_store
 .text.phy_init
                0x80003590       0xbc src/Application/radio/physical.o
                0x80003590                phy_init
 .text.payload_rx
                0x8000364c       0x60 src/Application/radio/physical.o
 .text.phy_rx_func
                0x800036ac      0xc58 src/Application/radio/physical.o
 .text.pdca_int_handler
                0x80004304       0x74 src/Application/radio/ssc.o
 .text.local_start_SSC
                0x80004378       0x44 src/Application/radio/ssc.o
                0x80004378                local_start_SSC
 .text.local_start_PDC
                0x800043bc       0x6c src/Application/radio/ssc.o
                0x800043bc                local_start_PDC
 .text.register_rx_tx_func
                0x80004428       0x14 src/Application/radio/ssc.o
                0x80004428                register_rx_tx_func
 .text.ssc_init
                0x8000443c       0x68 src/Application/radio/ssc.o
                0x8000443c                ssc_init
 .text.xcmp_register_app_list
                0x800044a4        0xc src/Application/radio/xcmp.o
                0x800044a4                xcmp_register_app_list
 .text.xcmp_tx  0x800044b0       0x48 src/Application/radio/xcmp.o
 .text.xcmp_enter_device_control_mode
                0x800044f8       0x2c src/Application/radio/xcmp.o
                0x800044f8                xcmp_enter_device_control_mode
 .text.xcmp_audio_route_AMBE
                0x80004524       0x60 src/Application/radio/xcmp.o
                0x80004524                xcmp_audio_route_AMBE
 .text.xcmp_enter_enhanced_OB_mode
                0x80004584       0x24 src/Application/radio/xcmp.o
                0x80004584                xcmp_enter_enhanced_OB_mode
 .text.xcmp_DeviceInitializationStatus_request
                0x800045a8       0x40 src/Application/radio/xcmp.o
                0x800045a8                xcmp_DeviceInitializationStatus_request
 .text.xcmp_opcode_not_supported
                0x800045e8       0x24 src/Application/radio/xcmp.o
                0x800045e8                xcmp_opcode_not_supported
 .text.xcmp_exec_func
                0x8000460c       0x48 src/Application/radio/xcmp.o
 .text.xcmp_IdleTestTone
                0x80004654       0x60 src/Application/radio/xcmp.o
                0x80004654                xcmp_IdleTestTone
 .text.xcmp_init
                0x800046b4       0x54 src/Application/radio/xcmp.o
                0x800046b4                xcmp_init
 .text.xcmp_rx_process
                0x80004708       0xfc src/Application/radio/xcmp.o
 .text.xcmp_rx  0x80004804       0x4c src/Application/radio/xcmp.o
 .text.xnl_register_xcmp_func
                0x80004850        0xc src/Application/radio/xnl.o
                0x80004850                xnl_register_xcmp_func
 .text.xnl_get_msg_ack_func
                0x8000485c       0x2c src/Application/radio/xnl.o
                0x8000485c                xnl_get_msg_ack_func
 .text.xnl_tx_process
                0x80004888       0xc8 src/Application/radio/xnl.o
 .text.xnl_rx_process
                0x80004950       0x60 src/Application/radio/xnl.o
 .text.xnl_tx   0x800049b0       0xe4 src/Application/radio/xnl.o
                0x800049b0                xnl_tx
 .text.xnl_init
                0x80004a94       0xd4 src/Application/radio/xnl.o
                0x80004a94                xnl_init
 .text.xnl_data_msg_func
                0x80004b68       0x60 src/Application/radio/xnl.o
                0x80004b68                xnl_data_msg_func
 .text.xnl_device_auth_reply_func
                0x80004bc8      0x120 src/Application/radio/xnl.o
                0x80004bc8                xnl_device_auth_reply_func
 .text.xnl_master_status_brdcst_func
                0x80004ce8       0x60 src/Application/radio/xnl.o
                0x80004ce8                xnl_master_status_brdcst_func
 .text.xnl_device_conn_reply_func
                0x80004d48       0x5c src/Application/radio/xnl.o
                0x80004d48                xnl_device_conn_reply_func
 .text.local_start_pll0
                0x80004da4       0x50 src/Application/rtc/rtc.o
                0x80004da4                local_start_pll0
 .text.local_start_timer
                0x80004df4       0x3a src/Application/timers/timer.o
                0x80004df4                local_start_timer
 *fill*         0x80004e2e        0x2 d703d703
 .text.playback_voice_data
                0x80004e30       0xfc src/Application/voice/voice.o
                0x80004e30                playback_voice_data
 .text.voc_save_info
                0x80004f2c       0x84 src/Application/voice/voice.o
                0x80004f2c                voc_save_info
 .text.voc_save_data
                0x80004fb0       0x94 src/Application/voice/voice.o
                0x80004fb0                voc_save_data
 .text.voc_read_info
                0x80005044       0x8c src/Application/voice/voice.o
                0x80005044                voc_read_info
 .text.voc_read_write_test
                0x800050d0       0xec src/Application/voice/voice.o
                0x800050d0                voc_read_write_test
 .text.voc_init
                0x800051bc      0x1d8 src/Application/voice/voice.o
                0x800051bc                voc_init
 .text.gpio_enable_module_pin
                0x80005394       0x52 src/ASF/avr32/drivers/gpio/gpio.o
                0x80005394                gpio_enable_module_pin
 *fill*         0x800053e6        0x2 d703d703
 .text.gpio_enable_module
                0x800053e8       0x30 src/ASF/avr32/drivers/gpio/gpio.o
                0x800053e8                gpio_enable_module
 .text.gpio_enable_gpio_pin
                0x80005418       0x18 src/ASF/avr32/drivers/gpio/gpio.o
                0x80005418                gpio_enable_gpio_pin
 .text.gpio_set_gpio_pin
                0x80005430       0x1c src/ASF/avr32/drivers/gpio/gpio.o
                0x80005430                gpio_set_gpio_pin
 .text._unhandled_interrupt
                0x8000544c        0x2 src/ASF/avr32/drivers/intc/intc.o
 *fill*         0x8000544e        0x2 d703d703
 .text.INTC_register_interrupt
                0x80005450       0x80 src/ASF/avr32/drivers/intc/intc.o
                0x80005450                INTC_register_interrupt
 .text.INTC_init_interrupts
                0x800054d0       0x54 src/ASF/avr32/drivers/intc/intc.o
                0x800054d0                INTC_init_interrupts
 .text._get_interrupt_handler
                0x80005524       0x38 src/ASF/avr32/drivers/intc/intc.o
                0x80005524                _get_interrupt_handler
 .text.getBaudDiv
                0x8000555c       0x20 src/ASF/avr32/drivers/spi/spi.o
                0x8000555c                getBaudDiv
 .text.spi_initMaster
                0x8000557c       0x38 src/ASF/avr32/drivers/spi/spi.o
                0x8000557c                spi_initMaster
 .text.spi_selectionMode
                0x800055b4       0x2c src/ASF/avr32/drivers/spi/spi.o
                0x800055b4                spi_selectionMode
 .text.spi_selectChip
                0x800055e0       0x4c src/ASF/avr32/drivers/spi/spi.o
                0x800055e0                spi_selectChip
 .text.spi_unselectChip
                0x8000562c       0x26 src/ASF/avr32/drivers/spi/spi.o
                0x8000562c                spi_unselectChip
 *fill*         0x80005652        0x2 d703d703
 .text.spi_setupChipReg
                0x80005654       0xb8 src/ASF/avr32/drivers/spi/spi.o
                0x80005654                spi_setupChipReg
 .text.spi_enable
                0x8000570c        0x6 src/ASF/avr32/drivers/spi/spi.o
                0x8000570c                spi_enable
 .text.spi_write
                0x80005712       0x1c src/ASF/avr32/drivers/spi/spi.o
                0x80005712                spi_write
 .text.spi_read
                0x8000572e       0x20 src/ASF/avr32/drivers/spi/spi.o
                0x8000572e                spi_read
 .text.usart_set_async_baudrate
                0x8000574e       0x5a src/ASF/avr32/drivers/usart/usart.o
 .text.usart_write_char
                0x800057a8       0x14 src/ASF/avr32/drivers/usart/usart.o
                0x800057a8                usart_write_char
 .text.usart_putchar
                0x800057bc       0x2c src/ASF/avr32/drivers/usart/usart.o
                0x800057bc                usart_putchar
 .text.usart_read_char
                0x800057e8       0x22 src/ASF/avr32/drivers/usart/usart.o
                0x800057e8                usart_read_char
 *fill*         0x8000580a        0x2 d703d703
 .text.usart_getchar
                0x8000580c       0x2c src/ASF/avr32/drivers/usart/usart.o
                0x8000580c                usart_getchar
 .text.usart_write_line
                0x80005838       0x24 src/ASF/avr32/drivers/usart/usart.o
                0x80005838                usart_write_line
 .text.usart_reset
                0x8000585c       0x2c src/ASF/avr32/drivers/usart/usart.o
                0x8000585c                usart_reset
 .text.usart_init_rs232
                0x80005888       0xcc src/ASF/avr32/drivers/usart/usart.o
                0x80005888                usart_init_rs232
 .text._stext   0x80005954       0x40 src/ASF/avr32/utils/startup/startup_uc3.o
                                 0x50 (size before relaxing)
                0x80005954                _stext
 .text.vListInitialise
                0x80005994       0x14 src/ASF/thirdparty/freertos/freertos-7.0.0/source/list.o
                0x80005994                vListInitialise
 .text.vListInitialiseItem
                0x800059a8        0x6 src/ASF/thirdparty/freertos/freertos-7.0.0/source/list.o
                0x800059a8                vListInitialiseItem
 .text.vListInsertEnd
                0x800059ae       0x1c src/ASF/thirdparty/freertos/freertos-7.0.0/source/list.o
                0x800059ae                vListInsertEnd
 .text.vListInsert
                0x800059ca       0x34 src/ASF/thirdparty/freertos/freertos-7.0.0/source/list.o
                0x800059ca                vListInsert
 .text.vListRemove
                0x800059fe       0x26 src/ASF/thirdparty/freertos/freertos-7.0.0/source/list.o
                0x800059fe                vListRemove
 .text.pxPortInitialiseStack
                0x80005a24       0x92 src/ASF/thirdparty/freertos/freertos-7.0.0/source/portable/gcc/avr32_uc3/port.o
                0x80005a24                pxPortInitialiseStack
 *fill*         0x80005ab6        0x2 d703d703
 .text.vPortEnterCritical
                0x80005ab8       0x10 src/ASF/thirdparty/freertos/freertos-7.0.0/source/portable/gcc/avr32_uc3/port.o
                0x80005ab8                vPortEnterCritical
 .text.xPortStartScheduler
                0x80005ac8       0x58 src/ASF/thirdparty/freertos/freertos-7.0.0/source/portable/gcc/avr32_uc3/port.o
                0x80005ac8                xPortStartScheduler
 .text.SCALLYield
                0x80005b20       0x98 src/ASF/thirdparty/freertos/freertos-7.0.0/source/portable/gcc/avr32_uc3/port.o
                0x80005b20                SCALLYield
 .text.prvClearCcInt
                0x80005bb8        0xa src/ASF/thirdparty/freertos/freertos-7.0.0/source/portable/gcc/avr32_uc3/port.o
 *fill*         0x80005bc2        0x2 d703d703
 .text.vPortExitCritical
                0x80005bc4       0x20 src/ASF/thirdparty/freertos/freertos-7.0.0/source/portable/gcc/avr32_uc3/port.o
                0x80005bc4                vPortExitCritical
 .text.vTick    0x80005be4       0x84 src/ASF/thirdparty/freertos/freertos-7.0.0/source/portable/gcc/avr32_uc3/port.o
 .text.__malloc_lock
                0x80005c68        0xc src/ASF/thirdparty/freertos/freertos-7.0.0/source/portable/gcc/avr32_uc3/port.o
                0x80005c68                __malloc_lock
 .text.__malloc_unlock
                0x80005c74        0xc src/ASF/thirdparty/freertos/freertos-7.0.0/source/portable/gcc/avr32_uc3/port.o
                0x80005c74                __malloc_unlock
 .text._read    0x80005c80       0x40 src/ASF/thirdparty/freertos/freertos-7.0.0/source/portable/gcc/avr32_uc3/read.o
                0x80005c80                _read
 .text._write   0x80005cc0       0x3c src/ASF/thirdparty/freertos/freertos-7.0.0/source/portable/gcc/avr32_uc3/write.o
                0x80005cc0                _write
 .text.vPortFree
                0x80005cfc       0x28 src/ASF/thirdparty/freertos/freertos-7.0.0/source/portable/memmang/heap_3.o
                0x80005cfc                vPortFree
 .text.pvPortMalloc
                0x80005d24       0x28 src/ASF/thirdparty/freertos/freertos-7.0.0/source/portable/memmang/heap_3.o
                0x80005d24                pvPortMalloc
 .text.prvCopyDataFromQueue
                0x80005d4c       0x30 src/ASF/thirdparty/freertos/freertos-7.0.0/source/queue.o
 .text.xQueueReceiveFromISR
                0x80005d7c       0x50 src/ASF/thirdparty/freertos/freertos-7.0.0/source/queue.o
                0x80005d7c                xQueueReceiveFromISR
 .text.prvUnlockQueue
                0x80005dcc       0xa0 src/ASF/thirdparty/freertos/freertos-7.0.0/source/queue.o
 .text.xQueueGenericReceive
                0x80005e6c      0x144 src/ASF/thirdparty/freertos/freertos-7.0.0/source/queue.o
                0x80005e6c                xQueueGenericReceive
 .text.prvCopyDataToQueue
                0x80005fb0       0x78 src/ASF/thirdparty/freertos/freertos-7.0.0/source/queue.o
 .text.xQueueGenericSendFromISR
                0x80006028       0x50 src/ASF/thirdparty/freertos/freertos-7.0.0/source/queue.o
                0x80006028                xQueueGenericSendFromISR
 .text.xQueueGenericSend
                0x80006078      0x100 src/ASF/thirdparty/freertos/freertos-7.0.0/source/queue.o
                0x80006078                xQueueGenericSend
 .text.xQueueCreate
                0x80006178       0x74 src/ASF/thirdparty/freertos/freertos-7.0.0/source/queue.o
                0x80006178                xQueueCreate
 .text.vTaskSuspendAll
                0x800061ec       0x10 src/ASF/thirdparty/freertos/freertos-7.0.0/source/tasks.o
                0x800061ec                vTaskSuspendAll
 .text.vTaskSwitchContext
                0x800061fc       0x7c src/ASF/thirdparty/freertos/freertos-7.0.0/source/tasks.o
                0x800061fc                vTaskSwitchContext
 .text.vTaskSetTimeOutState
                0x80006278       0x18 src/ASF/thirdparty/freertos/freertos-7.0.0/source/tasks.o
                0x80006278                vTaskSetTimeOutState
 .text.vTaskMissedYield
                0x80006290        0xc src/ASF/thirdparty/freertos/freertos-7.0.0/source/tasks.o
                0x80006290                vTaskMissedYield
 .text.xTaskGetCurrentTaskHandle
                0x8000629c        0xc src/ASF/thirdparty/freertos/freertos-7.0.0/source/tasks.o
                0x8000629c                xTaskGetCurrentTaskHandle
 .text.vTaskPriorityDisinherit
                0x800062a8       0x58 src/ASF/thirdparty/freertos/freertos-7.0.0/source/tasks.o
                0x800062a8                vTaskPriorityDisinherit
 .text.vTaskPriorityInherit
                0x80006300       0x84 src/ASF/thirdparty/freertos/freertos-7.0.0/source/tasks.o
                0x80006300                vTaskPriorityInherit
 .text.xTaskRemoveFromEventList
                0x80006384       0x7c src/ASF/thirdparty/freertos/freertos-7.0.0/source/tasks.o
                0x80006384                xTaskRemoveFromEventList
 .text.vTaskIncrementTick
                0x80006400      0x114 src/ASF/thirdparty/freertos/freertos-7.0.0/source/tasks.o
                0x80006400                vTaskIncrementTick
 .text.xTaskCheckForTimeOut
                0x80006514       0x70 src/ASF/thirdparty/freertos/freertos-7.0.0/source/tasks.o
                0x80006514                xTaskCheckForTimeOut
 .text.xTaskGetTickCount
                0x80006584       0x24 src/ASF/thirdparty/freertos/freertos-7.0.0/source/tasks.o
                0x80006584                xTaskGetTickCount
 .text.xTaskResumeAll
                0x800065a8       0xe8 src/ASF/thirdparty/freertos/freertos-7.0.0/source/tasks.o
                0x800065a8                xTaskResumeAll
 .text.prvAddCurrentTaskToDelayedList
                0x80006690       0x5c src/ASF/thirdparty/freertos/freertos-7.0.0/source/tasks.o
 .text.vTaskDelayUntil
                0x800066ec       0x80 src/ASF/thirdparty/freertos/freertos-7.0.0/source/tasks.o
                0x800066ec                vTaskDelayUntil
 .text.vTaskPlaceOnEventList
                0x8000676c       0x58 src/ASF/thirdparty/freertos/freertos-7.0.0/source/tasks.o
                0x8000676c                vTaskPlaceOnEventList
 .text.prvIdleTask
                0x800067c4       0x88 src/ASF/thirdparty/freertos/freertos-7.0.0/source/tasks.o
 .text.xTaskGenericCreate
                0x8000684c      0x1e8 src/ASF/thirdparty/freertos/freertos-7.0.0/source/tasks.o
                0x8000684c                xTaskGenericCreate
 .text.vTaskStartScheduler
                0x80006a34       0x4c src/ASF/thirdparty/freertos/freertos-7.0.0/source/tasks.o
                0x80006a34                vTaskStartScheduler
 .text.PrintChar
                0x80006a80        0x4 src/Log/log.o
                0x80006a80                PrintChar
 .text.PrintHex
                0x80006a84       0xb2 src/Log/log.o
                0x80006a84                PrintHex
 .text.PrintDec
                0x80006b36       0xda src/Log/log.o
                0x80006b36                PrintDec
 .text.log      0x80006c10      0x18c src/Log/log.o
                0x80006c10                log
 .text.logFromISR
                0x80006d9c      0x180 src/Log/log.o
                0x80006d9c                logFromISR
 .text.log_init
                0x80006f1c       0x68 src/Log/log.o
                0x80006f1c                log_init
 .text.task_log
                0x80006f84       0x44 src/Log/log.o
 .text.main     0x80006fc8       0x84 src/main.o
                0x80006fc8                main
 .text.free     0x8000704c       0x10 d:/program files (x86)/atmel/studio/7.0/toolchain/avr32/avr32-gnu-toolchain/bin/../lib/gcc/avr32/4.4.7/../../../../avr32/lib/ucr2\libc.a(lib_a-malloc.o)
                                 0x18 (size before relaxing)
                0x8000704c                free
 .text.malloc   0x8000705c       0x10 d:/program files (x86)/atmel/studio/7.0/toolchain/avr32/avr32-gnu-toolchain/bin/../lib/gcc/avr32/4.4.7/../../../../avr32/lib/ucr2\libc.a(lib_a-malloc.o)
                                 0x18 (size before relaxing)
                0x8000705c                malloc
 .text._malloc_r
                0x8000706c      0x438 d:/program files (x86)/atmel/studio/7.0/toolchain/avr32/avr32-gnu-toolchain/bin/../lib/gcc/avr32/4.4.7/../../../../avr32/lib/ucr2\libc.a(lib_a-mallocr.o)
                                0x450 (size before relaxing)
                0x8000706c                _malloc_r
 .text.memcmp   0x800074a4       0x26 d:/program files (x86)/atmel/studio/7.0/toolchain/avr32/avr32-gnu-toolchain/bin/../lib/gcc/avr32/4.4.7/../../../../avr32/lib/ucr2\libc.a(lib_a-memcmp.o)
                0x800074a4                memcmp
 .text          0x800074ca      0x148 d:/program files (x86)/atmel/studio/7.0/toolchain/avr32/avr32-gnu-toolchain/bin/../lib/gcc/avr32/4.4.7/../../../../avr32/lib/ucr2\libc.a(lib_a-memcpy.o)
                0x800074ca                memcpy
 .text.memset   0x80007612        0xe d:/program files (x86)/atmel/studio/7.0/toolchain/avr32/avr32-gnu-toolchain/bin/../lib/gcc/avr32/4.4.7/../../../../avr32/lib/ucr2\libc.a(lib_a-memset.o)
                0x80007612                memset
 .text._realloc_r
                0x80007620      0x2c0 d:/program files (x86)/atmel/studio/7.0/toolchain/avr32/avr32-gnu-toolchain/bin/../lib/gcc/avr32/4.4.7/../../../../avr32/lib/ucr2\libc.a(lib_a-reallocr.o)
                                0x2e0 (size before relaxing)
                0x80007620                _realloc_r
 .text._sbrk_r  0x800078e0       0x20 d:/program files (x86)/atmel/studio/7.0/toolchain/avr32/avr32-gnu-toolchain/bin/../lib/gcc/avr32/4.4.7/../../../../avr32/lib/ucr2\libc.a(lib_a-sbrkr.o)
                                 0x28 (size before relaxing)
                0x800078e0                _sbrk_r
 .text.sprintf  0x80007900       0x3c d:/program files (x86)/atmel/studio/7.0/toolchain/avr32/avr32-gnu-toolchain/bin/../lib/gcc/avr32/4.4.7/../../../../avr32/lib/ucr2\libc.a(lib_a-sprintf.o)
                                 0x40 (size before relaxing)
                0x80007900                sprintf
 .text          0x8000793c       0x20 d:/program files (x86)/atmel/studio/7.0/toolchain/avr32/avr32-gnu-toolchain/bin/../lib/gcc/avr32/4.4.7/../../../../avr32/lib/ucr2\libc.a(lib_a-strncpy.o)
                0x8000793c                strncpy
 .text._close   0x8000795c       0x14 d:/program files (x86)/atmel/studio/7.0/toolchain/avr32/avr32-gnu-toolchain/bin/../lib/gcc/avr32/4.4.7/../../../../avr32/lib/ucr2\libc.a(lib_a-syscalls.o)
                                 0x18 (size before relaxing)
                0x8000795c                _close
 .text._lseek   0x80007970       0x14 d:/program files (x86)/atmel/studio/7.0/toolchain/avr32/avr32-gnu-toolchain/bin/../lib/gcc/avr32/4.4.7/../../../../avr32/lib/ucr2\libc.a(lib_a-syscalls.o)
                                 0x18 (size before relaxing)
                0x80007970                _lseek
 .text.isatty   0x80007984       0x14 d:/program files (x86)/atmel/studio/7.0/toolchain/avr32/avr32-gnu-toolchain/bin/../lib/gcc/avr32/4.4.7/../../../../avr32/lib/ucr2\libc.a(lib_a-syscalls.o)
                                 0x18 (size before relaxing)
                0x80007984                isatty
 .text._fstat_host
                0x80007998       0x14 d:/program files (x86)/atmel/studio/7.0/toolchain/avr32/avr32-gnu-toolchain/bin/../lib/gcc/avr32/4.4.7/../../../../avr32/lib/ucr2\libc.a(lib_a-syscalls.o)
                                 0x18 (size before relaxing)
                0x80007998                _fstat_host
 .text._fstat   0x800079ac       0x4c d:/program files (x86)/atmel/studio/7.0/toolchain/avr32/avr32-gnu-toolchain/bin/../lib/gcc/avr32/4.4.7/../../../../avr32/lib/ucr2\libc.a(lib_a-syscalls.o)
                                 0x50 (size before relaxing)
                0x800079ac                _fstat
 .text._sbrk    0x800079f8       0x38 d:/program files (x86)/atmel/studio/7.0/toolchain/avr32/avr32-gnu-toolchain/bin/../lib/gcc/avr32/4.4.7/../../../../avr32/lib/ucr2\libc.a(lib_a-syscalls.o)
                                 0x40 (size before relaxing)
                0x800079f8                _sbrk
 .text.get_arg  0x80007a30      0x314 d:/program files (x86)/atmel/studio/7.0/toolchain/avr32/avr32-gnu-toolchain/bin/../lib/gcc/avr32/4.4.7/../../../../avr32/lib/ucr2\libc.a(lib_a-vfprintf.o)
                                0x324 (size before relaxing)
 .text.__sprint_r
                0x80007d44       0x1c d:/program files (x86)/atmel/studio/7.0/toolchain/avr32/avr32-gnu-toolchain/bin/../lib/gcc/avr32/4.4.7/../../../../avr32/lib/ucr2\libc.a(lib_a-vfprintf.o)
                                 0x20 (size before relaxing)
 .text._vfprintf_r
                0x80007d60     0x1f14 d:/program files (x86)/atmel/studio/7.0/toolchain/avr32/avr32-gnu-toolchain/bin/../lib/gcc/avr32/4.4.7/../../../../avr32/lib/ucr2\libc.a(lib_a-vfprintf.o)
                               0x1f9c (size before relaxing)
                0x80007d60                _vfprintf_r
 .text.__swsetup_r
                0x80009c74       0xdc d:/program files (x86)/atmel/studio/7.0/toolchain/avr32/avr32-gnu-toolchain/bin/../lib/gcc/avr32/4.4.7/../../../../avr32/lib/ucr2\libc.a(lib_a-wsetup.o)
                                 0xe8 (size before relaxing)
                0x80009c74                __swsetup_r
 .text.quorem   0x80009d50      0x120 d:/program files (x86)/atmel/studio/7.0/toolchain/avr32/avr32-gnu-toolchain/bin/../lib/gcc/avr32/4.4.7/../../../../avr32/lib/ucr2\libc.a(lib_a-dtoa.o)
                                0x124 (size before relaxing)
 .text._dtoa_r  0x80009e70      0xbdc d:/program files (x86)/atmel/studio/7.0/toolchain/avr32/avr32-gnu-toolchain/bin/../lib/gcc/avr32/4.4.7/../../../../avr32/lib/ucr2\libc.a(lib_a-dtoa.o)
                                0xc90 (size before relaxing)
                0x80009e70                _dtoa_r
 .text.__errno  0x8000aa4c        0xc d:/program files (x86)/atmel/studio/7.0/toolchain/avr32/avr32-gnu-toolchain/bin/../lib/gcc/avr32/4.4.7/../../../../avr32/lib/ucr2\libc.a(lib_a-errno.o)
                0x8000aa4c                __errno
 .text._fflush_r
                0x8000aa58      0x10c d:/program files (x86)/atmel/studio/7.0/toolchain/avr32/avr32-gnu-toolchain/bin/../lib/gcc/avr32/4.4.7/../../../../avr32/lib/ucr2\libc.a(lib_a-fflush.o)
                                0x118 (size before relaxing)
                0x8000aa58                _fflush_r
 .text.__sfp_lock_acquire
                0x8000ab64        0x2 d:/program files (x86)/atmel/studio/7.0/toolchain/avr32/avr32-gnu-toolchain/bin/../lib/gcc/avr32/4.4.7/../../../../avr32/lib/ucr2\libc.a(lib_a-findfp.o)
                0x8000ab64                __sfp_lock_acquire
 .text.__sfp_lock_release
                0x8000ab66        0x2 d:/program files (x86)/atmel/studio/7.0/toolchain/avr32/avr32-gnu-toolchain/bin/../lib/gcc/avr32/4.4.7/../../../../avr32/lib/ucr2\libc.a(lib_a-findfp.o)
                0x8000ab66                __sfp_lock_release
 .text._cleanup_r
                0x8000ab68        0xc d:/program files (x86)/atmel/studio/7.0/toolchain/avr32/avr32-gnu-toolchain/bin/../lib/gcc/avr32/4.4.7/../../../../avr32/lib/ucr2\libc.a(lib_a-findfp.o)
                                 0x14 (size before relaxing)
                0x8000ab68                _cleanup_r
 .text.__sfmoreglue
                0x8000ab74       0x28 d:/program files (x86)/atmel/studio/7.0/toolchain/avr32/avr32-gnu-toolchain/bin/../lib/gcc/avr32/4.4.7/../../../../avr32/lib/ucr2\libc.a(lib_a-findfp.o)
                                 0x30 (size before relaxing)
                0x8000ab74                __sfmoreglue
 .text.__sfp    0x8000ab9c       0x6c d:/program files (x86)/atmel/studio/7.0/toolchain/avr32/avr32-gnu-toolchain/bin/../lib/gcc/avr32/4.4.7/../../../../avr32/lib/ucr2\libc.a(lib_a-findfp.o)
                                 0x7c (size before relaxing)
                0x8000ab9c                __sfp
 .text.__sinit  0x8000ac08       0x9c d:/program files (x86)/atmel/studio/7.0/toolchain/avr32/avr32-gnu-toolchain/bin/../lib/gcc/avr32/4.4.7/../../../../avr32/lib/ucr2\libc.a(lib_a-findfp.o)
                                 0xb0 (size before relaxing)
                0x8000ac08                __sinit
 .text._malloc_trim_r
                0x8000aca4       0x98 d:/program files (x86)/atmel/studio/7.0/toolchain/avr32/avr32-gnu-toolchain/bin/../lib/gcc/avr32/4.4.7/../../../../avr32/lib/ucr2\libc.a(lib_a-freer.o)
                                 0xa8 (size before relaxing)
                0x8000aca4                _malloc_trim_r
 .text._free_r  0x8000ad3c      0x18c d:/program files (x86)/atmel/studio/7.0/toolchain/avr32/avr32-gnu-toolchain/bin/../lib/gcc/avr32/4.4.7/../../../../avr32/lib/ucr2\libc.a(lib_a-freer.o)
                                0x1a0 (size before relaxing)
                0x8000ad3c                _free_r
 .text.__sfvwrite_r
                0x8000aec8      0x294 d:/program files (x86)/atmel/studio/7.0/toolchain/avr32/avr32-gnu-toolchain/bin/../lib/gcc/avr32/4.4.7/../../../../avr32/lib/ucr2\libc.a(lib_a-fvwrite.o)
                                0x2c4 (size before relaxing)
                0x8000aec8                __sfvwrite_r
 .text._fwalk   0x8000b15c       0x4c d:/program files (x86)/atmel/studio/7.0/toolchain/avr32/avr32-gnu-toolchain/bin/../lib/gcc/avr32/4.4.7/../../../../avr32/lib/ucr2\libc.a(lib_a-fwalk.o)
                                 0x54 (size before relaxing)
                0x8000b15c                _fwalk
 .text._localeconv_r
                0x8000b1a8        0x8 d:/program files (x86)/atmel/studio/7.0/toolchain/avr32/avr32-gnu-toolchain/bin/../lib/gcc/avr32/4.4.7/../../../../avr32/lib/ucr2\libc.a(lib_a-locale.o)
                0x8000b1a8                _localeconv_r
 .text.__smakebuf_r
                0x8000b1b0       0xbc d:/program files (x86)/atmel/studio/7.0/toolchain/avr32/avr32-gnu-toolchain/bin/../lib/gcc/avr32/4.4.7/../../../../avr32/lib/ucr2\libc.a(lib_a-makebuf.o)
                                 0xcc (size before relaxing)
                0x8000b1b0                __smakebuf_r
 .text.memchr   0x8000b26c       0x16 d:/program files (x86)/atmel/studio/7.0/toolchain/avr32/avr32-gnu-toolchain/bin/../lib/gcc/avr32/4.4.7/../../../../avr32/lib/ucr2\libc.a(lib_a-memchr.o)
                0x8000b26c                memchr
 .text.memmove  0x8000b282       0x3e d:/program files (x86)/atmel/studio/7.0/toolchain/avr32/avr32-gnu-toolchain/bin/../lib/gcc/avr32/4.4.7/../../../../avr32/lib/ucr2\libc.a(lib_a-memmove.o)
                0x8000b282                memmove
 .text.__hi0bits
                0x8000b2c0       0x60 d:/program files (x86)/atmel/studio/7.0/toolchain/avr32/avr32-gnu-toolchain/bin/../lib/gcc/avr32/4.4.7/../../../../avr32/lib/ucr2\libc.a(lib_a-mprec.o)
                0x8000b2c0                __hi0bits
 .text.__lo0bits
                0x8000b320       0x8e d:/program files (x86)/atmel/studio/7.0/toolchain/avr32/avr32-gnu-toolchain/bin/../lib/gcc/avr32/4.4.7/../../../../avr32/lib/ucr2\libc.a(lib_a-mprec.o)
                0x8000b320                __lo0bits
 .text.__mcmp   0x8000b3ae       0x32 d:/program files (x86)/atmel/studio/7.0/toolchain/avr32/avr32-gnu-toolchain/bin/../lib/gcc/avr32/4.4.7/../../../../avr32/lib/ucr2\libc.a(lib_a-mprec.o)
                0x8000b3ae                __mcmp
 .text._Bfree   0x8000b3e0       0x34 d:/program files (x86)/atmel/studio/7.0/toolchain/avr32/avr32-gnu-toolchain/bin/../lib/gcc/avr32/4.4.7/../../../../avr32/lib/ucr2\libc.a(lib_a-mprec.o)
                                 0x38 (size before relaxing)
                0x8000b3e0                _Bfree
 .text._Balloc  0x8000b414       0x70 d:/program files (x86)/atmel/studio/7.0/toolchain/avr32/avr32-gnu-toolchain/bin/../lib/gcc/avr32/4.4.7/../../../../avr32/lib/ucr2\libc.a(lib_a-mprec.o)
                                 0x78 (size before relaxing)
                0x8000b414                _Balloc
 .text.__d2b    0x8000b484       0xa0 d:/program files (x86)/atmel/studio/7.0/toolchain/avr32/avr32-gnu-toolchain/bin/../lib/gcc/avr32/4.4.7/../../../../avr32/lib/ucr2\libc.a(lib_a-mprec.o)
                                 0xb4 (size before relaxing)
                0x8000b484                __d2b
 .text.__mdiff  0x8000b524       0xd0 d:/program files (x86)/atmel/studio/7.0/toolchain/avr32/avr32-gnu-toolchain/bin/../lib/gcc/avr32/4.4.7/../../../../avr32/lib/ucr2\libc.a(lib_a-mprec.o)
                                 0xd8 (size before relaxing)
                0x8000b524                __mdiff
 .text.__lshift
                0x8000b5f4       0x88 d:/program files (x86)/atmel/studio/7.0/toolchain/avr32/avr32-gnu-toolchain/bin/../lib/gcc/avr32/4.4.7/../../../../avr32/lib/ucr2\libc.a(lib_a-mprec.o)
                                 0x94 (size before relaxing)
                0x8000b5f4                __lshift
 .text.__multiply
                0x8000b67c      0x100 d:/program files (x86)/atmel/studio/7.0/toolchain/avr32/avr32-gnu-toolchain/bin/../lib/gcc/avr32/4.4.7/../../../../avr32/lib/ucr2\libc.a(lib_a-mprec.o)
                                0x108 (size before relaxing)
                0x8000b67c                __multiply
 .text.__i2b    0x8000b77c       0x10 d:/program files (x86)/atmel/studio/7.0/toolchain/avr32/avr32-gnu-toolchain/bin/../lib/gcc/avr32/4.4.7/../../../../avr32/lib/ucr2\libc.a(lib_a-mprec.o)
                                 0x18 (size before relaxing)
                0x8000b77c                __i2b
 .text.__multadd
                0x8000b78c       0x7c d:/program files (x86)/atmel/studio/7.0/toolchain/avr32/avr32-gnu-toolchain/bin/../lib/gcc/avr32/4.4.7/../../../../avr32/lib/ucr2\libc.a(lib_a-mprec.o)
                                 0x88 (size before relaxing)
                0x8000b78c                __multadd
 .text.__pow5mult
                0x8000b808       0x8c d:/program files (x86)/atmel/studio/7.0/toolchain/avr32/avr32-gnu-toolchain/bin/../lib/gcc/avr32/4.4.7/../../../../avr32/lib/ucr2\libc.a(lib_a-mprec.o)
                                 0xac (size before relaxing)
                0x8000b808                __pow5mult
 .text.__isinfd
                0x8000b894       0x2a d:/program files (x86)/atmel/studio/7.0/toolchain/avr32/avr32-gnu-toolchain/bin/../lib/gcc/avr32/4.4.7/../../../../avr32/lib/ucr2\libc.a(lib_a-s_isinfd.o)
                0x8000b894                __isinfd
 .text.__isnand
                0x8000b8be       0x1c d:/program files (x86)/atmel/studio/7.0/toolchain/avr32/avr32-gnu-toolchain/bin/../lib/gcc/avr32/4.4.7/../../../../avr32/lib/ucr2\libc.a(lib_a-s_isnand.o)
                0x8000b8be                __isnand
 *fill*         0x8000b8da        0x2 d703d703
 .text.__sclose
                0x8000b8dc        0x8 d:/program files (x86)/atmel/studio/7.0/toolchain/avr32/avr32-gnu-toolchain/bin/../lib/gcc/avr32/4.4.7/../../../../avr32/lib/ucr2\libc.a(lib_a-stdio.o)
                                 0x10 (size before relaxing)
                0x8000b8dc                __sclose
 .text.__sseek  0x8000b8e4       0x20 d:/program files (x86)/atmel/studio/7.0/toolchain/avr32/avr32-gnu-toolchain/bin/../lib/gcc/avr32/4.4.7/../../../../avr32/lib/ucr2\libc.a(lib_a-stdio.o)
                                 0x28 (size before relaxing)
                0x8000b8e4                __sseek
 .text.__swrite
                0x8000b904       0x2c d:/program files (x86)/atmel/studio/7.0/toolchain/avr32/avr32-gnu-toolchain/bin/../lib/gcc/avr32/4.4.7/../../../../avr32/lib/ucr2\libc.a(lib_a-stdio.o)
                                 0x38 (size before relaxing)
                0x8000b904                __swrite
 .text.__sread  0x8000b930       0x1c d:/program files (x86)/atmel/studio/7.0/toolchain/avr32/avr32-gnu-toolchain/bin/../lib/gcc/avr32/4.4.7/../../../../avr32/lib/ucr2\libc.a(lib_a-stdio.o)
                                 0x24 (size before relaxing)
                0x8000b930                __sread
 .text.strlen   0x8000b94c       0x16 d:/program files (x86)/atmel/studio/7.0/toolchain/avr32/avr32-gnu-toolchain/bin/../lib/gcc/avr32/4.4.7/../../../../avr32/lib/ucr2\libc.a(lib_a-strlen.o)
                0x8000b94c                strlen
 *fill*         0x8000b962        0x2 d703d703
 .text._write_r
                0x8000b964       0x28 d:/program files (x86)/atmel/studio/7.0/toolchain/avr32/avr32-gnu-toolchain/bin/../lib/gcc/avr32/4.4.7/../../../../avr32/lib/ucr2\libc.a(lib_a-writer.o)
                                 0x2c (size before relaxing)
                0x8000b964                _write_r
 .text._calloc_r
                0x8000b98c       0x58 d:/program files (x86)/atmel/studio/7.0/toolchain/avr32/avr32-gnu-toolchain/bin/../lib/gcc/avr32/4.4.7/../../../../avr32/lib/ucr2\libc.a(lib_a-callocr.o)
                                 0x60 (size before relaxing)
                0x8000b98c                _calloc_r
 .text._close_r
                0x8000b9e4       0x20 d:/program files (x86)/atmel/studio/7.0/toolchain/avr32/avr32-gnu-toolchain/bin/../lib/gcc/avr32/4.4.7/../../../../avr32/lib/ucr2\libc.a(lib_a-closer.o)
                                 0x28 (size before relaxing)
                0x8000b9e4                _close_r
 .text._fclose_r
                0x8000ba04       0xb8 d:/program files (x86)/atmel/studio/7.0/toolchain/avr32/avr32-gnu-toolchain/bin/../lib/gcc/avr32/4.4.7/../../../../avr32/lib/ucr2\libc.a(lib_a-fclose.o)
                                 0xd0 (size before relaxing)
                0x8000ba04                _fclose_r
 .text.fclose   0x8000babc       0x10 d:/program files (x86)/atmel/studio/7.0/toolchain/avr32/avr32-gnu-toolchain/bin/../lib/gcc/avr32/4.4.7/../../../../avr32/lib/ucr2\libc.a(lib_a-fclose.o)
                                 0x18 (size before relaxing)
                0x8000babc                fclose
 .text._fstat_r
                0x8000bacc       0x24 d:/program files (x86)/atmel/studio/7.0/toolchain/avr32/avr32-gnu-toolchain/bin/../lib/gcc/avr32/4.4.7/../../../../avr32/lib/ucr2\libc.a(lib_a-fstatr.o)
                                 0x2c (size before relaxing)
                0x8000bacc                _fstat_r
 .text._lseek_r
                0x8000baf0       0x28 d:/program files (x86)/atmel/studio/7.0/toolchain/avr32/avr32-gnu-toolchain/bin/../lib/gcc/avr32/4.4.7/../../../../avr32/lib/ucr2\libc.a(lib_a-lseekr.o)
                                 0x2c (size before relaxing)
                0x8000baf0                _lseek_r
 .text._read_r  0x8000bb18       0x28 d:/program files (x86)/atmel/studio/7.0/toolchain/avr32/avr32-gnu-toolchain/bin/../lib/gcc/avr32/4.4.7/../../../../avr32/lib/ucr2\libc.a(lib_a-readr.o)
                                 0x2c (size before relaxing)
                0x8000bb18                _read_r
 .text          0x8000bb40      0x1d4 d:/program files (x86)/atmel/studio/7.0/toolchain/avr32/avr32-gnu-toolchain/bin/../lib/gcc/avr32/4.4.7/ucr2\libgcc.a(_avr32_f64_mul.o)
                0x8000bb40                __avr32_f64_mul
 .text          0x8000bd14      0x2b0 d:/program files (x86)/atmel/studio/7.0/toolchain/avr32/avr32-gnu-toolchain/bin/../lib/gcc/avr32/4.4.7/ucr2\libgcc.a(_avr32_f64_addsub.o)
                0x8000bd18                __avr32_f64_sub
                0x8000beb4                __avr32_f64_add
 .text          0x8000bfc4       0x2a d:/program files (x86)/atmel/studio/7.0/toolchain/avr32/avr32-gnu-toolchain/bin/../lib/gcc/avr32/4.4.7/ucr2\libgcc.a(_avr32_f64_to_s32.o)
                0x8000bfc4                __avr32_f64_to_u32
                0x8000bfc8                __avr32_f64_to_s32
 .text          0x8000bfee       0xe8 d:/program files (x86)/atmel/studio/7.0/toolchain/avr32/avr32-gnu-toolchain/bin/../lib/gcc/avr32/4.4.7/ucr2\libgcc.a(_avr32_s32_to_f64.o)
                0x8000bfee                __avr32_u32_to_f64
                0x8000bff6                __avr32_s32_to_f64
 .text          0x8000c0d6       0x26 d:/program files (x86)/atmel/studio/7.0/toolchain/avr32/avr32-gnu-toolchain/bin/../lib/gcc/avr32/4.4.7/ucr2\libgcc.a(_avr32_f64_cmp_eq.o)
                0x8000c0d6                __avr32_f64_cmp_eq
 .text          0x8000c0fc       0x68 d:/program files (x86)/atmel/studio/7.0/toolchain/avr32/avr32-gnu-toolchain/bin/../lib/gcc/avr32/4.4.7/ucr2\libgcc.a(_avr32_f64_cmp_ge.o)
                0x8000c0fc                __avr32_f64_cmp_ge
 .text          0x8000c164       0x68 d:/program files (x86)/atmel/studio/7.0/toolchain/avr32/avr32-gnu-toolchain/bin/../lib/gcc/avr32/4.4.7/ucr2\libgcc.a(_avr32_f64_cmp_lt.o)
                0x8000c164                __avr32_f64_cmp_lt
 .text          0x8000c1cc      0x318 d:/program files (x86)/atmel/studio/7.0/toolchain/avr32/avr32-gnu-toolchain/bin/../lib/gcc/avr32/4.4.7/ucr2\libgcc.a(_avr32_f64_div.o)
                0x8000c1cc                __avr32_f64_div
 .text          0x8000c4e4      0x264 d:/program files (x86)/atmel/studio/7.0/toolchain/avr32/avr32-gnu-toolchain/bin/../lib/gcc/avr32/4.4.7/ucr2\libgcc.a(_udivdi3.o)
                0x8000c4e4                __avr32_udiv64
                0x8000c4e4                __udivdi3
 .text          0x8000c748      0x20c d:/program files (x86)/atmel/studio/7.0/toolchain/avr32/avr32-gnu-toolchain/bin/../lib/gcc/avr32/4.4.7/ucr2\libgcc.a(_umoddi3.o)
                0x8000c748                __avr32_umod64
                0x8000c748                __umoddi3
 *(.text.*personality*)
 *(.gnu.warning)

.exception      0x8000ca00      0x200
 .exception     0x8000ca00      0x200 src/ASF/thirdparty/freertos/freertos-7.0.0/source/portable/gcc/avr32_uc3/exception.o
                0x8000ca00                _evba
                0x8000cb04                _int0
                0x8000cb12                _int1
                0x8000cb20                _int2
                0x8000cb2e                _int3
                0x8000cb3c                ipr_val

.fini
 *(.fini)
                0x8000cc00                PROVIDE (__etext, .)
                0x8000cc00                PROVIDE (_etext, .)
                0x8000cc00                PROVIDE (etext, .)

.rodata         0x8000cc00     0x17a4
 *(.rodata .rodata.* .gnu.linkonce.r.*)
 .rodata.str1.4
                0x8000cc00      0x721 src/Application/app/app.o
                                0x724 (size before relaxing)
 *fill*         0x8000d321        0x3 
 .rodata.C.48.11258
                0x8000d324       0x10 src/Application/flash/data_flash.o
 .rodata.C.51.11271
                0x8000d334        0x4 src/Application/flash/data_flash.o
 .rodata.DF_SPI_GPIO_MAP.11256
                0x8000d338       0x20 src/Application/flash/data_flash.o
 .rodata.Public_AMBEkey
                0x8000d358        0x8 src/Application/radio/ambe.o
                0x8000d358                Public_AMBEkey
 .rodata.CSWTCH.35
                0x8000d360       0x48 src/Application/radio/ambe.o
 .rodata.AMBE_AudioData
                0x8000d3a8      0x5b0 src/Application/radio/AMBE_audio_2.o
                0x8000d3a8                AMBE_AudioData
 .rodata.str1.4
                0x8000d958        0xb src/Application/radio/payload.o
                                  0xc (size before relaxing)
 *fill*         0x8000d963        0x1 
 .rodata.phy_tx_func
                0x8000d964       0x1c src/Application/radio/physical.o
 .rodata.str1.4
                0x8000d980       0x48 src/Application/radio/physical.o
 .rodata.str1.4
                0x8000d9c8        0x8 src/Application/radio/xcmp.o
 .rodata.str1.4
                0x8000d9d0        0x7 src/Application/radio/xnl.o
                                 0x10 (size before relaxing)
 *fill*         0x8000d9d7        0x1 
 .rodata.str1.4
                0x8000d9d8       0x99 src/Application/voice/voice.o
                                 0x9c (size before relaxing)
 *fill*         0x8000da71        0x3 
 .rodata._int_handler_table
                0x8000da74       0x98 src/ASF/avr32/drivers/intc/intc.o
 .rodata.str1.4
                0x8000db0c        0x5 src/ASF/thirdparty/freertos/freertos-7.0.0/source/tasks.o
                                  0x8 (size before relaxing)
 *fill*         0x8000db11        0x3 
 .rodata.log    0x8000db14      0x150 src/Log/log.o
 .rodata.logFromISR
                0x8000dc64      0x150 src/Log/log.o
 .rodata.USART_OPTIONS.11277
                0x8000ddb4        0xc src/Log/log.o
 .rodata.str1.4
                0x8000ddc0       0x3c src/Log/log.o
 .rodata.USART_GPIO_MAP.11276
                0x8000ddfc       0x10 src/Log/log.o
 .rodata.str1.4
                0x8000de0c       0x14 src/main.o
 .rodata.get_arg
                0x8000de20       0x3c d:/program files (x86)/atmel/studio/7.0/toolchain/avr32/avr32-gnu-toolchain/bin/../lib/gcc/avr32/4.4.7/../../../../avr32/lib/ucr2\libc.a(lib_a-vfprintf.o)
 .rodata._vfprintf_r
                0x8000de5c      0x164 d:/program files (x86)/atmel/studio/7.0/toolchain/avr32/avr32-gnu-toolchain/bin/../lib/gcc/avr32/4.4.7/../../../../avr32/lib/ucr2\libc.a(lib_a-vfprintf.o)
 .rodata.state_table
                0x8000dfc0       0x6c d:/program files (x86)/atmel/studio/7.0/toolchain/avr32/avr32-gnu-toolchain/bin/../lib/gcc/avr32/4.4.7/../../../../avr32/lib/ucr2\libc.a(lib_a-vfprintf.o)
 .rodata.action_table
                0x8000e02c       0x6c d:/program files (x86)/atmel/studio/7.0/toolchain/avr32/avr32-gnu-toolchain/bin/../lib/gcc/avr32/4.4.7/../../../../avr32/lib/ucr2\libc.a(lib_a-vfprintf.o)
 .rodata.str1.4
                0x8000e098       0x3a d:/program files (x86)/atmel/studio/7.0/toolchain/avr32/avr32-gnu-toolchain/bin/../lib/gcc/avr32/4.4.7/../../../../avr32/lib/ucr2\libc.a(lib_a-vfprintf.o)
                                 0x3c (size before relaxing)
 *fill*         0x8000e0d2        0x2 
 .rodata.blanks.3430
                0x8000e0d4       0x10 d:/program files (x86)/atmel/studio/7.0/toolchain/avr32/avr32-gnu-toolchain/bin/../lib/gcc/avr32/4.4.7/../../../../avr32/lib/ucr2\libc.a(lib_a-vfprintf.o)
 .rodata.zeroes.3431
                0x8000e0e4       0x10 d:/program files (x86)/atmel/studio/7.0/toolchain/avr32/avr32-gnu-toolchain/bin/../lib/gcc/avr32/4.4.7/../../../../avr32/lib/ucr2\libc.a(lib_a-vfprintf.o)
 .rodata.chclass
                0x8000e0f4      0x100 d:/program files (x86)/atmel/studio/7.0/toolchain/avr32/avr32-gnu-toolchain/bin/../lib/gcc/avr32/4.4.7/../../../../avr32/lib/ucr2\libc.a(lib_a-vfprintf.o)
 .rodata.str1.4
                0x8000e1f4       0x10 d:/program files (x86)/atmel/studio/7.0/toolchain/avr32/avr32-gnu-toolchain/bin/../lib/gcc/avr32/4.4.7/../../../../avr32/lib/ucr2\libc.a(lib_a-dtoa.o)
                                 0x14 (size before relaxing)
 .rodata.__sf_fake_stdin
                0x8000e204       0x20 d:/program files (x86)/atmel/studio/7.0/toolchain/avr32/avr32-gnu-toolchain/bin/../lib/gcc/avr32/4.4.7/../../../../avr32/lib/ucr2\libc.a(lib_a-findfp.o)
                0x8000e204                __sf_fake_stdin
 .rodata.__sf_fake_stdout
                0x8000e224       0x20 d:/program files (x86)/atmel/studio/7.0/toolchain/avr32/avr32-gnu-toolchain/bin/../lib/gcc/avr32/4.4.7/../../../../avr32/lib/ucr2\libc.a(lib_a-findfp.o)
                0x8000e224                __sf_fake_stdout
 .rodata.__sf_fake_stderr
                0x8000e244       0x20 d:/program files (x86)/atmel/studio/7.0/toolchain/avr32/avr32-gnu-toolchain/bin/../lib/gcc/avr32/4.4.7/../../../../avr32/lib/ucr2\libc.a(lib_a-findfp.o)
                0x8000e244                __sf_fake_stderr
 .rodata.str1.4
                0x8000e264        0x2 d:/program files (x86)/atmel/studio/7.0/toolchain/avr32/avr32-gnu-toolchain/bin/../lib/gcc/avr32/4.4.7/../../../../avr32/lib/ucr2\libc.a(lib_a-impure.o)
                                  0x4 (size before relaxing)
 *fill*         0x8000e266        0x2 
 .rodata._global_impure_ptr
                0x8000e268        0x4 d:/program files (x86)/atmel/studio/7.0/toolchain/avr32/avr32-gnu-toolchain/bin/../lib/gcc/avr32/4.4.7/../../../../avr32/lib/ucr2\libc.a(lib_a-impure.o)
                0x8000e268                _global_impure_ptr
 .rodata.lconv  0x8000e26c       0x30 d:/program files (x86)/atmel/studio/7.0/toolchain/avr32/avr32-gnu-toolchain/bin/../lib/gcc/avr32/4.4.7/../../../../avr32/lib/ucr2\libc.a(lib_a-locale.o)
 .rodata.str1.4
                0x8000e29c        0xc d:/program files (x86)/atmel/studio/7.0/toolchain/avr32/avr32-gnu-toolchain/bin/../lib/gcc/avr32/4.4.7/../../../../avr32/lib/ucr2\libc.a(lib_a-locale.o)
                                 0x18 (size before relaxing)
 .rodata.p05.2471
                0x8000e2a8        0xc d:/program files (x86)/atmel/studio/7.0/toolchain/avr32/avr32-gnu-toolchain/bin/../lib/gcc/avr32/4.4.7/../../../../avr32/lib/ucr2\libc.a(lib_a-mprec.o)
 .rodata.__mprec_tens
                0x8000e2b4       0xc8 d:/program files (x86)/atmel/studio/7.0/toolchain/avr32/avr32-gnu-toolchain/bin/../lib/gcc/avr32/4.4.7/../../../../avr32/lib/ucr2\libc.a(lib_a-mprec.o)
                0x8000e2b4                __mprec_tens
 .rodata.__mprec_bigtens
                0x8000e37c       0x28 d:/program files (x86)/atmel/studio/7.0/toolchain/avr32/avr32-gnu-toolchain/bin/../lib/gcc/avr32/4.4.7/../../../../avr32/lib/ucr2\libc.a(lib_a-mprec.o)
                0x8000e37c                __mprec_bigtens

.rodata1
 *(.rodata1)

.eh_frame_hdr
 *(.eh_frame_hdr)

.eh_frame
 *(.eh_frame)

.gcc_except_table
 *(.gcc_except_table)
 *(.gcc_except_table.*)

.dalign         0x8000e3a4        0x4
                0x8000e3a8                . = ALIGN (0x8)
 *fill*         0x8000e3a4        0x4 
                0x8000e3a8                PROVIDE (_data_lma, .)
                0x00000004                PROVIDE (_data, ORIGIN (CPUSRAM))
                0x00000004                . = ORIGIN (CPUSRAM)

.eh_frame
 *(.eh_frame)

.gcc_except_table
 *(.gcc_except_table)
 *(.gcc_except_table.*)

.tdata
 *(.tdata .tdata.* .gnu.linkonce.td.*)

.tbss
 *(.tbss .tbss.* .gnu.linkonce.tb.*)
 *(.tcommon)
                0x00000004                PROVIDE (__preinit_array_start, ALIGN (0x4))

.preinit_array
 *(.preinit_array)
                0x00000004                PROVIDE (__preinit_array_end, .)
                0x00000004                PROVIDE (__init_array_start, .)

.init_array
 *(.init_array)
                0x00000004                PROVIDE (__init_array_end, .)
                0x00000004                PROVIDE (__fini_array_start, .)

.fini_array
 *(.fini_array)
                0x00000004                PROVIDE (__fini_array_end, .)

.ctors
 *crtbegin*.o(.ctors)
 *(EXCLUDE_FILE(*crtend*.o) .ctors)
 *(SORT(.ctors.*))
 *(.ctors)

.dtors
 *crtbegin*.o(.dtors)
 *(EXCLUDE_FILE(*crtend*.o) .dtors)
 *(SORT(.dtors.*))
 *(.dtors)

.jcr
 *(.jcr)

.data.rel.ro
 *(.data.rel.ro.local)
 *(.data.rel.ro*)

.dynamic
 *(.dynamic)

.got
 *(.got.plt)
 *(.got)

.data           0x00000004      0xa38 load address 0x8000e3a8
 *(.data .data.* .gnu.linkonce.d.*)
 .data.the_app_list
                0x00000004      0x4ec src/Application/app/app.o
 .data.xnl_proc_list
                0x000004f0       0x34 src/Application/radio/xnl.o
 .data.FlashLabel
                0x00000524        0x8 src/Application/voice/voice.o
                0x00000524                FlashLabel
 .data.current_save_voice_offset
                0x0000052c        0x4 src/Application/voice/voice.o
 .data.ulCriticalNesting
                0x00000530        0x4 src/ASF/thirdparty/freertos/freertos-7.0.0/source/portable/gcc/avr32_uc3/port.o
                0x00000530                ulCriticalNesting
 .data.xNextTaskUnblockTime
                0x00000534        0x4 src/ASF/thirdparty/freertos/freertos-7.0.0/source/tasks.o
 .data.__malloc_av_
                0x00000538      0x408 d:/program files (x86)/atmel/studio/7.0/toolchain/avr32/avr32-gnu-toolchain/bin/../lib/gcc/avr32/4.4.7/../../../../avr32/lib/ucr2\libc.a(lib_a-mallocr.o)
                0x00000538                __malloc_av_
 .data.__malloc_trim_threshold
                0x00000940        0x4 d:/program files (x86)/atmel/studio/7.0/toolchain/avr32/avr32-gnu-toolchain/bin/../lib/gcc/avr32/4.4.7/../../../../avr32/lib/ucr2\libc.a(lib_a-mallocr.o)
                0x00000940                __malloc_trim_threshold
 .data.__malloc_sbrk_base
                0x00000944        0x4 d:/program files (x86)/atmel/studio/7.0/toolchain/avr32/avr32-gnu-toolchain/bin/../lib/gcc/avr32/4.4.7/../../../../avr32/lib/ucr2\libc.a(lib_a-mallocr.o)
                0x00000944                __malloc_sbrk_base
 .data.impure_data
                0x00000948       0xf0 d:/program files (x86)/atmel/studio/7.0/toolchain/avr32/avr32-gnu-toolchain/bin/../lib/gcc/avr32/4.4.7/../../../../avr32/lib/ucr2\libc.a(lib_a-impure.o)
 .data._impure_ptr
                0x00000a38        0x4 d:/program files (x86)/atmel/studio/7.0/toolchain/avr32/avr32-gnu-toolchain/bin/../lib/gcc/avr32/4.4.7/../../../../avr32/lib/ucr2\libc.a(lib_a-impure.o)
                0x00000a38                _impure_ptr
 *(.gnu.linkonce.d.*personality*)

.data1
 *(.data1)

.balign         0x00000a3c        0x4 load address 0x8000ede0
                0x00000a40                . = ALIGN (0x8)
 *fill*         0x00000a3c        0x4 
                0x00000a40                _edata = .
                0x00000a40                _edata = .
                0x00000a40                PROVIDE (edata, .)
                0x00000a40                __bss_start = .

.bss            0x00000a40     0x5958 load address 0x8000ede0
 *(.dynbss)
 *(.bss .bss.* .gnu.linkonce.b.*)
 .bss.Speaker_is_unmute
                0x00000a40        0x1 src/Application/app/app.o
                0x00000a40                Speaker_is_unmute
 .bss.AMBE_rx_flag
                0x00000a41        0x1 src/Application/app/app.o
                0x00000a41                AMBE_rx_flag
 *fill*         0x00000a42        0x2 
 .bss.isAudioRouting.11122
                0x00000a44        0x4 src/Application/app/app.o
 .bss.xLastWakeTime.11123
                0x00000a48        0x4 src/Application/app/app.o
 .bss.AMBE_tx_flag
                0x00000a4c        0x1 src/Application/app/app.o
                0x00000a4c                AMBE_tx_flag
 .bss.Radio_Transmit_State
                0x00000a4d        0x1 src/Application/app/app.o
                0x00000a4d                Radio_Transmit_State
 .bss.Call_Begin
                0x00000a4e        0x1 src/Application/app/app.o
                0x00000a4e                Call_Begin
 *fill*         0x00000a4f        0x1 
 .bss.res.11113
                0x00000a50        0x4 src/Application/app/app.o
 .bss.AMBE_Media
                0x00000a54        0x1 src/Application/app/app.o
                0x00000a54                AMBE_Media
 .bss.times_counter.11152
                0x00000a55        0x1 src/Application/app/app.o
 .bss.VF_SN     0x00000a56        0x1 src/Application/app/app.o
                0x00000a56                VF_SN
 .bss.Mic_is_Enabled
                0x00000a57        0x1 src/Application/app/app.o
                0x00000a57                Mic_is_Enabled
 .bss.ulIdleCycleCount
                0x00000a58        0x4 src/Application/app/app.o
                0x00000a58                ulIdleCycleCount
 .bss.data_flash_failure
                0x00000a5c        0x1 src/Application/flash/data_flash.o
                0x00000a5c                data_flash_failure
 *fill*         0x00000a5d        0x3 
 .bss.payload_rx_exec
                0x00000a60        0x4 src/Application/radio/payload.o
                0x00000a60                payload_rx_exec
 .bss.payload_tx_exec
                0x00000a64        0x4 src/Application/radio/payload.o
                0x00000a64                payload_tx_exec
 .bss.phy_rx_expexted_length.10709
                0x00000a68        0x2 src/Application/radio/physical.o
 *fill*         0x00000a6a        0x2 
 .bss.Item_Length.10992
                0x00000a6c        0x4 src/Application/radio/physical.o
 .bss.m_RxBurstType
                0x00000a70        0x4 src/Application/radio/physical.o
 .bss.payload_store_idle
                0x00000a74        0x4 src/Application/radio/physical.o
                0x00000a74                payload_store_idle
 .bss.phy_frame_ptr.10708
                0x00000a78        0x4 src/Application/radio/physical.o
 .bss.A_index.10798
                0x00000a7c        0x4 src/Application/radio/physical.o
 .bss.phy_ptr.10664
                0x00000a80        0x4 src/Application/radio/physical.o
 .bss.RxMediaState.10983
                0x00000a84        0x4 src/Application/radio/physical.o
 .bss.SDV_Index.10994
                0x00000a88        0x1 src/Application/radio/physical.o
 .bss.phy_tx_index.10667
                0x00000a89        0x1 src/Application/radio/physical.o
 *fill*         0x00000a8a        0x2 
 .bss.phy_rx_state.10712
                0x00000a8c        0x4 src/Application/radio/physical.o
 .bss.phy_payload_frame_rx
                0x00000a90        0x4 src/Application/radio/physical.o
                0x00000a90                phy_payload_frame_rx
 .bss.phy_check_sum.10711
                0x00000a94        0x2 src/Application/radio/physical.o
 *fill*         0x00000a96        0x2 
 .bss.xnl_store_idle
                0x00000a98        0x4 src/Application/radio/physical.o
                0x00000a98                xnl_store_idle
 .bss.RxBytesWaiting.10987
                0x00000a9c        0x4 src/Application/radio/physical.o
 .bss.Soft_index.10799
                0x00000aa0        0x4 src/Application/radio/physical.o
 .bss.phy_tx_state.10665
                0x00000aa4        0x4 src/Application/radio/physical.o
 .bss.is_first.10990
                0x00000aa8        0x1 src/Application/radio/physical.o
 *fill*         0x00000aa9        0x3 
 .bss.RxAMBE_IsFillingNext8.10985
                0x00000aac        0x4 src/Application/radio/physical.o
 .bss.AMBE_payload_ptr.10989
                0x00000ab0        0x4 src/Application/radio/physical.o
 .bss.AMBEpayload_tx_state.10792
                0x00000ab4        0x4 src/Application/radio/physical.o
 .bss.phy_rx_count.10713
                0x00000ab8        0x4 src/Application/radio/physical.o
 .bss.phy_payload_frame_tx
                0x00000abc        0x4 src/Application/radio/physical.o
                0x00000abc                phy_payload_frame_tx
 .bss.phy_xnl_frame_rx
                0x00000ac0        0x4 src/Application/radio/physical.o
                0x00000ac0                phy_xnl_frame_rx
 .bss.phy_tx_expexted_length.10666
                0x00000ac4        0x2 src/Application/radio/physical.o
 *fill*         0x00000ac6        0x2 
 .bss.RxData_IsFillingNext16.10986
                0x00000ac8        0x4 src/Application/radio/physical.o
 .bss.phy_xnl_frame_tx
                0x00000acc        0x4 src/Application/radio/physical.o
                0x00000acc                phy_xnl_frame_tx
 .bss.Item_ID.10991
                0x00000ad0        0x1 src/Application/radio/physical.o
 *fill*         0x00000ad1        0x1 
 .bss.phy_rx_length.10710
                0x00000ad2        0x2 src/Application/radio/physical.o
 .bss.AMBE_HT   0x00000ad4        0x8 src/Application/radio/physical.o
 .bss.phy_rx_exec
                0x00000adc        0x4 src/Application/radio/ssc.o
                0x00000adc                phy_rx_exec
 .bss.phy_tx_exec
                0x00000ae0        0x4 src/Application/radio/ssc.o
                0x00000ae0                phy_tx_exec
 .bss.version_information
                0x00000ae4        0xc src/Application/radio/xcmp.o
                0x00000ae4                version_information
 .bss.xcmp_frame_rx
                0x00000af0        0x4 src/Application/radio/xcmp.o
 .bss.clone_write
                0x00000af4        0xc src/Application/radio/xcmp.o
                0x00000af4                clone_write
 .bss.automatic_frequency_correction_control
                0x00000b00        0xc src/Application/radio/xcmp.o
                0x00000b00                automatic_frequency_correction_control
 .bss.clone_read
                0x00000b0c        0xc src/Application/radio/xcmp.o
                0x00000b0c                clone_read
 .bss.language_pack_information
                0x00000b18        0xc src/Application/radio/xcmp.o
                0x00000b18                language_pack_information
 .bss.radio_status
                0x00000b24        0xc src/Application/radio/xcmp.o
                0x00000b24                radio_status
 .bss.xnl_timeout_semphr
                0x00000b30        0x4 src/Application/radio/xnl.o
 .bss.flags.10670
                0x00000b34        0x1 src/Application/radio/xnl.o
 *fill*         0x00000b35        0x1 
 .bss.xnl_information
                0x00000b36        0xa src/Application/radio/xnl.o
 .bss.xnl_frame_tx
                0x00000b40        0x4 src/Application/radio/xnl.o
 .bss.ptr.10716
                0x00000b44        0x4 src/Application/radio/xnl.o
 .bss.xnl_send_times.10715
                0x00000b48        0x4 src/Application/radio/xnl.o
 .bss.xnl_tx_state.10714
                0x00000b4c        0x4 src/Application/radio/xnl.o
 .bss.xcmp_exec
                0x00000b50        0x4 src/Application/radio/xnl.o
                0x00000b50                xcmp_exec
 .bss.current_voice_index
                0x00000b54        0x2 src/Application/voice/voice.o
 .bss.list_init_success_flag
                0x00000b56        0x1 src/Application/voice/voice.o
 *fill*         0x00000b57        0x1 
 .bss.current_bytes_remained
                0x00000b58        0x4 src/Application/voice/voice.o
 .bss.Current_total_voice
                0x00000b5c        0x4 src/Application/voice/voice.o
                0x00000b5c                Current_total_voice
 .bss._int_line_handler_table_6
                0x00000b60        0x4 src/ASF/avr32/drivers/intc/intc.o
 .bss._int_line_handler_table_7
                0x00000b64        0x4 src/ASF/avr32/drivers/intc/intc.o
 .bss._int_line_handler_table_8
                0x00000b68        0x4 src/ASF/avr32/drivers/intc/intc.o
 .bss._int_line_handler_table_9
                0x00000b6c        0x4 src/ASF/avr32/drivers/intc/intc.o
 .bss._int_line_handler_table_10
                0x00000b70        0x4 src/ASF/avr32/drivers/intc/intc.o
 .bss._int_line_handler_table_11
                0x00000b74        0x4 src/ASF/avr32/drivers/intc/intc.o
 .bss._int_line_handler_table_12
                0x00000b78        0x4 src/ASF/avr32/drivers/intc/intc.o
 .bss._int_line_handler_table_13
                0x00000b7c        0x4 src/ASF/avr32/drivers/intc/intc.o
 .bss._int_line_handler_table_14
                0x00000b80        0xc src/ASF/avr32/drivers/intc/intc.o
 .bss._int_line_handler_table_15
                0x00000b8c        0x4 src/ASF/avr32/drivers/intc/intc.o
 .bss._int_line_handler_table_16
                0x00000b90        0x4 src/ASF/avr32/drivers/intc/intc.o
 .bss._int_line_handler_table_17
                0x00000b94        0x4 src/ASF/avr32/drivers/intc/intc.o
 .bss._int_line_handler_table_18
                0x00000b98        0x4 src/ASF/avr32/drivers/intc/intc.o
 .bss._int_line_handler_table_0
                0x00000b9c        0x4 src/ASF/avr32/drivers/intc/intc.o
 .bss._int_line_handler_table_1
                0x00000ba0       0x2c src/ASF/avr32/drivers/intc/intc.o
 .bss._int_line_handler_table_2
                0x00000bcc       0x18 src/ASF/avr32/drivers/intc/intc.o
 .bss._int_line_handler_table_3
                0x00000be4       0x1c src/ASF/avr32/drivers/intc/intc.o
 .bss._int_line_handler_table_4
                0x00000c00        0x4 src/ASF/avr32/drivers/intc/intc.o
 .bss._int_line_handler_table_5
                0x00000c04        0x4 src/ASF/avr32/drivers/intc/intc.o
 .bss.uxMissedTicks
                0x00000c08        0x4 src/ASF/thirdparty/freertos/freertos-7.0.0/source/tasks.o
 .bss.uxTopUsedPriority
                0x00000c0c        0x4 src/ASF/thirdparty/freertos/freertos-7.0.0/source/tasks.o
 .bss.pxDelayedTaskList
                0x00000c10        0x4 src/ASF/thirdparty/freertos/freertos-7.0.0/source/tasks.o
 .bss.xSchedulerRunning
                0x00000c14        0x4 src/ASF/thirdparty/freertos/freertos-7.0.0/source/tasks.o
 .bss.uxTasksDeleted
                0x00000c18        0x4 src/ASF/thirdparty/freertos/freertos-7.0.0/source/tasks.o
 .bss.xNumOfOverflows
                0x00000c1c        0x4 src/ASF/thirdparty/freertos/freertos-7.0.0/source/tasks.o
 .bss.pxOverflowDelayedTaskList
                0x00000c20        0x4 src/ASF/thirdparty/freertos/freertos-7.0.0/source/tasks.o
 .bss.pxReadyTasksLists
                0x00000c24       0xa0 src/ASF/thirdparty/freertos/freertos-7.0.0/source/tasks.o
 .bss.xTasksWaitingTermination
                0x00000cc4       0x14 src/ASF/thirdparty/freertos/freertos-7.0.0/source/tasks.o
 .bss.pxCurrentTCB
                0x00000cd8        0x4 src/ASF/thirdparty/freertos/freertos-7.0.0/source/tasks.o
                0x00000cd8                pxCurrentTCB
 .bss.xPendingReadyList
                0x00000cdc       0x14 src/ASF/thirdparty/freertos/freertos-7.0.0/source/tasks.o
 .bss.xDelayedTaskList1
                0x00000cf0       0x14 src/ASF/thirdparty/freertos/freertos-7.0.0/source/tasks.o
 .bss.xTickCount
                0x00000d04        0x4 src/ASF/thirdparty/freertos/freertos-7.0.0/source/tasks.o
 .bss.uxSchedulerSuspended
                0x00000d08        0x4 src/ASF/thirdparty/freertos/freertos-7.0.0/source/tasks.o
 .bss.xDelayedTaskList2
                0x00000d0c       0x14 src/ASF/thirdparty/freertos/freertos-7.0.0/source/tasks.o
 .bss.uxTaskNumber
                0x00000d20        0x4 src/ASF/thirdparty/freertos/freertos-7.0.0/source/tasks.o
 .bss.uxCurrentNumberOfTasks
                0x00000d24        0x4 src/ASF/thirdparty/freertos/freertos-7.0.0/source/tasks.o
 .bss.xMissedYield
                0x00000d28        0x4 src/ASF/thirdparty/freertos/freertos-7.0.0/source/tasks.o
 .bss.xSuspendedTaskList
                0x00000d2c       0x14 src/ASF/thirdparty/freertos/freertos-7.0.0/source/tasks.o
 .bss.uxTopReadyPriority
                0x00000d40        0x4 src/ASF/thirdparty/freertos/freertos-7.0.0/source/tasks.o
 .bss.lench.11293
                0x00000d44        0x1 src/Log/log.o
 .bss.lench.11363
                0x00000d45        0x1 src/Log/log.o
 *fill*         0x00000d46        0x2 
 .bss.__malloc_max_total_mem
                0x00000d48        0x4 d:/program files (x86)/atmel/studio/7.0/toolchain/avr32/avr32-gnu-toolchain/bin/../lib/gcc/avr32/4.4.7/../../../../avr32/lib/ucr2\libc.a(lib_a-mallocr.o)
                0x00000d48                __malloc_max_total_mem
 .bss.__malloc_max_sbrked_mem
                0x00000d4c        0x4 d:/program files (x86)/atmel/studio/7.0/toolchain/avr32/avr32-gnu-toolchain/bin/../lib/gcc/avr32/4.4.7/../../../../avr32/lib/ucr2\libc.a(lib_a-mallocr.o)
                0x00000d4c                __malloc_max_sbrked_mem
 .bss.__malloc_top_pad
                0x00000d50        0x4 d:/program files (x86)/atmel/studio/7.0/toolchain/avr32/avr32-gnu-toolchain/bin/../lib/gcc/avr32/4.4.7/../../../../avr32/lib/ucr2\libc.a(lib_a-mallocr.o)
                0x00000d50                __malloc_top_pad
 .bss.__malloc_current_mallinfo
                0x00000d54       0x28 d:/program files (x86)/atmel/studio/7.0/toolchain/avr32/avr32-gnu-toolchain/bin/../lib/gcc/avr32/4.4.7/../../../../avr32/lib/ucr2\libc.a(lib_a-mallocr.o)
                0x00000d54                __malloc_current_mallinfo
 .bss.cur_heap_pos.1869
                0x00000d7c        0x4 d:/program files (x86)/atmel/studio/7.0/toolchain/avr32/avr32-gnu-toolchain/bin/../lib/gcc/avr32/4.4.7/../../../../avr32/lib/ucr2\libc.a(lib_a-syscalls.o)
 *(COMMON)
 COMMON         0x00000d80        0x4 src/Application/app/app.o
                0x00000d80                bunchofrandomstatusflags
 COMMON         0x00000d84     0x1004 src/Application/flash/data_flash.o
                0x00000d84                FLASH_BUF
                0x00001d84                spi
 COMMON         0x00001d88      0x122 src/Application/radio/ambe.o
                0x00001d88                AMBEBurst_rawdata
                0x00001d90                Radio_Internal_Data
                0x00001d94                AMBE_DecryptionKey
                0x00001d9c                SendAMBEBurst_EncryptionPackage
                0x00001e8c                VBSP_data
                0x00001e90                Soft_Decision_Data
 COMMON         0x00001eaa     0x3200 src/Application/radio/physical.o
                0x00001eaa                payload_store
                0x000032aa                xnl_store
 *fill*         0x000050aa        0x2 
 COMMON         0x000050ac       0x4c src/Application/radio/ssc.o
                0x000050ac                intDuration
                0x000050b0                BufferIndex
                0x000050b4                intStartCount
                0x000050b8                RxBuffer
                0x000050d8                TxBuffer
 COMMON         0x000050f8        0x4 src/Application/radio/xcmp.o
                0x000050f8                app_list
 COMMON         0x000050fc     0x1290 src/Application/voice/voice.o
                0x000050fc                TEMP_BUF
                0x000060fc                PLAYBACK_BUF
                0x000062fc                voice_ptr
                0x00006344                voice_temp
 COMMON         0x0000638c        0x4 src/ASF/thirdparty/freertos/freertos-7.0.0/source/portable/gcc/avr32_uc3/write.o
                0x0000638c                stdio_usart_base
 COMMON         0x00006390        0x4 src/Log/log.o
                0x00006390                logQueue
 COMMON         0x00006394        0x4 d:/program files (x86)/atmel/studio/7.0/toolchain/avr32/avr32-gnu-toolchain/bin/../lib/gcc/avr32/4.4.7/../../../../avr32/lib/ucr2\libc.a(lib_a-reent.o)
                0x00006394                errno
                0x00006398                . = ALIGN (0x8)
                0x00006398                . = ALIGN (0x8)
                0x00006398                _end = .
                0x00006398                PROVIDE (end, .)
                0x00006398                __heap_start__ = ALIGN (0x8)
                0x00017000                . = ((ORIGIN (CPUSRAM) + 0x17ffc) - _stack_size)
                0x00017000                __heap_end__ = .

.stab
 *(.stab)

.stabstr
 *(.stabstr)

.stab.excl
 *(.stab.excl)

.stab.exclstr
 *(.stab.exclstr)

.stab.index
 *(.stab.index)

.stab.indexstr
 *(.stab.indexstr)

.comment        0x00000000       0x30
 *(.comment)
 .comment       0x00000000       0x30 src/Application/app/app.o
                                 0x31 (size before relaxing)
 .comment       0x00000000       0x31 src/Application/flash/data_flash.o
 .comment       0x00000000       0x31 src/Application/radio/ambe.o
 .comment       0x00000000       0x31 src/Application/radio/AMBE_audio_2.o
 .comment       0x00000000       0x31 src/Application/radio/payload.o
 .comment       0x00000000       0x31 src/Application/radio/physical.o
 .comment       0x00000000       0x31 src/Application/radio/ssc.o
 .comment       0x00000000       0x31 src/Application/radio/xcmp.o
 .comment       0x00000000       0x31 src/Application/radio/xnl.o
 .comment       0x00000000       0x31 src/Application/rtc/rtc.o
 .comment       0x00000000       0x31 src/Application/timers/timer.o
 .comment       0x00000000       0x31 src/Application/voice/voice.o
 .comment       0x00000000       0x31 src/ASF/avr32/drivers/gpio/gpio.o
 .comment       0x00000000       0x31 src/ASF/avr32/drivers/intc/intc.o
 .comment       0x00000000       0x31 src/ASF/avr32/drivers/spi/spi.o
 .comment       0x00000000       0x31 src/ASF/avr32/drivers/usart/usart.o
 .comment       0x00000000       0x31 src/ASF/thirdparty/freertos/freertos-7.0.0/source/list.o
 .comment       0x00000000       0x31 src/ASF/thirdparty/freertos/freertos-7.0.0/source/portable/gcc/avr32_uc3/port.o
 .comment       0x00000000       0x31 src/ASF/thirdparty/freertos/freertos-7.0.0/source/portable/gcc/avr32_uc3/read.o
 .comment       0x00000000       0x31 src/ASF/thirdparty/freertos/freertos-7.0.0/source/portable/gcc/avr32_uc3/write.o
 .comment       0x00000000       0x31 src/ASF/thirdparty/freertos/freertos-7.0.0/source/portable/memmang/heap_3.o
 .comment       0x00000000       0x31 src/ASF/thirdparty/freertos/freertos-7.0.0/source/queue.o
 .comment       0x00000000       0x31 src/ASF/thirdparty/freertos/freertos-7.0.0/source/tasks.o
 .comment       0x00000000       0x31 src/Log/log.o
 .comment       0x00000000       0x31 src/main.o
 .comment       0x00000000       0x31 d:/program files (x86)/atmel/studio/7.0/toolchain/avr32/avr32-gnu-toolchain/bin/../lib/gcc/avr32/4.4.7/../../../../avr32/lib/ucr2\libc.a(lib_a-malloc.o)
 .comment       0x00000000       0x31 d:/program files (x86)/atmel/studio/7.0/toolchain/avr32/avr32-gnu-toolchain/bin/../lib/gcc/avr32/4.4.7/../../../../avr32/lib/ucr2\libc.a(lib_a-mallocr.o)
 .comment       0x00000000       0x31 d:/program files (x86)/atmel/studio/7.0/toolchain/avr32/avr32-gnu-toolchain/bin/../lib/gcc/avr32/4.4.7/../../../../avr32/lib/ucr2\libc.a(lib_a-memcmp.o)
 .comment       0x00000000       0x31 d:/program files (x86)/atmel/studio/7.0/toolchain/avr32/avr32-gnu-toolchain/bin/../lib/gcc/avr32/4.4.7/../../../../avr32/lib/ucr2\libc.a(lib_a-memset.o)
 .comment       0x00000000       0x31 d:/program files (x86)/atmel/studio/7.0/toolchain/avr32/avr32-gnu-toolchain/bin/../lib/gcc/avr32/4.4.7/../../../../avr32/lib/ucr2\libc.a(lib_a-reallocr.o)
 .comment       0x00000000       0x31 d:/program files (x86)/atmel/studio/7.0/toolchain/avr32/avr32-gnu-toolchain/bin/../lib/gcc/avr32/4.4.7/../../../../avr32/lib/ucr2\libc.a(lib_a-sbrkr.o)
 .comment       0x00000000       0x31 d:/program files (x86)/atmel/studio/7.0/toolchain/avr32/avr32-gnu-toolchain/bin/../lib/gcc/avr32/4.4.7/../../../../avr32/lib/ucr2\libc.a(lib_a-sprintf.o)
 .comment       0x00000000       0x31 d:/program files (x86)/atmel/studio/7.0/toolchain/avr32/avr32-gnu-toolchain/bin/../lib/gcc/avr32/4.4.7/../../../../avr32/lib/ucr2\libc.a(lib_a-syscalls.o)
 .comment       0x00000000       0x31 d:/program files (x86)/atmel/studio/7.0/toolchain/avr32/avr32-gnu-toolchain/bin/../lib/gcc/avr32/4.4.7/../../../../avr32/lib/ucr2\libc.a(lib_a-vfprintf.o)
 .comment       0x00000000       0x31 d:/program files (x86)/atmel/studio/7.0/toolchain/avr32/avr32-gnu-toolchain/bin/../lib/gcc/avr32/4.4.7/../../../../avr32/lib/ucr2\libc.a(lib_a-wsetup.o)
 .comment       0x00000000       0x31 d:/program files (x86)/atmel/studio/7.0/toolchain/avr32/avr32-gnu-toolchain/bin/../lib/gcc/avr32/4.4.7/../../../../avr32/lib/ucr2\libc.a(lib_a-dtoa.o)
 .comment       0x00000000       0x31 d:/program files (x86)/atmel/studio/7.0/toolchain/avr32/avr32-gnu-toolchain/bin/../lib/gcc/avr32/4.4.7/../../../../avr32/lib/ucr2\libc.a(lib_a-errno.o)
 .comment       0x00000000       0x31 d:/program files (x86)/atmel/studio/7.0/toolchain/avr32/avr32-gnu-toolchain/bin/../lib/gcc/avr32/4.4.7/../../../../avr32/lib/ucr2\libc.a(lib_a-fflush.o)
 .comment       0x00000000       0x31 d:/program files (x86)/atmel/studio/7.0/toolchain/avr32/avr32-gnu-toolchain/bin/../lib/gcc/avr32/4.4.7/../../../../avr32/lib/ucr2\libc.a(lib_a-findfp.o)
 .comment       0x00000000       0x31 d:/program files (x86)/atmel/studio/7.0/toolchain/avr32/avr32-gnu-toolchain/bin/../lib/gcc/avr32/4.4.7/../../../../avr32/lib/ucr2\libc.a(lib_a-freer.o)
 .comment       0x00000000       0x31 d:/program files (x86)/atmel/studio/7.0/toolchain/avr32/avr32-gnu-toolchain/bin/../lib/gcc/avr32/4.4.7/../../../../avr32/lib/ucr2\libc.a(lib_a-fvwrite.o)
 .comment       0x00000000       0x31 d:/program files (x86)/atmel/studio/7.0/toolchain/avr32/avr32-gnu-toolchain/bin/../lib/gcc/avr32/4.4.7/../../../../avr32/lib/ucr2\libc.a(lib_a-fwalk.o)
 .comment       0x00000000       0x31 d:/program files (x86)/atmel/studio/7.0/toolchain/avr32/avr32-gnu-toolchain/bin/../lib/gcc/avr32/4.4.7/../../../../avr32/lib/ucr2\libc.a(lib_a-impure.o)
 .comment       0x00000000       0x31 d:/program files (x86)/atmel/studio/7.0/toolchain/avr32/avr32-gnu-toolchain/bin/../lib/gcc/avr32/4.4.7/../../../../avr32/lib/ucr2\libc.a(lib_a-locale.o)
 .comment       0x00000000       0x31 d:/program files (x86)/atmel/studio/7.0/toolchain/avr32/avr32-gnu-toolchain/bin/../lib/gcc/avr32/4.4.7/../../../../avr32/lib/ucr2\libc.a(lib_a-makebuf.o)
 .comment       0x00000000       0x31 d:/program files (x86)/atmel/studio/7.0/toolchain/avr32/avr32-gnu-toolchain/bin/../lib/gcc/avr32/4.4.7/../../../../avr32/lib/ucr2\libc.a(lib_a-memchr.o)
 .comment       0x00000000       0x31 d:/program files (x86)/atmel/studio/7.0/toolchain/avr32/avr32-gnu-toolchain/bin/../lib/gcc/avr32/4.4.7/../../../../avr32/lib/ucr2\libc.a(lib_a-memmove.o)
 .comment       0x00000000       0x31 d:/program files (x86)/atmel/studio/7.0/toolchain/avr32/avr32-gnu-toolchain/bin/../lib/gcc/avr32/4.4.7/../../../../avr32/lib/ucr2\libc.a(lib_a-mprec.o)
 .comment       0x00000000       0x31 d:/program files (x86)/atmel/studio/7.0/toolchain/avr32/avr32-gnu-toolchain/bin/../lib/gcc/avr32/4.4.7/../../../../avr32/lib/ucr2\libc.a(lib_a-reent.o)
 .comment       0x00000000       0x31 d:/program files (x86)/atmel/studio/7.0/toolchain/avr32/avr32-gnu-toolchain/bin/../lib/gcc/avr32/4.4.7/../../../../avr32/lib/ucr2\libc.a(lib_a-s_isinfd.o)
 .comment       0x00000000       0x31 d:/program files (x86)/atmel/studio/7.0/toolchain/avr32/avr32-gnu-toolchain/bin/../lib/gcc/avr32/4.4.7/../../../../avr32/lib/ucr2\libc.a(lib_a-s_isnand.o)
 .comment       0x00000000       0x31 d:/program files (x86)/atmel/studio/7.0/toolchain/avr32/avr32-gnu-toolchain/bin/../lib/gcc/avr32/4.4.7/../../../../avr32/lib/ucr2\libc.a(lib_a-stdio.o)
 .comment       0x00000000       0x31 d:/program files (x86)/atmel/studio/7.0/toolchain/avr32/avr32-gnu-toolchain/bin/../lib/gcc/avr32/4.4.7/../../../../avr32/lib/ucr2\libc.a(lib_a-strlen.o)
 .comment       0x00000000       0x31 d:/program files (x86)/atmel/studio/7.0/toolchain/avr32/avr32-gnu-toolchain/bin/../lib/gcc/avr32/4.4.7/../../../../avr32/lib/ucr2\libc.a(lib_a-writer.o)
 .comment       0x00000000       0x31 d:/program files (x86)/atmel/studio/7.0/toolchain/avr32/avr32-gnu-toolchain/bin/../lib/gcc/avr32/4.4.7/../../../../avr32/lib/ucr2\libc.a(lib_a-callocr.o)
 .comment       0x00000000       0x31 d:/program files (x86)/atmel/studio/7.0/toolchain/avr32/avr32-gnu-toolchain/bin/../lib/gcc/avr32/4.4.7/../../../../avr32/lib/ucr2\libc.a(lib_a-closer.o)
 .comment       0x00000000       0x31 d:/program files (x86)/atmel/studio/7.0/toolchain/avr32/avr32-gnu-toolchain/bin/../lib/gcc/avr32/4.4.7/../../../../avr32/lib/ucr2\libc.a(lib_a-fclose.o)
 .comment       0x00000000       0x31 d:/program files (x86)/atmel/studio/7.0/toolchain/avr32/avr32-gnu-toolchain/bin/../lib/gcc/avr32/4.4.7/../../../../avr32/lib/ucr2\libc.a(lib_a-fstatr.o)
 .comment       0x00000000       0x31 d:/program files (x86)/atmel/studio/7.0/toolchain/avr32/avr32-gnu-toolchain/bin/../lib/gcc/avr32/4.4.7/../../../../avr32/lib/ucr2\libc.a(lib_a-lseekr.o)
 .comment       0x00000000       0x31 d:/program files (x86)/atmel/studio/7.0/toolchain/avr32/avr32-gnu-toolchain/bin/../lib/gcc/avr32/4.4.7/../../../../avr32/lib/ucr2\libc.a(lib_a-readr.o)
 .comment       0x00000000       0x31 d:/program files (x86)/atmel/studio/7.0/toolchain/avr32/avr32-gnu-toolchain/bin/../lib/gcc/avr32/4.4.7/ucr2\libgcc.a(_udivdi3.o)
 .comment       0x00000000       0x31 d:/program files (x86)/atmel/studio/7.0/toolchain/avr32/avr32-gnu-toolchain/bin/../lib/gcc/avr32/4.4.7/ucr2\libgcc.a(_umoddi3.o)

.debug
 *(.debug)

.line
 *(.line)

.debug_srcinfo
 *(.debug_srcinfo)

.debug_sfnames
 *(.debug_sfnames)

.debug_aranges  0x00000000     0x11c8
 *(.debug_aranges)
 .debug_aranges
                0x00000000      0x118 src/Application/app/app.o
 .debug_aranges
                0x00000118       0x78 src/Application/flash/data_flash.o
 .debug_aranges
                0x00000190       0x20 src/Application/radio/ambe.o
 .debug_aranges
                0x000001b0       0x28 src/Application/radio/payload.o
 .debug_aranges
                0x000001d8       0x68 src/Application/radio/physical.o
 .debug_aranges
                0x00000240       0x40 src/Application/radio/ssc.o
 .debug_aranges
                0x00000280       0xf0 src/Application/radio/xcmp.o
 .debug_aranges
                0x00000370       0x68 src/Application/radio/xnl.o
 .debug_aranges
                0x000003d8       0x50 src/Application/rtc/rtc.o
 .debug_aranges
                0x00000428       0x30 src/Application/timers/timer.o
 .debug_aranges
                0x00000458       0x48 src/Application/voice/voice.o
 .debug_aranges
                0x000004a0      0x100 src/ASF/avr32/drivers/gpio/gpio.o
 .debug_aranges
                0x000005a0       0x38 src/ASF/avr32/drivers/intc/intc.o
 .debug_aranges
                0x000005d8       0xa8 src/ASF/avr32/drivers/spi/spi.o
 .debug_aranges
                0x00000680       0xe0 src/ASF/avr32/drivers/usart/usart.o
 .debug_aranges
                0x00000760       0x28 src/ASF/avr32/utils/startup/startup_uc3.o
 .debug_aranges
                0x00000788       0x20 src/ASF/avr32/utils/startup/trampoline_uc3.o
 .debug_aranges
                0x000007a8       0x40 src/ASF/thirdparty/freertos/freertos-7.0.0/source/list.o
 .debug_aranges
                0x000007e8       0x20 src/ASF/thirdparty/freertos/freertos-7.0.0/source/portable/gcc/avr32_uc3/exception.o
 .debug_aranges
                0x00000808       0x78 src/ASF/thirdparty/freertos/freertos-7.0.0/source/portable/gcc/avr32_uc3/port.o
 .debug_aranges
                0x00000880       0x20 src/ASF/thirdparty/freertos/freertos-7.0.0/source/portable/gcc/avr32_uc3/read.o
 .debug_aranges
                0x000008a0       0x20 src/ASF/thirdparty/freertos/freertos-7.0.0/source/portable/gcc/avr32_uc3/write.o
 .debug_aranges
                0x000008c0       0x28 src/ASF/thirdparty/freertos/freertos-7.0.0/source/portable/memmang/heap_3.o
 .debug_aranges
                0x000008e8       0x88 src/ASF/thirdparty/freertos/freertos-7.0.0/source/queue.o
 .debug_aranges
                0x00000970      0x108 src/ASF/thirdparty/freertos/freertos-7.0.0/source/tasks.o
 .debug_aranges
                0x00000a78       0x50 src/Log/log.o
 .debug_aranges
                0x00000ac8       0x20 src/main.o
 .debug_aranges
                0x00000ae8       0x28 d:/program files (x86)/atmel/studio/7.0/toolchain/avr32/avr32-gnu-toolchain/bin/../lib/gcc/avr32/4.4.7/../../../../avr32/lib/ucr2\libc.a(lib_a-malloc.o)
 .debug_aranges
                0x00000b10       0x20 d:/program files (x86)/atmel/studio/7.0/toolchain/avr32/avr32-gnu-toolchain/bin/../lib/gcc/avr32/4.4.7/../../../../avr32/lib/ucr2\libc.a(lib_a-mallocr.o)
 .debug_aranges
                0x00000b30       0x20 d:/program files (x86)/atmel/studio/7.0/toolchain/avr32/avr32-gnu-toolchain/bin/../lib/gcc/avr32/4.4.7/../../../../avr32/lib/ucr2\libc.a(lib_a-memcmp.o)
 .debug_aranges
                0x00000b50       0x20 d:/program files (x86)/atmel/studio/7.0/toolchain/avr32/avr32-gnu-toolchain/bin/../lib/gcc/avr32/4.4.7/../../../../avr32/lib/ucr2\libc.a(lib_a-memset.o)
 .debug_aranges
                0x00000b70       0x20 d:/program files (x86)/atmel/studio/7.0/toolchain/avr32/avr32-gnu-toolchain/bin/../lib/gcc/avr32/4.4.7/../../../../avr32/lib/ucr2\libc.a(lib_a-reallocr.o)
 .debug_aranges
                0x00000b90       0x20 d:/program files (x86)/atmel/studio/7.0/toolchain/avr32/avr32-gnu-toolchain/bin/../lib/gcc/avr32/4.4.7/../../../../avr32/lib/ucr2\libc.a(lib_a-sbrkr.o)
 .debug_aranges
                0x00000bb0       0x28 d:/program files (x86)/atmel/studio/7.0/toolchain/avr32/avr32-gnu-toolchain/bin/../lib/gcc/avr32/4.4.7/../../../../avr32/lib/ucr2\libc.a(lib_a-sprintf.o)
 .debug_aranges
                0x00000bd8       0xf8 d:/program files (x86)/atmel/studio/7.0/toolchain/avr32/avr32-gnu-toolchain/bin/../lib/gcc/avr32/4.4.7/../../../../avr32/lib/ucr2\libc.a(lib_a-syscalls.o)
 .debug_aranges
                0x00000cd0       0x38 d:/program files (x86)/atmel/studio/7.0/toolchain/avr32/avr32-gnu-toolchain/bin/../lib/gcc/avr32/4.4.7/../../../../avr32/lib/ucr2\libc.a(lib_a-vfprintf.o)
 .debug_aranges