Archive member included because of file (symbol)

e:/program x86/atmel/studio/7.0/toolchain/avr32/avr32-gnu-toolchain/bin/../lib/gcc/avr32/4.4.7/../../../../avr32/lib/ucr2\libc.a(lib_a-malloc.o)
                              src/ASF/thirdparty/freertos/freertos-7.0.0/source/portable/memmang/heap_3.o (free)
e:/program x86/atmel/studio/7.0/toolchain/avr32/avr32-gnu-toolchain/bin/../lib/gcc/avr32/4.4.7/../../../../avr32/lib/ucr2\libc.a(lib_a-mallocr.o)
                              e:/program x86/atmel/studio/7.0/toolchain/avr32/avr32-gnu-toolchain/bin/../lib/gcc/avr32/4.4.7/../../../../avr32/lib/ucr2\libc.a(lib_a-malloc.o) (_malloc_r)
e:/program x86/atmel/studio/7.0/toolchain/avr32/avr32-gnu-toolchain/bin/../lib/gcc/avr32/4.4.7/../../../../avr32/lib/ucr2\libc.a(lib_a-memcmp.o)
                              src/Application/voice/voice.o (memcmp)
e:/program x86/atmel/studio/7.0/toolchain/avr32/avr32-gnu-toolchain/bin/../lib/gcc/avr32/4.4.7/../../../../avr32/lib/ucr2\libc.a(lib_a-memcpy.o)
                              src/Application/app/app.o (memcpy)
e:/program x86/atmel/studio/7.0/toolchain/avr32/avr32-gnu-toolchain/bin/../lib/gcc/avr32/4.4.7/../../../../avr32/lib/ucr2\libc.a(lib_a-memset.o)
                              src/Application/radio/physical.o (memset)
e:/program x86/atmel/studio/7.0/toolchain/avr32/avr32-gnu-toolchain/bin/../lib/gcc/avr32/4.4.7/../../../../avr32/lib/ucr2\libc.a(lib_a-realloc.o)
                              src/ASF/thirdparty/freertos/freertos-7.0.0/source/portable/gcc/avr32_uc3/port.o (realloc)
e:/program x86/atmel/studio/7.0/toolchain/avr32/avr32-gnu-toolchain/bin/../lib/gcc/avr32/4.4.7/../../../../avr32/lib/ucr2\libc.a(lib_a-reallocr.o)
                              e:/program x86/atmel/studio/7.0/toolchain/avr32/avr32-gnu-toolchain/bin/../lib/gcc/avr32/4.4.7/../../../../avr32/lib/ucr2\libc.a(lib_a-realloc.o) (_realloc_r)
e:/program x86/atmel/studio/7.0/toolchain/avr32/avr32-gnu-toolchain/bin/../lib/gcc/avr32/4.4.7/../../../../avr32/lib/ucr2\libc.a(lib_a-sbrkr.o)
                              e:/program x86/atmel/studio/7.0/toolchain/avr32/avr32-gnu-toolchain/bin/../lib/gcc/avr32/4.4.7/../../../../avr32/lib/ucr2\libc.a(lib_a-mallocr.o) (_sbrk_r)
e:/program x86/atmel/studio/7.0/toolchain/avr32/avr32-gnu-toolchain/bin/../lib/gcc/avr32/4.4.7/../../../../avr32/lib/ucr2\libc.a(lib_a-sprintf.o)
                              src/Log/log.o (sprintf)
e:/program x86/atmel/studio/7.0/toolchain/avr32/avr32-gnu-toolchain/bin/../lib/gcc/avr32/4.4.7/../../../../avr32/lib/ucr2\libc.a(lib_a-strncpy.o)
                              src/ASF/thirdparty/freertos/freertos-7.0.0/source/tasks.o (strncpy)
e:/program x86/atmel/studio/7.0/toolchain/avr32/avr32-gnu-toolchain/bin/../lib/gcc/avr32/4.4.7/../../../../avr32/lib/ucr2\libc.a(lib_a-syscalls.o)
                              e:/program x86/atmel/studio/7.0/toolchain/avr32/avr32-gnu-toolchain/bin/../lib/gcc/avr32/4.4.7/../../../../avr32/lib/ucr2\libc.a(lib_a-sbrkr.o) (_sbrk)
e:/program x86/atmel/studio/7.0/toolchain/avr32/avr32-gnu-toolchain/bin/../lib/gcc/avr32/4.4.7/../../../../avr32/lib/ucr2\libc.a(lib_a-vfprintf.o)
                              e:/program x86/atmel/studio/7.0/toolchain/avr32/avr32-gnu-toolchain/bin/../lib/gcc/avr32/4.4.7/../../../../avr32/lib/ucr2\libc.a(lib_a-sprintf.o) (_vfprintf_r)
e:/program x86/atmel/studio/7.0/toolchain/avr32/avr32-gnu-toolchain/bin/../lib/gcc/avr32/4.4.7/../../../../avr32/lib/ucr2\libc.a(lib_a-wsetup.o)
                              e:/program x86/atmel/studio/7.0/toolchain/avr32/avr32-gnu-toolchain/bin/../lib/gcc/avr32/4.4.7/../../../../avr32/lib/ucr2\libc.a(lib_a-vfprintf.o) (__swsetup_r)
e:/program x86/atmel/studio/7.0/toolchain/avr32/avr32-gnu-toolchain/bin/../lib/gcc/avr32/4.4.7/../../../../avr32/lib/ucr2\libc.a(lib_a-dtoa.o)
                              e:/program x86/atmel/studio/7.0/toolchain/avr32/avr32-gnu-toolchain/bin/../lib/gcc/avr32/4.4.7/../../../../avr32/lib/ucr2\libc.a(lib_a-vfprintf.o) (_dtoa_r)
e:/program x86/atmel/studio/7.0/toolchain/avr32/avr32-gnu-toolchain/bin/../lib/gcc/avr32/4.4.7/../../../../avr32/lib/ucr2\libc.a(lib_a-errno.o)
                              e:/program x86/atmel/studio/7.0/toolchain/avr32/avr32-gnu-toolchain/bin/../lib/gcc/avr32/4.4.7/../../../../avr32/lib/ucr2\libc.a(lib_a-syscalls.o) (__errno)
e:/program x86/atmel/studio/7.0/toolchain/avr32/avr32-gnu-toolchain/bin/../lib/gcc/avr32/4.4.7/../../../../avr32/lib/ucr2\libc.a(lib_a-fflush.o)
                              e:/program x86/atmel/studio/7.0/toolchain/avr32/avr32-gnu-toolchain/bin/../lib/gcc/avr32/4.4.7/../../../../avr32/lib/ucr2\libc.a(lib_a-vfprintf.o) (_fflush_r)
e:/program x86/atmel/studio/7.0/toolchain/avr32/avr32-gnu-toolchain/bin/../lib/gcc/avr32/4.4.7/../../../../avr32/lib/ucr2\libc.a(lib_a-findfp.o)
                              e:/program x86/atmel/studio/7.0/toolchain/avr32/avr32-gnu-toolchain/bin/../lib/gcc/avr32/4.4.7/../../../../avr32/lib/ucr2\libc.a(lib_a-vfprintf.o) (__sinit)
[...]
Memory Configuration

Name             Origin             Length             Attributes
FLASH            0x80000000         0x00080000         axrl !w
CPUSRAM          0x00000004         0x00017ffc         axw !rl
USERPAGE         0x80800000         0x00000200
FACTORYPAGE      0x80800200         0x00000200
*default*        0x00000000         0xffffffff

Linker script and memory map

                0x00001000                _stack_size = 0x1000
LOAD src/Application/app/app.o
LOAD src/Application/flash/data_flash.o
LOAD src/Application/myrtc/xgrtc.o
LOAD src/Application/radio/ambe.o
LOAD src/Application/radio/AMBE_audio.o
LOAD src/Application/radio/AMBE_audio_2.o
LOAD src/Application/radio/audio.o
LOAD src/Application/radio/payload.o
LOAD src/Application/radio/physical.o
LOAD src/Application/radio/ssc.o
LOAD src/Application/radio/xcmp.o
LOAD src/Application/radio/xnl.o
LOAD src/Application/RFID/MFRC522/rc522.o
LOAD src/Application/RFID/RFID.o
LOAD src/Application/timers/timer.o
LOAD src/Application/voice/voice.o
LOAD src/Application/xgflash/xgflash.o
LOAD src/ASF/avr32/drivers/flashc/flashc.o
LOAD src/ASF/avr32/drivers/gpio/gpio.o
LOAD src/ASF/avr32/drivers/intc/intc.o
LOAD src/ASF/avr32/drivers/pm/pm.o
LOAD src/ASF/avr32/drivers/pm/pm_conf_clocks.o
LOAD src/ASF/avr32/drivers/pm/power_clocks_lib.o
LOAD src/ASF/avr32/drivers/rtc/rtc.o
LOAD src/ASF/avr32/drivers/spi/spi.o
LOAD src/ASF/avr32/drivers/tc/tc.o
LOAD src/ASF/avr32/drivers/twi/twi.o
LOAD src/ASF/avr32/drivers/usart/usart.o
LOAD src/ASF/avr32/utils/startup/startup_uc3.o
LOAD src/ASF/avr32/utils/startup/trampoline_uc3.o
LOAD src/ASF/common/boards/user_board/init.o
LOAD src/ASF/common/services/clock/uc3b0_b1/sysclk.o
LOAD src/ASF/common/services/spi/uc3_spi/spi_master.o
LOAD src/ASF/common/services/spi/uc3_usart_spi/usart_spi.o
LOAD src/ASF/thirdparty/freertos/freertos-7.0.0/source/croutine.o
LOAD src/ASF/thirdparty/freertos/freertos-7.0.0/source/list.o
LOAD src/ASF/thirdparty/freertos/freertos-7.0.0/source/portable/gcc/avr32_uc3/exception.o
LOAD src/ASF/thirdparty/freertos/freertos-7.0.0/source/portable/gcc/avr32_uc3/port.o
LOAD src/ASF/thirdparty/freertos/freertos-7.0.0/source/portable/gcc/avr32_uc3/read.o
LOAD src/ASF/thirdparty/freertos/freertos-7.0.0/source/portable/gcc/avr32_uc3/write.o
LOAD src/ASF/thirdparty/freertos/freertos-7.0.0/source/portable/memmang/heap_3.o
LOAD src/ASF/thirdparty/freertos/freertos-7.0.0/source/queue.o
LOAD src/ASF/thirdparty/freertos/freertos-7.0.0/source/tasks.o
LOAD src/Log/log.o
LOAD src/main.o
START GROUP
LOAD e:/program x86/atmel/studio/7.0/toolchain/avr32/avr32-gnu-toolchain/bin/../lib/gcc/avr32/4.4.7/../../../../avr32/lib/ucr2\libm.a
END GROUP
LOAD e:/program x86/atmel/studio/7.0/toolchain/avr32/avr32-gnu-toolchain/bin/../lib/gcc/avr32/4.4.7/ucr2\libgcc.a
LOAD e:/program x86/atmel/studio/7.0/toolchain/avr32/avr32-gnu-toolchain/bin/../lib/gcc/avr32/4.4.7/../../../../avr32/lib/ucr2\libc.a
LOAD e:/program x86/atmel/studio/7.0/toolchain/avr32/avr32-gnu-toolchain/bin/../lib/gcc/avr32/4.4.7/ucr2\libgcc.a
                0x80000000                PROVIDE (__executable_start, 0x80000000)
                0x80000000                . = 0x80000000

.interp
 *(.interp)

.reset          0x80000000     0x2004
 *(.reset)
 .reset         0x80000000     0x2004 src/ASF/avr32/utils/startup/trampoline_uc3.o
                               0x2008 (size before relaxing)
                0x80000000                _trampoline

.hash
 *(.hash)

.dynsym
 *(.dynsym)

.dynstr
 *(.dynstr)

.gnu.version
 *(.gnu.version)

.gnu.version_d
 *(.gnu.version_d)

.gnu.version_r
 *(.gnu.version_r)

.rel.init
 *(.rel.init)

.rela.init
 *(.rela.init)

.rel.text
 *(.rel.text .rel.text.* .rel.gnu.linkonce.t.*)

.rela.text
 *(.rela.text .rela.text.* .rela.gnu.linkonce.t.*)

.rel.fini
 *(.rel.fini)

.rela.fini
 *(.rela.fini)

.rel.rodata
 *(.rel.rodata .rel.rodata.* .rel.gnu.linkonce.r.*)

.rela.rodata
 *(.rela.rodata .rela.rodata.* .rela.gnu.linkonce.r.*)

.rel.data.rel.ro
 *(.rel.data.rel.ro*)

.rela.data.rel.ro
 *(.rel.data.rel.ro*)

.rel.data
 *(.rel.data .rel.data.* .rel.gnu.linkonce.d.*)

.rela.data
 *(.rela.data .rela.data.* .rela.gnu.linkonce.d.*)

.rel.tdata
 *(.rel.tdata .rel.tdata.* .rel.gnu.linkonce.td.*)

.rela.tdata
 *(.rela.tdata .rela.tdata.* .rela.gnu.linkonce.td.*)

.rel.tbss
 *(.rel.tbss .rel.tbss.* .rel.gnu.linkonce.tb.*)

.rela.tbss
 *(.rela.tbss .rela.tbss.* .rela.gnu.linkonce.tb.*)

.rel.ctors
 *(.rel.ctors)

.rela.ctors
 *(.rela.ctors)

.rel.dtors
 *(.rel.dtors)

.rela.dtors
 *(.rela.dtors)

.rel.got
 *(.rel.got)

.rela.got       0x80002004        0x0
 *(.rela.got)
 .rela.got      0x80002004        0x0 src/Application/app/app.o

.rel.bss
 *(.rel.bss .rel.bss.* .rel.gnu.linkonce.b.*)

.rela.bss
 *(.rela.bss .rela.bss.* .rela.gnu.linkonce.b.*)

.rel.plt
 *(.rel.plt)

.rela.plt
 *(.rela.plt)

.init
 *(.init)

.plt
 *(.plt)

.text           0x80002004     0xac74
 *(.text .stub .text.* .gnu.linkonce.t.*)
 .text.DeviceManagement_brdcst_func
                0x80002004       0x24 src/Application/app/app.o
                0x80002004                DeviceManagement_brdcst_func
 .text.Volume_brdcst_func
                0x80002028        0x2 src/Application/app/app.o
                0x80002028                Volume_brdcst_func
 .text.AudioRoutingControl_brdcst_func
                0x8000202a        0x2 src/Application/app/app.o
                0x8000202a                AudioRoutingControl_brdcst_func
 .text.vApplicationIdleHook
                0x8000202c       0x10 src/Application/app/app.o
                0x8000202c                vApplicationIdleHook
 .text.app_payload_tx_proc
                0x8000203c       0x14 src/Application/app/app.o
 .text.app_payload_rx_proc
                0x80002050       0x34 src/Application/app/app.o
 .text.FD_brdcst_func
                0x80002084       0x14 src/Application/app/app.o
                0x80002084                FD_brdcst_func
 .text.FD_reply_func
                0x80002098       0x14 src/Application/app/app.o
                0x80002098                FD_reply_func
 .text.FD_request_func
                0x800020ac       0x14 src/Application/app/app.o
                0x800020ac                FD_request_func
 .text.EnOB_brdcst_func
                0x800020c0       0x14 src/Application/app/app.o
                0x800020c0                EnOB_brdcst_func
 .text.EnOB_reply_func
                0x800020d4       0x70 src/Application/app/app.o
                0x800020d4                EnOB_reply_func
 .text.SingleDetection_brdcst_func
                0x80002144       0x4c src/Application/app/app.o
                0x80002144                SingleDetection_brdcst_func
 .text.ButtonConfig_brdcst_func
                0x80002190       0xdc src/Application/app/app.o
                0x80002190                ButtonConfig_brdcst_func
 .text.ButtonConfig_reply_func
                0x8000226c       0x44 src/Application/app/app.o
                0x8000226c                ButtonConfig_reply_func
 .text.BatteryLevel_brdcst_func
                0x800022b0       0x3c src/Application/app/app.o
                0x800022b0                BatteryLevel_brdcst_func
 .text.ShutDown_brdcst_func
                0x800022ec       0x30 src/Application/app/app.o
                0x800022ec                ShutDown_brdcst_func
 .text.DataSession_reply_func
                0x8000231c       0x5c src/Application/app/app.o
                0x8000231c                DataSession_reply_func
 .text.CallControl_brdcst_func
                0x80002378       0x44 src/Application/app/app.o
                0x80002378                CallControl_brdcst_func
 .text.TransmitControl_brdcst_func
                0x800023bc       0x48 src/Application/app/app.o
                0x800023bc                TransmitControl_brdcst_func
 .text.TransmitControl_reply_func
                0x80002404       0x60 src/Application/app/app.o
                0x80002404                TransmitControl_reply_func
 .text.AudioRoutingControl_reply_func
                0x80002464       0x28 src/Application/app/app.o
                0x80002464                AudioRoutingControl_reply_func
 .text.Volume_reply_func
                0x8000248c       0x64 src/Application/app/app.o
                0x8000248c                Volume_reply_func
 .text.spk_brdcst_func
                0x800024f0       0x38 src/Application/app/app.o
                0x800024f0                spk_brdcst_func
 .text.spk_reply_func
                0x80002528       0x48 src/Application/app/app.o
                0x80002528                spk_reply_func
 .text.mic_brdcst_func
                0x80002570       0x58 src/Application/app/app.o
                0x80002570                mic_brdcst_func
 .text.mic_reply_func
                0x800025c8       0x94 src/Application/app/app.o
                0x800025c8                mic_reply_func
 .text.dcm_brdcst_func
                0x8000265c       0x48 src/Application/app/app.o
                0x8000265c                dcm_brdcst_func
 .text.dcm_reply_func
                0x800026a4       0x68 src/Application/app/app.o
                0x800026a4                dcm_reply_func
 .text.ToneControl_reply_func
                0x8000270c       0x28 src/Application/app/app.o
                0x8000270c                ToneControl_reply_func
 .text.app_init
                0x80002734       0x78 src/Application/app/app.o
                0x80002734                app_init
 .text.app_cfg  0x800027ac      0x180 src/Application/app/app.o
 .text.Phyuserinput_brdcst_func
                0x8000292c       0x58 src/Application/app/app.o
                0x8000292c                Phyuserinput_brdcst_func
 .text.DataSession_brdcst_func
                0x80002984      0x188 src/Application/app/app.o
                0x80002984                DataSession_brdcst_func
 .text.DeviceInitializationStatus_brdcst_func
                0x80002b0c       0x38 src/Application/app/app.o
                0x80002b0c                DeviceInitializationStatus_brdcst_func
 .text.CalculateBurst
                0x80002b44       0x1c src/Application/radio/ambe.o
                0x80002b44                CalculateBurst
 .text.payload_init
                0x80002b60       0x14 src/Application/radio/payload.o
                0x80002b60                payload_init
 .text.set_idle_store_isr
                0x80002b74       0x1c src/Application/radio/physical.o
                0x80002b74                set_idle_store_isr
 .text.payload_rx
                0x80002b90       0x18 src/Application/radio/physical.o
 .text.phy_rx   0x80002ba8       0x38 src/Application/radio/physical.o
                0x80002ba8                phy_rx
 .text.set_idle_store
                0x80002be0       0x20 src/Application/radio/physical.o
                0x80002be0                set_idle_store
 .text.phy_tx   0x80002c00       0x5c src/Application/radio/physical.o
                0x80002c00                phy_tx
 .text.get_idle_store_isr
                0x80002c5c       0x28 src/Application/radio/physical.o
                0x80002c5c                get_idle_store_isr
 .text.phy_tx_func
                0x80002c84      0x108 src/Application/radio/physical.o
 .text.get_idle_store
                0x80002d8c       0x28 src/Application/radio/physical.o
                0x80002d8c                get_idle_store
 .text.phy_init
                0x80002db4       0x28 src/Application/radio/physical.o
                0x80002db4                phy_init
 .text.phy_rx_func
                0x80002ddc      0xf24 src/Application/radio/physical.o
 .text.pdca_int_handler
                0x80003d00       0x80 src/Application/radio/ssc.o
 .text.local_start_SSC
                0x80003d80       0x44 src/Application/radio/ssc.o
                0x80003d80                local_start_SSC
 .text.local_start_PDC
                0x80003dc4       0x6c src/Application/radio/ssc.o
                0x80003dc4                local_start_PDC
 .text.register_rx_tx_func
                0x80003e30       0x14 src/Application/radio/ssc.o
                0x80003e30                register_rx_tx_func
 .text.ssc_init
                0x80003e44       0x74 src/Application/radio/ssc.o
                0x80003e44                ssc_init
 .text.xcmp_register_app_list
                0x80003eb8        0xc src/Application/radio/xcmp.o
                0x80003eb8                xcmp_register_app_list
 .text.xcmp_tx  0x80003ec4       0x48 src/Application/radio/xcmp.o
 .text.xcmp_data_session_req
                0x80003f0c       0x8c src/Application/radio/xcmp.o
                0x80003f0c                xcmp_data_session_req
 .text.xcmp_DeviceInitializationStatus_request
                0x80003f98       0x40 src/Application/radio/xcmp.o
                0x80003f98                xcmp_DeviceInitializationStatus_request
 .text.xcmp_opcode_not_supported
                0x80003fd8       0x24 src/Application/radio/xcmp.o
                0x80003fd8                xcmp_opcode_not_supported
 .text.xcmp_exec_func
                0x80003ffc       0x48 src/Application/radio/xcmp.o
 .text.xcmp_IdleTestTone
                0x80004044       0x60 src/Application/radio/xcmp.o
                0x80004044                xcmp_IdleTestTone
 .text.xcmp_init
                0x800040a4       0x54 src/Application/radio/xcmp.o
                0x800040a4                xcmp_init
 .text.xcmp_rx_process
                0x800040f8       0xfc src/Application/radio/xcmp.o
 .text.xcmp_rx  0x800041f4       0x4c src/Application/radio/xcmp.o
 .text.xnl_register_xcmp_func
                0x80004240        0xc src/Application/radio/xnl.o
                0x80004240                xnl_register_xcmp_func
 .text.xnl_get_msg_ack_func
                0x8000424c       0x2c src/Application/radio/xnl.o
                0x8000424c                xnl_get_msg_ack_func
 .text.xnl_init
                0x80004278      0x12c src/Application/radio/xnl.o
                0x80004278                xnl_init
 .text.xnl_rx_process
                0x800043a4       0x60 src/Application/radio/xnl.o
 .text.xnl_tx_process
                0x80004404       0xcc src/Application/radio/xnl.o
 .text.xnl_tx   0x800044d0       0xe4 src/Application/radio/xnl.o
                0x800044d0                xnl_tx
 .text.xnl_data_msg_func
                0x800045b4       0x60 src/Application/radio/xnl.o
                0x800045b4                xnl_data_msg_func
 .text.xnl_device_auth_reply_func
                0x80004614      0x120 src/Application/radio/xnl.o
                0x80004614                xnl_device_auth_reply_func
 .text.xnl_master_status_brdcst_func
                0x80004734       0x60 src/Application/radio/xnl.o
                0x80004734                xnl_master_status_brdcst_func
 .text.xnl_device_conn_reply_func
                0x80004794       0x5c src/Application/radio/xnl.o
                0x80004794                xnl_device_conn_reply_func
 .text.xnl_send_device_master_query
                0x800047f0       0x30 src/Application/radio/xnl.o
                0x800047f0                xnl_send_device_master_query
 .text.RC522_SPI_SetSpeed
                0x80004820       0x24 src/Application/RFID/MFRC522/rc522.o
                0x80004820                RC522_SPI_SetSpeed
 .text.RC522_SPI_SetSpeedLow
                0x80004844       0x10 src/Application/RFID/MFRC522/rc522.o
                0x80004844                RC522_SPI_SetSpeedLow
 .text.RC522_ReadByte
                0x80004854       0x2c src/Application/RFID/MFRC522/rc522.o
                0x80004854                RC522_ReadByte
 .text.RC522_WriteByte
                0x80004880       0x30 src/Application/RFID/MFRC522/rc522.o
                0x80004880                RC522_WriteByte
 .text.WriteRawRC
                0x800048b0       0x40 src/Application/RFID/MFRC522/rc522.o
                0x800048b0                WriteRawRC
 .text.PcdReset
                0x800048f0       0x80 src/Application/RFID/MFRC522/rc522.o
                0x800048f0                PcdReset
 .text.ReadRawRC
                0x80004970       0x48 src/Application/RFID/MFRC522/rc522.o
                0x80004970                ReadRawRC
 .text.Wait_Wakeup_RC522
                0x800049b8       0x10 src/Application/RFID/MFRC522/rc522.o
                0x800049b8                Wait_Wakeup_RC522
 .text.Powerdown_RC522
                0x800049c8       0x4c src/Application/RFID/MFRC522/rc522.o
                0x800049c8                Powerdown_RC522
 .text.SetBitMask
                0x80004a14       0x24 src/Application/RFID/MFRC522/rc522.o
                0x80004a14                SetBitMask
 .text.PcdAntennaOn
                0x80004a38       0x20 src/Application/RFID/MFRC522/rc522.o
                0x80004a38                PcdAntennaOn
 .text.ClearBitMask
                0x80004a58       0x28 src/Application/RFID/MFRC522/rc522.o
                0x80004a58                ClearBitMask
 .text.PcdAntennaOff
                0x80004a80       0x10 src/Application/RFID/MFRC522/rc522.o
                0x80004a80                PcdAntennaOff
 .text.M500PcdConfigISOType
                0x80004a90       0x70 src/Application/RFID/MFRC522/rc522.o
                0x80004a90                M500PcdConfigISOType
 .text.rc522_init
                0x80004b00       0xd8 src/Application/RFID/MFRC522/rc522.o
                0x80004b00                rc522_init
 .text.PcdComMF522
                0x80004bd8      0x178 src/Application/RFID/MFRC522/rc522.o
                0x80004bd8                PcdComMF522
 .text.PcdAnticoll
                0x80004d50       0x84 src/Application/RFID/MFRC522/rc522.o
                0x80004d50                PcdAnticoll
 .text.PcdRequest
                0x80004dd4       0x64 src/Application/RFID/MFRC522/rc522.o
                0x80004dd4                PcdRequest
 .text.CalulateCRC
                0x80004e38       0x8c src/Application/RFID/MFRC522/rc522.o
                0x80004e38                CalulateCRC
 .text.PcdSelect
                0x80004ec4       0x74 src/Application/RFID/MFRC522/rc522.o
                0x80004ec4                PcdSelect
 .text.rfid_auto_reader
                0x80004f38      0x120 src/Application/RFID/RFID.o
                0x80004f38                rfid_auto_reader
 .text.scan_patrol
                0x80005058       0x50 src/Application/RFID/RFID.o
                0x80005058                scan_patrol
 .text.scan_rfid_save_message
                0x800050a8      0x1f8 src/Application/RFID/RFID.o
                0x800050a8                scan_rfid_save_message
 .text.rfid_init
                0x800052a0        0xc src/Application/RFID/RFID.o
                0x800052a0                rfid_init
 .text.delay_ns
                0x800052ac       0x16 src/Application/timers/timer.o
                0x800052ac                delay_ns
 *fill*         0x800052c2        0x2 d703d703
 .text.delay_us
                0x800052c4       0x28 src/Application/timers/timer.o
                0x800052c4                delay_us
 .text.delay_ms
                0x800052ec       0x28 src/Application/timers/timer.o
                0x800052ec                delay_ms
 .text.local_start_timer
                0x80005314       0x2c src/Application/timers/timer.o
                0x80005314                local_start_timer
 .text.local_start_pll0
                0x80005340       0x94 src/Application/timers/timer.o
                0x80005340                local_start_pll0
 .text.xg_flashc_init
                0x800053d4       0x90 src/Application/xgflash/xgflash.o
                0x800053d4                xg_flashc_init
 .text.flashc_set_wait_state
                0x80005464        0xe src/ASF/avr32/drivers/flashc/flashc.o
                0x80005464                flashc_set_wait_state
 .text.gpio_enable_module_pin
                0x80005472       0x52 src/ASF/avr32/drivers/gpio/gpio.o
                0x80005472                gpio_enable_module_pin
 .text.gpio_enable_module
                0x800054c4       0x30 src/ASF/avr32/drivers/gpio/gpio.o
                0x800054c4                gpio_enable_module
 .text.gpio_enable_gpio_pin
                0x800054f4       0x18 src/ASF/avr32/drivers/gpio/gpio.o
                0x800054f4                gpio_enable_gpio_pin
 .text.gpio_set_gpio_pin
                0x8000550c       0x1c src/ASF/avr32/drivers/gpio/gpio.o
                0x8000550c                gpio_set_gpio_pin
 .text.gpio_clr_gpio_pin
                0x80005528       0x1c src/ASF/avr32/drivers/gpio/gpio.o
                0x80005528                gpio_clr_gpio_pin
 .text._unhandled_interrupt
                0x80005544        0x2 src/ASF/avr32/drivers/intc/intc.o
 *fill*         0x80005546        0x2 d703d703
 .text.INTC_register_interrupt
                0x80005548       0x80 src/ASF/avr32/drivers/intc/intc.o
                0x80005548                INTC_register_interrupt
 .text.INTC_init_interrupts
                0x800055c8       0x54 src/ASF/avr32/drivers/intc/intc.o
                0x800055c8                INTC_init_interrupts
 .text._get_interrupt_handler
                0x8000561c       0x38 src/ASF/avr32/drivers/intc/intc.o
                0x8000561c                _get_interrupt_handler
 .text.pm_set_osc0_mode
                0x80005654        0xa src/ASF/avr32/drivers/pm/pm.o
 *fill*         0x8000565e        0x2 d703d703
 .text.pm_enable_osc0_crystal
                0x80005660       0x3c src/ASF/avr32/drivers/pm/pm.o
                0x80005660                pm_enable_osc0_crystal
 .text.pm_enable_clk0_no_wait
                0x8000569c       0x10 src/ASF/avr32/drivers/pm/pm.o
                0x8000569c                pm_enable_clk0_no_wait
 .text.pm_wait_for_clk0_ready
                0x800056ac        0xa src/ASF/avr32/drivers/pm/pm.o
                0x800056ac                pm_wait_for_clk0_ready
 *fill*         0x800056b6        0x2 d703d703
 .text.pm_enable_clk0
                0x800056b8       0x1c src/ASF/avr32/drivers/pm/pm.o
                0x800056b8                pm_enable_clk0
 .text.pm_cksel
                0x800056d4       0x46 src/ASF/avr32/drivers/pm/pm.o
                0x800056d4                pm_cksel
 .text.pm_pll_setup
                0x8000571a       0x22 src/ASF/avr32/drivers/pm/pm.o
                0x8000571a                pm_pll_setup
 .text.pm_pll_set_option
                0x8000573c       0x1a src/ASF/avr32/drivers/pm/pm.o
                0x8000573c                pm_pll_set_option
 .text.pm_pll_enable
                0x80005756        0xe src/ASF/avr32/drivers/pm/pm.o
                0x80005756                pm_pll_enable
 .text.pm_wait_for_pll0_locked
                0x80005764        0xa src/ASF/avr32/drivers/pm/pm.o
                0x80005764                pm_wait_for_pll0_locked
 .text.pm_switch_to_clock
                0x8000576e        0xa src/ASF/avr32/drivers/pm/pm.o
                0x8000576e                pm_switch_to_clock
 .text.pm_switch_to_osc0
                0x80005778       0x2c src/ASF/avr32/drivers/pm/pm.o
                0x80005778                pm_switch_to_osc0
 .text.getBaudDiv
                0x800057a4       0x20 src/ASF/avr32/drivers/spi/spi.o
                0x800057a4                getBaudDiv
 .text.spi_initMaster
                0x800057c4       0x38 src/ASF/avr32/drivers/spi/spi.o
                0x800057c4                spi_initMaster
 .text.spi_selectionMode
                0x800057fc       0x2c src/ASF/avr32/drivers/spi/spi.o
                0x800057fc                spi_selectionMode
 .text.spi_enable
                0x80005828        0x6 src/ASF/avr32/drivers/spi/spi.o
                0x80005828                spi_enable
 .text.spi_write
                0x8000582e       0x1c src/ASF/avr32/drivers/spi/spi.o
                0x8000582e                spi_write
 .text.spi_read
                0x8000584a       0x20 src/ASF/avr32/drivers/spi/spi.o
                0x8000584a                spi_read
 *fill*         0x8000586a        0x2 d703d703
 .text.spi_setupChipReg
                0x8000586c       0xe8 src/ASF/avr32/drivers/spi/spi.o
                0x8000586c                spi_setupChipReg
 .text.spi_unselectChip
                0x80005954       0x40 src/ASF/avr32/drivers/spi/spi.o
                0x80005954                spi_unselectChip
 .text.spi_selectChip
                0x80005994       0x78 src/ASF/avr32/drivers/spi/spi.o
                0x80005994                spi_selectChip
 .text.usart_set_async_baudrate
                0x80005a0c       0x5a src/ASF/avr32/drivers/usart/usart.o
 .text.usart_write_char
                0x80005a66       0x14 src/ASF/avr32/drivers/usart/usart.o
                0x80005a66                usart_write_char
 *fill*         0x80005a7a        0x2 d703d703
 .text.usart_putchar
                0x80005a7c       0x2c src/ASF/avr32/drivers/usart/usart.o
                0x80005a7c                usart_putchar
 .text.usart_read_char
                0x80005aa8       0x22 src/ASF/avr32/drivers/usart/usart.o
                0x80005aa8                usart_read_char
 *fill*         0x80005aca        0x2 d703d703
 .text.usart_getchar
                0x80005acc       0x2c src/ASF/avr32/drivers/usart/usart.o
                0x80005acc                usart_getchar
 .text.usart_write_line
                0x80005af8       0x24 src/ASF/avr32/drivers/usart/usart.o
                0x80005af8                usart_write_line
 .text.usart_reset
                0x80005b1c       0x2c src/ASF/avr32/drivers/usart/usart.o
                0x80005b1c                usart_reset
 .text.usart_init_rs232
                0x80005b48       0xcc src/ASF/avr32/drivers/usart/usart.o
                0x80005b48                usart_init_rs232
 .text._stext   0x80005c14       0x40 src/ASF/avr32/utils/startup/startup_uc3.o
                                 0x50 (size before relaxing)
                0x80005c14                _stext
 .text.vListInitialise
                0x80005c54       0x14 src/ASF/thirdparty/freertos/freertos-7.0.0/source/list.o
                0x80005c54                vListInitialise
 .text.vListInitialiseItem
                0x80005c68        0x6 src/ASF/thirdparty/freertos/freertos-7.0.0/source/list.o
                0x80005c68                vListInitialiseItem
 .text.vListInsertEnd
                0x80005c6e       0x1c src/ASF/thirdparty/freertos/freertos-7.0.0/source/list.o
                0x80005c6e                vListInsertEnd
 .text.vListInsert
                0x80005c8a       0x34 src/ASF/thirdparty/freertos/freertos-7.0.0/source/list.o
                0x80005c8a                vListInsert
 .text.vListRemove
                0x80005cbe       0x26 src/ASF/thirdparty/freertos/freertos-7.0.0/source/list.o
                0x80005cbe                vListRemove
 .text.pxPortInitialiseStack
                0x80005ce4       0x92 src/ASF/thirdparty/freertos/freertos-7.0.0/source/portable/gcc/avr32_uc3/port.o
                0x80005ce4                pxPortInitialiseStack
 *fill*         0x80005d76        0x2 d703d703
 .text.vPortEnterCritical
                0x80005d78       0x10 src/ASF/thirdparty/freertos/freertos-7.0.0/source/portable/gcc/avr32_uc3/port.o
                0x80005d78                vPortEnterCritical
 .text.xPortStartScheduler
                0x80005d88       0x58 src/ASF/thirdparty/freertos/freertos-7.0.0/source/portable/gcc/avr32_uc3/port.o
                0x80005d88                xPortStartScheduler
 .text.SCALLYield
                0x80005de0       0x98 src/ASF/thirdparty/freertos/freertos-7.0.0/source/portable/gcc/avr32_uc3/port.o
                0x80005de0                SCALLYield
 .text.prvClearCcInt
                0x80005e78        0xa src/ASF/thirdparty/freertos/freertos-7.0.0/source/portable/gcc/avr32_uc3/port.o
 *fill*         0x80005e82        0x2 d703d703
 .text.vPortExitCritical
                0x80005e84       0x20 src/ASF/thirdparty/freertos/freertos-7.0.0/source/portable/gcc/avr32_uc3/port.o
                0x80005e84                vPortExitCritical
 .text.vTick    0x80005ea4       0x84 src/ASF/thirdparty/freertos/freertos-7.0.0/source/portable/gcc/avr32_uc3/port.o
 .text.__malloc_lock
                0x80005f28        0xc src/ASF/thirdparty/freertos/freertos-7.0.0/source/portable/gcc/avr32_uc3/port.o
                0x80005f28                __malloc_lock
 .text.__malloc_unlock
                0x80005f34        0xc src/ASF/thirdparty/freertos/freertos-7.0.0/source/portable/gcc/avr32_uc3/port.o
                0x80005f34                __malloc_unlock
 .text._read    0x80005f40       0x40 src/ASF/thirdparty/freertos/freertos-7.0.0/source/portable/gcc/avr32_uc3/read.o
                0x80005f40                _read
 .text._write   0x80005f80       0x3c src/ASF/thirdparty/freertos/freertos-7.0.0/source/portable/gcc/avr32_uc3/write.o
                0x80005f80                _write
 .text.vPortFree
                0x80005fbc       0x28 src/ASF/thirdparty/freertos/freertos-7.0.0/source/portable/memmang/heap_3.o
                0x80005fbc                vPortFree
 .text.pvPortMalloc
                0x80005fe4       0x28 src/ASF/thirdparty/freertos/freertos-7.0.0/source/portable/memmang/heap_3.o
                0x80005fe4                pvPortMalloc
 .text.prvCopyDataFromQueue
                0x8000600c       0x30 src/ASF/thirdparty/freertos/freertos-7.0.0/source/queue.o
 .text.xQueueReceiveFromISR
                0x8000603c       0x50 src/ASF/thirdparty/freertos/freertos-7.0.0/source/queue.o
                0x8000603c                xQueueReceiveFromISR
 .text.prvUnlockQueue
                0x8000608c       0xa0 src/ASF/thirdparty/freertos/freertos-7.0.0/source/queue.o
 .text.xQueueGenericReceive
                0x8000612c      0x144 src/ASF/thirdparty/freertos/freertos-7.0.0/source/queue.o
                0x8000612c                xQueueGenericReceive
 .text.prvCopyDataToQueue
                0x80006270       0x78 src/ASF/thirdparty/freertos/freertos-7.0.0/source/queue.o
 .text.xQueueGenericSendFromISR
                0x800062e8       0x50 src/ASF/thirdparty/freertos/freertos-7.0.0/source/queue.o
                0x800062e8                xQueueGenericSendFromISR
 .text.xQueueGenericSend
                0x80006338      0x100 src/ASF/thirdparty/freertos/freertos-7.0.0/source/queue.o
                0x80006338                xQueueGenericSend
 .text.xQueueCreateMutex
                0x80006438       0x58 src/ASF/thirdparty/freertos/freertos-7.0.0/source/queue.o
                0x80006438                xQueueCreateMutex
 .text.xQueueCreate
                0x80006490       0x74 src/ASF/thirdparty/freertos/freertos-7.0.0/source/queue.o
                0x80006490                xQueueCreate
 .text.vTaskSuspendAll
                0x80006504       0x10 src/ASF/thirdparty/freertos/freertos-7.0.0/source/tasks.o
                0x80006504                vTaskSuspendAll
 .text.vTaskSwitchContext
                0x80006514       0x7c src/ASF/thirdparty/freertos/freertos-7.0.0/source/tasks.o
                0x80006514                vTaskSwitchContext
 .text.vTaskSetTimeOutState
                0x80006590       0x18 src/ASF/thirdparty/freertos/freertos-7.0.0/source/tasks.o
                0x80006590                vTaskSetTimeOutState
 .text.vTaskMissedYield
                0x800065a8        0xc src/ASF/thirdparty/freertos/freertos-7.0.0/source/tasks.o
                0x800065a8                vTaskMissedYield
 .text.xTaskGetCurrentTaskHandle
                0x800065b4        0xc src/ASF/thirdparty/freertos/freertos-7.0.0/source/tasks.o
                0x800065b4                xTaskGetCurrentTaskHandle
 .text.vTaskPriorityDisinherit
                0x800065c0       0x58 src/ASF/thirdparty/freertos/freertos-7.0.0/source/tasks.o
                0x800065c0                vTaskPriorityDisinherit
 .text.vTaskPriorityInherit
                0x80006618       0x84 src/ASF/thirdparty/freertos/freertos-7.0.0/source/tasks.o
                0x80006618                vTaskPriorityInherit
 .text.xTaskRemoveFromEventList
                0x8000669c       0x7c src/ASF/thirdparty/freertos/freertos-7.0.0/source/tasks.o
                0x8000669c                xTaskRemoveFromEventList
 .text.vTaskIncrementTick
                0x80006718      0x114 src/ASF/thirdparty/freertos/freertos-7.0.0/source/tasks.o
                0x80006718                vTaskIncrementTick
 .text.xTaskCheckForTimeOut
                0x8000682c       0x70 src/ASF/thirdparty/freertos/freertos-7.0.0/source/tasks.o
                0x8000682c                xTaskCheckForTimeOut
 .text.xTaskGetTickCount
                0x8000689c       0x24 src/ASF/thirdparty/freertos/freertos-7.0.0/source/tasks.o
                0x8000689c                xTaskGetTickCount
 .text.xTaskResumeAll
                0x800068c0       0xe8 src/ASF/thirdparty/freertos/freertos-7.0.0/source/tasks.o
                0x800068c0                xTaskResumeAll
 .text.prvAddCurrentTaskToDelayedList
                0x800069a8       0x5c src/ASF/thirdparty/freertos/freertos-7.0.0/source/tasks.o
 .text.vTaskDelay
                0x80006a04       0x48 src/ASF/thirdparty/freertos/freertos-7.0.0/source/tasks.o
                0x80006a04                vTaskDelay
 .text.vTaskDelayUntil
                0x80006a4c       0x80 src/ASF/thirdparty/freertos/freertos-7.0.0/source/tasks.o
                0x80006a4c                vTaskDelayUntil
 .text.vTaskPlaceOnEventList
                0x80006acc       0x58 src/ASF/thirdparty/freertos/freertos-7.0.0/source/tasks.o
                0x80006acc                vTaskPlaceOnEventList
 .text.prvIdleTask
                0x80006b24       0x88 src/ASF/thirdparty/freertos/freertos-7.0.0/source/tasks.o
 .text.xTaskGenericCreate
                0x80006bac      0x1e8 src/ASF/thirdparty/freertos/freertos-7.0.0/source/tasks.o
                0x80006bac                xTaskGenericCreate
 .text.vTaskStartScheduler
                0x80006d94       0x4c src/ASF/thirdparty/freertos/freertos-7.0.0/source/tasks.o
                0x80006d94                vTaskStartScheduler
 .text.PrintChar
                0x80006de0        0x4 src/Log/log.o
                0x80006de0                PrintChar
 .text.PrintHex
                0x80006de4       0xb2 src/Log/log.o
                0x80006de4                PrintHex
 .text.PrintDec
                0x80006e96       0xda src/Log/log.o
                0x80006e96                PrintDec
 .text.log      0x80006f70      0x18c src/Log/log.o
                0x80006f70                log
 .text.logFromISR
                0x800070fc      0x180 src/Log/log.o
                0x800070fc                logFromISR
 .text.log_init
                0x8000727c       0x64 src/Log/log.o
                0x8000727c                log_init
 .text.task_log
                0x800072e0       0x44 src/Log/log.o
 .text.main     0x80007324       0x70 src/main.o
                0x80007324                main
 .text.free     0x80007394       0x10 e:/program x86/atmel/studio/7.0/toolchain/avr32/avr32-gnu-toolchain/bin/../lib/gcc/avr32/4.4.7/../../../../avr32/lib/ucr2\libc.a(lib_a-malloc.o)
                                 0x18 (size before relaxing)
                0x80007394                free
 .text.malloc   0x800073a4       0x10 e:/program x86/atmel/studio/7.0/toolchain/avr32/avr32-gnu-toolchain/bin/../lib/gcc/avr32/4.4.7/../../../../avr32/lib/ucr2\libc.a(lib_a-malloc.o)
                                 0x18 (size before relaxing)
                0x800073a4                malloc
 .text._malloc_r
                0x800073b4      0x438 e:/program x86/atmel/studio/7.0/toolchain/avr32/avr32-gnu-toolchain/bin/../lib/gcc/avr32/4.4.7/../../../../avr32/lib/ucr2\libc.a(lib_a-mallocr.o)
                                0x450 (size before relaxing)
                0x800073b4                _malloc_r
 .text          0x800077ec      0x148 e:/program x86/atmel/studio/7.0/toolchain/avr32/avr32-gnu-toolchain/bin/../lib/gcc/avr32/4.4.7/../../../../avr32/lib/ucr2\libc.a(lib_a-memcpy.o)
                0x800077ec                memcpy
 .text.memset   0x80007934        0xe e:/program x86/atmel/studio/7.0/toolchain/avr32/avr32-gnu-toolchain/bin/../lib/gcc/avr32/4.4.7/../../../../avr32/lib/ucr2\libc.a(lib_a-memset.o)
                0x80007934                memset
 *fill*         0x80007942        0x2 d703d703
 .text._realloc_r
                0x80007944      0x2c0 e:/program x86/atmel/studio/7.0/toolchain/avr32/avr32-gnu-toolchain/bin/../lib/gcc/avr32/4.4.7/../../../../avr32/lib/ucr2\libc.a(lib_a-reallocr.o)
                                0x2e0 (size before relaxing)
                0x80007944                _realloc_r
 .text._sbrk_r  0x80007c04       0x20 e:/program x86/atmel/studio/7.0/toolchain/avr32/avr32-gnu-toolchain/bin/../lib/gcc/avr32/4.4.7/../../../../avr32/lib/ucr2\libc.a(lib_a-sbrkr.o)
                                 0x28 (size before relaxing)
                0x80007c04                _sbrk_r
 .text.sprintf  0x80007c24       0x3c e:/program x86/atmel/studio/7.0/toolchain/avr32/avr32-gnu-toolchain/bin/../lib/gcc/avr32/4.4.7/../../../../avr32/lib/ucr2\libc.a(lib_a-sprintf.o)
                                 0x40 (size before relaxing)
                0x80007c24                sprintf
 .text          0x80007c60       0x20 e:/program x86/atmel/studio/7.0/toolchain/avr32/avr32-gnu-toolchain/bin/../lib/gcc/avr32/4.4.7/../../../../avr32/lib/ucr2\libc.a(lib_a-strncpy.o)
                0x80007c60                strncpy
 .text._close   0x80007c80       0x14 e:/program x86/atmel/studio/7.0/toolchain/avr32/avr32-gnu-toolchain/bin/../lib/gcc/avr32/4.4.7/../../../../avr32/lib/ucr2\libc.a(lib_a-syscalls.o)
                                 0x18 (size before relaxing)
                0x80007c80                _close
 .text._lseek   0x80007c94       0x14 e:/program x86/atmel/studio/7.0/toolchain/avr32/avr32-gnu-toolchain/bin/../lib/gcc/avr32/4.4.7/../../../../avr32/lib/ucr2\libc.a(lib_a-syscalls.o)
                                 0x18 (size before relaxing)
                0x80007c94                _lseek
 .text.isatty   0x80007ca8       0x14 e:/program x86/atmel/studio/7.0/toolchain/avr32/avr32-gnu-toolchain/bin/../lib/gcc/avr32/4.4.7/../../../../avr32/lib/ucr2\libc.a(lib_a-syscalls.o)
                                 0x18 (size before relaxing)
                0x80007ca8                isatty
 .text._fstat_host
                0x80007cbc       0x14 e:/program x86/atmel/studio/7.0/toolchain/avr32/avr32-gnu-toolchain/bin/../lib/gcc/avr32/4.4.7/../../../../avr32/lib/ucr2\libc.a(lib_a-syscalls.o)
                                 0x18 (size before relaxing)
                0x80007cbc                _fstat_host
 .text._fstat   0x80007cd0       0x4c e:/program x86/atmel/studio/7.0/toolchain/avr32/avr32-gnu-toolchain/bin/../lib/gcc/avr32/4.4.7/../../../../avr32/lib/ucr2\libc.a(lib_a-syscalls.o)
                                 0x50 (size before relaxing)
                0x80007cd0                _fstat
 .text._sbrk    0x80007d1c       0x38 e:/program x86/atmel/studio/7.0/toolchain/avr32/avr32-gnu-toolchain/bin/../lib/gcc/avr32/4.4.7/../../../../avr32/lib/ucr2\libc.a(lib_a-syscalls.o)
                                 0x40 (size before relaxing)
                0x80007d1c                _sbrk
 .text.get_arg  0x80007d54      0x314 e:/program x86/atmel/studio/7.0/toolchain/avr32/avr32-gnu-toolchain/bin/../lib/gcc/avr32/4.4.7/../../../../avr32/lib/ucr2\libc.a(lib_a-vfprintf.o)
                                0x324 (size before relaxing)
 .text.__sprint_r
                0x80008068       0x1c e:/program x86/atmel/studio/7.0/toolchain/avr32/avr32-gnu-toolchain/bin/../lib/gcc/avr32/4.4.7/../../../../avr32/lib/ucr2\libc.a(lib_a-vfprintf.o)
                                 0x20 (size before relaxing)
 .text._vfprintf_r
                0x80008084     0x1f14 e:/program x86/atmel/studio/7.0/toolchain/avr32/avr32-gnu-toolchain/bin/../lib/gcc/avr32/4.4.7/../../../../avr32/lib/ucr2\libc.a(lib_a-vfprintf.o)
                               0x1f9c (size before relaxing)
                0x80008084                _vfprintf_r
 .text.__swsetup_r
                0x80009f98       0xdc e:/program x86/atmel/studio/7.0/toolchain/avr32/avr32-gnu-toolchain/bin/../lib/gcc/avr32/4.4.7/../../../../avr32/lib/ucr2\libc.a(lib_a-wsetup.o)
                                 0xe8 (size before relaxing)
                0x80009f98                __swsetup_r
 .text.quorem   0x8000a074      0x120 e:/program x86/atmel/studio/7.0/toolchain/avr32/avr32-gnu-toolchain/bin/../lib/gcc/avr32/4.4.7/../../../../avr32/lib/ucr2\libc.a(lib_a-dtoa.o)
                                0x124 (size before relaxing)
 .text._dtoa_r  0x8000a194      0xbdc e:/program x86/atmel/studio/7.0/toolchain/avr32/avr32-gnu-toolchain/bin/../lib/gcc/avr32/4.4.7/../../../../avr32/lib/ucr2\libc.a(lib_a-dtoa.o)
                                0xc90 (size before relaxing)
                0x8000a194                _dtoa_r
 .text.__errno  0x8000ad70        0xc e:/program x86/atmel/studio/7.0/toolchain/avr32/avr32-gnu-toolchain/bin/../lib/gcc/avr32/4.4.7/../../../../avr32/lib/ucr2\libc.a(lib_a-errno.o)
                0x8000ad70                __errno
 .text._fflush_r
                0x8000ad7c      0x10c e:/program x86/atmel/studio/7.0/toolchain/avr32/avr32-gnu-toolchain/bin/../lib/gcc/avr32/4.4.7/../../../../avr32/lib/ucr2\libc.a(lib_a-fflush.o)
                                0x118 (size before relaxing)
                0x8000ad7c                _fflush_r
 .text.__sfp_lock_acquire
                0x8000ae88        0x2 e:/program x86/atmel/studio/7.0/toolchain/avr32/avr32-gnu-toolchain/bin/../lib/gcc/avr32/4.4.7/../../../../avr32/lib/ucr2\libc.a(lib_a-findfp.o)
                0x8000ae88                __sfp_lock_acquire
 .text.__sfp_lock_release
                0x8000ae8a        0x2 e:/program x86/atmel/studio/7.0/toolchain/avr32/avr32-gnu-toolchain/bin/../lib/gcc/avr32/4.4.7/../../../../avr32/lib/ucr2\libc.a(lib_a-findfp.o)
                0x8000ae8a                __sfp_lock_release
 .text._cleanup_r
                0x8000ae8c        0xc e:/program x86/atmel/studio/7.0/toolchain/avr32/avr32-gnu-toolchain/bin/../lib/gcc/avr32/4.4.7/../../../../avr32/lib/ucr2\libc.a(lib_a-findfp.o)
                                 0x14 (size before relaxing)
                0x8000ae8c                _cleanup_r
 .text.__sfmoreglue
                0x8000ae98       0x28 e:/program x86/atmel/studio/7.0/toolchain/avr32/avr32-gnu-toolchain/bin/../lib/gcc/avr32/4.4.7/../../../../avr32/lib/ucr2\libc.a(lib_a-findfp.o)
                                 0x30 (size before relaxing)
                0x8000ae98                __sfmoreglue
 .text.__sfp    0x8000aec0       0x6c e:/program x86/atmel/studio/7.0/toolchain/avr32/avr32-gnu-toolchain/bin/../lib/gcc/avr32/4.4.7/../../../../avr32/lib/ucr2\libc.a(lib_a-findfp.o)
                                 0x7c (size before relaxing)
                0x8000aec0                __sfp
 .text.__sinit  0x8000af2c       0x9c e:/program x86/atmel/studio/7.0/toolchain/avr32/avr32-gnu-toolchain/bin/../lib/gcc/avr32/4.4.7/../../../../avr32/lib/ucr2\libc.a(lib_a-findfp.o)
                                 0xb0 (size before relaxing)
                0x8000af2c                __sinit
 .text._malloc_trim_r
                0x8000afc8       0x98 e:/program x86/atmel/studio/7.0/toolchain/avr32/avr32-gnu-toolchain/bin/../lib/gcc/avr32/4.4.7/../../../../avr32/lib/ucr2\libc.a(lib_a-freer.o)
                                 0xa8 (size before relaxing)
                0x8000afc8                _malloc_trim_r
 .text._free_r  0x8000b060      0x18c e:/program x86/atmel/studio/7.0/toolchain/avr32/avr32-gnu-toolchain/bin/../lib/gcc/avr32/4.4.7/../../../../avr32/lib/ucr2\libc.a(lib_a-freer.o)
                                0x1a0 (size before relaxing)
                0x8000b060                _free_r
 .text.__sfvwrite_r
                0x8000b1ec      0x294 e:/program x86/atmel/studio/7.0/toolchain/avr32/avr32-gnu-toolchain/bin/../lib/gcc/avr32/4.4.7/../../../../avr32/lib/ucr2\libc.a(lib_a-fvwrite.o)
                                0x2c4 (size before relaxing)
                0x8000b1ec                __sfvwrite_r
 .text._fwalk   0x8000b480       0x4c e:/program x86/atmel/studio/7.0/toolchain/avr32/avr32-gnu-toolchain/bin/../lib/gcc/avr32/4.4.7/../../../../avr32/lib/ucr2\libc.a(lib_a-fwalk.o)
                                 0x54 (size before relaxing)
                0x8000b480                _fwalk
 .text._localeconv_r
                0x8000b4cc        0x8 e:/program x86/atmel/studio/7.0/toolchain/avr32/avr32-gnu-toolchain/bin/../lib/gcc/avr32/4.4.7/../../../../avr32/lib/ucr2\libc.a(lib_a-locale.o)
                0x8000b4cc                _localeconv_r
 .text.__smakebuf_r
                0x8000b4d4       0xbc e:/program x86/atmel/studio/7.0/toolchain/avr32/avr32-gnu-toolchain/bin/../lib/gcc/avr32/4.4.7/../../../../avr32/lib/ucr2\libc.a(lib_a-makebuf.o)
                                 0xcc (size before relaxing)
                0x8000b4d4                __smakebuf_r
 .text.memchr   0x8000b590       0x16 e:/program x86/atmel/studio/7.0/toolchain/avr32/avr32-gnu-toolchain/bin/../lib/gcc/avr32/4.4.7/../../../../avr32/lib/ucr2\libc.a(lib_a-memchr.o)
                0x8000b590                memchr
 .text.memmove  0x8000b5a6       0x3e e:/program x86/atmel/studio/7.0/toolchain/avr32/avr32-gnu-toolchain/bin/../lib/gcc/avr32/4.4.7/../../../../avr32/lib/ucr2\libc.a(lib_a-memmove.o)
                0x8000b5a6                memmove
 .text.__hi0bits
                0x8000b5e4       0x60 e:/program x86/atmel/studio/7.0/toolchain/avr32/avr32-gnu-toolchain/bin/../lib/gcc/avr32/4.4.7/../../../../avr32/lib/ucr2\libc.a(lib_a-mprec.o)
                0x8000b5e4                __hi0bits
 .text.__lo0bits
                0x8000b644       0x8e e:/program x86/atmel/studio/7.0/toolchain/avr32/avr32-gnu-toolchain/bin/../lib/gcc/avr32/4.4.7/../../../../avr32/lib/ucr2\libc.a(lib_a-mprec.o)
                0x8000b644                __lo0bits
 .text.__mcmp   0x8000b6d2       0x32 e:/program x86/atmel/studio/7.0/toolchain/avr32/avr32-gnu-toolchain/bin/../lib/gcc/avr32/4.4.7/../../../../avr32/lib/ucr2\libc.a(lib_a-mprec.o)
                0x8000b6d2                __mcmp
 .text._Bfree   0x8000b704       0x34 e:/program x86/atmel/studio/7.0/toolchain/avr32/avr32-gnu-toolchain/bin/../lib/gcc/avr32/4.4.7/../../../../avr32/lib/ucr2\libc.a(lib_a-mprec.o)
                                 0x38 (size before relaxing)
                0x8000b704                _Bfree
 .text._Balloc  0x8000b738       0x70 e:/program x86/atmel/studio/7.0/toolchain/avr32/avr32-gnu-toolchain/bin/../lib/gcc/avr32/4.4.7/../../../../avr32/lib/ucr2\libc.a(lib_a-mprec.o)
                                 0x78 (size before relaxing)
                0x8000b738                _Balloc
 .text.__d2b    0x8000b7a8       0xa0 e:/program x86/atmel/studio/7.0/toolchain/avr32/avr32-gnu-toolchain/bin/../lib/gcc/avr32/4.4.7/../../../../avr32/lib/ucr2\libc.a(lib_a-mprec.o)
                                 0xb4 (size before relaxing)
                0x8000b7a8                __d2b
 .text.__mdiff  0x8000b848       0xd0 e:/program x86/atmel/studio/7.0/toolchain/avr32/avr32-gnu-toolchain/bin/../lib/gcc/avr32/4.4.7/../../../../avr32/lib/ucr2\libc.a(lib_a-mprec.o)
                                 0xd8 (size before relaxing)
                0x8000b848                __mdiff
 .text.__lshift
                0x8000b918       0x88 e:/program x86/atmel/studio/7.0/toolchain/avr32/avr32-gnu-toolchain/bin/../lib/gcc/avr32/4.4.7/../../../../avr32/lib/ucr2\libc.a(lib_a-mprec.o)
                                 0x94 (size before relaxing)
                0x8000b918                __lshift
 .text.__multiply
                0x8000b9a0      0x100 e:/program x86/atmel/studio/7.0/toolchain/avr32/avr32-gnu-toolchain/bin/../lib/gcc/avr32/4.4.7/../../../../avr32/lib/ucr2\libc.a(lib_a-mprec.o)
                                0x108 (size before relaxing)
                0x8000b9a0                __multiply
 .text.__i2b    0x8000baa0       0x10 e:/program x86/atmel/studio/7.0/toolchain/avr32/avr32-gnu-toolchain/bin/../lib/gcc/avr32/4.4.7/../../../../avr32/lib/ucr2\libc.a(lib_a-mprec.o)
                                 0x18 (size before relaxing)
                0x8000baa0                __i2b
 .text.__multadd
                0x8000bab0       0x7c e:/program x86/atmel/studio/7.0/toolchain/avr32/avr32-gnu-toolchain/bin/../lib/gcc/avr32/4.4.7/../../../../avr32/lib/ucr2\libc.a(lib_a-mprec.o)
                                 0x88 (size before relaxing)
                0x8000bab0                __multadd
 .text.__pow5mult
                0x8000bb2c       0x8c e:/program x86/atmel/studio/7.0/toolchain/avr32/avr32-gnu-toolchain/bin/../lib/gcc/avr32/4.4.7/../../../../avr32/lib/ucr2\libc.a(lib_a-mprec.o)
                                 0xac (size before relaxing)
                0x8000bb2c                __pow5mult
 .text.__isinfd
                0x8000bbb8       0x2a e:/program x86/atmel/studio/7.0/toolchain/avr32/avr32-gnu-toolchain/bin/../lib/gcc/avr32/4.4.7/../../../../avr32/lib/ucr2\libc.a(lib_a-s_isinfd.o)
                0x8000bbb8                __isinfd
 .text.__isnand
                0x8000bbe2       0x1c e:/program x86/atmel/studio/7.0/toolchain/avr32/avr32-gnu-toolchain/bin/../lib/gcc/avr32/4.4.7/../../../../avr32/lib/ucr2\libc.a(lib_a-s_isnand.o)
                0x8000bbe2                __isnand
 *fill*         0x8000bbfe        0x2 d703d703
 .text.__sclose
                0x8000bc00        0x8 e:/program x86/atmel/studio/7.0/toolchain/avr32/avr32-gnu-toolchain/bin/../lib/gcc/avr32/4.4.7/../../../../avr32/lib/ucr2\libc.a(lib_a-stdio.o)
                                 0x10 (size before relaxing)
                0x8000bc00                __sclose
 .text.__sseek  0x8000bc08       0x20 e:/program x86/atmel/studio/7.0/toolchain/avr32/avr32-gnu-toolchain/bin/../lib/gcc/avr32/4.4.7/../../../../avr32/lib/ucr2\libc.a(lib_a-stdio.o)
                                 0x28 (size before relaxing)
                0x8000bc08                __sseek
 .text.__swrite
                0x8000bc28       0x2c e:/program x86/atmel/studio/7.0/toolchain/avr32/avr32-gnu-toolchain/bin/../lib/gcc/avr32/4.4.7/../../../../avr32/lib/ucr2\libc.a(lib_a-stdio.o)
                                 0x38 (size before relaxing)
                0x8000bc28                __swrite
 .text.__sread  0x8000bc54       0x1c e:/program x86/atmel/studio/7.0/toolchain/avr32/avr32-gnu-toolchain/bin/../lib/gcc/avr32/4.4.7/../../../../avr32/lib/ucr2\libc.a(lib_a-stdio.o)
                                 0x24 (size before relaxing)
                0x8000bc54                __sread
 .text.strlen   0x8000bc70       0x16 e:/program x86/atmel/studio/7.0/toolchain/avr32/avr32-gnu-toolchain/bin/../lib/gcc/avr32/4.4.7/../../../../avr32/lib/ucr2\libc.a(lib_a-strlen.o)
                0x8000bc70                strlen
 *fill*         0x8000bc86        0x2 d703d703
 .text._write_r
                0x8000bc88       0x28 e:/program x86/atmel/studio/7.0/toolchain/avr32/avr32-gnu-toolchain/bin/../lib/gcc/avr32/4.4.7/../../../../avr32/lib/ucr2\libc.a(lib_a-writer.o)
                                 0x2c (size before relaxing)
                0x8000bc88                _write_r
 .text._calloc_r
                0x8000bcb0       0x58 e:/program x86/atmel/studio/7.0/toolchain/avr32/avr32-gnu-toolchain/bin/../lib/gcc/avr32/4.4.7/../../../../avr32/lib/ucr2\libc.a(lib_a-callocr.o)
                                 0x60 (size before relaxing)
                0x8000bcb0                _calloc_r
 .text._close_r
                0x8000bd08       0x20 e:/program x86/atmel/studio/7.0/toolchain/avr32/avr32-gnu-toolchain/bin/../lib/gcc/avr32/4.4.7/../../../../avr32/lib/ucr2\libc.a(lib_a-closer.o)
                                 0x28 (size before relaxing)
                0x8000bd08                _close_r
 .text._fclose_r
                0x8000bd28       0xb8 e:/program x86/atmel/studio/7.0/toolchain/avr32/avr32-gnu-toolchain/bin/../lib/gcc/avr32/4.4.7/../../../../avr32/lib/ucr2\libc.a(lib_a-fclose.o)
                                 0xd0 (size before relaxing)
                0x8000bd28                _fclose_r
 .text.fclose   0x8000bde0       0x10 e:/program x86/atmel/studio/7.0/toolchain/avr32/avr32-gnu-toolchain/bin/../lib/gcc/avr32/4.4.7/../../../../avr32/lib/ucr2\libc.a(lib_a-fclose.o)
                                 0x18 (size before relaxing)
                0x8000bde0                fclose
 .text._fstat_r
                0x8000bdf0       0x24 e:/program x86/atmel/studio/7.0/toolchain/avr32/avr32-gnu-toolchain/bin/../lib/gcc/avr32/4.4.7/../../../../avr32/lib/ucr2\libc.a(lib_a-fstatr.o)
                                 0x2c (size before relaxing)
                0x8000bdf0                _fstat_r
 .text._lseek_r
                0x8000be14       0x28 e:/program x86/atmel/studio/7.0/toolchain/avr32/avr32-gnu-toolchain/bin/../lib/gcc/avr32/4.4.7/../../../../avr32/lib/ucr2\libc.a(lib_a-lseekr.o)
                                 0x2c (size before relaxing)
                0x8000be14                _lseek_r
 .text._read_r  0x8000be3c       0x28 e:/program x86/atmel/studio/7.0/toolchain/avr32/avr32-gnu-toolchain/bin/../lib/gcc/avr32/4.4.7/../../../../avr32/lib/ucr2\libc.a(lib_a-readr.o)
                                 0x2c (size before relaxing)
                0x8000be3c                _read_r
 .text          0x8000be64      0x1d4 e:/program x86/atmel/studio/7.0/toolchain/avr32/avr32-gnu-toolchain/bin/../lib/gcc/avr32/4.4.7/ucr2\libgcc.a(_avr32_f64_mul.o)
                0x8000be64                __avr32_f64_mul
 .text          0x8000c038      0x2b0 e:/program x86/atmel/studio/7.0/toolchain/avr32/avr32-gnu-toolchain/bin/../lib/gcc/avr32/4.4.7/ucr2\libgcc.a(_avr32_f64_addsub.o)
                0x8000c03c                __avr32_f64_sub
                0x8000c1d8                __avr32_f64_add
 .text          0x8000c2e8       0x2a e:/program x86/atmel/studio/7.0/toolchain/avr32/avr32-gnu-toolchain/bin/../lib/gcc/avr32/4.4.7/ucr2\libgcc.a(_avr32_f64_to_s32.o)
                0x8000c2e8                __avr32_f64_to_u32
                0x8000c2ec                __avr32_f64_to_s32
 .text          0x8000c312       0xe8 e:/program x86/atmel/studio/7.0/toolchain/avr32/avr32-gnu-toolchain/bin/../lib/gcc/avr32/4.4.7/ucr2\libgcc.a(_avr32_s32_to_f64.o)
                0x8000c312                __avr32_u32_to_f64
                0x8000c31a                __avr32_s32_to_f64
 .text          0x8000c3fa       0x26 e:/program x86/atmel/studio/7.0/toolchain/avr32/avr32-gnu-toolchain/bin/../lib/gcc/avr32/4.4.7/ucr2\libgcc.a(_avr32_f64_cmp_eq.o)
                0x8000c3fa                __avr32_f64_cmp_eq
 .text          0x8000c420       0x68 e:/program x86/atmel/studio/7.0/toolchain/avr32/avr32-gnu-toolchain/bin/../lib/gcc/avr32/4.4.7/ucr2\libgcc.a(_avr32_f64_cmp_ge.o)
                0x8000c420                __avr32_f64_cmp_ge
 .text          0x8000c488       0x68 e:/program x86/atmel/studio/7.0/toolchain/avr32/avr32-gnu-toolchain/bin/../lib/gcc/avr32/4.4.7/ucr2\libgcc.a(_avr32_f64_cmp_lt.o)
                0x8000c488                __avr32_f64_cmp_lt
 .text          0x8000c4f0      0x318 e:/program x86/atmel/studio/7.0/toolchain/avr32/avr32-gnu-toolchain/bin/../lib/gcc/avr32/4.4.7/ucr2\libgcc.a(_avr32_f64_div.o)
                0x8000c4f0                __avr32_f64_div
 .text          0x8000c808      0x264 e:/program x86/atmel/studio/7.0/toolchain/avr32/avr32-gnu-toolchain/bin/../lib/gcc/avr32/4.4.7/ucr2\libgcc.a(_udivdi3.o)
                0x8000c808                __avr32_udiv64
                0x8000c808                __udivdi3
 .text          0x8000ca6c      0x20c e:/program x86/atmel/studio/7.0/toolchain/avr32/avr32-gnu-toolchain/bin/../lib/gcc/avr32/4.4.7/ucr2\libgcc.a(_umoddi3.o)
                0x8000ca6c                __avr32_umod64
                0x8000ca6c                __umoddi3
 *(.text.*personality*)
 *(.gnu.warning)

.exception      0x8000ce00      0x200
 .exception     0x8000ce00      0x200 src/ASF/thirdparty/freertos/freertos-7.0.0/source/portable/gcc/avr32_uc3/exception.o
                0x8000ce00                _evba
                0x8000cf04                _int0
                0x8000cf12                _int1
                0x8000cf20                _int2
                0x8000cf2e                _int3
                0x8000cf3c                ipr_val

.fini
 *(.fini)
                0x8000d000                PROVIDE (__etext, .)
                0x8000d000                PROVIDE (_etext, .)
                0x8000d000                PROVIDE (etext, .)

.rodata         0x8000d000     0x12b8
 *(.rodata .rodata.* .gnu.linkonce.r.*)
 .rodata.str1.4
                0x8000d000      0x7a9 src/Application/app/app.o
                                0x7ac (size before relaxing)
 *fill*         0x8000d7a9        0x3 
 .rodata.CSWTCH.36
                0x8000d7ac       0x48 src/Application/radio/ambe.o
 .rodata.str1.4
                0x8000d7f4       0x44 src/Application/radio/physical.o
 .rodata.str1.4
                0x8000d838        0x8 src/Application/radio/xcmp.o
 .rodata.str1.4
                0x8000d840        0xf src/Application/radio/xnl.o
                                 0x10 (size before relaxing)
 *fill*         0x8000d84f        0x1 
 .rodata.CSWTCH.97
                0x8000d850        0x4 src/Application/RFID/MFRC522/rc522.o
 .rodata.CSWTCH.98
                0x8000d854        0x4 src/Application/RFID/MFRC522/rc522.o
 .rodata.C.72.12139
                0x8000d858       0x10 src/Application/RFID/MFRC522/rc522.o
 .rodata.RC522_SPI_GPIO_MAP.12137
                0x8000d868       0x20 src/Application/RFID/MFRC522/rc522.o
 .rodata.str1.4
                0x8000d888       0xad src/Application/RFID/RFID.o
                                 0xd8 (size before relaxing)
 *fill*         0x8000d935        0x3 
 .rodata.TC_GPIO_MAP.11090
                0x8000d938       0x18 src/Application/timers/timer.o
 .rodata.str1.4
                0x8000d950       0x38 src/Application/xgflash/xgflash.o
 .rodata._int_handler_table
                0x8000d988       0x98 src/ASF/avr32/drivers/intc/intc.o
 .rodata.str1.4
                0x8000da20        0x5 src/ASF/thirdparty/freertos/freertos-7.0.0/source/tasks.o
                                  0x8 (size before relaxing)
 *fill*         0x8000da25        0x3 
 .rodata.log    0x8000da28      0x150 src/Log/log.o
 .rodata.logFromISR
                0x8000db78      0x150 src/Log/log.o
 .rodata.USART_OPTIONS.11278
                0x8000dcc8        0xc src/Log/log.o
 .rodata.str1.4
                0x8000dcd4       0x3c src/Log/log.o
 .rodata.USART_GPIO_MAP.11277
                0x8000dd10       0x10 src/Log/log.o
 .rodata.str1.4
                0x8000dd20       0x14 src/main.o
 .rodata.get_arg
                0x8000dd34       0x3c e:/program x86/atmel/studio/7.0/toolchain/avr32/avr32-gnu-toolchain/bin/../lib/gcc/avr32/4.4.7/../../../../avr32/lib/ucr2\libc.a(lib_a-vfprintf.o)
 .rodata._vfprintf_r
                0x8000dd70      0x164 e:/program x86/atmel/studio/7.0/toolchain/avr32/avr32-gnu-toolchain/bin/../lib/gcc/avr32/4.4.7/../../../../avr32/lib/ucr2\libc.a(lib_a-vfprintf.o)
 .rodata.state_table
                0x8000ded4       0x6c e:/program x86/atmel/studio/7.0/toolchain/avr32/avr32-gnu-toolchain/bin/../lib/gcc/avr32/4.4.7/../../../../avr32/lib/ucr2\libc.a(lib_a-vfprintf.o)
 .rodata.action_table
                0x8000df40       0x6c e:/program x86/atmel/studio/7.0/toolchain/avr32/avr32-gnu-toolchain/bin/../lib/gcc/avr32/4.4.7/../../../../avr32/lib/ucr2\libc.a(lib_a-vfprintf.o)
 .rodata.str1.4
                0x8000dfac       0x3a e:/program x86/atmel/studio/7.0/toolchain/avr32/avr32-gnu-toolchain/bin/../lib/gcc/avr32/4.4.7/../../../../avr32/lib/ucr2\libc.a(lib_a-vfprintf.o)
                                 0x3c (size before relaxing)
 *fill*         0x8000dfe6        0x2 
 .rodata.blanks.3430
                0x8000dfe8       0x10 e:/program x86/atmel/studio/7.0/toolchain/avr32/avr32-gnu-toolchain/bin/../lib/gcc/avr32/4.4.7/../../../../avr32/lib/ucr2\libc.a(lib_a-vfprintf.o)
 .rodata.zeroes.3431
                0x8000dff8       0x10 e:/program x86/atmel/studio/7.0/toolchain/avr32/avr32-gnu-toolchain/bin/../lib/gcc/avr32/4.4.7/../../../../avr32/lib/ucr2\libc.a(lib_a-vfprintf.o)
 .rodata.chclass
                0x8000e008      0x100 e:/program x86/atmel/studio/7.0/toolchain/avr32/avr32-gnu-toolchain/bin/../lib/gcc/avr32/4.4.7/../../../../avr32/lib/ucr2\libc.a(lib_a-vfprintf.o)
 .rodata.str1.4
                0x8000e108       0x10 e:/program x86/atmel/studio/7.0/toolchain/avr32/avr32-gnu-toolchain/bin/../lib/gcc/avr32/4.4.7/../../../../avr32/lib/ucr2\libc.a(lib_a-dtoa.o)
                                 0x14 (size before relaxing)
 .rodata.__sf_fake_stdin
                0x8000e118       0x20 e:/program x86/atmel/studio/7.0/toolchain/avr32/avr32-gnu-toolchain/bin/../lib/gcc/avr32/4.4.7/../../../../avr32/lib/ucr2\libc.a(lib_a-findfp.o)
                0x8000e118                __sf_fake_stdin
 .rodata.__sf_fake_stdout
                0x8000e138       0x20 e:/program x86/atmel/studio/7.0/toolchain/avr32/avr32-gnu-toolchain/bin/../lib/gcc/avr32/4.4.7/../../../../avr32/lib/ucr2\libc.a(lib_a-findfp.o)
                0x8000e138                __sf_fake_stdout
 .rodata.__sf_fake_stderr
                0x8000e158       0x20 e:/program x86/atmel/studio/7.0/toolchain/avr32/avr32-gnu-toolchain/bin/../lib/gcc/avr32/4.4.7/../../../../avr32/lib/ucr2\libc.a(lib_a-findfp.o)
                0x8000e158                __sf_fake_stderr
 .rodata.str1.4
                0x8000e178        0x2 e:/program x86/atmel/studio/7.0/toolchain/avr32/avr32-gnu-toolchain/bin/../lib/gcc/avr32/4.4.7/../../../../avr32/lib/ucr2\libc.a(lib_a-impure.o)
                                  0x4 (size before relaxing)
 *fill*         0x8000e17a        0x2 
 .rodata._global_impure_ptr
                0x8000e17c        0x4 e:/program x86/atmel/studio/7.0/toolchain/avr32/avr32-gnu-toolchain/bin/../lib/gcc/avr32/4.4.7/../../../../avr32/lib/ucr2\libc.a(lib_a-impure.o)
                0x8000e17c                _global_impure_ptr
 .rodata.lconv  0x8000e180       0x30 e:/program x86/atmel/studio/7.0/toolchain/avr32/avr32-gnu-toolchain/bin/../lib/gcc/avr32/4.4.7/../../../../avr32/lib/ucr2\libc.a(lib_a-locale.o)
 .rodata.str1.4
                0x8000e1b0        0xc e:/program x86/atmel/studio/7.0/toolchain/avr32/avr32-gnu-toolchain/bin/../lib/gcc/avr32/4.4.7/../../../../avr32/lib/ucr2\libc.a(lib_a-locale.o)
                                 0x18 (size before relaxing)
 .rodata.p05.2471
                0x8000e1bc        0xc e:/program x86/atmel/studio/7.0/toolchain/avr32/avr32-gnu-toolchain/bin/../lib/gcc/avr32/4.4.7/../../../../avr32/lib/ucr2\libc.a(lib_a-mprec.o)
 .rodata.__mprec_tens
                0x8000e1c8       0xc8 e:/program x86/atmel/studio/7.0/toolchain/avr32/avr32-gnu-toolchain/bin/../lib/gcc/avr32/4.4.7/../../../../avr32/lib/ucr2\libc.a(lib_a-mprec.o)
                0x8000e1c8                __mprec_tens
 .rodata.__mprec_bigtens
                0x8000e290       0x28 e:/program x86/atmel/studio/7.0/toolchain/avr32/avr32-gnu-toolchain/bin/../lib/gcc/avr32/4.4.7/../../../../avr32/lib/ucr2\libc.a(lib_a-mprec.o)
                0x8000e290                __mprec_bigtens

.rodata1
 *(.rodata1)

.eh_frame_hdr
 *(.eh_frame_hdr)

.eh_frame
 *(.eh_frame)

.gcc_except_table
 *(.gcc_except_table)
 *(.gcc_except_table.*)

.dalign         0x8000e2b8        0x0
                0x8000e2b8                . = ALIGN (0x8)
                0x8000e2b8                PROVIDE (_data_lma, .)
                0x00000004                PROVIDE (_data, ORIGIN (CPUSRAM))
                0x00000004                . = ORIGIN (CPUSRAM)

.eh_frame
 *(.eh_frame)

.gcc_except_table
 *(.gcc_except_table)
 *(.gcc_except_table.*)

.tdata
 *(.tdata .tdata.* .gnu.linkonce.td.*)

.tbss
 *(.tbss .tbss.* .gnu.linkonce.tb.*)
 *(.tcommon)
                0x00000004                PROVIDE (__preinit_array_start, ALIGN (0x4))

.preinit_array
 *(.preinit_array)
                0x00000004                PROVIDE (__preinit_array_end, .)
                0x00000004                PROVIDE (__init_array_start, .)

.init_array
 *(.init_array)
                0x00000004                PROVIDE (__init_array_end, .)
                0x00000004                PROVIDE (__fini_array_start, .)

.fini_array
 *(.fini_array)
                0x00000004                PROVIDE (__fini_array_end, .)

.ctors
 *crtbegin*.o(.ctors)
 *(EXCLUDE_FILE(*crtend*.o) .ctors)
 *(SORT(.ctors.*))
 *(.ctors)

.dtors
 *crtbegin*.o(.dtors)
 *(EXCLUDE_FILE(*crtend*.o) .dtors)
 *(SORT(.dtors.*))
 *(.dtors)

.jcr
 *(.jcr)

.data.rel.ro
 *(.data.rel.ro.local)
 *(.data.rel.ro*)

.dynamic
 *(.dynamic)

.got
 *(.got.plt)
 *(.got)

.data           0x00000004      0xa3c load address 0x8000e2b8
 *(.data .data.* .gnu.linkonce.d.*)
 .data.get_time_okay
                0x00000004        0x1 src/Application/app/app.o
 *fill*         0x00000005        0x3 
 .data.the_app_list
                0x00000008      0x4ec src/Application/app/app.o
 .data.xnl_proc_list
                0x000004f4       0x34 src/Application/radio/xnl.o
 .data.unsure_data
                0x00000528        0x8 src/Application/RFID/RFID.o
                0x00000528                unsure_data
 .data.start_session.12321
                0x00000530        0x1 src/Application/RFID/RFID.o
 *fill*         0x00000531        0x3 
 .data.ulCriticalNesting
                0x00000534        0x4 src/ASF/thirdparty/freertos/freertos-7.0.0/source/portable/gcc/avr32_uc3/port.o
                0x00000534                ulCriticalNesting
 .data.xNextTaskUnblockTime
                0x00000538        0x4 src/ASF/thirdparty/freertos/freertos-7.0.0/source/tasks.o
 .data.__malloc_av_
                0x0000053c      0x408 e:/program x86/atmel/studio/7.0/toolchain/avr32/avr32-gnu-toolchain/bin/../lib/gcc/avr32/4.4.7/../../../../avr32/lib/ucr2\libc.a(lib_a-mallocr.o)
                0x0000053c                __malloc_av_
 .data.__malloc_trim_threshold
                0x00000944        0x4 e:/program x86/atmel/studio/7.0/toolchain/avr32/avr32-gnu-toolchain/bin/../lib/gcc/avr32/4.4.7/../../../../avr32/lib/ucr2\libc.a(lib_a-mallocr.o)
                0x00000944                __malloc_trim_threshold
 .data.__malloc_sbrk_base
                0x00000948        0x4 e:/program x86/atmel/studio/7.0/toolchain/avr32/avr32-gnu-toolchain/bin/../lib/gcc/avr32/4.4.7/../../../../avr32/lib/ucr2\libc.a(lib_a-mallocr.o)
                0x00000948                __malloc_sbrk_base
 .data.impure_data
                0x0000094c       0xf0 e:/program x86/atmel/studio/7.0/toolchain/avr32/avr32-gnu-toolchain/bin/../lib/gcc/avr32/4.4.7/../../../../avr32/lib/ucr2\libc.a(lib_a-impure.o)
 .data._impure_ptr
                0x00000a3c        0x4 e:/program x86/atmel/studio/7.0/toolchain/avr32/avr32-gnu-toolchain/bin/../lib/gcc/avr32/4.4.7/../../../../avr32/lib/ucr2\libc.a(lib_a-impure.o)
                0x00000a3c                _impure_ptr
 *(.gnu.linkonce.d.*personality*)

.data1
 *(.data1)

.balign         0x00000a40        0x0 load address 0x8000ecf4
                0x00000a40                . = ALIGN (0x8)
                0x00000a40                _edata = .
                0x00000a40                _edata = .
                0x00000a40                PROVIDE (edata, .)
                0x00000a40                __bss_start = .

.bss            0x00000a40     0x6fb0 load address 0x8000ecf4
 *(.dynbss)
 *(.bss .bss.* .gnu.linkonce.b.*)
 .bss.Speaker_is_unmute
                0x00000a40        0x1 src/Application/app/app.o
                0x00000a40                Speaker_is_unmute
 .bss.Battery_Flag
                0x00000a41        0x1 src/Application/app/app.o
                0x00000a41                Battery_Flag
 .bss.connect_flag
                0x00000a42        0x1 src/Application/app/app.o
 .bss.times_counter.12795
                0x00000a43        0x1 src/Application/app/app.o
 .bss.OB_State.12754
                0x00000a44        0x4 src/Application/app/app.o
 .bss.AMBE_tx_flag
                0x00000a48        0x1 src/Application/app/app.o
                0x00000a48                AMBE_tx_flag
 .bss.Radio_Transmit_State
                0x00000a49        0x1 src/Application/app/app.o
                0x00000a49                Radio_Transmit_State
 .bss.Call_Begin
                0x00000a4a        0x1 src/Application/app/app.o
                0x00000a4a                Call_Begin
 .bss.AMBE_rx_flag
                0x00000a4b        0x1 src/Application/app/app.o
                0x00000a4b                AMBE_rx_flag
 .bss.AMBE_Media
                0x00000a4c        0x1 src/Application/app/app.o
                0x00000a4c                AMBE_Media
 *fill*         0x00000a4d        0x3 
 .bss.global_count
                0x00000a50        0x4 src/Application/app/app.o
                0x00000a50                global_count
 .bss.xLastWakeTime.12748
                0x00000a54        0x4 src/Application/app/app.o
 .bss.res.12730
                0x00000a58        0x4 src/Application/app/app.o
 .bss.Mic_is_Enabled
                0x00000a5c        0x1 src/Application/app/app.o
                0x00000a5c                Mic_is_Enabled
 .bss.VF_SN     0x00000a5d        0x1 src/Application/app/app.o
                0x00000a5d                VF_SN
 *fill*         0x00000a5e        0x2 
 .bss.count_mutex
                0x00000a60        0x4 src/Application/app/app.o
                0x00000a60                count_mutex
 .bss.Terminator_Flag
                0x00000a64        0x1 src/Application/app/app.o
                0x00000a64                Terminator_Flag
 *fill*         0x00000a65        0x3 
 .bss.ulIdleCycleCount
                0x00000a68        0x4 src/Application/app/app.o
                0x00000a68                ulIdleCycleCount
 .bss.payload_rx_exec
                0x00000a6c        0x4 src/Application/radio/payload.o
                0x00000a6c                payload_rx_exec
 .bss.payload_tx_exec
                0x00000a70        0x4 src/Application/radio/payload.o
                0x00000a70                payload_tx_exec
 .bss.phy_tx_index.10647
                0x00000a74        0x1 src/Application/radio/physical.o
 *fill*         0x00000a75        0x3 
 .bss.RxBytesWaiting.10956
                0x00000a78        0x4 src/Application/radio/physical.o
 .bss.phy_rx_length.10690
                0x00000a7c        0x2 src/Application/radio/physical.o
 *fill*         0x00000a7e        0x2 
 .bss.RxData_IsFillingNext16.10955
                0x00000a80        0x4 src/Application/radio/physical.o
 .bss.AMBE_HT   0x00000a84        0x8 src/Application/radio/physical.o
 .bss.Item_ID.10961
                0x00000a8c        0x1 src/Application/radio/physical.o
 .bss.is_first.10960
                0x00000a8d        0x1 src/Application/radio/physical.o
 .bss.phy_rx_expexted_length.10689
                0x00000a8e        0x2 src/Application/radio/physical.o
 .bss.AMBE_payload_ptr.10959
                0x00000a90        0x4 src/Application/radio/physical.o
 .bss.phy_tx_state.10645
                0x00000a94        0x4 src/Application/radio/physical.o
 .bss.RxMedia_IsFillingNext16.10953
                0x00000a98        0x4 src/Application/radio/physical.o
 .bss.phy_frame_ptr.10688
                0x00000a9c        0x4 src/Application/radio/physical.o
 .bss.phy_ptr.10644
                0x00000aa0        0x4 src/Application/radio/physical.o
 .bss.xnl_store_idle
                0x00000aa4        0x4 src/Application/radio/physical.o
                0x00000aa4                xnl_store_idle
 .bss.payload_store_idle
                0x00000aa8        0x4 src/Application/radio/physical.o
                0x00000aa8                payload_store_idle
 .bss.phy_rx_state.10692
                0x00000aac        0x4 src/Application/radio/physical.o
 .bss.phy_check_sum.10691
                0x00000ab0        0x2 src/Application/radio/physical.o
 *fill*         0x00000ab2        0x2 
 .bss.phy_xnl_frame_rx
                0x00000ab4        0x4 src/Application/radio/physical.o
                0x00000ab4                phy_xnl_frame_rx
 .bss.payload_ptr.10958
                0x00000ab8        0x4 src/Application/radio/physical.o
 .bss.phy_tx_expexted_length.10646
                0x00000abc        0x2 src/Application/radio/physical.o
 *fill*         0x00000abe        0x2 
 .bss.m_RxBurstType
                0x00000ac0        0x4 src/Application/radio/physical.o
 .bss.RxAMBE_IsFillingNext8.10954
                0x00000ac4        0x4 src/Application/radio/physical.o
 .bss.phy_payload_frame_tx
                0x00000ac8        0x4 src/Application/radio/physical.o
                0x00000ac8                phy_payload_frame_tx
 .bss.phy_rx_count.10693
                0x00000acc        0x4 src/Application/radio/physical.o
 .bss.SDV_Index.10964
                0x00000ad0        0x1 src/Application/radio/physical.o
 *fill*         0x00000ad1        0x3 
 .bss.phy_xnl_frame_tx
                0x00000ad4        0x4 src/Application/radio/physical.o
                0x00000ad4                phy_xnl_frame_tx
 .bss.RxMediaState.10952
                0x00000ad8        0x4 src/Application/radio/physical.o
 .bss.ArrayDiscLength.10957
                0x00000adc        0x4 src/Application/radio/physical.o
 .bss.phy_payload_frame_rx
                0x00000ae0        0x4 src/Application/radio/physical.o
                0x00000ae0                phy_payload_frame_rx
 .bss.Item_Length.10962
                0x00000ae4        0x4 src/Application/radio/physical.o
 .bss.phy_rx_exec
                0x00000ae8        0x4 src/Application/radio/ssc.o
                0x00000ae8                phy_rx_exec
 .bss.count.9823
                0x00000aec        0x4 src/Application/radio/ssc.o
 .bss.phy_tx_exec
                0x00000af0        0x4 src/Application/radio/ssc.o
                0x00000af0                phy_tx_exec
 .bss.version_information
                0x00000af4        0xc src/Application/radio/xcmp.o
                0x00000af4                version_information
 .bss.clone_read
                0x00000b00        0xc src/Application/radio/xcmp.o
                0x00000b00                clone_read
 .bss.xcmp_frame_rx
                0x00000b0c        0x4 src/Application/radio/xcmp.o
 .bss.clone_write
                0x00000b10        0xc src/Application/radio/xcmp.o
                0x00000b10                clone_write
 .bss.automatic_frequency_correction_control
                0x00000b1c        0xc src/Application/radio/xcmp.o
                0x00000b1c                automatic_frequency_correction_control
 .bss.language_pack_information
                0x00000b28        0xc src/Application/radio/xcmp.o
                0x00000b28                language_pack_information
 .bss.radio_status
                0x00000b34        0xc src/Application/radio/xcmp.o
                0x00000b34                radio_status
 .bss.xnl_timeout_semphr
                0x00000b40        0x4 src/Application/radio/xnl.o
 .bss.flags.10672
                0x00000b44        0x1 src/Application/radio/xnl.o
 *fill*         0x00000b45        0x1 
 .bss.xnl_information
                0x00000b46        0xa src/Application/radio/xnl.o
 .bss.xnl_tx_state.10716
                0x00000b50        0x4 src/Application/radio/xnl.o
 .bss.xnl_frame_tx
                0x00000b54        0x4 src/Application/radio/xnl.o
 .bss.xnl_send_times.10717
                0x00000b58        0x4 src/Application/radio/xnl.o
 .bss.ptr.10718
                0x00000b5c        0x4 src/Application/radio/xnl.o
 .bss.xcmp_exec
                0x00000b60        0x4 src/Application/radio/xnl.o
                0x00000b60                xcmp_exec
 .bss.rc522_init_failure
                0x00000b64        0x1 src/Application/RFID/MFRC522/rc522.o
                0x00000b64                rc522_init_failure
 *fill*         0x00000b65        0x3 
 .bss.SN.12316  0x00000b68        0xc src/Application/RFID/RFID.o
 .bss.xg_resend_queue
                0x00000b74        0x4 src/Application/xgflash/xgflash.o
                0x00000b74                xg_resend_queue
 .bss.message_storage_queue
                0x00000b78        0x4 src/Application/xgflash/xgflash.o
                0x00000b78                message_storage_queue
 .bss.xBinarySemaphore
                0x00000b7c        0x4 src/Application/xgflash/xgflash.o
                0x00000b7c                xBinarySemaphore
 .bss._int_line_handler_table_6
                0x00000b80        0x4 src/ASF/avr32/drivers/intc/intc.o
 .bss._int_line_handler_table_7
                0x00000b84        0x4 src/ASF/avr32/drivers/intc/intc.o
 .bss._int_line_handler_table_8
                0x00000b88        0x4 src/ASF/avr32/drivers/intc/intc.o
 .bss._int_line_handler_table_9
                0x00000b8c        0x4 src/ASF/avr32/drivers/intc/intc.o
 .bss._int_line_handler_table_10
                0x00000b90        0x4 src/ASF/avr32/drivers/intc/intc.o
 .bss._int_line_handler_table_11
                0x00000b94        0x4 src/ASF/avr32/drivers/intc/intc.o
 .bss._int_line_handler_table_12
                0x00000b98        0x4 src/ASF/avr32/drivers/intc/intc.o
 .bss._int_line_handler_table_13
                0x00000b9c        0x4 src/ASF/avr32/drivers/intc/intc.o
 .bss._int_line_handler_table_14
                0x00000ba0        0xc src/ASF/avr32/drivers/intc/intc.o
 .bss._int_line_handler_table_15
                0x00000bac        0x4 src/ASF/avr32/drivers/intc/intc.o
 .bss._int_line_handler_table_16
                0x00000bb0        0x4 src/ASF/avr32/drivers/intc/intc.o
 .bss._int_line_handler_table_17
                0x00000bb4        0x4 src/ASF/avr32/drivers/intc/intc.o
 .bss._int_line_handler_table_18
                0x00000bb8        0x4 src/ASF/avr32/drivers/intc/intc.o
 .bss._int_line_handler_table_0
                0x00000bbc        0x4 src/ASF/avr32/drivers/intc/intc.o
 .bss._int_line_handler_table_1
                0x00000bc0       0x2c src/ASF/avr32/drivers/intc/intc.o
 .bss._int_line_handler_table_2
                0x00000bec       0x18 src/ASF/avr32/drivers/intc/intc.o
 .bss._int_line_handler_table_3
                0x00000c04       0x1c src/ASF/avr32/drivers/intc/intc.o
 .bss._int_line_handler_table_4
                0x00000c20        0x4 src/ASF/avr32/drivers/intc/intc.o
 .bss._int_line_handler_table_5
                0x00000c24        0x4 src/ASF/avr32/drivers/intc/intc.o
 .bss.uxMissedTicks
                0x00000c28        0x4 src/ASF/thirdparty/freertos/freertos-7.0.0/source/tasks.o
 .bss.uxTopUsedPriority
                0x00000c2c        0x4 src/ASF/thirdparty/freertos/freertos-7.0.0/source/tasks.o
 .bss.pxDelayedTaskList
                0x00000c30        0x4 src/ASF/thirdparty/freertos/freertos-7.0.0/source/tasks.o
 .bss.xSchedulerRunning
                0x00000c34        0x4 src/ASF/thirdparty/freertos/freertos-7.0.0/source/tasks.o
 .bss.uxTasksDeleted
                0x00000c38        0x4 src/ASF/thirdparty/freertos/freertos-7.0.0/source/tasks.o
 .bss.xNumOfOverflows
                0x00000c3c        0x4 src/ASF/thirdparty/freertos/freertos-7.0.0/source/tasks.o
 .bss.pxOverflowDelayedTaskList
                0x00000c40        0x4 src/ASF/thirdparty/freertos/freertos-7.0.0/source/tasks.o
 .bss.pxReadyTasksLists
                0x00000c44       0xa0 src/ASF/thirdparty/freertos/freertos-7.0.0/source/tasks.o
 .bss.xTasksWaitingTermination
                0x00000ce4       0x14 src/ASF/thirdparty/freertos/freertos-7.0.0/source/tasks.o
 .bss.pxCurrentTCB
                0x00000cf8        0x4 src/ASF/thirdparty/freertos/freertos-7.0.0/source/tasks.o
                0x00000cf8                pxCurrentTCB
 .bss.xPendingReadyList
                0x00000cfc       0x14 src/ASF/thirdparty/freertos/freertos-7.0.0/source/tasks.o
 .bss.xDelayedTaskList1
                0x00000d10       0x14 src/ASF/thirdparty/freertos/freertos-7.0.0/source/tasks.o
 .bss.xTickCount
                0x00000d24        0x4 src/ASF/thirdparty/freertos/freertos-7.0.0/source/tasks.o
 .bss.uxSchedulerSuspended
                0x00000d28        0x4 src/ASF/thirdparty/freertos/freertos-7.0.0/source/tasks.o
 .bss.xDelayedTaskList2
                0x00000d2c       0x14 src/ASF/thirdparty/freertos/freertos-7.0.0/source/tasks.o
 .bss.uxTaskNumber
                0x00000d40        0x4 src/ASF/thirdparty/freertos/freertos-7.0.0/source/tasks.o
 .bss.uxCurrentNumberOfTasks
                0x00000d44        0x4 src/ASF/thirdparty/freertos/freertos-7.0.0/source/tasks.o
 .bss.xMissedYield
                0x00000d48        0x4 src/ASF/thirdparty/freertos/freertos-7.0.0/source/tasks.o
 .bss.xSuspendedTaskList
                0x00000d4c       0x14 src/ASF/thirdparty/freertos/freertos-7.0.0/source/tasks.o
 .bss.uxTopReadyPriority
                0x00000d60        0x4 src/ASF/thirdparty/freertos/freertos-7.0.0/source/tasks.o
 .bss.lench.11294
                0x00000d64        0x1 src/Log/log.o
 .bss.lench.11364
                0x00000d65        0x1 src/Log/log.o
 *fill*         0x00000d66        0x2 
 .bss.__malloc_max_total_mem
                0x00000d68        0x4 e:/program x86/atmel/studio/7.0/toolchain/avr32/avr32-gnu-toolchain/bin/../lib/gcc/avr32/4.4.7/../../../../avr32/lib/ucr2\libc.a(lib_a-mallocr.o)
                0x00000d68                __malloc_max_total_mem
 .bss.__malloc_max_sbrked_mem
                0x00000d6c        0x4 e:/program x86/atmel/studio/7.0/toolchain/avr32/avr32-gnu-toolchain/bin/../lib/gcc/avr32/4.4.7/../../../../avr32/lib/ucr2\libc.a(lib_a-mallocr.o)
                0x00000d6c                __malloc_max_sbrked_mem
 .bss.__malloc_top_pad
                0x00000d70        0x4 e:/program x86/atmel/studio/7.0/toolchain/avr32/avr32-gnu-toolchain/bin/../lib/gcc/avr32/4.4.7/../../../../avr32/lib/ucr2\libc.a(lib_a-mallocr.o)
                0x00000d70                __malloc_top_pad
 .bss.__malloc_current_mallinfo
                0x00000d74       0x28 e:/program x86/atmel/studio/7.0/toolchain/avr32/avr32-gnu-toolchain/bin/../lib/gcc/avr32/4.4.7/../../../../avr32/lib/ucr2\libc.a(lib_a-mallocr.o)
                0x00000d74                __malloc_current_mallinfo
 .bss.cur_heap_pos.1869
                0x00000d9c        0x4 e:/program x86/atmel/studio/7.0/toolchain/avr32/avr32-gnu-toolchain/bin/../lib/gcc/avr32/4.4.7/../../../../avr32/lib/ucr2\libc.a(lib_a-syscalls.o)
 *(COMMON)
 COMMON         0x00000da0        0xa src/Application/app/app.o
                0x00000da0                bunchofrandomstatusflags
                0x00000da4                Current_time
 *fill*         0x00000daa        0x2 
 COMMON         0x00000dac     0x1004 src/Application/flash/data_flash.o
                0x00000dac                FLASH_BUF
                0x00001dac                spi
 COMMON         0x00001db0      0x122 src/Application/radio/ambe.o
                0x00001db0                AMBEBurst_rawdata
                0x00001db8                Radio_Internal_Data
                0x00001dbc                AMBE_DecryptionKey
                0x00001dc4                SendAMBEBurst_EncryptionPackage
                0x00001eb4                VBSP_data
                0x00001eb8                Soft_Decision_Data
 COMMON         0x00001ed2     0x3200 src/Application/radio/physical.o
                0x00001ed2                payload_store
                0x000032d2                xnl_store
 *fill*         0x000050d2        0x2 
 COMMON         0x000050d4       0x4c src/Application/radio/ssc.o
                0x000050d4                intDuration
                0x000050d8                BufferIndex
                0x000050dc                intStartCount
                0x000050e0                RxBuffer
                0x00005100                TxBuffer
 COMMON         0x00005120        0x4 src/Application/radio/xcmp.o
                0x00005120                app_list
 COMMON         0x00005124       0x18 src/Application/RFID/RFID.o
                0x00005124                RFID
                0x00005134                CT
                0x00005138                SN
 COMMON         0x0000513c     0x28a4 src/Application/xgflash/xgflash.o
                0x0000513c                message_store
                0x000079dc                save_handle
 COMMON         0x000079e0        0x4 src/ASF/avr32/drivers/spi/spi.o
                0x000079e0                xSPIMutex
 COMMON         0x000079e4        0x4 src/ASF/thirdparty/freertos/freertos-7.0.0/source/portable/gcc/avr32_uc3/write.o
                0x000079e4                stdio_usart_base
 COMMON         0x000079e8        0x4 src/Log/log.o
                0x000079e8                logQueue
 COMMON         0x000079ec        0x4 e:/program x86/atmel/studio/7.0/toolchain/avr32/avr32-gnu-toolchain/bin/../lib/gcc/avr32/4.4.7/../../../../avr32/lib/ucr2\libc.a(lib_a-reent.o)
                0x000079ec                errno
                0x000079f0                . = ALIGN (0x8)
                0x000079f0                . = ALIGN (0x8)
                0x000079f0                _end = .
                0x000079f0                PROVIDE (end, .)
                0x000079f0                __heap_start__ = ALIGN (0x8)
                0x00017000                . = ((ORIGIN (CPUSRAM) + 0x17ffc) - _stack_size)
                0x00017000                __heap_end__ = .

.stab
 *(.stab)

.stabstr
 *(.stabstr)

.stab.excl
 *(.stab.excl)

.stab.exclstr
 *(.stab.exclstr)

.stab.index
 *(.stab.index)

.stab.indexstr
 *(.stab.indexstr)

.comment        0x00000000       0x30
 *(.comment)
 .comment       0x00000000       0x30 src/Application/app/app.o
                                 0x31 (size before relaxing)
 .comment       0x00000000       0x31 src/Application/flash/data_flash.o
 .comment       0x00000000       0x31 src/Application/radio/ambe.o
 .comment       0x00000000       0x31 src/Application/radio/payload.o
 .comment       0x00000000       0x31 src/Application/radio/physical.o
 .comment       0x00000000       0x31 src/Application/radio/ssc.o
 .comment       0x00000000       0x31 src/Application/radio/xcmp.o
 .comment       0x00000000       0x31 src/Application/radio/xnl.o
 .comment       0x00000000       0x31 src/Application/RFID/MFRC522/rc522.o
 .comment       0x00000000       0x31 src/Application/RFID/RFID.o
 .comment       0x00000000       0x31 src/Application/timers/timer.o
 .comment       0x00000000       0x31 src/Application/xgflash/xgflash.o
 .comment       0x00000000       0x31 src/ASF/avr32/drivers/flashc/flashc.o
 .comment       0x00000000       0x31 src/ASF/avr32/drivers/gpio/gpio.o
 .comment       0x00000000       0x31 src/ASF/avr32/drivers/intc/intc.o
 .comment       0x00000000       0x31 src/ASF/avr32/drivers/pm/pm.o
 .comment       0x00000000       0x31 src/ASF/avr32/drivers/spi/spi.o
 .comment       0x00000000       0x31 src/ASF/avr32/drivers/usart/usart.o
 .comment       0x00000000       0x31 src/ASF/thirdparty/freertos/freertos-7.0.0/source/list.o
 .comment       0x00000000       0x31 src/ASF/thirdparty/freertos/freertos-7.0.0/source/portable/gcc/avr32_uc3/port.o
 .comment       0x00000000       0x31 src/ASF/thirdparty/freertos/freertos-7.0.0/source/portable/gcc/avr32_uc3/read.o
 .comment       0x00000000       0x31 src/ASF/thirdparty/freertos/freertos-7.0.0/source/portable/gcc/avr32_uc3/write.o
 .comment       0x00000000       0x31 src/ASF/thirdparty/freertos/freertos-7.0.0/source/portable/memmang/heap_3.o
 .comment       0x00000000       0x31 src/ASF/thirdparty/freertos/freertos-7.0.0/source/queue.o
 .comment       0x00000000       0x31 src/ASF/thirdparty/freertos/freertos-7.0.0/source/tasks.o
 .comment       0x00000000       0x31 src/Log/log.o
 .comment       0x00000000       0x31 src/main.o
 .comment       0x00000000       0x31 e:/program x86/atmel/studio/7.0/toolchain/avr32/avr32-gnu-toolchain/bin/../lib/gcc/avr32/4.4.7/../../../../avr32/lib/ucr2\libc.a(lib_a-malloc.o)
 .comment       0x00000000       0x31 e:/program x86/atmel/studio/7.0/toolchain/avr32/avr32-gnu-toolchain/bin/../lib/gcc/avr32/4.4.7/../../../../avr32/lib/ucr2\libc.a(lib_a-mallocr.o)
 .comment       0x00000000       0x31 e:/program x86/atmel/studio/7.0/toolchain/avr32/avr32-gnu-toolchain/bin/../lib/gcc/avr32/4.4.7/../../../../avr32/lib/ucr2\libc.a(lib_a-memset.o)
 .comment       0x00000000       0x31 e:/program x86/atmel/studio/7.0/toolchain/avr32/avr32-gnu-toolchain/bin/../lib/gcc/avr32/4.4.7/../../../../avr32/lib/ucr2\libc.a(lib_a-reallocr.o)
 .comment       0x00000000       0x31 e:/program x86/atmel/studio/7.0/toolchain/avr32/avr32-gnu-toolchain/bin/../lib/gcc/avr32/4.4.7/../../../../avr32/lib/ucr2\libc.a(lib_a-sbrkr.o)
 .comment       0x00000000       0x31 e:/program x86/atmel/studio/7.0/toolchain/avr32/avr32-gnu-toolchain/bin/../lib/gcc/avr32/4.4.7/../../../../avr32/lib/ucr2\libc.a(lib_a-sprintf.o)
 .comment       0x00000000       0x31 e:/program x86/atmel/studio/7.0/toolchain/avr32/avr32-gnu-toolchain/bin/../lib/gcc/avr32/4.4.7/../../../../avr32/lib/ucr2\libc.a(lib_a-syscalls.o)
 .comment       0x00000000       0x31 e:/program x86/atmel/studio/7.0/toolchain/avr32/avr32-gnu-toolchain/bin/../lib/gcc/avr32/4.4.7/../../../../avr32/lib/ucr2\libc.a(lib_a-vfprintf.o)
 .comment       0x00000000       0x31 e:/program x86/atmel/studio/7.0/toolchain/avr32/avr32-gnu-toolchain/bin/../lib/gcc/avr32/4.4.7/../../../../avr32/lib/ucr2\libc.a(lib_a-wsetup.o)
 .comment       0x00000000       0x31 e:/program x86/atmel/studio/7.0/toolchain/avr32/avr32-gnu-toolchain/bin/../lib/gcc/avr32/4.4.7/../../../../avr32/lib/ucr2\libc.a(lib_a-dtoa.o)
 .comment       0x00000000       0x31 e:/program x86/atmel/studio/7.0/toolchain/avr32/avr32-gnu-toolchain/bin/../lib/gcc/avr32/4.4.7/../../../../avr32/lib/ucr2\libc.a(lib_a-errno.o)
 .comment       0x00000000       0x31 e:/program x86/atmel/studio/7.0/toolchain/avr32/avr32-gnu-toolchain/bin/../lib/gcc/avr32/4.4.7/../../../../avr32/lib/ucr2\libc.a(lib_a-fflush.o)
 .comment       0x00000000       0x31 e:/program x86/atmel/studio/7.0/toolchain/avr32/avr32-gnu-toolchain/bin/../lib/gcc/avr32/4.4.7/../../../../avr32/lib/ucr2\libc.a(lib_a-findfp.o)
 .comment       0x00000000       0x31 e:/program x86/atmel/studio/7.0/toolchain/avr32/avr32-gnu-toolchain/bin/../lib/gcc/avr32/4.4.7/../../../../avr32/lib/ucr2\libc.a(lib_a-freer.o)
 .comment       0x00000000       0x31 e:/program x86/atmel/studio/7.0/toolchain/avr32/avr32-gnu-toolchain/bin/../lib/gcc/avr32/4.4.7/../../../../avr32/lib/ucr2\libc.a(lib_a-fvwrite.o)
 .comment       0x00000000       0x31 e:/program x86/atmel/studio/7.0/toolchain/avr32/avr32-gnu-toolchain/bin/../lib/gcc/avr32/4.4.7/../../../../avr32/lib/ucr2\libc.a(lib_a-fwalk.o)
 .comment       0x00000000       0x31 e:/program x86/atmel/studio/7.0/toolchain/avr32/avr32-gnu-toolchain/bin/../lib/gcc/avr32/4.4.7/../../../../avr32/lib/ucr2\libc.a(lib_a-impure.o)
 .comment       0x00000000       0x31 e:/program x86/atmel/studio/7.0/toolchain/avr32/avr32-gnu-toolchain/bin/../lib/gcc/avr32/4.4.7/../../../../avr32/lib/ucr2\libc.a(lib_a-locale.o)
 .comment       0x00000000       0x31 e:/program x86/atmel/studio/7.0/toolchain/avr32/avr32-gnu-toolchain/bin/../lib/gcc/avr32/4.4.7/../../../../avr32/lib/ucr2\libc.a(lib_a-makebuf.o)
 .comment       0x00000000       0x31 e:/program x86/atmel/studio/7.0/toolchain/avr32/avr32-gnu-toolchain/bin/../lib/gcc/avr32/4.4.7/../../../../avr32/lib/ucr2\libc.a(lib_a-memchr.o)
 .comment       0x00000000       0x31 e:/program x86/atmel/studio/7.0/toolchain/avr32/avr32-gnu-toolchain/bin/../lib/gcc/avr32/4.4.7/../../../../avr32/lib/ucr2\libc.a(lib_a-memmove.o)
 .comment       0x00000000       0x31 e:/program x86/atmel/studio/7.0/toolchain/avr32/avr32-gnu-toolchain/bin/../lib/gcc/avr32/4.4.7/../../../../avr32/lib/ucr2\libc.a(lib_a-mprec.o)
 .comment       0x00000000       0x31 e:/program x86/atmel/studio/7.0/toolchain/avr32/avr32-gnu-toolchain/bin/../lib/gcc/avr32/4.4.7/../../../../avr32/lib/ucr2\libc.a(lib_a-reent.o)
 .comment       0x00000000       0x31 e:/program x86/atmel/studio/7.0/toolchain/avr32/avr32-gnu-toolchain/bin/../lib/gcc/avr32/4.4.7/../../../../avr32/lib/ucr2\libc.a(lib_a-s_isinfd.o)
 .comment       0x00000000       0x31 e:/program x86/atmel/studio/7.0/toolchain/avr32/avr32-gnu-toolchain/bin/../lib/gcc/avr32/4.4.7/../../../../avr32/lib/ucr2\libc.a(lib_a-s_isnand.o)
 .comment       0x00000000       0x31 e:/program x86/atmel/studio/7.0/toolchain/avr32/avr32-gnu-toolchain/bin/../lib/gcc/avr32/4.4.7/../../../../avr32/lib/ucr2\libc.a(lib_a-stdio.o)
 .comment       0x00000000       0x31 e:/program x86/atmel/studio/7.0/toolchain/avr32/avr32-gnu-toolchain/bin/../lib/gcc/avr32/4.4.7/../../../../avr32/lib/ucr2\libc.a(lib_a-strlen.o)
 .comment       0x00000000       0x31 e:/program x86/atmel/studio/7.0/toolchain/avr32/avr32-gnu-toolchain/bin/../lib/gcc/avr32/4.4.7/../../../../avr32/lib/ucr2\libc.a(lib_a-writer.o)
 .comment       0x00000000       0x31 e:/program x86/atmel/studio/7.0/toolchain/avr32/avr32-gnu-toolchain/bin/../lib/gcc/avr32/4.4.7/../../../../avr32/lib/ucr2\libc.a(lib_a-callocr.o)
 .comment       0x00000000       0x31 e:/program x86/atmel/studio/7.0/toolchain/avr32/avr32-gnu-toolchain/bin/../lib/gcc/avr32/4.4.7/../../../../avr32/lib/ucr2\libc.a(lib_a-closer.o)
 .comment       0x00000000       0x31 e:/program x86/atmel/studio/7.0/toolchain/avr32/avr32-gnu-toolchain/bin/../lib/gcc/avr32/4.4.7/../../../../avr32/lib/ucr2\libc.a(lib_a-fclose.o)
 .comment       0x00000000       0x31 e:/program x86/atmel/studio/7.0/toolchain/avr32/avr32-gnu-toolchain/bin/../lib/gcc/avr32/4.4.7/../../../../avr32/lib/ucr2\libc.a(lib_a-fstatr.o)
 .comment       0x00000000       0x31 e:/program x86/atmel/studio/7.0/toolchain/avr32/avr32-gnu-toolchain/bin/../lib/gcc/avr32/4.4.7/../../../../avr32/lib/ucr2\libc.a(lib_a-lseekr.o)
 .comment       0x00000000       0x31 e:/program x86/atmel/studio/7.0/toolchain/avr32/avr32-gnu-toolchain/bin/../lib/gcc/avr32/4.4.7/../../../../avr32/lib/ucr2\libc.a(lib_a-readr.o)
 .comment       0x00000000       0x31 e:/program x86/atmel/studio/7.0/toolchain/avr32/avr32-gnu-toolchain/bin/../lib/gcc/avr32/4.4.7/ucr2\libgcc.a(_udivdi3.o)
 .comment       0x00000000       0x31 e:/program x86/atmel/studio/7.0/toolchain/avr32/avr32-gnu-toolchain/bin/../lib/gcc/avr32/4.4.7/ucr2\libgcc.a(_umoddi3.o)

.debug
 *(.debug)

.line
 *(.line)

.debug_srcinfo
 *(.debug_srcinfo)

.debug_sfnames
 *(.debug_sfnames)

.debug_aranges  0x00000000     0x1688
 *(.debug_aranges)
 .debug_aranges
                0x00000000      0x128 src/Application/app/app.o
 .debug_aranges
                0x00000128       0x90 src/Application/flash/data_flash.o
 .debug_aranges