Archive member included because of file (symbol)

e:/program x86/atmel/studio/7.0/toolchain/avr32/avr32-gnu-toolchain/bin/../lib/gcc/avr32/4.4.7/../../../../avr32/lib/ucr2\libc.a(lib_a-malloc.o)
                              src/ASF/thirdparty/freertos/freertos-7.0.0/source/portable/memmang/heap_3.o (free)
e:/program x86/atmel/studio/7.0/toolchain/avr32/avr32-gnu-toolchain/bin/../lib/gcc/avr32/4.4.7/../../../../avr32/lib/ucr2\libc.a(lib_a-mallocr.o)
                              e:/program x86/atmel/studio/7.0/toolchain/avr32/avr32-gnu-toolchain/bin/../lib/gcc/avr32/4.4.7/../../../../avr32/lib/ucr2\libc.a(lib_a-malloc.o) (_malloc_r)
e:/program x86/atmel/studio/7.0/toolchain/avr32/avr32-gnu-toolchain/bin/../lib/gcc/avr32/4.4.7/../../../../avr32/lib/ucr2\libc.a(lib_a-memcmp.o)
                              src/Application/voice/voice.o (memcmp)
e:/program x86/atmel/studio/7.0/toolchain/avr32/avr32-gnu-toolchain/bin/../lib/gcc/avr32/4.4.7/../../../../avr32/lib/ucr2\libc.a(lib_a-memcpy.o)
                              src/Application/flash/data_flash.o (memcpy)
e:/program x86/atmel/studio/7.0/toolchain/avr32/avr32-gnu-toolchain/bin/../lib/gcc/avr32/4.4.7/../../../../avr32/lib/ucr2\libc.a(lib_a-memset.o)
                              src/Application/radio/physical.o (memset)
e:/program x86/atmel/studio/7.0/toolchain/avr32/avr32-gnu-toolchain/bin/../lib/gcc/avr32/4.4.7/../../../../avr32/lib/ucr2\libc.a(lib_a-realloc.o)
                              src/ASF/thirdparty/freertos/freertos-7.0.0/source/portable/gcc/avr32_uc3/port.o (realloc)
e:/program x86/atmel/studio/7.0/toolchain/avr32/avr32-gnu-toolchain/bin/../lib/gcc/avr32/4.4.7/../../../../avr32/lib/ucr2\libc.a(lib_a-reallocr.o)
                              e:/program x86/atmel/studio/7.0/toolchain/avr32/avr32-gnu-toolchain/bin/../lib/gcc/avr32/4.4.7/../../../../avr32/lib/ucr2\libc.a(lib_a-realloc.o) (_realloc_r)
e:/program x86/atmel/studio/7.0/toolchain/avr32/avr32-gnu-toolchain/bin/../lib/gcc/avr32/4.4.7/../../../../avr32/lib/ucr2\libc.a(lib_a-sbrkr.o)
                              e:/program x86/atmel/studio/7.0/toolchain/avr32/avr32-gnu-toolchain/bin/../lib/gcc/avr32/4.4.7/../../../../avr32/lib/ucr2\libc.a(lib_a-mallocr.o) (_sbrk_r)
e:/program x86/atmel/studio/7.0/toolchain/avr32/avr32-gnu-toolchain/bin/../lib/gcc/avr32/4.4.7/../../../../avr32/lib/ucr2\libc.a(lib_a-sprintf.o)
                              src/Log/log.o (sprintf)
e:/program x86/atmel/studio/7.0/toolchain/avr32/avr32-gnu-toolchain/bin/../lib/gcc/avr32/4.4.7/../../../../avr32/lib/ucr2\libc.a(lib_a-strncpy.o)
                              src/ASF/thirdparty/freertos/freertos-7.0.0/source/tasks.o (strncpy)
e:/program x86/atmel/studio/7.0/toolchain/avr32/avr32-gnu-toolchain/bin/../lib/gcc/avr32/4.4.7/../../../../avr32/lib/ucr2\libc.a(lib_a-syscalls.o)
                              e:/program x86/atmel/studio/7.0/toolchain/avr32/avr32-gnu-toolchain/bin/../lib/gcc/avr32/4.4.7/../../../../avr32/lib/ucr2\libc.a(lib_a-sbrkr.o) (_sbrk)
e:/program x86/atmel/studio/7.0/toolchain/avr32/avr32-gnu-toolchain/bin/../lib/gcc/avr32/4.4.7/../../../../avr32/lib/ucr2\libc.a(lib_a-vfprintf.o)
                              e:/program x86/atmel/studio/7.0/toolchain/avr32/avr32-gnu-toolchain/bin/../lib/gcc/avr32/4.4.7/../../../../avr32/lib/ucr2\libc.a(lib_a-sprintf.o) (_vfprintf_r)
e:/program x86/atmel/studio/7.0/toolchain/avr32/avr32-gnu-toolchain/bin/../lib/gcc/avr32/4.4.7/../../../../avr32/lib/ucr2\libc.a(lib_a-wsetup.o)
                              e:/program x86/atmel/studio/7.0/toolchain/avr32/avr32-gnu-toolchain/bin/../lib/gcc/avr32/4.4.7/../../../../avr32/lib/ucr2\libc.a(lib_a-vfprintf.o) (__swsetup_r)
e:/program x86/atmel/studio/7.0/toolchain/avr32/avr32-gnu-toolchain/bin/../lib/gcc/avr32/4.4.7/../../../../avr32/lib/ucr2\libc.a(lib_a-dtoa.o)
                              e:/program x86/atmel/studio/7.0/toolchain/avr32/avr32-gnu-toolchain/bin/../lib/gcc/avr32/4.4.7/../../../../avr32/lib/ucr2\libc.a(lib_a-vfprintf.o) (_dtoa_r)
e:/program x86/atmel/studio/7.0/toolchain/avr32/avr32-gnu-toolchain/bin/../lib/gcc/avr32/4.4.7/../../../../avr32/lib/ucr2\libc.a(lib_a-errno.o)
                              e:/program x86/atmel/studio/7.0/toolchain/avr32/avr32-gnu-toolchain/bin/../lib/gcc/avr32/4.4.7/../../../../avr32/lib/ucr2\libc.a(lib_a-syscalls.o) (__errno)
e:/program x86/atmel/studio/7.0/toolchain/avr32/avr32-gnu-toolchain/bin/../lib/gcc/avr32/4.4.7/../../../../avr32/lib/ucr2\libc.a(lib_a-fflush.o)
                              e:/program x86/atmel/studio/7.0/toolchain/avr32/avr32-gnu-toolchain/bin/../lib/gcc/avr32/4.4.7/../../../../avr32/lib/ucr2\libc.a(lib_a-vfprintf.o) (_fflush_r)
e:/program x86/atmel/studio/7.0/toolchain/avr32/avr32-gnu-toolchain/bin/../lib/gcc/avr32/4.4.7/../../../../avr32/lib/ucr2\libc.a(lib_a-findfp.o)
                              e:/program x86/atmel/studio/7.0/toolchain/avr32/avr32-gnu-toolchain/bin/../lib/gcc/avr32/4.4.7/../../../../avr32/lib/ucr2\libc.a(lib_a-vfprintf.o) (__sinit)
[...]
Memory Configuration

Name             Origin             Length             Attributes
FLASH            0x80000000         0x00080000         axrl !w
CPUSRAM          0x00000004         0x00017ffc         axw !rl
USERPAGE         0x80800000         0x00000200
FACTORYPAGE      0x80800200         0x00000200
*default*        0x00000000         0xffffffff

Linker script and memory map

                0x00001000                _stack_size = 0x1000
LOAD src/Application/app/app.o
LOAD src/Application/flash/data_flash.o
LOAD src/Application/myrtc/xgrtc.o
LOAD src/Application/radio/ambe.o
LOAD src/Application/radio/AMBE_audio.o
LOAD src/Application/radio/AMBE_audio_2.o
LOAD src/Application/radio/audio.o
LOAD src/Application/radio/payload.o
LOAD src/Application/radio/physical.o
LOAD src/Application/radio/ssc.o
LOAD src/Application/radio/xcmp.o
LOAD src/Application/radio/xnl.o
LOAD src/Application/RFID/MFRC522/rc522.o
LOAD src/Application/RFID/RFID.o
LOAD src/Application/timers/timer.o
LOAD src/Application/voice/voice.o
LOAD src/Application/xgflash/xgflash.o
LOAD src/ASF/avr32/drivers/flashc/flashc.o
LOAD src/ASF/avr32/drivers/gpio/gpio.o
LOAD src/ASF/avr32/drivers/intc/intc.o
LOAD src/ASF/avr32/drivers/pm/pm.o
LOAD src/ASF/avr32/drivers/pm/pm_conf_clocks.o
LOAD src/ASF/avr32/drivers/pm/power_clocks_lib.o
LOAD src/ASF/avr32/drivers/rtc/rtc.o
LOAD src/ASF/avr32/drivers/spi/spi.o
LOAD src/ASF/avr32/drivers/tc/tc.o
LOAD src/ASF/avr32/drivers/twi/twi.o
LOAD src/ASF/avr32/drivers/usart/usart.o
LOAD src/ASF/avr32/utils/startup/startup_uc3.o
LOAD src/ASF/avr32/utils/startup/trampoline_uc3.o
LOAD src/ASF/common/boards/user_board/init.o
LOAD src/ASF/common/services/clock/uc3b0_b1/sysclk.o
LOAD src/ASF/common/services/spi/uc3_spi/spi_master.o
LOAD src/ASF/common/services/spi/uc3_usart_spi/usart_spi.o
LOAD src/ASF/thirdparty/freertos/freertos-7.0.0/source/croutine.o
LOAD src/ASF/thirdparty/freertos/freertos-7.0.0/source/list.o
LOAD src/ASF/thirdparty/freertos/freertos-7.0.0/source/portable/gcc/avr32_uc3/exception.o
LOAD src/ASF/thirdparty/freertos/freertos-7.0.0/source/portable/gcc/avr32_uc3/port.o
LOAD src/ASF/thirdparty/freertos/freertos-7.0.0/source/portable/gcc/avr32_uc3/read.o
LOAD src/ASF/thirdparty/freertos/freertos-7.0.0/source/portable/gcc/avr32_uc3/write.o
LOAD src/ASF/thirdparty/freertos/freertos-7.0.0/source/portable/memmang/heap_3.o
LOAD src/ASF/thirdparty/freertos/freertos-7.0.0/source/queue.o
LOAD src/ASF/thirdparty/freertos/freertos-7.0.0/source/tasks.o
LOAD src/Log/log.o
LOAD src/main.o
START GROUP
LOAD e:/program x86/atmel/studio/7.0/toolchain/avr32/avr32-gnu-toolchain/bin/../lib/gcc/avr32/4.4.7/../../../../avr32/lib/ucr2\libm.a
END GROUP
LOAD e:/program x86/atmel/studio/7.0/toolchain/avr32/avr32-gnu-toolchain/bin/../lib/gcc/avr32/4.4.7/ucr2\libgcc.a
LOAD e:/program x86/atmel/studio/7.0/toolchain/avr32/avr32-gnu-toolchain/bin/../lib/gcc/avr32/4.4.7/../../../../avr32/lib/ucr2\libc.a
LOAD e:/program x86/atmel/studio/7.0/toolchain/avr32/avr32-gnu-toolchain/bin/../lib/gcc/avr32/4.4.7/ucr2\libgcc.a
                0x80000000                PROVIDE (__executable_start, 0x80000000)
                0x80000000                . = 0x80000000

.interp
 *(.interp)

.reset          0x80000000       0x24
 *(.reset)
 .reset         0x80000000       0x24 src/ASF/avr32/utils/startup/trampoline_uc3.o
                                 0x28 (size before relaxing)
                0x80000000                _trampoline

.hash
 *(.hash)

.dynsym
 *(.dynsym)

.dynstr
 *(.dynstr)

.gnu.version
 *(.gnu.version)

.gnu.version_d
 *(.gnu.version_d)

.gnu.version_r
 *(.gnu.version_r)

.rel.init
 *(.rel.init)

.rela.init
 *(.rela.init)

.rel.text
 *(.rel.text .rel.text.* .rel.gnu.linkonce.t.*)

.rela.text
 *(.rela.text .rela.text.* .rela.gnu.linkonce.t.*)

.rel.fini
 *(.rel.fini)

.rela.fini
 *(.rela.fini)

.rel.rodata
 *(.rel.rodata .rel.rodata.* .rel.gnu.linkonce.r.*)

.rela.rodata
 *(.rela.rodata .rela.rodata.* .rela.gnu.linkonce.r.*)

.rel.data.rel.ro
 *(.rel.data.rel.ro*)

.rela.data.rel.ro
 *(.rel.data.rel.ro*)

.rel.data
 *(.rel.data .rel.data.* .rel.gnu.linkonce.d.*)

.rela.data
 *(.rela.data .rela.data.* .rela.gnu.linkonce.d.*)

.rel.tdata
 *(.rel.tdata .rel.tdata.* .rel.gnu.linkonce.td.*)

.rela.tdata
 *(.rela.tdata .rela.tdata.* .rela.gnu.linkonce.td.*)

.rel.tbss
 *(.rel.tbss .rel.tbss.* .rel.gnu.linkonce.tb.*)

.rela.tbss
 *(.rela.tbss .rela.tbss.* .rela.gnu.linkonce.tb.*)

.rel.ctors
 *(.rel.ctors)

.rela.ctors
 *(.rela.ctors)

.rel.dtors
 *(.rel.dtors)

.rela.dtors
 *(.rela.dtors)

.rel.got
 *(.rel.got)

.rela.got       0x80000024        0x0
 *(.rela.got)
 .rela.got      0x80000024        0x0 src/Application/app/app.o

.rel.bss
 *(.rel.bss .rel.bss.* .rel.gnu.linkonce.b.*)

.rela.bss
 *(.rela.bss .rela.bss.* .rela.gnu.linkonce.b.*)

.rel.plt
 *(.rel.plt)

.rela.plt
 *(.rela.plt)

.init
 *(.init)

.plt
 *(.plt)

.text           0x80000024     0xaef8
 *(.text .stub .text.* .gnu.linkonce.t.*)
 .text.DeviceManagement_brdcst_func
                0x80000024       0x24 src/Application/app/app.o
                0x80000024                DeviceManagement_brdcst_func
 .text.Volume_brdcst_func
                0x80000048        0x2 src/Application/app/app.o
                0x80000048                Volume_brdcst_func
 .text.AudioRoutingControl_brdcst_func
                0x8000004a        0x2 src/Application/app/app.o
                0x8000004a                AudioRoutingControl_brdcst_func
 .text.vApplicationIdleHook
                0x8000004c       0x10 src/Application/app/app.o
                0x8000004c                vApplicationIdleHook
 .text.app_init
                0x8000005c       0x54 src/Application/app/app.o
                0x8000005c                app_init
 .text.app_payload_tx_proc
                0x800000b0       0x14 src/Application/app/app.o
 .text.app_payload_rx_proc
                0x800000c4       0x34 src/Application/app/app.o
 .text.FD_brdcst_func
                0x800000f8       0x14 src/Application/app/app.o
                0x800000f8                FD_brdcst_func
 .text.FD_reply_func
                0x8000010c       0x14 src/Application/app/app.o
                0x8000010c                FD_reply_func
 .text.FD_request_func
                0x80000120       0x14 src/Application/app/app.o
                0x80000120                FD_request_func
 .text.EnOB_brdcst_func
                0x80000134       0x14 src/Application/app/app.o
                0x80000134                EnOB_brdcst_func
 .text.EnOB_reply_func
                0x80000148       0x70 src/Application/app/app.o
                0x80000148                EnOB_reply_func
 .text.SingleDetection_brdcst_func
                0x800001b8       0x1c src/Application/app/app.o
                0x800001b8                SingleDetection_brdcst_func
 .text.ButtonConfig_brdcst_func
                0x800001d4       0xdc src/Application/app/app.o
                0x800001d4                ButtonConfig_brdcst_func
 .text.ButtonConfig_reply_func
                0x800002b0       0x44 src/Application/app/app.o
                0x800002b0                ButtonConfig_reply_func
 .text.DataSession_brdcst_func
                0x800002f4       0xcc src/Application/app/app.o
                0x800002f4                DataSession_brdcst_func
 .text.DataSession_reply_func
                0x800003c0       0x7c src/Application/app/app.o
                0x800003c0                DataSession_reply_func
 .text.CallControl_brdcst_func
                0x8000043c       0x44 src/Application/app/app.o
                0x8000043c                CallControl_brdcst_func
 .text.TransmitControl_brdcst_func
                0x80000480       0x48 src/Application/app/app.o
                0x80000480                TransmitControl_brdcst_func
 .text.TransmitControl_reply_func
                0x800004c8       0x60 src/Application/app/app.o
                0x800004c8                TransmitControl_reply_func
 .text.AudioRoutingControl_reply_func
                0x80000528       0x28 src/Application/app/app.o
                0x80000528                AudioRoutingControl_reply_func
 .text.Volume_reply_func
                0x80000550       0x64 src/Application/app/app.o
                0x80000550                Volume_reply_func
 .text.spk_brdcst_func
                0x800005b4       0x38 src/Application/app/app.o
                0x800005b4                spk_brdcst_func
 .text.spk_reply_func
                0x800005ec       0x48 src/Application/app/app.o
                0x800005ec                spk_reply_func
 .text.mic_brdcst_func
                0x80000634       0x58 src/Application/app/app.o
                0x80000634                mic_brdcst_func
 .text.mic_reply_func
                0x8000068c       0x94 src/Application/app/app.o
                0x8000068c                mic_reply_func
 .text.dcm_brdcst_func
                0x80000720       0x48 src/Application/app/app.o
                0x80000720                dcm_brdcst_func
 .text.dcm_reply_func
                0x80000768       0x68 src/Application/app/app.o
                0x80000768                dcm_reply_func
 .text.ToneControl_reply_func
                0x800007d0       0x28 src/Application/app/app.o
                0x800007d0                ToneControl_reply_func
 .text.app_cfg  0x800007f8       0xa0 src/Application/app/app.o
 .text.Phyuserinput_brdcst_func
                0x80000898       0x58 src/Application/app/app.o
                0x80000898                Phyuserinput_brdcst_func
 .text.DeviceInitializationStatus_brdcst_func
                0x800008f0       0x38 src/Application/app/app.o
                0x800008f0                DeviceInitializationStatus_brdcst_func
 .text.xg_rtc_init
                0x80000928       0x80 src/Application/myrtc/xgrtc.o
                0x80000928                xg_rtc_init
 .text.rtc_irq  0x800009a8       0xf0 src/Application/myrtc/xgrtc.o
                0x800009a8                rtc_irq
 .text.CalculateBurst
                0x80000a98       0x1c src/Application/radio/ambe.o
                0x80000a98                CalculateBurst
 .text.payload_init
                0x80000ab4       0x38 src/Application/radio/payload.o
                0x80000ab4                payload_init
 .text.payload_rx_process
                0x80000aec       0x4c src/Application/radio/payload.o
 .text.set_idle_store_isr
                0x80000b38       0x1c src/Application/radio/physical.o
                0x80000b38                set_idle_store_isr
 .text.phy_rx   0x80000b54       0x38 src/Application/radio/physical.o
                0x80000b54                phy_rx
 .text.set_idle_store
                0x80000b8c       0x20 src/Application/radio/physical.o
                0x80000b8c                set_idle_store
 .text.phy_tx   0x80000bac       0x5c src/Application/radio/physical.o
                0x80000bac                phy_tx
 .text.get_idle_store_isr
                0x80000c08       0x28 src/Application/radio/physical.o
                0x80000c08                get_idle_store_isr
 .text.phy_tx_func
                0x80000c30      0x108 src/Application/radio/physical.o
 .text.get_idle_store
                0x80000d38       0x28 src/Application/radio/physical.o
                0x80000d38                get_idle_store
 .text.phy_init
                0x80000d60       0x28 src/Application/radio/physical.o
                0x80000d60                phy_init
 .text.payload_rx
                0x80000d88       0x60 src/Application/radio/physical.o
 .text.phy_rx_func
                0x80000de8      0xf24 src/Application/radio/physical.o
 .text.pdca_int_handler
                0x80001d0c       0x74 src/Application/radio/ssc.o
 .text.local_start_SSC
                0x80001d80       0x44 src/Application/radio/ssc.o
                0x80001d80                local_start_SSC
 .text.local_start_PDC
                0x80001dc4       0x6c src/Application/radio/ssc.o
                0x80001dc4                local_start_PDC
 .text.register_rx_tx_func
                0x80001e30       0x14 src/Application/radio/ssc.o
                0x80001e30                register_rx_tx_func
 .text.ssc_init
                0x80001e44       0x70 src/Application/radio/ssc.o
                0x80001e44                ssc_init
 .text.xcmp_register_app_list
                0x80001eb4        0xc src/Application/radio/xcmp.o
                0x80001eb4                xcmp_register_app_list
 .text.xcmp_tx  0x80001ec0       0x48 src/Application/radio/xcmp.o
 .text.xcmp_data_session_req
                0x80001f08       0x8c src/Application/radio/xcmp.o
                0x80001f08                xcmp_data_session_req
 .text.xcmp_DeviceInitializationStatus_request
                0x80001f94       0x40 src/Application/radio/xcmp.o
                0x80001f94                xcmp_DeviceInitializationStatus_request
 .text.xcmp_opcode_not_supported
                0x80001fd4       0x24 src/Application/radio/xcmp.o
                0x80001fd4                xcmp_opcode_not_supported
 .text.xcmp_exec_func
                0x80001ff8       0x48 src/Application/radio/xcmp.o
 .text.xcmp_IdleTestTone
                0x80002040       0x60 src/Application/radio/xcmp.o
                0x80002040                xcmp_IdleTestTone
 .text.xcmp_init
                0x800020a0       0x54 src/Application/radio/xcmp.o
                0x800020a0                xcmp_init
 .text.xcmp_rx_process
                0x800020f4       0xfc src/Application/radio/xcmp.o
 .text.xcmp_rx  0x800021f0       0x4c src/Application/radio/xcmp.o
 .text.xnl_register_xcmp_func
                0x8000223c        0xc src/Application/radio/xnl.o
                0x8000223c                xnl_register_xcmp_func
 .text.xnl_get_msg_ack_func
                0x80002248       0x2c src/Application/radio/xnl.o
                0x80002248                xnl_get_msg_ack_func
 .text.xnl_init
                0x80002274      0x12c src/Application/radio/xnl.o
                0x80002274                xnl_init
 .text.xnl_rx_process
                0x800023a0       0x60 src/Application/radio/xnl.o
 .text.xnl_tx_process
                0x80002400       0xcc src/Application/radio/xnl.o
 .text.xnl_tx   0x800024cc       0xe4 src/Application/radio/xnl.o
                0x800024cc                xnl_tx
 .text.xnl_data_msg_func
                0x800025b0       0x60 src/Application/radio/xnl.o
                0x800025b0                xnl_data_msg_func
 .text.xnl_device_auth_reply_func
                0x80002610      0x120 src/Application/radio/xnl.o
                0x80002610                xnl_device_auth_reply_func
 .text.xnl_master_status_brdcst_func
                0x80002730       0x60 src/Application/radio/xnl.o
                0x80002730                xnl_master_status_brdcst_func
 .text.xnl_device_conn_reply_func
                0x80002790       0x5c src/Application/radio/xnl.o
                0x80002790                xnl_device_conn_reply_func
 .text.xnl_send_device_master_query
                0x800027ec       0x30 src/Application/radio/xnl.o
                0x800027ec                xnl_send_device_master_query
 .text.RC522_SPI_SetSpeed
                0x8000281c       0x24 src/Application/RFID/MFRC522/rc522.o
                0x8000281c                RC522_SPI_SetSpeed
 .text.RC522_SPI_SetSpeedLow
                0x80002840       0x10 src/Application/RFID/MFRC522/rc522.o
                0x80002840                RC522_SPI_SetSpeedLow
 .text.RC522_ReadByte
                0x80002850       0x44 src/Application/RFID/MFRC522/rc522.o
                0x80002850                RC522_ReadByte
 .text.RC522_WriteByte
                0x80002894       0x4c src/Application/RFID/MFRC522/rc522.o
                0x80002894                RC522_WriteByte
 .text.WriteRawRC
                0x800028e0       0x38 src/Application/RFID/MFRC522/rc522.o
                0x800028e0                WriteRawRC
 .text.PcdReset
                0x80002918       0x80 src/Application/RFID/MFRC522/rc522.o
                0x80002918                PcdReset
 .text.ReadRawRC
                0x80002998       0x40 src/Application/RFID/MFRC522/rc522.o
                0x80002998                ReadRawRC
 .text.SetBitMask
                0x800029d8       0x24 src/Application/RFID/MFRC522/rc522.o
                0x800029d8                SetBitMask
 .text.PcdAntennaOn
                0x800029fc       0x20 src/Application/RFID/MFRC522/rc522.o
                0x800029fc                PcdAntennaOn
 .text.ClearBitMask
                0x80002a1c       0x28 src/Application/RFID/MFRC522/rc522.o
                0x80002a1c                ClearBitMask
 .text.PcdAntennaOff
                0x80002a44       0x10 src/Application/RFID/MFRC522/rc522.o
                0x80002a44                PcdAntennaOff
 .text.M500PcdConfigISOType
                0x80002a54       0x70 src/Application/RFID/MFRC522/rc522.o
                0x80002a54                M500PcdConfigISOType
 .text.rc522_init
                0x80002ac4       0xd0 src/Application/RFID/MFRC522/rc522.o
                0x80002ac4                rc522_init
 .text.PcdComMF522
                0x80002b94      0x178 src/Application/RFID/MFRC522/rc522.o
                0x80002b94                PcdComMF522
 .text.PcdAnticoll
                0x80002d0c       0x84 src/Application/RFID/MFRC522/rc522.o
                0x80002d0c                PcdAnticoll
 .text.PcdRequest
                0x80002d90       0x64 src/Application/RFID/MFRC522/rc522.o
                0x80002d90                PcdRequest
 .text.CalulateCRC
                0x80002df4       0x8c src/Application/RFID/MFRC522/rc522.o
                0x80002df4                CalulateCRC
 .text.PcdSelect
                0x80002e80       0x74 src/Application/RFID/MFRC522/rc522.o
                0x80002e80                PcdSelect
 .text.rfid_auto_reader
                0x80002ef4      0x120 src/Application/RFID/RFID.o
                0x80002ef4                rfid_auto_reader
 .text.rfid_sendID_message
                0x80003014      0x168 src/Application/RFID/RFID.o
                0x80003014                rfid_sendID_message
 .text.rfid_init
                0x8000317c        0xc src/Application/RFID/RFID.o
                0x8000317c                rfid_init
 .text.local_start_pll0
                0x80003188       0x50 src/Application/timers/timer.o
                0x80003188                local_start_pll0
 .text.delay_ns
                0x800031d8       0x16 src/Application/timers/timer.o
                0x800031d8                delay_ns
 *fill*         0x800031ee        0x2 d703d703
 .text.delay_us
                0x800031f0       0x28 src/Application/timers/timer.o
                0x800031f0                delay_us
 .text.delay_ms
                0x80003218       0x28 src/Application/timers/timer.o
                0x80003218                delay_ms
 .text.local_start_timer
                0x80003240       0x2c src/Application/timers/timer.o
                0x80003240                local_start_timer
 .text.xg_flashc_init
                0x8000326c       0x8c src/Application/xgflash/xgflash.o
                0x8000326c                xg_flashc_init
 .text.flashc_get_flash_size
                0x800032f8       0x34 src/ASF/avr32/drivers/flashc/flashc.o
                0x800032f8                flashc_get_flash_size
 .text.flashc_get_page_count
                0x8000332c       0x10 src/ASF/avr32/drivers/flashc/flashc.o
                0x8000332c                flashc_get_page_count
 .text.flashc_get_page_count_per_region
                0x8000333c       0x10 src/ASF/avr32/drivers/flashc/flashc.o
                0x8000333c                flashc_get_page_count_per_region
 .text.flashc_get_region_first_page_number
                0x8000334c       0x14 src/ASF/avr32/drivers/flashc/flashc.o
                0x8000334c                flashc_get_region_first_page_number
 .text.flashc_is_ready
                0x80003360        0xc src/ASF/avr32/drivers/flashc/flashc.o
                0x80003360                flashc_is_ready
 .text.flashc_default_wait_until_ready
                0x8000336c       0x10 src/ASF/avr32/drivers/flashc/flashc.o
                0x8000336c                flashc_default_wait_until_ready
 .text.flashc_get_page_number
                0x8000337c        0xc src/ASF/avr32/drivers/flashc/flashc.o
                0x8000337c                flashc_get_page_number
 .text.flashc_get_page_region
                0x80003388       0x28 src/ASF/avr32/drivers/flashc/flashc.o
                0x80003388                flashc_get_page_region
 .text.flashc_issue_command
                0x800033b0       0x48 src/ASF/avr32/drivers/flashc/flashc.o
                0x800033b0                flashc_issue_command
 .text.flashc_clear_page_buffer
                0x800033f8       0x10 src/ASF/avr32/drivers/flashc/flashc.o
                0x800033f8                flashc_clear_page_buffer
 .text.flashc_is_page_erased
                0x80003408        0xc src/ASF/avr32/drivers/flashc/flashc.o
                0x80003408                flashc_is_page_erased
 .text.flashc_quick_page_read
                0x80003414       0x18 src/ASF/avr32/drivers/flashc/flashc.o
                0x80003414                flashc_quick_page_read
 .text.flashc_erase_page
                0x8000342c       0x38 src/ASF/avr32/drivers/flashc/flashc.o
                0x8000342c                flashc_erase_page
 .text.flashc_write_page
                0x80003464       0x10 src/ASF/avr32/drivers/flashc/flashc.o
                0x80003464                flashc_write_page
 .text.flashc_quick_user_page_read
                0x80003474       0x18 src/ASF/avr32/drivers/flashc/flashc.o
                0x80003474                flashc_quick_user_page_read
 .text.flashc_erase_user_page
                0x8000348c       0x28 src/ASF/avr32/drivers/flashc/flashc.o
                0x8000348c                flashc_erase_user_page
 .text.flashc_write_user_page
                0x800034b4       0x10 src/ASF/avr32/drivers/flashc/flashc.o
                0x800034b4                flashc_write_user_page
 .text.flashc_memset64
                0x800034c4      0x238 src/ASF/avr32/drivers/flashc/flashc.o
                0x800034c4                flashc_memset64
 .text.flashc_memset32
                0x800036fc       0x20 src/ASF/avr32/drivers/flashc/flashc.o
                0x800036fc                flashc_memset32
 .text.flashc_memset16
                0x8000371c       0x10 src/ASF/avr32/drivers/flashc/flashc.o
                0x8000371c                flashc_memset16
 .text.flashc_memset8
                0x8000372c       0x14 src/ASF/avr32/drivers/flashc/flashc.o
                0x8000372c                flashc_memset8
 .text.gpio_enable_module_pin
                0x80003740       0x52 src/ASF/avr32/drivers/gpio/gpio.o
                0x80003740                gpio_enable_module_pin
 *fill*         0x80003792        0x2 d703d703
 .text.gpio_enable_module
                0x80003794       0x30 src/ASF/avr32/drivers/gpio/gpio.o
                0x80003794                gpio_enable_module
 .text.gpio_enable_gpio_pin
                0x800037c4       0x18 src/ASF/avr32/drivers/gpio/gpio.o
                0x800037c4                gpio_enable_gpio_pin
 .text.gpio_set_gpio_pin
                0x800037dc       0x1c src/ASF/avr32/drivers/gpio/gpio.o
                0x800037dc                gpio_set_gpio_pin
 .text.gpio_clr_gpio_pin
                0x800037f8       0x1c src/ASF/avr32/drivers/gpio/gpio.o
                0x800037f8                gpio_clr_gpio_pin
 .text._unhandled_interrupt
                0x80003814        0x2 src/ASF/avr32/drivers/intc/intc.o
 *fill*         0x80003816        0x2 d703d703
 .text.INTC_register_interrupt
                0x80003818       0x80 src/ASF/avr32/drivers/intc/intc.o
                0x80003818                INTC_register_interrupt
 .text.INTC_init_interrupts
                0x80003898       0x54 src/ASF/avr32/drivers/intc/intc.o
                0x80003898                INTC_init_interrupts
 .text._get_interrupt_handler
                0x800038ec       0x38 src/ASF/avr32/drivers/intc/intc.o
                0x800038ec                _get_interrupt_handler
 .text.pm_set_osc32_mode
                0x80003924        0xa src/ASF/avr32/drivers/pm/pm.o
 *fill*         0x8000392e        0x2 d703d703
 .text.pm_enable_osc32_crystal
                0x80003930       0x10 src/ASF/avr32/drivers/pm/pm.o
                0x80003930                pm_enable_osc32_crystal
 .text.pm_enable_clk32_no_wait
                0x80003940       0x10 src/ASF/avr32/drivers/pm/pm.o
                0x80003940                pm_enable_clk32_no_wait
 .text.pm_wait_for_clk32_ready
                0x80003950        0xa src/ASF/avr32/drivers/pm/pm.o
                0x80003950                pm_wait_for_clk32_ready
 *fill*         0x8000395a        0x2 d703d703
 .text.pm_enable_clk32
                0x8000395c       0x1c src/ASF/avr32/drivers/pm/pm.o
                0x8000395c                pm_enable_clk32
 .text.rtc_is_busy
                0x80003978        0x8 src/ASF/avr32/drivers/rtc/rtc.o
                0x80003978                rtc_is_busy
 .text.rtc_set_value
                0x80003980       0x24 src/ASF/avr32/drivers/rtc/rtc.o
                0x80003980                rtc_set_value
 .text.rtc_enable
                0x800039a4       0x24 src/ASF/avr32/drivers/rtc/rtc.o
                0x800039a4                rtc_enable
 .text.rtc_enable_interrupt
                0x800039c8        0x6 src/ASF/avr32/drivers/rtc/rtc.o
                0x800039c8                rtc_enable_interrupt
 *fill*         0x800039ce        0x2 d703d703
 .text.rtc_set_top_value
                0x800039d0       0x24 src/ASF/avr32/drivers/rtc/rtc.o
                0x800039d0                rtc_set_top_value
 .text.rtc_clear_interrupt
                0x800039f4       0x1e src/ASF/avr32/drivers/rtc/rtc.o
                0x800039f4                rtc_clear_interrupt
 *fill*         0x80003a12        0x2 d703d703
 .text.rtc_init
                0x80003a14       0x80 src/ASF/avr32/drivers/rtc/rtc.o
                0x80003a14                rtc_init
 .text.getBaudDiv
                0x80003a94       0x20 src/ASF/avr32/drivers/spi/spi.o
                0x80003a94                getBaudDiv
 .text.spi_initMaster
                0x80003ab4       0x38 src/ASF/avr32/drivers/spi/spi.o
                0x80003ab4                spi_initMaster
 .text.spi_selectionMode
                0x80003aec       0x2c src/ASF/avr32/drivers/spi/spi.o
                0x80003aec                spi_selectionMode
 .text.spi_enable
                0x80003b18        0x6 src/ASF/avr32/drivers/spi/spi.o
                0x80003b18                spi_enable
 .text.spi_write
                0x80003b1e       0x1c src/ASF/avr32/drivers/spi/spi.o
                0x80003b1e                spi_write
 .text.spi_read
                0x80003b3a       0x20 src/ASF/avr32/drivers/spi/spi.o
                0x80003b3a                spi_read
 *fill*         0x80003b5a        0x2 d703d703
 .text.spi_setupChipReg
                0x80003b5c       0xe8 src/ASF/avr32/drivers/spi/spi.o
                0x80003b5c                spi_setupChipReg
 .text.spi_unselectChip
                0x80003c44       0x40 src/ASF/avr32/drivers/spi/spi.o
                0x80003c44                spi_unselectChip
 .text.spi_selectChip
                0x80003c84       0x78 src/ASF/avr32/drivers/spi/spi.o
                0x80003c84                spi_selectChip
 .text.usart_set_async_baudrate
                0x80003cfc       0x5a src/ASF/avr32/drivers/usart/usart.o
 .text.usart_write_char
                0x80003d56       0x14 src/ASF/avr32/drivers/usart/usart.o
                0x80003d56                usart_write_char
 *fill*         0x80003d6a        0x2 d703d703
 .text.usart_putchar
                0x80003d6c       0x2c src/ASF/avr32/drivers/usart/usart.o
                0x80003d6c                usart_putchar
 .text.usart_read_char
                0x80003d98       0x22 src/ASF/avr32/drivers/usart/usart.o
                0x80003d98                usart_read_char
 *fill*         0x80003dba        0x2 d703d703
 .text.usart_getchar
                0x80003dbc       0x2c src/ASF/avr32/drivers/usart/usart.o
                0x80003dbc                usart_getchar
 .text.usart_write_line
                0x80003de8       0x24 src/ASF/avr32/drivers/usart/usart.o
                0x80003de8                usart_write_line
 .text.usart_reset
                0x80003e0c       0x2c src/ASF/avr32/drivers/usart/usart.o
                0x80003e0c                usart_reset
 .text.usart_init_rs232
                0x80003e38       0xcc src/ASF/avr32/drivers/usart/usart.o
                0x80003e38                usart_init_rs232
 .text._stext   0x80003f04       0x40 src/ASF/avr32/utils/startup/startup_uc3.o
                                 0x50 (size before relaxing)
                0x80003f04                _stext
 .text.vListInitialise
                0x80003f44       0x14 src/ASF/thirdparty/freertos/freertos-7.0.0/source/list.o
                0x80003f44                vListInitialise
 .text.vListInitialiseItem
                0x80003f58        0x6 src/ASF/thirdparty/freertos/freertos-7.0.0/source/list.o
                0x80003f58                vListInitialiseItem
 .text.vListInsertEnd
                0x80003f5e       0x1c src/ASF/thirdparty/freertos/freertos-7.0.0/source/list.o
                0x80003f5e                vListInsertEnd
 .text.vListInsert
                0x80003f7a       0x34 src/ASF/thirdparty/freertos/freertos-7.0.0/source/list.o
                0x80003f7a                vListInsert
 .text.vListRemove
                0x80003fae       0x26 src/ASF/thirdparty/freertos/freertos-7.0.0/source/list.o
                0x80003fae                vListRemove
 .text.pxPortInitialiseStack
                0x80003fd4       0x92 src/ASF/thirdparty/freertos/freertos-7.0.0/source/portable/gcc/avr32_uc3/port.o
                0x80003fd4                pxPortInitialiseStack
 *fill*         0x80004066        0x2 d703d703
 .text.vPortEnterCritical
                0x80004068       0x10 src/ASF/thirdparty/freertos/freertos-7.0.0/source/portable/gcc/avr32_uc3/port.o
                0x80004068                vPortEnterCritical
 .text.xPortStartScheduler
                0x80004078       0x58 src/ASF/thirdparty/freertos/freertos-7.0.0/source/portable/gcc/avr32_uc3/port.o
                0x80004078                xPortStartScheduler
 .text.SCALLYield
                0x800040d0       0x98 src/ASF/thirdparty/freertos/freertos-7.0.0/source/portable/gcc/avr32_uc3/port.o
                0x800040d0                SCALLYield
 .text.prvClearCcInt
                0x80004168        0xa src/ASF/thirdparty/freertos/freertos-7.0.0/source/portable/gcc/avr32_uc3/port.o
 *fill*         0x80004172        0x2 d703d703
 .text.vPortExitCritical
                0x80004174       0x20 src/ASF/thirdparty/freertos/freertos-7.0.0/source/portable/gcc/avr32_uc3/port.o
                0x80004174                vPortExitCritical
 .text.vTick    0x80004194       0x84 src/ASF/thirdparty/freertos/freertos-7.0.0/source/portable/gcc/avr32_uc3/port.o
 .text.__malloc_lock
                0x80004218        0xc src/ASF/thirdparty/freertos/freertos-7.0.0/source/portable/gcc/avr32_uc3/port.o
                0x80004218                __malloc_lock
 .text.__malloc_unlock
                0x80004224        0xc src/ASF/thirdparty/freertos/freertos-7.0.0/source/portable/gcc/avr32_uc3/port.o
                0x80004224                __malloc_unlock
 .text._read    0x80004230       0x40 src/ASF/thirdparty/freertos/freertos-7.0.0/source/portable/gcc/avr32_uc3/read.o
                0x80004230                _read
 .text._write   0x80004270       0x3c src/ASF/thirdparty/freertos/freertos-7.0.0/source/portable/gcc/avr32_uc3/write.o
                0x80004270                _write
 .text.vPortFree
                0x800042ac       0x28 src/ASF/thirdparty/freertos/freertos-7.0.0/source/portable/memmang/heap_3.o
                0x800042ac                vPortFree
 .text.pvPortMalloc
                0x800042d4       0x28 src/ASF/thirdparty/freertos/freertos-7.0.0/source/portable/memmang/heap_3.o
                0x800042d4                pvPortMalloc
 .text.prvCopyDataFromQueue
                0x800042fc       0x30 src/ASF/thirdparty/freertos/freertos-7.0.0/source/queue.o
 .text.xQueueReceiveFromISR
                0x8000432c       0x50 src/ASF/thirdparty/freertos/freertos-7.0.0/source/queue.o
                0x8000432c                xQueueReceiveFromISR
 .text.prvUnlockQueue
                0x8000437c       0xa0 src/ASF/thirdparty/freertos/freertos-7.0.0/source/queue.o
 .text.xQueueGenericReceive
                0x8000441c      0x144 src/ASF/thirdparty/freertos/freertos-7.0.0/source/queue.o
                0x8000441c                xQueueGenericReceive
 .text.prvCopyDataToQueue
                0x80004560       0x78 src/ASF/thirdparty/freertos/freertos-7.0.0/source/queue.o
 .text.xQueueGenericSendFromISR
                0x800045d8       0x50 src/ASF/thirdparty/freertos/freertos-7.0.0/source/queue.o
                0x800045d8                xQueueGenericSendFromISR
 .text.xQueueGenericSend
                0x80004628      0x100 src/ASF/thirdparty/freertos/freertos-7.0.0/source/queue.o
                0x80004628                xQueueGenericSend
 .text.xQueueCreate
                0x80004728       0x74 src/ASF/thirdparty/freertos/freertos-7.0.0/source/queue.o
                0x80004728                xQueueCreate
 .text.vTaskSuspendAll
                0x8000479c       0x10 src/ASF/thirdparty/freertos/freertos-7.0.0/source/tasks.o
                0x8000479c                vTaskSuspendAll
 .text.vTaskSwitchContext
                0x800047ac       0x7c src/ASF/thirdparty/freertos/freertos-7.0.0/source/tasks.o
                0x800047ac                vTaskSwitchContext
 .text.vTaskSetTimeOutState
                0x80004828       0x18 src/ASF/thirdparty/freertos/freertos-7.0.0/source/tasks.o
                0x80004828                vTaskSetTimeOutState
 .text.vTaskMissedYield
                0x80004840        0xc src/ASF/thirdparty/freertos/freertos-7.0.0/source/tasks.o
                0x80004840                vTaskMissedYield
 .text.xTaskGetCurrentTaskHandle
                0x8000484c        0xc src/ASF/thirdparty/freertos/freertos-7.0.0/source/tasks.o
                0x8000484c                xTaskGetCurrentTaskHandle
 .text.vTaskPriorityDisinherit
                0x80004858       0x58 src/ASF/thirdparty/freertos/freertos-7.0.0/source/tasks.o
                0x80004858                vTaskPriorityDisinherit
 .text.vTaskPriorityInherit
                0x800048b0       0x84 src/ASF/thirdparty/freertos/freertos-7.0.0/source/tasks.o
                0x800048b0                vTaskPriorityInherit
 .text.xTaskRemoveFromEventList
                0x80004934       0x7c src/ASF/thirdparty/freertos/freertos-7.0.0/source/tasks.o
                0x80004934                xTaskRemoveFromEventList
 .text.vTaskIncrementTick
                0x800049b0      0x114 src/ASF/thirdparty/freertos/freertos-7.0.0/source/tasks.o
                0x800049b0                vTaskIncrementTick
 .text.xTaskCheckForTimeOut
                0x80004ac4       0x70 src/ASF/thirdparty/freertos/freertos-7.0.0/source/tasks.o
                0x80004ac4                xTaskCheckForTimeOut
 .text.xTaskGetTickCount
                0x80004b34       0x24 src/ASF/thirdparty/freertos/freertos-7.0.0/source/tasks.o
                0x80004b34                xTaskGetTickCount
 .text.xTaskResumeAll
                0x80004b58       0xe8 src/ASF/thirdparty/freertos/freertos-7.0.0/source/tasks.o
                0x80004b58                xTaskResumeAll
 .text.prvAddCurrentTaskToDelayedList
                0x80004c40       0x5c src/ASF/thirdparty/freertos/freertos-7.0.0/source/tasks.o
 .text.vTaskDelay
                0x80004c9c       0x48 src/ASF/thirdparty/freertos/freertos-7.0.0/source/tasks.o
                0x80004c9c                vTaskDelay
 .text.vTaskDelayUntil
                0x80004ce4       0x80 src/ASF/thirdparty/freertos/freertos-7.0.0/source/tasks.o
                0x80004ce4                vTaskDelayUntil
 .text.vTaskPlaceOnEventList
                0x80004d64       0x58 src/ASF/thirdparty/freertos/freertos-7.0.0/source/tasks.o
                0x80004d64                vTaskPlaceOnEventList
 .text.prvIdleTask
                0x80004dbc       0x88 src/ASF/thirdparty/freertos/freertos-7.0.0/source/tasks.o
 .text.xTaskGenericCreate
                0x80004e44      0x1e8 src/ASF/thirdparty/freertos/freertos-7.0.0/source/tasks.o
                0x80004e44                xTaskGenericCreate
 .text.vTaskStartScheduler
                0x8000502c       0x4c src/ASF/thirdparty/freertos/freertos-7.0.0/source/tasks.o
                0x8000502c                vTaskStartScheduler
 .text.PrintChar
                0x80005078        0x4 src/Log/log.o
                0x80005078                PrintChar
 .text.PrintHex
                0x8000507c       0xb2 src/Log/log.o
                0x8000507c                PrintHex
 .text.PrintDec
                0x8000512e       0xda src/Log/log.o
                0x8000512e                PrintDec
 .text.log      0x80005208      0x18c src/Log/log.o
                0x80005208                log
 .text.logFromISR
                0x80005394      0x180 src/Log/log.o
                0x80005394                logFromISR
 .text.log_init
                0x80005514       0x68 src/Log/log.o
                0x80005514                log_init
 .text.task_log
                0x8000557c       0x44 src/Log/log.o
 .text.main     0x800055c0       0x78 src/main.o
                0x800055c0                main
 .text.free     0x80005638       0x10 e:/program x86/atmel/studio/7.0/toolchain/avr32/avr32-gnu-toolchain/bin/../lib/gcc/avr32/4.4.7/../../../../avr32/lib/ucr2\libc.a(lib_a-malloc.o)
                                 0x18 (size before relaxing)
                0x80005638                free
 .text.malloc   0x80005648       0x10 e:/program x86/atmel/studio/7.0/toolchain/avr32/avr32-gnu-toolchain/bin/../lib/gcc/avr32/4.4.7/../../../../avr32/lib/ucr2\libc.a(lib_a-malloc.o)
                                 0x18 (size before relaxing)
                0x80005648                malloc
 .text._malloc_r
                0x80005658      0x438 e:/program x86/atmel/studio/7.0/toolchain/avr32/avr32-gnu-toolchain/bin/../lib/gcc/avr32/4.4.7/../../../../avr32/lib/ucr2\libc.a(lib_a-mallocr.o)
                                0x450 (size before relaxing)
                0x80005658                _malloc_r
 .text          0x80005a90      0x148 e:/program x86/atmel/studio/7.0/toolchain/avr32/avr32-gnu-toolchain/bin/../lib/gcc/avr32/4.4.7/../../../../avr32/lib/ucr2\libc.a(lib_a-memcpy.o)
                0x80005a90                memcpy
 .text.memset   0x80005bd8        0xe e:/program x86/atmel/studio/7.0/toolchain/avr32/avr32-gnu-toolchain/bin/../lib/gcc/avr32/4.4.7/../../../../avr32/lib/ucr2\libc.a(lib_a-memset.o)
                0x80005bd8                memset
 *fill*         0x80005be6        0x2 d703d703
 .text._realloc_r
                0x80005be8      0x2c0 e:/program x86/atmel/studio/7.0/toolchain/avr32/avr32-gnu-toolchain/bin/../lib/gcc/avr32/4.4.7/../../../../avr32/lib/ucr2\libc.a(lib_a-reallocr.o)
                                0x2e0 (size before relaxing)
                0x80005be8                _realloc_r
 .text._sbrk_r  0x80005ea8       0x20 e:/program x86/atmel/studio/7.0/toolchain/avr32/avr32-gnu-toolchain/bin/../lib/gcc/avr32/4.4.7/../../../../avr32/lib/ucr2\libc.a(lib_a-sbrkr.o)
                                 0x28 (size before relaxing)
                0x80005ea8                _sbrk_r
 .text.sprintf  0x80005ec8       0x3c e:/program x86/atmel/studio/7.0/toolchain/avr32/avr32-gnu-toolchain/bin/../lib/gcc/avr32/4.4.7/../../../../avr32/lib/ucr2\libc.a(lib_a-sprintf.o)
                                 0x40 (size before relaxing)
                0x80005ec8                sprintf
 .text          0x80005f04       0x20 e:/program x86/atmel/studio/7.0/toolchain/avr32/avr32-gnu-toolchain/bin/../lib/gcc/avr32/4.4.7/../../../../avr32/lib/ucr2\libc.a(lib_a-strncpy.o)
                0x80005f04                strncpy
 .text._close   0x80005f24       0x14 e:/program x86/atmel/studio/7.0/toolchain/avr32/avr32-gnu-toolchain/bin/../lib/gcc/avr32/4.4.7/../../../../avr32/lib/ucr2\libc.a(lib_a-syscalls.o)
                                 0x18 (size before relaxing)
                0x80005f24                _close
 .text._lseek   0x80005f38       0x14 e:/program x86/atmel/studio/7.0/toolchain/avr32/avr32-gnu-toolchain/bin/../lib/gcc/avr32/4.4.7/../../../../avr32/lib/ucr2\libc.a(lib_a-syscalls.o)
                                 0x18 (size before relaxing)
                0x80005f38                _lseek
 .text.isatty   0x80005f4c       0x14 e:/program x86/atmel/studio/7.0/toolchain/avr32/avr32-gnu-toolchain/bin/../lib/gcc/avr32/4.4.7/../../../../avr32/lib/ucr2\libc.a(lib_a-syscalls.o)
                                 0x18 (size before relaxing)
                0x80005f4c                isatty
 .text._fstat_host
                0x80005f60       0x14 e:/program x86/atmel/studio/7.0/toolchain/avr32/avr32-gnu-toolchain/bin/../lib/gcc/avr32/4.4.7/../../../../avr32/lib/ucr2\libc.a(lib_a-syscalls.o)
                                 0x18 (size before relaxing)
                0x80005f60                _fstat_host
 .text._fstat   0x80005f74       0x4c e:/program x86/atmel/studio/7.0/toolchain/avr32/avr32-gnu-toolchain/bin/../lib/gcc/avr32/4.4.7/../../../../avr32/lib/ucr2\libc.a(lib_a-syscalls.o)
                                 0x50 (size before relaxing)
                0x80005f74                _fstat
 .text._sbrk    0x80005fc0       0x38 e:/program x86/atmel/studio/7.0/toolchain/avr32/avr32-gnu-toolchain/bin/../lib/gcc/avr32/4.4.7/../../../../avr32/lib/ucr2\libc.a(lib_a-syscalls.o)
                                 0x40 (size before relaxing)
                0x80005fc0                _sbrk
 .text.get_arg  0x80005ff8      0x314 e:/program x86/atmel/studio/7.0/toolchain/avr32/avr32-gnu-toolchain/bin/../lib/gcc/avr32/4.4.7/../../../../avr32/lib/ucr2\libc.a(lib_a-vfprintf.o)
                                0x324 (size before relaxing)
 .text.__sprint_r
                0x8000630c       0x1c e:/program x86/atmel/studio/7.0/toolchain/avr32/avr32-gnu-toolchain/bin/../lib/gcc/avr32/4.4.7/../../../../avr32/lib/ucr2\libc.a(lib_a-vfprintf.o)
                                 0x20 (size before relaxing)
 .text._vfprintf_r
                0x80006328     0x1f14 e:/program x86/atmel/studio/7.0/toolchain/avr32/avr32-gnu-toolchain/bin/../lib/gcc/avr32/4.4.7/../../../../avr32/lib/ucr2\libc.a(lib_a-vfprintf.o)
                               0x1f9c (size before relaxing)
                0x80006328                _vfprintf_r
 .text.__swsetup_r
                0x8000823c       0xdc e:/program x86/atmel/studio/7.0/toolchain/avr32/avr32-gnu-toolchain/bin/../lib/gcc/avr32/4.4.7/../../../../avr32/lib/ucr2\libc.a(lib_a-wsetup.o)
                                 0xe8 (size before relaxing)
                0x8000823c                __swsetup_r
 .text.quorem   0x80008318      0x120 e:/program x86/atmel/studio/7.0/toolchain/avr32/avr32-gnu-toolchain/bin/../lib/gcc/avr32/4.4.7/../../../../avr32/lib/ucr2\libc.a(lib_a-dtoa.o)
                                0x124 (size before relaxing)
 .text._dtoa_r  0x80008438      0xbdc e:/program x86/atmel/studio/7.0/toolchain/avr32/avr32-gnu-toolchain/bin/../lib/gcc/avr32/4.4.7/../../../../avr32/lib/ucr2\libc.a(lib_a-dtoa.o)
                                0xc90 (size before relaxing)
                0x80008438                _dtoa_r
 .text.__errno  0x80009014        0xc e:/program x86/atmel/studio/7.0/toolchain/avr32/avr32-gnu-toolchain/bin/../lib/gcc/avr32/4.4.7/../../../../avr32/lib/ucr2\libc.a(lib_a-errno.o)
                0x80009014                __errno
 .text._fflush_r
                0x80009020      0x10c e:/program x86/atmel/studio/7.0/toolchain/avr32/avr32-gnu-toolchain/bin/../lib/gcc/avr32/4.4.7/../../../../avr32/lib/ucr2\libc.a(lib_a-fflush.o)
                                0x118 (size before relaxing)
                0x80009020                _fflush_r
 .text.__sfp_lock_acquire
                0x8000912c        0x2 e:/program x86/atmel/studio/7.0/toolchain/avr32/avr32-gnu-toolchain/bin/../lib/gcc/avr32/4.4.7/../../../../avr32/lib/ucr2\libc.a(lib_a-findfp.o)
                0x8000912c                __sfp_lock_acquire
 .text.__sfp_lock_release
                0x8000912e        0x2 e:/program x86/atmel/studio/7.0/toolchain/avr32/avr32-gnu-toolchain/bin/../lib/gcc/avr32/4.4.7/../../../../avr32/lib/ucr2\libc.a(lib_a-findfp.o)
                0x8000912e                __sfp_lock_release
 .text._cleanup_r
                0x80009130        0xc e:/program x86/atmel/studio/7.0/toolchain/avr32/avr32-gnu-toolchain/bin/../lib/gcc/avr32/4.4.7/../../../../avr32/lib/ucr2\libc.a(lib_a-findfp.o)
                                 0x14 (size before relaxing)
                0x80009130                _cleanup_r
 .text.__sfmoreglue
                0x8000913c       0x28 e:/program x86/atmel/studio/7.0/toolchain/avr32/avr32-gnu-toolchain/bin/../lib/gcc/avr32/4.4.7/../../../../avr32/lib/ucr2\libc.a(lib_a-findfp.o)
                                 0x30 (size before relaxing)
                0x8000913c                __sfmoreglue
 .text.__sfp    0x80009164       0x6c e:/program x86/atmel/studio/7.0/toolchain/avr32/avr32-gnu-toolchain/bin/../lib/gcc/avr32/4.4.7/../../../../avr32/lib/ucr2\libc.a(lib_a-findfp.o)
                                 0x7c (size before relaxing)
                0x80009164                __sfp
 .text.__sinit  0x800091d0       0x9c e:/program x86/atmel/studio/7.0/toolchain/avr32/avr32-gnu-toolchain/bin/../lib/gcc/avr32/4.4.7/../../../../avr32/lib/ucr2\libc.a(lib_a-findfp.o)
                                 0xb0 (size before relaxing)
                0x800091d0                __sinit
 .text._malloc_trim_r
                0x8000926c       0x98 e:/program x86/atmel/studio/7.0/toolchain/avr32/avr32-gnu-toolchain/bin/../lib/gcc/avr32/4.4.7/../../../../avr32/lib/ucr2\libc.a(lib_a-freer.o)
                                 0xa8 (size before relaxing)
                0x8000926c                _malloc_trim_r
 .text._free_r  0x80009304      0x18c e:/program x86/atmel/studio/7.0/toolchain/avr32/avr32-gnu-toolchain/bin/../lib/gcc/avr32/4.4.7/../../../../avr32/lib/ucr2\libc.a(lib_a-freer.o)
                                0x1a0 (size before relaxing)
                0x80009304                _free_r
 .text.__sfvwrite_r
                0x80009490      0x294 e:/program x86/atmel/studio/7.0/toolchain/avr32/avr32-gnu-toolchain/bin/../lib/gcc/avr32/4.4.7/../../../../avr32/lib/ucr2\libc.a(lib_a-fvwrite.o)
                                0x2c4 (size before relaxing)
                0x80009490                __sfvwrite_r
 .text._fwalk   0x80009724       0x4c e:/program x86/atmel/studio/7.0/toolchain/avr32/avr32-gnu-toolchain/bin/../lib/gcc/avr32/4.4.7/../../../../avr32/lib/ucr2\libc.a(lib_a-fwalk.o)
                                 0x54 (size before relaxing)
                0x80009724                _fwalk
 .text._localeconv_r
                0x80009770        0x8 e:/program x86/atmel/studio/7.0/toolchain/avr32/avr32-gnu-toolchain/bin/../lib/gcc/avr32/4.4.7/../../../../avr32/lib/ucr2\libc.a(lib_a-locale.o)
                0x80009770                _localeconv_r
 .text.__smakebuf_r
                0x80009778       0xbc e:/program x86/atmel/studio/7.0/toolchain/avr32/avr32-gnu-toolchain/bin/../lib/gcc/avr32/4.4.7/../../../../avr32/lib/ucr2\libc.a(lib_a-makebuf.o)
                                 0xcc (size before relaxing)
                0x80009778                __smakebuf_r
 .text.memchr   0x80009834       0x16 e:/program x86/atmel/studio/7.0/toolchain/avr32/avr32-gnu-toolchain/bin/../lib/gcc/avr32/4.4.7/../../../../avr32/lib/ucr2\libc.a(lib_a-memchr.o)
                0x80009834                memchr
 .text.memmove  0x8000984a       0x3e e:/program x86/atmel/studio/7.0/toolchain/avr32/avr32-gnu-toolchain/bin/../lib/gcc/avr32/4.4.7/../../../../avr32/lib/ucr2\libc.a(lib_a-memmove.o)
                0x8000984a                memmove
 .text.__hi0bits
                0x80009888       0x60 e:/program x86/atmel/studio/7.0/toolchain/avr32/avr32-gnu-toolchain/bin/../lib/gcc/avr32/4.4.7/../../../../avr32/lib/ucr2\libc.a(lib_a-mprec.o)
                0x80009888                __hi0bits
 .text.__lo0bits
                0x800098e8       0x8e e:/program x86/atmel/studio/7.0/toolchain/avr32/avr32-gnu-toolchain/bin/../lib/gcc/avr32/4.4.7/../../../../avr32/lib/ucr2\libc.a(lib_a-mprec.o)
                0x800098e8                __lo0bits
 .text.__mcmp   0x80009976       0x32 e:/program x86/atmel/studio/7.0/toolchain/avr32/avr32-gnu-toolchain/bin/../lib/gcc/avr32/4.4.7/../../../../avr32/lib/ucr2\libc.a(lib_a-mprec.o)
                0x80009976                __mcmp
 .text._Bfree   0x800099a8       0x34 e:/program x86/atmel/studio/7.0/toolchain/avr32/avr32-gnu-toolchain/bin/../lib/gcc/avr32/4.4.7/../../../../avr32/lib/ucr2\libc.a(lib_a-mprec.o)
                                 0x38 (size before relaxing)
                0x800099a8                _Bfree
 .text._Balloc  0x800099dc       0x70 e:/program x86/atmel/studio/7.0/toolchain/avr32/avr32-gnu-toolchain/bin/../lib/gcc/avr32/4.4.7/../../../../avr32/lib/ucr2\libc.a(lib_a-mprec.o)
                                 0x78 (size before relaxing)
                0x800099dc                _Balloc
 .text.__d2b    0x80009a4c       0xa0 e:/program x86/atmel/studio/7.0/toolchain/avr32/avr32-gnu-toolchain/bin/../lib/gcc/avr32/4.4.7/../../../../avr32/lib/ucr2\libc.a(lib_a-mprec.o)
                                 0xb4 (size before relaxing)
                0x80009a4c                __d2b
 .text.__mdiff  0x80009aec       0xd0 e:/program x86/atmel/studio/7.0/toolchain/avr32/avr32-gnu-toolchain/bin/../lib/gcc/avr32/4.4.7/../../../../avr32/lib/ucr2\libc.a(lib_a-mprec.o)
                                 0xd8 (size before relaxing)
                0x80009aec                __mdiff
 .text.__lshift
                0x80009bbc       0x88 e:/program x86/atmel/studio/7.0/toolchain/avr32/avr32-gnu-toolchain/bin/../lib/gcc/avr32/4.4.7/../../../../avr32/lib/ucr2\libc.a(lib_a-mprec.o)
                                 0x94 (size before relaxing)
                0x80009bbc                __lshift
 .text.__multiply
                0x80009c44      0x100 e:/program x86/atmel/studio/7.0/toolchain/avr32/avr32-gnu-toolchain/bin/../lib/gcc/avr32/4.4.7/../../../../avr32/lib/ucr2\libc.a(lib_a-mprec.o)
                                0x108 (size before relaxing)
                0x80009c44                __multiply
 .text.__i2b    0x80009d44       0x10 e:/program x86/atmel/studio/7.0/toolchain/avr32/avr32-gnu-toolchain/bin/../lib/gcc/avr32/4.4.7/../../../../avr32/lib/ucr2\libc.a(lib_a-mprec.o)
                                 0x18 (size before relaxing)
                0x80009d44                __i2b
 .text.__multadd
                0x80009d54       0x7c e:/program x86/atmel/studio/7.0/toolchain/avr32/avr32-gnu-toolchain/bin/../lib/gcc/avr32/4.4.7/../../../../avr32/lib/ucr2\libc.a(lib_a-mprec.o)
                                 0x88 (size before relaxing)
                0x80009d54                __multadd
 .text.__pow5mult
                0x80009dd0       0x8c e:/program x86/atmel/studio/7.0/toolchain/avr32/avr32-gnu-toolchain/bin/../lib/gcc/avr32/4.4.7/../../../../avr32/lib/ucr2\libc.a(lib_a-mprec.o)
                                 0xac (size before relaxing)
                0x80009dd0                __pow5mult
 .text.__isinfd
                0x80009e5c       0x2a e:/program x86/atmel/studio/7.0/toolchain/avr32/avr32-gnu-toolchain/bin/../lib/gcc/avr32/4.4.7/../../../../avr32/lib/ucr2\libc.a(lib_a-s_isinfd.o)
                0x80009e5c                __isinfd
 .text.__isnand
                0x80009e86       0x1c e:/program x86/atmel/studio/7.0/toolchain/avr32/avr32-gnu-toolchain/bin/../lib/gcc/avr32/4.4.7/../../../../avr32/lib/ucr2\libc.a(lib_a-s_isnand.o)
                0x80009e86                __isnand
 *fill*         0x80009ea2        0x2 d703d703
 .text.__sclose
                0x80009ea4        0x8 e:/program x86/atmel/studio/7.0/toolchain/avr32/avr32-gnu-toolchain/bin/../lib/gcc/avr32/4.4.7/../../../../avr32/lib/ucr2\libc.a(lib_a-stdio.o)
                                 0x10 (size before relaxing)
                0x80009ea4                __sclose
 .text.__sseek  0x80009eac       0x20 e:/program x86/atmel/studio/7.0/toolchain/avr32/avr32-gnu-toolchain/bin/../lib/gcc/avr32/4.4.7/../../../../avr32/lib/ucr2\libc.a(lib_a-stdio.o)
                                 0x28 (size before relaxing)
                0x80009eac                __sseek
 .text.__swrite
                0x80009ecc       0x2c e:/program x86/atmel/studio/7.0/toolchain/avr32/avr32-gnu-toolchain/bin/../lib/gcc/avr32/4.4.7/../../../../avr32/lib/ucr2\libc.a(lib_a-stdio.o)
                                 0x38 (size before relaxing)
                0x80009ecc                __swrite
 .text.__sread  0x80009ef8       0x1c e:/program x86/atmel/studio/7.0/toolchain/avr32/avr32-gnu-toolchain/bin/../lib/gcc/avr32/4.4.7/../../../../avr32/lib/ucr2\libc.a(lib_a-stdio.o)
                                 0x24 (size before relaxing)
                0x80009ef8                __sread
 .text.strlen   0x80009f14       0x16 e:/program x86/atmel/studio/7.0/toolchain/avr32/avr32-gnu-toolchain/bin/../lib/gcc/avr32/4.4.7/../../../../avr32/lib/ucr2\libc.a(lib_a-strlen.o)
                0x80009f14                strlen
 *fill*         0x80009f2a        0x2 d703d703
 .text._write_r
                0x80009f2c       0x28 e:/program x86/atmel/studio/7.0/toolchain/avr32/avr32-gnu-toolchain/bin/../lib/gcc/avr32/4.4.7/../../../../avr32/lib/ucr2\libc.a(lib_a-writer.o)
                                 0x2c (size before relaxing)
                0x80009f2c                _write_r
 .text._calloc_r
                0x80009f54       0x58 e:/program x86/atmel/studio/7.0/toolchain/avr32/avr32-gnu-toolchain/bin/../lib/gcc/avr32/4.4.7/../../../../avr32/lib/ucr2\libc.a(lib_a-callocr.o)
                                 0x60 (size before relaxing)
                0x80009f54                _calloc_r
 .text._close_r
                0x80009fac       0x20 e:/program x86/atmel/studio/7.0/toolchain/avr32/avr32-gnu-toolchain/bin/../lib/gcc/avr32/4.4.7/../../../../avr32/lib/ucr2\libc.a(lib_a-closer.o)
                                 0x28 (size before relaxing)
                0x80009fac                _close_r
 .text._fclose_r
                0x80009fcc       0xb8 e:/program x86/atmel/studio/7.0/toolchain/avr32/avr32-gnu-toolchain/bin/../lib/gcc/avr32/4.4.7/../../../../avr32/lib/ucr2\libc.a(lib_a-fclose.o)
                                 0xd0 (size before relaxing)
                0x80009fcc                _fclose_r
 .text.fclose   0x8000a084       0x10 e:/program x86/atmel/studio/7.0/toolchain/avr32/avr32-gnu-toolchain/bin/../lib/gcc/avr32/4.4.7/../../../../avr32/lib/ucr2\libc.a(lib_a-fclose.o)
                                 0x18 (size before relaxing)
                0x8000a084                fclose
 .text._fstat_r
                0x8000a094       0x24 e:/program x86/atmel/studio/7.0/toolchain/avr32/avr32-gnu-toolchain/bin/../lib/gcc/avr32/4.4.7/../../../../avr32/lib/ucr2\libc.a(lib_a-fstatr.o)
                                 0x2c (size before relaxing)
                0x8000a094                _fstat_r
 .text._lseek_r
                0x8000a0b8       0x28 e:/program x86/atmel/studio/7.0/toolchain/avr32/avr32-gnu-toolchain/bin/../lib/gcc/avr32/4.4.7/../../../../avr32/lib/ucr2\libc.a(lib_a-lseekr.o)
                                 0x2c (size before relaxing)
                0x8000a0b8                _lseek_r
 .text._read_r  0x8000a0e0       0x28 e:/program x86/atmel/studio/7.0/toolchain/avr32/avr32-gnu-toolchain/bin/../lib/gcc/avr32/4.4.7/../../../../avr32/lib/ucr2\libc.a(lib_a-readr.o)
                                 0x2c (size before relaxing)
                0x8000a0e0                _read_r
 .text          0x8000a108      0x1d4 e:/program x86/atmel/studio/7.0/toolchain/avr32/avr32-gnu-toolchain/bin/../lib/gcc/avr32/4.4.7/ucr2\libgcc.a(_avr32_f64_mul.o)
                0x8000a108                __avr32_f64_mul
 .text          0x8000a2dc      0x2b0 e:/program x86/atmel/studio/7.0/toolchain/avr32/avr32-gnu-toolchain/bin/../lib/gcc/avr32/4.4.7/ucr2\libgcc.a(_avr32_f64_addsub.o)
                0x8000a2e0                __avr32_f64_sub
                0x8000a47c                __avr32_f64_add
 .text          0x8000a58c       0x2a e:/program x86/atmel/studio/7.0/toolchain/avr32/avr32-gnu-toolchain/bin/../lib/gcc/avr32/4.4.7/ucr2\libgcc.a(_avr32_f64_to_s32.o)
                0x8000a58c                __avr32_f64_to_u32
                0x8000a590                __avr32_f64_to_s32
 .text          0x8000a5b6       0xe8 e:/program x86/atmel/studio/7.0/toolchain/avr32/avr32-gnu-toolchain/bin/../lib/gcc/avr32/4.4.7/ucr2\libgcc.a(_avr32_s32_to_f64.o)
                0x8000a5b6                __avr32_u32_to_f64
                0x8000a5be                __avr32_s32_to_f64
 .text          0x8000a69e       0x26 e:/program x86/atmel/studio/7.0/toolchain/avr32/avr32-gnu-toolchain/bin/../lib/gcc/avr32/4.4.7/ucr2\libgcc.a(_avr32_f64_cmp_eq.o)
                0x8000a69e                __avr32_f64_cmp_eq
 .text          0x8000a6c4       0x68 e:/program x86/atmel/studio/7.0/toolchain/avr32/avr32-gnu-toolchain/bin/../lib/gcc/avr32/4.4.7/ucr2\libgcc.a(_avr32_f64_cmp_ge.o)
                0x8000a6c4                __avr32_f64_cmp_ge
 .text          0x8000a72c       0x68 e:/program x86/atmel/studio/7.0/toolchain/avr32/avr32-gnu-toolchain/bin/../lib/gcc/avr32/4.4.7/ucr2\libgcc.a(_avr32_f64_cmp_lt.o)
                0x8000a72c                __avr32_f64_cmp_lt
 .text          0x8000a794      0x318 e:/program x86/atmel/studio/7.0/toolchain/avr32/avr32-gnu-toolchain/bin/../lib/gcc/avr32/4.4.7/ucr2\libgcc.a(_avr32_f64_div.o)
                0x8000a794                __avr32_f64_div
 .text          0x8000aaac      0x264 e:/program x86/atmel/studio/7.0/toolchain/avr32/avr32-gnu-toolchain/bin/../lib/gcc/avr32/4.4.7/ucr2\libgcc.a(_udivdi3.o)
                0x8000aaac                __avr32_udiv64
                0x8000aaac                __udivdi3
 .text          0x8000ad10      0x20c e:/program x86/atmel/studio/7.0/toolchain/avr32/avr32-gnu-toolchain/bin/../lib/gcc/avr32/4.4.7/ucr2\libgcc.a(_umoddi3.o)
                0x8000ad10                __avr32_umod64
                0x8000ad10                __umoddi3
 *(.text.*personality*)
 *(.gnu.warning)

.exception      0x8000b000      0x200
 .exception     0x8000b000      0x200 src/ASF/thirdparty/freertos/freertos-7.0.0/source/portable/gcc/avr32_uc3/exception.o
                0x8000b000                _evba
                0x8000b104                _int0
                0x8000b112                _int1
                0x8000b120                _int2
                0x8000b12e                _int3
                0x8000b13c                ipr_val

.fini
 *(.fini)
                0x8000b200                PROVIDE (__etext, .)
                0x8000b200                PROVIDE (_etext, .)
                0x8000b200                PROVIDE (etext, .)

.rodata         0x8000b200     0x11b0
 *(.rodata .rodata.* .gnu.linkonce.r.*)
 .rodata.str1.4
                0x8000b200      0x6cc src/Application/app/app.o
 .rodata.str1.4
                0x8000b8cc       0x1d src/Application/myrtc/xgrtc.o
                                 0x20 (size before relaxing)
 *fill*         0x8000b8e9        0x3 
 .rodata.CSWTCH.36
                0x8000b8ec       0x48 src/Application/radio/ambe.o
 .rodata.str1.4
                0x8000b934        0xb src/Application/radio/payload.o
                                  0xc (size before relaxing)
 *fill*         0x8000b93f        0x1 
 .rodata.str1.4
                0x8000b940       0x48 src/Application/radio/physical.o
 .rodata.str1.4
                0x8000b988        0x8 src/Application/radio/xcmp.o
 .rodata.str1.4
                0x8000b990        0x7 src/Application/radio/xnl.o
                                 0x10 (size before relaxing)
 *fill*         0x8000b997        0x1 
 .rodata.RC522_SPI_GPIO_MAP.10477
                0x8000b998       0x20 src/Application/RFID/MFRC522/rc522.o
 .rodata.CSWTCH.75
                0x8000b9b8        0x4 src/Application/RFID/MFRC522/rc522.o
 .rodata.CSWTCH.76
                0x8000b9bc        0x4 src/Application/RFID/MFRC522/rc522.o
 .rodata.C.52.10479
                0x8000b9c0       0x10 src/Application/RFID/MFRC522/rc522.o
 .rodata.str1.4
                0x8000b9d0       0x85 src/Application/RFID/RFID.o
                                 0x88 (size before relaxing)
 *fill*         0x8000ba55        0x3 
 .rodata.TC_GPIO_MAP.10364
                0x8000ba58       0x18 src/Application/timers/timer.o
 .rodata.C.35.9834
                0x8000ba70       0x10 src/ASF/avr32/drivers/flashc/flashc.o
 .rodata._int_handler_table
                0x8000ba80       0x98 src/ASF/avr32/drivers/intc/intc.o
 .rodata.str1.4
                0x8000bb18        0x5 src/ASF/thirdparty/freertos/freertos-7.0.0/source/tasks.o
                                  0x8 (size before relaxing)
 *fill*         0x8000bb1d        0x3 
 .rodata.log    0x8000bb20      0x150 src/Log/log.o
 .rodata.logFromISR
                0x8000bc70      0x150 src/Log/log.o
 .rodata.USART_OPTIONS.11278
                0x8000bdc0        0xc src/Log/log.o
 .rodata.str1.4
                0x8000bdcc       0x3c src/Log/log.o
 .rodata.USART_GPIO_MAP.11277
                0x8000be08       0x10 src/Log/log.o
 .rodata.str1.4
                0x8000be18       0x14 src/main.o
 .rodata.get_arg
                0x8000be2c       0x3c e:/program x86/atmel/studio/7.0/toolchain/avr32/avr32-gnu-toolchain/bin/../lib/gcc/avr32/4.4.7/../../../../avr32/lib/ucr2\libc.a(lib_a-vfprintf.o)
 .rodata._vfprintf_r
                0x8000be68      0x164 e:/program x86/atmel/studio/7.0/toolchain/avr32/avr32-gnu-toolchain/bin/../lib/gcc/avr32/4.4.7/../../../../avr32/lib/ucr2\libc.a(lib_a-vfprintf.o)
 .rodata.state_table
                0x8000bfcc       0x6c e:/program x86/atmel/studio/7.0/toolchain/avr32/avr32-gnu-toolchain/bin/../lib/gcc/avr32/4.4.7/../../../../avr32/lib/ucr2\libc.a(lib_a-vfprintf.o)
 .rodata.action_table
                0x8000c038       0x6c e:/program x86/atmel/studio/7.0/toolchain/avr32/avr32-gnu-toolchain/bin/../lib/gcc/avr32/4.4.7/../../../../avr32/lib/ucr2\libc.a(lib_a-vfprintf.o)
 .rodata.str1.4
                0x8000c0a4       0x3a e:/program x86/atmel/studio/7.0/toolchain/avr32/avr32-gnu-toolchain/bin/../lib/gcc/avr32/4.4.7/../../../../avr32/lib/ucr2\libc.a(lib_a-vfprintf.o)
                                 0x3c (size before relaxing)
 *fill*         0x8000c0de        0x2 
 .rodata.blanks.3430
                0x8000c0e0       0x10 e:/program x86/atmel/studio/7.0/toolchain/avr32/avr32-gnu-toolchain/bin/../lib/gcc/avr32/4.4.7/../../../../avr32/lib/ucr2\libc.a(lib_a-vfprintf.o)
 .rodata.zeroes.3431
                0x8000c0f0       0x10 e:/program x86/atmel/studio/7.0/toolchain/avr32/avr32-gnu-toolchain/bin/../lib/gcc/avr32/4.4.7/../../../../avr32/lib/ucr2\libc.a(lib_a-vfprintf.o)
 .rodata.chclass
                0x8000c100      0x100 e:/program x86/atmel/studio/7.0/toolchain/avr32/avr32-gnu-toolchain/bin/../lib/gcc/avr32/4.4.7/../../../../avr32/lib/ucr2\libc.a(lib_a-vfprintf.o)
 .rodata.str1.4
                0x8000c200       0x10 e:/program x86/atmel/studio/7.0/toolchain/avr32/avr32-gnu-toolchain/bin/../lib/gcc/avr32/4.4.7/../../../../avr32/lib/ucr2\libc.a(lib_a-dtoa.o)
                                 0x14 (size before relaxing)
 .rodata.__sf_fake_stdin
                0x8000c210       0x20 e:/program x86/atmel/studio/7.0/toolchain/avr32/avr32-gnu-toolchain/bin/../lib/gcc/avr32/4.4.7/../../../../avr32/lib/ucr2\libc.a(lib_a-findfp.o)
                0x8000c210                __sf_fake_stdin
 .rodata.__sf_fake_stdout
                0x8000c230       0x20 e:/program x86/atmel/studio/7.0/toolchain/avr32/avr32-gnu-toolchain/bin/../lib/gcc/avr32/4.4.7/../../../../avr32/lib/ucr2\libc.a(lib_a-findfp.o)
                0x8000c230                __sf_fake_stdout
 .rodata.__sf_fake_stderr
                0x8000c250       0x20 e:/program x86/atmel/studio/7.0/toolchain/avr32/avr32-gnu-toolchain/bin/../lib/gcc/avr32/4.4.7/../../../../avr32/lib/ucr2\libc.a(lib_a-findfp.o)
                0x8000c250                __sf_fake_stderr
 .rodata.str1.4
                0x8000c270        0x2 e:/program x86/atmel/studio/7.0/toolchain/avr32/avr32-gnu-toolchain/bin/../lib/gcc/avr32/4.4.7/../../../../avr32/lib/ucr2\libc.a(lib_a-impure.o)
                                  0x4 (size before relaxing)
 *fill*         0x8000c272        0x2 
 .rodata._global_impure_ptr
                0x8000c274        0x4 e:/program x86/atmel/studio/7.0/toolchain/avr32/avr32-gnu-toolchain/bin/../lib/gcc/avr32/4.4.7/../../../../avr32/lib/ucr2\libc.a(lib_a-impure.o)
                0x8000c274                _global_impure_ptr
 .rodata.lconv  0x8000c278       0x30 e:/program x86/atmel/studio/7.0/toolchain/avr32/avr32-gnu-toolchain/bin/../lib/gcc/avr32/4.4.7/../../../../avr32/lib/ucr2\libc.a(lib_a-locale.o)
 .rodata.str1.4
                0x8000c2a8        0xc e:/program x86/atmel/studio/7.0/toolchain/avr32/avr32-gnu-toolchain/bin/../lib/gcc/avr32/4.4.7/../../../../avr32/lib/ucr2\libc.a(lib_a-locale.o)
                                 0x18 (size before relaxing)
 .rodata.p05.2471
                0x8000c2b4        0xc e:/program x86/atmel/studio/7.0/toolchain/avr32/avr32-gnu-toolchain/bin/../lib/gcc/avr32/4.4.7/../../../../avr32/lib/ucr2\libc.a(lib_a-mprec.o)
 .rodata.__mprec_tens
                0x8000c2c0       0xc8 e:/program x86/atmel/studio/7.0/toolchain/avr32/avr32-gnu-toolchain/bin/../lib/gcc/avr32/4.4.7/../../../../avr32/lib/ucr2\libc.a(lib_a-mprec.o)
                0x8000c2c0                __mprec_tens
 .rodata.__mprec_bigtens
                0x8000c388       0x28 e:/program x86/atmel/studio/7.0/toolchain/avr32/avr32-gnu-toolchain/bin/../lib/gcc/avr32/4.4.7/../../../../avr32/lib/ucr2\libc.a(lib_a-mprec.o)
                0x8000c388                __mprec_bigtens

.rodata1
 *(.rodata1)

.eh_frame_hdr
 *(.eh_frame_hdr)

.eh_frame
 *(.eh_frame)

.gcc_except_table
 *(.gcc_except_table)
 *(.gcc_except_table.*)

.dalign         0x8000c3b0        0x0
                0x8000c3b0                . = ALIGN (0x8)
                0x8000c3b0                PROVIDE (_data_lma, .)
                0x00000004                PROVIDE (_data, ORIGIN (CPUSRAM))
                0x00000004                . = ORIGIN (CPUSRAM)

.eh_frame
 *(.eh_frame)

.gcc_except_table
 *(.gcc_except_table)
 *(.gcc_except_table.*)

.tdata
 *(.tdata .tdata.* .gnu.linkonce.td.*)

.tbss
 *(.tbss .tbss.* .gnu.linkonce.tb.*)
 *(.tcommon)
                0x00000004                PROVIDE (__preinit_array_start, ALIGN (0x4))

.preinit_array
 *(.preinit_array)
                0x00000004                PROVIDE (__preinit_array_end, .)
                0x00000004                PROVIDE (__init_array_start, .)

.init_array
 *(.init_array)
                0x00000004                PROVIDE (__init_array_end, .)
                0x00000004                PROVIDE (__fini_array_start, .)

.fini_array
 *(.fini_array)
                0x00000004                PROVIDE (__fini_array_end, .)

.ctors
 *crtbegin*.o(.ctors)
 *(EXCLUDE_FILE(*crtend*.o) .ctors)
 *(SORT(.ctors.*))
 *(.ctors)

.dtors
 *crtbegin*.o(.dtors)
 *(EXCLUDE_FILE(*crtend*.o) .dtors)
 *(SORT(.dtors.*))
 *(.dtors)

.jcr
 *(.jcr)

.data.rel.ro
 *(.data.rel.ro.local)
 *(.data.rel.ro*)

.dynamic
 *(.dynamic)

.got
 *(.got.plt)
 *(.got)

.data           0x00000004      0xa40 load address 0x8000c3b0
 *(.data .data.* .gnu.linkonce.d.*)
 .data.the_app_list
                0x00000004      0x4ec src/Application/app/app.o
 .data.print_sec
                0x000004f0        0x4 src/Application/myrtc/xgrtc.o
 .data.xnl_proc_list
                0x000004f4       0x34 src/Application/radio/xnl.o
 .data.unsure_data
                0x00000528        0x8 src/Application/RFID/RFID.o
                0x00000528                unsure_data
 .data.start_session.11220
                0x00000530        0x1 src/Application/RFID/RFID.o
 *fill*         0x00000531        0x3 
 .data.flashc_wait_until_ready
                0x00000534        0x4 src/ASF/avr32/drivers/flashc/flashc.o
                0x00000534                flashc_wait_until_ready
 .data.ulCriticalNesting
                0x00000538        0x4 src/ASF/thirdparty/freertos/freertos-7.0.0/source/portable/gcc/avr32_uc3/port.o
                0x00000538                ulCriticalNesting
 .data.xNextTaskUnblockTime
                0x0000053c        0x4 src/ASF/thirdparty/freertos/freertos-7.0.0/source/tasks.o
 .data.__malloc_av_
                0x00000540      0x408 e:/program x86/atmel/studio/7.0/toolchain/avr32/avr32-gnu-toolchain/bin/../lib/gcc/avr32/4.4.7/../../../../avr32/lib/ucr2\libc.a(lib_a-mallocr.o)
                0x00000540                __malloc_av_
 .data.__malloc_trim_threshold
                0x00000948        0x4 e:/program x86/atmel/studio/7.0/toolchain/avr32/avr32-gnu-toolchain/bin/../lib/gcc/avr32/4.4.7/../../../../avr32/lib/ucr2\libc.a(lib_a-mallocr.o)
                0x00000948                __malloc_trim_threshold
 .data.__malloc_sbrk_base
                0x0000094c        0x4 e:/program x86/atmel/studio/7.0/toolchain/avr32/avr32-gnu-toolchain/bin/../lib/gcc/avr32/4.4.7/../../../../avr32/lib/ucr2\libc.a(lib_a-mallocr.o)
                0x0000094c                __malloc_sbrk_base
 .data.impure_data
                0x00000950       0xf0 e:/program x86/atmel/studio/7.0/toolchain/avr32/avr32-gnu-toolchain/bin/../lib/gcc/avr32/4.4.7/../../../../avr32/lib/ucr2\libc.a(lib_a-impure.o)
 .data._impure_ptr
                0x00000a40        0x4 e:/program x86/atmel/studio/7.0/toolchain/avr32/avr32-gnu-toolchain/bin/../lib/gcc/avr32/4.4.7/../../../../avr32/lib/ucr2\libc.a(lib_a-impure.o)
                0x00000a40                _impure_ptr
 *(.gnu.linkonce.d.*personality*)

.data1
 *(.data1)

.balign         0x00000a44        0x4 load address 0x8000cdf0
                0x00000a48                . = ALIGN (0x8)
 *fill*         0x00000a44        0x4 
                0x00000a48                _edata = .
                0x00000a48                _edata = .
                0x00000a48                PROVIDE (edata, .)
                0x00000a48                __bss_start = .

.bss            0x00000a48     0x4708 load address 0x8000cdf0
 *(.dynbss)
 *(.bss .bss.* .gnu.linkonce.b.*)
 .bss.Speaker_is_unmute
                0x00000a48        0x1 src/Application/app/app.o
                0x00000a48                Speaker_is_unmute
 .bss.AMBE_rx_flag
                0x00000a49        0x1 src/Application/app/app.o
                0x00000a49                AMBE_rx_flag
 *fill*         0x00000a4a        0x2 
 .bss.xLastWakeTime.12004
                0x00000a4c        0x4 src/Application/app/app.o
 .bss.VF_SN     0x00000a50        0x1 src/Application/app/app.o
                0x00000a50                VF_SN
 *fill*         0x00000a51        0x3 
 .bss.res.11993
                0x00000a54        0x4 src/Application/app/app.o
 .bss.AMBE_tx_flag
                0x00000a58        0x1 src/Application/app/app.o
                0x00000a58                AMBE_tx_flag
 .bss.Radio_Transmit_State
                0x00000a59        0x1 src/Application/app/app.o
                0x00000a59                Radio_Transmit_State
 .bss.Call_Begin
                0x00000a5a        0x1 src/Application/app/app.o
                0x00000a5a                Call_Begin
 .bss.AMBE_Media
                0x00000a5b        0x1 src/Application/app/app.o
                0x00000a5b                AMBE_Media
 .bss.connect_flag
                0x00000a5c        0x1 src/Application/app/app.o
 .bss.Mic_is_Enabled
                0x00000a5d        0x1 src/Application/app/app.o
                0x00000a5d                Mic_is_Enabled
 .bss.times_counter.12036
                0x00000a5e        0x1 src/Application/app/app.o
 .bss.Terminator_Flag
                0x00000a5f        0x1 src/Application/app/app.o
                0x00000a5f                Terminator_Flag
 .bss.ulIdleCycleCount
                0x00000a60        0x4 src/Application/app/app.o
                0x00000a60                ulIdleCycleCount
 .bss.payload_rx_exec
                0x00000a64        0x4 src/Application/radio/payload.o
                0x00000a64                payload_rx_exec
 .bss.payload_tx_exec
                0x00000a68        0x4 src/Application/radio/payload.o
                0x00000a68                payload_tx_exec
 .bss.ArrayDiscLength.10968
                0x00000a6c        0x4 src/Application/radio/physical.o
 .bss.phy_tx_index.10647
                0x00000a70        0x1 src/Application/radio/physical.o
 *fill*         0x00000a71        0x3 
 .bss.Item_Length.10973
                0x00000a74        0x4 src/Application/radio/physical.o
 .bss.phy_rx_length.10690
                0x00000a78        0x2 src/Application/radio/physical.o
 *fill*         0x00000a7a        0x2 
 .bss.AMBE_HT   0x00000a7c        0x8 src/Application/radio/physical.o
 .bss.RxBytesWaiting.10967
                0x00000a84        0x4 src/Application/radio/physical.o
 .bss.phy_rx_expexted_length.10689
                0x00000a88        0x2 src/Application/radio/physical.o
 *fill*         0x00000a8a        0x2 
 .bss.phy_tx_state.10645
                0x00000a8c        0x4 src/Application/radio/physical.o
 .bss.Item_ID.10972
                0x00000a90        0x1 src/Application/radio/physical.o
 *fill*         0x00000a91        0x3 
 .bss.AMBE_payload_ptr.10970
                0x00000a94        0x4 src/Application/radio/physical.o
 .bss.phy_payload_frame_rx
                0x00000a98        0x4 src/Application/radio/physical.o
                0x00000a98                phy_payload_frame_rx
 .bss.xnl_store_idle
                0x00000a9c        0x4 src/Application/radio/physical.o
                0x00000a9c                xnl_store_idle
 .bss.RxMedia_IsFillingNext16.10964
                0x00000aa0        0x4 src/Application/radio/physical.o
 .bss.payload_store_idle
                0x00000aa4        0x4 src/Application/radio/physical.o
                0x00000aa4                payload_store_idle
 .bss.phy_rx_state.10692
                0x00000aa8        0x4 src/Application/radio/physical.o
 .bss.phy_check_sum.10691
                0x00000aac        0x2 src/Application/radio/physical.o
 *fill*         0x00000aae        0x2 
 .bss.phy_xnl_frame_rx
                0x00000ab0        0x4 src/Application/radio/physical.o
                0x00000ab0                phy_xnl_frame_rx
 .bss.phy_tx_expexted_length.10646
                0x00000ab4        0x2 src/Application/radio/physical.o
 *fill*         0x00000ab6        0x2 
 .bss.RxData_IsFillingNext16.10966
                0x00000ab8        0x4 src/Application/radio/physical.o
 .bss.m_RxBurstType
                0x00000abc        0x4 src/Application/radio/physical.o
 .bss.payload_ptr.10969
                0x00000ac0        0x4 src/Application/radio/physical.o
 .bss.phy_payload_frame_tx
                0x00000ac4        0x4 src/Application/radio/physical.o
                0x00000ac4                phy_payload_frame_tx
 .bss.SDV_Index.10975
                0x00000ac8        0x1 src/Application/radio/physical.o
 *fill*         0x00000ac9        0x3 
 .bss.phy_rx_count.10693
                0x00000acc        0x4 src/Application/radio/physical.o
 .bss.phy_frame_ptr.10688
                0x00000ad0        0x4 src/Application/radio/physical.o
 .bss.phy_xnl_frame_tx
                0x00000ad4        0x4 src/Application/radio/physical.o
                0x00000ad4                phy_xnl_frame_tx
 .bss.RxAMBE_IsFillingNext8.10965
                0x00000ad8        0x4 src/Application/radio/physical.o
 .bss.is_first.10971
                0x00000adc        0x1 src/Application/radio/physical.o
 *fill*         0x00000add        0x3 
 .bss.phy_ptr.10644
                0x00000ae0        0x4 src/Application/radio/physical.o
 .bss.RxMediaState.10963
                0x00000ae4        0x4 src/Application/radio/physical.o
 .bss.phy_rx_exec
                0x00000ae8        0x4 src/Application/radio/ssc.o
                0x00000ae8                phy_rx_exec
 .bss.phy_tx_exec
                0x00000aec        0x4 src/Application/radio/ssc.o
                0x00000aec                phy_tx_exec
 .bss.version_information
                0x00000af0        0xc src/Application/radio/xcmp.o
                0x00000af0                version_information
 .bss.clone_read
                0x00000afc        0xc src/Application/radio/xcmp.o
                0x00000afc                clone_read
 .bss.xcmp_frame_rx
                0x00000b08        0x4 src/Application/radio/xcmp.o
 .bss.clone_write
                0x00000b0c        0xc src/Application/radio/xcmp.o
                0x00000b0c                clone_write
 .bss.automatic_frequency_correction_control
                0x00000b18        0xc src/Application/radio/xcmp.o
                0x00000b18                automatic_frequency_correction_control
 .bss.language_pack_information
                0x00000b24        0xc src/Application/radio/xcmp.o
                0x00000b24                language_pack_information
 .bss.radio_status
                0x00000b30        0xc src/Application/radio/xcmp.o
                0x00000b30                radio_status
 .bss.xnl_timeout_semphr
                0x00000b3c        0x4 src/Application/radio/xnl.o
 .bss.flags.10672
                0x00000b40        0x1 src/Application/radio/xnl.o
 *fill*         0x00000b41        0x1 
 .bss.xnl_information
                0x00000b42        0xa src/Application/radio/xnl.o
 .bss.xnl_tx_state.10716
                0x00000b4c        0x4 src/Application/radio/xnl.o
 .bss.xnl_frame_tx
                0x00000b50        0x4 src/Application/radio/xnl.o
 .bss.xnl_send_times.10717
                0x00000b54        0x4 src/Application/radio/xnl.o
 .bss.ptr.10718
                0x00000b58        0x4 src/Application/radio/xnl.o
 .bss.xcmp_exec
                0x00000b5c        0x4 src/Application/radio/xnl.o
                0x00000b5c                xcmp_exec
 .bss.rc522_init_failure
                0x00000b60        0x1 src/Application/RFID/MFRC522/rc522.o
                0x00000b60                rc522_init_failure
 *fill*         0x00000b61        0x3 
 .bss.current_region_number.10885
                0x00000b64        0x4 src/Application/xgflash/xgflash.o
 .bss.page_count.10882
                0x00000b68        0x4 src/Application/xgflash/xgflash.o
 .bss.falsh_size.10881
                0x00000b6c        0x4 src/Application/xgflash/xgflash.o
 .bss.current_page_number.10884
                0x00000b70        0x4 src/Application/xgflash/xgflash.o
 .bss.page_count_per_region.10883
                0x00000b74        0x4 src/Application/xgflash/xgflash.o
 .bss.current_region_first_page_number.10886
                0x00000b78        0x4 src/Application/xgflash/xgflash.o
 .bss.flashc_error_status
                0x00000b7c        0x4 src/ASF/avr32/drivers/flashc/flashc.o
 .bss._int_line_handler_table_6
                0x00000b80        0x4 src/ASF/avr32/drivers/intc/intc.o
 .bss._int_line_handler_table_7
                0x00000b84        0x4 src/ASF/avr32/drivers/intc/intc.o
 .bss._int_line_handler_table_8
                0x00000b88        0x4 src/ASF/avr32/drivers/intc/intc.o
 .bss._int_line_handler_table_9
                0x00000b8c        0x4 src/ASF/avr32/drivers/intc/intc.o
 .bss._int_line_handler_table_10
                0x00000b90        0x4 src/ASF/avr32/drivers/intc/intc.o
 .bss._int_line_handler_table_11
                0x00000b94        0x4 src/ASF/avr32/drivers/intc/intc.o
 .bss._int_line_handler_table_12
                0x00000b98        0x4 src/ASF/avr32/drivers/intc/intc.o
 .bss._int_line_handler_table_13
                0x00000b9c        0x4 src/ASF/avr32/drivers/intc/intc.o
 .bss._int_line_handler_table_14
                0x00000ba0        0xc src/ASF/avr32/drivers/intc/intc.o
 .bss._int_line_handler_table_15
                0x00000bac        0x4 src/ASF/avr32/drivers/intc/intc.o
 .bss._int_line_handler_table_16
                0x00000bb0        0x4 src/ASF/avr32/drivers/intc/intc.o
 .bss._int_line_handler_table_17
                0x00000bb4        0x4 src/ASF/avr32/drivers/intc/intc.o
 .bss._int_line_handler_table_18
                0x00000bb8        0x4 src/ASF/avr32/drivers/intc/intc.o
 .bss._int_line_handler_table_0
                0x00000bbc        0x4 src/ASF/avr32/drivers/intc/intc.o
 .bss._int_line_handler_table_1
                0x00000bc0       0x2c src/ASF/avr32/drivers/intc/intc.o
 .bss._int_line_handler_table_2
                0x00000bec       0x18 src/ASF/avr32/drivers/intc/intc.o
 .bss._int_line_handler_table_3
                0x00000c04       0x1c src/ASF/avr32/drivers/intc/intc.o
 .bss._int_line_handler_table_4
                0x00000c20        0x4 src/ASF/avr32/drivers/intc/intc.o
 .bss._int_line_handler_table_5
                0x00000c24        0x4 src/ASF/avr32/drivers/intc/intc.o
 .bss.uxMissedTicks
                0x00000c28        0x4 src/ASF/thirdparty/freertos/freertos-7.0.0/source/tasks.o
 .bss.uxTopUsedPriority
                0x00000c2c        0x4 src/ASF/thirdparty/freertos/freertos-7.0.0/source/tasks.o
 .bss.pxDelayedTaskList
                0x00000c30        0x4 src/ASF/thirdparty/freertos/freertos-7.0.0/source/tasks.o
 .bss.xSchedulerRunning
                0x00000c34        0x4 src/ASF/thirdparty/freertos/freertos-7.0.0/source/tasks.o
 .bss.uxTasksDeleted
                0x00000c38        0x4 src/ASF/thirdparty/freertos/freertos-7.0.0/source/tasks.o
 .bss.xNumOfOverflows
                0x00000c3c        0x4 src/ASF/thirdparty/freertos/freertos-7.0.0/source/tasks.o
 .bss.pxOverflowDelayedTaskList
                0x00000c40        0x4 src/ASF/thirdparty/freertos/freertos-7.0.0/source/tasks.o
 .bss.pxReadyTasksLists
                0x00000c44       0xa0 src/ASF/thirdparty/freertos/freertos-7.0.0/source/tasks.o
 .bss.xTasksWaitingTermination
                0x00000ce4       0x14 src/ASF/thirdparty/freertos/freertos-7.0.0/source/tasks.o
 .bss.pxCurrentTCB
                0x00000cf8        0x4 src/ASF/thirdparty/freertos/freertos-7.0.0/source/tasks.o
                0x00000cf8                pxCurrentTCB
 .bss.xPendingReadyList
                0x00000cfc       0x14 src/ASF/thirdparty/freertos/freertos-7.0.0/source/tasks.o
 .bss.xDelayedTaskList1
                0x00000d10       0x14 src/ASF/thirdparty/freertos/freertos-7.0.0/source/tasks.o
 .bss.xTickCount
                0x00000d24        0x4 src/ASF/thirdparty/freertos/freertos-7.0.0/source/tasks.o
 .bss.uxSchedulerSuspended
                0x00000d28        0x4 src/ASF/thirdparty/freertos/freertos-7.0.0/source/tasks.o
 .bss.xDelayedTaskList2
                0x00000d2c       0x14 src/ASF/thirdparty/freertos/freertos-7.0.0/source/tasks.o
 .bss.uxTaskNumber
                0x00000d40        0x4 src/ASF/thirdparty/freertos/freertos-7.0.0/source/tasks.o
 .bss.uxCurrentNumberOfTasks
                0x00000d44        0x4 src/ASF/thirdparty/freertos/freertos-7.0.0/source/tasks.o
 .bss.xMissedYield
                0x00000d48        0x4 src/ASF/thirdparty/freertos/freertos-7.0.0/source/tasks.o
 .bss.xSuspendedTaskList
                0x00000d4c       0x14 src/ASF/thirdparty/freertos/freertos-7.0.0/source/tasks.o
 .bss.uxTopReadyPriority
                0x00000d60        0x4 src/ASF/thirdparty/freertos/freertos-7.0.0/source/tasks.o
 .bss.lench.11294
                0x00000d64        0x1 src/Log/log.o
 .bss.lench.11364
                0x00000d65        0x1 src/Log/log.o
 *fill*         0x00000d66        0x2 
 .bss.__malloc_max_total_mem
                0x00000d68        0x4 e:/program x86/atmel/studio/7.0/toolchain/avr32/avr32-gnu-toolchain/bin/../lib/gcc/avr32/4.4.7/../../../../avr32/lib/ucr2\libc.a(lib_a-mallocr.o)
                0x00000d68                __malloc_max_total_mem
 .bss.__malloc_max_sbrked_mem
                0x00000d6c        0x4 e:/program x86/atmel/studio/7.0/toolchain/avr32/avr32-gnu-toolchain/bin/../lib/gcc/avr32/4.4.7/../../../../avr32/lib/ucr2\libc.a(lib_a-mallocr.o)
                0x00000d6c                __malloc_max_sbrked_mem
 .bss.__malloc_top_pad
                0x00000d70        0x4 e:/program x86/atmel/studio/7.0/toolchain/avr32/avr32-gnu-toolchain/bin/../lib/gcc/avr32/4.4.7/../../../../avr32/lib/ucr2\libc.a(lib_a-mallocr.o)
                0x00000d70                __malloc_top_pad
 .bss.__malloc_current_mallinfo
                0x00000d74       0x28 e:/program x86/atmel/studio/7.0/toolchain/avr32/avr32-gnu-toolchain/bin/../lib/gcc/avr32/4.4.7/../../../../avr32/lib/ucr2\libc.a(lib_a-mallocr.o)
                0x00000d74                __malloc_current_mallinfo
 .bss.cur_heap_pos.1869
                0x00000d9c        0x4 e:/program x86/atmel/studio/7.0/toolchain/avr32/avr32-gnu-toolchain/bin/../lib/gcc/avr32/4.4.7/../../../../avr32/lib/ucr2\libc.a(lib_a-syscalls.o)
 *(COMMON)
 COMMON         0x00000da0        0xa src/Application/app/app.o
                0x00000da0                bunchofrandomstatusflags
                0x00000da4                Current_time
 *fill*         0x00000daa        0x2 
 COMMON         0x00000dac     0x1004 src/Application/flash/data_flash.o
                0x00000dac                FLASH_BUF
                0x00001dac                spi
 COMMON         0x00001db0      0x122 src/Application/radio/ambe.o
                0x00001db0                AMBEBurst_rawdata
                0x00001db8                Radio_Internal_Data
                0x00001dbc                AMBE_DecryptionKey
                0x00001dc4                SendAMBEBurst_EncryptionPackage
                0x00001eb4                VBSP_data
                0x00001eb8                Soft_Decision_Data
 COMMON         0x00001ed2     0x3200 src/Application/radio/physical.o
                0x00001ed2                payload_store
                0x000032d2                xnl_store
 *fill*         0x000050d2        0x2 
 COMMON         0x000050d4       0x4c src/Application/radio/ssc.o
                0x000050d4                intDuration
                0x000050d8                BufferIndex
                0x000050dc                intStartCount
                0x000050e0                RxBuffer
                0x00005100                TxBuffer
 COMMON         0x00005120        0x4 src/Application/radio/xcmp.o
                0x00005120                app_list
 COMMON         0x00005124       0x18 src/Application/RFID/RFID.o
                0x00005124                RFID
                0x00005134                CT
                0x00005138                SN
 COMMON         0x0000513c        0x4 src/ASF/avr32/drivers/spi/spi.o
                0x0000513c                xSPIMutex
 COMMON         0x00005140        0x4 src/ASF/thirdparty/freertos/freertos-7.0.0/source/portable/gcc/avr32_uc3/write.o
                0x00005140                stdio_usart_base
 COMMON         0x00005144        0x4 src/Log/log.o
                0x00005144                logQueue
 COMMON         0x00005148        0x4 e:/program x86/atmel/studio/7.0/toolchain/avr32/avr32-gnu-toolchain/bin/../lib/gcc/avr32/4.4.7/../../../../avr32/lib/ucr2\libc.a(lib_a-reent.o)
                0x00005148                errno
                0x00005150                . = ALIGN (0x8)
 *fill*         0x0000514c        0x4 
                0x00005150                . = ALIGN (0x8)
                0x00005150                _end = .
                0x00005150                PROVIDE (end, .)
                0x00005150                __heap_start__ = ALIGN (0x8)
                0x00017000                . = ((ORIGIN (CPUSRAM) + 0x17ffc) - _stack_size)
                0x00017000                __heap_end__ = .

.stab
 *(.stab)

.stabstr
 *(.stabstr)

.stab.excl
 *(.stab.excl)

.stab.exclstr
 *(.stab.exclstr)

.stab.index
 *(.stab.index)

.stab.indexstr
 *(.stab.indexstr)

.comment        0x00000000       0x30
 *(.comment)
 .comment       0x00000000       0x30 src/Application/app/app.o
                                 0x31 (size before relaxing)
 .comment       0x00000000       0x31 src/Application/flash/data_flash.o
 .comment       0x00000000       0x31 src/Application/myrtc/xgrtc.o
 .comment       0x00000000       0x31 src/Application/radio/ambe.o
 .comment       0x00000000       0x31 src/Application/radio/payload.o
 .comment       0x00000000       0x31 src/Application/radio/physical.o
 .comment       0x00000000       0x31 src/Application/radio/ssc.o
 .comment       0x00000000       0x31 src/Application/radio/xcmp.o
 .comment       0x00000000       0x31 src/Application/radio/xnl.o
 .comment       0x00000000       0x31 src/Application/RFID/MFRC522/rc522.o
 .comment       0x00000000       0x31 src/Application/RFID/RFID.o
 .comment       0x00000000       0x31 src/Application/timers/timer.o
 .comment       0x00000000       0x31 src/Application/xgflash/xgflash.o
 .comment       0x00000000       0x31 src/ASF/avr32/drivers/flashc/flashc.o
 .comment       0x00000000       0x31 src/ASF/avr32/drivers/gpio/gpio.o
 .comment       0x00000000       0x31 src/ASF/avr32/drivers/intc/intc.o
 .comment       0x00000000       0x31 src/ASF/avr32/drivers/pm/pm.o
 .comment       0x00000000       0x31 src/ASF/avr32/drivers/rtc/rtc.o
 .comment       0x00000000       0x31 src/ASF/avr32/drivers/spi/spi.o
 .comment       0x00000000       0x31 src/ASF/avr32/drivers/usart/usart.o
 .comment       0x00000000       0x31 src/ASF/thirdparty/freertos/freertos-7.0.0/source/list.o
 .comment       0x00000000       0x31 src/ASF/thirdparty/freertos/freertos-7.0.0/source/portable/gcc/avr32_uc3/port.o
 .comment       0x00000000       0x31 src/ASF/thirdparty/freertos/freertos-7.0.0/source/portable/gcc/avr32_uc3/read.o
 .comment       0x00000000       0x31 src/ASF/thirdparty/freertos/freertos-7.0.0/source/portable/gcc/avr32_uc3/write.o
 .comment       0x00000000       0x31 src/ASF/thirdparty/freertos/freertos-7.0.0/source/portable/memmang/heap_3.o
 .comment       0x00000000       0x31 src/ASF/thirdparty/freertos/freertos-7.0.0/source/queue.o
 .comment       0x00000000       0x31 src/ASF/thirdparty/freertos/freertos-7.0.0/source/tasks.o
 .comment       0x00000000       0x31 src/Log/log.o
 .comment       0x00000000       0x31 src/main.o
 .comment       0x00000000       0x31 e:/program x86/atmel/studio/7.0/toolchain/avr32/avr32-gnu-toolchain/bin/../lib/gcc/avr32/4.4.7/../../../../avr32/lib/ucr2\libc.a(lib_a-malloc.o)
 .comment       0x00000000       0x31 e:/program x86/atmel/studio/7.0/toolchain/avr32/avr32-gnu-toolchain/bin/../lib/gcc/avr32/4.4.7/../../../../avr32/lib/ucr2\libc.a(lib_a-mallocr.o)
 .comment       0x00000000       0x31 e:/program x86/atmel/studio/7.0/toolchain/avr32/avr32-gnu-toolchain/bin/../lib/gcc/avr32/4.4.7/../../../../avr32/lib/ucr2\libc.a(lib_a-memset.o)
 .comment       0x00000000       0x31 e:/program x86/atmel/studio/7.0/toolchain/avr32/avr32-gnu-toolchain/bin/../lib/gcc/avr32/4.4.7/../../../../avr32/lib/ucr2\libc.a(lib_a-reallocr.o)
 .comment       0x00000000       0x31 e:/program x86/atmel/studio/7.0/toolchain/avr32/avr32-gnu-toolchain/bin/../lib/gcc/avr32/4.4.7/../../../../avr32/lib/ucr2\libc.a(lib_a-sbrkr.o)
 .comment       0x00000000       0x31 e:/program x86/atmel/studio/7.0/toolchain/avr32/avr32-gnu-toolchain/bin/../lib/gcc/avr32/4.4.7/../../../../avr32/lib/ucr2\libc.a(lib_a-sprintf.o)
 .comment       0x00000000       0x31 e:/program x86/atmel/studio/7.0/toolchain/avr32/avr32-gnu-toolchain/bin/../lib/gcc/avr32/4.4.7/../../../../avr32/lib/ucr2\libc.a(lib_a-syscalls.o)
 .comment       0x00000000       0x31 e:/program x86/atmel/studio/7.0/toolchain/avr32/avr32-gnu-toolchain/bin/../lib/gcc/avr32/4.4.7/../../../../avr32/lib/ucr2\libc.a(lib_a-vfprintf.o)
 .comment       0x00000000       0x31 e:/program x86/atmel/studio/7.0/toolchain/avr32/avr32-gnu-toolchain/bin/../lib/gcc/avr32/4.4.7/../../../../avr32/lib/ucr2\libc.a(lib_a-wsetup.o)
 .comment       0x00000000       0x31 e:/program x86/atmel/studio/7.0/toolchain/avr32/avr32-gnu-toolchain/bin/../lib/gcc/avr32/4.4.7/../../../../avr32/lib/ucr2\libc.a(lib_a-dtoa.o)
 .comment       0x00000000       0x31 e:/program x86/atmel/studio/7.0/toolchain/avr32/avr32-gnu-toolchain/bin/../lib/gcc/avr32/4.4.7/../../../../avr32/lib/ucr2\libc.a(lib_a-errno.o)
 .comment       0x00000000       0x31 e:/program x86/atmel/studio/7.0/toolchain/avr32/avr32-gnu-toolchain/bin/../lib/gcc/avr32/4.4.7/../../../../avr32/lib/ucr2\libc.a(lib_a-fflush.o)
 .comment       0x00000000       0x31 e:/program x86/atmel/studio/7.0/toolchain/avr32/avr32-gnu-toolchain/bin/../lib/gcc/avr32/4.4.7/../../../../avr32/lib/ucr2\libc.a(lib_a-findfp.o)
 .comment       0x00000000       0x31 e:/program x86/atmel/studio/7.0/toolchain/avr32/avr32-gnu-toolchain/bin/../lib/gcc/avr32/4.4.7/../../../../avr32/lib/ucr2\libc.a(lib_a-freer.o)
 .comment       0x00000000       0x31 e:/program x86/atmel/studio/7.0/toolchain/avr32/avr32-gnu-toolchain/bin/../lib/gcc/avr32/4.4.7/../../../../avr32/lib/ucr2\libc.a(lib_a-fvwrite.o)
 .comment       0x00000000       0x31 e:/program x86/atmel/studio/7.0/toolchain/avr32/avr32-gnu-toolchain/bin/../lib/gcc/avr32/4.4.7/../../../../avr32/lib/ucr2\libc.a(lib_a-fwalk.o)
 .comment       0x00000000       0x31 e:/program x86/atmel/studio/7.0/toolchain/avr32/avr32-gnu-toolchain/bin/../lib/gcc/avr32/4.4.7/../../../../avr32/lib/ucr2\libc.a(lib_a-impure.o)
 .comment       0x00000000       0x31 e:/program x86/atmel/studio/7.0/toolchain/avr32/avr32-gnu-toolchain/bin/../lib/gcc/avr32/4.4.7/../../../../avr32/lib/ucr2\libc.a(lib_a-locale.o)
 .comment       0x00000000       0x31 e:/program x86/atmel/studio/7.0/toolchain/avr32/avr32-gnu-toolchain/bin/../lib/gcc/avr32/4.4.7/../../../../avr32/lib/ucr2\libc.a(lib_a-makebuf.o)
 .comment       0x00000000       0x31 e:/program x86/atmel/studio/7.0/toolchain/avr32/avr32-gnu-toolchain/bin/../lib/gcc/avr32/4.4.7/../../../../avr32/lib/ucr2\libc.a(lib_a-memchr.o)
 .comment       0x00000000       0x31 e:/program x86/atmel/studio/7.0/toolchain/avr32/avr32-gnu-toolchain/bin/../lib/gcc/avr32/4.4.7/../../../../avr32/lib/ucr2\libc.a(lib_a-memmove.o)