Archive member included because of file (symbol)

e:/program x86/atmel/studio/7.0/toolchain/avr32/avr32-gnu-toolchain/bin/../lib/gcc/avr32/4.4.7/../../../../avr32/lib/ucr2\libc.a(lib_a-malloc.o)
                              src/ASF/thirdparty/freertos/freertos-7.0.0/source/portable/memmang/heap_3.o (free)
e:/program x86/atmel/studio/7.0/toolchain/avr32/avr32-gnu-toolchain/bin/../lib/gcc/avr32/4.4.7/../../../../avr32/lib/ucr2\libc.a(lib_a-mallocr.o)
                              e:/program x86/atmel/studio/7.0/toolchain/avr32/avr32-gnu-toolchain/bin/../lib/gcc/avr32/4.4.7/../../../../avr32/lib/ucr2\libc.a(lib_a-malloc.o) (_malloc_r)
e:/program x86/atmel/studio/7.0/toolchain/avr32/avr32-gnu-toolchain/bin/../lib/gcc/avr32/4.4.7/../../../../avr32/lib/ucr2\libc.a(lib_a-memcmp.o)
                              src/Application/voice/voice.o (memcmp)
e:/program x86/atmel/studio/7.0/toolchain/avr32/avr32-gnu-toolchain/bin/../lib/gcc/avr32/4.4.7/../../../../avr32/lib/ucr2\libc.a(lib_a-memcpy.o)
                              src/Application/app/app.o (memcpy)
e:/program x86/atmel/studio/7.0/toolchain/avr32/avr32-gnu-toolchain/bin/../lib/gcc/avr32/4.4.7/../../../../avr32/lib/ucr2\libc.a(lib_a-memset.o)
                              src/Application/app/app.o (memset)
e:/program x86/atmel/studio/7.0/toolchain/avr32/avr32-gnu-toolchain/bin/../lib/gcc/avr32/4.4.7/../../../../avr32/lib/ucr2\libc.a(lib_a-realloc.o)
                              src/ASF/thirdparty/freertos/freertos-7.0.0/source/portable/gcc/avr32_uc3/port.o (realloc)
e:/program x86/atmel/studio/7.0/toolchain/avr32/avr32-gnu-toolchain/bin/../lib/gcc/avr32/4.4.7/../../../../avr32/lib/ucr2\libc.a(lib_a-reallocr.o)
                              e:/program x86/atmel/studio/7.0/toolchain/avr32/avr32-gnu-toolchain/bin/../lib/gcc/avr32/4.4.7/../../../../avr32/lib/ucr2\libc.a(lib_a-realloc.o) (_realloc_r)
e:/program x86/atmel/studio/7.0/toolchain/avr32/avr32-gnu-toolchain/bin/../lib/gcc/avr32/4.4.7/../../../../avr32/lib/ucr2\libc.a(lib_a-sbrkr.o)
                              e:/program x86/atmel/studio/7.0/toolchain/avr32/avr32-gnu-toolchain/bin/../lib/gcc/avr32/4.4.7/../../../../avr32/lib/ucr2\libc.a(lib_a-mallocr.o) (_sbrk_r)
e:/program x86/atmel/studio/7.0/toolchain/avr32/avr32-gnu-toolchain/bin/../lib/gcc/avr32/4.4.7/../../../../avr32/lib/ucr2\libc.a(lib_a-sprintf.o)
                              src/Log/log.o (sprintf)
e:/program x86/atmel/studio/7.0/toolchain/avr32/avr32-gnu-toolchain/bin/../lib/gcc/avr32/4.4.7/../../../../avr32/lib/ucr2\libc.a(lib_a-strncpy.o)
                              src/ASF/thirdparty/freertos/freertos-7.0.0/source/tasks.o (strncpy)
e:/program x86/atmel/studio/7.0/toolchain/avr32/avr32-gnu-toolchain/bin/../lib/gcc/avr32/4.4.7/../../../../avr32/lib/ucr2\libc.a(lib_a-syscalls.o)
                              e:/program x86/atmel/studio/7.0/toolchain/avr32/avr32-gnu-toolchain/bin/../lib/gcc/avr32/4.4.7/../../../../avr32/lib/ucr2\libc.a(lib_a-sbrkr.o) (_sbrk)
e:/program x86/atmel/studio/7.0/toolchain/avr32/avr32-gnu-toolchain/bin/../lib/gcc/avr32/4.4.7/../../../../avr32/lib/ucr2\libc.a(lib_a-vfprintf.o)
                              e:/program x86/atmel/studio/7.0/toolchain/avr32/avr32-gnu-toolchain/bin/../lib/gcc/avr32/4.4.7/../../../../avr32/lib/ucr2\libc.a(lib_a-sprintf.o) (_vfprintf_r)
e:/program x86/atmel/studio/7.0/toolchain/avr32/avr32-gnu-toolchain/bin/../lib/gcc/avr32/4.4.7/../../../../avr32/lib/ucr2\libc.a(lib_a-wsetup.o)
                              e:/program x86/atmel/studio/7.0/toolchain/avr32/avr32-gnu-toolchain/bin/../lib/gcc/avr32/4.4.7/../../../../avr32/lib/ucr2\libc.a(lib_a-vfprintf.o) (__swsetup_r)
e:/program x86/atmel/studio/7.0/toolchain/avr32/avr32-gnu-toolchain/bin/../lib/gcc/avr32/4.4.7/../../../../avr32/lib/ucr2\libc.a(lib_a-dtoa.o)
                              e:/program x86/atmel/studio/7.0/toolchain/avr32/avr32-gnu-toolchain/bin/../lib/gcc/avr32/4.4.7/../../../../avr32/lib/ucr2\libc.a(lib_a-vfprintf.o) (_dtoa_r)
e:/program x86/atmel/studio/7.0/toolchain/avr32/avr32-gnu-toolchain/bin/../lib/gcc/avr32/4.4.7/../../../../avr32/lib/ucr2\libc.a(lib_a-errno.o)
                              e:/program x86/atmel/studio/7.0/toolchain/avr32/avr32-gnu-toolchain/bin/../lib/gcc/avr32/4.4.7/../../../../avr32/lib/ucr2\libc.a(lib_a-syscalls.o) (__errno)
e:/program x86/atmel/studio/7.0/toolchain/avr32/avr32-gnu-toolchain/bin/../lib/gcc/avr32/4.4.7/../../../../avr32/lib/ucr2\libc.a(lib_a-fflush.o)
                              e:/program x86/atmel/studio/7.0/toolchain/avr32/avr32-gnu-toolchain/bin/../lib/gcc/avr32/4.4.7/../../../../avr32/lib/ucr2\libc.a(lib_a-vfprintf.o) (_fflush_r)
e:/program x86/atmel/studio/7.0/toolchain/avr32/avr32-gnu-toolchain/bin/../lib/gcc/avr32/4.4.7/../../../../avr32/lib/ucr2\libc.a(lib_a-findfp.o)
                              e:/program x86/atmel/studio/7.0/toolchain/avr32/avr32-gnu-toolchain/bin/../lib/gcc/avr32/4.4.7/../../../../avr32/lib/ucr2\libc.a(lib_a-vfprintf.o) (__sinit)
[...]
Memory Configuration

Name             Origin             Length             Attributes
FLASH            0x80000000         0x00080000         axrl !w
CPUSRAM          0x00000004         0x00017ffc         axw !rl
USERPAGE         0x80800000         0x00000200
FACTORYPAGE      0x80800200         0x00000200
*default*        0x00000000         0xffffffff

Linker script and memory map

                0x00001000                _stack_size = 0x1000
LOAD src/Application/app/app.o
LOAD src/Application/flash/data_flash.o
LOAD src/Application/myrtc/xgrtc.o
LOAD src/Application/radio/ambe.o
LOAD src/Application/radio/AMBE_audio.o
LOAD src/Application/radio/AMBE_audio_2.o
LOAD src/Application/radio/audio.o
LOAD src/Application/radio/payload.o
LOAD src/Application/radio/physical.o
LOAD src/Application/radio/ssc.o
LOAD src/Application/radio/xcmp.o
LOAD src/Application/radio/xnl.o
LOAD src/Application/RFID/MFRC522/rc522.o
LOAD src/Application/RFID/RFID.o
LOAD src/Application/timers/timer.o
LOAD src/Application/voice/voice.o
LOAD src/Application/xgflash/xgflash.o
LOAD src/ASF/avr32/drivers/flashc/flashc.o
LOAD src/ASF/avr32/drivers/gpio/gpio.o
LOAD src/ASF/avr32/drivers/intc/intc.o
LOAD src/ASF/avr32/drivers/pm/pm.o
LOAD src/ASF/avr32/drivers/pm/pm_conf_clocks.o
LOAD src/ASF/avr32/drivers/pm/power_clocks_lib.o
LOAD src/ASF/avr32/drivers/rtc/rtc.o
LOAD src/ASF/avr32/drivers/spi/spi.o
LOAD src/ASF/avr32/drivers/tc/tc.o
LOAD src/ASF/avr32/drivers/twi/twi.o
LOAD src/ASF/avr32/drivers/usart/usart.o
LOAD src/ASF/avr32/utils/startup/startup_uc3.o
LOAD src/ASF/avr32/utils/startup/trampoline_uc3.o
LOAD src/ASF/common/boards/user_board/init.o
LOAD src/ASF/common/services/clock/uc3b0_b1/sysclk.o
LOAD src/ASF/common/services/spi/uc3_spi/spi_master.o
LOAD src/ASF/common/services/spi/uc3_usart_spi/usart_spi.o
LOAD src/ASF/thirdparty/freertos/freertos-7.0.0/source/croutine.o
LOAD src/ASF/thirdparty/freertos/freertos-7.0.0/source/list.o
LOAD src/ASF/thirdparty/freertos/freertos-7.0.0/source/portable/gcc/avr32_uc3/exception.o
LOAD src/ASF/thirdparty/freertos/freertos-7.0.0/source/portable/gcc/avr32_uc3/port.o
LOAD src/ASF/thirdparty/freertos/freertos-7.0.0/source/portable/gcc/avr32_uc3/read.o
LOAD src/ASF/thirdparty/freertos/freertos-7.0.0/source/portable/gcc/avr32_uc3/write.o
LOAD src/ASF/thirdparty/freertos/freertos-7.0.0/source/portable/memmang/heap_3.o
LOAD src/ASF/thirdparty/freertos/freertos-7.0.0/source/queue.o
LOAD src/ASF/thirdparty/freertos/freertos-7.0.0/source/tasks.o
LOAD src/Log/log.o
LOAD src/main.o
START GROUP
LOAD e:/program x86/atmel/studio/7.0/toolchain/avr32/avr32-gnu-toolchain/bin/../lib/gcc/avr32/4.4.7/../../../../avr32/lib/ucr2\libm.a
END GROUP
LOAD e:/program x86/atmel/studio/7.0/toolchain/avr32/avr32-gnu-toolchain/bin/../lib/gcc/avr32/4.4.7/ucr2\libgcc.a
LOAD e:/program x86/atmel/studio/7.0/toolchain/avr32/avr32-gnu-toolchain/bin/../lib/gcc/avr32/4.4.7/../../../../avr32/lib/ucr2\libc.a
LOAD e:/program x86/atmel/studio/7.0/toolchain/avr32/avr32-gnu-toolchain/bin/../lib/gcc/avr32/4.4.7/ucr2\libgcc.a
                0x80000000                PROVIDE (__executable_start, 0x80000000)
                0x80000000                . = 0x80000000

.interp
 *(.interp)

.reset          0x80000000     0x2004
 *(.reset)
 .reset         0x80000000     0x2004 src/ASF/avr32/utils/startup/trampoline_uc3.o
                               0x2008 (size before relaxing)
                0x80000000                _trampoline

.hash
 *(.hash)

.dynsym
 *(.dynsym)

.dynstr
 *(.dynstr)

.gnu.version
 *(.gnu.version)

.gnu.version_d
 *(.gnu.version_d)

.gnu.version_r
 *(.gnu.version_r)

.rel.init
 *(.rel.init)

.rela.init
 *(.rela.init)

.rel.text
 *(.rel.text .rel.text.* .rel.gnu.linkonce.t.*)

.rela.text
 *(.rela.text .rela.text.* .rela.gnu.linkonce.t.*)

.rel.fini
 *(.rel.fini)

.rela.fini
 *(.rela.fini)

.rel.rodata
 *(.rel.rodata .rel.rodata.* .rel.gnu.linkonce.r.*)

.rela.rodata
 *(.rela.rodata .rela.rodata.* .rela.gnu.linkonce.r.*)

.rel.data.rel.ro
 *(.rel.data.rel.ro*)

.rela.data.rel.ro
 *(.rel.data.rel.ro*)

.rel.data
 *(.rel.data .rel.data.* .rel.gnu.linkonce.d.*)

.rela.data
 *(.rela.data .rela.data.* .rela.gnu.linkonce.d.*)

.rel.tdata
 *(.rel.tdata .rel.tdata.* .rel.gnu.linkonce.td.*)

.rela.tdata
 *(.rela.tdata .rela.tdata.* .rela.gnu.linkonce.td.*)

.rel.tbss
 *(.rel.tbss .rel.tbss.* .rel.gnu.linkonce.tb.*)

.rela.tbss
 *(.rela.tbss .rela.tbss.* .rela.gnu.linkonce.tb.*)

.rel.ctors
 *(.rel.ctors)

.rela.ctors
 *(.rela.ctors)

.rel.dtors
 *(.rel.dtors)

.rela.dtors
 *(.rela.dtors)

.rel.got
 *(.rel.got)

.rela.got       0x80002004        0x0
 *(.rela.got)
 .rela.got      0x80002004        0x0 src/Application/app/app.o

.rel.bss
 *(.rel.bss .rel.bss.* .rel.gnu.linkonce.b.*)

.rela.bss
 *(.rela.bss .rela.bss.* .rela.gnu.linkonce.b.*)

.rel.plt
 *(.rel.plt)

.rela.plt
 *(.rela.plt)

.init
 *(.init)

.plt
 *(.plt)

.text           0x80002004     0xa734
 *(.text .stub .text.* .gnu.linkonce.t.*)
 .text.DeviceManagement_brdcst_func
                0x80002004       0x40 src/Application/app/app.o
                0x80002004                DeviceManagement_brdcst_func
 .text.Volume_brdcst_func
                0x80002044        0x2 src/Application/app/app.o
                0x80002044                Volume_brdcst_func
 .text.AudioRoutingControl_brdcst_func
                0x80002046        0x2 src/Application/app/app.o
                0x80002046                AudioRoutingControl_brdcst_func
 .text.vApplicationIdleHook
                0x80002048       0x10 src/Application/app/app.o
                0x80002048                vApplicationIdleHook
 .text.app_payload_tx_proc
                0x80002058       0x14 src/Application/app/app.o
 .text.app_payload_rx_proc
                0x8000206c       0x34 src/Application/app/app.o
 .text.FD_brdcst_func
                0x800020a0       0x14 src/Application/app/app.o
                0x800020a0                FD_brdcst_func
 .text.FD_reply_func
                0x800020b4       0x14 src/Application/app/app.o
                0x800020b4                FD_reply_func
 .text.FD_request_func
                0x800020c8       0x14 src/Application/app/app.o
                0x800020c8                FD_request_func
 .text.EnOB_brdcst_func
                0x800020dc       0x14 src/Application/app/app.o
                0x800020dc                EnOB_brdcst_func
 .text.EnOB_reply_func
                0x800020f0       0x70 src/Application/app/app.o
                0x800020f0                EnOB_reply_func
 .text.SingleDetection_brdcst_func
                0x80002160       0x4c src/Application/app/app.o
                0x80002160                SingleDetection_brdcst_func
 .text.ButtonConfig_brdcst_func
                0x800021ac       0xdc src/Application/app/app.o
                0x800021ac                ButtonConfig_brdcst_func
 .text.ButtonConfig_reply_func
                0x80002288       0x44 src/Application/app/app.o
                0x80002288                ButtonConfig_reply_func
 .text.BatteryLevel_brdcst_func
                0x800022cc       0x30 src/Application/app/app.o
                0x800022cc                BatteryLevel_brdcst_func
 .text.ShutDown_brdcst_func
                0x800022fc       0x30 src/Application/app/app.o
                0x800022fc                ShutDown_brdcst_func
 .text.DataSession_reply_func
                0x8000232c       0x5c src/Application/app/app.o
                0x8000232c                DataSession_reply_func
 .text.CallControl_brdcst_func
                0x80002388       0x44 src/Application/app/app.o
                0x80002388                CallControl_brdcst_func
 .text.TransmitControl_brdcst_func
                0x800023cc       0x48 src/Application/app/app.o
                0x800023cc                TransmitControl_brdcst_func
 .text.TransmitControl_reply_func
                0x80002414       0x60 src/Application/app/app.o
                0x80002414                TransmitControl_reply_func
 .text.AudioRoutingControl_reply_func
                0x80002474       0x28 src/Application/app/app.o
                0x80002474                AudioRoutingControl_reply_func
 .text.Volume_reply_func
                0x8000249c       0x64 src/Application/app/app.o
                0x8000249c                Volume_reply_func
 .text.spk_brdcst_func
                0x80002500       0x38 src/Application/app/app.o
                0x80002500                spk_brdcst_func
 .text.spk_reply_func
                0x80002538       0x48 src/Application/app/app.o
                0x80002538                spk_reply_func
 .text.mic_brdcst_func
                0x80002580       0x58 src/Application/app/app.o
                0x80002580                mic_brdcst_func
 .text.mic_reply_func
                0x800025d8       0x94 src/Application/app/app.o
                0x800025d8                mic_reply_func
 .text.dcm_brdcst_func
                0x8000266c       0x48 src/Application/app/app.o
                0x8000266c                dcm_brdcst_func
 .text.dcm_reply_func
                0x800026b4       0x68 src/Application/app/app.o
                0x800026b4                dcm_reply_func
 .text.ToneControl_reply_func
                0x8000271c       0x28 src/Application/app/app.o
                0x8000271c                ToneControl_reply_func
 .text.app_init
                0x80002744       0x78 src/Application/app/app.o
                0x80002744                app_init
 .text.app_cfg  0x800027bc      0x140 src/Application/app/app.o
 .text.DataSession_brdcst_func
                0x800028fc       0xa4 src/Application/app/app.o
                0x800028fc                DataSession_brdcst_func
 .text.Phyuserinput_brdcst_func
                0x800029a0       0x58 src/Application/app/app.o
                0x800029a0                Phyuserinput_brdcst_func
 .text.DeviceInitializationStatus_brdcst_func
                0x800029f8       0x50 src/Application/app/app.o
                0x800029f8                DeviceInitializationStatus_brdcst_func
 .text.CalculateBurst
                0x80002a48       0x1c src/Application/radio/ambe.o
                0x80002a48                CalculateBurst
 .text.payload_init
                0x80002a64       0x14 src/Application/radio/payload.o
                0x80002a64                payload_init
 .text.set_idle_store_isr
                0x80002a78       0x1c src/Application/radio/physical.o
                0x80002a78                set_idle_store_isr
 .text.payload_rx
                0x80002a94       0x18 src/Application/radio/physical.o
 .text.phy_rx   0x80002aac       0x38 src/Application/radio/physical.o
                0x80002aac                phy_rx
 .text.set_idle_store
                0x80002ae4       0x20 src/Application/radio/physical.o
                0x80002ae4                set_idle_store
 .text.phy_tx   0x80002b04       0x5c src/Application/radio/physical.o
                0x80002b04                phy_tx
 .text.get_idle_store_isr
                0x80002b60       0x28 src/Application/radio/physical.o
                0x80002b60                get_idle_store_isr
 .text.phy_tx_func
                0x80002b88      0x108 src/Application/radio/physical.o
 .text.get_idle_store
                0x80002c90       0x28 src/Application/radio/physical.o
                0x80002c90                get_idle_store
 .text.phy_init
                0x80002cb8       0x20 src/Application/radio/physical.o
                0x80002cb8                phy_init
 .text.phy_rx_func
                0x80002cd8      0xf24 src/Application/radio/physical.o
 .text.pdca_int_handler
                0x80003bfc       0x80 src/Application/radio/ssc.o
 .text.local_start_SSC
                0x80003c7c       0x44 src/Application/radio/ssc.o
                0x80003c7c                local_start_SSC
 .text.local_start_PDC
                0x80003cc0       0x6c src/Application/radio/ssc.o
                0x80003cc0                local_start_PDC
 .text.register_rx_tx_func
                0x80003d2c       0x14 src/Application/radio/ssc.o
                0x80003d2c                register_rx_tx_func
 .text.ssc_init
                0x80003d40       0x74 src/Application/radio/ssc.o
                0x80003d40                ssc_init
 .text.xcmp_register_app_list
                0x80003db4        0xc src/Application/radio/xcmp.o
                0x80003db4                xcmp_register_app_list
 .text.xcmp_tx  0x80003dc0       0x48 src/Application/radio/xcmp.o
 .text.xcmp_data_session_req
                0x80003e08       0x90 src/Application/radio/xcmp.o
                0x80003e08                xcmp_data_session_req
 .text.xcmp_DeviceInitializationStatus_request
                0x80003e98       0x48 src/Application/radio/xcmp.o
                0x80003e98                xcmp_DeviceInitializationStatus_request
 .text.xcmp_opcode_not_supported
                0x80003ee0       0x24 src/Application/radio/xcmp.o
                0x80003ee0                xcmp_opcode_not_supported
 .text.xcmp_exec_func
                0x80003f04       0x48 src/Application/radio/xcmp.o
 .text.xcmp_IdleTestTone
                0x80003f4c       0x60 src/Application/radio/xcmp.o
                0x80003f4c                xcmp_IdleTestTone
 .text.xcmp_init
                0x80003fac       0x54 src/Application/radio/xcmp.o
                0x80003fac                xcmp_init
 .text.xcmp_rx_process
                0x80004000       0xfc src/Application/radio/xcmp.o
 .text.xcmp_rx  0x800040fc       0x4c src/Application/radio/xcmp.o
 .text.xnl_register_xcmp_func
                0x80004148        0xc src/Application/radio/xnl.o
                0x80004148                xnl_register_xcmp_func
 .text.xnl_get_msg_ack_func
                0x80004154       0x2c src/Application/radio/xnl.o
                0x80004154                xnl_get_msg_ack_func
 .text.xnl_init
                0x80004180      0x12c src/Application/radio/xnl.o
                0x80004180                xnl_init
 .text.xnl_rx_process
                0x800042ac       0x60 src/Application/radio/xnl.o
 .text.xnl_tx_process
                0x8000430c       0xcc src/Application/radio/xnl.o
 .text.xnl_tx   0x800043d8       0xe4 src/Application/radio/xnl.o
                0x800043d8                xnl_tx
 .text.xnl_data_msg_func
                0x800044bc       0x60 src/Application/radio/xnl.o
                0x800044bc                xnl_data_msg_func
 .text.xnl_device_auth_reply_func
                0x8000451c      0x120 src/Application/radio/xnl.o
                0x8000451c                xnl_device_auth_reply_func
 .text.xnl_master_status_brdcst_func
                0x8000463c       0x60 src/Application/radio/xnl.o
                0x8000463c                xnl_master_status_brdcst_func
 .text.xnl_device_conn_reply_func
                0x8000469c       0x5c src/Application/radio/xnl.o
                0x8000469c                xnl_device_conn_reply_func
 .text.xnl_send_device_master_query
                0x800046f8       0x30 src/Application/radio/xnl.o
                0x800046f8                xnl_send_device_master_query
 .text.RC522_ReadByte
                0x80004728       0x2c src/Application/RFID/MFRC522/rc522.o
                0x80004728                RC522_ReadByte
 .text.RC522_WriteByte
                0x80004754       0x30 src/Application/RFID/MFRC522/rc522.o
                0x80004754                RC522_WriteByte
 .text.WriteRawRC
                0x80004784       0x40 src/Application/RFID/MFRC522/rc522.o
                0x80004784                WriteRawRC
 .text.PcdReset
                0x800047c4       0x80 src/Application/RFID/MFRC522/rc522.o
                0x800047c4                PcdReset
 .text.ReadRawRC
                0x80004844       0x48 src/Application/RFID/MFRC522/rc522.o
                0x80004844                ReadRawRC
 .text.Wait_Wakeup_RC522
                0x8000488c       0x10 src/Application/RFID/MFRC522/rc522.o
                0x8000488c                Wait_Wakeup_RC522
 .text.Powerdown_RC522
                0x8000489c       0x4c src/Application/RFID/MFRC522/rc522.o
                0x8000489c                Powerdown_RC522
 .text.SetBitMask
                0x800048e8       0x24 src/Application/RFID/MFRC522/rc522.o
                0x800048e8                SetBitMask
 .text.ClearBitMask
                0x8000490c       0x28 src/Application/RFID/MFRC522/rc522.o
                0x8000490c                ClearBitMask
 .text.PcdComMF522
                0x80004934      0x178 src/Application/RFID/MFRC522/rc522.o
                0x80004934                PcdComMF522
 .text.PcdAnticoll
                0x80004aac       0x84 src/Application/RFID/MFRC522/rc522.o
                0x80004aac                PcdAnticoll
 .text.PcdRequest
                0x80004b30       0x64 src/Application/RFID/MFRC522/rc522.o
                0x80004b30                PcdRequest
 .text.CalulateCRC
                0x80004b94       0x8c src/Application/RFID/MFRC522/rc522.o
                0x80004b94                CalulateCRC
 .text.PcdSelect
                0x80004c20       0x74 src/Application/RFID/MFRC522/rc522.o
                0x80004c20                PcdSelect
 .text.rfid_auto_reader
                0x80004c94      0x114 src/Application/RFID/RFID.o
                0x80004c94                rfid_auto_reader
 .text.scan_patrol
                0x80004da8       0x50 src/Application/RFID/RFID.o
                0x80004da8                scan_patrol
 .text.rfid_sendID_message
                0x80004df8      0x158 src/Application/RFID/RFID.o
                0x80004df8                rfid_sendID_message
 .text.delay_ns
                0x80004f50       0x16 src/Application/timers/timer.o
                0x80004f50                delay_ns
 *fill*         0x80004f66        0x2 d703d703
 .text.local_start_timer
                0x80004f68       0x2c src/Application/timers/timer.o
                0x80004f68                local_start_timer
 .text.local_start_pll0
                0x80004f94       0x94 src/Application/timers/timer.o
                0x80004f94                local_start_pll0
 .text.xg_flashc_init
                0x80005028       0x90 src/Application/xgflash/xgflash.o
                0x80005028                xg_flashc_init
 .text.flashc_set_wait_state
                0x800050b8        0xe src/ASF/avr32/drivers/flashc/flashc.o
                0x800050b8                flashc_set_wait_state
 .text.gpio_enable_module_pin
                0x800050c6       0x52 src/ASF/avr32/drivers/gpio/gpio.o
                0x800050c6                gpio_enable_module_pin
 .text.gpio_enable_module
                0x80005118       0x30 src/ASF/avr32/drivers/gpio/gpio.o
                0x80005118                gpio_enable_module
 .text.gpio_set_gpio_pin
                0x80005148       0x1c src/ASF/avr32/drivers/gpio/gpio.o
                0x80005148                gpio_set_gpio_pin
 .text.gpio_clr_gpio_pin
                0x80005164       0x1c src/ASF/avr32/drivers/gpio/gpio.o
                0x80005164                gpio_clr_gpio_pin
 .text._unhandled_interrupt
                0x80005180        0x2 src/ASF/avr32/drivers/intc/intc.o
 *fill*         0x80005182        0x2 d703d703
 .text.INTC_register_interrupt
                0x80005184       0x80 src/ASF/avr32/drivers/intc/intc.o
                0x80005184                INTC_register_interrupt
 .text.INTC_init_interrupts
                0x80005204       0x54 src/ASF/avr32/drivers/intc/intc.o
                0x80005204                INTC_init_interrupts
 .text._get_interrupt_handler
                0x80005258       0x38 src/ASF/avr32/drivers/intc/intc.o
                0x80005258                _get_interrupt_handler
 .text.pm_set_osc0_mode
                0x80005290        0xa src/ASF/avr32/drivers/pm/pm.o
 *fill*         0x8000529a        0x2 d703d703
 .text.pm_enable_osc0_crystal
                0x8000529c       0x3c src/ASF/avr32/drivers/pm/pm.o
                0x8000529c                pm_enable_osc0_crystal
 .text.pm_enable_clk0_no_wait
                0x800052d8       0x10 src/ASF/avr32/drivers/pm/pm.o
                0x800052d8                pm_enable_clk0_no_wait
 .text.pm_wait_for_clk0_ready
                0x800052e8        0xa src/ASF/avr32/drivers/pm/pm.o
                0x800052e8                pm_wait_for_clk0_ready
 *fill*         0x800052f2        0x2 d703d703
 .text.pm_enable_clk0
                0x800052f4       0x1c src/ASF/avr32/drivers/pm/pm.o
                0x800052f4                pm_enable_clk0
 .text.pm_cksel
                0x80005310       0x46 src/ASF/avr32/drivers/pm/pm.o
                0x80005310                pm_cksel
 .text.pm_pll_setup
                0x80005356       0x22 src/ASF/avr32/drivers/pm/pm.o
                0x80005356                pm_pll_setup
 .text.pm_pll_set_option
                0x80005378       0x1a src/ASF/avr32/drivers/pm/pm.o
                0x80005378                pm_pll_set_option
 .text.pm_pll_enable
                0x80005392        0xe src/ASF/avr32/drivers/pm/pm.o
                0x80005392                pm_pll_enable
 .text.pm_wait_for_pll0_locked
                0x800053a0        0xa src/ASF/avr32/drivers/pm/pm.o
                0x800053a0                pm_wait_for_pll0_locked
 .text.pm_switch_to_clock
                0x800053aa        0xa src/ASF/avr32/drivers/pm/pm.o
                0x800053aa                pm_switch_to_clock
 .text.pm_switch_to_osc0
                0x800053b4       0x2c src/ASF/avr32/drivers/pm/pm.o
                0x800053b4                pm_switch_to_osc0
 .text.spi_write
                0x800053e0       0x1c src/ASF/avr32/drivers/spi/spi.o
                0x800053e0                spi_write
 .text.spi_read
                0x800053fc       0x20 src/ASF/avr32/drivers/spi/spi.o
                0x800053fc                spi_read
 .text.spi_unselectChip
                0x8000541c       0x40 src/ASF/avr32/drivers/spi/spi.o
                0x8000541c                spi_unselectChip
 .text.spi_selectChip
                0x8000545c       0x78 src/ASF/avr32/drivers/spi/spi.o
                0x8000545c                spi_selectChip
 .text.usart_set_async_baudrate
                0x800054d4       0x5a src/ASF/avr32/drivers/usart/usart.o
 .text.usart_write_char
                0x8000552e       0x14 src/ASF/avr32/drivers/usart/usart.o
                0x8000552e                usart_write_char
 *fill*         0x80005542        0x2 d703d703
 .text.usart_putchar
                0x80005544       0x2c src/ASF/avr32/drivers/usart/usart.o
                0x80005544                usart_putchar
 .text.usart_read_char
                0x80005570       0x22 src/ASF/avr32/drivers/usart/usart.o
                0x80005570                usart_read_char
 *fill*         0x80005592        0x2 d703d703
 .text.usart_getchar
                0x80005594       0x2c src/ASF/avr32/drivers/usart/usart.o
                0x80005594                usart_getchar
 .text.usart_write_line
                0x800055c0       0x24 src/ASF/avr32/drivers/usart/usart.o
                0x800055c0                usart_write_line
 .text.usart_reset
                0x800055e4       0x2c src/ASF/avr32/drivers/usart/usart.o
                0x800055e4                usart_reset
 .text.usart_init_rs232
                0x80005610       0xcc src/ASF/avr32/drivers/usart/usart.o
                0x80005610                usart_init_rs232
 .text._stext   0x800056dc       0x40 src/ASF/avr32/utils/startup/startup_uc3.o
                                 0x50 (size before relaxing)
                0x800056dc                _stext
 .text.vListInitialise
                0x8000571c       0x14 src/ASF/thirdparty/freertos/freertos-7.0.0/source/list.o
                0x8000571c                vListInitialise
 .text.vListInitialiseItem
                0x80005730        0x6 src/ASF/thirdparty/freertos/freertos-7.0.0/source/list.o
                0x80005730                vListInitialiseItem
 .text.vListInsertEnd
                0x80005736       0x1c src/ASF/thirdparty/freertos/freertos-7.0.0/source/list.o
                0x80005736                vListInsertEnd
 .text.vListInsert
                0x80005752       0x34 src/ASF/thirdparty/freertos/freertos-7.0.0/source/list.o
                0x80005752                vListInsert
 .text.vListRemove
                0x80005786       0x26 src/ASF/thirdparty/freertos/freertos-7.0.0/source/list.o
                0x80005786                vListRemove
 .text.pxPortInitialiseStack
                0x800057ac       0x92 src/ASF/thirdparty/freertos/freertos-7.0.0/source/portable/gcc/avr32_uc3/port.o
                0x800057ac                pxPortInitialiseStack
 *fill*         0x8000583e        0x2 d703d703
 .text.vPortEnterCritical
                0x80005840       0x10 src/ASF/thirdparty/freertos/freertos-7.0.0/source/portable/gcc/avr32_uc3/port.o
                0x80005840                vPortEnterCritical
 .text.xPortStartScheduler
                0x80005850       0x58 src/ASF/thirdparty/freertos/freertos-7.0.0/source/portable/gcc/avr32_uc3/port.o
                0x80005850                xPortStartScheduler
 .text.SCALLYield
                0x800058a8       0x98 src/ASF/thirdparty/freertos/freertos-7.0.0/source/portable/gcc/avr32_uc3/port.o
                0x800058a8                SCALLYield
 .text.prvClearCcInt
                0x80005940        0xa src/ASF/thirdparty/freertos/freertos-7.0.0/source/portable/gcc/avr32_uc3/port.o
 *fill*         0x8000594a        0x2 d703d703
 .text.vPortExitCritical
                0x8000594c       0x20 src/ASF/thirdparty/freertos/freertos-7.0.0/source/portable/gcc/avr32_uc3/port.o
                0x8000594c                vPortExitCritical
 .text.vTick    0x8000596c       0x84 src/ASF/thirdparty/freertos/freertos-7.0.0/source/portable/gcc/avr32_uc3/port.o
 .text.__malloc_lock
                0x800059f0        0xc src/ASF/thirdparty/freertos/freertos-7.0.0/source/portable/gcc/avr32_uc3/port.o
                0x800059f0                __malloc_lock
 .text.__malloc_unlock
                0x800059fc        0xc src/ASF/thirdparty/freertos/freertos-7.0.0/source/portable/gcc/avr32_uc3/port.o
                0x800059fc                __malloc_unlock
 .text._read    0x80005a08       0x40 src/ASF/thirdparty/freertos/freertos-7.0.0/source/portable/gcc/avr32_uc3/read.o
                0x80005a08                _read
 .text._write   0x80005a48       0x3c src/ASF/thirdparty/freertos/freertos-7.0.0/source/portable/gcc/avr32_uc3/write.o
                0x80005a48                _write
 .text.vPortFree
                0x80005a84       0x28 src/ASF/thirdparty/freertos/freertos-7.0.0/source/portable/memmang/heap_3.o
                0x80005a84                vPortFree
 .text.pvPortMalloc
                0x80005aac       0x28 src/ASF/thirdparty/freertos/freertos-7.0.0/source/portable/memmang/heap_3.o
                0x80005aac                pvPortMalloc
 .text.prvCopyDataFromQueue
                0x80005ad4       0x30 src/ASF/thirdparty/freertos/freertos-7.0.0/source/queue.o
 .text.xQueueReceiveFromISR
                0x80005b04       0x50 src/ASF/thirdparty/freertos/freertos-7.0.0/source/queue.o
                0x80005b04                xQueueReceiveFromISR
 .text.prvUnlockQueue
                0x80005b54       0xa0 src/ASF/thirdparty/freertos/freertos-7.0.0/source/queue.o
 .text.xQueueGenericReceive
                0x80005bf4      0x144 src/ASF/thirdparty/freertos/freertos-7.0.0/source/queue.o
                0x80005bf4                xQueueGenericReceive
 .text.prvCopyDataToQueue
                0x80005d38       0x78 src/ASF/thirdparty/freertos/freertos-7.0.0/source/queue.o
 .text.xQueueGenericSendFromISR
                0x80005db0       0x50 src/ASF/thirdparty/freertos/freertos-7.0.0/source/queue.o
                0x80005db0                xQueueGenericSendFromISR
 .text.xQueueGenericSend
                0x80005e00      0x100 src/ASF/thirdparty/freertos/freertos-7.0.0/source/queue.o
                0x80005e00                xQueueGenericSend
 .text.xQueueCreateMutex
                0x80005f00       0x58 src/ASF/thirdparty/freertos/freertos-7.0.0/source/queue.o
                0x80005f00                xQueueCreateMutex
 .text.xQueueCreate
                0x80005f58       0x74 src/ASF/thirdparty/freertos/freertos-7.0.0/source/queue.o
                0x80005f58                xQueueCreate
 .text.vTaskSuspendAll
                0x80005fcc       0x10 src/ASF/thirdparty/freertos/freertos-7.0.0/source/tasks.o
                0x80005fcc                vTaskSuspendAll
 .text.vTaskSwitchContext
                0x80005fdc       0x7c src/ASF/thirdparty/freertos/freertos-7.0.0/source/tasks.o
                0x80005fdc                vTaskSwitchContext
 .text.vTaskSetTimeOutState
                0x80006058       0x18 src/ASF/thirdparty/freertos/freertos-7.0.0/source/tasks.o
                0x80006058                vTaskSetTimeOutState
 .text.vTaskMissedYield
                0x80006070        0xc src/ASF/thirdparty/freertos/freertos-7.0.0/source/tasks.o
                0x80006070                vTaskMissedYield
 .text.xTaskGetCurrentTaskHandle
                0x8000607c        0xc src/ASF/thirdparty/freertos/freertos-7.0.0/source/tasks.o
                0x8000607c                xTaskGetCurrentTaskHandle
 .text.vTaskPriorityDisinherit
                0x80006088       0x58 src/ASF/thirdparty/freertos/freertos-7.0.0/source/tasks.o
                0x80006088                vTaskPriorityDisinherit
 .text.vTaskPriorityInherit
                0x800060e0       0x84 src/ASF/thirdparty/freertos/freertos-7.0.0/source/tasks.o
                0x800060e0                vTaskPriorityInherit
 .text.xTaskRemoveFromEventList
                0x80006164       0x7c src/ASF/thirdparty/freertos/freertos-7.0.0/source/tasks.o
                0x80006164                xTaskRemoveFromEventList
 .text.vTaskIncrementTick
                0x800061e0      0x114 src/ASF/thirdparty/freertos/freertos-7.0.0/source/tasks.o
                0x800061e0                vTaskIncrementTick
 .text.xTaskCheckForTimeOut
                0x800062f4       0x70 src/ASF/thirdparty/freertos/freertos-7.0.0/source/tasks.o
                0x800062f4                xTaskCheckForTimeOut
 .text.xTaskGetTickCount
                0x80006364       0x24 src/ASF/thirdparty/freertos/freertos-7.0.0/source/tasks.o
                0x80006364                xTaskGetTickCount
 .text.xTaskResumeAll
                0x80006388       0xe8 src/ASF/thirdparty/freertos/freertos-7.0.0/source/tasks.o
                0x80006388                xTaskResumeAll
 .text.prvAddCurrentTaskToDelayedList
                0x80006470       0x5c src/ASF/thirdparty/freertos/freertos-7.0.0/source/tasks.o
 .text.vTaskDelay
                0x800064cc       0x48 src/ASF/thirdparty/freertos/freertos-7.0.0/source/tasks.o
                0x800064cc                vTaskDelay
 .text.vTaskDelayUntil
                0x80006514       0x80 src/ASF/thirdparty/freertos/freertos-7.0.0/source/tasks.o
                0x80006514                vTaskDelayUntil
 .text.vTaskPlaceOnEventList
                0x80006594       0x58 src/ASF/thirdparty/freertos/freertos-7.0.0/source/tasks.o
                0x80006594                vTaskPlaceOnEventList
 .text.prvIdleTask
                0x800065ec       0x88 src/ASF/thirdparty/freertos/freertos-7.0.0/source/tasks.o
 .text.xTaskGenericCreate
                0x80006674      0x1e8 src/ASF/thirdparty/freertos/freertos-7.0.0/source/tasks.o
                0x80006674                xTaskGenericCreate
 .text.vTaskStartScheduler
                0x8000685c       0x4c src/ASF/thirdparty/freertos/freertos-7.0.0/source/tasks.o
                0x8000685c                vTaskStartScheduler
 .text.PrintChar
                0x800068a8        0x4 src/Log/log.o
                0x800068a8                PrintChar
 .text.PrintHex
                0x800068ac       0xb2 src/Log/log.o
                0x800068ac                PrintHex
 .text.PrintDec
                0x8000695e       0xda src/Log/log.o
                0x8000695e                PrintDec
 .text.log      0x80006a38      0x18c src/Log/log.o
                0x80006a38                log
 .text.logFromISR
                0x80006bc4      0x180 src/Log/log.o
                0x80006bc4                logFromISR
 .text.log_init
                0x80006d44       0x64 src/Log/log.o
                0x80006d44                log_init
 .text.task_log
                0x80006da8       0x44 src/Log/log.o
 .text.main     0x80006dec       0x68 src/main.o
                0x80006dec                main
 .text.free     0x80006e54       0x10 e:/program x86/atmel/studio/7.0/toolchain/avr32/avr32-gnu-toolchain/bin/../lib/gcc/avr32/4.4.7/../../../../avr32/lib/ucr2\libc.a(lib_a-malloc.o)
                                 0x18 (size before relaxing)
                0x80006e54                free
 .text.malloc   0x80006e64       0x10 e:/program x86/atmel/studio/7.0/toolchain/avr32/avr32-gnu-toolchain/bin/../lib/gcc/avr32/4.4.7/../../../../avr32/lib/ucr2\libc.a(lib_a-malloc.o)
                                 0x18 (size before relaxing)
                0x80006e64                malloc
 .text._malloc_r
                0x80006e74      0x438 e:/program x86/atmel/studio/7.0/toolchain/avr32/avr32-gnu-toolchain/bin/../lib/gcc/avr32/4.4.7/../../../../avr32/lib/ucr2\libc.a(lib_a-mallocr.o)
                                0x450 (size before relaxing)
                0x80006e74                _malloc_r
 .text          0x800072ac      0x148 e:/program x86/atmel/studio/7.0/toolchain/avr32/avr32-gnu-toolchain/bin/../lib/gcc/avr32/4.4.7/../../../../avr32/lib/ucr2\libc.a(lib_a-memcpy.o)
                0x800072ac                memcpy
 .text.memset   0x800073f4        0xe e:/program x86/atmel/studio/7.0/toolchain/avr32/avr32-gnu-toolchain/bin/../lib/gcc/avr32/4.4.7/../../../../avr32/lib/ucr2\libc.a(lib_a-memset.o)
                0x800073f4                memset
 *fill*         0x80007402        0x2 d703d703
 .text._realloc_r
                0x80007404      0x2c0 e:/program x86/atmel/studio/7.0/toolchain/avr32/avr32-gnu-toolchain/bin/../lib/gcc/avr32/4.4.7/../../../../avr32/lib/ucr2\libc.a(lib_a-reallocr.o)
                                0x2e0 (size before relaxing)
                0x80007404                _realloc_r
 .text._sbrk_r  0x800076c4       0x20 e:/program x86/atmel/studio/7.0/toolchain/avr32/avr32-gnu-toolchain/bin/../lib/gcc/avr32/4.4.7/../../../../avr32/lib/ucr2\libc.a(lib_a-sbrkr.o)
                                 0x28 (size before relaxing)
                0x800076c4                _sbrk_r
 .text.sprintf  0x800076e4       0x3c e:/program x86/atmel/studio/7.0/toolchain/avr32/avr32-gnu-toolchain/bin/../lib/gcc/avr32/4.4.7/../../../../avr32/lib/ucr2\libc.a(lib_a-sprintf.o)
                                 0x40 (size before relaxing)
                0x800076e4                sprintf
 .text          0x80007720       0x20 e:/program x86/atmel/studio/7.0/toolchain/avr32/avr32-gnu-toolchain/bin/../lib/gcc/avr32/4.4.7/../../../../avr32/lib/ucr2\libc.a(lib_a-strncpy.o)
                0x80007720                strncpy
 .text._close   0x80007740       0x14 e:/program x86/atmel/studio/7.0/toolchain/avr32/avr32-gnu-toolchain/bin/../lib/gcc/avr32/4.4.7/../../../../avr32/lib/ucr2\libc.a(lib_a-syscalls.o)
                                 0x18 (size before relaxing)
                0x80007740                _close
 .text._lseek   0x80007754       0x14 e:/program x86/atmel/studio/7.0/toolchain/avr32/avr32-gnu-toolchain/bin/../lib/gcc/avr32/4.4.7/../../../../avr32/lib/ucr2\libc.a(lib_a-syscalls.o)
                                 0x18 (size before relaxing)
                0x80007754                _lseek
 .text.isatty   0x80007768       0x14 e:/program x86/atmel/studio/7.0/toolchain/avr32/avr32-gnu-toolchain/bin/../lib/gcc/avr32/4.4.7/../../../../avr32/lib/ucr2\libc.a(lib_a-syscalls.o)
                                 0x18 (size before relaxing)
                0x80007768                isatty
 .text._fstat_host
                0x8000777c       0x14 e:/program x86/atmel/studio/7.0/toolchain/avr32/avr32-gnu-toolchain/bin/../lib/gcc/avr32/4.4.7/../../../../avr32/lib/ucr2\libc.a(lib_a-syscalls.o)
                                 0x18 (size before relaxing)
                0x8000777c                _fstat_host
 .text._fstat   0x80007790       0x4c e:/program x86/atmel/studio/7.0/toolchain/avr32/avr32-gnu-toolchain/bin/../lib/gcc/avr32/4.4.7/../../../../avr32/lib/ucr2\libc.a(lib_a-syscalls.o)
                                 0x50 (size before relaxing)
                0x80007790                _fstat
 .text._sbrk    0x800077dc       0x38 e:/program x86/atmel/studio/7.0/toolchain/avr32/avr32-gnu-toolchain/bin/../lib/gcc/avr32/4.4.7/../../../../avr32/lib/ucr2\libc.a(lib_a-syscalls.o)
                                 0x40 (size before relaxing)
                0x800077dc                _sbrk
 .text.get_arg  0x80007814      0x314 e:/program x86/atmel/studio/7.0/toolchain/avr32/avr32-gnu-toolchain/bin/../lib/gcc/avr32/4.4.7/../../../../avr32/lib/ucr2\libc.a(lib_a-vfprintf.o)
                                0x324 (size before relaxing)
 .text.__sprint_r
                0x80007b28       0x1c e:/program x86/atmel/studio/7.0/toolchain/avr32/avr32-gnu-toolchain/bin/../lib/gcc/avr32/4.4.7/../../../../avr32/lib/ucr2\libc.a(lib_a-vfprintf.o)
                                 0x20 (size before relaxing)
 .text._vfprintf_r
                0x80007b44     0x1f14 e:/program x86/atmel/studio/7.0/toolchain/avr32/avr32-gnu-toolchain/bin/../lib/gcc/avr32/4.4.7/../../../../avr32/lib/ucr2\libc.a(lib_a-vfprintf.o)
                               0x1f9c (size before relaxing)
                0x80007b44                _vfprintf_r
 .text.__swsetup_r
                0x80009a58       0xdc e:/program x86/atmel/studio/7.0/toolchain/avr32/avr32-gnu-toolchain/bin/../lib/gcc/avr32/4.4.7/../../../../avr32/lib/ucr2\libc.a(lib_a-wsetup.o)
                                 0xe8 (size before relaxing)
                0x80009a58                __swsetup_r
 .text.quorem   0x80009b34      0x120 e:/program x86/atmel/studio/7.0/toolchain/avr32/avr32-gnu-toolchain/bin/../lib/gcc/avr32/4.4.7/../../../../avr32/lib/ucr2\libc.a(lib_a-dtoa.o)
                                0x124 (size before relaxing)
 .text._dtoa_r  0x80009c54      0xbdc e:/program x86/atmel/studio/7.0/toolchain/avr32/avr32-gnu-toolchain/bin/../lib/gcc/avr32/4.4.7/../../../../avr32/lib/ucr2\libc.a(lib_a-dtoa.o)
                                0xc90 (size before relaxing)
                0x80009c54                _dtoa_r
 .text.__errno  0x8000a830        0xc e:/program x86/atmel/studio/7.0/toolchain/avr32/avr32-gnu-toolchain/bin/../lib/gcc/avr32/4.4.7/../../../../avr32/lib/ucr2\libc.a(lib_a-errno.o)
                0x8000a830                __errno
 .text._fflush_r
                0x8000a83c      0x10c e:/program x86/atmel/studio/7.0/toolchain/avr32/avr32-gnu-toolchain/bin/../lib/gcc/avr32/4.4.7/../../../../avr32/lib/ucr2\libc.a(lib_a-fflush.o)
                                0x118 (size before relaxing)
                0x8000a83c                _fflush_r
 .text.__sfp_lock_acquire
                0x8000a948        0x2 e:/program x86/atmel/studio/7.0/toolchain/avr32/avr32-gnu-toolchain/bin/../lib/gcc/avr32/4.4.7/../../../../avr32/lib/ucr2\libc.a(lib_a-findfp.o)
                0x8000a948                __sfp_lock_acquire
 .text.__sfp_lock_release
                0x8000a94a        0x2 e:/program x86/atmel/studio/7.0/toolchain/avr32/avr32-gnu-toolchain/bin/../lib/gcc/avr32/4.4.7/../../../../avr32/lib/ucr2\libc.a(lib_a-findfp.o)
                0x8000a94a                __sfp_lock_release
 .text._cleanup_r
                0x8000a94c        0xc e:/program x86/atmel/studio/7.0/toolchain/avr32/avr32-gnu-toolchain/bin/../lib/gcc/avr32/4.4.7/../../../../avr32/lib/ucr2\libc.a(lib_a-findfp.o)
                                 0x14 (size before relaxing)
                0x8000a94c                _cleanup_r
 .text.__sfmoreglue
                0x8000a958       0x28 e:/program x86/atmel/studio/7.0/toolchain/avr32/avr32-gnu-toolchain/bin/../lib/gcc/avr32/4.4.7/../../../../avr32/lib/ucr2\libc.a(lib_a-findfp.o)
                                 0x30 (size before relaxing)
                0x8000a958                __sfmoreglue
 .text.__sfp    0x8000a980       0x6c e:/program x86/atmel/studio/7.0/toolchain/avr32/avr32-gnu-toolchain/bin/../lib/gcc/avr32/4.4.7/../../../../avr32/lib/ucr2\libc.a(lib_a-findfp.o)
                                 0x7c (size before relaxing)
                0x8000a980                __sfp
 .text.__sinit  0x8000a9ec       0x9c e:/program x86/atmel/studio/7.0/toolchain/avr32/avr32-gnu-toolchain/bin/../lib/gcc/avr32/4.4.7/../../../../avr32/lib/ucr2\libc.a(lib_a-findfp.o)
                                 0xb0 (size before relaxing)
                0x8000a9ec                __sinit
 .text._malloc_trim_r
                0x8000aa88       0x98 e:/program x86/atmel/studio/7.0/toolchain/avr32/avr32-gnu-toolchain/bin/../lib/gcc/avr32/4.4.7/../../../../avr32/lib/ucr2\libc.a(lib_a-freer.o)
                                 0xa8 (size before relaxing)
                0x8000aa88                _malloc_trim_r
 .text._free_r  0x8000ab20      0x18c e:/program x86/atmel/studio/7.0/toolchain/avr32/avr32-gnu-toolchain/bin/../lib/gcc/avr32/4.4.7/../../../../avr32/lib/ucr2\libc.a(lib_a-freer.o)
                                0x1a0 (size before relaxing)
                0x8000ab20                _free_r
 .text.__sfvwrite_r
                0x8000acac      0x294 e:/program x86/atmel/studio/7.0/toolchain/avr32/avr32-gnu-toolchain/bin/../lib/gcc/avr32/4.4.7/../../../../avr32/lib/ucr2\libc.a(lib_a-fvwrite.o)
                                0x2c4 (size before relaxing)
                0x8000acac                __sfvwrite_r
 .text._fwalk   0x8000af40       0x4c e:/program x86/atmel/studio/7.0/toolchain/avr32/avr32-gnu-toolchain/bin/../lib/gcc/avr32/4.4.7/../../../../avr32/lib/ucr2\libc.a(lib_a-fwalk.o)
                                 0x54 (size before relaxing)
                0x8000af40                _fwalk
 .text._localeconv_r
                0x8000af8c        0x8 e:/program x86/atmel/studio/7.0/toolchain/avr32/avr32-gnu-toolchain/bin/../lib/gcc/avr32/4.4.7/../../../../avr32/lib/ucr2\libc.a(lib_a-locale.o)
                0x8000af8c                _localeconv_r
 .text.__smakebuf_r
                0x8000af94       0xbc e:/program x86/atmel/studio/7.0/toolchain/avr32/avr32-gnu-toolchain/bin/../lib/gcc/avr32/4.4.7/../../../../avr32/lib/ucr2\libc.a(lib_a-makebuf.o)
                                 0xcc (size before relaxing)
                0x8000af94                __smakebuf_r
 .text.memchr   0x8000b050       0x16 e:/program x86/atmel/studio/7.0/toolchain/avr32/avr32-gnu-toolchain/bin/../lib/gcc/avr32/4.4.7/../../../../avr32/lib/ucr2\libc.a(lib_a-memchr.o)
                0x8000b050                memchr
 .text.memmove  0x8000b066       0x3e e:/program x86/atmel/studio/7.0/toolchain/avr32/avr32-gnu-toolchain/bin/../lib/gcc/avr32/4.4.7/../../../../avr32/lib/ucr2\libc.a(lib_a-memmove.o)
                0x8000b066                memmove
 .text.__hi0bits
                0x8000b0a4       0x60 e:/program x86/atmel/studio/7.0/toolchain/avr32/avr32-gnu-toolchain/bin/../lib/gcc/avr32/4.4.7/../../../../avr32/lib/ucr2\libc.a(lib_a-mprec.o)
                0x8000b0a4                __hi0bits
 .text.__lo0bits
                0x8000b104       0x8e e:/program x86/atmel/studio/7.0/toolchain/avr32/avr32-gnu-toolchain/bin/../lib/gcc/avr32/4.4.7/../../../../avr32/lib/ucr2\libc.a(lib_a-mprec.o)
                0x8000b104                __lo0bits
 .text.__mcmp   0x8000b192       0x32 e:/program x86/atmel/studio/7.0/toolchain/avr32/avr32-gnu-toolchain/bin/../lib/gcc/avr32/4.4.7/../../../../avr32/lib/ucr2\libc.a(lib_a-mprec.o)
                0x8000b192                __mcmp
 .text._Bfree   0x8000b1c4       0x34 e:/program x86/atmel/studio/7.0/toolchain/avr32/avr32-gnu-toolchain/bin/../lib/gcc/avr32/4.4.7/../../../../avr32/lib/ucr2\libc.a(lib_a-mprec.o)
                                 0x38 (size before relaxing)
                0x8000b1c4                _Bfree
 .text._Balloc  0x8000b1f8       0x70 e:/program x86/atmel/studio/7.0/toolchain/avr32/avr32-gnu-toolchain/bin/../lib/gcc/avr32/4.4.7/../../../../avr32/lib/ucr2\libc.a(lib_a-mprec.o)
                                 0x78 (size before relaxing)
                0x8000b1f8                _Balloc
 .text.__d2b    0x8000b268       0xa0 e:/program x86/atmel/studio/7.0/toolchain/avr32/avr32-gnu-toolchain/bin/../lib/gcc/avr32/4.4.7/../../../../avr32/lib/ucr2\libc.a(lib_a-mprec.o)
                                 0xb4 (size before relaxing)
                0x8000b268                __d2b
 .text.__mdiff  0x8000b308       0xd0 e:/program x86/atmel/studio/7.0/toolchain/avr32/avr32-gnu-toolchain/bin/../lib/gcc/avr32/4.4.7/../../../../avr32/lib/ucr2\libc.a(lib_a-mprec.o)
                                 0xd8 (size before relaxing)
                0x8000b308                __mdiff
 .text.__lshift
                0x8000b3d8       0x88 e:/program x86/atmel/studio/7.0/toolchain/avr32/avr32-gnu-toolchain/bin/../lib/gcc/avr32/4.4.7/../../../../avr32/lib/ucr2\libc.a(lib_a-mprec.o)
                                 0x94 (size before relaxing)
                0x8000b3d8                __lshift
 .text.__multiply
                0x8000b460      0x100 e:/program x86/atmel/studio/7.0/toolchain/avr32/avr32-gnu-toolchain/bin/../lib/gcc/avr32/4.4.7/../../../../avr32/lib/ucr2\libc.a(lib_a-mprec.o)
                                0x108 (size before relaxing)
                0x8000b460                __multiply
 .text.__i2b    0x8000b560       0x10 e:/program x86/atmel/studio/7.0/toolchain/avr32/avr32-gnu-toolchain/bin/../lib/gcc/avr32/4.4.7/../../../../avr32/lib/ucr2\libc.a(lib_a-mprec.o)
                                 0x18 (size before relaxing)
                0x8000b560                __i2b
 .text.__multadd
                0x8000b570       0x7c e:/program x86/atmel/studio/7.0/toolchain/avr32/avr32-gnu-toolchain/bin/../lib/gcc/avr32/4.4.7/../../../../avr32/lib/ucr2\libc.a(lib_a-mprec.o)
                                 0x88 (size before relaxing)
                0x8000b570                __multadd
 .text.__pow5mult
                0x8000b5ec       0x8c e:/program x86/atmel/studio/7.0/toolchain/avr32/avr32-gnu-toolchain/bin/../lib/gcc/avr32/4.4.7/../../../../avr32/lib/ucr2\libc.a(lib_a-mprec.o)
                                 0xac (size before relaxing)
                0x8000b5ec                __pow5mult
 .text.__isinfd
                0x8000b678       0x2a e:/program x86/atmel/studio/7.0/toolchain/avr32/avr32-gnu-toolchain/bin/../lib/gcc/avr32/4.4.7/../../../../avr32/lib/ucr2\libc.a(lib_a-s_isinfd.o)
                0x8000b678                __isinfd
 .text.__isnand
                0x8000b6a2       0x1c e:/program x86/atmel/studio/7.0/toolchain/avr32/avr32-gnu-toolchain/bin/../lib/gcc/avr32/4.4.7/../../../../avr32/lib/ucr2\libc.a(lib_a-s_isnand.o)
                0x8000b6a2                __isnand
 *fill*         0x8000b6be        0x2 d703d703
 .text.__sclose
                0x8000b6c0        0x8 e:/program x86/atmel/studio/7.0/toolchain/avr32/avr32-gnu-toolchain/bin/../lib/gcc/avr32/4.4.7/../../../../avr32/lib/ucr2\libc.a(lib_a-stdio.o)
                                 0x10 (size before relaxing)
                0x8000b6c0                __sclose
 .text.__sseek  0x8000b6c8       0x20 e:/program x86/atmel/studio/7.0/toolchain/avr32/avr32-gnu-toolchain/bin/../lib/gcc/avr32/4.4.7/../../../../avr32/lib/ucr2\libc.a(lib_a-stdio.o)
                                 0x28 (size before relaxing)
                0x8000b6c8                __sseek
 .text.__swrite
                0x8000b6e8       0x2c e:/program x86/atmel/studio/7.0/toolchain/avr32/avr32-gnu-toolchain/bin/../lib/gcc/avr32/4.4.7/../../../../avr32/lib/ucr2\libc.a(lib_a-stdio.o)
                                 0x38 (size before relaxing)
                0x8000b6e8                __swrite
 .text.__sread  0x8000b714       0x1c e:/program x86/atmel/studio/7.0/toolchain/avr32/avr32-gnu-toolchain/bin/../lib/gcc/avr32/4.4.7/../../../../avr32/lib/ucr2\libc.a(lib_a-stdio.o)
                                 0x24 (size before relaxing)
                0x8000b714                __sread
 .text.strlen   0x8000b730       0x16 e:/program x86/atmel/studio/7.0/toolchain/avr32/avr32-gnu-toolchain/bin/../lib/gcc/avr32/4.4.7/../../../../avr32/lib/ucr2\libc.a(lib_a-strlen.o)
                0x8000b730                strlen
 *fill*         0x8000b746        0x2 d703d703
 .text._write_r
                0x8000b748       0x28 e:/program x86/atmel/studio/7.0/toolchain/avr32/avr32-gnu-toolchain/bin/../lib/gcc/avr32/4.4.7/../../../../avr32/lib/ucr2\libc.a(lib_a-writer.o)
                                 0x2c (size before relaxing)
                0x8000b748                _write_r
 .text._calloc_r
                0x8000b770       0x58 e:/program x86/atmel/studio/7.0/toolchain/avr32/avr32-gnu-toolchain/bin/../lib/gcc/avr32/4.4.7/../../../../avr32/lib/ucr2\libc.a(lib_a-callocr.o)
                                 0x60 (size before relaxing)
                0x8000b770                _calloc_r
 .text._close_r
                0x8000b7c8       0x20 e:/program x86/atmel/studio/7.0/toolchain/avr32/avr32-gnu-toolchain/bin/../lib/gcc/avr32/4.4.7/../../../../avr32/lib/ucr2\libc.a(lib_a-closer.o)
                                 0x28 (size before relaxing)
                0x8000b7c8                _close_r
 .text._fclose_r
                0x8000b7e8       0xb8 e:/program x86/atmel/studio/7.0/toolchain/avr32/avr32-gnu-toolchain/bin/../lib/gcc/avr32/4.4.7/../../../../avr32/lib/ucr2\libc.a(lib_a-fclose.o)
                                 0xd0 (size before relaxing)
                0x8000b7e8                _fclose_r
 .text.fclose   0x8000b8a0       0x10 e:/program x86/atmel/studio/7.0/toolchain/avr32/avr32-gnu-toolchain/bin/../lib/gcc/avr32/4.4.7/../../../../avr32/lib/ucr2\libc.a(lib_a-fclose.o)
                                 0x18 (size before relaxing)
                0x8000b8a0                fclose
 .text._fstat_r
                0x8000b8b0       0x24 e:/program x86/atmel/studio/7.0/toolchain/avr32/avr32-gnu-toolchain/bin/../lib/gcc/avr32/4.4.7/../../../../avr32/lib/ucr2\libc.a(lib_a-fstatr.o)
                                 0x2c (size before relaxing)
                0x8000b8b0                _fstat_r
 .text._lseek_r
                0x8000b8d4       0x28 e:/program x86/atmel/studio/7.0/toolchain/avr32/avr32-gnu-toolchain/bin/../lib/gcc/avr32/4.4.7/../../../../avr32/lib/ucr2\libc.a(lib_a-lseekr.o)
                                 0x2c (size before relaxing)
                0x8000b8d4                _lseek_r
 .text._read_r  0x8000b8fc       0x28 e:/program x86/atmel/studio/7.0/toolchain/avr32/avr32-gnu-toolchain/bin/../lib/gcc/avr32/4.4.7/../../../../avr32/lib/ucr2\libc.a(lib_a-readr.o)
                                 0x2c (size before relaxing)
                0x8000b8fc                _read_r
 .text          0x8000b924      0x1d4 e:/program x86/atmel/studio/7.0/toolchain/avr32/avr32-gnu-toolchain/bin/../lib/gcc/avr32/4.4.7/ucr2\libgcc.a(_avr32_f64_mul.o)
                0x8000b924                __avr32_f64_mul
 .text          0x8000baf8      0x2b0 e:/program x86/atmel/studio/7.0/toolchain/avr32/avr32-gnu-toolchain/bin/../lib/gcc/avr32/4.4.7/ucr2\libgcc.a(_avr32_f64_addsub.o)
                0x8000bafc                __avr32_f64_sub
                0x8000bc98                __avr32_f64_add
 .text          0x8000bda8       0x2a e:/program x86/atmel/studio/7.0/toolchain/avr32/avr32-gnu-toolchain/bin/../lib/gcc/avr32/4.4.7/ucr2\libgcc.a(_avr32_f64_to_s32.o)
                0x8000bda8                __avr32_f64_to_u32
                0x8000bdac                __avr32_f64_to_s32
 .text          0x8000bdd2       0xe8 e:/program x86/atmel/studio/7.0/toolchain/avr32/avr32-gnu-toolchain/bin/../lib/gcc/avr32/4.4.7/ucr2\libgcc.a(_avr32_s32_to_f64.o)
                0x8000bdd2                __avr32_u32_to_f64
                0x8000bdda                __avr32_s32_to_f64
 .text          0x8000beba       0x26 e:/program x86/atmel/studio/7.0/toolchain/avr32/avr32-gnu-toolchain/bin/../lib/gcc/avr32/4.4.7/ucr2\libgcc.a(_avr32_f64_cmp_eq.o)
                0x8000beba                __avr32_f64_cmp_eq
 .text          0x8000bee0       0x68 e:/program x86/atmel/studio/7.0/toolchain/avr32/avr32-gnu-toolchain/bin/../lib/gcc/avr32/4.4.7/ucr2\libgcc.a(_avr32_f64_cmp_ge.o)
                0x8000bee0                __avr32_f64_cmp_ge
 .text          0x8000bf48       0x68 e:/program x86/atmel/studio/7.0/toolchain/avr32/avr32-gnu-toolchain/bin/../lib/gcc/avr32/4.4.7/ucr2\libgcc.a(_avr32_f64_cmp_lt.o)
                0x8000bf48                __avr32_f64_cmp_lt
 .text          0x8000bfb0      0x318 e:/program x86/atmel/studio/7.0/toolchain/avr32/avr32-gnu-toolchain/bin/../lib/gcc/avr32/4.4.7/ucr2\libgcc.a(_avr32_f64_div.o)
                0x8000bfb0                __avr32_f64_div
 .text          0x8000c2c8      0x264 e:/program x86/atmel/studio/7.0/toolchain/avr32/avr32-gnu-toolchain/bin/../lib/gcc/avr32/4.4.7/ucr2\libgcc.a(_udivdi3.o)
                0x8000c2c8                __avr32_udiv64
                0x8000c2c8                __udivdi3
 .text          0x8000c52c      0x20c e:/program x86/atmel/studio/7.0/toolchain/avr32/avr32-gnu-toolchain/bin/../lib/gcc/avr32/4.4.7/ucr2\libgcc.a(_umoddi3.o)
                0x8000c52c                __avr32_umod64
                0x8000c52c                __umoddi3
 *(.text.*personality*)
 *(.gnu.warning)

.exception      0x8000c800      0x200
 .exception     0x8000c800      0x200 src/ASF/thirdparty/freertos/freertos-7.0.0/source/portable/gcc/avr32_uc3/exception.o
                0x8000c800                _evba
                0x8000c904                _int0
                0x8000c912                _int1
                0x8000c920                _int2
                0x8000c92e                _int3
                0x8000c93c                ipr_val

.fini
 *(.fini)
                0x8000ca00                PROVIDE (__etext, .)
                0x8000ca00                PROVIDE (_etext, .)
                0x8000ca00                PROVIDE (etext, .)

.rodata         0x8000ca00     0x1260
 *(.rodata .rodata.* .gnu.linkonce.r.*)
 .rodata.str1.4
                0x8000ca00      0x780 src/Application/app/app.o
 .rodata.CSWTCH.36
                0x8000d180       0x48 src/Application/radio/ambe.o
 .rodata.str1.4
                0x8000d1c8       0x44 src/Application/radio/physical.o
 .rodata.str1.4
                0x8000d20c        0x8 src/Application/radio/xcmp.o
 .rodata.str1.4
                0x8000d214        0xf src/Application/radio/xnl.o
                                 0x10 (size before relaxing)
 *fill*         0x8000d223        0x1 
 .rodata.CSWTCH.97
                0x8000d224        0x4 src/Application/RFID/MFRC522/rc522.o
 .rodata.CSWTCH.98
                0x8000d228        0x4 src/Application/RFID/MFRC522/rc522.o
 .rodata.str1.4
                0x8000d22c       0xad src/Application/RFID/RFID.o
                                 0xb0 (size before relaxing)
 *fill*         0x8000d2d9        0x3 
 .rodata.unsure_data
                0x8000d2dc        0x4 src/Application/RFID/RFID.o
                0x8000d2dc                unsure_data
 .rodata.TC_GPIO_MAP.11090
                0x8000d2e0       0x18 src/Application/timers/timer.o
 .rodata.str1.4
                0x8000d2f8       0x38 src/Application/xgflash/xgflash.o
 .rodata._int_handler_table
                0x8000d330       0x98 src/ASF/avr32/drivers/intc/intc.o
 .rodata.str1.4
                0x8000d3c8        0x5 src/ASF/thirdparty/freertos/freertos-7.0.0/source/tasks.o
                                  0x8 (size before relaxing)
 *fill*         0x8000d3cd        0x3 
 .rodata.log    0x8000d3d0      0x150 src/Log/log.o
 .rodata.logFromISR
                0x8000d520      0x150 src/Log/log.o
 .rodata.USART_OPTIONS.11278
                0x8000d670        0xc src/Log/log.o
 .rodata.str1.4
                0x8000d67c       0x3c src/Log/log.o
 .rodata.USART_GPIO_MAP.11277
                0x8000d6b8       0x10 src/Log/log.o
 .rodata.str1.4
                0x8000d6c8       0x14 src/main.o
 .rodata.get_arg
                0x8000d6dc       0x3c e:/program x86/atmel/studio/7.0/toolchain/avr32/avr32-gnu-toolchain/bin/../lib/gcc/avr32/4.4.7/../../../../avr32/lib/ucr2\libc.a(lib_a-vfprintf.o)
 .rodata._vfprintf_r
                0x8000d718      0x164 e:/program x86/atmel/studio/7.0/toolchain/avr32/avr32-gnu-toolchain/bin/../lib/gcc/avr32/4.4.7/../../../../avr32/lib/ucr2\libc.a(lib_a-vfprintf.o)
 .rodata.state_table
                0x8000d87c       0x6c e:/program x86/atmel/studio/7.0/toolchain/avr32/avr32-gnu-toolchain/bin/../lib/gcc/avr32/4.4.7/../../../../avr32/lib/ucr2\libc.a(lib_a-vfprintf.o)
 .rodata.action_table
                0x8000d8e8       0x6c e:/program x86/atmel/studio/7.0/toolchain/avr32/avr32-gnu-toolchain/bin/../lib/gcc/avr32/4.4.7/../../../../avr32/lib/ucr2\libc.a(lib_a-vfprintf.o)
 .rodata.str1.4
                0x8000d954       0x3a e:/program x86/atmel/studio/7.0/toolchain/avr32/avr32-gnu-toolchain/bin/../lib/gcc/avr32/4.4.7/../../../../avr32/lib/ucr2\libc.a(lib_a-vfprintf.o)
                                 0x3c (size before relaxing)
 *fill*         0x8000d98e        0x2 
 .rodata.blanks.3430
                0x8000d990       0x10 e:/program x86/atmel/studio/7.0/toolchain/avr32/avr32-gnu-toolchain/bin/../lib/gcc/avr32/4.4.7/../../../../avr32/lib/ucr2\libc.a(lib_a-vfprintf.o)
 .rodata.zeroes.3431
                0x8000d9a0       0x10 e:/program x86/atmel/studio/7.0/toolchain/avr32/avr32-gnu-toolchain/bin/../lib/gcc/avr32/4.4.7/../../../../avr32/lib/ucr2\libc.a(lib_a-vfprintf.o)
 .rodata.chclass
                0x8000d9b0      0x100 e:/program x86/atmel/studio/7.0/toolchain/avr32/avr32-gnu-toolchain/bin/../lib/gcc/avr32/4.4.7/../../../../avr32/lib/ucr2\libc.a(lib_a-vfprintf.o)
 .rodata.str1.4
                0x8000dab0       0x10 e:/program x86/atmel/studio/7.0/toolchain/avr32/avr32-gnu-toolchain/bin/../lib/gcc/avr32/4.4.7/../../../../avr32/lib/ucr2\libc.a(lib_a-dtoa.o)
                                 0x14 (size before relaxing)
 .rodata.__sf_fake_stdin
                0x8000dac0       0x20 e:/program x86/atmel/studio/7.0/toolchain/avr32/avr32-gnu-toolchain/bin/../lib/gcc/avr32/4.4.7/../../../../avr32/lib/ucr2\libc.a(lib_a-findfp.o)
                0x8000dac0                __sf_fake_stdin
 .rodata.__sf_fake_stdout
                0x8000dae0       0x20 e:/program x86/atmel/studio/7.0/toolchain/avr32/avr32-gnu-toolchain/bin/../lib/gcc/avr32/4.4.7/../../../../avr32/lib/ucr2\libc.a(lib_a-findfp.o)
                0x8000dae0                __sf_fake_stdout
 .rodata.__sf_fake_stderr
                0x8000db00       0x20 e:/program x86/atmel/studio/7.0/toolchain/avr32/avr32-gnu-toolchain/bin/../lib/gcc/avr32/4.4.7/../../../../avr32/lib/ucr2\libc.a(lib_a-findfp.o)
                0x8000db00                __sf_fake_stderr
 .rodata.str1.4
                0x8000db20        0x2 e:/program x86/atmel/studio/7.0/toolchain/avr32/avr32-gnu-toolchain/bin/../lib/gcc/avr32/4.4.7/../../../../avr32/lib/ucr2\libc.a(lib_a-impure.o)
                                  0x4 (size before relaxing)
 *fill*         0x8000db22        0x2 
 .rodata._global_impure_ptr
                0x8000db24        0x4 e:/program x86/atmel/studio/7.0/toolchain/avr32/avr32-gnu-toolchain/bin/../lib/gcc/avr32/4.4.7/../../../../avr32/lib/ucr2\libc.a(lib_a-impure.o)
                0x8000db24                _global_impure_ptr
 .rodata.lconv  0x8000db28       0x30 e:/program x86/atmel/studio/7.0/toolchain/avr32/avr32-gnu-toolchain/bin/../lib/gcc/avr32/4.4.7/../../../../avr32/lib/ucr2\libc.a(lib_a-locale.o)
 .rodata.str1.4
                0x8000db58        0xc e:/program x86/atmel/studio/7.0/toolchain/avr32/avr32-gnu-toolchain/bin/../lib/gcc/avr32/4.4.7/../../../../avr32/lib/ucr2\libc.a(lib_a-locale.o)
                                 0x18 (size before relaxing)
 .rodata.p05.2471
                0x8000db64        0xc e:/program x86/atmel/studio/7.0/toolchain/avr32/avr32-gnu-toolchain/bin/../lib/gcc/avr32/4.4.7/../../../../avr32/lib/ucr2\libc.a(lib_a-mprec.o)
 .rodata.__mprec_tens
                0x8000db70       0xc8 e:/program x86/atmel/studio/7.0/toolchain/avr32/avr32-gnu-toolchain/bin/../lib/gcc/avr32/4.4.7/../../../../avr32/lib/ucr2\libc.a(lib_a-mprec.o)
                0x8000db70                __mprec_tens
 .rodata.__mprec_bigtens
                0x8000dc38       0x28 e:/program x86/atmel/studio/7.0/toolchain/avr32/avr32-gnu-toolchain/bin/../lib/gcc/avr32/4.4.7/../../../../avr32/lib/ucr2\libc.a(lib_a-mprec.o)
                0x8000dc38                __mprec_bigtens

.rodata1
 *(.rodata1)

.eh_frame_hdr
 *(.eh_frame_hdr)

.eh_frame
 *(.eh_frame)

.gcc_except_table
 *(.gcc_except_table)
 *(.gcc_except_table.*)

.dalign         0x8000dc60        0x0
                0x8000dc60                . = ALIGN (0x8)
                0x8000dc60                PROVIDE (_data_lma, .)
                0x00000004                PROVIDE (_data, ORIGIN (CPUSRAM))
                0x00000004                . = ORIGIN (CPUSRAM)

.eh_frame
 *(.eh_frame)

.gcc_except_table
 *(.gcc_except_table)
 *(.gcc_except_table.*)

.tdata
 *(.tdata .tdata.* .gnu.linkonce.td.*)

.tbss
 *(.tbss .tbss.* .gnu.linkonce.tb.*)
 *(.tcommon)
                0x00000004                PROVIDE (__preinit_array_start, ALIGN (0x4))

.preinit_array
 *(.preinit_array)
                0x00000004                PROVIDE (__preinit_array_end, .)
                0x00000004                PROVIDE (__init_array_start, .)

.init_array
 *(.init_array)
                0x00000004                PROVIDE (__init_array_end, .)
                0x00000004                PROVIDE (__fini_array_start, .)

.fini_array
 *(.fini_array)
                0x00000004                PROVIDE (__fini_array_end, .)

.ctors
 *crtbegin*.o(.ctors)
 *(EXCLUDE_FILE(*crtend*.o) .ctors)
 *(SORT(.ctors.*))
 *(.ctors)

.dtors
 *crtbegin*.o(.dtors)
 *(EXCLUDE_FILE(*crtend*.o) .dtors)
 *(SORT(.dtors.*))
 *(.dtors)

.jcr
 *(.jcr)

.data.rel.ro
 *(.data.rel.ro.local)
 *(.data.rel.ro*)

.dynamic
 *(.dynamic)

.got
 *(.got.plt)
 *(.got)

.data           0x00000004      0xa30 load address 0x8000dc60
 *(.data .data.* .gnu.linkonce.d.*)
 .data.get_time_okay
                0x00000004        0x1 src/Application/app/app.o
 *fill*         0x00000005        0x3 
 .data.the_app_list
                0x00000008      0x4ec src/Application/app/app.o
 .data.xnl_proc_list
                0x000004f4       0x34 src/Application/radio/xnl.o
 .data.ulCriticalNesting
                0x00000528        0x4 src/ASF/thirdparty/freertos/freertos-7.0.0/source/portable/gcc/avr32_uc3/port.o
                0x00000528                ulCriticalNesting
 .data.xNextTaskUnblockTime
                0x0000052c        0x4 src/ASF/thirdparty/freertos/freertos-7.0.0/source/tasks.o
 .data.__malloc_av_
                0x00000530      0x408 e:/program x86/atmel/studio/7.0/toolchain/avr32/avr32-gnu-toolchain/bin/../lib/gcc/avr32/4.4.7/../../../../avr32/lib/ucr2\libc.a(lib_a-mallocr.o)
                0x00000530                __malloc_av_
 .data.__malloc_trim_threshold
                0x00000938        0x4 e:/program x86/atmel/studio/7.0/toolchain/avr32/avr32-gnu-toolchain/bin/../lib/gcc/avr32/4.4.7/../../../../avr32/lib/ucr2\libc.a(lib_a-mallocr.o)
                0x00000938                __malloc_trim_threshold
 .data.__malloc_sbrk_base
                0x0000093c        0x4 e:/program x86/atmel/studio/7.0/toolchain/avr32/avr32-gnu-toolchain/bin/../lib/gcc/avr32/4.4.7/../../../../avr32/lib/ucr2\libc.a(lib_a-mallocr.o)
                0x0000093c                __malloc_sbrk_base
 .data.impure_data
                0x00000940       0xf0 e:/program x86/atmel/studio/7.0/toolchain/avr32/avr32-gnu-toolchain/bin/../lib/gcc/avr32/4.4.7/../../../../avr32/lib/ucr2\libc.a(lib_a-impure.o)
 .data._impure_ptr
                0x00000a30        0x4 e:/program x86/atmel/studio/7.0/toolchain/avr32/avr32-gnu-toolchain/bin/../lib/gcc/avr32/4.4.7/../../../../avr32/lib/ucr2\libc.a(lib_a-impure.o)
                0x00000a30                _impure_ptr
 *(.gnu.linkonce.d.*personality*)

.data1
 *(.data1)

.balign         0x00000a34        0x4 load address 0x8000e690
                0x00000a38                . = ALIGN (0x8)
 *fill*         0x00000a34        0x4 
                0x00000a38                _edata = .
                0x00000a38                _edata = .
                0x00000a38                PROVIDE (edata, .)
                0x00000a38                __bss_start = .

.bss            0x00000a38     0xac40 load address 0x8000e690
 *(.dynbss)
 *(.bss .bss.* .gnu.linkonce.b.*)
 .bss.Speaker_is_unmute
                0x00000a38        0x1 src/Application/app/app.o
                0x00000a38                Speaker_is_unmute
 .bss.Battery_Flag
                0x00000a39        0x1 src/Application/app/app.o
                0x00000a39                Battery_Flag
 .bss.VF_SN     0x00000a3a        0x1 src/Application/app/app.o
                0x00000a3a                VF_SN
 *fill*         0x00000a3b        0x1 
 .bss.res.12759
                0x00000a3c        0x4 src/Application/app/app.o
 .bss.AMBE_tx_flag
                0x00000a40        0x1 src/Application/app/app.o
                0x00000a40                AMBE_tx_flag
 .bss.Radio_Transmit_State
                0x00000a41        0x1 src/Application/app/app.o
                0x00000a41                Radio_Transmit_State
 .bss.Call_Begin
                0x00000a42        0x1 src/Application/app/app.o
                0x00000a42                Call_Begin
 .bss.AMBE_rx_flag
                0x00000a43        0x1 src/Application/app/app.o
                0x00000a43                AMBE_rx_flag
 .bss.AMBE_Media
                0x00000a44        0x1 src/Application/app/app.o
                0x00000a44                AMBE_Media
 .bss.connect_flag
                0x00000a45        0x1 src/Application/app/app.o
 .bss.Mic_is_Enabled
                0x00000a46        0x1 src/Application/app/app.o
                0x00000a46                Mic_is_Enabled
 *fill*         0x00000a47        0x1 
 .bss.OB_State.12785
                0x00000a48        0x4 src/Application/app/app.o
 .bss.count_mutex
                0x00000a4c        0x4 src/Application/app/app.o
                0x00000a4c                count_mutex
 .bss.xLastWakeTime.12779
                0x00000a50        0x4 src/Application/app/app.o
 .bss.times_counter.12826
                0x00000a54        0x1 src/Application/app/app.o
 .bss.Terminator_Flag
                0x00000a55        0x1 src/Application/app/app.o
                0x00000a55                Terminator_Flag
 *fill*         0x00000a56        0x2 
 .bss.ulIdleCycleCount
                0x00000a58        0x4 src/Application/app/app.o
                0x00000a58                ulIdleCycleCount
 .bss.payload_rx_exec
                0x00000a5c        0x4 src/Application/radio/payload.o
                0x00000a5c                payload_rx_exec
 .bss.payload_tx_exec
                0x00000a60        0x4 src/Application/radio/payload.o
                0x00000a60                payload_tx_exec
 .bss.phy_tx_index.10647
                0x00000a64        0x1 src/Application/radio/physical.o
 *fill*         0x00000a65        0x3 
 .bss.RxBytesWaiting.10956
                0x00000a68        0x4 src/Application/radio/physical.o
 .bss.phy_rx_length.10690
                0x00000a6c        0x2 src/Application/radio/physical.o
 *fill*         0x00000a6e        0x2 
 .bss.RxData_IsFillingNext16.10955
                0x00000a70        0x4 src/Application/radio/physical.o
 .bss.AMBE_HT   0x00000a74        0x8 src/Application/radio/physical.o
 .bss.Item_ID.10961
                0x00000a7c        0x1 src/Application/radio/physical.o
 .bss.is_first.10960
                0x00000a7d        0x1 src/Application/radio/physical.o
 .bss.phy_rx_expexted_length.10689
                0x00000a7e        0x2 src/Application/radio/physical.o
 .bss.AMBE_payload_ptr.10959
                0x00000a80        0x4 src/Application/radio/physical.o
 .bss.phy_tx_state.10645
                0x00000a84        0x4 src/Application/radio/physical.o
 .bss.RxMedia_IsFillingNext16.10953
                0x00000a88        0x4 src/Application/radio/physical.o
 .bss.phy_frame_ptr.10688
                0x00000a8c        0x4 src/Application/radio/physical.o
 .bss.phy_ptr.10644
                0x00000a90        0x4 src/Application/radio/physical.o
 .bss.xnl_store_idle
                0x00000a94        0x4 src/Application/radio/physical.o
                0x00000a94                xnl_store_idle
 .bss.payload_store_idle
                0x00000a98        0x4 src/Application/radio/physical.o
                0x00000a98                payload_store_idle
 .bss.phy_rx_state.10692
                0x00000a9c        0x4 src/Application/radio/physical.o
 .bss.phy_check_sum.10691
                0x00000aa0        0x2 src/Application/radio/physical.o
 *fill*         0x00000aa2        0x2 
 .bss.phy_xnl_frame_rx
                0x00000aa4        0x4 src/Application/radio/physical.o
                0x00000aa4                phy_xnl_frame_rx
 .bss.payload_ptr.10958
                0x00000aa8        0x4 src/Application/radio/physical.o
 .bss.phy_tx_expexted_length.10646
                0x00000aac        0x2 src/Application/radio/physical.o
 *fill*         0x00000aae        0x2 
 .bss.m_RxBurstType
                0x00000ab0        0x4 src/Application/radio/physical.o
 .bss.RxAMBE_IsFillingNext8.10954
                0x00000ab4        0x4 src/Application/radio/physical.o
 .bss.phy_payload_frame_tx
                0x00000ab8        0x4 src/Application/radio/physical.o
                0x00000ab8                phy_payload_frame_tx
 .bss.phy_rx_count.10693
                0x00000abc        0x4 src/Application/radio/physical.o
 .bss.SDV_Index.10964
                0x00000ac0        0x1 src/Application/radio/physical.o
 *fill*         0x00000ac1        0x3 
 .bss.phy_xnl_frame_tx
                0x00000ac4        0x4 src/Application/radio/physical.o
                0x00000ac4                phy_xnl_frame_tx
 .bss.RxMediaState.10952
                0x00000ac8        0x4 src/Application/radio/physical.o
 .bss.ArrayDiscLength.10957
                0x00000acc        0x4 src/Application/radio/physical.o
 .bss.phy_payload_frame_rx
                0x00000ad0        0x4 src/Application/radio/physical.o
                0x00000ad0                phy_payload_frame_rx
 .bss.Item_Length.10962
                0x00000ad4        0x4 src/Application/radio/physical.o
 .bss.phy_rx_exec
                0x00000ad8        0x4 src/Application/radio/ssc.o
                0x00000ad8                phy_rx_exec
 .bss.count.9823
                0x00000adc        0x4 src/Application/radio/ssc.o
 .bss.phy_tx_exec
                0x00000ae0        0x4 src/Application/radio/ssc.o
                0x00000ae0                phy_tx_exec
 .bss.version_information
                0x00000ae4        0xc src/Application/radio/xcmp.o
                0x00000ae4                version_information
 .bss.clone_read
                0x00000af0        0xc src/Application/radio/xcmp.o
                0x00000af0                clone_read
 .bss.xcmp_frame_rx
                0x00000afc        0x4 src/Application/radio/xcmp.o
 .bss.clone_write
                0x00000b00        0xc src/Application/radio/xcmp.o
                0x00000b00                clone_write
 .bss.automatic_frequency_correction_control
                0x00000b0c        0xc src/Application/radio/xcmp.o
                0x00000b0c                automatic_frequency_correction_control
 .bss.language_pack_information
                0x00000b18        0xc src/Application/radio/xcmp.o
                0x00000b18                language_pack_information
 .bss.radio_status
                0x00000b24        0xc src/Application/radio/xcmp.o
                0x00000b24                radio_status
 .bss.xnl_timeout_semphr
                0x00000b30        0x4 src/Application/radio/xnl.o
 .bss.flags.10672
                0x00000b34        0x1 src/Application/radio/xnl.o
 *fill*         0x00000b35        0x3 
 .bss.xnl_tx_state.10716
                0x00000b38        0x4 src/Application/radio/xnl.o
 .bss.xnl_frame_tx
                0x00000b3c        0x4 src/Application/radio/xnl.o
 .bss.xnl_send_times.10717
                0x00000b40        0x4 src/Application/radio/xnl.o
 .bss.ptr.10718
                0x00000b44        0x4 src/Application/radio/xnl.o
 .bss.xcmp_exec
                0x00000b48        0x4 src/Application/radio/xnl.o
                0x00000b48                xcmp_exec
 .bss.xg_resend_queue
                0x00000b4c        0x4 src/Application/xgflash/xgflash.o
                0x00000b4c                xg_resend_queue
 .bss.message_storage_queue
                0x00000b50        0x4 src/Application/xgflash/xgflash.o
                0x00000b50                message_storage_queue
 .bss.xBinarySemaphore
                0x00000b54        0x4 src/Application/xgflash/xgflash.o
                0x00000b54                xBinarySemaphore
 .bss._int_line_handler_table_6
                0x00000b58        0x4 src/ASF/avr32/drivers/intc/intc.o
 .bss._int_line_handler_table_7
                0x00000b5c        0x4 src/ASF/avr32/drivers/intc/intc.o
 .bss._int_line_handler_table_8
                0x00000b60        0x4 src/ASF/avr32/drivers/intc/intc.o
 .bss._int_line_handler_table_9
                0x00000b64        0x4 src/ASF/avr32/drivers/intc/intc.o
 .bss._int_line_handler_table_10
                0x00000b68        0x4 src/ASF/avr32/drivers/intc/intc.o
 .bss._int_line_handler_table_11
                0x00000b6c        0x4 src/ASF/avr32/drivers/intc/intc.o
 .bss._int_line_handler_table_12
                0x00000b70        0x4 src/ASF/avr32/drivers/intc/intc.o
 .bss._int_line_handler_table_13
                0x00000b74        0x4 src/ASF/avr32/drivers/intc/intc.o
 .bss._int_line_handler_table_14
                0x00000b78        0xc src/ASF/avr32/drivers/intc/intc.o
 .bss._int_line_handler_table_15
                0x00000b84        0x4 src/ASF/avr32/drivers/intc/intc.o
 .bss._int_line_handler_table_16
                0x00000b88        0x4 src/ASF/avr32/drivers/intc/intc.o
 .bss._int_line_handler_table_17
                0x00000b8c        0x4 src/ASF/avr32/drivers/intc/intc.o
 .bss._int_line_handler_table_18
                0x00000b90        0x4 src/ASF/avr32/drivers/intc/intc.o
 .bss._int_line_handler_table_0
                0x00000b94        0x4 src/ASF/avr32/drivers/intc/intc.o
 .bss._int_line_handler_table_1
                0x00000b98       0x2c src/ASF/avr32/drivers/intc/intc.o
 .bss._int_line_handler_table_2
                0x00000bc4       0x18 src/ASF/avr32/drivers/intc/intc.o
 .bss._int_line_handler_table_3
                0x00000bdc       0x1c src/ASF/avr32/drivers/intc/intc.o
 .bss._int_line_handler_table_4
                0x00000bf8        0x4 src/ASF/avr32/drivers/intc/intc.o
 .bss._int_line_handler_table_5
                0x00000bfc        0x4 src/ASF/avr32/drivers/intc/intc.o
 .bss.uxMissedTicks
                0x00000c00        0x4 src/ASF/thirdparty/freertos/freertos-7.0.0/source/tasks.o
 .bss.uxTopUsedPriority
                0x00000c04        0x4 src/ASF/thirdparty/freertos/freertos-7.0.0/source/tasks.o
 .bss.pxDelayedTaskList
                0x00000c08        0x4 src/ASF/thirdparty/freertos/freertos-7.0.0/source/tasks.o
 .bss.xSchedulerRunning
                0x00000c0c        0x4 src/ASF/thirdparty/freertos/freertos-7.0.0/source/tasks.o
 .bss.uxTasksDeleted
                0x00000c10        0x4 src/ASF/thirdparty/freertos/freertos-7.0.0/source/tasks.o
 .bss.xNumOfOverflows
                0x00000c14        0x4 src/ASF/thirdparty/freertos/freertos-7.0.0/source/tasks.o
 .bss.pxOverflowDelayedTaskList
                0x00000c18        0x4 src/ASF/thirdparty/freertos/freertos-7.0.0/source/tasks.o
 .bss.pxReadyTasksLists
                0x00000c1c       0xa0 src/ASF/thirdparty/freertos/freertos-7.0.0/source/tasks.o
 .bss.xTasksWaitingTermination
                0x00000cbc       0x14 src/ASF/thirdparty/freertos/freertos-7.0.0/source/tasks.o
 .bss.pxCurrentTCB
                0x00000cd0        0x4 src/ASF/thirdparty/freertos/freertos-7.0.0/source/tasks.o
                0x00000cd0                pxCurrentTCB
 .bss.xPendingReadyList
                0x00000cd4       0x14 src/ASF/thirdparty/freertos/freertos-7.0.0/source/tasks.o
 .bss.xDelayedTaskList1
                0x00000ce8       0x14 src/ASF/thirdparty/freertos/freertos-7.0.0/source/tasks.o
 .bss.xTickCount
                0x00000cfc        0x4 src/ASF/thirdparty/freertos/freertos-7.0.0/source/tasks.o
 .bss.uxSchedulerSuspended
                0x00000d00        0x4 src/ASF/thirdparty/freertos/freertos-7.0.0/source/tasks.o
 .bss.xDelayedTaskList2
                0x00000d04       0x14 src/ASF/thirdparty/freertos/freertos-7.0.0/source/tasks.o
 .bss.uxTaskNumber
                0x00000d18        0x4 src/ASF/thirdparty/freertos/freertos-7.0.0/source/tasks.o
 .bss.uxCurrentNumberOfTasks
                0x00000d1c        0x4 src/ASF/thirdparty/freertos/freertos-7.0.0/source/tasks.o
 .bss.xMissedYield
                0x00000d20        0x4 src/ASF/thirdparty/freertos/freertos-7.0.0/source/tasks.o
 .bss.xSuspendedTaskList
                0x00000d24       0x14 src/ASF/thirdparty/freertos/freertos-7.0.0/source/tasks.o
 .bss.uxTopReadyPriority
                0x00000d38        0x4 src/ASF/thirdparty/freertos/freertos-7.0.0/source/tasks.o
 .bss.lench.11294
                0x00000d3c        0x1 src/Log/log.o
 .bss.lench.11364
                0x00000d3d        0x1 src/Log/log.o
 *fill*         0x00000d3e        0x2 
 .bss.__malloc_max_total_mem
                0x00000d40        0x4 e:/program x86/atmel/studio/7.0/toolchain/avr32/avr32-gnu-toolchain/bin/../lib/gcc/avr32/4.4.7/../../../../avr32/lib/ucr2\libc.a(lib_a-mallocr.o)
                0x00000d40                __malloc_max_total_mem
 .bss.__malloc_max_sbrked_mem
                0x00000d44        0x4 e:/program x86/atmel/studio/7.0/toolchain/avr32/avr32-gnu-toolchain/bin/../lib/gcc/avr32/4.4.7/../../../../avr32/lib/ucr2\libc.a(lib_a-mallocr.o)
                0x00000d44                __malloc_max_sbrked_mem
 .bss.__malloc_top_pad
                0x00000d48        0x4 e:/program x86/atmel/studio/7.0/toolchain/avr32/avr32-gnu-toolchain/bin/../lib/gcc/avr32/4.4.7/../../../../avr32/lib/ucr2\libc.a(lib_a-mallocr.o)
                0x00000d48                __malloc_top_pad
 .bss.__malloc_current_mallinfo
                0x00000d4c       0x28 e:/program x86/atmel/studio/7.0/toolchain/avr32/avr32-gnu-toolchain/bin/../lib/gcc/avr32/4.4.7/../../../../avr32/lib/ucr2\libc.a(lib_a-mallocr.o)
                0x00000d4c                __malloc_current_mallinfo
 .bss.cur_heap_pos.1869
                0x00000d74        0x4 e:/program x86/atmel/studio/7.0/toolchain/avr32/avr32-gnu-toolchain/bin/../lib/gcc/avr32/4.4.7/../../../../avr32/lib/ucr2\libc.a(lib_a-syscalls.o)
 *(COMMON)
 COMMON         0x00000d78        0xe src/Application/app/app.o
                0x00000d78                XCMP_Version
                0x00000d7c                bunchofrandomstatusflags
                0x00000d80                Current_time
 *fill*         0x00000d86        0x2 
 COMMON         0x00000d88     0x1004 src/Application/flash/data_flash.o
                0x00000d88                FLASH_BUF
                0x00001d88                spi
 COMMON         0x00001d8c      0x122 src/Application/radio/ambe.o
                0x00001d8c                AMBEBurst_rawdata
                0x00001d94                Radio_Internal_Data
                0x00001d98                AMBE_DecryptionKey
                0x00001da0                SendAMBEBurst_EncryptionPackage
                0x00001e90                VBSP_data
                0x00001e94                Soft_Decision_Data
 COMMON         0x00001eae     0x7800 src/Application/radio/physical.o
                0x00001eae                payload_store
                0x000032ae                xnl_store
 *fill*         0x000096ae        0x2 
 COMMON         0x000096b0       0x4c src/Application/radio/ssc.o
                0x000096b0                intDuration
                0x000096b4                BufferIndex
                0x000096b8                intStartCount
                0x000096bc                RxBuffer
                0x000096dc                TxBuffer
 COMMON         0x000096fc        0x4 src/Application/radio/xcmp.o
                0x000096fc                app_list
 COMMON         0x00009700        0xa src/Application/radio/xnl.o
                0x00009700                xnl_information
 *fill*         0x0000970a        0x2 
 COMMON         0x0000970c       0x18 src/Application/RFID/RFID.o
                0x0000970c                RFID
                0x0000971c                CT
                0x00009720                SN
 COMMON         0x00009724     0x1f44 src/Application/xgflash/xgflash.o
                0x00009724                message_store
                0x0000b664                save_handle
 COMMON         0x0000b668        0x4 src/ASF/avr32/drivers/spi/spi.o
                0x0000b668                xSPIMutex
 COMMON         0x0000b66c        0x4 src/ASF/thirdparty/freertos/freertos-7.0.0/source/portable/gcc/avr32_uc3/write.o
                0x0000b66c                stdio_usart_base
 COMMON         0x0000b670        0x4 src/Log/log.o
                0x0000b670                logQueue
 COMMON         0x0000b674        0x4 e:/program x86/atmel/studio/7.0/toolchain/avr32/avr32-gnu-toolchain/bin/../lib/gcc/avr32/4.4.7/../../../../avr32/lib/ucr2\libc.a(lib_a-reent.o)
                0x0000b674                errno
                0x0000b678                . = ALIGN (0x8)
                0x0000b678                . = ALIGN (0x8)
                0x0000b678                _end = .
                0x0000b678                PROVIDE (end, .)
                0x0000b678                __heap_start__ = ALIGN (0x8)
                0x00017000                . = ((ORIGIN (CPUSRAM) + 0x17ffc) - _stack_size)
                0x00017000                __heap_end__ = .

.stab
 *(.stab)

.stabstr
 *(.stabstr)

.stab.excl
 *(.stab.excl)

.stab.exclstr
 *(.stab.exclstr)

.stab.index
 *(.stab.index)

.stab.indexstr
 *(.stab.indexstr)

.comment        0x00000000       0x30
 *(.comment)
 .comment       0x00000000       0x30 src/Application/app/app.o
                                 0x31 (size before relaxing)
 .comment       0x00000000       0x31 src/Application/flash/data_flash.o
 .comment       0x00000000       0x31 src/Application/radio/ambe.o
 .comment       0x00000000       0x31 src/Application/radio/payload.o
 .comment       0x00000000       0x31 src/Application/radio/physical.o
 .comment       0x00000000       0x31 src/Application/radio/ssc.o
 .comment       0x00000000       0x31 src/Application/radio/xcmp.o
 .comment       0x00000000       0x31 src/Application/radio/xnl.o
 .comment       0x00000000       0x31 src/Application/RFID/MFRC522/rc522.o
 .comment       0x00000000       0x31 src/Application/RFID/RFID.o
 .comment       0x00000000       0x31 src/Application/timers/timer.o
 .comment       0x00000000       0x31 src/Application/xgflash/xgflash.o
 .comment       0x00000000       0x31 src/ASF/avr32/drivers/flashc/flashc.o
 .comment       0x00000000       0x31 src/ASF/avr32/drivers/gpio/gpio.o
 .comment       0x00000000       0x31 src/ASF/avr32/drivers/intc/intc.o
 .comment       0x00000000       0x31 src/ASF/avr32/drivers/pm/pm.o
 .comment       0x00000000       0x31 src/ASF/avr32/drivers/spi/spi.o
 .comment       0x00000000       0x31 src/ASF/avr32/drivers/usart/usart.o
 .comment       0x00000000       0x31 src/ASF/thirdparty/freertos/freertos-7.0.0/source/list.o
 .comment       0x00000000       0x31 src/ASF/thirdparty/freertos/freertos-7.0.0/source/portable/gcc/avr32_uc3/port.o
 .comment       0x00000000       0x31 src/ASF/thirdparty/freertos/freertos-7.0.0/source/portable/gcc/avr32_uc3/read.o
 .comment       0x00000000       0x31 src/ASF/thirdparty/freertos/freertos-7.0.0/source/portable/gcc/avr32_uc3/write.o
 .comment       0x00000000       0x31 src/ASF/thirdparty/freertos/freertos-7.0.0/source/portable/memmang/heap_3.o
 .comment       0x00000000       0x31 src/ASF/thirdparty/freertos/freertos-7.0.0/source/queue.o
 .comment       0x00000000       0x31 src/ASF/thirdparty/freertos/freertos-7.0.0/source/tasks.o
 .comment       0x00000000       0x31 src/Log/log.o
 .comment       0x00000000       0x31 src/main.o
 .comment       0x00000000       0x31 e:/program x86/atmel/studio/7.0/toolchain/avr32/avr32-gnu-toolchain/bin/../lib/gcc/avr32/4.4.7/../../../../avr32/lib/ucr2\libc.a(lib_a-malloc.o)
 .comment       0x00000000       0x31 e:/program x86/atmel/studio/7.0/toolchain/avr32/avr32-gnu-toolchain/bin/../lib/gcc/avr32/4.4.7/../../../../avr32/lib/ucr2\libc.a(lib_a-mallocr.o)
 .comment       0x00000000       0x31 e:/program x86/atmel/studio/7.0/toolchain/avr32/avr32-gnu-toolchain/bin/../lib/gcc/avr32/4.4.7/../../../../avr32/lib/ucr2\libc.a(lib_a-memset.o)
 .comment       0x00000000       0x31 e:/program x86/atmel/studio/7.0/toolchain/avr32/avr32-gnu-toolchain/bin/../lib/gcc/avr32/4.4.7/../../../../avr32/lib/ucr2\libc.a(lib_a-reallocr.o)
 .comment       0x00000000       0x31 e:/program x86/atmel/studio/7.0/toolchain/avr32/avr32-gnu-toolchain/bin/../lib/gcc/avr32/4.4.7/../../../../avr32/lib/ucr2\libc.a(lib_a-sbrkr.o)
 .comment       0x00000000       0x31 e:/program x86/atmel/studio/7.0/toolchain/avr32/avr32-gnu-toolchain/bin/../lib/gcc/avr32/4.4.7/../../../../avr32/lib/ucr2\libc.a(lib_a-sprintf.o)
 .comment       0x00000000       0x31 e:/program x86/atmel/studio/7.0/toolchain/avr32/avr32-gnu-toolchain/bin/../lib/gcc/avr32/4.4.7/../../../../avr32/lib/ucr2\libc.a(lib_a-syscalls.o)
 .comment       0x00000000       0x31 e:/program x86/atmel/studio/7.0/toolchain/avr32/avr32-gnu-toolchain/bin/../lib/gcc/avr32/4.4.7/../../../../avr32/lib/ucr2\libc.a(lib_a-vfprintf.o)
 .comment       0x00000000       0x31 e:/program x86/atmel/studio/7.0/toolchain/avr32/avr32-gnu-toolchain/bin/../lib/gcc/avr32/4.4.7/../../../../avr32/lib/ucr2\libc.a(lib_a-wsetup.o)
 .comment       0x00000000       0x31 e:/program x86/atmel/studio/7.0/toolchain/avr32/avr32-gnu-toolchain/bin/../lib/gcc/avr32/4.4.7/../../../../avr32/lib/ucr2\libc.a(lib_a-dtoa.o)
 .comment       0x00000000       0x31 e:/program x86/atmel/studio/7.0/toolchain/avr32/avr32-gnu-toolchain/bin/../lib/gcc/avr32/4.4.7/../../../../avr32/lib/ucr2\libc.a(lib_a-errno.o)
 .comment       0x00000000       0x31 e:/program x86/atmel/studio/7.0/toolchain/avr32/avr32-gnu-toolchain/bin/../lib/gcc/avr32/4.4.7/../../../../avr32/lib/ucr2\libc.a(lib_a-fflush.o)
 .comment       0x00000000       0x31 e:/program x86/atmel/studio/7.0/toolchain/avr32/avr32-gnu-toolchain/bin/../lib/gcc/avr32/4.4.7/../../../../avr32/lib/ucr2\libc.a(lib_a-findfp.o)
 .comment       0x00000000       0x31 e:/program x86/atmel/studio/7.0/toolchain/avr32/avr32-gnu-toolchain/bin/../lib/gcc/avr32/4.4.7/../../../../avr32/lib/ucr2\libc.a(lib_a-freer.o)
 .comment       0x00000000       0x31 e:/program x86/atmel/studio/7.0/toolchain/avr32/avr32-gnu-toolchain/bin/../lib/gcc/avr32/4.4.7/../../../../avr32/lib/ucr2\libc.a(lib_a-fvwrite.o)
 .comment       0x00000000       0x31 e:/program x86/atmel/studio/7.0/toolchain/avr32/avr32-gnu-toolchain/bin/../lib/gcc/avr32/4.4.7/../../../../avr32/lib/ucr2\libc.a(lib_a-fwalk.o)
 .comment       0x00000000       0x31 e:/program x86/atmel/studio/7.0/toolchain/avr32/avr32-gnu-toolchain/bin/../lib/gcc/avr32/4.4.7/../../../../avr32/lib/ucr2\libc.a(lib_a-impure.o)
 .comment       0x00000000       0x31 e:/program x86/atmel/studio/7.0/toolchain/avr32/avr32-gnu-toolchain/bin/../lib/gcc/avr32/4.4.7/../../../../avr32/lib/ucr2\libc.a(lib_a-locale.o)
 .comment       0x00000000       0x31 e:/program x86/atmel/studio/7.0/toolchain/avr32/avr32-gnu-toolchain/bin/../lib/gcc/avr32/4.4.7/../../../../avr32/lib/ucr2\libc.a(lib_a-makebuf.o)
 .comment       0x00000000       0x31 e:/program x86/atmel/studio/7.0/toolchain/avr32/avr32-gnu-toolchain/bin/../lib/gcc/avr32/4.4.7/../../../../avr32/lib/ucr2\libc.a(lib_a-memchr.o)
 .comment       0x00000000       0x31 e:/program x86/atmel/studio/7.0/toolchain/avr32/avr32-gnu-toolchain/bin/../lib/gcc/avr32/4.4.7/../../../../avr32/lib/ucr2\libc.a(lib_a-memmove.o)
 .comment       0x00000000       0x31 e:/program x86/atmel/studio/7.0/toolchain/avr32/avr32-gnu-toolchain/bin/../lib/gcc/avr32/4.4.7/../../../../avr32/lib/ucr2\libc.a(lib_a-mprec.o)
 .comment       0x00000000       0x31 e:/program x86/atmel/studio/7.0/toolchain/avr32/avr32-gnu-toolchain/bin/../lib/gcc/avr32/4.4.7/../../../../avr32/lib/ucr2\libc.a(lib_a-reent.o)
 .comment       0x00000000       0x31 e:/program x86/atmel/studio/7.0/toolchain/avr32/avr32-gnu-toolchain/bin/../lib/gcc/avr32/4.4.7/../../../../avr32/lib/ucr2\libc.a(lib_a-s_isinfd.o)
 .comment       0x00000000       0x31 e:/program x86/atmel/studio/7.0/toolchain/avr32/avr32-gnu-toolchain/bin/../lib/gcc/avr32/4.4.7/../../../../avr32/lib/ucr2\libc.a(lib_a-s_isnand.o)
 .comment       0x00000000       0x31 e:/program x86/atmel/studio/7.0/toolchain/avr32/avr32-gnu-toolchain/bin/../lib/gcc/avr32/4.4.7/../../../../avr32/lib/ucr2\libc.a(lib_a-stdio.o)
 .comment       0x00000000       0x31 e:/program x86/atmel/studio/7.0/toolchain/avr32/avr32-gnu-toolchain/bin/../lib/gcc/avr32/4.4.7/../../../../avr32/lib/ucr2\libc.a(lib_a-strlen.o)
 .comment       0x00000000       0x31 e:/program x86/atmel/studio/7.0/toolchain/avr32/avr32-gnu-toolchain/bin/../lib/gcc/avr32/4.4.7/../../../../avr32/lib/ucr2\libc.a(lib_a-writer.o)
 .comment       0x00000000       0x31 e:/program x86/atmel/studio/7.0/toolchain/avr32/avr32-gnu-toolchain/bin/../lib/gcc/avr32/4.4.7/../../../../avr32/lib/ucr2\libc.a(lib_a-callocr.o)
 .comment       0x00000000       0x31 e:/program x86/atmel/studio/7.0/toolchain/avr32/avr32-gnu-toolchain/bin/../lib/gcc/avr32/4.4.7/../../../../avr32/lib/ucr2\libc.a(lib_a-closer.o)
 .comment       0x00000000       0x31 e:/program x86/atmel/studio/7.0/toolchain/avr32/avr32-gnu-toolchain/bin/../lib/gcc/avr32/4.4.7/../../../../avr32/lib/ucr2\libc.a(lib_a-fclose.o)
 .comment       0x00000000       0x31 e:/program x86/atmel/studio/7.0/toolchain/avr32/avr32-gnu-toolchain/bin/../lib/gcc/avr32/4.4.7/../../../../avr32/lib/ucr2\libc.a(lib_a-fstatr.o)
 .comment       0x00000000       0x31 e:/program x86/atmel/studio/7.0/toolchain/avr32/avr32-gnu-toolchain/bin/../lib/gcc/avr32/4.4.7/../../../../avr32/lib/ucr2\libc.a(lib_a-lseekr.o)
 .comment       0x00000000       0x31 e:/program x86/atmel/studio/7.0/toolchain/avr32/avr32-gnu-toolchain/bin/../lib/gcc/avr32/4.4.7/../../../../avr32/lib/ucr2\libc.a(lib_a-readr.o)
 .comment       0x00000000       0x31 e:/program x86/atmel/studio/7.0/toolchain/avr32/avr32-gnu-toolchain/bin/../lib/gcc/avr32/4.4.7/ucr2\libgcc.a(_udivdi3.o)
 .comment       0x00000000       0x31 e:/program x86/atmel/studio/7.0/toolchain/avr32/avr32-gnu-toolchain/bin/../lib/gcc/avr32/4.4.7/ucr2\libgcc.a(_umoddi3.o)

.debug
 *(.debug)

.line
 *(.line)

.debug_srcinfo
 *(.debug_srcinfo)

.debug_sfnames
 *(.debug_sfnames)

.debug_aranges  0x00000000     0x1680
 *(.debug_aranges)
 .debug_aranges
                0x00000000      0x128 src/Application/app/app.o
 .debug_aranges
                0x00000128       0x90 src/Application/flash/data_flash.o
 .debug_aranges
                0x000001b8       0x20 src/Application/radio/ambe.o
 .debug_aranges
                0x000001d8       0x20 src/Application/radio/payload.o
 .debug_aranges
                0x000001f8       0x68 src/Application/radio/physical.o
 .debug_aranges
                0x00000260       0x40 src/Application/radio/ssc.o
 .debug_aranges
                0x000002a0       0xf8 src/Application/radio/xcmp.o
 .debug_aranges
                0x00000398       0x70 src/Application/radio/xnl.o
 .debug_aranges
                0x00000408       0xe8 src/Application/RFID/MFRC522/rc522.o
 .debug_aranges
                0x000004f0       0x38 src/Application/RFID/RFID.o
 .debug_aranges
                0x00000528       0x50 src/Application/timers/timer.o
 .debug_aranges
                0x00000578       0x48 src/Application/xgflash/xgflash.o
 .debug_aranges
                0x000005c0      0x218 src/ASF/avr32/drivers/flashc/flashc.o
 .debug_aranges
                0x000007d8      0x100 src/ASF/avr32/drivers/gpio/gpio.o
 .debug_aranges
                0x000008d8       0x38 src/ASF/avr32/drivers/intc/intc.o
 .debug_aranges
                0x00000910      0x190 src/ASF/avr32/drivers/pm/pm.o
 .debug_aranges
                0x00000aa0       0xa8 src/ASF/avr32/drivers/spi/spi.o
 .debug_aranges
                0x00000b48       0xe0 src/ASF/avr32/drivers/usart/usart.o
 .debug_aranges
                0x00000c28       0x28 src/ASF/avr32/utils/startup/startup_uc3.o
 .debug_aranges
                0x00000c50       0x20 src/ASF/avr32/utils/startup/trampoline_uc3.o
 .debug_aranges
                0x00000c70       0x40 src/ASF/thirdparty/freertos/freertos-7.0.0/source/list.o
 .debug_aranges
                0x00000cb0       0x20 src/ASF/thirdparty/freertos/freertos-7.0.0/source/portable/gcc/avr32_uc3/exception.o
 .debug_aranges
                0x00000cd0       0x78 src/ASF/thirdparty/freertos/freertos-7.0.0/source/portable/gcc/avr32_uc3/port.o
 .debug_aranges
                0x00000d48       0x20 src/ASF/thirdparty/freertos/freertos-7.0.0/source/portable/gcc/avr32_uc3/read.o
 .debug_aranges
                0x00000d68       0x20 src/ASF/thirdparty/freertos/freertos-7.0.0/source/portable/gcc/avr32_uc3/write.o
 .debug_aranges
                0x00000d88       0x28 src/ASF/thirdparty/freertos/freertos-7.0.0/source/portable/memmang/heap_3.o
 .debug_aranges
                0x00000db0       0x90 src/ASF/thirdparty/freertos/freertos-7.0.0/source/queue.o
 .debug_aranges
                0x00000e40      0x110 src/ASF/thirdparty/freertos/freertos-7.0.0/source/tasks.o
 .debug_aranges
                0x00000f50       0x50 src/Log/log.o
 .debug_aranges
                0x00000fa0       0x20 src/main.o
 .debug_aranges
                0x00000fc0       0x28 e:/program x86/atmel/studio/7.0/toolchain/avr32/avr32-gnu-toolchain/bin/../lib/gcc/avr32/4.4.7/../../../../avr32/lib/ucr2\libc.a(lib_a-malloc.o)
 .debug_aranges