Archive member included because of file (symbol)

d:/program files (x86)/atmel/studio/7.0/toolchain/avr32/avr32-gnu-toolchain/bin/../lib/gcc/avr32/4.4.7/../../../../avr32/lib/ucr2\libc.a(lib_a-malloc.o)
                              src/ASF/thirdparty/freertos/freertos-7.0.0/source/portable/memmang/heap_3.o (free)
d:/program files (x86)/atmel/studio/7.0/toolchain/avr32/avr32-gnu-toolchain/bin/../lib/gcc/avr32/4.4.7/../../../../avr32/lib/ucr2\libc.a(lib_a-mallocr.o)
                              d:/program files (x86)/atmel/studio/7.0/toolchain/avr32/avr32-gnu-toolchain/bin/../lib/gcc/avr32/4.4.7/../../../../avr32/lib/ucr2\libc.a(lib_a-malloc.o) (_malloc_r)
d:/program files (x86)/atmel/studio/7.0/toolchain/avr32/avr32-gnu-toolchain/bin/../lib/gcc/avr32/4.4.7/../../../../avr32/lib/ucr2\libc.a(lib_a-memcmp.o)
                              src/Application/voice/voice.o (memcmp)
d:/program files (x86)/atmel/studio/7.0/toolchain/avr32/avr32-gnu-toolchain/bin/../lib/gcc/avr32/4.4.7/../../../../avr32/lib/ucr2\libc.a(lib_a-memcpy.o)
                              src/Application/flash/data_flash.o (memcpy)
d:/program files (x86)/atmel/studio/7.0/toolchain/avr32/avr32-gnu-toolchain/bin/../lib/gcc/avr32/4.4.7/../../../../avr32/lib/ucr2\libc.a(lib_a-memset.o)
                              src/Application/radio/physical.o (memset)
d:/program files (x86)/atmel/studio/7.0/toolchain/avr32/avr32-gnu-toolchain/bin/../lib/gcc/avr32/4.4.7/../../../../avr32/lib/ucr2\libc.a(lib_a-realloc.o)
                              src/ASF/thirdparty/freertos/freertos-7.0.0/source/portable/gcc/avr32_uc3/port.o (realloc)
d:/program files (x86)/atmel/studio/7.0/toolchain/avr32/avr32-gnu-toolchain/bin/../lib/gcc/avr32/4.4.7/../../../../avr32/lib/ucr2\libc.a(lib_a-reallocr.o)
                              d:/program files (x86)/atmel/studio/7.0/toolchain/avr32/avr32-gnu-toolchain/bin/../lib/gcc/avr32/4.4.7/../../../../avr32/lib/ucr2\libc.a(lib_a-realloc.o) (_realloc_r)
d:/program files (x86)/atmel/studio/7.0/toolchain/avr32/avr32-gnu-toolchain/bin/../lib/gcc/avr32/4.4.7/../../../../avr32/lib/ucr2\libc.a(lib_a-sbrkr.o)
                              d:/program files (x86)/atmel/studio/7.0/toolchain/avr32/avr32-gnu-toolchain/bin/../lib/gcc/avr32/4.4.7/../../../../avr32/lib/ucr2\libc.a(lib_a-mallocr.o) (_sbrk_r)
d:/program files (x86)/atmel/studio/7.0/toolchain/avr32/avr32-gnu-toolchain/bin/../lib/gcc/avr32/4.4.7/../../../../avr32/lib/ucr2\libc.a(lib_a-sprintf.o)
                              src/Log/log.o (sprintf)
d:/program files (x86)/atmel/studio/7.0/toolchain/avr32/avr32-gnu-toolchain/bin/../lib/gcc/avr32/4.4.7/../../../../avr32/lib/ucr2\libc.a(lib_a-strncpy.o)
                              src/ASF/thirdparty/freertos/freertos-7.0.0/source/tasks.o (strncpy)
d:/program files (x86)/atmel/studio/7.0/toolchain/avr32/avr32-gnu-toolchain/bin/../lib/gcc/avr32/4.4.7/../../../../avr32/lib/ucr2\libc.a(lib_a-syscalls.o)
                              d:/program files (x86)/atmel/studio/7.0/toolchain/avr32/avr32-gnu-toolchain/bin/../lib/gcc/avr32/4.4.7/../../../../avr32/lib/ucr2\libc.a(lib_a-sbrkr.o) (_sbrk)
d:/program files (x86)/atmel/studio/7.0/toolchain/avr32/avr32-gnu-toolchain/bin/../lib/gcc/avr32/4.4.7/../../../../avr32/lib/ucr2\libc.a(lib_a-vfprintf.o)
                              d:/program files (x86)/atmel/studio/7.0/toolchain/avr32/avr32-gnu-toolchain/bin/../lib/gcc/avr32/4.4.7/../../../../avr32/lib/ucr2\libc.a(lib_a-sprintf.o) (_vfprintf_r)
d:/program files (x86)/atmel/studio/7.0/toolchain/avr32/avr32-gnu-toolchain/bin/../lib/gcc/avr32/4.4.7/../../../../avr32/lib/ucr2\libc.a(lib_a-wsetup.o)
                              d:/program files (x86)/atmel/studio/7.0/toolchain/avr32/avr32-gnu-toolchain/bin/../lib/gcc/avr32/4.4.7/../../../../avr32/lib/ucr2\libc.a(lib_a-vfprintf.o) (__swsetup_r)
d:/program files (x86)/atmel/studio/7.0/toolchain/avr32/avr32-gnu-toolchain/bin/../lib/gcc/avr32/4.4.7/../../../../avr32/lib/ucr2\libc.a(lib_a-dtoa.o)
                              d:/program files (x86)/atmel/studio/7.0/toolchain/avr32/avr32-gnu-toolchain/bin/../lib/gcc/avr32/4.4.7/../../../../avr32/lib/ucr2\libc.a(lib_a-vfprintf.o) (_dtoa_r)
d:/program files (x86)/atmel/studio/7.0/toolchain/avr32/avr32-gnu-toolchain/bin/../lib/gcc/avr32/4.4.7/../../../../avr32/lib/ucr2\libc.a(lib_a-errno.o)
                              d:/program files (x86)/atmel/studio/7.0/toolchain/avr32/avr32-gnu-toolchain/bin/../lib/gcc/avr32/4.4.7/../../../../avr32/lib/ucr2\libc.a(lib_a-syscalls.o) (__errno)
d:/program files (x86)/atmel/studio/7.0/toolchain/avr32/avr32-gnu-toolchain/bin/../lib/gcc/avr32/4.4.7/../../../../avr32/lib/ucr2\libc.a(lib_a-fflush.o)
                              d:/program files (x86)/atmel/studio/7.0/toolchain/avr32/avr32-gnu-toolchain/bin/../lib/gcc/avr32/4.4.7/../../../../avr32/lib/ucr2\libc.a(lib_a-vfprintf.o) (_fflush_r)
[...]
Memory Configuration

Name             Origin             Length             Attributes
FLASH            0x80000000         0x00080000         axrl !w
CPUSRAM          0x00000004         0x00017ffc         axw !rl
USERPAGE         0x80800000         0x00000200
FACTORYPAGE      0x80800200         0x00000200
*default*        0x00000000         0xffffffff

Linker script and memory map

                0x00001000                _stack_size = 0x1000
LOAD src/Application/app/app.o
LOAD src/Application/flash/data_flash.o
LOAD src/Application/radio/ambe.o
LOAD src/Application/radio/AMBE_audio.o
LOAD src/Application/radio/AMBE_audio_2.o
LOAD src/Application/radio/audio.o
LOAD src/Application/radio/payload.o
LOAD src/Application/radio/physical.o
LOAD src/Application/radio/ssc.o
LOAD src/Application/radio/xcmp.o
LOAD src/Application/radio/xnl.o
LOAD src/Application/RFID/MFRC522/rc522.o
LOAD src/Application/RFID/RFID.o
LOAD src/Application/rtc/rtc.o
LOAD src/Application/timers/timer.o
LOAD src/Application/voice/voice.o
LOAD src/ASF/avr32/drivers/flashc/flashc.o
LOAD src/ASF/avr32/drivers/gpio/gpio.o
LOAD src/ASF/avr32/drivers/intc/intc.o
LOAD src/ASF/avr32/drivers/pm/pm.o
LOAD src/ASF/avr32/drivers/pm/pm_conf_clocks.o
LOAD src/ASF/avr32/drivers/pm/power_clocks_lib.o
LOAD src/ASF/avr32/drivers/spi/spi.o
LOAD src/ASF/avr32/drivers/tc/tc.o
LOAD src/ASF/avr32/drivers/twi/twi.o
LOAD src/ASF/avr32/drivers/usart/usart.o
LOAD src/ASF/avr32/utils/startup/startup_uc3.o
LOAD src/ASF/avr32/utils/startup/trampoline_uc3.o
LOAD src/ASF/common/boards/user_board/init.o
LOAD src/ASF/common/services/clock/uc3b0_b1/sysclk.o
LOAD src/ASF/common/services/spi/uc3_spi/spi_master.o
LOAD src/ASF/common/services/spi/uc3_usart_spi/usart_spi.o
LOAD src/ASF/thirdparty/freertos/freertos-7.0.0/source/croutine.o
LOAD src/ASF/thirdparty/freertos/freertos-7.0.0/source/list.o
LOAD src/ASF/thirdparty/freertos/freertos-7.0.0/source/portable/gcc/avr32_uc3/exception.o
LOAD src/ASF/thirdparty/freertos/freertos-7.0.0/source/portable/gcc/avr32_uc3/port.o
LOAD src/ASF/thirdparty/freertos/freertos-7.0.0/source/portable/gcc/avr32_uc3/read.o
LOAD src/ASF/thirdparty/freertos/freertos-7.0.0/source/portable/gcc/avr32_uc3/write.o
LOAD src/ASF/thirdparty/freertos/freertos-7.0.0/source/portable/memmang/heap_3.o
LOAD src/ASF/thirdparty/freertos/freertos-7.0.0/source/queue.o
LOAD src/ASF/thirdparty/freertos/freertos-7.0.0/source/tasks.o
LOAD src/Log/log.o
LOAD src/main.o
START GROUP
LOAD d:/program files (x86)/atmel/studio/7.0/toolchain/avr32/avr32-gnu-toolchain/bin/../lib/gcc/avr32/4.4.7/../../../../avr32/lib/ucr2\libm.a
END GROUP
LOAD d:/program files (x86)/atmel/studio/7.0/toolchain/avr32/avr32-gnu-toolchain/bin/../lib/gcc/avr32/4.4.7/ucr2\libgcc.a
LOAD d:/program files (x86)/atmel/studio/7.0/toolchain/avr32/avr32-gnu-toolchain/bin/../lib/gcc/avr32/4.4.7/../../../../avr32/lib/ucr2\libc.a
LOAD d:/program files (x86)/atmel/studio/7.0/toolchain/avr32/avr32-gnu-toolchain/bin/../lib/gcc/avr32/4.4.7/ucr2\libgcc.a
                0x80000000                PROVIDE (__executable_start, 0x80000000)
                0x80000000                . = 0x80000000

.interp
 *(.interp)

.reset          0x80000000     0x2004
 *(.reset)
 .reset         0x80000000     0x2004 src/ASF/avr32/utils/startup/trampoline_uc3.o
                               0x2008 (size before relaxing)
                0x80000000                _trampoline

.hash
 *(.hash)

.dynsym
 *(.dynsym)

.dynstr
 *(.dynstr)

.gnu.version
 *(.gnu.version)

.gnu.version_d
 *(.gnu.version_d)

.gnu.version_r
 *(.gnu.version_r)

.rel.init
 *(.rel.init)

.rela.init
 *(.rela.init)

.rel.text
 *(.rel.text .rel.text.* .rel.gnu.linkonce.t.*)

.rela.text
 *(.rela.text .rela.text.* .rela.gnu.linkonce.t.*)

.rel.fini
 *(.rel.fini)

.rela.fini
 *(.rela.fini)

.rel.rodata
 *(.rel.rodata .rel.rodata.* .rel.gnu.linkonce.r.*)

.rela.rodata
 *(.rela.rodata .rela.rodata.* .rela.gnu.linkonce.r.*)

.rel.data.rel.ro
 *(.rel.data.rel.ro*)

.rela.data.rel.ro
 *(.rel.data.rel.ro*)

.rel.data
 *(.rel.data .rel.data.* .rel.gnu.linkonce.d.*)

.rela.data
 *(.rela.data .rela.data.* .rela.gnu.linkonce.d.*)

.rel.tdata
 *(.rel.tdata .rel.tdata.* .rel.gnu.linkonce.td.*)

.rela.tdata
 *(.rela.tdata .rela.tdata.* .rela.gnu.linkonce.td.*)

.rel.tbss
 *(.rel.tbss .rel.tbss.* .rel.gnu.linkonce.tb.*)

.rela.tbss
 *(.rela.tbss .rela.tbss.* .rela.gnu.linkonce.tb.*)

.rel.ctors
 *(.rel.ctors)

.rela.ctors
 *(.rela.ctors)

.rel.dtors
 *(.rel.dtors)

.rela.dtors
 *(.rela.dtors)

.rel.got
 *(.rel.got)

.rela.got       0x80002004        0x0
 *(.rela.got)
 .rela.got      0x80002004        0x0 src/Application/app/app.o

.rel.bss
 *(.rel.bss .rel.bss.* .rel.gnu.linkonce.b.*)

.rela.bss
 *(.rela.bss .rela.bss.* .rela.gnu.linkonce.b.*)

.rel.plt
 *(.rel.plt)

.rela.plt
 *(.rela.plt)

.init
 *(.init)

.plt
 *(.plt)

.text           0x80002004     0x9da4
 *(.text .stub .text.* .gnu.linkonce.t.*)
 .text.DeviceManagement_brdcst_func
                0x80002004       0x24 src/Application/app/app.o
                0x80002004                DeviceManagement_brdcst_func
 .text.Volume_brdcst_func
                0x80002028        0x2 src/Application/app/app.o
                0x80002028                Volume_brdcst_func
 .text.AudioRoutingControl_brdcst_func
                0x8000202a        0x2 src/Application/app/app.o
                0x8000202a                AudioRoutingControl_brdcst_func
 .text.vApplicationIdleHook
                0x8000202c       0x10 src/Application/app/app.o
                0x8000202c                vApplicationIdleHook
 .text.app_init
                0x8000203c       0x54 src/Application/app/app.o
                0x8000203c                app_init
 .text.app_payload_tx_proc
                0x80002090       0x14 src/Application/app/app.o
 .text.FD_brdcst_func
                0x800020a4       0x14 src/Application/app/app.o
                0x800020a4                FD_brdcst_func
 .text.FD_reply_func
                0x800020b8       0x14 src/Application/app/app.o
                0x800020b8                FD_reply_func
 .text.FD_request_func
                0x800020cc       0x14 src/Application/app/app.o
                0x800020cc                FD_request_func
 .text.EnOB_brdcst_func
                0x800020e0       0x14 src/Application/app/app.o
                0x800020e0                EnOB_brdcst_func
 .text.EnOB_reply_func
                0x800020f4       0x70 src/Application/app/app.o
                0x800020f4                EnOB_reply_func
 .text.SingleDetection_brdcst_func
                0x80002164       0x1c src/Application/app/app.o
                0x80002164                SingleDetection_brdcst_func
 .text.ButtonConfig_brdcst_func
                0x80002180       0xdc src/Application/app/app.o
                0x80002180                ButtonConfig_brdcst_func
 .text.Phyuserinput_brdcst_func
                0x8000225c       0x44 src/Application/app/app.o
                0x8000225c                Phyuserinput_brdcst_func
 .text.ButtonConfig_reply_func
                0x800022a0       0x44 src/Application/app/app.o
                0x800022a0                ButtonConfig_reply_func
 .text.DataSession_brdcst_func
                0x800022e4       0xe0 src/Application/app/app.o
                0x800022e4                DataSession_brdcst_func
 .text.DataSession_reply_func
                0x800023c4       0x7c src/Application/app/app.o
                0x800023c4                DataSession_reply_func
 .text.CallControl_brdcst_func
                0x80002440       0x44 src/Application/app/app.o
                0x80002440                CallControl_brdcst_func
 .text.TransmitControl_brdcst_func
                0x80002484       0x48 src/Application/app/app.o
                0x80002484                TransmitControl_brdcst_func
 .text.TransmitControl_reply_func
                0x800024cc       0x60 src/Application/app/app.o
                0x800024cc                TransmitControl_reply_func
 .text.AudioRoutingControl_reply_func
                0x8000252c       0x28 src/Application/app/app.o
                0x8000252c                AudioRoutingControl_reply_func
 .text.Volume_reply_func
                0x80002554       0x64 src/Application/app/app.o
                0x80002554                Volume_reply_func
 .text.spk_brdcst_func
                0x800025b8       0x38 src/Application/app/app.o
                0x800025b8                spk_brdcst_func
 .text.spk_reply_func
                0x800025f0       0x48 src/Application/app/app.o
                0x800025f0                spk_reply_func
 .text.mic_brdcst_func
                0x80002638       0x58 src/Application/app/app.o
                0x80002638                mic_brdcst_func
 .text.mic_reply_func
                0x80002690       0x94 src/Application/app/app.o
                0x80002690                mic_reply_func
 .text.dcm_brdcst_func
                0x80002724       0x48 src/Application/app/app.o
                0x80002724                dcm_brdcst_func
 .text.dcm_reply_func
                0x8000276c       0x68 src/Application/app/app.o
                0x8000276c                dcm_reply_func
 .text.ToneControl_reply_func
                0x800027d4       0x28 src/Application/app/app.o
                0x800027d4                ToneControl_reply_func
 .text.app_cfg  0x800027fc       0x74 src/Application/app/app.o
 .text.app_payload_rx_proc
                0x80002870       0x4c src/Application/app/app.o
 .text.DeviceInitializationStatus_brdcst_func
                0x800028bc       0x38 src/Application/app/app.o
                0x800028bc                DeviceInitializationStatus_brdcst_func
 .text.CalculateBurst
                0x800028f4       0x1c src/Application/radio/ambe.o
                0x800028f4                CalculateBurst
 .text.payload_init
                0x80002910       0x38 src/Application/radio/payload.o
                0x80002910                payload_init
 .text.payload_rx_process
                0x80002948       0x4c src/Application/radio/payload.o
 .text.set_idle_store_isr
                0x80002994       0x1c src/Application/radio/physical.o
                0x80002994                set_idle_store_isr
 .text.phy_rx   0x800029b0       0x38 src/Application/radio/physical.o
                0x800029b0                phy_rx
 .text.set_idle_store
                0x800029e8       0x20 src/Application/radio/physical.o
                0x800029e8                set_idle_store
 .text.phy_tx   0x80002a08       0x5c src/Application/radio/physical.o
                0x80002a08                phy_tx
 .text.get_idle_store_isr
                0x80002a64       0x28 src/Application/radio/physical.o
                0x80002a64                get_idle_store_isr
 .text.phy_tx_func
                0x80002a8c      0x4c8 src/Application/radio/physical.o
 .text.get_idle_store
                0x80002f54       0x28 src/Application/radio/physical.o
                0x80002f54                get_idle_store
 .text.phy_init
                0x80002f7c       0x28 src/Application/radio/physical.o
                0x80002f7c                phy_init
 .text.payload_rx
                0x80002fa4       0x60 src/Application/radio/physical.o
 .text.phy_rx_func
                0x80003004      0xf24 src/Application/radio/physical.o
 .text.pdca_int_handler
                0x80003f28       0x74 src/Application/radio/ssc.o
 .text.local_start_SSC
                0x80003f9c       0x44 src/Application/radio/ssc.o
                0x80003f9c                local_start_SSC
 .text.local_start_PDC
                0x80003fe0       0x6c src/Application/radio/ssc.o
                0x80003fe0                local_start_PDC
 .text.register_rx_tx_func
                0x8000404c       0x14 src/Application/radio/ssc.o
                0x8000404c                register_rx_tx_func
 .text.ssc_init
                0x80004060       0x68 src/Application/radio/ssc.o
                0x80004060                ssc_init
 .text.xcmp_register_app_list
                0x800040c8        0xc src/Application/radio/xcmp.o
                0x800040c8                xcmp_register_app_list
 .text.xcmp_tx  0x800040d4       0x48 src/Application/radio/xcmp.o
 .text.xcmp_DeviceInitializationStatus_request
                0x8000411c       0x40 src/Application/radio/xcmp.o
                0x8000411c                xcmp_DeviceInitializationStatus_request
 .text.xcmp_opcode_not_supported
                0x8000415c       0x24 src/Application/radio/xcmp.o
                0x8000415c                xcmp_opcode_not_supported
 .text.xcmp_exec_func
                0x80004180       0x48 src/Application/radio/xcmp.o
 .text.xcmp_IdleTestTone
                0x800041c8       0x60 src/Application/radio/xcmp.o
                0x800041c8                xcmp_IdleTestTone
 .text.xcmp_init
                0x80004228       0x54 src/Application/radio/xcmp.o
                0x80004228                xcmp_init
 .text.xcmp_rx_process
                0x8000427c       0xfc src/Application/radio/xcmp.o
 .text.xcmp_rx  0x80004378       0x4c src/Application/radio/xcmp.o
 .text.xnl_register_xcmp_func
                0x800043c4        0xc src/Application/radio/xnl.o
                0x800043c4                xnl_register_xcmp_func
 .text.xnl_get_msg_ack_func
                0x800043d0       0x2c src/Application/radio/xnl.o
                0x800043d0                xnl_get_msg_ack_func
 .text.xnl_init
                0x800043fc      0x12c src/Application/radio/xnl.o
                0x800043fc                xnl_init
 .text.xnl_rx_process
                0x80004528       0x60 src/Application/radio/xnl.o
 .text.xnl_tx_process
                0x80004588       0xcc src/Application/radio/xnl.o
 .text.xnl_tx   0x80004654       0xe4 src/Application/radio/xnl.o
                0x80004654                xnl_tx
 .text.xnl_data_msg_func
                0x80004738       0x60 src/Application/radio/xnl.o
                0x80004738                xnl_data_msg_func
 .text.xnl_device_auth_reply_func
                0x80004798      0x120 src/Application/radio/xnl.o
                0x80004798                xnl_device_auth_reply_func
 .text.xnl_master_status_brdcst_func
                0x800048b8       0x60 src/Application/radio/xnl.o
                0x800048b8                xnl_master_status_brdcst_func
 .text.xnl_device_conn_reply_func
                0x80004918       0x5c src/Application/radio/xnl.o
                0x80004918                xnl_device_conn_reply_func
 .text.xnl_send_device_master_query
                0x80004974       0x30 src/Application/radio/xnl.o
                0x80004974                xnl_send_device_master_query
 .text.rfid_init
                0x800049a4        0x2 src/Application/RFID/RFID.o
                0x800049a4                rfid_init
 .text.local_start_pll0
                0x800049a6       0x50 src/Application/rtc/rtc.o
                0x800049a6                local_start_pll0
 .text.local_start_timer
                0x800049f6       0x3a src/Application/timers/timer.o
                0x800049f6                local_start_timer
 .text.gpio_enable_module_pin
                0x80004a30       0x52 src/ASF/avr32/drivers/gpio/gpio.o
                0x80004a30                gpio_enable_module_pin
 *fill*         0x80004a82        0x2 d703d703
 .text.gpio_enable_module
                0x80004a84       0x30 src/ASF/avr32/drivers/gpio/gpio.o
                0x80004a84                gpio_enable_module
 .text._unhandled_interrupt
                0x80004ab4        0x2 src/ASF/avr32/drivers/intc/intc.o
 *fill*         0x80004ab6        0x2 d703d703
 .text.INTC_register_interrupt
                0x80004ab8       0x80 src/ASF/avr32/drivers/intc/intc.o
                0x80004ab8                INTC_register_interrupt
 .text.INTC_init_interrupts
                0x80004b38       0x54 src/ASF/avr32/drivers/intc/intc.o
                0x80004b38                INTC_init_interrupts
 .text._get_interrupt_handler
                0x80004b8c       0x38 src/ASF/avr32/drivers/intc/intc.o
                0x80004b8c                _get_interrupt_handler
 .text.usart_set_async_baudrate
                0x80004bc4       0x5a src/ASF/avr32/drivers/usart/usart.o
 .text.usart_write_char
                0x80004c1e       0x14 src/ASF/avr32/drivers/usart/usart.o
                0x80004c1e                usart_write_char
 *fill*         0x80004c32        0x2 d703d703
 .text.usart_putchar
                0x80004c34       0x2c src/ASF/avr32/drivers/usart/usart.o
                0x80004c34                usart_putchar
 .text.usart_read_char
                0x80004c60       0x22 src/ASF/avr32/drivers/usart/usart.o
                0x80004c60                usart_read_char
 *fill*         0x80004c82        0x2 d703d703
 .text.usart_getchar
                0x80004c84       0x2c src/ASF/avr32/drivers/usart/usart.o
                0x80004c84                usart_getchar
 .text.usart_write_line
                0x80004cb0       0x24 src/ASF/avr32/drivers/usart/usart.o
                0x80004cb0                usart_write_line
 .text.usart_reset
                0x80004cd4       0x2c src/ASF/avr32/drivers/usart/usart.o
                0x80004cd4                usart_reset
 .text.usart_init_rs232
                0x80004d00       0xcc src/ASF/avr32/drivers/usart/usart.o
                0x80004d00                usart_init_rs232
 .text._stext   0x80004dcc       0x40 src/ASF/avr32/utils/startup/startup_uc3.o
                                 0x50 (size before relaxing)
                0x80004dcc                _stext
 .text.vListInitialise
                0x80004e0c       0x14 src/ASF/thirdparty/freertos/freertos-7.0.0/source/list.o
                0x80004e0c                vListInitialise
 .text.vListInitialiseItem
                0x80004e20        0x6 src/ASF/thirdparty/freertos/freertos-7.0.0/source/list.o
                0x80004e20                vListInitialiseItem
 .text.vListInsertEnd
                0x80004e26       0x1c src/ASF/thirdparty/freertos/freertos-7.0.0/source/list.o
                0x80004e26                vListInsertEnd
 .text.vListInsert
                0x80004e42       0x34 src/ASF/thirdparty/freertos/freertos-7.0.0/source/list.o
                0x80004e42                vListInsert
 .text.vListRemove
                0x80004e76       0x26 src/ASF/thirdparty/freertos/freertos-7.0.0/source/list.o
                0x80004e76                vListRemove
 .text.pxPortInitialiseStack
                0x80004e9c       0x92 src/ASF/thirdparty/freertos/freertos-7.0.0/source/portable/gcc/avr32_uc3/port.o
                0x80004e9c                pxPortInitialiseStack
 *fill*         0x80004f2e        0x2 d703d703
 .text.vPortEnterCritical
                0x80004f30       0x10 src/ASF/thirdparty/freertos/freertos-7.0.0/source/portable/gcc/avr32_uc3/port.o
                0x80004f30                vPortEnterCritical
 .text.xPortStartScheduler
                0x80004f40       0x58 src/ASF/thirdparty/freertos/freertos-7.0.0/source/portable/gcc/avr32_uc3/port.o
                0x80004f40                xPortStartScheduler
 .text.SCALLYield
                0x80004f98       0x98 src/ASF/thirdparty/freertos/freertos-7.0.0/source/portable/gcc/avr32_uc3/port.o
                0x80004f98                SCALLYield
 .text.prvClearCcInt
                0x80005030        0xa src/ASF/thirdparty/freertos/freertos-7.0.0/source/portable/gcc/avr32_uc3/port.o
 *fill*         0x8000503a        0x2 d703d703
 .text.vPortExitCritical
                0x8000503c       0x20 src/ASF/thirdparty/freertos/freertos-7.0.0/source/portable/gcc/avr32_uc3/port.o
                0x8000503c                vPortExitCritical
 .text.vTick    0x8000505c       0x84 src/ASF/thirdparty/freertos/freertos-7.0.0/source/portable/gcc/avr32_uc3/port.o
 .text.__malloc_lock
                0x800050e0        0xc src/ASF/thirdparty/freertos/freertos-7.0.0/source/portable/gcc/avr32_uc3/port.o
                0x800050e0                __malloc_lock
 .text.__malloc_unlock
                0x800050ec        0xc src/ASF/thirdparty/freertos/freertos-7.0.0/source/portable/gcc/avr32_uc3/port.o
                0x800050ec                __malloc_unlock
 .text._read    0x800050f8       0x40 src/ASF/thirdparty/freertos/freertos-7.0.0/source/portable/gcc/avr32_uc3/read.o
                0x800050f8                _read
 .text._write   0x80005138       0x3c src/ASF/thirdparty/freertos/freertos-7.0.0/source/portable/gcc/avr32_uc3/write.o
                0x80005138                _write
 .text.vPortFree
                0x80005174       0x28 src/ASF/thirdparty/freertos/freertos-7.0.0/source/portable/memmang/heap_3.o
                0x80005174                vPortFree
 .text.pvPortMalloc
                0x8000519c       0x28 src/ASF/thirdparty/freertos/freertos-7.0.0/source/portable/memmang/heap_3.o
                0x8000519c                pvPortMalloc
 .text.prvCopyDataFromQueue
                0x800051c4       0x30 src/ASF/thirdparty/freertos/freertos-7.0.0/source/queue.o
 .text.xQueueReceiveFromISR
                0x800051f4       0x50 src/ASF/thirdparty/freertos/freertos-7.0.0/source/queue.o
                0x800051f4                xQueueReceiveFromISR
 .text.prvUnlockQueue
                0x80005244       0xa0 src/ASF/thirdparty/freertos/freertos-7.0.0/source/queue.o
 .text.xQueueGenericReceive
                0x800052e4      0x144 src/ASF/thirdparty/freertos/freertos-7.0.0/source/queue.o
                0x800052e4                xQueueGenericReceive
 .text.prvCopyDataToQueue
                0x80005428       0x78 src/ASF/thirdparty/freertos/freertos-7.0.0/source/queue.o
 .text.xQueueGenericSendFromISR
                0x800054a0       0x50 src/ASF/thirdparty/freertos/freertos-7.0.0/source/queue.o
                0x800054a0                xQueueGenericSendFromISR
 .text.xQueueGenericSend
                0x800054f0      0x100 src/ASF/thirdparty/freertos/freertos-7.0.0/source/queue.o
                0x800054f0                xQueueGenericSend
 .text.xQueueCreate
                0x800055f0       0x74 src/ASF/thirdparty/freertos/freertos-7.0.0/source/queue.o
                0x800055f0                xQueueCreate
 .text.vTaskSuspendAll
                0x80005664       0x10 src/ASF/thirdparty/freertos/freertos-7.0.0/source/tasks.o
                0x80005664                vTaskSuspendAll
 .text.vTaskSwitchContext
                0x80005674       0x7c src/ASF/thirdparty/freertos/freertos-7.0.0/source/tasks.o
                0x80005674                vTaskSwitchContext
 .text.vTaskSetTimeOutState
                0x800056f0       0x18 src/ASF/thirdparty/freertos/freertos-7.0.0/source/tasks.o
                0x800056f0                vTaskSetTimeOutState
 .text.vTaskMissedYield
                0x80005708        0xc src/ASF/thirdparty/freertos/freertos-7.0.0/source/tasks.o
                0x80005708                vTaskMissedYield
 .text.xTaskGetCurrentTaskHandle
                0x80005714        0xc src/ASF/thirdparty/freertos/freertos-7.0.0/source/tasks.o
                0x80005714                xTaskGetCurrentTaskHandle
 .text.vTaskPriorityDisinherit
                0x80005720       0x58 src/ASF/thirdparty/freertos/freertos-7.0.0/source/tasks.o
                0x80005720                vTaskPriorityDisinherit
 .text.vTaskPriorityInherit
                0x80005778       0x84 src/ASF/thirdparty/freertos/freertos-7.0.0/source/tasks.o
                0x80005778                vTaskPriorityInherit
 .text.xTaskRemoveFromEventList
                0x800057fc       0x7c src/ASF/thirdparty/freertos/freertos-7.0.0/source/tasks.o
                0x800057fc                xTaskRemoveFromEventList
 .text.vTaskIncrementTick
                0x80005878      0x114 src/ASF/thirdparty/freertos/freertos-7.0.0/source/tasks.o
                0x80005878                vTaskIncrementTick
 .text.xTaskCheckForTimeOut
                0x8000598c       0x70 src/ASF/thirdparty/freertos/freertos-7.0.0/source/tasks.o
                0x8000598c                xTaskCheckForTimeOut
 .text.xTaskGetTickCount
                0x800059fc       0x24 src/ASF/thirdparty/freertos/freertos-7.0.0/source/tasks.o
                0x800059fc                xTaskGetTickCount
 .text.xTaskResumeAll
                0x80005a20       0xe8 src/ASF/thirdparty/freertos/freertos-7.0.0/source/tasks.o
                0x80005a20                xTaskResumeAll
 .text.prvAddCurrentTaskToDelayedList
                0x80005b08       0x5c src/ASF/thirdparty/freertos/freertos-7.0.0/source/tasks.o
 .text.vTaskDelayUntil
                0x80005b64       0x80 src/ASF/thirdparty/freertos/freertos-7.0.0/source/tasks.o
                0x80005b64                vTaskDelayUntil
 .text.vTaskPlaceOnEventList
                0x80005be4       0x58 src/ASF/thirdparty/freertos/freertos-7.0.0/source/tasks.o
                0x80005be4                vTaskPlaceOnEventList
 .text.prvIdleTask
                0x80005c3c       0x88 src/ASF/thirdparty/freertos/freertos-7.0.0/source/tasks.o
 .text.xTaskGenericCreate
                0x80005cc4      0x1e8 src/ASF/thirdparty/freertos/freertos-7.0.0/source/tasks.o
                0x80005cc4                xTaskGenericCreate
 .text.vTaskStartScheduler
                0x80005eac       0x4c src/ASF/thirdparty/freertos/freertos-7.0.0/source/tasks.o
                0x80005eac                vTaskStartScheduler
 .text.PrintChar
                0x80005ef8        0x4 src/Log/log.o
                0x80005ef8                PrintChar
 .text.PrintHex
                0x80005efc       0xb2 src/Log/log.o
                0x80005efc                PrintHex
 .text.PrintDec
                0x80005fae       0xda src/Log/log.o
                0x80005fae                PrintDec
 .text.log      0x80006088      0x18c src/Log/log.o
                0x80006088                log
 .text.logFromISR
                0x80006214      0x180 src/Log/log.o
                0x80006214                logFromISR
 .text.log_init
                0x80006394       0x68 src/Log/log.o
                0x80006394                log_init
 .text.task_log
                0x800063fc       0x44 src/Log/log.o
 .text.main     0x80006440       0x84 src/main.o
                0x80006440                main
 .text.free     0x800064c4       0x10 d:/program files (x86)/atmel/studio/7.0/toolchain/avr32/avr32-gnu-toolchain/bin/../lib/gcc/avr32/4.4.7/../../../../avr32/lib/ucr2\libc.a(lib_a-malloc.o)
                                 0x18 (size before relaxing)
                0x800064c4                free
 .text.malloc   0x800064d4       0x10 d:/program files (x86)/atmel/studio/7.0/toolchain/avr32/avr32-gnu-toolchain/bin/../lib/gcc/avr32/4.4.7/../../../../avr32/lib/ucr2\libc.a(lib_a-malloc.o)
                                 0x18 (size before relaxing)
                0x800064d4                malloc
 .text._malloc_r
                0x800064e4      0x438 d:/program files (x86)/atmel/studio/7.0/toolchain/avr32/avr32-gnu-toolchain/bin/../lib/gcc/avr32/4.4.7/../../../../avr32/lib/ucr2\libc.a(lib_a-mallocr.o)
                                0x450 (size before relaxing)
                0x800064e4                _malloc_r
 .text          0x8000691c      0x148 d:/program files (x86)/atmel/studio/7.0/toolchain/avr32/avr32-gnu-toolchain/bin/../lib/gcc/avr32/4.4.7/../../../../avr32/lib/ucr2\libc.a(lib_a-memcpy.o)
                0x8000691c                memcpy
 .text.memset   0x80006a64        0xe d:/program files (x86)/atmel/studio/7.0/toolchain/avr32/avr32-gnu-toolchain/bin/../lib/gcc/avr32/4.4.7/../../../../avr32/lib/ucr2\libc.a(lib_a-memset.o)
                0x80006a64                memset
 *fill*         0x80006a72        0x2 d703d703
 .text._realloc_r
                0x80006a74      0x2c0 d:/program files (x86)/atmel/studio/7.0/toolchain/avr32/avr32-gnu-toolchain/bin/../lib/gcc/avr32/4.4.7/../../../../avr32/lib/ucr2\libc.a(lib_a-reallocr.o)
                                0x2e0 (size before relaxing)
                0x80006a74                _realloc_r
 .text._sbrk_r  0x80006d34       0x20 d:/program files (x86)/atmel/studio/7.0/toolchain/avr32/avr32-gnu-toolchain/bin/../lib/gcc/avr32/4.4.7/../../../../avr32/lib/ucr2\libc.a(lib_a-sbrkr.o)
                                 0x28 (size before relaxing)
                0x80006d34                _sbrk_r
 .text.sprintf  0x80006d54       0x3c d:/program files (x86)/atmel/studio/7.0/toolchain/avr32/avr32-gnu-toolchain/bin/../lib/gcc/avr32/4.4.7/../../../../avr32/lib/ucr2\libc.a(lib_a-sprintf.o)
                                 0x40 (size before relaxing)
                0x80006d54                sprintf
 .text          0x80006d90       0x20 d:/program files (x86)/atmel/studio/7.0/toolchain/avr32/avr32-gnu-toolchain/bin/../lib/gcc/avr32/4.4.7/../../../../avr32/lib/ucr2\libc.a(lib_a-strncpy.o)
                0x80006d90                strncpy
 .text._close   0x80006db0       0x14 d:/program files (x86)/atmel/studio/7.0/toolchain/avr32/avr32-gnu-toolchain/bin/../lib/gcc/avr32/4.4.7/../../../../avr32/lib/ucr2\libc.a(lib_a-syscalls.o)
                                 0x18 (size before relaxing)
                0x80006db0                _close
 .text._lseek   0x80006dc4       0x14 d:/program files (x86)/atmel/studio/7.0/toolchain/avr32/avr32-gnu-toolchain/bin/../lib/gcc/avr32/4.4.7/../../../../avr32/lib/ucr2\libc.a(lib_a-syscalls.o)
                                 0x18 (size before relaxing)
                0x80006dc4                _lseek
 .text.isatty   0x80006dd8       0x14 d:/program files (x86)/atmel/studio/7.0/toolchain/avr32/avr32-gnu-toolchain/bin/../lib/gcc/avr32/4.4.7/../../../../avr32/lib/ucr2\libc.a(lib_a-syscalls.o)
                                 0x18 (size before relaxing)
                0x80006dd8                isatty
 .text._fstat_host
                0x80006dec       0x14 d:/program files (x86)/atmel/studio/7.0/toolchain/avr32/avr32-gnu-toolchain/bin/../lib/gcc/avr32/4.4.7/../../../../avr32/lib/ucr2\libc.a(lib_a-syscalls.o)
                                 0x18 (size before relaxing)
                0x80006dec                _fstat_host
 .text._fstat   0x80006e00       0x4c d:/program files (x86)/atmel/studio/7.0/toolchain/avr32/avr32-gnu-toolchain/bin/../lib/gcc/avr32/4.4.7/../../../../avr32/lib/ucr2\libc.a(lib_a-syscalls.o)
                                 0x50 (size before relaxing)
                0x80006e00                _fstat
 .text._sbrk    0x80006e4c       0x38 d:/program files (x86)/atmel/studio/7.0/toolchain/avr32/avr32-gnu-toolchain/bin/../lib/gcc/avr32/4.4.7/../../../../avr32/lib/ucr2\libc.a(lib_a-syscalls.o)
                                 0x40 (size before relaxing)
                0x80006e4c                _sbrk
 .text.get_arg  0x80006e84      0x314 d:/program files (x86)/atmel/studio/7.0/toolchain/avr32/avr32-gnu-toolchain/bin/../lib/gcc/avr32/4.4.7/../../../../avr32/lib/ucr2\libc.a(lib_a-vfprintf.o)
                                0x324 (size before relaxing)
 .text.__sprint_r
                0x80007198       0x1c d:/program files (x86)/atmel/studio/7.0/toolchain/avr32/avr32-gnu-toolchain/bin/../lib/gcc/avr32/4.4.7/../../../../avr32/lib/ucr2\libc.a(lib_a-vfprintf.o)
                                 0x20 (size before relaxing)
 .text._vfprintf_r
                0x800071b4     0x1f14 d:/program files (x86)/atmel/studio/7.0/toolchain/avr32/avr32-gnu-toolchain/bin/../lib/gcc/avr32/4.4.7/../../../../avr32/lib/ucr2\libc.a(lib_a-vfprintf.o)
                               0x1f9c (size before relaxing)
                0x800071b4                _vfprintf_r
 .text.__swsetup_r
                0x800090c8       0xdc d:/program files (x86)/atmel/studio/7.0/toolchain/avr32/avr32-gnu-toolchain/bin/../lib/gcc/avr32/4.4.7/../../../../avr32/lib/ucr2\libc.a(lib_a-wsetup.o)
                                 0xe8 (size before relaxing)
                0x800090c8                __swsetup_r
 .text.quorem   0x800091a4      0x120 d:/program files (x86)/atmel/studio/7.0/toolchain/avr32/avr32-gnu-toolchain/bin/../lib/gcc/avr32/4.4.7/../../../../avr32/lib/ucr2\libc.a(lib_a-dtoa.o)
                                0x124 (size before relaxing)
 .text._dtoa_r  0x800092c4      0xbdc d:/program files (x86)/atmel/studio/7.0/toolchain/avr32/avr32-gnu-toolchain/bin/../lib/gcc/avr32/4.4.7/../../../../avr32/lib/ucr2\libc.a(lib_a-dtoa.o)
                                0xc90 (size before relaxing)
                0x800092c4                _dtoa_r
 .text.__errno  0x80009ea0        0xc d:/program files (x86)/atmel/studio/7.0/toolchain/avr32/avr32-gnu-toolchain/bin/../lib/gcc/avr32/4.4.7/../../../../avr32/lib/ucr2\libc.a(lib_a-errno.o)
                0x80009ea0                __errno
 .text._fflush_r
                0x80009eac      0x10c d:/program files (x86)/atmel/studio/7.0/toolchain/avr32/avr32-gnu-toolchain/bin/../lib/gcc/avr32/4.4.7/../../../../avr32/lib/ucr2\libc.a(lib_a-fflush.o)
                                0x118 (size before relaxing)
                0x80009eac                _fflush_r
 .text.__sfp_lock_acquire
                0x80009fb8        0x2 d:/program files (x86)/atmel/studio/7.0/toolchain/avr32/avr32-gnu-toolchain/bin/../lib/gcc/avr32/4.4.7/../../../../avr32/lib/ucr2\libc.a(lib_a-findfp.o)
                0x80009fb8                __sfp_lock_acquire
 .text.__sfp_lock_release
                0x80009fba        0x2 d:/program files (x86)/atmel/studio/7.0/toolchain/avr32/avr32-gnu-toolchain/bin/../lib/gcc/avr32/4.4.7/../../../../avr32/lib/ucr2\libc.a(lib_a-findfp.o)
                0x80009fba                __sfp_lock_release
 .text._cleanup_r
                0x80009fbc        0xc d:/program files (x86)/atmel/studio/7.0/toolchain/avr32/avr32-gnu-toolchain/bin/../lib/gcc/avr32/4.4.7/../../../../avr32/lib/ucr2\libc.a(lib_a-findfp.o)
                                 0x14 (size before relaxing)
                0x80009fbc                _cleanup_r
 .text.__sfmoreglue
                0x80009fc8       0x28 d:/program files (x86)/atmel/studio/7.0/toolchain/avr32/avr32-gnu-toolchain/bin/../lib/gcc/avr32/4.4.7/../../../../avr32/lib/ucr2\libc.a(lib_a-findfp.o)
                                 0x30 (size before relaxing)
                0x80009fc8                __sfmoreglue
 .text.__sfp    0x80009ff0       0x6c d:/program files (x86)/atmel/studio/7.0/toolchain/avr32/avr32-gnu-toolchain/bin/../lib/gcc/avr32/4.4.7/../../../../avr32/lib/ucr2\libc.a(lib_a-findfp.o)
                                 0x7c (size before relaxing)
                0x80009ff0                __sfp
 .text.__sinit  0x8000a05c       0x9c d:/program files (x86)/atmel/studio/7.0/toolchain/avr32/avr32-gnu-toolchain/bin/../lib/gcc/avr32/4.4.7/../../../../avr32/lib/ucr2\libc.a(lib_a-findfp.o)
                                 0xb0 (size before relaxing)
                0x8000a05c                __sinit
 .text._malloc_trim_r
                0x8000a0f8       0x98 d:/program files (x86)/atmel/studio/7.0/toolchain/avr32/avr32-gnu-toolchain/bin/../lib/gcc/avr32/4.4.7/../../../../avr32/lib/ucr2\libc.a(lib_a-freer.o)
                                 0xa8 (size before relaxing)
                0x8000a0f8                _malloc_trim_r
 .text._free_r  0x8000a190      0x18c d:/program files (x86)/atmel/studio/7.0/toolchain/avr32/avr32-gnu-toolchain/bin/../lib/gcc/avr32/4.4.7/../../../../avr32/lib/ucr2\libc.a(lib_a-freer.o)
                                0x1a0 (size before relaxing)
                0x8000a190                _free_r
 .text.__sfvwrite_r
                0x8000a31c      0x294 d:/program files (x86)/atmel/studio/7.0/toolchain/avr32/avr32-gnu-toolchain/bin/../lib/gcc/avr32/4.4.7/../../../../avr32/lib/ucr2\libc.a(lib_a-fvwrite.o)
                                0x2c4 (size before relaxing)
                0x8000a31c                __sfvwrite_r
 .text._fwalk   0x8000a5b0       0x4c d:/program files (x86)/atmel/studio/7.0/toolchain/avr32/avr32-gnu-toolchain/bin/../lib/gcc/avr32/4.4.7/../../../../avr32/lib/ucr2\libc.a(lib_a-fwalk.o)
                                 0x54 (size before relaxing)
                0x8000a5b0                _fwalk
 .text._localeconv_r
                0x8000a5fc        0x8 d:/program files (x86)/atmel/studio/7.0/toolchain/avr32/avr32-gnu-toolchain/bin/../lib/gcc/avr32/4.4.7/../../../../avr32/lib/ucr2\libc.a(lib_a-locale.o)
                0x8000a5fc                _localeconv_r
 .text.__smakebuf_r
                0x8000a604       0xbc d:/program files (x86)/atmel/studio/7.0/toolchain/avr32/avr32-gnu-toolchain/bin/../lib/gcc/avr32/4.4.7/../../../../avr32/lib/ucr2\libc.a(lib_a-makebuf.o)
                                 0xcc (size before relaxing)
                0x8000a604                __smakebuf_r
 .text.memchr   0x8000a6c0       0x16 d:/program files (x86)/atmel/studio/7.0/toolchain/avr32/avr32-gnu-toolchain/bin/../lib/gcc/avr32/4.4.7/../../../../avr32/lib/ucr2\libc.a(lib_a-memchr.o)
                0x8000a6c0                memchr
 .text.memmove  0x8000a6d6       0x3e d:/program files (x86)/atmel/studio/7.0/toolchain/avr32/avr32-gnu-toolchain/bin/../lib/gcc/avr32/4.4.7/../../../../avr32/lib/ucr2\libc.a(lib_a-memmove.o)
                0x8000a6d6                memmove
 .text.__hi0bits
                0x8000a714       0x60 d:/program files (x86)/atmel/studio/7.0/toolchain/avr32/avr32-gnu-toolchain/bin/../lib/gcc/avr32/4.4.7/../../../../avr32/lib/ucr2\libc.a(lib_a-mprec.o)
                0x8000a714                __hi0bits
 .text.__lo0bits
                0x8000a774       0x8e d:/program files (x86)/atmel/studio/7.0/toolchain/avr32/avr32-gnu-toolchain/bin/../lib/gcc/avr32/4.4.7/../../../../avr32/lib/ucr2\libc.a(lib_a-mprec.o)
                0x8000a774                __lo0bits
 .text.__mcmp   0x8000a802       0x32 d:/program files (x86)/atmel/studio/7.0/toolchain/avr32/avr32-gnu-toolchain/bin/../lib/gcc/avr32/4.4.7/../../../../avr32/lib/ucr2\libc.a(lib_a-mprec.o)
                0x8000a802                __mcmp
 .text._Bfree   0x8000a834       0x34 d:/program files (x86)/atmel/studio/7.0/toolchain/avr32/avr32-gnu-toolchain/bin/../lib/gcc/avr32/4.4.7/../../../../avr32/lib/ucr2\libc.a(lib_a-mprec.o)
                                 0x38 (size before relaxing)
                0x8000a834                _Bfree
 .text._Balloc  0x8000a868       0x70 d:/program files (x86)/atmel/studio/7.0/toolchain/avr32/avr32-gnu-toolchain/bin/../lib/gcc/avr32/4.4.7/../../../../avr32/lib/ucr2\libc.a(lib_a-mprec.o)
                                 0x78 (size before relaxing)
                0x8000a868                _Balloc
 .text.__d2b    0x8000a8d8       0xa0 d:/program files (x86)/atmel/studio/7.0/toolchain/avr32/avr32-gnu-toolchain/bin/../lib/gcc/avr32/4.4.7/../../../../avr32/lib/ucr2\libc.a(lib_a-mprec.o)
                                 0xb4 (size before relaxing)
                0x8000a8d8                __d2b
 .text.__mdiff  0x8000a978       0xd0 d:/program files (x86)/atmel/studio/7.0/toolchain/avr32/avr32-gnu-toolchain/bin/../lib/gcc/avr32/4.4.7/../../../../avr32/lib/ucr2\libc.a(lib_a-mprec.o)
                                 0xd8 (size before relaxing)
                0x8000a978                __mdiff
 .text.__lshift
                0x8000aa48       0x88 d:/program files (x86)/atmel/studio/7.0/toolchain/avr32/avr32-gnu-toolchain/bin/../lib/gcc/avr32/4.4.7/../../../../avr32/lib/ucr2\libc.a(lib_a-mprec.o)
                                 0x94 (size before relaxing)
                0x8000aa48                __lshift
 .text.__multiply
                0x8000aad0      0x100 d:/program files (x86)/atmel/studio/7.0/toolchain/avr32/avr32-gnu-toolchain/bin/../lib/gcc/avr32/4.4.7/../../../../avr32/lib/ucr2\libc.a(lib_a-mprec.o)
                                0x108 (size before relaxing)
                0x8000aad0                __multiply
 .text.__i2b    0x8000abd0       0x10 d:/program files (x86)/atmel/studio/7.0/toolchain/avr32/avr32-gnu-toolchain/bin/../lib/gcc/avr32/4.4.7/../../../../avr32/lib/ucr2\libc.a(lib_a-mprec.o)
                                 0x18 (size before relaxing)
                0x8000abd0                __i2b
 .text.__multadd
                0x8000abe0       0x7c d:/program files (x86)/atmel/studio/7.0/toolchain/avr32/avr32-gnu-toolchain/bin/../lib/gcc/avr32/4.4.7/../../../../avr32/lib/ucr2\libc.a(lib_a-mprec.o)
                                 0x88 (size before relaxing)
                0x8000abe0                __multadd
 .text.__pow5mult
                0x8000ac5c       0x8c d:/program files (x86)/atmel/studio/7.0/toolchain/avr32/avr32-gnu-toolchain/bin/../lib/gcc/avr32/4.4.7/../../../../avr32/lib/ucr2\libc.a(lib_a-mprec.o)
                                 0xac (size before relaxing)
                0x8000ac5c                __pow5mult
 .text.__isinfd
                0x8000ace8       0x2a d:/program files (x86)/atmel/studio/7.0/toolchain/avr32/avr32-gnu-toolchain/bin/../lib/gcc/avr32/4.4.7/../../../../avr32/lib/ucr2\libc.a(lib_a-s_isinfd.o)
                0x8000ace8                __isinfd
 .text.__isnand
                0x8000ad12       0x1c d:/program files (x86)/atmel/studio/7.0/toolchain/avr32/avr32-gnu-toolchain/bin/../lib/gcc/avr32/4.4.7/../../../../avr32/lib/ucr2\libc.a(lib_a-s_isnand.o)
                0x8000ad12                __isnand
 *fill*         0x8000ad2e        0x2 d703d703
 .text.__sclose
                0x8000ad30        0x8 d:/program files (x86)/atmel/studio/7.0/toolchain/avr32/avr32-gnu-toolchain/bin/../lib/gcc/avr32/4.4.7/../../../../avr32/lib/ucr2\libc.a(lib_a-stdio.o)
                                 0x10 (size before relaxing)
                0x8000ad30                __sclose
 .text.__sseek  0x8000ad38       0x20 d:/program files (x86)/atmel/studio/7.0/toolchain/avr32/avr32-gnu-toolchain/bin/../lib/gcc/avr32/4.4.7/../../../../avr32/lib/ucr2\libc.a(lib_a-stdio.o)
                                 0x28 (size before relaxing)
                0x8000ad38                __sseek
 .text.__swrite
                0x8000ad58       0x2c d:/program files (x86)/atmel/studio/7.0/toolchain/avr32/avr32-gnu-toolchain/bin/../lib/gcc/avr32/4.4.7/../../../../avr32/lib/ucr2\libc.a(lib_a-stdio.o)
                                 0x38 (size before relaxing)
                0x8000ad58                __swrite
 .text.__sread  0x8000ad84       0x1c d:/program files (x86)/atmel/studio/7.0/toolchain/avr32/avr32-gnu-toolchain/bin/../lib/gcc/avr32/4.4.7/../../../../avr32/lib/ucr2\libc.a(lib_a-stdio.o)
                                 0x24 (size before relaxing)
                0x8000ad84                __sread
 .text.strlen   0x8000ada0       0x16 d:/program files (x86)/atmel/studio/7.0/toolchain/avr32/avr32-gnu-toolchain/bin/../lib/gcc/avr32/4.4.7/../../../../avr32/lib/ucr2\libc.a(lib_a-strlen.o)
                0x8000ada0                strlen
 *fill*         0x8000adb6        0x2 d703d703
 .text._write_r
                0x8000adb8       0x28 d:/program files (x86)/atmel/studio/7.0/toolchain/avr32/avr32-gnu-toolchain/bin/../lib/gcc/avr32/4.4.7/../../../../avr32/lib/ucr2\libc.a(lib_a-writer.o)
                                 0x2c (size before relaxing)
                0x8000adb8                _write_r
 .text._calloc_r
                0x8000ade0       0x58 d:/program files (x86)/atmel/studio/7.0/toolchain/avr32/avr32-gnu-toolchain/bin/../lib/gcc/avr32/4.4.7/../../../../avr32/lib/ucr2\libc.a(lib_a-callocr.o)
                                 0x60 (size before relaxing)
                0x8000ade0                _calloc_r
 .text._close_r
                0x8000ae38       0x20 d:/program files (x86)/atmel/studio/7.0/toolchain/avr32/avr32-gnu-toolchain/bin/../lib/gcc/avr32/4.4.7/../../../../avr32/lib/ucr2\libc.a(lib_a-closer.o)
                                 0x28 (size before relaxing)
                0x8000ae38                _close_r
 .text._fclose_r
                0x8000ae58       0xb8 d:/program files (x86)/atmel/studio/7.0/toolchain/avr32/avr32-gnu-toolchain/bin/../lib/gcc/avr32/4.4.7/../../../../avr32/lib/ucr2\libc.a(lib_a-fclose.o)
                                 0xd0 (size before relaxing)
                0x8000ae58                _fclose_r
 .text.fclose   0x8000af10       0x10 d:/program files (x86)/atmel/studio/7.0/toolchain/avr32/avr32-gnu-toolchain/bin/../lib/gcc/avr32/4.4.7/../../../../avr32/lib/ucr2\libc.a(lib_a-fclose.o)
                                 0x18 (size before relaxing)
                0x8000af10                fclose
 .text._fstat_r
                0x8000af20       0x24 d:/program files (x86)/atmel/studio/7.0/toolchain/avr32/avr32-gnu-toolchain/bin/../lib/gcc/avr32/4.4.7/../../../../avr32/lib/ucr2\libc.a(lib_a-fstatr.o)
                                 0x2c (size before relaxing)
                0x8000af20                _fstat_r
 .text._lseek_r
                0x8000af44       0x28 d:/program files (x86)/atmel/studio/7.0/toolchain/avr32/avr32-gnu-toolchain/bin/../lib/gcc/avr32/4.4.7/../../../../avr32/lib/ucr2\libc.a(lib_a-lseekr.o)
                                 0x2c (size before relaxing)
                0x8000af44                _lseek_r
 .text._read_r  0x8000af6c       0x28 d:/program files (x86)/atmel/studio/7.0/toolchain/avr32/avr32-gnu-toolchain/bin/../lib/gcc/avr32/4.4.7/../../../../avr32/lib/ucr2\libc.a(lib_a-readr.o)
                                 0x2c (size before relaxing)
                0x8000af6c                _read_r
 .text          0x8000af94      0x1d4 d:/program files (x86)/atmel/studio/7.0/toolchain/avr32/avr32-gnu-toolchain/bin/../lib/gcc/avr32/4.4.7/ucr2\libgcc.a(_avr32_f64_mul.o)
                0x8000af94                __avr32_f64_mul
 .text          0x8000b168      0x2b0 d:/program files (x86)/atmel/studio/7.0/toolchain/avr32/avr32-gnu-toolchain/bin/../lib/gcc/avr32/4.4.7/ucr2\libgcc.a(_avr32_f64_addsub.o)
                0x8000b16c                __avr32_f64_sub
                0x8000b308                __avr32_f64_add
 .text          0x8000b418       0x2a d:/program files (x86)/atmel/studio/7.0/toolchain/avr32/avr32-gnu-toolchain/bin/../lib/gcc/avr32/4.4.7/ucr2\libgcc.a(_avr32_f64_to_s32.o)
                0x8000b418                __avr32_f64_to_u32
                0x8000b41c                __avr32_f64_to_s32
 .text          0x8000b442       0xe8 d:/program files (x86)/atmel/studio/7.0/toolchain/avr32/avr32-gnu-toolchain/bin/../lib/gcc/avr32/4.4.7/ucr2\libgcc.a(_avr32_s32_to_f64.o)
                0x8000b442                __avr32_u32_to_f64
                0x8000b44a                __avr32_s32_to_f64
 .text          0x8000b52a       0x26 d:/program files (x86)/atmel/studio/7.0/toolchain/avr32/avr32-gnu-toolchain/bin/../lib/gcc/avr32/4.4.7/ucr2\libgcc.a(_avr32_f64_cmp_eq.o)
                0x8000b52a                __avr32_f64_cmp_eq
 .text          0x8000b550       0x68 d:/program files (x86)/atmel/studio/7.0/toolchain/avr32/avr32-gnu-toolchain/bin/../lib/gcc/avr32/4.4.7/ucr2\libgcc.a(_avr32_f64_cmp_ge.o)
                0x8000b550                __avr32_f64_cmp_ge
 .text          0x8000b5b8       0x68 d:/program files (x86)/atmel/studio/7.0/toolchain/avr32/avr32-gnu-toolchain/bin/../lib/gcc/avr32/4.4.7/ucr2\libgcc.a(_avr32_f64_cmp_lt.o)
                0x8000b5b8                __avr32_f64_cmp_lt
 .text          0x8000b620      0x318 d:/program files (x86)/atmel/studio/7.0/toolchain/avr32/avr32-gnu-toolchain/bin/../lib/gcc/avr32/4.4.7/ucr2\libgcc.a(_avr32_f64_div.o)
                0x8000b620                __avr32_f64_div
 .text          0x8000b938      0x264 d:/program files (x86)/atmel/studio/7.0/toolchain/avr32/avr32-gnu-toolchain/bin/../lib/gcc/avr32/4.4.7/ucr2\libgcc.a(_udivdi3.o)
                0x8000b938                __avr32_udiv64
                0x8000b938                __udivdi3
 .text          0x8000bb9c      0x20c d:/program files (x86)/atmel/studio/7.0/toolchain/avr32/avr32-gnu-toolchain/bin/../lib/gcc/avr32/4.4.7/ucr2\libgcc.a(_umoddi3.o)
                0x8000bb9c                __avr32_umod64
                0x8000bb9c                __umoddi3
 *(.text.*personality*)
 *(.gnu.warning)

.exception      0x8000be00      0x200
 .exception     0x8000be00      0x200 src/ASF/thirdparty/freertos/freertos-7.0.0/source/portable/gcc/avr32_uc3/exception.o
                0x8000be00                _evba
                0x8000bf04                _int0
                0x8000bf12                _int1
                0x8000bf20                _int2
                0x8000bf2e                _int3
                0x8000bf3c                ipr_val

.fini
 *(.fini)
                0x8000c000                PROVIDE (__etext, .)
                0x8000c000                PROVIDE (_etext, .)
                0x8000c000                PROVIDE (etext, .)

.rodata         0x8000c000     0x10b0
 *(.rodata .rodata.* .gnu.linkonce.r.*)
 .rodata.str1.4
                0x8000c000      0x6ad src/Application/app/app.o
                                0x6b0 (size before relaxing)
 *fill*         0x8000c6ad        0x1 
 .rodata.Public_AMBEkey
                0x8000c6ae        0x8 src/Application/radio/ambe.o
                0x8000c6ae                Public_AMBEkey
 *fill*         0x8000c6b6        0x2 
 .rodata.CSWTCH.35
                0x8000c6b8       0x48 src/Application/radio/ambe.o
 .rodata.str1.4
                0x8000c700        0xb src/Application/radio/payload.o
                                  0xc (size before relaxing)
 *fill*         0x8000c70b        0x1 
 .rodata.phy_tx_func
                0x8000c70c       0x1c src/Application/radio/physical.o
 .rodata.str1.4
                0x8000c728       0x48 src/Application/radio/physical.o
 .rodata.str1.4
                0x8000c770        0x8 src/Application/radio/xcmp.o
 .rodata.str1.4
                0x8000c778        0x7 src/Application/radio/xnl.o
                                 0x10 (size before relaxing)
 *fill*         0x8000c77f        0x1 
 .rodata._int_handler_table
                0x8000c780       0x98 src/ASF/avr32/drivers/intc/intc.o
 .rodata.str1.4
                0x8000c818        0x5 src/ASF/thirdparty/freertos/freertos-7.0.0/source/tasks.o
                                  0x8 (size before relaxing)
 *fill*         0x8000c81d        0x3 
 .rodata.log    0x8000c820      0x150 src/Log/log.o
 .rodata.logFromISR
                0x8000c970      0x150 src/Log/log.o
 .rodata.USART_OPTIONS.11277
                0x8000cac0        0xc src/Log/log.o
 .rodata.str1.4
                0x8000cacc       0x3c src/Log/log.o
 .rodata.USART_GPIO_MAP.11276
                0x8000cb08       0x10 src/Log/log.o
 .rodata.str1.4
                0x8000cb18       0x14 src/main.o
 .rodata.get_arg
                0x8000cb2c       0x3c d:/program files (x86)/atmel/studio/7.0/toolchain/avr32/avr32-gnu-toolchain/bin/../lib/gcc/avr32/4.4.7/../../../../avr32/lib/ucr2\libc.a(lib_a-vfprintf.o)
 .rodata._vfprintf_r
                0x8000cb68      0x164 d:/program files (x86)/atmel/studio/7.0/toolchain/avr32/avr32-gnu-toolchain/bin/../lib/gcc/avr32/4.4.7/../../../../avr32/lib/ucr2\libc.a(lib_a-vfprintf.o)
 .rodata.state_table
                0x8000cccc       0x6c d:/program files (x86)/atmel/studio/7.0/toolchain/avr32/avr32-gnu-toolchain/bin/../lib/gcc/avr32/4.4.7/../../../../avr32/lib/ucr2\libc.a(lib_a-vfprintf.o)
 .rodata.action_table
                0x8000cd38       0x6c d:/program files (x86)/atmel/studio/7.0/toolchain/avr32/avr32-gnu-toolchain/bin/../lib/gcc/avr32/4.4.7/../../../../avr32/lib/ucr2\libc.a(lib_a-vfprintf.o)
 .rodata.str1.4
                0x8000cda4       0x3a d:/program files (x86)/atmel/studio/7.0/toolchain/avr32/avr32-gnu-toolchain/bin/../lib/gcc/avr32/4.4.7/../../../../avr32/lib/ucr2\libc.a(lib_a-vfprintf.o)
                                 0x3c (size before relaxing)
 *fill*         0x8000cdde        0x2 
 .rodata.blanks.3430
                0x8000cde0       0x10 d:/program files (x86)/atmel/studio/7.0/toolchain/avr32/avr32-gnu-toolchain/bin/../lib/gcc/avr32/4.4.7/../../../../avr32/lib/ucr2\libc.a(lib_a-vfprintf.o)
 .rodata.zeroes.3431
                0x8000cdf0       0x10 d:/program files (x86)/atmel/studio/7.0/toolchain/avr32/avr32-gnu-toolchain/bin/../lib/gcc/avr32/4.4.7/../../../../avr32/lib/ucr2\libc.a(lib_a-vfprintf.o)
 .rodata.chclass
                0x8000ce00      0x100 d:/program files (x86)/atmel/studio/7.0/toolchain/avr32/avr32-gnu-toolchain/bin/../lib/gcc/avr32/4.4.7/../../../../avr32/lib/ucr2\libc.a(lib_a-vfprintf.o)
 .rodata.str1.4
                0x8000cf00       0x10 d:/program files (x86)/atmel/studio/7.0/toolchain/avr32/avr32-gnu-toolchain/bin/../lib/gcc/avr32/4.4.7/../../../../avr32/lib/ucr2\libc.a(lib_a-dtoa.o)
                                 0x14 (size before relaxing)
 .rodata.__sf_fake_stdin
                0x8000cf10       0x20 d:/program files (x86)/atmel/studio/7.0/toolchain/avr32/avr32-gnu-toolchain/bin/../lib/gcc/avr32/4.4.7/../../../../avr32/lib/ucr2\libc.a(lib_a-findfp.o)
                0x8000cf10                __sf_fake_stdin
 .rodata.__sf_fake_stdout
                0x8000cf30       0x20 d:/program files (x86)/atmel/studio/7.0/toolchain/avr32/avr32-gnu-toolchain/bin/../lib/gcc/avr32/4.4.7/../../../../avr32/lib/ucr2\libc.a(lib_a-findfp.o)
                0x8000cf30                __sf_fake_stdout
 .rodata.__sf_fake_stderr
                0x8000cf50       0x20 d:/program files (x86)/atmel/studio/7.0/toolchain/avr32/avr32-gnu-toolchain/bin/../lib/gcc/avr32/4.4.7/../../../../avr32/lib/ucr2\libc.a(lib_a-findfp.o)
                0x8000cf50                __sf_fake_stderr
 .rodata.str1.4
                0x8000cf70        0x2 d:/program files (x86)/atmel/studio/7.0/toolchain/avr32/avr32-gnu-toolchain/bin/../lib/gcc/avr32/4.4.7/../../../../avr32/lib/ucr2\libc.a(lib_a-impure.o)
                                  0x4 (size before relaxing)
 *fill*         0x8000cf72        0x2 
 .rodata._global_impure_ptr
                0x8000cf74        0x4 d:/program files (x86)/atmel/studio/7.0/toolchain/avr32/avr32-gnu-toolchain/bin/../lib/gcc/avr32/4.4.7/../../../../avr32/lib/ucr2\libc.a(lib_a-impure.o)
                0x8000cf74                _global_impure_ptr
 .rodata.lconv  0x8000cf78       0x30 d:/program files (x86)/atmel/studio/7.0/toolchain/avr32/avr32-gnu-toolchain/bin/../lib/gcc/avr32/4.4.7/../../../../avr32/lib/ucr2\libc.a(lib_a-locale.o)
 .rodata.str1.4
                0x8000cfa8        0xc d:/program files (x86)/atmel/studio/7.0/toolchain/avr32/avr32-gnu-toolchain/bin/../lib/gcc/avr32/4.4.7/../../../../avr32/lib/ucr2\libc.a(lib_a-locale.o)
                                 0x18 (size before relaxing)
 .rodata.p05.2471
                0x8000cfb4        0xc d:/program files (x86)/atmel/studio/7.0/toolchain/avr32/avr32-gnu-toolchain/bin/../lib/gcc/avr32/4.4.7/../../../../avr32/lib/ucr2\libc.a(lib_a-mprec.o)
 .rodata.__mprec_tens
                0x8000cfc0       0xc8 d:/program files (x86)/atmel/studio/7.0/toolchain/avr32/avr32-gnu-toolchain/bin/../lib/gcc/avr32/4.4.7/../../../../avr32/lib/ucr2\libc.a(lib_a-mprec.o)
                0x8000cfc0                __mprec_tens
 .rodata.__mprec_bigtens
                0x8000d088       0x28 d:/program files (x86)/atmel/studio/7.0/toolchain/avr32/avr32-gnu-toolchain/bin/../lib/gcc/avr32/4.4.7/../../../../avr32/lib/ucr2\libc.a(lib_a-mprec.o)
                0x8000d088                __mprec_bigtens

.rodata1
 *(.rodata1)

.eh_frame_hdr
 *(.eh_frame_hdr)

.eh_frame
 *(.eh_frame)

.gcc_except_table
 *(.gcc_except_table)
 *(.gcc_except_table.*)

.dalign         0x8000d0b0        0x0
                0x8000d0b0                . = ALIGN (0x8)
                0x8000d0b0                PROVIDE (_data_lma, .)
                0x00000004                PROVIDE (_data, ORIGIN (CPUSRAM))
                0x00000004                . = ORIGIN (CPUSRAM)

.eh_frame
 *(.eh_frame)

.gcc_except_table
 *(.gcc_except_table)
 *(.gcc_except_table.*)

.tdata
 *(.tdata .tdata.* .gnu.linkonce.td.*)

.tbss
 *(.tbss .tbss.* .gnu.linkonce.tb.*)
 *(.tcommon)
                0x00000004                PROVIDE (__preinit_array_start, ALIGN (0x4))

.preinit_array
 *(.preinit_array)
                0x00000004                PROVIDE (__preinit_array_end, .)
                0x00000004                PROVIDE (__init_array_start, .)

.init_array
 *(.init_array)
                0x00000004                PROVIDE (__init_array_end, .)
                0x00000004                PROVIDE (__fini_array_start, .)

.fini_array
 *(.fini_array)
                0x00000004                PROVIDE (__fini_array_end, .)

.ctors
 *crtbegin*.o(.ctors)
 *(EXCLUDE_FILE(*crtend*.o) .ctors)
 *(SORT(.ctors.*))
 *(.ctors)

.dtors
 *crtbegin*.o(.dtors)
 *(EXCLUDE_FILE(*crtend*.o) .dtors)
 *(SORT(.dtors.*))
 *(.dtors)

.jcr
 *(.jcr)

.data.rel.ro
 *(.data.rel.ro.local)
 *(.data.rel.ro*)

.dynamic
 *(.dynamic)

.got
 *(.got.plt)
 *(.got)

.data           0x00000004      0xa2c load address 0x8000d0b0
 *(.data .data.* .gnu.linkonce.d.*)
 .data.the_app_list
                0x00000004      0x4ec src/Application/app/app.o
 .data.xnl_proc_list
                0x000004f0       0x34 src/Application/radio/xnl.o
 .data.ulCriticalNesting
                0x00000524        0x4 src/ASF/thirdparty/freertos/freertos-7.0.0/source/portable/gcc/avr32_uc3/port.o
                0x00000524                ulCriticalNesting
 .data.xNextTaskUnblockTime
                0x00000528        0x4 src/ASF/thirdparty/freertos/freertos-7.0.0/source/tasks.o
 .data.__malloc_av_
                0x0000052c      0x408 d:/program files (x86)/atmel/studio/7.0/toolchain/avr32/avr32-gnu-toolchain/bin/../lib/gcc/avr32/4.4.7/../../../../avr32/lib/ucr2\libc.a(lib_a-mallocr.o)
                0x0000052c                __malloc_av_
 .data.__malloc_trim_threshold
                0x00000934        0x4 d:/program files (x86)/atmel/studio/7.0/toolchain/avr32/avr32-gnu-toolchain/bin/../lib/gcc/avr32/4.4.7/../../../../avr32/lib/ucr2\libc.a(lib_a-mallocr.o)
                0x00000934                __malloc_trim_threshold
 .data.__malloc_sbrk_base
                0x00000938        0x4 d:/program files (x86)/atmel/studio/7.0/toolchain/avr32/avr32-gnu-toolchain/bin/../lib/gcc/avr32/4.4.7/../../../../avr32/lib/ucr2\libc.a(lib_a-mallocr.o)
                0x00000938                __malloc_sbrk_base
 .data.impure_data
                0x0000093c       0xf0 d:/program files (x86)/atmel/studio/7.0/toolchain/avr32/avr32-gnu-toolchain/bin/../lib/gcc/avr32/4.4.7/../../../../avr32/lib/ucr2\libc.a(lib_a-impure.o)
 .data._impure_ptr
                0x00000a2c        0x4 d:/program files (x86)/atmel/studio/7.0/toolchain/avr32/avr32-gnu-toolchain/bin/../lib/gcc/avr32/4.4.7/../../../../avr32/lib/ucr2\libc.a(lib_a-impure.o)
                0x00000a2c                _impure_ptr
 *(.gnu.linkonce.d.*personality*)

.data1
 *(.data1)

.balign         0x00000a30        0x0 load address 0x8000dadc
                0x00000a30                . = ALIGN (0x8)
                0x00000a30                _edata = .
                0x00000a30                _edata = .
                0x00000a30                PROVIDE (edata, .)
                0x00000a30                __bss_start = .

.bss            0x00000a30     0x36e0 load address 0x8000dadc
 *(.dynbss)
 *(.bss .bss.* .gnu.linkonce.b.*)
 .bss.Speaker_is_unmute
                0x00000a30        0x1 src/Application/app/app.o
                0x00000a30                Speaker_is_unmute
 *fill*         0x00000a31        0x3 
 .bss.xLastWakeTime.11790
                0x00000a34        0x4 src/Application/app/app.o
 .bss.Radio_Transmit_State
                0x00000a38        0x1 src/Application/app/app.o
                0x00000a38                Radio_Transmit_State
 .bss.AMBE_tx_flag
                0x00000a39        0x1 src/Application/app/app.o
                0x00000a39                AMBE_tx_flag
 *fill*         0x00000a3a        0x2 
 .bss.res.11780
                0x00000a3c        0x4 src/Application/app/app.o
 .bss.Call_Begin
                0x00000a40        0x1 src/Application/app/app.o
                0x00000a40                Call_Begin
 .bss.AMBE_rx_flag
                0x00000a41        0x1 src/Application/app/app.o
                0x00000a41                AMBE_rx_flag
 .bss.times_counter.11810
                0x00000a42        0x1 src/Application/app/app.o
 .bss.AMBE_Media
                0x00000a43        0x1 src/Application/app/app.o
                0x00000a43                AMBE_Media
 .bss.connect_flag
                0x00000a44        0x1 src/Application/app/app.o
 .bss.Mic_is_Enabled
                0x00000a45        0x1 src/Application/app/app.o
                0x00000a45                Mic_is_Enabled
 .bss.VF_SN     0x00000a46        0x1 src/Application/app/app.o
                0x00000a46                VF_SN
 .bss.Terminator_Flag
                0x00000a47        0x1 src/Application/app/app.o
                0x00000a47                Terminator_Flag
 .bss.ulIdleCycleCount
                0x00000a48        0x4 src/Application/app/app.o
                0x00000a48                ulIdleCycleCount
 .bss.payload_rx_exec
                0x00000a4c        0x4 src/Application/radio/payload.o
                0x00000a4c                payload_rx_exec
 .bss.payload_tx_exec
                0x00000a50        0x4 src/Application/radio/payload.o
                0x00000a50                payload_tx_exec
 .bss.ArrayDiscLength.10968
                0x00000a54        0x4 src/Application/radio/physical.o
 .bss.phy_tx_index.10647
                0x00000a58        0x1 src/Application/radio/physical.o
 *fill*         0x00000a59        0x3 
 .bss.Item_Length.10973
                0x00000a5c        0x4 src/Application/radio/physical.o
 .bss.phy_rx_length.10690
                0x00000a60        0x2 src/Application/radio/physical.o
 *fill*         0x00000a62        0x2 
 .bss.phy_payload_frame_rx
                0x00000a64        0x4 src/Application/radio/physical.o
                0x00000a64                phy_payload_frame_rx
 .bss.AMBEpayload_tx_state.10775
                0x00000a68        0x4 src/Application/radio/physical.o
 .bss.RxBytesWaiting.10967
                0x00000a6c        0x4 src/Application/radio/physical.o
 .bss.phy_rx_expexted_length.10689
                0x00000a70        0x2 src/Application/radio/physical.o
 *fill*         0x00000a72        0x2 
 .bss.RxAMBE_IsFillingNext8.10965
                0x00000a74        0x4 src/Application/radio/physical.o
 .bss.phy_tx_state.10645
                0x00000a78        0x4 src/Application/radio/physical.o
 .bss.Item_ID.10972
                0x00000a7c        0x1 src/Application/radio/physical.o
 .bss.is_first.10971
                0x00000a7d        0x1 src/Application/radio/physical.o
 *fill*         0x00000a7e        0x2 
 .bss.AMBE_HT   0x00000a80        0x8 src/Application/radio/physical.o
 .bss.RxMediaState.10963
                0x00000a88        0x4 src/Application/radio/physical.o
 .bss.xnl_store_idle
                0x00000a8c        0x4 src/Application/radio/physical.o
                0x00000a8c                xnl_store_idle
 .bss.RxMedia_IsFillingNext16.10964
                0x00000a90        0x4 src/Application/radio/physical.o
 .bss.payload_store_idle
                0x00000a94        0x4 src/Application/radio/physical.o
                0x00000a94                payload_store_idle
 .bss.phy_rx_state.10692
                0x00000a98        0x4 src/Application/radio/physical.o
 .bss.phy_payload_frame_tx
                0x00000a9c        0x4 src/Application/radio/physical.o
                0x00000a9c                phy_payload_frame_tx
 .bss.phy_check_sum.10691
                0x00000aa0        0x2 src/Application/radio/physical.o
 .bss.phy_tx_expexted_length.10646
                0x00000aa2        0x2 src/Application/radio/physical.o
 .bss.RxData_IsFillingNext16.10966
                0x00000aa4        0x4 src/Application/radio/physical.o
 .bss.phy_xnl_frame_rx
                0x00000aa8        0x4 src/Application/radio/physical.o
                0x00000aa8                phy_xnl_frame_rx
 .bss.payload_ptr.10969
                0x00000aac        0x4 src/Application/radio/physical.o
 .bss.SDV_Index.10975
                0x00000ab0        0x1 src/Application/radio/physical.o
 *fill*         0x00000ab1        0x3 
 .bss.phy_rx_count.10693
                0x00000ab4        0x4 src/Application/radio/physical.o
 .bss.phy_frame_ptr.10688
                0x00000ab8        0x4 src/Application/radio/physical.o
 .bss.phy_xnl_frame_tx
                0x00000abc        0x4 src/Application/radio/physical.o
                0x00000abc                phy_xnl_frame_tx
 .bss.m_RxBurstType
                0x00000ac0        0x4 src/Application/radio/physical.o
 .bss.Soft_index.10782
                0x00000ac4        0x4 src/Application/radio/physical.o
 .bss.AMBE_payload_ptr.10970
                0x00000ac8        0x4 src/Application/radio/physical.o
 .bss.A_index.10781
                0x00000acc        0x4 src/Application/radio/physical.o
 .bss.phy_ptr.10644
                0x00000ad0        0x4 src/Application/radio/physical.o
 .bss.phy_rx_exec
                0x00000ad4        0x4 src/Application/radio/ssc.o
                0x00000ad4                phy_rx_exec
 .bss.phy_tx_exec
                0x00000ad8        0x4 src/Application/radio/ssc.o
                0x00000ad8                phy_tx_exec
 .bss.version_information
                0x00000adc        0xc src/Application/radio/xcmp.o
                0x00000adc                version_information
 .bss.clone_read
                0x00000ae8        0xc src/Application/radio/xcmp.o
                0x00000ae8                clone_read
 .bss.xcmp_frame_rx
                0x00000af4        0x4 src/Application/radio/xcmp.o
 .bss.clone_write
                0x00000af8        0xc src/Application/radio/xcmp.o
                0x00000af8                clone_write
 .bss.automatic_frequency_correction_control
                0x00000b04        0xc src/Application/radio/xcmp.o
                0x00000b04                automatic_frequency_correction_control
 .bss.language_pack_information
                0x00000b10        0xc src/Application/radio/xcmp.o
                0x00000b10                language_pack_information
 .bss.radio_status
                0x00000b1c        0xc src/Application/radio/xcmp.o
                0x00000b1c                radio_status
 .bss.xnl_timeout_semphr
                0x00000b28        0x4 src/Application/radio/xnl.o
 .bss.xnl_information
                0x00000b2c        0xa src/Application/radio/xnl.o
 *fill*         0x00000b36        0x2 
 .bss.xnl_frame_tx
                0x00000b38        0x4 src/Application/radio/xnl.o
 .bss.xnl_send_times.10716
                0x00000b3c        0x4 src/Application/radio/xnl.o
 .bss.ptr.10717
                0x00000b40        0x4 src/Application/radio/xnl.o
 .bss.flags.10671
                0x00000b44        0x1 src/Application/radio/xnl.o
 *fill*         0x00000b45        0x3 
 .bss.xnl_tx_state.10715
                0x00000b48        0x4 src/Application/radio/xnl.o
 .bss.xcmp_exec
                0x00000b4c        0x4 src/Application/radio/xnl.o
                0x00000b4c                xcmp_exec
 .bss._int_line_handler_table_6
                0x00000b50        0x4 src/ASF/avr32/drivers/intc/intc.o
 .bss._int_line_handler_table_7
                0x00000b54        0x4 src/ASF/avr32/drivers/intc/intc.o
 .bss._int_line_handler_table_8
                0x00000b58        0x4 src/ASF/avr32/drivers/intc/intc.o
 .bss._int_line_handler_table_9
                0x00000b5c        0x4 src/ASF/avr32/drivers/intc/intc.o
 .bss._int_line_handler_table_10
                0x00000b60        0x4 src/ASF/avr32/drivers/intc/intc.o
 .bss._int_line_handler_table_11
                0x00000b64        0x4 src/ASF/avr32/drivers/intc/intc.o
 .bss._int_line_handler_table_12
                0x00000b68        0x4 src/ASF/avr32/drivers/intc/intc.o
 .bss._int_line_handler_table_13
                0x00000b6c        0x4 src/ASF/avr32/drivers/intc/intc.o
 .bss._int_line_handler_table_14
                0x00000b70        0xc src/ASF/avr32/drivers/intc/intc.o
 .bss._int_line_handler_table_15
                0x00000b7c        0x4 src/ASF/avr32/drivers/intc/intc.o
 .bss._int_line_handler_table_16
                0x00000b80        0x4 src/ASF/avr32/drivers/intc/intc.o
 .bss._int_line_handler_table_17
                0x00000b84        0x4 src/ASF/avr32/drivers/intc/intc.o
 .bss._int_line_handler_table_18
                0x00000b88        0x4 src/ASF/avr32/drivers/intc/intc.o
 .bss._int_line_handler_table_0
                0x00000b8c        0x4 src/ASF/avr32/drivers/intc/intc.o
 .bss._int_line_handler_table_1
                0x00000b90       0x2c src/ASF/avr32/drivers/intc/intc.o
 .bss._int_line_handler_table_2
                0x00000bbc       0x18 src/ASF/avr32/drivers/intc/intc.o
 .bss._int_line_handler_table_3
                0x00000bd4       0x1c src/ASF/avr32/drivers/intc/intc.o
 .bss._int_line_handler_table_4
                0x00000bf0        0x4 src/ASF/avr32/drivers/intc/intc.o
 .bss._int_line_handler_table_5
                0x00000bf4        0x4 src/ASF/avr32/drivers/intc/intc.o
 .bss.uxMissedTicks
                0x00000bf8        0x4 src/ASF/thirdparty/freertos/freertos-7.0.0/source/tasks.o
 .bss.uxTopUsedPriority
                0x00000bfc        0x4 src/ASF/thirdparty/freertos/freertos-7.0.0/source/tasks.o
 .bss.pxDelayedTaskList
                0x00000c00        0x4 src/ASF/thirdparty/freertos/freertos-7.0.0/source/tasks.o
 .bss.xSchedulerRunning
                0x00000c04        0x4 src/ASF/thirdparty/freertos/freertos-7.0.0/source/tasks.o
 .bss.uxTasksDeleted
                0x00000c08        0x4 src/ASF/thirdparty/freertos/freertos-7.0.0/source/tasks.o
 .bss.xNumOfOverflows
                0x00000c0c        0x4 src/ASF/thirdparty/freertos/freertos-7.0.0/source/tasks.o
 .bss.pxOverflowDelayedTaskList
                0x00000c10        0x4 src/ASF/thirdparty/freertos/freertos-7.0.0/source/tasks.o
 .bss.pxReadyTasksLists
                0x00000c14       0xa0 src/ASF/thirdparty/freertos/freertos-7.0.0/source/tasks.o
 .bss.xTasksWaitingTermination
                0x00000cb4       0x14 src/ASF/thirdparty/freertos/freertos-7.0.0/source/tasks.o
 .bss.pxCurrentTCB
                0x00000cc8        0x4 src/ASF/thirdparty/freertos/freertos-7.0.0/source/tasks.o
                0x00000cc8                pxCurrentTCB
 .bss.xPendingReadyList
                0x00000ccc       0x14 src/ASF/thirdparty/freertos/freertos-7.0.0/source/tasks.o
 .bss.xDelayedTaskList1
                0x00000ce0       0x14 src/ASF/thirdparty/freertos/freertos-7.0.0/source/tasks.o
 .bss.xTickCount
                0x00000cf4        0x4 src/ASF/thirdparty/freertos/freertos-7.0.0/source/tasks.o
 .bss.uxSchedulerSuspended
                0x00000cf8        0x4 src/ASF/thirdparty/freertos/freertos-7.0.0/source/tasks.o
 .bss.xDelayedTaskList2
                0x00000cfc       0x14 src/ASF/thirdparty/freertos/freertos-7.0.0/source/tasks.o
 .bss.uxTaskNumber
                0x00000d10        0x4 src/ASF/thirdparty/freertos/freertos-7.0.0/source/tasks.o
 .bss.uxCurrentNumberOfTasks
                0x00000d14        0x4 src/ASF/thirdparty/freertos/freertos-7.0.0/source/tasks.o
 .bss.xMissedYield
                0x00000d18        0x4 src/ASF/thirdparty/freertos/freertos-7.0.0/source/tasks.o
 .bss.xSuspendedTaskList
                0x00000d1c       0x14 src/ASF/thirdparty/freertos/freertos-7.0.0/source/tasks.o
 .bss.uxTopReadyPriority
                0x00000d30        0x4 src/ASF/thirdparty/freertos/freertos-7.0.0/source/tasks.o
 .bss.lench.11293
                0x00000d34        0x1 src/Log/log.o
 .bss.lench.11363
                0x00000d35        0x1 src/Log/log.o
 *fill*         0x00000d36        0x2 
 .bss.__malloc_max_total_mem
                0x00000d38        0x4 d:/program files (x86)/atmel/studio/7.0/toolchain/avr32/avr32-gnu-toolchain/bin/../lib/gcc/avr32/4.4.7/../../../../avr32/lib/ucr2\libc.a(lib_a-mallocr.o)
                0x00000d38                __malloc_max_total_mem
 .bss.__malloc_max_sbrked_mem
                0x00000d3c        0x4 d:/program files (x86)/atmel/studio/7.0/toolchain/avr32/avr32-gnu-toolchain/bin/../lib/gcc/avr32/4.4.7/../../../../avr32/lib/ucr2\libc.a(lib_a-mallocr.o)
                0x00000d3c                __malloc_max_sbrked_mem
 .bss.__malloc_top_pad
                0x00000d40        0x4 d:/program files (x86)/atmel/studio/7.0/toolchain/avr32/avr32-gnu-toolchain/bin/../lib/gcc/avr32/4.4.7/../../../../avr32/lib/ucr2\libc.a(lib_a-mallocr.o)
                0x00000d40                __malloc_top_pad
 .bss.__malloc_current_mallinfo
                0x00000d44       0x28 d:/program files (x86)/atmel/studio/7.0/toolchain/avr32/avr32-gnu-toolchain/bin/../lib/gcc/avr32/4.4.7/../../../../avr32/lib/ucr2\libc.a(lib_a-mallocr.o)
                0x00000d44                __malloc_current_mallinfo
 .bss.cur_heap_pos.1869
                0x00000d6c        0x4 d:/program files (x86)/atmel/studio/7.0/toolchain/avr32/avr32-gnu-toolchain/bin/../lib/gcc/avr32/4.4.7/../../../../avr32/lib/ucr2\libc.a(lib_a-syscalls.o)
 *(COMMON)
 COMMON         0x00000d70       0x1c src/Application/app/app.o
                0x00000d70                RFID
                0x00000d80                bunchofrandomstatusflags
                0x00000d84                CT
                0x00000d88                SN
 COMMON         0x00000d8c      0x122 src/Application/radio/ambe.o
                0x00000d8c                AMBEBurst_rawdata
                0x00000d94                Radio_Internal_Data
                0x00000d98                AMBE_DecryptionKey
                0x00000da0                SendAMBEBurst_EncryptionPackage
                0x00000e90                VBSP_data
                0x00000e94                Soft_Decision_Data
 COMMON         0x00000eae     0x3200 src/Application/radio/physical.o
                0x00000eae                payload_store
                0x000022ae                xnl_store
 *fill*         0x000040ae        0x2 
 COMMON         0x000040b0       0x4c src/Application/radio/ssc.o
                0x000040b0                intDuration
                0x000040b4                BufferIndex
                0x000040b8                intStartCount
                0x000040bc                RxBuffer
                0x000040dc                TxBuffer
 COMMON         0x000040fc        0x4 src/Application/radio/xcmp.o
                0x000040fc                app_list
 COMMON         0x00004100        0x4 src/ASF/thirdparty/freertos/freertos-7.0.0/source/portable/gcc/avr32_uc3/write.o
                0x00004100                stdio_usart_base
 COMMON         0x00004104        0x4 src/Log/log.o
                0x00004104                logQueue
 COMMON         0x00004108        0x4 d:/program files (x86)/atmel/studio/7.0/toolchain/avr32/avr32-gnu-toolchain/bin/../lib/gcc/avr32/4.4.7/../../../../avr32/lib/ucr2\libc.a(lib_a-reent.o)
                0x00004108                errno
                0x00004110                . = ALIGN (0x8)
 *fill*         0x0000410c        0x4 
                0x00004110                . = ALIGN (0x8)
                0x00004110                _end = .
                0x00004110                PROVIDE (end, .)
                0x00004110                __heap_start__ = ALIGN (0x8)
                0x00017000                . = ((ORIGIN (CPUSRAM) + 0x17ffc) - _stack_size)
                0x00017000                __heap_end__ = .

.stab
 *(.stab)

.stabstr
 *(.stabstr)

.stab.excl
 *(.stab.excl)

.stab.exclstr
 *(.stab.exclstr)

.stab.index
 *(.stab.index)

.stab.indexstr
 *(.stab.indexstr)

.comment        0x00000000       0x30
 *(.comment)
 .comment       0x00000000       0x30 src/Application/app/app.o
                                 0x31 (size before relaxing)
 .comment       0x00000000       0x31 src/Application/radio/ambe.o
 .comment       0x00000000       0x31 src/Application/radio/payload.o
 .comment       0x00000000       0x31 src/Application/radio/physical.o
 .comment       0x00000000       0x31 src/Application/radio/ssc.o
 .comment       0x00000000       0x31 src/Application/radio/xcmp.o
 .comment       0x00000000       0x31 src/Application/radio/xnl.o
 .comment       0x00000000       0x31 src/Application/RFID/RFID.o
 .comment       0x00000000       0x31 src/Application/rtc/rtc.o
 .comment       0x00000000       0x31 src/Application/timers/timer.o
 .comment       0x00000000       0x31 src/ASF/avr32/drivers/gpio/gpio.o
 .comment       0x00000000       0x31 src/ASF/avr32/drivers/intc/intc.o
 .comment       0x00000000       0x31 src/ASF/avr32/drivers/usart/usart.o
 .comment       0x00000000       0x31 src/ASF/thirdparty/freertos/freertos-7.0.0/source/list.o
 .comment       0x00000000       0x31 src/ASF/thirdparty/freertos/freertos-7.0.0/source/portable/gcc/avr32_uc3/port.o
 .comment       0x00000000       0x31 src/ASF/thirdparty/freertos/freertos-7.0.0/source/portable/gcc/avr32_uc3/read.o
 .comment       0x00000000       0x31 src/ASF/thirdparty/freertos/freertos-7.0.0/source/portable/gcc/avr32_uc3/write.o
 .comment       0x00000000       0x31 src/ASF/thirdparty/freertos/freertos-7.0.0/source/portable/memmang/heap_3.o
 .comment       0x00000000       0x31 src/ASF/thirdparty/freertos/freertos-7.0.0/source/queue.o
 .comment       0x00000000       0x31 src/ASF/thirdparty/freertos/freertos-7.0.0/source/tasks.o
 .comment       0x00000000       0x31 src/Log/log.o
 .comment       0x00000000       0x31 src/main.o
 .comment       0x00000000       0x31 d:/program files (x86)/atmel/studio/7.0/toolchain/avr32/avr32-gnu-toolchain/bin/../lib/gcc/avr32/4.4.7/../../../../avr32/lib/ucr2\libc.a(lib_a-malloc.o)
 .comment       0x00000000       0x31 d:/program files (x86)/atmel/studio/7.0/toolchain/avr32/avr32-gnu-toolchain/bin/../lib/gcc/avr32/4.4.7/../../../../avr32/lib/ucr2\libc.a(lib_a-mallocr.o)
 .comment       0x00000000       0x31 d:/program files (x86)/atmel/studio/7.0/toolchain/avr32/avr32-gnu-toolchain/bin/../lib/gcc/avr32/4.4.7/../../../../avr32/lib/ucr2\libc.a(lib_a-memset.o)
 .comment       0x00000000       0x31 d:/program files (x86)/atmel/studio/7.0/toolchain/avr32/avr32-gnu-toolchain/bin/../lib/gcc/avr32/4.4.7/../../../../avr32/lib/ucr2\libc.a(lib_a-reallocr.o)
 .comment       0x00000000       0x31 d:/program files (x86)/atmel/studio/7.0/toolchain/avr32/avr32-gnu-toolchain/bin/../lib/gcc/avr32/4.4.7/../../../../avr32/lib/ucr2\libc.a(lib_a-sbrkr.o)
 .comment       0x00000000       0x31 d:/program files (x86)/atmel/studio/7.0/toolchain/avr32/avr32-gnu-toolchain/bin/../lib/gcc/avr32/4.4.7/../../../../avr32/lib/ucr2\libc.a(lib_a-sprintf.o)
 .comment       0x00000000       0x31 d:/program files (x86)/atmel/studio/7.0/toolchain/avr32/avr32-gnu-toolchain/bin/../lib/gcc/avr32/4.4.7/../../../../avr32/lib/ucr2\libc.a(lib_a-syscalls.o)
 .comment       0x00000000       0x31 d:/program files (x86)/atmel/studio/7.0/toolchain/avr32/avr32-gnu-toolchain/bin/../lib/gcc/avr32/4.4.7/../../../../avr32/lib/ucr2\libc.a(lib_a-vfprintf.o)
 .comment       0x00000000       0x31 d:/program files (x86)/atmel/studio/7.0/toolchain/avr32/avr32-gnu-toolchain/bin/../lib/gcc/avr32/4.4.7/../../../../avr32/lib/ucr2\libc.a(lib_a-wsetup.o)
 .comment       0x00000000       0x31 d:/program files (x86)/atmel/studio/7.0/toolchain/avr32/avr32-gnu-toolchain/bin/../lib/gcc/avr32/4.4.7/../../../../avr32/lib/ucr2\libc.a(lib_a-dtoa.o)
 .comment       0x00000000       0x31 d:/program files (x86)/atmel/studio/7.0/toolchain/avr32/avr32-gnu-toolchain/bin/../lib/gcc/avr32/4.4.7/../../../../avr32/lib/ucr2\libc.a(lib_a-errno.o)
 .comment       0x00000000       0x31 d:/program files (x86)/atmel/studio/7.0/toolchain/avr32/avr32-gnu-toolchain/bin/../lib/gcc/avr32/4.4.7/../../../../avr32/lib/ucr2\libc.a(lib_a-fflush.o)
 .comment       0x00000000       0x31 d:/program files (x86)/atmel/studio/7.0/toolchain/avr32/avr32-gnu-toolchain/bin/../lib/gcc/avr32/4.4.7/../../../../avr32/lib/ucr2\libc.a(lib_a-findfp.o)
 .comment       0x00000000       0x31 d:/program files (x86)/atmel/studio/7.0/toolchain/avr32/avr32-gnu-toolchain/bin/../lib/gcc/avr32/4.4.7/../../../../avr32/lib/ucr2\libc.a(lib_a-freer.o)
 .comment       0x00000000       0x31 d:/program files (x86)/atmel/studio/7.0/toolchain/avr32/avr32-gnu-toolchain/bin/../lib/gcc/avr32/4.4.7/../../../../avr32/lib/ucr2\libc.a(lib_a-fvwrite.o)
 .comment       0x00000000       0x31 d:/program files (x86)/atmel/studio/7.0/toolchain/avr32/avr32-gnu-toolchain/bin/../lib/gcc/avr32/4.4.7/../../../../avr32/lib/ucr2\libc.a(lib_a-fwalk.o)
 .comment       0x00000000       0x31 d:/program files (x86)/atmel/studio/7.0/toolchain/avr32/avr32-gnu-toolchain/bin/../lib/gcc/avr32/4.4.7/../../../../avr32/lib/ucr2\libc.a(lib_a-impure.o)
 .comment       0x00000000       0x31 d:/program files (x86)/atmel/studio/7.0/toolchain/avr32/avr32-gnu-toolchain/bin/../lib/gcc/avr32/4.4.7/../../../../avr32/lib/ucr2\libc.a(lib_a-locale.o)
 .comment       0x00000000       0x31 d:/program files (x86)/atmel/studio/7.0/toolchain/avr32/avr32-gnu-toolchain/bin/../lib/gcc/avr32/4.4.7/../../../../avr32/lib/ucr2\libc.a(lib_a-makebuf.o)
 .comment       0x00000000       0x31 d:/program files (x86)/atmel/studio/7.0/toolchain/avr32/avr32-gnu-toolchain/bin/../lib/gcc/avr32/4.4.7/../../../../avr32/lib/ucr2\libc.a(lib_a-memchr.o)
 .comment       0x00000000       0x31 d:/program files (x86)/atmel/studio/7.0/toolchain/avr32/avr32-gnu-toolchain/bin/../lib/gcc/avr32/4.4.7/../../../../avr32/lib/ucr2\libc.a(lib_a-memmove.o)
 .comment       0x00000000       0x31 d:/program files (x86)/atmel/studio/7.0/toolchain/avr32/avr32-gnu-toolchain/bin/../lib/gcc/avr32/4.4.7/../../../../avr32/lib/ucr2\libc.a(lib_a-mprec.o)
 .comment       0x00000000       0x31 d:/program files (x86)/atmel/studio/7.0/toolchain/avr32/avr32-gnu-toolchain/bin/../lib/gcc/avr32/4.4.7/../../../../avr32/lib/ucr2\libc.a(lib_a-reent.o)
 .comment       0x00000000       0x31 d:/program files (x86)/atmel/studio/7.0/toolchain/avr32/avr32-gnu-toolchain/bin/../lib/gcc/avr32/4.4.7/../../../../avr32/lib/ucr2\libc.a(lib_a-s_isinfd.o)
 .comment       0x00000000       0x31 d:/program files (x86)/atmel/studio/7.0/toolchain/avr32/avr32-gnu-toolchain/bin/../lib/gcc/avr32/4.4.7/../../../../avr32/lib/ucr2\libc.a(lib_a-s_isnand.o)
 .comment       0x00000000       0x31 d:/program files (x86)/atmel/studio/7.0/toolchain/avr32/avr32-gnu-toolchain/bin/../lib/gcc/avr32/4.4.7/../../../../avr32/lib/ucr2\libc.a(lib_a-stdio.o)
 .comment       0x00000000       0x31 d:/program files (x86)/atmel/studio/7.0/toolchain/avr32/avr32-gnu-toolchain/bin/../lib/gcc/avr32/4.4.7/../../../../avr32/lib/ucr2\libc.a(lib_a-strlen.o)
 .comment       0x00000000       0x31 d:/program files (x86)/atmel/studio/7.0/toolchain/avr32/avr32-gnu-toolchain/bin/../lib/gcc/avr32/4.4.7/../../../../avr32/lib/ucr2\libc.a(lib_a-writer.o)
 .comment       0x00000000       0x31 d:/program files (x86)/atmel/studio/7.0/toolchain/avr32/avr32-gnu-toolchain/bin/../lib/gcc/avr32/4.4.7/../../../../avr32/lib/ucr2\libc.a(lib_a-callocr.o)
 .comment       0x00000000       0x31 d:/program files (x86)/atmel/studio/7.0/toolchain/avr32/avr32-gnu-toolchain/bin/../lib/gcc/avr32/4.4.7/../../../../avr32/lib/ucr2\libc.a(lib_a-closer.o)
 .comment       0x00000000       0x31 d:/program files (x86)/atmel/studio/7.0/toolchain/avr32/avr32-gnu-toolchain/bin/../lib/gcc/avr32/4.4.7/../../../../avr32/lib/ucr2\libc.a(lib_a-fclose.o)
 .comment       0x00000000       0x31 d:/program files (x86)/atmel/studio/7.0/toolchain/avr32/avr32-gnu-toolchain/bin/../lib/gcc/avr32/4.4.7/../../../../avr32/lib/ucr2\libc.a(lib_a-fstatr.o)
 .comment       0x00000000       0x31 d:/program files (x86)/atmel/studio/7.0/toolchain/avr32/avr32-gnu-toolchain/bin/../lib/gcc/avr32/4.4.7/../../../../avr32/lib/ucr2\libc.a(lib_a-lseekr.o)
 .comment       0x00000000       0x31 d:/program files (x86)/atmel/studio/7.0/toolchain/avr32/avr32-gnu-toolchain/bin/../lib/gcc/avr32/4.4.7/../../../../avr32/lib/ucr2\libc.a(lib_a-readr.o)
 .comment       0x00000000       0x31 d:/program files (x86)/atmel/studio/7.0/toolchain/avr32/avr32-gnu-toolchain/bin/../lib/gcc/avr32/4.4.7/ucr2\libgcc.a(_udivdi3.o)
 .comment       0x00000000       0x31 d:/program files (x86)/atmel/studio/7.0/toolchain/avr32/avr32-gnu-toolchain/bin/../lib/gcc/avr32/4.4.7/ucr2\libgcc.a(_umoddi3.o)

.debug
 *(.debug)

.line
 *(.line)

.debug_srcinfo
 *(.debug_srcinfo)

.debug_sfnames
 *(.debug_sfnames)

.debug_aranges  0x00000000     0x1080
 *(.debug_aranges)
 .debug_aranges
                0x00000000      0x118 src/Application/app/app.o
 .debug_aranges
                0x00000118       0x20 src/Application/radio/ambe.o
 .debug_aranges
                0x00000138       0x28 src/Application/radio/payload.o
 .debug_aranges
                0x00000160       0x68 src/Application/radio/physical.o
 .debug_aranges
                0x000001c8       0x40 src/Application/radio/ssc.o
 .debug_aranges
                0x00000208       0xf8 src/Application/radio/xcmp.o
 .debug_aranges
                0x00000300       0x70 src/Application/radio/xnl.o
 .debug_aranges
                0x00000370       0x30 src/Application/RFID/RFID.o
 .debug_aranges
                0x000003a0       0x50 src/Application/rtc/rtc.o
 .debug_aranges
                0x000003f0       0x30 src/Application/timers/timer.o
 .debug_aranges
                0x00000420      0x100 src/ASF/avr32/drivers/gpio/gpio.o
 .debug_aranges
                0x00000520       0x38 src/ASF/avr32/drivers/intc/intc.o
 .debug_aranges
                0x00000558       0xe0 src/ASF/avr32/drivers/usart/usart.o
 .debug_aranges
                0x00000638       0x28 src/ASF/avr32/utils/startup/startup_uc3.o
 .debug_aranges
                0x00000660       0x20 src/ASF/avr32/utils/startup/trampoline_uc3.o
 .debug_aranges
                0x00000680       0x40 src/ASF/thirdparty/freertos/freertos-7.0.0/source/list.o
 .debug_aranges
                0x000006c0       0x20 src/ASF/thirdparty/freertos/freertos-7.0.0/source/portable/gcc/avr32_uc3/exception.o
 .debug_aranges
                0x000006e0       0x78 src/ASF/thirdparty/freertos/freertos-7.0.0/source/portable/gcc/avr32_uc3/port.o
 .debug_aranges
                0x00000758       0x20 src/ASF/thirdparty/freertos/freertos-7.0.0/source/portable/gcc/avr32_uc3/read.o
 .debug_aranges
                0x00000778       0x20 src/ASF/thirdparty/freertos/freertos-7.0.0/source/portable/gcc/avr32_uc3/write.o
 .debug_aranges
                0x00000798       0x28 src/ASF/thirdparty/freertos/freertos-7.0.0/source/portable/memmang/heap_3.o
 .debug_aranges
                0x000007c0       0x88 src/ASF/thirdparty/freertos/freertos-7.0.0/source/queue.o
 .debug_aranges
                0x00000848      0x108 src/ASF/thirdparty/freertos/freertos-7.0.0/source/tasks.o
 .debug_aranges
                0x00000950       0x50 src/Log/log.o
 .debug_aranges
                0x000009a0       0x20 src/main.o
 .debug_aranges
                0x000009c0       0x28 d:/program files (x86)/atmel/studio/7.0/toolchain/avr32/avr32-gnu-toolchain/bin/../lib/gcc/avr32/4.4.7/../../../../avr32/lib/ucr2\libc.a(lib_a-malloc.o)
 .debug_aranges
                0x000009e8       0x20 d:/program files (x86)/atmel/studio/7.0/toolchain/avr32/avr32-gnu-toolchain/bin/../lib/gcc/avr32/4.4.7/../../../../avr32/lib/ucr2\libc.a(lib_a-mallocr.o)
 .debug_aranges
                0x00000a08       0x20 d:/program files (x86)/atmel/studio/7.0/toolchain/avr32/avr32-gnu-toolchain/bin/../lib/gcc/avr32/4.4.7/../../../../avr32/lib/ucr2\libc.a(lib_a-memset.o)
 .debug_aranges
                0x00000a28       0x20 d:/program files (x86)/atmel/studio/7.0/toolchain/avr32/avr32-gnu-toolchain/bin/../lib/gcc/avr32/4.4.7/../../../../avr32/lib/ucr2\libc.a(lib_a-reallocr.o)
 .debug_aranges
                0x00000a48       0x20 d:/program files (x86)/atmel/studio/7.0/toolchain/avr32/avr32-gnu-toolchain/bin/../lib/gcc/avr32/4.4.7/../../../../avr32/lib/ucr2\libc.a(lib_a-sbrkr.o)
 .debug_aranges
                0x00000a68       0x28 d:/program files (x86)/atmel/studio/7.0/toolchain/avr32/avr32-gnu-toolchain/bin/../lib/gcc/avr32/4.4.7/../../../../avr32/lib/ucr2\libc.a(lib_a-sprintf.o)
 .debug_aranges
                0x00000a90       0xf8 d:/program files (x86)/atmel/studio/7.0/toolchain/avr32/avr32-gnu-toolchain/bin/../lib/gcc/avr32/4.4.7/../../../../avr32/lib/ucr2\libc.a(lib_a-syscalls.o)
 .debug_aranges
                0x00000b88       0x38 d:/program files (x86)/atmel/studio/7.0/toolchain/avr32/avr32-gnu-toolchain/bin/../lib/gcc/avr32/4.4.7/../../../../avr32/lib/ucr2\libc.a(lib_a-vfprintf.o)
 .debug_aranges
                0x00000bc0       0x20 d:/program files (x86)/atmel/studio/7.0/toolchain/avr32/avr32-gnu-toolchain/bin/../lib/gcc/avr32/4.4.7/../../../../avr32/lib/ucr2\libc.a(lib_a-wsetup.o)
 .debug_aranges
                0x00000be0       0x28 d:/program files (x86)/atmel/studio/7.0/toolchain/avr32/avr32-gnu-toolchain/bin/../lib/gcc/avr32/4.4.7/../../../../avr32/lib/ucr2\libc.a(lib_a-dtoa.o)
 .debug_aranges
                0x00000c08       0x20 d:/program files (x86)/atmel/studio/7.0/toolchain/avr32/avr32-gnu-toolchain/bin/../lib/gcc/avr32/4.4.7/../../../../avr32/lib/ucr2\libc.a(lib_a-errno.o)
 .debug_aranges
                0x00000c28       0x28 d:/program files (x86)/atmel/studio/7.0/toolchain/avr32/avr32-gnu-toolchain/bin/../lib/gcc/avr32/4.4.7/../../../../avr32/lib/ucr2\libc.a(lib_a-fflush.o)
 .debug_aranges
                0x00000c50       0x80 d:/program files (x86)/atmel/studio/7.0/toolchain/avr32/avr32-gnu-toolchain/bin/../lib/gcc/avr32/4.4.7/../../../../avr32/lib/ucr2\libc.a(lib_a-findfp.o)
 .debug_aranges
                0x00000cd0       0x28 d:/program files (x86)/atmel/studio/7.0/toolchain/avr32/avr32-gnu-toolchain/bin/../lib/gcc/avr32/4.4.7/../../../../avr32/lib/ucr2\libc.a(lib_a-freer.o)
 .debug_aranges
                0x00000cf8       0x20 d:/program files (x86)/atmel/studio/7.0/toolchain/avr32/avr32-gnu-toolchain/bin/../lib/gcc/avr32/4.4.7/../../../../avr32/lib/ucr2\libc.a(lib_a-fvwrite.o)
 .debug_aranges
                0x00000d18       0x28 d:/program files (x86)/atmel/studio/7.0/toolchain/avr32/avr32-gnu-toolchain/bin/../lib/gcc/avr32/4.4.7/../../../../avr32/lib/ucr2\libc.a(lib_a-fwalk.o)
 .debug_aranges
                0x00000d40       0x40 d:/program files (x86)/atmel/studio/7.0/toolchain/avr32/avr32-gnu-toolchain/bin/../lib/gcc/avr32/4.4.7/../../../../avr32/lib/ucr2\libc.a(lib_a-locale.o)
 .debug_aranges
                0x00000d80       0x20 d:/program files (x86)/atmel/studio/7.0/toolchain/avr32/avr32-gnu-toolchain/bin/../lib/gcc/avr32/4.4.7/../../../../avr32/lib/ucr2\libc.a(lib_a-makebuf.o)
 .debug_aranges
                0x00000da0       0x20 d:/program files (x86)/atmel/studio/7.0/toolchain/avr32/avr32-gnu-toolchain/bin/../lib/gcc/avr32/4.4.7/../../../../avr32/lib/ucr2\libc.a(lib_a-memchr.o)
 .debug_aranges
                0x00000dc0       0x20 d:/program files (x86)/atmel/studio/7.0/toolchain/avr32/avr32-gnu-toolchain/bin/../lib/gcc/avr32/4.4.7/../../../../avr32/lib/ucr2\libc.a(lib_a-memmove.o)
 .debug_aranges
                0x00000de0       0xb0 d:/program files (x86)/atmel/studio/7.0/toolchain/avr32/avr32-gnu-toolchain/bin/../lib/gcc/avr32/4.4.7/../../../../avr32/lib/ucr2\libc.a(lib_a-mprec.o)
 .debug_aranges
                0x00000e90       0x30 d:/program files (x86)/atmel/studio/7.0/toolchain/avr32/avr32-gnu-toolchain/bin/../lib/gcc/avr32/4.4.7/../../../../avr32/lib/ucr2\libc.a(lib_a-reent.o)
 .debug_aranges
                0x00000ec0       0x20 d:/program files (x86)/atmel/studio/7.0/toolchain/avr32/avr32-gnu-toolchain/bin/../lib/gcc/avr32/4.4.7/../../../../avr32/lib/ucr2\libc.a(lib_a-s_isinfd.o)
 .debug_aranges
                0x00000ee0       0x20 d:/program files (x86)/atmel/studio/7.0/toolchain/avr32/avr32-gnu-toolchain/bin/../lib/gcc/avr32/4.4.7/../../../../avr32/lib/ucr2\libc.a(lib_a-s_isnand.o)
 .debug_aranges
                0x00000f00       0x38 d:/program files (x86)/atmel/studio/7.0/toolchain/avr32/avr32-gnu-toolchain/bin/../lib/gcc/avr32/4.4.7/../../../../avr32/lib/ucr2\libc.a(lib_a-stdio.o)
 .debug_aranges
                0x00000f38       0x20 d:/program files (x86)/atmel/studio/7.0/toolchain/avr32/avr32-gnu-toolchain/bin/../lib/gcc/avr32/4.4.7/../../../../avr32/lib/ucr2\libc.a(lib_a-strlen.o)
 .debug_aranges
                0x00000f58       0x20 d:/program files (x86)/atmel/studio/7.0/toolchain/avr32/avr32-gnu-toolchain/bin/../lib/gcc/avr32/4.4.7/../../../../avr32/lib/ucr2\libc.a(lib_a-writer.o)
 .debug_aranges
                0x00000f78       0x20 d:/program files (x86)/atmel/studio/7.0/toolchain/avr32/avr32-gnu-toolchain/bin/../lib/gcc/avr32/4.4.7/../../../../avr32/lib/ucr2\libc.a(lib_a-callocr.o)
 .debug_aranges
                0x00000f98       0x20 d:/program files (x86)/atmel/studio/7.0/toolchain/avr32/avr32-gnu-toolchain/bin/../lib/gcc/avr32/4.4.7/../../../../avr32/lib/ucr2\libc.a(lib_a-closer.o)
 .debug_aranges
                0x00000fb8       0x28 d:/program files (x86)/atmel/studio/7.0/toolchain/avr32/avr32-gnu-toolchain/bin/../lib/gcc/avr32/4.4.7/../../../../avr32/lib/ucr2\libc.a(lib_a-fclose.o)
 .debug_aranges
                0x00000fe0       0x20 d:/program files (x86)/atmel/studio/7.0/toolchain/avr32/avr32-gnu-toolchain/bin/../lib/gcc/avr32/4.4.7/../../../../avr32/lib/ucr2\libc.a(lib_a-fstatr.o)
 .debug_aranges
                0x00001000       0x20 d:/program files (x86)/atmel/studio/7.0/toolchain/avr32/avr32-gnu-toolchain/bin/../lib/gcc/avr32/4.4.7/../../../../avr32/lib/ucr2\libc.a(lib_a-lseekr.o)
 .debug_aranges
                0x00001020       0x20 d:/program files (x86)/atmel/studio/7.0/toolchain/avr32/avr32-gnu-toolchain/bin/../lib/gcc/avr32/4.4.7/../../../../avr32/lib/ucr2\libc.a(lib_a-readr.o)
 .debug_aranges
                0x00001040       0x20 d:/program files (x86)/atmel/studio/7.0/toolchain/avr32/avr32-gnu-toolchain/bin/../lib/gcc/avr32/4.4.7/ucr2\libgcc.a(_udivdi3.o)
 .debug_aranges
                0x00001060       0x20 d:/program files (x86)/atmel/studio/7.0/toolchain/avr32/avr32-gnu-toolchain/bin/../lib/gcc/avr32/4.4.7/ucr2\libgcc.a(_umoddi3.o)

.debug_pubnames
                0x00000000     0x23e9
 *(.debug_pubnames)
 .debug_pubnames
                0x00000000      0x410 src/Application/app/app.o
 .debug_pubnames
                0x00000410       0xc6 src/Application/radio/ambe.o
 .debug_pubnames
                0x000004d6       0x4b src/Application/radio/payload.o
 .debug_pubnames
                0x00000521      0x1c9 src/Application/radio/physical.o
 .debug_pubnames
                0x000006ea      0x159 src/Application/radio/ssc.o
 .debug_pubnames
                0x00000843      0x35d src/Application/radio/xcmp.o
 .debug_pubnames
                0x00000ba0      0x11d src/Application/radio/xnl.o
 .debug_pubnames
                0x00000cbd       0x74 src/Application/RFID/RFID.o
 .debug_pubnames
                0x00000d31       0x84 src/Application/rtc/rtc.o
 .debug_pubnames