Archive member included because of file (symbol)

e:/program x86/atmel/studio/7.0/toolchain/avr32/avr32-gnu-toolchain/bin/../lib/gcc/avr32/4.4.7/../../../../avr32/lib/ucr2\libc.a(lib_a-malloc.o)
                              src/ASF/thirdparty/freertos/freertos-7.0.0/source/portable/memmang/heap_3.o (free)
e:/program x86/atmel/studio/7.0/toolchain/avr32/avr32-gnu-toolchain/bin/../lib/gcc/avr32/4.4.7/../../../../avr32/lib/ucr2\libc.a(lib_a-mallocr.o)
                              e:/program x86/atmel/studio/7.0/toolchain/avr32/avr32-gnu-toolchain/bin/../lib/gcc/avr32/4.4.7/../../../../avr32/lib/ucr2\libc.a(lib_a-malloc.o) (_malloc_r)
e:/program x86/atmel/studio/7.0/toolchain/avr32/avr32-gnu-toolchain/bin/../lib/gcc/avr32/4.4.7/../../../../avr32/lib/ucr2\libc.a(lib_a-memcmp.o)
                              src/Application/xgflash/xgflash.o (memcmp)
e:/program x86/atmel/studio/7.0/toolchain/avr32/avr32-gnu-toolchain/bin/../lib/gcc/avr32/4.4.7/../../../../avr32/lib/ucr2\libc.a(lib_a-memcpy.o)
                              src/Application/app/app.o (memcpy)
e:/program x86/atmel/studio/7.0/toolchain/avr32/avr32-gnu-toolchain/bin/../lib/gcc/avr32/4.4.7/../../../../avr32/lib/ucr2\libc.a(lib_a-memset.o)
                              src/Application/radio/physical.o (memset)
e:/program x86/atmel/studio/7.0/toolchain/avr32/avr32-gnu-toolchain/bin/../lib/gcc/avr32/4.4.7/../../../../avr32/lib/ucr2\libc.a(lib_a-realloc.o)
                              src/ASF/thirdparty/freertos/freertos-7.0.0/source/portable/gcc/avr32_uc3/port.o (realloc)
e:/program x86/atmel/studio/7.0/toolchain/avr32/avr32-gnu-toolchain/bin/../lib/gcc/avr32/4.4.7/../../../../avr32/lib/ucr2\libc.a(lib_a-reallocr.o)
                              e:/program x86/atmel/studio/7.0/toolchain/avr32/avr32-gnu-toolchain/bin/../lib/gcc/avr32/4.4.7/../../../../avr32/lib/ucr2\libc.a(lib_a-realloc.o) (_realloc_r)
e:/program x86/atmel/studio/7.0/toolchain/avr32/avr32-gnu-toolchain/bin/../lib/gcc/avr32/4.4.7/../../../../avr32/lib/ucr2\libc.a(lib_a-sbrkr.o)
                              e:/program x86/atmel/studio/7.0/toolchain/avr32/avr32-gnu-toolchain/bin/../lib/gcc/avr32/4.4.7/../../../../avr32/lib/ucr2\libc.a(lib_a-mallocr.o) (_sbrk_r)
e:/program x86/atmel/studio/7.0/toolchain/avr32/avr32-gnu-toolchain/bin/../lib/gcc/avr32/4.4.7/../../../../avr32/lib/ucr2\libc.a(lib_a-sprintf.o)
                              src/Log/log.o (sprintf)
e:/program x86/atmel/studio/7.0/toolchain/avr32/avr32-gnu-toolchain/bin/../lib/gcc/avr32/4.4.7/../../../../avr32/lib/ucr2\libc.a(lib_a-strncpy.o)
                              src/ASF/thirdparty/freertos/freertos-7.0.0/source/tasks.o (strncpy)
e:/program x86/atmel/studio/7.0/toolchain/avr32/avr32-gnu-toolchain/bin/../lib/gcc/avr32/4.4.7/../../../../avr32/lib/ucr2\libc.a(lib_a-syscalls.o)
                              e:/program x86/atmel/studio/7.0/toolchain/avr32/avr32-gnu-toolchain/bin/../lib/gcc/avr32/4.4.7/../../../../avr32/lib/ucr2\libc.a(lib_a-sbrkr.o) (_sbrk)
e:/program x86/atmel/studio/7.0/toolchain/avr32/avr32-gnu-toolchain/bin/../lib/gcc/avr32/4.4.7/../../../../avr32/lib/ucr2\libc.a(lib_a-vfprintf.o)
                              e:/program x86/atmel/studio/7.0/toolchain/avr32/avr32-gnu-toolchain/bin/../lib/gcc/avr32/4.4.7/../../../../avr32/lib/ucr2\libc.a(lib_a-sprintf.o) (_vfprintf_r)
e:/program x86/atmel/studio/7.0/toolchain/avr32/avr32-gnu-toolchain/bin/../lib/gcc/avr32/4.4.7/../../../../avr32/lib/ucr2\libc.a(lib_a-wsetup.o)
                              e:/program x86/atmel/studio/7.0/toolchain/avr32/avr32-gnu-toolchain/bin/../lib/gcc/avr32/4.4.7/../../../../avr32/lib/ucr2\libc.a(lib_a-vfprintf.o) (__swsetup_r)
e:/program x86/atmel/studio/7.0/toolchain/avr32/avr32-gnu-toolchain/bin/../lib/gcc/avr32/4.4.7/../../../../avr32/lib/ucr2\libc.a(lib_a-dtoa.o)
                              e:/program x86/atmel/studio/7.0/toolchain/avr32/avr32-gnu-toolchain/bin/../lib/gcc/avr32/4.4.7/../../../../avr32/lib/ucr2\libc.a(lib_a-vfprintf.o) (_dtoa_r)
e:/program x86/atmel/studio/7.0/toolchain/avr32/avr32-gnu-toolchain/bin/../lib/gcc/avr32/4.4.7/../../../../avr32/lib/ucr2\libc.a(lib_a-errno.o)
                              e:/program x86/atmel/studio/7.0/toolchain/avr32/avr32-gnu-toolchain/bin/../lib/gcc/avr32/4.4.7/../../../../avr32/lib/ucr2\libc.a(lib_a-syscalls.o) (__errno)
e:/program x86/atmel/studio/7.0/toolchain/avr32/avr32-gnu-toolchain/bin/../lib/gcc/avr32/4.4.7/../../../../avr32/lib/ucr2\libc.a(lib_a-fflush.o)
                              e:/program x86/atmel/studio/7.0/toolchain/avr32/avr32-gnu-toolchain/bin/../lib/gcc/avr32/4.4.7/../../../../avr32/lib/ucr2\libc.a(lib_a-vfprintf.o) (_fflush_r)
e:/program x86/atmel/studio/7.0/toolchain/avr32/avr32-gnu-toolchain/bin/../lib/gcc/avr32/4.4.7/../../../../avr32/lib/ucr2\libc.a(lib_a-findfp.o)
                              e:/program x86/atmel/studio/7.0/toolchain/avr32/avr32-gnu-toolchain/bin/../lib/gcc/avr32/4.4.7/../../../../avr32/lib/ucr2\libc.a(lib_a-vfprintf.o) (__sinit)
[...]
Memory Configuration

Name             Origin             Length             Attributes
FLASH            0x80000000         0x00080000         axrl !w
CPUSRAM          0x00000004         0x00017ffc         axw !rl
USERPAGE         0x80800000         0x00000200
FACTORYPAGE      0x80800200         0x00000200
*default*        0x00000000         0xffffffff

Linker script and memory map

                0x00001000                _stack_size = 0x1000
LOAD src/Application/app/app.o
LOAD src/Application/flash/data_flash.o
LOAD src/Application/myrtc/xgrtc.o
LOAD src/Application/radio/ambe.o
LOAD src/Application/radio/AMBE_audio.o
LOAD src/Application/radio/AMBE_audio_2.o
LOAD src/Application/radio/audio.o
LOAD src/Application/radio/payload.o
LOAD src/Application/radio/physical.o
LOAD src/Application/radio/ssc.o
LOAD src/Application/radio/xcmp.o
LOAD src/Application/radio/xnl.o
LOAD src/Application/RFID/MFRC522/rc522.o
LOAD src/Application/RFID/RFID.o
LOAD src/Application/timers/timer.o
LOAD src/Application/xgflash/xgflash.o
LOAD src/ASF/avr32/drivers/flashc/flashc.o
LOAD src/ASF/avr32/drivers/gpio/gpio.o
LOAD src/ASF/avr32/drivers/intc/intc.o
LOAD src/ASF/avr32/drivers/pm/pm.o
LOAD src/ASF/avr32/drivers/pm/pm_conf_clocks.o
LOAD src/ASF/avr32/drivers/pm/power_clocks_lib.o
LOAD src/ASF/avr32/drivers/rtc/rtc.o
LOAD src/ASF/avr32/drivers/spi/spi.o
LOAD src/ASF/avr32/drivers/tc/tc.o
LOAD src/ASF/avr32/drivers/twi/twi.o
LOAD src/ASF/avr32/drivers/usart/usart.o
LOAD src/ASF/avr32/utils/startup/startup_uc3.o
LOAD src/ASF/avr32/utils/startup/trampoline_uc3.o
LOAD src/ASF/common/boards/user_board/init.o
LOAD src/ASF/common/services/clock/uc3b0_b1/sysclk.o
LOAD src/ASF/common/services/spi/uc3_spi/spi_master.o
LOAD src/ASF/common/services/spi/uc3_usart_spi/usart_spi.o
LOAD src/ASF/thirdparty/freertos/freertos-7.0.0/source/croutine.o
LOAD src/ASF/thirdparty/freertos/freertos-7.0.0/source/list.o
LOAD src/ASF/thirdparty/freertos/freertos-7.0.0/source/portable/gcc/avr32_uc3/exception.o
LOAD src/ASF/thirdparty/freertos/freertos-7.0.0/source/portable/gcc/avr32_uc3/port.o
LOAD src/ASF/thirdparty/freertos/freertos-7.0.0/source/portable/gcc/avr32_uc3/read.o
LOAD src/ASF/thirdparty/freertos/freertos-7.0.0/source/portable/gcc/avr32_uc3/write.o
LOAD src/ASF/thirdparty/freertos/freertos-7.0.0/source/portable/memmang/heap_3.o
LOAD src/ASF/thirdparty/freertos/freertos-7.0.0/source/queue.o
LOAD src/ASF/thirdparty/freertos/freertos-7.0.0/source/tasks.o
LOAD src/Log/log.o
LOAD src/main.o
START GROUP
LOAD e:/program x86/atmel/studio/7.0/toolchain/avr32/avr32-gnu-toolchain/bin/../lib/gcc/avr32/4.4.7/../../../../avr32/lib/ucr2\libm.a
END GROUP
LOAD e:/program x86/atmel/studio/7.0/toolchain/avr32/avr32-gnu-toolchain/bin/../lib/gcc/avr32/4.4.7/ucr2\libgcc.a
LOAD e:/program x86/atmel/studio/7.0/toolchain/avr32/avr32-gnu-toolchain/bin/../lib/gcc/avr32/4.4.7/../../../../avr32/lib/ucr2\libc.a
LOAD e:/program x86/atmel/studio/7.0/toolchain/avr32/avr32-gnu-toolchain/bin/../lib/gcc/avr32/4.4.7/ucr2\libgcc.a
                0x80000000                PROVIDE (__executable_start, 0x80000000)
                0x80000000                . = 0x80000000

.interp
 *(.interp)

.reset          0x80000000     0x2004
 *(.reset)
 .reset         0x80000000     0x2004 src/ASF/avr32/utils/startup/trampoline_uc3.o
                               0x2008 (size before relaxing)
                0x80000000                _trampoline

.hash
 *(.hash)

.dynsym
 *(.dynsym)

.dynstr
 *(.dynstr)

.gnu.version
 *(.gnu.version)

.gnu.version_d
 *(.gnu.version_d)

.gnu.version_r
 *(.gnu.version_r)

.rel.init
 *(.rel.init)

.rela.init
 *(.rela.init)

.rel.text
 *(.rel.text .rel.text.* .rel.gnu.linkonce.t.*)

.rela.text
 *(.rela.text .rela.text.* .rela.gnu.linkonce.t.*)

.rel.fini
 *(.rel.fini)

.rela.fini
 *(.rela.fini)

.rel.rodata
 *(.rel.rodata .rel.rodata.* .rel.gnu.linkonce.r.*)

.rela.rodata
 *(.rela.rodata .rela.rodata.* .rela.gnu.linkonce.r.*)

.rel.data.rel.ro
 *(.rel.data.rel.ro*)

.rela.data.rel.ro
 *(.rel.data.rel.ro*)

.rel.data
 *(.rel.data .rel.data.* .rel.gnu.linkonce.d.*)

.rela.data
 *(.rela.data .rela.data.* .rela.gnu.linkonce.d.*)

.rel.tdata
 *(.rel.tdata .rel.tdata.* .rel.gnu.linkonce.td.*)

.rela.tdata
 *(.rela.tdata .rela.tdata.* .rela.gnu.linkonce.td.*)

.rel.tbss
 *(.rel.tbss .rel.tbss.* .rel.gnu.linkonce.tb.*)

.rela.tbss
 *(.rela.tbss .rela.tbss.* .rela.gnu.linkonce.tb.*)

.rel.ctors
 *(.rel.ctors)

.rela.ctors
 *(.rela.ctors)

.rel.dtors
 *(.rel.dtors)

.rela.dtors
 *(.rela.dtors)

.rel.got
 *(.rel.got)

.rela.got       0x80002004        0x0
 *(.rela.got)
 .rela.got      0x80002004        0x0 src/Application/app/app.o

.rel.bss
 *(.rel.bss .rel.bss.* .rel.gnu.linkonce.b.*)

.rela.bss
 *(.rela.bss .rela.bss.* .rela.gnu.linkonce.b.*)

.rel.plt
 *(.rel.plt)

.rela.plt
 *(.rela.plt)

.init
 *(.init)

.plt
 *(.plt)

.text           0x80002004     0xb150
 *(.text .stub .text.* .gnu.linkonce.t.*)
 .text.DeviceManagement_brdcst_func
                0x80002004       0x24 src/Application/app/app.o
                0x80002004                DeviceManagement_brdcst_func
 .text.Volume_brdcst_func
                0x80002028        0x2 src/Application/app/app.o
                0x80002028                Volume_brdcst_func
 .text.AudioRoutingControl_brdcst_func
                0x8000202a        0x2 src/Application/app/app.o
                0x8000202a                AudioRoutingControl_brdcst_func
 .text.vApplicationIdleHook
                0x8000202c       0x10 src/Application/app/app.o
                0x8000202c                vApplicationIdleHook
 .text.app_init
                0x8000203c       0x54 src/Application/app/app.o
                0x8000203c                app_init
 .text.app_payload_tx_proc
                0x80002090       0x14 src/Application/app/app.o
 .text.app_payload_rx_proc
                0x800020a4       0x34 src/Application/app/app.o
 .text.FD_brdcst_func
                0x800020d8       0x14 src/Application/app/app.o
                0x800020d8                FD_brdcst_func
 .text.FD_reply_func
                0x800020ec       0x14 src/Application/app/app.o
                0x800020ec                FD_reply_func
 .text.FD_request_func
                0x80002100       0x14 src/Application/app/app.o
                0x80002100                FD_request_func
 .text.EnOB_brdcst_func
                0x80002114       0x14 src/Application/app/app.o
                0x80002114                EnOB_brdcst_func
 .text.EnOB_reply_func
                0x80002128       0x70 src/Application/app/app.o
                0x80002128                EnOB_reply_func
 .text.SingleDetection_brdcst_func
                0x80002198       0x1c src/Application/app/app.o
                0x80002198                SingleDetection_brdcst_func
 .text.ButtonConfig_brdcst_func
                0x800021b4       0xdc src/Application/app/app.o
                0x800021b4                ButtonConfig_brdcst_func
 .text.ButtonConfig_reply_func
                0x80002290       0x44 src/Application/app/app.o
                0x80002290                ButtonConfig_reply_func
 .text.DataSession_reply_func
                0x800022d4       0x7c src/Application/app/app.o
                0x800022d4                DataSession_reply_func
 .text.CallControl_brdcst_func
                0x80002350       0x44 src/Application/app/app.o
                0x80002350                CallControl_brdcst_func
 .text.TransmitControl_brdcst_func
                0x80002394       0x48 src/Application/app/app.o
                0x80002394                TransmitControl_brdcst_func
 .text.TransmitControl_reply_func
                0x800023dc       0x60 src/Application/app/app.o
                0x800023dc                TransmitControl_reply_func
 .text.AudioRoutingControl_reply_func
                0x8000243c       0x28 src/Application/app/app.o
                0x8000243c                AudioRoutingControl_reply_func
 .text.Volume_reply_func
                0x80002464       0x64 src/Application/app/app.o
                0x80002464                Volume_reply_func
 .text.spk_brdcst_func
                0x800024c8       0x38 src/Application/app/app.o
                0x800024c8                spk_brdcst_func
 .text.spk_reply_func
                0x80002500       0x48 src/Application/app/app.o
                0x80002500                spk_reply_func
 .text.mic_brdcst_func
                0x80002548       0x58 src/Application/app/app.o
                0x80002548                mic_brdcst_func
 .text.mic_reply_func
                0x800025a0       0x94 src/Application/app/app.o
                0x800025a0                mic_reply_func
 .text.dcm_brdcst_func
                0x80002634       0x48 src/Application/app/app.o
                0x80002634                dcm_brdcst_func
 .text.dcm_reply_func
                0x8000267c       0x68 src/Application/app/app.o
                0x8000267c                dcm_reply_func
 .text.ToneControl_reply_func
                0x800026e4       0x28 src/Application/app/app.o
                0x800026e4                ToneControl_reply_func
 .text.app_cfg  0x8000270c       0xcc src/Application/app/app.o
 .text.Phyuserinput_brdcst_func
                0x800027d8       0x58 src/Application/app/app.o
                0x800027d8                Phyuserinput_brdcst_func
 .text.DataSession_brdcst_func
                0x80002830      0x160 src/Application/app/app.o
                0x80002830                DataSession_brdcst_func
 .text.DeviceInitializationStatus_brdcst_func
                0x80002990       0x38 src/Application/app/app.o
                0x80002990                DeviceInitializationStatus_brdcst_func
 .text.CalculateBurst
                0x800029c8       0x1c src/Application/radio/ambe.o
                0x800029c8                CalculateBurst
 .text.payload_init
                0x800029e4       0x14 src/Application/radio/payload.o
                0x800029e4                payload_init
 .text.set_idle_store_isr
                0x800029f8       0x1c src/Application/radio/physical.o
                0x800029f8                set_idle_store_isr
 .text.payload_rx
                0x80002a14       0x18 src/Application/radio/physical.o
 .text.phy_rx   0x80002a2c       0x38 src/Application/radio/physical.o
                0x80002a2c                phy_rx
 .text.set_idle_store
                0x80002a64       0x20 src/Application/radio/physical.o
                0x80002a64                set_idle_store
 .text.phy_tx   0x80002a84       0x5c src/Application/radio/physical.o
                0x80002a84                phy_tx
 .text.get_idle_store_isr
                0x80002ae0       0x28 src/Application/radio/physical.o
                0x80002ae0                get_idle_store_isr
 .text.phy_tx_func
                0x80002b08      0x108 src/Application/radio/physical.o
 .text.get_idle_store
                0x80002c10       0x28 src/Application/radio/physical.o
                0x80002c10                get_idle_store
 .text.phy_init
                0x80002c38       0x28 src/Application/radio/physical.o
                0x80002c38                phy_init
 .text.phy_rx_func
                0x80002c60      0xf24 src/Application/radio/physical.o
 .text.pdca_int_handler
                0x80003b84       0x74 src/Application/radio/ssc.o
 .text.local_start_SSC
                0x80003bf8       0x44 src/Application/radio/ssc.o
                0x80003bf8                local_start_SSC
 .text.local_start_PDC
                0x80003c3c       0x6c src/Application/radio/ssc.o
                0x80003c3c                local_start_PDC
 .text.register_rx_tx_func
                0x80003ca8       0x14 src/Application/radio/ssc.o
                0x80003ca8                register_rx_tx_func
 .text.ssc_init
                0x80003cbc       0x74 src/Application/radio/ssc.o
                0x80003cbc                ssc_init
 .text.xcmp_register_app_list
                0x80003d30        0xc src/Application/radio/xcmp.o
                0x80003d30                xcmp_register_app_list
 .text.xcmp_tx  0x80003d3c       0x48 src/Application/radio/xcmp.o
 .text.xcmp_data_session_req
                0x80003d84       0x8c src/Application/radio/xcmp.o
                0x80003d84                xcmp_data_session_req
 .text.xcmp_DeviceInitializationStatus_request
                0x80003e10       0x40 src/Application/radio/xcmp.o
                0x80003e10                xcmp_DeviceInitializationStatus_request
 .text.xcmp_opcode_not_supported
                0x80003e50       0x24 src/Application/radio/xcmp.o
                0x80003e50                xcmp_opcode_not_supported
 .text.xcmp_exec_func
                0x80003e74       0x48 src/Application/radio/xcmp.o
 .text.xcmp_IdleTestTone
                0x80003ebc       0x60 src/Application/radio/xcmp.o
                0x80003ebc                xcmp_IdleTestTone
 .text.xcmp_init
                0x80003f1c       0x54 src/Application/radio/xcmp.o
                0x80003f1c                xcmp_init
 .text.xcmp_rx_process
                0x80003f70       0xfc src/Application/radio/xcmp.o
 .text.xcmp_rx  0x8000406c       0x4c src/Application/radio/xcmp.o
 .text.xnl_register_xcmp_func
                0x800040b8        0xc src/Application/radio/xnl.o
                0x800040b8                xnl_register_xcmp_func
 .text.xnl_get_msg_ack_func
                0x800040c4       0x2c src/Application/radio/xnl.o
                0x800040c4                xnl_get_msg_ack_func
 .text.xnl_init
                0x800040f0      0x12c src/Application/radio/xnl.o
                0x800040f0                xnl_init
 .text.xnl_rx_process
                0x8000421c       0x60 src/Application/radio/xnl.o
 .text.xnl_tx_process
                0x8000427c       0xcc src/Application/radio/xnl.o
 .text.xnl_tx   0x80004348       0xe4 src/Application/radio/xnl.o
                0x80004348                xnl_tx
 .text.xnl_data_msg_func
                0x8000442c       0x60 src/Application/radio/xnl.o
                0x8000442c                xnl_data_msg_func
 .text.xnl_device_auth_reply_func
                0x8000448c      0x120 src/Application/radio/xnl.o
                0x8000448c                xnl_device_auth_reply_func
 .text.xnl_master_status_brdcst_func
                0x800045ac       0x60 src/Application/radio/xnl.o
                0x800045ac                xnl_master_status_brdcst_func
 .text.xnl_device_conn_reply_func
                0x8000460c       0x5c src/Application/radio/xnl.o
                0x8000460c                xnl_device_conn_reply_func
 .text.xnl_send_device_master_query
                0x80004668       0x30 src/Application/radio/xnl.o
                0x80004668                xnl_send_device_master_query
 .text.RC522_SPI_SetSpeed
                0x80004698       0x24 src/Application/RFID/MFRC522/rc522.o
                0x80004698                RC522_SPI_SetSpeed
 .text.RC522_SPI_SetSpeedLow
                0x800046bc       0x10 src/Application/RFID/MFRC522/rc522.o
                0x800046bc                RC522_SPI_SetSpeedLow
 .text.RC522_ReadByte
                0x800046cc       0x44 src/Application/RFID/MFRC522/rc522.o
                0x800046cc                RC522_ReadByte
 .text.RC522_WriteByte
                0x80004710       0x4c src/Application/RFID/MFRC522/rc522.o
                0x80004710                RC522_WriteByte
 .text.WriteRawRC
                0x8000475c       0x38 src/Application/RFID/MFRC522/rc522.o
                0x8000475c                WriteRawRC
 .text.PcdReset
                0x80004794       0x80 src/Application/RFID/MFRC522/rc522.o
                0x80004794                PcdReset
 .text.ReadRawRC
                0x80004814       0x40 src/Application/RFID/MFRC522/rc522.o
                0x80004814                ReadRawRC
 .text.SetBitMask
                0x80004854       0x24 src/Application/RFID/MFRC522/rc522.o
                0x80004854                SetBitMask
 .text.PcdAntennaOn
                0x80004878       0x20 src/Application/RFID/MFRC522/rc522.o
                0x80004878                PcdAntennaOn
 .text.ClearBitMask
                0x80004898       0x28 src/Application/RFID/MFRC522/rc522.o
                0x80004898                ClearBitMask
 .text.PcdAntennaOff
                0x800048c0       0x10 src/Application/RFID/MFRC522/rc522.o
                0x800048c0                PcdAntennaOff
 .text.M500PcdConfigISOType
                0x800048d0       0x70 src/Application/RFID/MFRC522/rc522.o
                0x800048d0                M500PcdConfigISOType
 .text.rc522_init
                0x80004940       0xd0 src/Application/RFID/MFRC522/rc522.o
                0x80004940                rc522_init
 .text.PcdComMF522
                0x80004a10      0x178 src/Application/RFID/MFRC522/rc522.o
                0x80004a10                PcdComMF522
 .text.PcdAnticoll
                0x80004b88       0x84 src/Application/RFID/MFRC522/rc522.o
                0x80004b88                PcdAnticoll
 .text.PcdRequest
                0x80004c0c       0x64 src/Application/RFID/MFRC522/rc522.o
                0x80004c0c                PcdRequest
 .text.CalulateCRC
                0x80004c70       0x8c src/Application/RFID/MFRC522/rc522.o
                0x80004c70                CalulateCRC
 .text.PcdSelect
                0x80004cfc       0x74 src/Application/RFID/MFRC522/rc522.o
                0x80004cfc                PcdSelect
 .text.rfid_auto_reader
                0x80004d70      0x120 src/Application/RFID/RFID.o
                0x80004d70                rfid_auto_reader
 .text.rfid_sendID_message
                0x80004e90      0x170 src/Application/RFID/RFID.o
                0x80004e90                rfid_sendID_message
 .text.rfid_init
                0x80005000        0xc src/Application/RFID/RFID.o
                0x80005000                rfid_init
 .text.delay_ns
                0x8000500c       0x16 src/Application/timers/timer.o
                0x8000500c                delay_ns
 *fill*         0x80005022        0x2 d703d703
 .text.delay_us
                0x80005024       0x28 src/Application/timers/timer.o
                0x80005024                delay_us
 .text.delay_ms
                0x8000504c       0x28 src/Application/timers/timer.o
                0x8000504c                delay_ms
 .text.local_start_timer
                0x80005074       0x2c src/Application/timers/timer.o
                0x80005074                local_start_timer
 .text.local_start_pll0
                0x800050a0       0x94 src/Application/timers/timer.o
                0x800050a0                local_start_pll0
 .text.xg_flashc_init
                0x80005134      0x2e8 src/Application/xgflash/xgflash.o
                0x80005134                xg_flashc_init
 .text.flashc_get_flash_size
                0x8000541c       0x34 src/ASF/avr32/drivers/flashc/flashc.o
                0x8000541c                flashc_get_flash_size
 .text.flashc_set_wait_state
                0x80005450        0xe src/ASF/avr32/drivers/flashc/flashc.o
                0x80005450                flashc_set_wait_state
 .text.flashc_is_ready
                0x8000545e        0xc src/ASF/avr32/drivers/flashc/flashc.o
                0x8000545e                flashc_is_ready
 *fill*         0x8000546a        0x2 d703d703
 .text.flashc_default_wait_until_ready
                0x8000546c       0x10 src/ASF/avr32/drivers/flashc/flashc.o
                0x8000546c                flashc_default_wait_until_ready
 .text.flashc_is_lock_error
                0x8000547c       0x10 src/ASF/avr32/drivers/flashc/flashc.o
                0x8000547c                flashc_is_lock_error
 .text.flashc_is_programming_error
                0x8000548c       0x10 src/ASF/avr32/drivers/flashc/flashc.o
                0x8000548c                flashc_is_programming_error
 .text.flashc_get_page_number
                0x8000549c        0xc src/ASF/avr32/drivers/flashc/flashc.o
                0x8000549c                flashc_get_page_number
 .text.flashc_issue_command
                0x800054a8       0x48 src/ASF/avr32/drivers/flashc/flashc.o
                0x800054a8                flashc_issue_command
 .text.flashc_clear_page_buffer
                0x800054f0       0x10 src/ASF/avr32/drivers/flashc/flashc.o
                0x800054f0                flashc_clear_page_buffer
 .text.flashc_is_page_erased
                0x80005500        0xc src/ASF/avr32/drivers/flashc/flashc.o
                0x80005500                flashc_is_page_erased
 .text.flashc_quick_page_read
                0x8000550c       0x18 src/ASF/avr32/drivers/flashc/flashc.o
                0x8000550c                flashc_quick_page_read
 .text.flashc_erase_page
                0x80005524       0x38 src/ASF/avr32/drivers/flashc/flashc.o
                0x80005524                flashc_erase_page
 .text.flashc_write_page
                0x8000555c       0x10 src/ASF/avr32/drivers/flashc/flashc.o
                0x8000555c                flashc_write_page
 .text.flashc_quick_user_page_read
                0x8000556c       0x18 src/ASF/avr32/drivers/flashc/flashc.o
                0x8000556c                flashc_quick_user_page_read
 .text.flashc_erase_user_page
                0x80005584       0x28 src/ASF/avr32/drivers/flashc/flashc.o
                0x80005584                flashc_erase_user_page
 .text.flashc_write_user_page
                0x800055ac       0x10 src/ASF/avr32/drivers/flashc/flashc.o
                0x800055ac                flashc_write_user_page
 .text.flashc_memset64
                0x800055bc      0x238 src/ASF/avr32/drivers/flashc/flashc.o
                0x800055bc                flashc_memset64
 .text.flashc_memcpy
                0x800057f4       0xfc src/ASF/avr32/drivers/flashc/flashc.o
                0x800057f4                flashc_memcpy
 .text.gpio_enable_module_pin
                0x800058f0       0x52 src/ASF/avr32/drivers/gpio/gpio.o
                0x800058f0                gpio_enable_module_pin
 *fill*         0x80005942        0x2 d703d703
 .text.gpio_enable_module
                0x80005944       0x30 src/ASF/avr32/drivers/gpio/gpio.o
                0x80005944                gpio_enable_module
 .text.gpio_enable_gpio_pin
                0x80005974       0x18 src/ASF/avr32/drivers/gpio/gpio.o
                0x80005974                gpio_enable_gpio_pin
 .text.gpio_set_gpio_pin
                0x8000598c       0x1c src/ASF/avr32/drivers/gpio/gpio.o
                0x8000598c                gpio_set_gpio_pin
 .text.gpio_clr_gpio_pin
                0x800059a8       0x1c src/ASF/avr32/drivers/gpio/gpio.o
                0x800059a8                gpio_clr_gpio_pin
 .text._unhandled_interrupt
                0x800059c4        0x2 src/ASF/avr32/drivers/intc/intc.o
 *fill*         0x800059c6        0x2 d703d703
 .text.INTC_register_interrupt
                0x800059c8       0x80 src/ASF/avr32/drivers/intc/intc.o
                0x800059c8                INTC_register_interrupt
 .text.INTC_init_interrupts
                0x80005a48       0x54 src/ASF/avr32/drivers/intc/intc.o
                0x80005a48                INTC_init_interrupts
 .text._get_interrupt_handler
                0x80005a9c       0x38 src/ASF/avr32/drivers/intc/intc.o
                0x80005a9c                _get_interrupt_handler
 .text.pm_set_osc0_mode
                0x80005ad4        0xa src/ASF/avr32/drivers/pm/pm.o
 *fill*         0x80005ade        0x2 d703d703
 .text.pm_enable_osc0_crystal
                0x80005ae0       0x3c src/ASF/avr32/drivers/pm/pm.o
                0x80005ae0                pm_enable_osc0_crystal
 .text.pm_enable_clk0_no_wait
                0x80005b1c       0x10 src/ASF/avr32/drivers/pm/pm.o
                0x80005b1c                pm_enable_clk0_no_wait
 .text.pm_wait_for_clk0_ready
                0x80005b2c        0xa src/ASF/avr32/drivers/pm/pm.o
                0x80005b2c                pm_wait_for_clk0_ready
 *fill*         0x80005b36        0x2 d703d703
 .text.pm_enable_clk0
                0x80005b38       0x1c src/ASF/avr32/drivers/pm/pm.o
                0x80005b38                pm_enable_clk0
 .text.pm_cksel
                0x80005b54       0x46 src/ASF/avr32/drivers/pm/pm.o
                0x80005b54                pm_cksel
 .text.pm_pll_setup
                0x80005b9a       0x22 src/ASF/avr32/drivers/pm/pm.o
                0x80005b9a                pm_pll_setup
 .text.pm_pll_set_option
                0x80005bbc       0x1a src/ASF/avr32/drivers/pm/pm.o
                0x80005bbc                pm_pll_set_option
 .text.pm_pll_enable
                0x80005bd6        0xe src/ASF/avr32/drivers/pm/pm.o
                0x80005bd6                pm_pll_enable
 .text.pm_wait_for_pll0_locked
                0x80005be4        0xa src/ASF/avr32/drivers/pm/pm.o
                0x80005be4                pm_wait_for_pll0_locked
 .text.pm_switch_to_clock
                0x80005bee        0xa src/ASF/avr32/drivers/pm/pm.o
                0x80005bee                pm_switch_to_clock
 .text.pm_switch_to_osc0
                0x80005bf8       0x2c src/ASF/avr32/drivers/pm/pm.o
                0x80005bf8                pm_switch_to_osc0
 .text.getBaudDiv
                0x80005c24       0x20 src/ASF/avr32/drivers/spi/spi.o
                0x80005c24                getBaudDiv
 .text.spi_initMaster
                0x80005c44       0x38 src/ASF/avr32/drivers/spi/spi.o
                0x80005c44                spi_initMaster
 .text.spi_selectionMode
                0x80005c7c       0x2c src/ASF/avr32/drivers/spi/spi.o
                0x80005c7c                spi_selectionMode
 .text.spi_enable
                0x80005ca8        0x6 src/ASF/avr32/drivers/spi/spi.o
                0x80005ca8                spi_enable
 .text.spi_write
                0x80005cae       0x1c src/ASF/avr32/drivers/spi/spi.o
                0x80005cae                spi_write
 .text.spi_read
                0x80005cca       0x20 src/ASF/avr32/drivers/spi/spi.o
                0x80005cca                spi_read
 *fill*         0x80005cea        0x2 d703d703
 .text.spi_setupChipReg
                0x80005cec       0xe8 src/ASF/avr32/drivers/spi/spi.o
                0x80005cec                spi_setupChipReg
 .text.spi_unselectChip
                0x80005dd4       0x40 src/ASF/avr32/drivers/spi/spi.o
                0x80005dd4                spi_unselectChip
 .text.spi_selectChip
                0x80005e14       0x78 src/ASF/avr32/drivers/spi/spi.o
                0x80005e14                spi_selectChip
 .text.usart_set_async_baudrate
                0x80005e8c       0x5a src/ASF/avr32/drivers/usart/usart.o
 .text.usart_write_char
                0x80005ee6       0x14 src/ASF/avr32/drivers/usart/usart.o
                0x80005ee6                usart_write_char
 *fill*         0x80005efa        0x2 d703d703
 .text.usart_putchar
                0x80005efc       0x2c src/ASF/avr32/drivers/usart/usart.o
                0x80005efc                usart_putchar
 .text.usart_read_char
                0x80005f28       0x22 src/ASF/avr32/drivers/usart/usart.o
                0x80005f28                usart_read_char
 *fill*         0x80005f4a        0x2 d703d703
 .text.usart_getchar
                0x80005f4c       0x2c src/ASF/avr32/drivers/usart/usart.o
                0x80005f4c                usart_getchar
 .text.usart_write_line
                0x80005f78       0x24 src/ASF/avr32/drivers/usart/usart.o
                0x80005f78                usart_write_line
 .text.usart_reset
                0x80005f9c       0x2c src/ASF/avr32/drivers/usart/usart.o
                0x80005f9c                usart_reset
 .text.usart_init_rs232
                0x80005fc8       0xcc src/ASF/avr32/drivers/usart/usart.o
                0x80005fc8                usart_init_rs232
 .text._stext   0x80006094       0x40 src/ASF/avr32/utils/startup/startup_uc3.o
                                 0x50 (size before relaxing)
                0x80006094                _stext
 .text.vListInitialise
                0x800060d4       0x14 src/ASF/thirdparty/freertos/freertos-7.0.0/source/list.o
                0x800060d4                vListInitialise
 .text.vListInitialiseItem
                0x800060e8        0x6 src/ASF/thirdparty/freertos/freertos-7.0.0/source/list.o
                0x800060e8                vListInitialiseItem
 .text.vListInsertEnd
                0x800060ee       0x1c src/ASF/thirdparty/freertos/freertos-7.0.0/source/list.o
                0x800060ee                vListInsertEnd
 .text.vListInsert
                0x8000610a       0x34 src/ASF/thirdparty/freertos/freertos-7.0.0/source/list.o
                0x8000610a                vListInsert
 .text.vListRemove
                0x8000613e       0x26 src/ASF/thirdparty/freertos/freertos-7.0.0/source/list.o
                0x8000613e                vListRemove
 .text.pxPortInitialiseStack
                0x80006164       0x92 src/ASF/thirdparty/freertos/freertos-7.0.0/source/portable/gcc/avr32_uc3/port.o
                0x80006164                pxPortInitialiseStack
 *fill*         0x800061f6        0x2 d703d703
 .text.vPortEnterCritical
                0x800061f8       0x10 src/ASF/thirdparty/freertos/freertos-7.0.0/source/portable/gcc/avr32_uc3/port.o
                0x800061f8                vPortEnterCritical
 .text.xPortStartScheduler
                0x80006208       0x58 src/ASF/thirdparty/freertos/freertos-7.0.0/source/portable/gcc/avr32_uc3/port.o
                0x80006208                xPortStartScheduler
 .text.SCALLYield
                0x80006260       0x98 src/ASF/thirdparty/freertos/freertos-7.0.0/source/portable/gcc/avr32_uc3/port.o
                0x80006260                SCALLYield
 .text.prvClearCcInt
                0x800062f8        0xa src/ASF/thirdparty/freertos/freertos-7.0.0/source/portable/gcc/avr32_uc3/port.o
 *fill*         0x80006302        0x2 d703d703
 .text.vPortExitCritical
                0x80006304       0x20 src/ASF/thirdparty/freertos/freertos-7.0.0/source/portable/gcc/avr32_uc3/port.o
                0x80006304                vPortExitCritical
 .text.vTick    0x80006324       0x84 src/ASF/thirdparty/freertos/freertos-7.0.0/source/portable/gcc/avr32_uc3/port.o
 .text.__malloc_lock
                0x800063a8        0xc src/ASF/thirdparty/freertos/freertos-7.0.0/source/portable/gcc/avr32_uc3/port.o
                0x800063a8                __malloc_lock
 .text.__malloc_unlock
                0x800063b4        0xc src/ASF/thirdparty/freertos/freertos-7.0.0/source/portable/gcc/avr32_uc3/port.o
                0x800063b4                __malloc_unlock
 .text._read    0x800063c0       0x40 src/ASF/thirdparty/freertos/freertos-7.0.0/source/portable/gcc/avr32_uc3/read.o
                0x800063c0                _read
 .text._write   0x80006400       0x3c src/ASF/thirdparty/freertos/freertos-7.0.0/source/portable/gcc/avr32_uc3/write.o
                0x80006400                _write
 .text.vPortFree
                0x8000643c       0x28 src/ASF/thirdparty/freertos/freertos-7.0.0/source/portable/memmang/heap_3.o
                0x8000643c                vPortFree
 .text.pvPortMalloc
                0x80006464       0x28 src/ASF/thirdparty/freertos/freertos-7.0.0/source/portable/memmang/heap_3.o
                0x80006464                pvPortMalloc
 .text.prvCopyDataFromQueue
                0x8000648c       0x30 src/ASF/thirdparty/freertos/freertos-7.0.0/source/queue.o
 .text.xQueueReceiveFromISR
                0x800064bc       0x50 src/ASF/thirdparty/freertos/freertos-7.0.0/source/queue.o
                0x800064bc                xQueueReceiveFromISR
 .text.prvUnlockQueue
                0x8000650c       0xa0 src/ASF/thirdparty/freertos/freertos-7.0.0/source/queue.o
 .text.xQueueGenericReceive
                0x800065ac      0x144 src/ASF/thirdparty/freertos/freertos-7.0.0/source/queue.o
                0x800065ac                xQueueGenericReceive
 .text.prvCopyDataToQueue
                0x800066f0       0x78 src/ASF/thirdparty/freertos/freertos-7.0.0/source/queue.o
 .text.xQueueGenericSendFromISR
                0x80006768       0x50 src/ASF/thirdparty/freertos/freertos-7.0.0/source/queue.o
                0x80006768                xQueueGenericSendFromISR
 .text.xQueueGenericSend
                0x800067b8      0x100 src/ASF/thirdparty/freertos/freertos-7.0.0/source/queue.o
                0x800067b8                xQueueGenericSend
 .text.xQueueCreateMutex
                0x800068b8       0x58 src/ASF/thirdparty/freertos/freertos-7.0.0/source/queue.o
                0x800068b8                xQueueCreateMutex
 .text.xQueueCreate
                0x80006910       0x74 src/ASF/thirdparty/freertos/freertos-7.0.0/source/queue.o
                0x80006910                xQueueCreate
 .text.vTaskSuspendAll
                0x80006984       0x10 src/ASF/thirdparty/freertos/freertos-7.0.0/source/tasks.o
                0x80006984                vTaskSuspendAll
 .text.vTaskSwitchContext
                0x80006994       0x7c src/ASF/thirdparty/freertos/freertos-7.0.0/source/tasks.o
                0x80006994                vTaskSwitchContext
 .text.vTaskSetTimeOutState
                0x80006a10       0x18 src/ASF/thirdparty/freertos/freertos-7.0.0/source/tasks.o
                0x80006a10                vTaskSetTimeOutState
 .text.vTaskMissedYield
                0x80006a28        0xc src/ASF/thirdparty/freertos/freertos-7.0.0/source/tasks.o
                0x80006a28                vTaskMissedYield
 .text.uxTaskGetStackHighWaterMark
                0x80006a34       0x38 src/ASF/thirdparty/freertos/freertos-7.0.0/source/tasks.o
                0x80006a34                uxTaskGetStackHighWaterMark
 .text.xTaskGetCurrentTaskHandle
                0x80006a6c        0xc src/ASF/thirdparty/freertos/freertos-7.0.0/source/tasks.o
                0x80006a6c                xTaskGetCurrentTaskHandle
 .text.vTaskPriorityDisinherit
                0x80006a78       0x58 src/ASF/thirdparty/freertos/freertos-7.0.0/source/tasks.o
                0x80006a78                vTaskPriorityDisinherit
 .text.vTaskPriorityInherit
                0x80006ad0       0x84 src/ASF/thirdparty/freertos/freertos-7.0.0/source/tasks.o
                0x80006ad0                vTaskPriorityInherit
 .text.xTaskRemoveFromEventList
                0x80006b54       0x7c src/ASF/thirdparty/freertos/freertos-7.0.0/source/tasks.o
                0x80006b54                xTaskRemoveFromEventList
 .text.vTaskIncrementTick
                0x80006bd0      0x114 src/ASF/thirdparty/freertos/freertos-7.0.0/source/tasks.o
                0x80006bd0                vTaskIncrementTick
 .text.xTaskCheckForTimeOut
                0x80006ce4       0x70 src/ASF/thirdparty/freertos/freertos-7.0.0/source/tasks.o
                0x80006ce4                xTaskCheckForTimeOut
 .text.xTaskGetTickCount
                0x80006d54       0x24 src/ASF/thirdparty/freertos/freertos-7.0.0/source/tasks.o
                0x80006d54                xTaskGetTickCount
 .text.xTaskResumeAll
                0x80006d78       0xe8 src/ASF/thirdparty/freertos/freertos-7.0.0/source/tasks.o
                0x80006d78                xTaskResumeAll
 .text.prvAddCurrentTaskToDelayedList
                0x80006e60       0x5c src/ASF/thirdparty/freertos/freertos-7.0.0/source/tasks.o
 .text.vTaskDelay
                0x80006ebc       0x48 src/ASF/thirdparty/freertos/freertos-7.0.0/source/tasks.o
                0x80006ebc                vTaskDelay
 .text.vTaskDelayUntil
                0x80006f04       0x80 src/ASF/thirdparty/freertos/freertos-7.0.0/source/tasks.o
                0x80006f04                vTaskDelayUntil
 .text.vTaskPlaceOnEventList
                0x80006f84       0x58 src/ASF/thirdparty/freertos/freertos-7.0.0/source/tasks.o
                0x80006f84                vTaskPlaceOnEventList
 .text.prvIdleTask
                0x80006fdc       0x88 src/ASF/thirdparty/freertos/freertos-7.0.0/source/tasks.o
 .text.xTaskGenericCreate
                0x80007064      0x1e8 src/ASF/thirdparty/freertos/freertos-7.0.0/source/tasks.o
                0x80007064                xTaskGenericCreate
 .text.vTaskStartScheduler
                0x8000724c       0x4c src/ASF/thirdparty/freertos/freertos-7.0.0/source/tasks.o
                0x8000724c                vTaskStartScheduler
 .text.PrintChar
                0x80007298        0x4 src/Log/log.o
                0x80007298                PrintChar
 .text.PrintHex
                0x8000729c       0xb2 src/Log/log.o
                0x8000729c                PrintHex
 .text.PrintDec
                0x8000734e       0xda src/Log/log.o
                0x8000734e                PrintDec
 .text.log      0x80007428      0x18c src/Log/log.o
                0x80007428                log
 .text.logFromISR
                0x800075b4      0x180 src/Log/log.o
                0x800075b4                logFromISR
 .text.log_init
                0x80007734       0x64 src/Log/log.o
                0x80007734                log_init
 .text.task_log
                0x80007798       0x44 src/Log/log.o
 .text.main     0x800077dc       0x70 src/main.o
                0x800077dc                main
 .text.free     0x8000784c       0x10 e:/program x86/atmel/studio/7.0/toolchain/avr32/avr32-gnu-toolchain/bin/../lib/gcc/avr32/4.4.7/../../../../avr32/lib/ucr2\libc.a(lib_a-malloc.o)
                                 0x18 (size before relaxing)
                0x8000784c                free
 .text.malloc   0x8000785c       0x10 e:/program x86/atmel/studio/7.0/toolchain/avr32/avr32-gnu-toolchain/bin/../lib/gcc/avr32/4.4.7/../../../../avr32/lib/ucr2\libc.a(lib_a-malloc.o)
                                 0x18 (size before relaxing)
                0x8000785c                malloc
 .text._malloc_r
                0x8000786c      0x438 e:/program x86/atmel/studio/7.0/toolchain/avr32/avr32-gnu-toolchain/bin/../lib/gcc/avr32/4.4.7/../../../../avr32/lib/ucr2\libc.a(lib_a-mallocr.o)
                                0x450 (size before relaxing)
                0x8000786c                _malloc_r
 .text.memcmp   0x80007ca4       0x26 e:/program x86/atmel/studio/7.0/toolchain/avr32/avr32-gnu-toolchain/bin/../lib/gcc/avr32/4.4.7/../../../../avr32/lib/ucr2\libc.a(lib_a-memcmp.o)
                0x80007ca4                memcmp
 .text          0x80007cca      0x148 e:/program x86/atmel/studio/7.0/toolchain/avr32/avr32-gnu-toolchain/bin/../lib/gcc/avr32/4.4.7/../../../../avr32/lib/ucr2\libc.a(lib_a-memcpy.o)
                0x80007cca                memcpy
 .text.memset   0x80007e12        0xe e:/program x86/atmel/studio/7.0/toolchain/avr32/avr32-gnu-toolchain/bin/../lib/gcc/avr32/4.4.7/../../../../avr32/lib/ucr2\libc.a(lib_a-memset.o)
                0x80007e12                memset
 .text._realloc_r
                0x80007e20      0x2c0 e:/program x86/atmel/studio/7.0/toolchain/avr32/avr32-gnu-toolchain/bin/../lib/gcc/avr32/4.4.7/../../../../avr32/lib/ucr2\libc.a(lib_a-reallocr.o)
                                0x2e0 (size before relaxing)
                0x80007e20                _realloc_r
 .text._sbrk_r  0x800080e0       0x20 e:/program x86/atmel/studio/7.0/toolchain/avr32/avr32-gnu-toolchain/bin/../lib/gcc/avr32/4.4.7/../../../../avr32/lib/ucr2\libc.a(lib_a-sbrkr.o)
                                 0x28 (size before relaxing)
                0x800080e0                _sbrk_r
 .text.sprintf  0x80008100       0x3c e:/program x86/atmel/studio/7.0/toolchain/avr32/avr32-gnu-toolchain/bin/../lib/gcc/avr32/4.4.7/../../../../avr32/lib/ucr2\libc.a(lib_a-sprintf.o)
                                 0x40 (size before relaxing)
                0x80008100                sprintf
 .text          0x8000813c       0x20 e:/program x86/atmel/studio/7.0/toolchain/avr32/avr32-gnu-toolchain/bin/../lib/gcc/avr32/4.4.7/../../../../avr32/lib/ucr2\libc.a(lib_a-strncpy.o)
                0x8000813c                strncpy
 .text._close   0x8000815c       0x14 e:/program x86/atmel/studio/7.0/toolchain/avr32/avr32-gnu-toolchain/bin/../lib/gcc/avr32/4.4.7/../../../../avr32/lib/ucr2\libc.a(lib_a-syscalls.o)
                                 0x18 (size before relaxing)
                0x8000815c                _close
 .text._lseek   0x80008170       0x14 e:/program x86/atmel/studio/7.0/toolchain/avr32/avr32-gnu-toolchain/bin/../lib/gcc/avr32/4.4.7/../../../../avr32/lib/ucr2\libc.a(lib_a-syscalls.o)
                                 0x18 (size before relaxing)
                0x80008170                _lseek
 .text.isatty   0x80008184       0x14 e:/program x86/atmel/studio/7.0/toolchain/avr32/avr32-gnu-toolchain/bin/../lib/gcc/avr32/4.4.7/../../../../avr32/lib/ucr2\libc.a(lib_a-syscalls.o)
                                 0x18 (size before relaxing)
                0x80008184                isatty
 .text._fstat_host
                0x80008198       0x14 e:/program x86/atmel/studio/7.0/toolchain/avr32/avr32-gnu-toolchain/bin/../lib/gcc/avr32/4.4.7/../../../../avr32/lib/ucr2\libc.a(lib_a-syscalls.o)
                                 0x18 (size before relaxing)
                0x80008198                _fstat_host
 .text._fstat   0x800081ac       0x4c e:/program x86/atmel/studio/7.0/toolchain/avr32/avr32-gnu-toolchain/bin/../lib/gcc/avr32/4.4.7/../../../../avr32/lib/ucr2\libc.a(lib_a-syscalls.o)
                                 0x50 (size before relaxing)
                0x800081ac                _fstat
 .text._sbrk    0x800081f8       0x38 e:/program x86/atmel/studio/7.0/toolchain/avr32/avr32-gnu-toolchain/bin/../lib/gcc/avr32/4.4.7/../../../../avr32/lib/ucr2\libc.a(lib_a-syscalls.o)
                                 0x40 (size before relaxing)
                0x800081f8                _sbrk
 .text.get_arg  0x80008230      0x314 e:/program x86/atmel/studio/7.0/toolchain/avr32/avr32-gnu-toolchain/bin/../lib/gcc/avr32/4.4.7/../../../../avr32/lib/ucr2\libc.a(lib_a-vfprintf.o)
                                0x324 (size before relaxing)
 .text.__sprint_r
                0x80008544       0x1c e:/program x86/atmel/studio/7.0/toolchain/avr32/avr32-gnu-toolchain/bin/../lib/gcc/avr32/4.4.7/../../../../avr32/lib/ucr2\libc.a(lib_a-vfprintf.o)
                                 0x20 (size before relaxing)
 .text._vfprintf_r
                0x80008560     0x1f14 e:/program x86/atmel/studio/7.0/toolchain/avr32/avr32-gnu-toolchain/bin/../lib/gcc/avr32/4.4.7/../../../../avr32/lib/ucr2\libc.a(lib_a-vfprintf.o)
                               0x1f9c (size before relaxing)
                0x80008560                _vfprintf_r
 .text.__swsetup_r
                0x8000a474       0xdc e:/program x86/atmel/studio/7.0/toolchain/avr32/avr32-gnu-toolchain/bin/../lib/gcc/avr32/4.4.7/../../../../avr32/lib/ucr2\libc.a(lib_a-wsetup.o)
                                 0xe8 (size before relaxing)
                0x8000a474                __swsetup_r
 .text.quorem   0x8000a550      0x120 e:/program x86/atmel/studio/7.0/toolchain/avr32/avr32-gnu-toolchain/bin/../lib/gcc/avr32/4.4.7/../../../../avr32/lib/ucr2\libc.a(lib_a-dtoa.o)
                                0x124 (size before relaxing)
 .text._dtoa_r  0x8000a670      0xbdc e:/program x86/atmel/studio/7.0/toolchain/avr32/avr32-gnu-toolchain/bin/../lib/gcc/avr32/4.4.7/../../../../avr32/lib/ucr2\libc.a(lib_a-dtoa.o)
                                0xc90 (size before relaxing)
                0x8000a670                _dtoa_r
 .text.__errno  0x8000b24c        0xc e:/program x86/atmel/studio/7.0/toolchain/avr32/avr32-gnu-toolchain/bin/../lib/gcc/avr32/4.4.7/../../../../avr32/lib/ucr2\libc.a(lib_a-errno.o)
                0x8000b24c                __errno
 .text._fflush_r
                0x8000b258      0x10c e:/program x86/atmel/studio/7.0/toolchain/avr32/avr32-gnu-toolchain/bin/../lib/gcc/avr32/4.4.7/../../../../avr32/lib/ucr2\libc.a(lib_a-fflush.o)
                                0x118 (size before relaxing)
                0x8000b258                _fflush_r
 .text.__sfp_lock_acquire
                0x8000b364        0x2 e:/program x86/atmel/studio/7.0/toolchain/avr32/avr32-gnu-toolchain/bin/../lib/gcc/avr32/4.4.7/../../../../avr32/lib/ucr2\libc.a(lib_a-findfp.o)
                0x8000b364                __sfp_lock_acquire
 .text.__sfp_lock_release
                0x8000b366        0x2 e:/program x86/atmel/studio/7.0/toolchain/avr32/avr32-gnu-toolchain/bin/../lib/gcc/avr32/4.4.7/../../../../avr32/lib/ucr2\libc.a(lib_a-findfp.o)
                0x8000b366                __sfp_lock_release
 .text._cleanup_r
                0x8000b368        0xc e:/program x86/atmel/studio/7.0/toolchain/avr32/avr32-gnu-toolchain/bin/../lib/gcc/avr32/4.4.7/../../../../avr32/lib/ucr2\libc.a(lib_a-findfp.o)
                                 0x14 (size before relaxing)
                0x8000b368                _cleanup_r
 .text.__sfmoreglue
                0x8000b374       0x28 e:/program x86/atmel/studio/7.0/toolchain/avr32/avr32-gnu-toolchain/bin/../lib/gcc/avr32/4.4.7/../../../../avr32/lib/ucr2\libc.a(lib_a-findfp.o)
                                 0x30 (size before relaxing)
                0x8000b374                __sfmoreglue
 .text.__sfp    0x8000b39c       0x6c e:/program x86/atmel/studio/7.0/toolchain/avr32/avr32-gnu-toolchain/bin/../lib/gcc/avr32/4.4.7/../../../../avr32/lib/ucr2\libc.a(lib_a-findfp.o)
                                 0x7c (size before relaxing)
                0x8000b39c                __sfp
 .text.__sinit  0x8000b408       0x9c e:/program x86/atmel/studio/7.0/toolchain/avr32/avr32-gnu-toolchain/bin/../lib/gcc/avr32/4.4.7/../../../../avr32/lib/ucr2\libc.a(lib_a-findfp.o)
                                 0xb0 (size before relaxing)
                0x8000b408                __sinit
 .text._malloc_trim_r
                0x8000b4a4       0x98 e:/program x86/atmel/studio/7.0/toolchain/avr32/avr32-gnu-toolchain/bin/../lib/gcc/avr32/4.4.7/../../../../avr32/lib/ucr2\libc.a(lib_a-freer.o)
                                 0xa8 (size before relaxing)
                0x8000b4a4                _malloc_trim_r
 .text._free_r  0x8000b53c      0x18c e:/program x86/atmel/studio/7.0/toolchain/avr32/avr32-gnu-toolchain/bin/../lib/gcc/avr32/4.4.7/../../../../avr32/lib/ucr2\libc.a(lib_a-freer.o)
                                0x1a0 (size before relaxing)
                0x8000b53c                _free_r
 .text.__sfvwrite_r
                0x8000b6c8      0x294 e:/program x86/atmel/studio/7.0/toolchain/avr32/avr32-gnu-toolchain/bin/../lib/gcc/avr32/4.4.7/../../../../avr32/lib/ucr2\libc.a(lib_a-fvwrite.o)
                                0x2c4 (size before relaxing)
                0x8000b6c8                __sfvwrite_r
 .text._fwalk   0x8000b95c       0x4c e:/program x86/atmel/studio/7.0/toolchain/avr32/avr32-gnu-toolchain/bin/../lib/gcc/avr32/4.4.7/../../../../avr32/lib/ucr2\libc.a(lib_a-fwalk.o)
                                 0x54 (size before relaxing)
                0x8000b95c                _fwalk
 .text._localeconv_r
                0x8000b9a8        0x8 e:/program x86/atmel/studio/7.0/toolchain/avr32/avr32-gnu-toolchain/bin/../lib/gcc/avr32/4.4.7/../../../../avr32/lib/ucr2\libc.a(lib_a-locale.o)
                0x8000b9a8                _localeconv_r
 .text.__smakebuf_r
                0x8000b9b0       0xbc e:/program x86/atmel/studio/7.0/toolchain/avr32/avr32-gnu-toolchain/bin/../lib/gcc/avr32/4.4.7/../../../../avr32/lib/ucr2\libc.a(lib_a-makebuf.o)
                                 0xcc (size before relaxing)
                0x8000b9b0                __smakebuf_r
 .text.memchr   0x8000ba6c       0x16 e:/program x86/atmel/studio/7.0/toolchain/avr32/avr32-gnu-toolchain/bin/../lib/gcc/avr32/4.4.7/../../../../avr32/lib/ucr2\libc.a(lib_a-memchr.o)
                0x8000ba6c                memchr
 .text.memmove  0x8000ba82       0x3e e:/program x86/atmel/studio/7.0/toolchain/avr32/avr32-gnu-toolchain/bin/../lib/gcc/avr32/4.4.7/../../../../avr32/lib/ucr2\libc.a(lib_a-memmove.o)
                0x8000ba82                memmove
 .text.__hi0bits
                0x8000bac0       0x60 e:/program x86/atmel/studio/7.0/toolchain/avr32/avr32-gnu-toolchain/bin/../lib/gcc/avr32/4.4.7/../../../../avr32/lib/ucr2\libc.a(lib_a-mprec.o)
                0x8000bac0                __hi0bits
 .text.__lo0bits
                0x8000bb20       0x8e e:/program x86/atmel/studio/7.0/toolchain/avr32/avr32-gnu-toolchain/bin/../lib/gcc/avr32/4.4.7/../../../../avr32/lib/ucr2\libc.a(lib_a-mprec.o)
                0x8000bb20                __lo0bits
 .text.__mcmp   0x8000bbae       0x32 e:/program x86/atmel/studio/7.0/toolchain/avr32/avr32-gnu-toolchain/bin/../lib/gcc/avr32/4.4.7/../../../../avr32/lib/ucr2\libc.a(lib_a-mprec.o)
                0x8000bbae                __mcmp
 .text._Bfree   0x8000bbe0       0x34 e:/program x86/atmel/studio/7.0/toolchain/avr32/avr32-gnu-toolchain/bin/../lib/gcc/avr32/4.4.7/../../../../avr32/lib/ucr2\libc.a(lib_a-mprec.o)
                                 0x38 (size before relaxing)
                0x8000bbe0                _Bfree
 .text._Balloc  0x8000bc14       0x70 e:/program x86/atmel/studio/7.0/toolchain/avr32/avr32-gnu-toolchain/bin/../lib/gcc/avr32/4.4.7/../../../../avr32/lib/ucr2\libc.a(lib_a-mprec.o)
                                 0x78 (size before relaxing)
                0x8000bc14                _Balloc
 .text.__d2b    0x8000bc84       0xa0 e:/program x86/atmel/studio/7.0/toolchain/avr32/avr32-gnu-toolchain/bin/../lib/gcc/avr32/4.4.7/../../../../avr32/lib/ucr2\libc.a(lib_a-mprec.o)
                                 0xb4 (size before relaxing)
                0x8000bc84                __d2b
 .text.__mdiff  0x8000bd24       0xd0 e:/program x86/atmel/studio/7.0/toolchain/avr32/avr32-gnu-toolchain/bin/../lib/gcc/avr32/4.4.7/../../../../avr32/lib/ucr2\libc.a(lib_a-mprec.o)
                                 0xd8 (size before relaxing)
                0x8000bd24                __mdiff
 .text.__lshift
                0x8000bdf4       0x88 e:/program x86/atmel/studio/7.0/toolchain/avr32/avr32-gnu-toolchain/bin/../lib/gcc/avr32/4.4.7/../../../../avr32/lib/ucr2\libc.a(lib_a-mprec.o)
                                 0x94 (size before relaxing)
                0x8000bdf4                __lshift
 .text.__multiply
                0x8000be7c      0x100 e:/program x86/atmel/studio/7.0/toolchain/avr32/avr32-gnu-toolchain/bin/../lib/gcc/avr32/4.4.7/../../../../avr32/lib/ucr2\libc.a(lib_a-mprec.o)
                                0x108 (size before relaxing)
                0x8000be7c                __multiply
 .text.__i2b    0x8000bf7c       0x10 e:/program x86/atmel/studio/7.0/toolchain/avr32/avr32-gnu-toolchain/bin/../lib/gcc/avr32/4.4.7/../../../../avr32/lib/ucr2\libc.a(lib_a-mprec.o)
                                 0x18 (size before relaxing)
                0x8000bf7c                __i2b
 .text.__multadd
                0x8000bf8c       0x7c e:/program x86/atmel/studio/7.0/toolchain/avr32/avr32-gnu-toolchain/bin/../lib/gcc/avr32/4.4.7/../../../../avr32/lib/ucr2\libc.a(lib_a-mprec.o)
                                 0x88 (size before relaxing)
                0x8000bf8c                __multadd
 .text.__pow5mult
                0x8000c008       0x8c e:/program x86/atmel/studio/7.0/toolchain/avr32/avr32-gnu-toolchain/bin/../lib/gcc/avr32/4.4.7/../../../../avr32/lib/ucr2\libc.a(lib_a-mprec.o)
                                 0xac (size before relaxing)
                0x8000c008                __pow5mult
 .text.__isinfd
                0x8000c094       0x2a e:/program x86/atmel/studio/7.0/toolchain/avr32/avr32-gnu-toolchain/bin/../lib/gcc/avr32/4.4.7/../../../../avr32/lib/ucr2\libc.a(lib_a-s_isinfd.o)
                0x8000c094                __isinfd
 .text.__isnand
                0x8000c0be       0x1c e:/program x86/atmel/studio/7.0/toolchain/avr32/avr32-gnu-toolchain/bin/../lib/gcc/avr32/4.4.7/../../../../avr32/lib/ucr2\libc.a(lib_a-s_isnand.o)
                0x8000c0be                __isnand
 *fill*         0x8000c0da        0x2 d703d703
 .text.__sclose
                0x8000c0dc        0x8 e:/program x86/atmel/studio/7.0/toolchain/avr32/avr32-gnu-toolchain/bin/../lib/gcc/avr32/4.4.7/../../../../avr32/lib/ucr2\libc.a(lib_a-stdio.o)
                                 0x10 (size before relaxing)
                0x8000c0dc                __sclose
 .text.__sseek  0x8000c0e4       0x20 e:/program x86/atmel/studio/7.0/toolchain/avr32/avr32-gnu-toolchain/bin/../lib/gcc/avr32/4.4.7/../../../../avr32/lib/ucr2\libc.a(lib_a-stdio.o)
                                 0x28 (size before relaxing)
                0x8000c0e4                __sseek
 .text.__swrite
                0x8000c104       0x2c e:/program x86/atmel/studio/7.0/toolchain/avr32/avr32-gnu-toolchain/bin/../lib/gcc/avr32/4.4.7/../../../../avr32/lib/ucr2\libc.a(lib_a-stdio.o)
                                 0x38 (size before relaxing)
                0x8000c104                __swrite
 .text.__sread  0x8000c130       0x1c e:/program x86/atmel/studio/7.0/toolchain/avr32/avr32-gnu-toolchain/bin/../lib/gcc/avr32/4.4.7/../../../../avr32/lib/ucr2\libc.a(lib_a-stdio.o)
                                 0x24 (size before relaxing)
                0x8000c130                __sread
 .text.strlen   0x8000c14c       0x16 e:/program x86/atmel/studio/7.0/toolchain/avr32/avr32-gnu-toolchain/bin/../lib/gcc/avr32/4.4.7/../../../../avr32/lib/ucr2\libc.a(lib_a-strlen.o)
                0x8000c14c                strlen
 *fill*         0x8000c162        0x2 d703d703
 .text._write_r
                0x8000c164       0x28 e:/program x86/atmel/studio/7.0/toolchain/avr32/avr32-gnu-toolchain/bin/../lib/gcc/avr32/4.4.7/../../../../avr32/lib/ucr2\libc.a(lib_a-writer.o)
                                 0x2c (size before relaxing)
                0x8000c164                _write_r
 .text._calloc_r
                0x8000c18c       0x58 e:/program x86/atmel/studio/7.0/toolchain/avr32/avr32-gnu-toolchain/bin/../lib/gcc/avr32/4.4.7/../../../../avr32/lib/ucr2\libc.a(lib_a-callocr.o)
                                 0x60 (size before relaxing)
                0x8000c18c                _calloc_r
 .text._close_r
                0x8000c1e4       0x20 e:/program x86/atmel/studio/7.0/toolchain/avr32/avr32-gnu-toolchain/bin/../lib/gcc/avr32/4.4.7/../../../../avr32/lib/ucr2\libc.a(lib_a-closer.o)
                                 0x28 (size before relaxing)
                0x8000c1e4                _close_r
 .text._fclose_r
                0x8000c204       0xb8 e:/program x86/atmel/studio/7.0/toolchain/avr32/avr32-gnu-toolchain/bin/../lib/gcc/avr32/4.4.7/../../../../avr32/lib/ucr2\libc.a(lib_a-fclose.o)
                                 0xd0 (size before relaxing)
                0x8000c204                _fclose_r
 .text.fclose   0x8000c2bc       0x10 e:/program x86/atmel/studio/7.0/toolchain/avr32/avr32-gnu-toolchain/bin/../lib/gcc/avr32/4.4.7/../../../../avr32/lib/ucr2\libc.a(lib_a-fclose.o)
                                 0x18 (size before relaxing)
                0x8000c2bc                fclose
 .text._fstat_r
                0x8000c2cc       0x24 e:/program x86/atmel/studio/7.0/toolchain/avr32/avr32-gnu-toolchain/bin/../lib/gcc/avr32/4.4.7/../../../../avr32/lib/ucr2\libc.a(lib_a-fstatr.o)
                                 0x2c (size before relaxing)
                0x8000c2cc                _fstat_r
 .text._lseek_r
                0x8000c2f0       0x28 e:/program x86/atmel/studio/7.0/toolchain/avr32/avr32-gnu-toolchain/bin/../lib/gcc/avr32/4.4.7/../../../../avr32/lib/ucr2\libc.a(lib_a-lseekr.o)
                                 0x2c (size before relaxing)
                0x8000c2f0                _lseek_r
 .text._read_r  0x8000c318       0x28 e:/program x86/atmel/studio/7.0/toolchain/avr32/avr32-gnu-toolchain/bin/../lib/gcc/avr32/4.4.7/../../../../avr32/lib/ucr2\libc.a(lib_a-readr.o)
                                 0x2c (size before relaxing)
                0x8000c318                _read_r
 .text          0x8000c340      0x1d4 e:/program x86/atmel/studio/7.0/toolchain/avr32/avr32-gnu-toolchain/bin/../lib/gcc/avr32/4.4.7/ucr2\libgcc.a(_avr32_f64_mul.o)
                0x8000c340                __avr32_f64_mul
 .text          0x8000c514      0x2b0 e:/program x86/atmel/studio/7.0/toolchain/avr32/avr32-gnu-toolchain/bin/../lib/gcc/avr32/4.4.7/ucr2\libgcc.a(_avr32_f64_addsub.o)
                0x8000c518                __avr32_f64_sub
                0x8000c6b4                __avr32_f64_add
 .text          0x8000c7c4       0x2a e:/program x86/atmel/studio/7.0/toolchain/avr32/avr32-gnu-toolchain/bin/../lib/gcc/avr32/4.4.7/ucr2\libgcc.a(_avr32_f64_to_s32.o)
                0x8000c7c4                __avr32_f64_to_u32
                0x8000c7c8                __avr32_f64_to_s32
 .text          0x8000c7ee       0xe8 e:/program x86/atmel/studio/7.0/toolchain/avr32/avr32-gnu-toolchain/bin/../lib/gcc/avr32/4.4.7/ucr2\libgcc.a(_avr32_s32_to_f64.o)
                0x8000c7ee                __avr32_u32_to_f64
                0x8000c7f6                __avr32_s32_to_f64
 .text          0x8000c8d6       0x26 e:/program x86/atmel/studio/7.0/toolchain/avr32/avr32-gnu-toolchain/bin/../lib/gcc/avr32/4.4.7/ucr2\libgcc.a(_avr32_f64_cmp_eq.o)
                0x8000c8d6                __avr32_f64_cmp_eq
 .text          0x8000c8fc       0x68 e:/program x86/atmel/studio/7.0/toolchain/avr32/avr32-gnu-toolchain/bin/../lib/gcc/avr32/4.4.7/ucr2\libgcc.a(_avr32_f64_cmp_ge.o)
                0x8000c8fc                __avr32_f64_cmp_ge
 .text          0x8000c964       0x68 e:/program x86/atmel/studio/7.0/toolchain/avr32/avr32-gnu-toolchain/bin/../lib/gcc/avr32/4.4.7/ucr2\libgcc.a(_avr32_f64_cmp_lt.o)
                0x8000c964                __avr32_f64_cmp_lt
 .text          0x8000c9cc      0x318 e:/program x86/atmel/studio/7.0/toolchain/avr32/avr32-gnu-toolchain/bin/../lib/gcc/avr32/4.4.7/ucr2\libgcc.a(_avr32_f64_div.o)
                0x8000c9cc                __avr32_f64_div
 .text          0x8000cce4      0x264 e:/program x86/atmel/studio/7.0/toolchain/avr32/avr32-gnu-toolchain/bin/../lib/gcc/avr32/4.4.7/ucr2\libgcc.a(_udivdi3.o)
                0x8000cce4                __avr32_udiv64
                0x8000cce4                __udivdi3
 .text          0x8000cf48      0x20c e:/program x86/atmel/studio/7.0/toolchain/avr32/avr32-gnu-toolchain/bin/../lib/gcc/avr32/4.4.7/ucr2\libgcc.a(_umoddi3.o)
                0x8000cf48                __avr32_umod64
                0x8000cf48                __umoddi3
 *(.text.*personality*)
 *(.gnu.warning)

.exception      0x8000d200      0x200
 .exception     0x8000d200      0x200 src/ASF/thirdparty/freertos/freertos-7.0.0/source/portable/gcc/avr32_uc3/exception.o
                0x8000d200                _evba
                0x8000d304                _int0
                0x8000d312                _int1
                0x8000d320                _int2
                0x8000d32e                _int3
                0x8000d33c                ipr_val

.fini
 *(.fini)
                0x8000d400                PROVIDE (__etext, .)
                0x8000d400                PROVIDE (_etext, .)
                0x8000d400                PROVIDE (etext, .)

.rodata         0x8000d400     0x13c0
 *(.rodata .rodata.* .gnu.linkonce.r.*)
 .rodata.str1.4
                0x8000d400      0x71e src/Application/app/app.o
                                0x720 (size before relaxing)
 *fill*         0x8000db1e        0x2 
 .rodata.CSWTCH.36
                0x8000db20       0x48 src/Application/radio/ambe.o
 .rodata.str1.4
                0x8000db68       0x44 src/Application/radio/physical.o
 .rodata.str1.4
                0x8000dbac        0x8 src/Application/radio/xcmp.o
 .rodata.str1.4
                0x8000dbb4        0xf src/Application/radio/xnl.o
                                 0x10 (size before relaxing)
 *fill*         0x8000dbc3        0x1 
 .rodata.C.67.11219
                0x8000dbc4       0x10 src/Application/RFID/MFRC522/rc522.o
 .rodata.CSWTCH.90
                0x8000dbd4        0x4 src/Application/RFID/MFRC522/rc522.o
 .rodata.CSWTCH.91
                0x8000dbd8        0x4 src/Application/RFID/MFRC522/rc522.o
 .rodata.RC522_SPI_GPIO_MAP.11217
                0x8000dbdc       0x20 src/Application/RFID/MFRC522/rc522.o
 .rodata.str1.4
                0x8000dbfc       0x85 src/Application/RFID/RFID.o
                                 0x88 (size before relaxing)
 *fill*         0x8000dc81        0x3 
 .rodata.TC_GPIO_MAP.11090
                0x8000dc84       0x18 src/Application/timers/timer.o
 .rodata.str1.4
                0x8000dc9c      0x1e2 src/Application/xgflash/xgflash.o
                                0x1e4 (size before relaxing)
 .rodata.C.35.9834
                0x8000de7e       0x10 src/ASF/avr32/drivers/flashc/flashc.o
 *fill*         0x8000de8e        0x2 
 .rodata._int_handler_table
                0x8000de90       0x98 src/ASF/avr32/drivers/intc/intc.o
 .rodata.str1.4
                0x8000df28        0x5 src/ASF/thirdparty/freertos/freertos-7.0.0/source/tasks.o
                                  0x8 (size before relaxing)
 *fill*         0x8000df2d        0x3 
 .rodata.log    0x8000df30      0x150 src/Log/log.o
 .rodata.logFromISR
                0x8000e080      0x150 src/Log/log.o
 .rodata.USART_OPTIONS.11278
                0x8000e1d0        0xc src/Log/log.o
 .rodata.str1.4
                0x8000e1dc       0x3c src/Log/log.o
 .rodata.USART_GPIO_MAP.11277
                0x8000e218       0x10 src/Log/log.o
 .rodata.str1.4
                0x8000e228       0x14 src/main.o
 .rodata.get_arg
                0x8000e23c       0x3c e:/program x86/atmel/studio/7.0/toolchain/avr32/avr32-gnu-toolchain/bin/../lib/gcc/avr32/4.4.7/../../../../avr32/lib/ucr2\libc.a(lib_a-vfprintf.o)
 .rodata._vfprintf_r
                0x8000e278      0x164 e:/program x86/atmel/studio/7.0/toolchain/avr32/avr32-gnu-toolchain/bin/../lib/gcc/avr32/4.4.7/../../../../avr32/lib/ucr2\libc.a(lib_a-vfprintf.o)
 .rodata.state_table
                0x8000e3dc       0x6c e:/program x86/atmel/studio/7.0/toolchain/avr32/avr32-gnu-toolchain/bin/../lib/gcc/avr32/4.4.7/../../../../avr32/lib/ucr2\libc.a(lib_a-vfprintf.o)
 .rodata.action_table
                0x8000e448       0x6c e:/program x86/atmel/studio/7.0/toolchain/avr32/avr32-gnu-toolchain/bin/../lib/gcc/avr32/4.4.7/../../../../avr32/lib/ucr2\libc.a(lib_a-vfprintf.o)
 .rodata.str1.4
                0x8000e4b4       0x3a e:/program x86/atmel/studio/7.0/toolchain/avr32/avr32-gnu-toolchain/bin/../lib/gcc/avr32/4.4.7/../../../../avr32/lib/ucr2\libc.a(lib_a-vfprintf.o)
                                 0x3c (size before relaxing)
 *fill*         0x8000e4ee        0x2 
 .rodata.blanks.3430
                0x8000e4f0       0x10 e:/program x86/atmel/studio/7.0/toolchain/avr32/avr32-gnu-toolchain/bin/../lib/gcc/avr32/4.4.7/../../../../avr32/lib/ucr2\libc.a(lib_a-vfprintf.o)
 .rodata.zeroes.3431
                0x8000e500       0x10 e:/program x86/atmel/studio/7.0/toolchain/avr32/avr32-gnu-toolchain/bin/../lib/gcc/avr32/4.4.7/../../../../avr32/lib/ucr2\libc.a(lib_a-vfprintf.o)
 .rodata.chclass
                0x8000e510      0x100 e:/program x86/atmel/studio/7.0/toolchain/avr32/avr32-gnu-toolchain/bin/../lib/gcc/avr32/4.4.7/../../../../avr32/lib/ucr2\libc.a(lib_a-vfprintf.o)
 .rodata.str1.4
                0x8000e610       0x10 e:/program x86/atmel/studio/7.0/toolchain/avr32/avr32-gnu-toolchain/bin/../lib/gcc/avr32/4.4.7/../../../../avr32/lib/ucr2\libc.a(lib_a-dtoa.o)
                                 0x14 (size before relaxing)
 .rodata.__sf_fake_stdin
                0x8000e620       0x20 e:/program x86/atmel/studio/7.0/toolchain/avr32/avr32-gnu-toolchain/bin/../lib/gcc/avr32/4.4.7/../../../../avr32/lib/ucr2\libc.a(lib_a-findfp.o)
                0x8000e620                __sf_fake_stdin
 .rodata.__sf_fake_stdout
                0x8000e640       0x20 e:/program x86/atmel/studio/7.0/toolchain/avr32/avr32-gnu-toolchain/bin/../lib/gcc/avr32/4.4.7/../../../../avr32/lib/ucr2\libc.a(lib_a-findfp.o)
                0x8000e640                __sf_fake_stdout
 .rodata.__sf_fake_stderr
                0x8000e660       0x20 e:/program x86/atmel/studio/7.0/toolchain/avr32/avr32-gnu-toolchain/bin/../lib/gcc/avr32/4.4.7/../../../../avr32/lib/ucr2\libc.a(lib_a-findfp.o)
                0x8000e660                __sf_fake_stderr
 .rodata.str1.4
                0x8000e680        0x2 e:/program x86/atmel/studio/7.0/toolchain/avr32/avr32-gnu-toolchain/bin/../lib/gcc/avr32/4.4.7/../../../../avr32/lib/ucr2\libc.a(lib_a-impure.o)
                                  0x4 (size before relaxing)
 *fill*         0x8000e682        0x2 
 .rodata._global_impure_ptr
                0x8000e684        0x4 e:/program x86/atmel/studio/7.0/toolchain/avr32/avr32-gnu-toolchain/bin/../lib/gcc/avr32/4.4.7/../../../../avr32/lib/ucr2\libc.a(lib_a-impure.o)
                0x8000e684                _global_impure_ptr
 .rodata.lconv  0x8000e688       0x30 e:/program x86/atmel/studio/7.0/toolchain/avr32/avr32-gnu-toolchain/bin/../lib/gcc/avr32/4.4.7/../../../../avr32/lib/ucr2\libc.a(lib_a-locale.o)
 .rodata.str1.4
                0x8000e6b8        0xc e:/program x86/atmel/studio/7.0/toolchain/avr32/avr32-gnu-toolchain/bin/../lib/gcc/avr32/4.4.7/../../../../avr32/lib/ucr2\libc.a(lib_a-locale.o)
                                 0x18 (size before relaxing)
 .rodata.p05.2471
                0x8000e6c4        0xc e:/program x86/atmel/studio/7.0/toolchain/avr32/avr32-gnu-toolchain/bin/../lib/gcc/avr32/4.4.7/../../../../avr32/lib/ucr2\libc.a(lib_a-mprec.o)
 .rodata.__mprec_tens
                0x8000e6d0       0xc8 e:/program x86/atmel/studio/7.0/toolchain/avr32/avr32-gnu-toolchain/bin/../lib/gcc/avr32/4.4.7/../../../../avr32/lib/ucr2\libc.a(lib_a-mprec.o)
                0x8000e6d0                __mprec_tens
 .rodata.__mprec_bigtens
                0x8000e798       0x28 e:/program x86/atmel/studio/7.0/toolchain/avr32/avr32-gnu-toolchain/bin/../lib/gcc/avr32/4.4.7/../../../../avr32/lib/ucr2\libc.a(lib_a-mprec.o)
                0x8000e798                __mprec_bigtens

.rodata1
 *(.rodata1)

.eh_frame_hdr
 *(.eh_frame_hdr)

.eh_frame
 *(.eh_frame)

.gcc_except_table
 *(.gcc_except_table)
 *(.gcc_except_table.*)

.dalign         0x8000e7c0        0x0
                0x8000e7c0                . = ALIGN (0x8)
                0x8000e7c0                PROVIDE (_data_lma, .)
                0x00000004                PROVIDE (_data, ORIGIN (CPUSRAM))
                0x00000004                . = ORIGIN (CPUSRAM)

.eh_frame
 *(.eh_frame)

.gcc_except_table
 *(.gcc_except_table)
 *(.gcc_except_table.*)

.tdata
 *(.tdata .tdata.* .gnu.linkonce.td.*)

.tbss
 *(.tbss .tbss.* .gnu.linkonce.tb.*)
 *(.tcommon)
                0x00000004                PROVIDE (__preinit_array_start, ALIGN (0x4))

.preinit_array
 *(.preinit_array)
                0x00000004                PROVIDE (__preinit_array_end, .)
                0x00000004                PROVIDE (__init_array_start, .)

.init_array
 *(.init_array)
                0x00000004                PROVIDE (__init_array_end, .)
                0x00000004                PROVIDE (__fini_array_start, .)

.fini_array
 *(.fini_array)
                0x00000004                PROVIDE (__fini_array_end, .)

.ctors
 *crtbegin*.o(.ctors)
 *(EXCLUDE_FILE(*crtend*.o) .ctors)
 *(SORT(.ctors.*))
 *(.ctors)

.dtors
 *crtbegin*.o(.dtors)
 *(EXCLUDE_FILE(*crtend*.o) .dtors)
 *(SORT(.dtors.*))
 *(.dtors)

.jcr
 *(.jcr)

.data.rel.ro
 *(.data.rel.ro.local)
 *(.data.rel.ro*)

.dynamic
 *(.dynamic)

.got
 *(.got.plt)
 *(.got)

.data           0x00000004      0xa48 load address 0x8000e7c0
 *(.data .data.* .gnu.linkonce.d.*)
 .data.the_app_list
                0x00000004      0x4ec src/Application/app/app.o
 .data.xnl_proc_list
                0x000004f0       0x34 src/Application/radio/xnl.o
 .data.unsure_data
                0x00000524        0x8 src/Application/RFID/RFID.o
                0x00000524                unsure_data
 .data.start_session.12031
                0x0000052c        0x1 src/Application/RFID/RFID.o
 *fill*         0x0000052d        0x3 
 .data.XGFlashLabel
                0x00000530        0x8 src/Application/xgflash/xgflash.o
                0x00000530                XGFlashLabel
 .data.current_save_message_offset
                0x00000538        0x4 src/Application/xgflash/xgflash.o
 .data.flashc_wait_until_ready
                0x0000053c        0x4 src/ASF/avr32/drivers/flashc/flashc.o
                0x0000053c                flashc_wait_until_ready
 .data.ulCriticalNesting
                0x00000540        0x4 src/ASF/thirdparty/freertos/freertos-7.0.0/source/portable/gcc/avr32_uc3/port.o
                0x00000540                ulCriticalNesting
 .data.xNextTaskUnblockTime
                0x00000544        0x4 src/ASF/thirdparty/freertos/freertos-7.0.0/source/tasks.o
 .data.__malloc_av_
                0x00000548      0x408 e:/program x86/atmel/studio/7.0/toolchain/avr32/avr32-gnu-toolchain/bin/../lib/gcc/avr32/4.4.7/../../../../avr32/lib/ucr2\libc.a(lib_a-mallocr.o)
                0x00000548                __malloc_av_
 .data.__malloc_trim_threshold
                0x00000950        0x4 e:/program x86/atmel/studio/7.0/toolchain/avr32/avr32-gnu-toolchain/bin/../lib/gcc/avr32/4.4.7/../../../../avr32/lib/ucr2\libc.a(lib_a-mallocr.o)
                0x00000950                __malloc_trim_threshold
 .data.__malloc_sbrk_base
                0x00000954        0x4 e:/program x86/atmel/studio/7.0/toolchain/avr32/avr32-gnu-toolchain/bin/../lib/gcc/avr32/4.4.7/../../../../avr32/lib/ucr2\libc.a(lib_a-mallocr.o)
                0x00000954                __malloc_sbrk_base
 .data.impure_data
                0x00000958       0xf0 e:/program x86/atmel/studio/7.0/toolchain/avr32/avr32-gnu-toolchain/bin/../lib/gcc/avr32/4.4.7/../../../../avr32/lib/ucr2\libc.a(lib_a-impure.o)
 .data._impure_ptr
                0x00000a48        0x4 e:/program x86/atmel/studio/7.0/toolchain/avr32/avr32-gnu-toolchain/bin/../lib/gcc/avr32/4.4.7/../../../../avr32/lib/ucr2\libc.a(lib_a-impure.o)
                0x00000a48                _impure_ptr
 *(.gnu.linkonce.d.*personality*)

.data1
 *(.data1)

.balign         0x00000a4c        0x4 load address 0x8000f208
                0x00000a50                . = ALIGN (0x8)
 *fill*         0x00000a4c        0x4 
                0x00000a50                _edata = .
                0x00000a50                _edata = .
                0x00000a50                PROVIDE (edata, .)
                0x00000a50                __bss_start = .

.bss            0x00000a50     0x49d8 load address 0x8000f208
 *(.dynbss)
 *(.bss .bss.* .gnu.linkonce.b.*)
 .bss.Speaker_is_unmute
                0x00000a50        0x1 src/Application/app/app.o
                0x00000a50                Speaker_is_unmute
 *fill*         0x00000a51        0x3 
 .bss.water_value.12673
                0x00000a54        0x4 src/Application/app/app.o
 .bss.VF_SN     0x00000a58        0x1 src/Application/app/app.o
                0x00000a58                VF_SN
 *fill*         0x00000a59        0x3 
 .bss.res.12660
                0x00000a5c        0x4 src/Application/app/app.o
 .bss.AMBE_tx_flag
                0x00000a60        0x1 src/Application/app/app.o
                0x00000a60                AMBE_tx_flag
 .bss.Radio_Transmit_State
                0x00000a61        0x1 src/Application/app/app.o
                0x00000a61                Radio_Transmit_State
 .bss.Call_Begin
                0x00000a62        0x1 src/Application/app/app.o
                0x00000a62                Call_Begin
 .bss.AMBE_rx_flag
                0x00000a63        0x1 src/Application/app/app.o
                0x00000a63                AMBE_rx_flag
 .bss.xLastWakeTime.12672
                0x00000a64        0x4 src/Application/app/app.o
 .bss.AMBE_Media
                0x00000a68        0x1 src/Application/app/app.o
                0x00000a68                AMBE_Media
 .bss.connect_flag
                0x00000a69        0x1 src/Application/app/app.o
 .bss.times_counter.12703
                0x00000a6a        0x1 src/Application/app/app.o
 .bss.Mic_is_Enabled
                0x00000a6b        0x1 src/Application/app/app.o
                0x00000a6b                Mic_is_Enabled
 .bss.Terminator_Flag
                0x00000a6c        0x1 src/Application/app/app.o
                0x00000a6c                Terminator_Flag
 *fill*         0x00000a6d        0x3 
 .bss.ulIdleCycleCount
                0x00000a70        0x4 src/Application/app/app.o
                0x00000a70                ulIdleCycleCount
 .bss.payload_rx_exec
                0x00000a74        0x4 src/Application/radio/payload.o
                0x00000a74                payload_rx_exec
 .bss.payload_tx_exec
                0x00000a78        0x4 src/Application/radio/payload.o
                0x00000a78                payload_tx_exec
 .bss.phy_tx_index.10647
                0x00000a7c        0x1 src/Application/radio/physical.o
 *fill*         0x00000a7d        0x3 
 .bss.RxBytesWaiting.10956
                0x00000a80        0x4 src/Application/radio/physical.o
 .bss.phy_rx_length.10690
                0x00000a84        0x2 src/Application/radio/physical.o
 *fill*         0x00000a86        0x2 
 .bss.RxData_IsFillingNext16.10955
                0x00000a88        0x4 src/Application/radio/physical.o
 .bss.AMBE_HT   0x00000a8c        0x8 src/Application/radio/physical.o
 .bss.Item_ID.10961
                0x00000a94        0x1 src/Application/radio/physical.o
 .bss.is_first.10960
                0x00000a95        0x1 src/Application/radio/physical.o
 .bss.phy_rx_expexted_length.10689
                0x00000a96        0x2 src/Application/radio/physical.o
 .bss.AMBE_payload_ptr.10959
                0x00000a98        0x4 src/Application/radio/physical.o
 .bss.phy_tx_state.10645
                0x00000a9c        0x4 src/Application/radio/physical.o
 .bss.RxMedia_IsFillingNext16.10953
                0x00000aa0        0x4 src/Application/radio/physical.o
 .bss.phy_frame_ptr.10688
                0x00000aa4        0x4 src/Application/radio/physical.o
 .bss.phy_ptr.10644
                0x00000aa8        0x4 src/Application/radio/physical.o
 .bss.xnl_store_idle
                0x00000aac        0x4 src/Application/radio/physical.o
                0x00000aac                xnl_store_idle
 .bss.payload_store_idle
                0x00000ab0        0x4 src/Application/radio/physical.o
                0x00000ab0                payload_store_idle
 .bss.phy_rx_state.10692
                0x00000ab4        0x4 src/Application/radio/physical.o
 .bss.phy_check_sum.10691
                0x00000ab8        0x2 src/Application/radio/physical.o
 *fill*         0x00000aba        0x2 
 .bss.phy_xnl_frame_rx
                0x00000abc        0x4 src/Application/radio/physical.o
                0x00000abc                phy_xnl_frame_rx
 .bss.payload_ptr.10958
                0x00000ac0        0x4 src/Application/radio/physical.o
 .bss.phy_tx_expexted_length.10646
                0x00000ac4        0x2 src/Application/radio/physical.o
 *fill*         0x00000ac6        0x2 
 .bss.m_RxBurstType
                0x00000ac8        0x4 src/Application/radio/physical.o
 .bss.RxAMBE_IsFillingNext8.10954
                0x00000acc        0x4 src/Application/radio/physical.o
 .bss.phy_payload_frame_tx
                0x00000ad0        0x4 src/Application/radio/physical.o
                0x00000ad0                phy_payload_frame_tx
 .bss.phy_rx_count.10693
                0x00000ad4        0x4 src/Application/radio/physical.o
 .bss.SDV_Index.10964
                0x00000ad8        0x1 src/Application/radio/physical.o
 *fill*         0x00000ad9        0x3 
 .bss.phy_xnl_frame_tx
                0x00000adc        0x4 src/Application/radio/physical.o
                0x00000adc                phy_xnl_frame_tx
 .bss.RxMediaState.10952
                0x00000ae0        0x4 src/Application/radio/physical.o
 .bss.ArrayDiscLength.10957
                0x00000ae4        0x4 src/Application/radio/physical.o
 .bss.phy_payload_frame_rx
                0x00000ae8        0x4 src/Application/radio/physical.o
                0x00000ae8                phy_payload_frame_rx
 .bss.Item_Length.10962
                0x00000aec        0x4 src/Application/radio/physical.o
 .bss.phy_rx_exec
                0x00000af0        0x4 src/Application/radio/ssc.o
                0x00000af0                phy_rx_exec
 .bss.phy_tx_exec
                0x00000af4        0x4 src/Application/radio/ssc.o
                0x00000af4                phy_tx_exec
 .bss.version_information
                0x00000af8        0xc src/Application/radio/xcmp.o
                0x00000af8                version_information
 .bss.clone_read
                0x00000b04        0xc src/Application/radio/xcmp.o
                0x00000b04                clone_read
 .bss.xcmp_frame_rx
                0x00000b10        0x4 src/Application/radio/xcmp.o
 .bss.clone_write
                0x00000b14        0xc src/Application/radio/xcmp.o
                0x00000b14                clone_write
 .bss.automatic_frequency_correction_control
                0x00000b20        0xc src/Application/radio/xcmp.o
                0x00000b20                automatic_frequency_correction_control
 .bss.language_pack_information
                0x00000b2c        0xc src/Application/radio/xcmp.o
                0x00000b2c                language_pack_information
 .bss.radio_status
                0x00000b38        0xc src/Application/radio/xcmp.o
                0x00000b38                radio_status
 .bss.xnl_timeout_semphr
                0x00000b44        0x4 src/Application/radio/xnl.o
 .bss.flags.10672
                0x00000b48        0x1 src/Application/radio/xnl.o
 *fill*         0x00000b49        0x1 
 .bss.xnl_information
                0x00000b4a        0xa src/Application/radio/xnl.o
 .bss.xnl_tx_state.10716
                0x00000b54        0x4 src/Application/radio/xnl.o
 .bss.xnl_frame_tx
                0x00000b58        0x4 src/Application/radio/xnl.o
 .bss.xnl_send_times.10717
                0x00000b5c        0x4 src/Application/radio/xnl.o
 .bss.ptr.10718
                0x00000b60        0x4 src/Application/radio/xnl.o
 .bss.xcmp_exec
                0x00000b64        0x4 src/Application/radio/xnl.o
                0x00000b64                xcmp_exec
 .bss.rc522_init_failure
                0x00000b68        0x1 src/Application/RFID/MFRC522/rc522.o
                0x00000b68                rc522_init_failure
 *fill*         0x00000b69        0x3 
 .bss.xg_resend_queue
                0x00000b6c        0x4 src/Application/xgflash/xgflash.o
                0x00000b6c                xg_resend_queue
 .bss.list_init_success_flag
                0x00000b70        0x1 src/Application/xgflash/xgflash.o
 *fill*         0x00000b71        0x3 
 .bss.xgflash_mutex
                0x00000b74        0x4 src/Application/xgflash/xgflash.o
 .bss.message_storage_queue
                0x00000b78        0x4 src/Application/xgflash/xgflash.o
                0x00000b78                message_storage_queue
 .bss.current_page_number.12180
                0x00000b7c        0x4 src/Application/xgflash/xgflash.o
 .bss.current_message_index
                0x00000b80        0x2 src/Application/xgflash/xgflash.o
 *fill*         0x00000b82        0x2 
 .bss.str.12183
                0x00000b84       0x50 src/Application/xgflash/xgflash.o
 .bss.flashc_error_status
                0x00000bd4        0x4 src/ASF/avr32/drivers/flashc/flashc.o
 .bss._int_line_handler_table_6
                0x00000bd8        0x4 src/ASF/avr32/drivers/intc/intc.o
 .bss._int_line_handler_table_7
                0x00000bdc        0x4 src/ASF/avr32/drivers/intc/intc.o
 .bss._int_line_handler_table_8
                0x00000be0        0x4 src/ASF/avr32/drivers/intc/intc.o
 .bss._int_line_handler_table_9
                0x00000be4        0x4 src/ASF/avr32/drivers/intc/intc.o
 .bss._int_line_handler_table_10
                0x00000be8        0x4 src/ASF/avr32/drivers/intc/intc.o
 .bss._int_line_handler_table_11
                0x00000bec        0x4 src/ASF/avr32/drivers/intc/intc.o
 .bss._int_line_handler_table_12
                0x00000bf0        0x4 src/ASF/avr32/drivers/intc/intc.o
 .bss._int_line_handler_table_13
                0x00000bf4        0x4 src/ASF/avr32/drivers/intc/intc.o
 .bss._int_line_handler_table_14
                0x00000bf8        0xc src/ASF/avr32/drivers/intc/intc.o
 .bss._int_line_handler_table_15
                0x00000c04        0x4 src/ASF/avr32/drivers/intc/intc.o
 .bss._int_line_handler_table_16
                0x00000c08        0x4 src/ASF/avr32/drivers/intc/intc.o
 .bss._int_line_handler_table_17
                0x00000c0c        0x4 src/ASF/avr32/drivers/intc/intc.o
 .bss._int_line_handler_table_18
                0x00000c10        0x4 src/ASF/avr32/drivers/intc/intc.o
 .bss._int_line_handler_table_0
                0x00000c14        0x4 src/ASF/avr32/drivers/intc/intc.o
 .bss._int_line_handler_table_1
                0x00000c18       0x2c src/ASF/avr32/drivers/intc/intc.o
 .bss._int_line_handler_table_2
                0x00000c44       0x18 src/ASF/avr32/drivers/intc/intc.o
 .bss._int_line_handler_table_3
                0x00000c5c       0x1c src/ASF/avr32/drivers/intc/intc.o
 .bss._int_line_handler_table_4
                0x00000c78        0x4 src/ASF/avr32/drivers/intc/intc.o
 .bss._int_line_handler_table_5
                0x00000c7c        0x4 src/ASF/avr32/drivers/intc/intc.o
 .bss.uxMissedTicks
                0x00000c80        0x4 src/ASF/thirdparty/freertos/freertos-7.0.0/source/tasks.o
 .bss.uxTopUsedPriority
                0x00000c84        0x4 src/ASF/thirdparty/freertos/freertos-7.0.0/source/tasks.o
 .bss.pxDelayedTaskList
                0x00000c88        0x4 src/ASF/thirdparty/freertos/freertos-7.0.0/source/tasks.o
 .bss.xSchedulerRunning
                0x00000c8c        0x4 src/ASF/thirdparty/freertos/freertos-7.0.0/source/tasks.o
 .bss.uxTasksDeleted
                0x00000c90        0x4 src/ASF/thirdparty/freertos/freertos-7.0.0/source/tasks.o
 .bss.xNumOfOverflows
                0x00000c94        0x4 src/ASF/thirdparty/freertos/freertos-7.0.0/source/tasks.o
 .bss.pxOverflowDelayedTaskList
                0x00000c98        0x4 src/ASF/thirdparty/freertos/freertos-7.0.0/source/tasks.o
 .bss.pxReadyTasksLists
                0x00000c9c       0xa0 src/ASF/thirdparty/freertos/freertos-7.0.0/source/tasks.o
 .bss.xTasksWaitingTermination
                0x00000d3c       0x14 src/ASF/thirdparty/freertos/freertos-7.0.0/source/tasks.o
 .bss.pxCurrentTCB
                0x00000d50        0x4 src/ASF/thirdparty/freertos/freertos-7.0.0/source/tasks.o
                0x00000d50                pxCurrentTCB
 .bss.xPendingReadyList
                0x00000d54       0x14 src/ASF/thirdparty/freertos/freertos-7.0.0/source/tasks.o
 .bss.xDelayedTaskList1
                0x00000d68       0x14 src/ASF/thirdparty/freertos/freertos-7.0.0/source/tasks.o
 .bss.xTickCount
                0x00000d7c        0x4 src/ASF/thirdparty/freertos/freertos-7.0.0/source/tasks.o
 .bss.uxSchedulerSuspended
                0x00000d80        0x4 src/ASF/thirdparty/freertos/freertos-7.0.0/source/tasks.o
 .bss.xDelayedTaskList2
                0x00000d84       0x14 src/ASF/thirdparty/freertos/freertos-7.0.0/source/tasks.o
 .bss.uxTaskNumber
                0x00000d98        0x4 src/ASF/thirdparty/freertos/freertos-7.0.0/source/tasks.o
 .bss.uxCurrentNumberOfTasks
                0x00000d9c        0x4 src/ASF/thirdparty/freertos/freertos-7.0.0/source/tasks.o
 .bss.xMissedYield
                0x00000da0        0x4 src/ASF/thirdparty/freertos/freertos-7.0.0/source/tasks.o
 .bss.xSuspendedTaskList
                0x00000da4       0x14 src/ASF/thirdparty/freertos/freertos-7.0.0/source/tasks.o
 .bss.uxTopReadyPriority
                0x00000db8        0x4 src/ASF/thirdparty/freertos/freertos-7.0.0/source/tasks.o
 .bss.lench.11294
                0x00000dbc        0x1 src/Log/log.o
 .bss.lench.11364
                0x00000dbd        0x1 src/Log/log.o
 *fill*         0x00000dbe        0x2 
 .bss.__malloc_max_total_mem
                0x00000dc0        0x4 e:/program x86/atmel/studio/7.0/toolchain/avr32/avr32-gnu-toolchain/bin/../lib/gcc/avr32/4.4.7/../../../../avr32/lib/ucr2\libc.a(lib_a-mallocr.o)
                0x00000dc0                __malloc_max_total_mem
 .bss.__malloc_max_sbrked_mem
                0x00000dc4        0x4 e:/program x86/atmel/studio/7.0/toolchain/avr32/avr32-gnu-toolchain/bin/../lib/gcc/avr32/4.4.7/../../../../avr32/lib/ucr2\libc.a(lib_a-mallocr.o)
                0x00000dc4                __malloc_max_sbrked_mem
 .bss.__malloc_top_pad
                0x00000dc8        0x4 e:/program x86/atmel/studio/7.0/toolchain/avr32/avr32-gnu-toolchain/bin/../lib/gcc/avr32/4.4.7/../../../../avr32/lib/ucr2\libc.a(lib_a-mallocr.o)
                0x00000dc8                __malloc_top_pad
 .bss.__malloc_current_mallinfo
                0x00000dcc       0x28 e:/program x86/atmel/studio/7.0/toolchain/avr32/avr32-gnu-toolchain/bin/../lib/gcc/avr32/4.4.7/../../../../avr32/lib/ucr2\libc.a(lib_a-mallocr.o)
                0x00000dcc                __malloc_current_mallinfo
 .bss.cur_heap_pos.1869
                0x00000df4        0x4 e:/program x86/atmel/studio/7.0/toolchain/avr32/avr32-gnu-toolchain/bin/../lib/gcc/avr32/4.4.7/../../../../avr32/lib/ucr2\libc.a(lib_a-syscalls.o)
 *(COMMON)
 COMMON         0x00000df8      0x28a src/Application/app/app.o
                0x00000df8                bunchofrandomstatusflags
                0x00000dfc                Current_time
                0x00000e02                message_store
 *fill*         0x00001082        0x2 
 COMMON         0x00001084     0x1004 src/Application/flash/data_flash.o
                0x00001084                FLASH_BUF
                0x00002084                spi
 COMMON         0x00002088      0x122 src/Application/radio/ambe.o
                0x00002088                AMBEBurst_rawdata
                0x00002090                Radio_Internal_Data
                0x00002094                AMBE_DecryptionKey
                0x0000209c                SendAMBEBurst_EncryptionPackage
                0x0000218c                VBSP_data
                0x00002190                Soft_Decision_Data
 COMMON         0x000021aa     0x3200 src/Application/radio/physical.o
                0x000021aa                payload_store
                0x000035aa                xnl_store
 *fill*         0x000053aa        0x2 
 COMMON         0x000053ac       0x4c src/Application/radio/ssc.o
                0x000053ac                intDuration
                0x000053b0                BufferIndex
                0x000053b4                intStartCount
                0x000053b8                RxBuffer
                0x000053d8                TxBuffer
 COMMON         0x000053f8        0x4 src/Application/radio/xcmp.o
                0x000053f8                app_list
 COMMON         0x000053fc       0x18 src/Application/RFID/RFID.o
                0x000053fc                RFID
                0x0000540c                CT
                0x00005410                SN
 COMMON         0x00005414        0x4 src/ASF/avr32/drivers/spi/spi.o
                0x00005414                xSPIMutex
 COMMON         0x00005418        0x4 src/ASF/thirdparty/freertos/freertos-7.0.0/source/portable/gcc/avr32_uc3/write.o
                0x00005418                stdio_usart_base
 COMMON         0x0000541c        0x4 src/Log/log.o
                0x0000541c                logQueue
 COMMON         0x00005420        0x4 e:/program x86/atmel/studio/7.0/toolchain/avr32/avr32-gnu-toolchain/bin/../lib/gcc/avr32/4.4.7/../../../../avr32/lib/ucr2\libc.a(lib_a-reent.o)
                0x00005420                errno
                0x00005428                . = ALIGN (0x8)
 *fill*         0x00005424        0x4 
                0x00005428                . = ALIGN (0x8)
                0x00005428                _end = .
                0x00005428                PROVIDE (end, .)
                0x00005428                __heap_start__ = ALIGN (0x8)
                0x00017000                . = ((ORIGIN (CPUSRAM) + 0x17ffc) - _stack_size)
                0x00017000                __heap_end__ = .

.stab
 *(.stab)

.stabstr
 *(.stabstr)

.stab.excl
 *(.stab.excl)

.stab.exclstr
 *(.stab.exclstr)

.stab.index
 *(.stab.index)

.stab.indexstr
 *(.stab.indexstr)

.comment        0x00000000       0x30
 *(.comment)
 .comment       0x00000000       0x30 src/Application/app/app.o
                                 0x31 (size before relaxing)
 .comment       0x00000000       0x31 src/Application/flash/data_flash.o
 .comment       0x00000000       0x31 src/Application/radio/ambe.o
 .comment       0x00000000       0x31 src/Application/radio/payload.o
 .comment       0x00000000       0x31 src/Application/radio/physical.o
 .comment       0x00000000       0x31 src/Application/radio/ssc.o
 .comment       0x00000000       0x31 src/Application/radio/xcmp.o
 .comment       0x00000000       0x31 src/Application/radio/xnl.o
 .comment       0x00000000       0x31 src/Application/RFID/MFRC522/rc522.o
 .comment       0x00000000       0x31 src/Application/RFID/RFID.o
 .comment       0x00000000       0x31 src/Application/timers/timer.o
 .comment       0x00000000       0x31 src/Application/xgflash/xgflash.o
 .comment       0x00000000       0x31 src/ASF/avr32/drivers/flashc/flashc.o
 .comment       0x00000000       0x31 src/ASF/avr32/drivers/gpio/gpio.o
 .comment       0x00000000       0x31 src/ASF/avr32/drivers/intc/intc.o
 .comment       0x00000000       0x31 src/ASF/avr32/drivers/pm/pm.o
 .comment       0x00000000       0x31 src/ASF/avr32/drivers/spi/spi.o
 .comment       0x00000000       0x31 src/ASF/avr32/drivers/usart/usart.o
 .comment       0x00000000       0x31 src/ASF/thirdparty/freertos/freertos-7.0.0/source/list.o
 .comment       0x00000000       0x31 src/ASF/thirdparty/freertos/freertos-7.0.0/source/portable/gcc/avr32_uc3/port.o
 .comment       0x00000000       0x31 src/ASF/thirdparty/freertos/freertos-7.0.0/source/portable/gcc/avr32_uc3/read.o
 .comment       0x00000000       0x31 src/ASF/thirdparty/freertos/freertos-7.0.0/source/portable/gcc/avr32_uc3/write.o
 .comment       0x00000000       0x31 src/ASF/thirdparty/freertos/freertos-7.0.0/source/portable/memmang/heap_3.o
 .comment       0x00000000       0x31 src/ASF/thirdparty/freertos/freertos-7.0.0/source/queue.o
 .comment       0x00000000       0x31 src/ASF/thirdparty/freertos/freertos-7.0.0/source/tasks.o
 .comment       0x00000000       0x31 src/Log/log.o
 .comment       0x00000000       0x31 src/main.o
 .comment       0x00000000       0x31 e:/program x86/atmel/studio/7.0/toolchain/avr32/avr32-gnu-toolchain/bin/../lib/gcc/avr32/4.4.7/../../../../avr32/lib/ucr2\libc.a(lib_a-malloc.o)
 .comment       0x00000000       0x31 e:/program x86/atmel/studio/7.0/toolchain/avr32/avr32-gnu-toolchain/bin/../lib/gcc/avr32/4.4.7/../../../../avr32/lib/ucr2\libc.a(lib_a-mallocr.o)
 .comment       0x00000000       0x31 e:/program x86/atmel/studio/7.0/toolchain/avr32/avr32-gnu-toolchain/bin/../lib/gcc/avr32/4.4.7/../../../../avr32/lib/ucr2\libc.a(lib_a-memcmp.o)
 .comment       0x00000000       0x31 e:/program x86/atmel/studio/7.0/toolchain/avr32/avr32-gnu-toolchain/bin/../lib/gcc/avr32/4.4.7/../../../../avr32/lib/ucr2\libc.a(lib_a-memset.o)
 .comment       0x00000000       0x31 e:/program x86/atmel/studio/7.0/toolchain/avr32/avr32-gnu-toolchain/bin/../lib/gcc/avr32/4.4.7/../../../../avr32/lib/ucr2\libc.a(lib_a-reallocr.o)
 .comment       0x00000000       0x31 e:/program x86/atmel/studio/7.0/toolchain/avr32/avr32-gnu-toolchain/bin/../lib/gcc/avr32/4.4.7/../../../../avr32/lib/ucr2\libc.a(lib_a-sbrkr.o)
 .comment       0x00000000       0x31 e:/program x86/atmel/studio/7.0/toolchain/avr32/avr32-gnu-toolchain/bin/../lib/gcc/avr32/4.4.7/../../../../avr32/lib/ucr2\libc.a(lib_a-sprintf.o)
 .comment       0x00000000       0x31 e:/program x86/atmel/studio/7.0/toolchain/avr32/avr32-gnu-toolchain/bin/../lib/gcc/avr32/4.4.7/../../../../avr32/lib/ucr2\libc.a(lib_a-syscalls.o)
 .comment       0x00000000       0x31 e:/program x86/atmel/studio/7.0/toolchain/avr32/avr32-gnu-toolchain/bin/../lib/gcc/avr32/4.4.7/../../../../avr32/lib/ucr2\libc.a(lib_a-vfprintf.o)
 .comment       0x00000000       0x31 e:/program x86/atmel/studio/7.0/toolchain/avr32/avr32-gnu-toolchain/bin/../lib/gcc/avr32/4.4.7/../../../../avr32/lib/ucr2\libc.a(lib_a-wsetup.o)
 .comment       0x00000000       0x31 e:/program x86/atmel/studio/7.0/toolchain/avr32/avr32-gnu-toolchain/bin/../lib/gcc/avr32/4.4.7/../../../../avr32/lib/ucr2\libc.a(lib_a-dtoa.o)
 .comment       0x00000000       0x31 e:/program x86/atmel/studio/7.0/toolchain/avr32/avr32-gnu-toolchain/bin/../lib/gcc/avr32/4.4.7/../../../../avr32/lib/ucr2\libc.a(lib_a-errno.o)
 .comment       0x00000000       0x31 e:/program x86/atmel/studio/7.0/toolchain/avr32/avr32-gnu-toolchain/bin/../lib/gcc/avr32/4.4.7/../../../../avr32/lib/ucr2\libc.a(lib_a-fflush.o)
 .comment       0x00000000       0x31 e:/program x86/atmel/studio/7.0/toolchain/avr32/avr32-gnu-toolchain/bin/../lib/gcc/avr32/4.4.7/../../../../avr32/lib/ucr2\libc.a(lib_a-findfp.o)
 .comment       0x00000000       0x31 e:/program x86/atmel/studio/7.0/toolchain/avr32/avr32-gnu-toolchain/bin/../lib/gcc/avr32/4.4.7/../../../../avr32/lib/ucr2\libc.a(lib_a-freer.o)
 .comment       0x00000000       0x31 e:/program x86/atmel/studio/7.0/toolchain/avr32/avr32-gnu-toolchain/bin/../lib/gcc/avr32/4.4.7/../../../../avr32/lib/ucr2\libc.a(lib_a-fvwrite.o)
 .comment       0x00000000       0x31 e:/program x86/atmel/studio/7.0/toolchain/avr32/avr32-gnu-toolchain/bin/../lib/gcc/avr32/4.4.7/../../../../avr32/lib/ucr2\libc.a(lib_a-fwalk.o)
 .comment       0x00000000       0x31 e:/program x86/atmel/studio/7.0/toolchain/avr32/avr32-gnu-toolchain/bin/../lib/gcc/avr32/4.4.7/../../../../avr32/lib/ucr2\libc.a(lib_a-impure.o)
 .comment       0x00000000       0x31 e:/program x86/atmel/studio/7.0/toolchain/avr32/avr32-gnu-toolchain/bin/../lib/gcc/avr32/4.4.7/../../../../avr32/lib/ucr2\libc.a(lib_a-locale.o)
 .comment       0x00000000       0x31 e:/program x86/atmel/studio/7.0/toolchain/avr32/avr32-gnu-toolchain/bin/../lib/gcc/avr32/4.4.7/../../../../avr32/lib/ucr2\libc.a(lib_a-makebuf.o)
 .comment       0x00000000       0x31 e:/program x86/atmel/studio/7.0/toolchain/avr32/avr32-gnu-toolchain/bin/../lib/gcc/avr32/4.4.7/../../../../avr32/lib/ucr2\libc.a(lib_a-memchr.o)