Archive member included because of file (symbol)

e:/program x86/atmel/studio/7.0/toolchain/avr32/avr32-gnu-toolchain/bin/../lib/gcc/avr32/4.4.7/../../../../avr32/lib/ucr2\libc.a(lib_a-malloc.o)
                              src/ASF/thirdparty/freertos/freertos-7.0.0/source/portable/memmang/heap_3.o (free)
e:/program x86/atmel/studio/7.0/toolchain/avr32/avr32-gnu-toolchain/bin/../lib/gcc/avr32/4.4.7/../../../../avr32/lib/ucr2\libc.a(lib_a-mallocr.o)
                              e:/program x86/atmel/studio/7.0/toolchain/avr32/avr32-gnu-toolchain/bin/../lib/gcc/avr32/4.4.7/../../../../avr32/lib/ucr2\libc.a(lib_a-malloc.o) (_malloc_r)
e:/program x86/atmel/studio/7.0/toolchain/avr32/avr32-gnu-toolchain/bin/../lib/gcc/avr32/4.4.7/../../../../avr32/lib/ucr2\libc.a(lib_a-memcmp.o)
                              src/Application/voice/voice.o (memcmp)
e:/program x86/atmel/studio/7.0/toolchain/avr32/avr32-gnu-toolchain/bin/../lib/gcc/avr32/4.4.7/../../../../avr32/lib/ucr2\libc.a(lib_a-memcpy.o)
                              src/Application/app/app.o (memcpy)
e:/program x86/atmel/studio/7.0/toolchain/avr32/avr32-gnu-toolchain/bin/../lib/gcc/avr32/4.4.7/../../../../avr32/lib/ucr2\libc.a(lib_a-memset.o)
                              src/Application/radio/physical.o (memset)
e:/program x86/atmel/studio/7.0/toolchain/avr32/avr32-gnu-toolchain/bin/../lib/gcc/avr32/4.4.7/../../../../avr32/lib/ucr2\libc.a(lib_a-realloc.o)
                              src/ASF/thirdparty/freertos/freertos-7.0.0/source/portable/gcc/avr32_uc3/port.o (realloc)
e:/program x86/atmel/studio/7.0/toolchain/avr32/avr32-gnu-toolchain/bin/../lib/gcc/avr32/4.4.7/../../../../avr32/lib/ucr2\libc.a(lib_a-reallocr.o)
                              e:/program x86/atmel/studio/7.0/toolchain/avr32/avr32-gnu-toolchain/bin/../lib/gcc/avr32/4.4.7/../../../../avr32/lib/ucr2\libc.a(lib_a-realloc.o) (_realloc_r)
e:/program x86/atmel/studio/7.0/toolchain/avr32/avr32-gnu-toolchain/bin/../lib/gcc/avr32/4.4.7/../../../../avr32/lib/ucr2\libc.a(lib_a-sbrkr.o)
                              e:/program x86/atmel/studio/7.0/toolchain/avr32/avr32-gnu-toolchain/bin/../lib/gcc/avr32/4.4.7/../../../../avr32/lib/ucr2\libc.a(lib_a-mallocr.o) (_sbrk_r)
e:/program x86/atmel/studio/7.0/toolchain/avr32/avr32-gnu-toolchain/bin/../lib/gcc/avr32/4.4.7/../../../../avr32/lib/ucr2\libc.a(lib_a-sprintf.o)
                              src/Log/log.o (sprintf)
e:/program x86/atmel/studio/7.0/toolchain/avr32/avr32-gnu-toolchain/bin/../lib/gcc/avr32/4.4.7/../../../../avr32/lib/ucr2\libc.a(lib_a-strncpy.o)
                              src/ASF/thirdparty/freertos/freertos-7.0.0/source/tasks.o (strncpy)
e:/program x86/atmel/studio/7.0/toolchain/avr32/avr32-gnu-toolchain/bin/../lib/gcc/avr32/4.4.7/../../../../avr32/lib/ucr2\libc.a(lib_a-syscalls.o)
                              e:/program x86/atmel/studio/7.0/toolchain/avr32/avr32-gnu-toolchain/bin/../lib/gcc/avr32/4.4.7/../../../../avr32/lib/ucr2\libc.a(lib_a-sbrkr.o) (_sbrk)
e:/program x86/atmel/studio/7.0/toolchain/avr32/avr32-gnu-toolchain/bin/../lib/gcc/avr32/4.4.7/../../../../avr32/lib/ucr2\libc.a(lib_a-vfprintf.o)
                              e:/program x86/atmel/studio/7.0/toolchain/avr32/avr32-gnu-toolchain/bin/../lib/gcc/avr32/4.4.7/../../../../avr32/lib/ucr2\libc.a(lib_a-sprintf.o) (_vfprintf_r)
e:/program x86/atmel/studio/7.0/toolchain/avr32/avr32-gnu-toolchain/bin/../lib/gcc/avr32/4.4.7/../../../../avr32/lib/ucr2\libc.a(lib_a-wsetup.o)
                              e:/program x86/atmel/studio/7.0/toolchain/avr32/avr32-gnu-toolchain/bin/../lib/gcc/avr32/4.4.7/../../../../avr32/lib/ucr2\libc.a(lib_a-vfprintf.o) (__swsetup_r)
e:/program x86/atmel/studio/7.0/toolchain/avr32/avr32-gnu-toolchain/bin/../lib/gcc/avr32/4.4.7/../../../../avr32/lib/ucr2\libc.a(lib_a-dtoa.o)
                              e:/program x86/atmel/studio/7.0/toolchain/avr32/avr32-gnu-toolchain/bin/../lib/gcc/avr32/4.4.7/../../../../avr32/lib/ucr2\libc.a(lib_a-vfprintf.o) (_dtoa_r)
e:/program x86/atmel/studio/7.0/toolchain/avr32/avr32-gnu-toolchain/bin/../lib/gcc/avr32/4.4.7/../../../../avr32/lib/ucr2\libc.a(lib_a-errno.o)
                              e:/program x86/atmel/studio/7.0/toolchain/avr32/avr32-gnu-toolchain/bin/../lib/gcc/avr32/4.4.7/../../../../avr32/lib/ucr2\libc.a(lib_a-syscalls.o) (__errno)
e:/program x86/atmel/studio/7.0/toolchain/avr32/avr32-gnu-toolchain/bin/../lib/gcc/avr32/4.4.7/../../../../avr32/lib/ucr2\libc.a(lib_a-fflush.o)
                              e:/program x86/atmel/studio/7.0/toolchain/avr32/avr32-gnu-toolchain/bin/../lib/gcc/avr32/4.4.7/../../../../avr32/lib/ucr2\libc.a(lib_a-vfprintf.o) (_fflush_r)
e:/program x86/atmel/studio/7.0/toolchain/avr32/avr32-gnu-toolchain/bin/../lib/gcc/avr32/4.4.7/../../../../avr32/lib/ucr2\libc.a(lib_a-findfp.o)
                              e:/program x86/atmel/studio/7.0/toolchain/avr32/avr32-gnu-toolchain/bin/../lib/gcc/avr32/4.4.7/../../../../avr32/lib/ucr2\libc.a(lib_a-vfprintf.o) (__sinit)
[...]
Memory Configuration

Name             Origin             Length             Attributes
FLASH            0x80000000         0x00080000         axrl !w
CPUSRAM          0x00000004         0x00017ffc         axw !rl
USERPAGE         0x80800000         0x00000200
FACTORYPAGE      0x80800200         0x00000200
*default*        0x00000000         0xffffffff

Linker script and memory map

                0x00001000                _stack_size = 0x1000
LOAD src/Application/app/app.o
LOAD src/Application/flash/data_flash.o
LOAD src/Application/myrtc/xgrtc.o
LOAD src/Application/radio/ambe.o
LOAD src/Application/radio/AMBE_audio.o
LOAD src/Application/radio/AMBE_audio_2.o
LOAD src/Application/radio/audio.o
LOAD src/Application/radio/payload.o
LOAD src/Application/radio/physical.o
LOAD src/Application/radio/ssc.o
LOAD src/Application/radio/xcmp.o
LOAD src/Application/radio/xnl.o
LOAD src/Application/RFID/MFRC522/rc522.o
LOAD src/Application/RFID/RFID.o
LOAD src/Application/timers/timer.o
LOAD src/Application/voice/voice.o
LOAD src/Application/xgflash/xgflash.o
LOAD src/ASF/avr32/drivers/flashc/flashc.o
LOAD src/ASF/avr32/drivers/gpio/gpio.o
LOAD src/ASF/avr32/drivers/intc/intc.o
LOAD src/ASF/avr32/drivers/pm/pm.o
LOAD src/ASF/avr32/drivers/pm/pm_conf_clocks.o
LOAD src/ASF/avr32/drivers/pm/power_clocks_lib.o
LOAD src/ASF/avr32/drivers/rtc/rtc.o
LOAD src/ASF/avr32/drivers/spi/spi.o
LOAD src/ASF/avr32/drivers/tc/tc.o
LOAD src/ASF/avr32/drivers/twi/twi.o
LOAD src/ASF/avr32/drivers/usart/usart.o
LOAD src/ASF/avr32/utils/startup/startup_uc3.o
LOAD src/ASF/avr32/utils/startup/trampoline_uc3.o
LOAD src/ASF/common/boards/user_board/init.o
LOAD src/ASF/common/services/clock/uc3b0_b1/sysclk.o
LOAD src/ASF/common/services/spi/uc3_spi/spi_master.o
LOAD src/ASF/common/services/spi/uc3_usart_spi/usart_spi.o
LOAD src/ASF/thirdparty/freertos/freertos-7.0.0/source/croutine.o
LOAD src/ASF/thirdparty/freertos/freertos-7.0.0/source/list.o
LOAD src/ASF/thirdparty/freertos/freertos-7.0.0/source/portable/gcc/avr32_uc3/exception.o
LOAD src/ASF/thirdparty/freertos/freertos-7.0.0/source/portable/gcc/avr32_uc3/port.o
LOAD src/ASF/thirdparty/freertos/freertos-7.0.0/source/portable/gcc/avr32_uc3/read.o
LOAD src/ASF/thirdparty/freertos/freertos-7.0.0/source/portable/gcc/avr32_uc3/write.o
LOAD src/ASF/thirdparty/freertos/freertos-7.0.0/source/portable/memmang/heap_3.o
LOAD src/ASF/thirdparty/freertos/freertos-7.0.0/source/queue.o
LOAD src/ASF/thirdparty/freertos/freertos-7.0.0/source/tasks.o
LOAD src/Log/log.o
LOAD src/main.o
START GROUP
LOAD e:/program x86/atmel/studio/7.0/toolchain/avr32/avr32-gnu-toolchain/bin/../lib/gcc/avr32/4.4.7/../../../../avr32/lib/ucr2\libm.a
END GROUP
LOAD e:/program x86/atmel/studio/7.0/toolchain/avr32/avr32-gnu-toolchain/bin/../lib/gcc/avr32/4.4.7/ucr2\libgcc.a
LOAD e:/program x86/atmel/studio/7.0/toolchain/avr32/avr32-gnu-toolchain/bin/../lib/gcc/avr32/4.4.7/../../../../avr32/lib/ucr2\libc.a
LOAD e:/program x86/atmel/studio/7.0/toolchain/avr32/avr32-gnu-toolchain/bin/../lib/gcc/avr32/4.4.7/ucr2\libgcc.a
                0x80000000                PROVIDE (__executable_start, 0x80000000)
                0x80000000                . = 0x80000000

.interp
 *(.interp)

.reset          0x80000000     0x2004
 *(.reset)
 .reset         0x80000000     0x2004 src/ASF/avr32/utils/startup/trampoline_uc3.o
                               0x2008 (size before relaxing)
                0x80000000                _trampoline

.hash
 *(.hash)

.dynsym
 *(.dynsym)

.dynstr
 *(.dynstr)

.gnu.version
 *(.gnu.version)

.gnu.version_d
 *(.gnu.version_d)

.gnu.version_r
 *(.gnu.version_r)

.rel.init
 *(.rel.init)

.rela.init
 *(.rela.init)

.rel.text
 *(.rel.text .rel.text.* .rel.gnu.linkonce.t.*)

.rela.text
 *(.rela.text .rela.text.* .rela.gnu.linkonce.t.*)

.rel.fini
 *(.rel.fini)

.rela.fini
 *(.rela.fini)

.rel.rodata
 *(.rel.rodata .rel.rodata.* .rel.gnu.linkonce.r.*)

.rela.rodata
 *(.rela.rodata .rela.rodata.* .rela.gnu.linkonce.r.*)

.rel.data.rel.ro
 *(.rel.data.rel.ro*)

.rela.data.rel.ro
 *(.rel.data.rel.ro*)

.rel.data
 *(.rel.data .rel.data.* .rel.gnu.linkonce.d.*)

.rela.data
 *(.rela.data .rela.data.* .rela.gnu.linkonce.d.*)

.rel.tdata
 *(.rel.tdata .rel.tdata.* .rel.gnu.linkonce.td.*)

.rela.tdata
 *(.rela.tdata .rela.tdata.* .rela.gnu.linkonce.td.*)

.rel.tbss
 *(.rel.tbss .rel.tbss.* .rel.gnu.linkonce.tb.*)

.rela.tbss
 *(.rela.tbss .rela.tbss.* .rela.gnu.linkonce.tb.*)

.rel.ctors
 *(.rel.ctors)

.rela.ctors
 *(.rela.ctors)

.rel.dtors
 *(.rel.dtors)

.rela.dtors
 *(.rela.dtors)

.rel.got
 *(.rel.got)

.rela.got       0x80002004        0x0
 *(.rela.got)
 .rela.got      0x80002004        0x0 src/Application/app/app.o

.rel.bss
 *(.rel.bss .rel.bss.* .rel.gnu.linkonce.b.*)

.rela.bss
 *(.rela.bss .rela.bss.* .rela.gnu.linkonce.b.*)

.rel.plt
 *(.rel.plt)

.rela.plt
 *(.rela.plt)

.init
 *(.init)

.plt
 *(.plt)

.text           0x80002004     0xace0
 *(.text .stub .text.* .gnu.linkonce.t.*)
 .text.DeviceManagement_brdcst_func
                0x80002004       0x24 src/Application/app/app.o
                0x80002004                DeviceManagement_brdcst_func
 .text.Volume_brdcst_func
                0x80002028        0x2 src/Application/app/app.o
                0x80002028                Volume_brdcst_func
 .text.AudioRoutingControl_brdcst_func
                0x8000202a        0x2 src/Application/app/app.o
                0x8000202a                AudioRoutingControl_brdcst_func
 .text.vApplicationIdleHook
                0x8000202c       0x10 src/Application/app/app.o
                0x8000202c                vApplicationIdleHook
 .text.app_init
                0x8000203c       0x54 src/Application/app/app.o
                0x8000203c                app_init
 .text.app_payload_tx_proc
                0x80002090       0x14 src/Application/app/app.o
 .text.app_payload_rx_proc
                0x800020a4       0x34 src/Application/app/app.o
 .text.FD_brdcst_func
                0x800020d8       0x14 src/Application/app/app.o
                0x800020d8                FD_brdcst_func
 .text.FD_reply_func
                0x800020ec       0x14 src/Application/app/app.o
                0x800020ec                FD_reply_func
 .text.FD_request_func
                0x80002100       0x14 src/Application/app/app.o
                0x80002100                FD_request_func
 .text.EnOB_brdcst_func
                0x80002114       0x14 src/Application/app/app.o
                0x80002114                EnOB_brdcst_func
 .text.EnOB_reply_func
                0x80002128       0x70 src/Application/app/app.o
                0x80002128                EnOB_reply_func
 .text.SingleDetection_brdcst_func
                0x80002198       0x4c src/Application/app/app.o
                0x80002198                SingleDetection_brdcst_func
 .text.ButtonConfig_brdcst_func
                0x800021e4       0xdc src/Application/app/app.o
                0x800021e4                ButtonConfig_brdcst_func
 .text.ButtonConfig_reply_func
                0x800022c0       0x44 src/Application/app/app.o
                0x800022c0                ButtonConfig_reply_func
 .text.DataSession_reply_func
                0x80002304       0x7c src/Application/app/app.o
                0x80002304                DataSession_reply_func
 .text.CallControl_brdcst_func
                0x80002380       0x44 src/Application/app/app.o
                0x80002380                CallControl_brdcst_func
 .text.TransmitControl_brdcst_func
                0x800023c4       0x48 src/Application/app/app.o
                0x800023c4                TransmitControl_brdcst_func
 .text.TransmitControl_reply_func
                0x8000240c       0x60 src/Application/app/app.o
                0x8000240c                TransmitControl_reply_func
 .text.AudioRoutingControl_reply_func
                0x8000246c       0x28 src/Application/app/app.o
                0x8000246c                AudioRoutingControl_reply_func
 .text.Volume_reply_func
                0x80002494       0x64 src/Application/app/app.o
                0x80002494                Volume_reply_func
 .text.spk_brdcst_func
                0x800024f8       0x38 src/Application/app/app.o
                0x800024f8                spk_brdcst_func
 .text.spk_reply_func
                0x80002530       0x48 src/Application/app/app.o
                0x80002530                spk_reply_func
 .text.mic_brdcst_func
                0x80002578       0x58 src/Application/app/app.o
                0x80002578                mic_brdcst_func
 .text.mic_reply_func
                0x800025d0       0x94 src/Application/app/app.o
                0x800025d0                mic_reply_func
 .text.dcm_brdcst_func
                0x80002664       0x48 src/Application/app/app.o
                0x80002664                dcm_brdcst_func
 .text.dcm_reply_func
                0x800026ac       0x68 src/Application/app/app.o
                0x800026ac                dcm_reply_func
 .text.ToneControl_reply_func
                0x80002714       0x28 src/Application/app/app.o
                0x80002714                ToneControl_reply_func
 .text.app_cfg  0x8000273c      0x108 src/Application/app/app.o
 .text.Phyuserinput_brdcst_func
                0x80002844       0x58 src/Application/app/app.o
                0x80002844                Phyuserinput_brdcst_func
 .text.DataSession_brdcst_func
                0x8000289c       0xf8 src/Application/app/app.o
                0x8000289c                DataSession_brdcst_func
 .text.DeviceInitializationStatus_brdcst_func
                0x80002994       0x38 src/Application/app/app.o
                0x80002994                DeviceInitializationStatus_brdcst_func
 .text.xg_rtc_init
                0x800029cc       0x80 src/Application/myrtc/xgrtc.o
                0x800029cc                xg_rtc_init
 .text.rtc_irq  0x80002a4c       0xf0 src/Application/myrtc/xgrtc.o
                0x80002a4c                rtc_irq
 .text.CalculateBurst
                0x80002b3c       0x1c src/Application/radio/ambe.o
                0x80002b3c                CalculateBurst
 .text.payload_init
                0x80002b58       0x14 src/Application/radio/payload.o
                0x80002b58                payload_init
 .text.set_idle_store_isr
                0x80002b6c       0x1c src/Application/radio/physical.o
                0x80002b6c                set_idle_store_isr
 .text.payload_rx
                0x80002b88       0x18 src/Application/radio/physical.o
 .text.phy_rx   0x80002ba0       0x38 src/Application/radio/physical.o
                0x80002ba0                phy_rx
 .text.set_idle_store
                0x80002bd8       0x20 src/Application/radio/physical.o
                0x80002bd8                set_idle_store
 .text.phy_tx   0x80002bf8       0x5c src/Application/radio/physical.o
                0x80002bf8                phy_tx
 .text.get_idle_store_isr
                0x80002c54       0x28 src/Application/radio/physical.o
                0x80002c54                get_idle_store_isr
 .text.phy_tx_func
                0x80002c7c      0x108 src/Application/radio/physical.o
 .text.get_idle_store
                0x80002d84       0x28 src/Application/radio/physical.o
                0x80002d84                get_idle_store
 .text.phy_init
                0x80002dac       0x28 src/Application/radio/physical.o
                0x80002dac                phy_init
 .text.phy_rx_func
                0x80002dd4      0xf24 src/Application/radio/physical.o
 .text.pdca_int_handler
                0x80003cf8       0x8c src/Application/radio/ssc.o
 .text.local_start_SSC
                0x80003d84       0x44 src/Application/radio/ssc.o
                0x80003d84                local_start_SSC
 .text.local_start_PDC
                0x80003dc8       0x6c src/Application/radio/ssc.o
                0x80003dc8                local_start_PDC
 .text.register_rx_tx_func
                0x80003e34       0x14 src/Application/radio/ssc.o
                0x80003e34                register_rx_tx_func
 .text.ssc_init
                0x80003e48       0x74 src/Application/radio/ssc.o
                0x80003e48                ssc_init
 .text.xcmp_register_app_list
                0x80003ebc        0xc src/Application/radio/xcmp.o
                0x80003ebc                xcmp_register_app_list
 .text.xcmp_tx  0x80003ec8       0x48 src/Application/radio/xcmp.o
 .text.xcmp_data_session_req
                0x80003f10       0x8c src/Application/radio/xcmp.o
                0x80003f10                xcmp_data_session_req
 .text.xcmp_DeviceInitializationStatus_request
                0x80003f9c       0x40 src/Application/radio/xcmp.o
                0x80003f9c                xcmp_DeviceInitializationStatus_request
 .text.xcmp_opcode_not_supported
                0x80003fdc       0x24 src/Application/radio/xcmp.o
                0x80003fdc                xcmp_opcode_not_supported
 .text.xcmp_exec_func
                0x80004000       0x48 src/Application/radio/xcmp.o
 .text.xcmp_IdleTestTone
                0x80004048       0x60 src/Application/radio/xcmp.o
                0x80004048                xcmp_IdleTestTone
 .text.xcmp_init
                0x800040a8       0x54 src/Application/radio/xcmp.o
                0x800040a8                xcmp_init
 .text.xcmp_rx_process
                0x800040fc       0xfc src/Application/radio/xcmp.o
 .text.xcmp_rx  0x800041f8       0x4c src/Application/radio/xcmp.o
 .text.xnl_register_xcmp_func
                0x80004244        0xc src/Application/radio/xnl.o
                0x80004244                xnl_register_xcmp_func
 .text.xnl_get_msg_ack_func
                0x80004250       0x2c src/Application/radio/xnl.o
                0x80004250                xnl_get_msg_ack_func
 .text.xnl_init
                0x8000427c      0x12c src/Application/radio/xnl.o
                0x8000427c                xnl_init
 .text.xnl_rx_process
                0x800043a8       0x60 src/Application/radio/xnl.o
 .text.xnl_tx_process
                0x80004408       0xcc src/Application/radio/xnl.o
 .text.xnl_tx   0x800044d4       0xe4 src/Application/radio/xnl.o
                0x800044d4                xnl_tx
 .text.xnl_data_msg_func
                0x800045b8       0x60 src/Application/radio/xnl.o
                0x800045b8                xnl_data_msg_func
 .text.xnl_device_auth_reply_func
                0x80004618      0x120 src/Application/radio/xnl.o
                0x80004618                xnl_device_auth_reply_func
 .text.xnl_master_status_brdcst_func
                0x80004738       0x60 src/Application/radio/xnl.o
                0x80004738                xnl_master_status_brdcst_func
 .text.xnl_device_conn_reply_func
                0x80004798       0x5c src/Application/radio/xnl.o
                0x80004798                xnl_device_conn_reply_func
 .text.xnl_send_device_master_query
                0x800047f4       0x30 src/Application/radio/xnl.o
                0x800047f4                xnl_send_device_master_query
 .text.RC522_SPI_SetSpeed
                0x80004824       0x24 src/Application/RFID/MFRC522/rc522.o
                0x80004824                RC522_SPI_SetSpeed
 .text.RC522_SPI_SetSpeedLow
                0x80004848       0x10 src/Application/RFID/MFRC522/rc522.o
                0x80004848                RC522_SPI_SetSpeedLow
 .text.RC522_ReadByte
                0x80004858       0x44 src/Application/RFID/MFRC522/rc522.o
                0x80004858                RC522_ReadByte
 .text.RC522_WriteByte
                0x8000489c       0x4c src/Application/RFID/MFRC522/rc522.o
                0x8000489c                RC522_WriteByte
 .text.WriteRawRC
                0x800048e8       0x38 src/Application/RFID/MFRC522/rc522.o
                0x800048e8                WriteRawRC
 .text.PcdReset
                0x80004920       0x80 src/Application/RFID/MFRC522/rc522.o
                0x80004920                PcdReset
 .text.ReadRawRC
                0x800049a0       0x40 src/Application/RFID/MFRC522/rc522.o
                0x800049a0                ReadRawRC
 .text.SetBitMask
                0x800049e0       0x24 src/Application/RFID/MFRC522/rc522.o
                0x800049e0                SetBitMask
 .text.PcdAntennaOn
                0x80004a04       0x20 src/Application/RFID/MFRC522/rc522.o
                0x80004a04                PcdAntennaOn
 .text.ClearBitMask
                0x80004a24       0x28 src/Application/RFID/MFRC522/rc522.o
                0x80004a24                ClearBitMask
 .text.PcdAntennaOff
                0x80004a4c       0x10 src/Application/RFID/MFRC522/rc522.o
                0x80004a4c                PcdAntennaOff
 .text.M500PcdConfigISOType
                0x80004a5c       0x70 src/Application/RFID/MFRC522/rc522.o
                0x80004a5c                M500PcdConfigISOType
 .text.rc522_init
                0x80004acc       0xd0 src/Application/RFID/MFRC522/rc522.o
                0x80004acc                rc522_init
 .text.PcdComMF522
                0x80004b9c      0x178 src/Application/RFID/MFRC522/rc522.o
                0x80004b9c                PcdComMF522
 .text.PcdAnticoll
                0x80004d14       0x84 src/Application/RFID/MFRC522/rc522.o
                0x80004d14                PcdAnticoll
 .text.PcdRequest
                0x80004d98       0x64 src/Application/RFID/MFRC522/rc522.o
                0x80004d98                PcdRequest
 .text.CalulateCRC
                0x80004dfc       0x8c src/Application/RFID/MFRC522/rc522.o
                0x80004dfc                CalulateCRC
 .text.PcdSelect
                0x80004e88       0x74 src/Application/RFID/MFRC522/rc522.o
                0x80004e88                PcdSelect
 .text.rfid_auto_reader
                0x80004efc      0x120 src/Application/RFID/RFID.o
                0x80004efc                rfid_auto_reader
 .text.rfid_sendID_message
                0x8000501c      0x170 src/Application/RFID/RFID.o
                0x8000501c                rfid_sendID_message
 .text.rfid_init
                0x8000518c        0xc src/Application/RFID/RFID.o
                0x8000518c                rfid_init
 .text.delay_ns
                0x80005198       0x16 src/Application/timers/timer.o
                0x80005198                delay_ns
 *fill*         0x800051ae        0x2 d703d703
 .text.delay_us
                0x800051b0       0x28 src/Application/timers/timer.o
                0x800051b0                delay_us
 .text.delay_ms
                0x800051d8       0x28 src/Application/timers/timer.o
                0x800051d8                delay_ms
 .text.local_start_timer
                0x80005200       0x2c src/Application/timers/timer.o
                0x80005200                local_start_timer
 .text.local_start_pll0
                0x8000522c       0x94 src/Application/timers/timer.o
                0x8000522c                local_start_pll0
 .text.xg_flashc_init
                0x800052c0       0x98 src/Application/xgflash/xgflash.o
                0x800052c0                xg_flashc_init
 .text.flashc_set_wait_state
                0x80005358        0xe src/ASF/avr32/drivers/flashc/flashc.o
                0x80005358                flashc_set_wait_state
 .text.gpio_enable_module_pin
                0x80005366       0x52 src/ASF/avr32/drivers/gpio/gpio.o
                0x80005366                gpio_enable_module_pin
 .text.gpio_enable_module
                0x800053b8       0x30 src/ASF/avr32/drivers/gpio/gpio.o
                0x800053b8                gpio_enable_module
 .text.gpio_enable_gpio_pin
                0x800053e8       0x18 src/ASF/avr32/drivers/gpio/gpio.o
                0x800053e8                gpio_enable_gpio_pin
 .text.gpio_set_gpio_pin
                0x80005400       0x1c src/ASF/avr32/drivers/gpio/gpio.o
                0x80005400                gpio_set_gpio_pin
 .text.gpio_clr_gpio_pin
                0x8000541c       0x1c src/ASF/avr32/drivers/gpio/gpio.o
                0x8000541c                gpio_clr_gpio_pin
 .text._unhandled_interrupt
                0x80005438        0x2 src/ASF/avr32/drivers/intc/intc.o
 *fill*         0x8000543a        0x2 d703d703
 .text.INTC_register_interrupt
                0x8000543c       0x80 src/ASF/avr32/drivers/intc/intc.o
                0x8000543c                INTC_register_interrupt
 .text.INTC_init_interrupts
                0x800054bc       0x54 src/ASF/avr32/drivers/intc/intc.o
                0x800054bc                INTC_init_interrupts
 .text._get_interrupt_handler
                0x80005510       0x38 src/ASF/avr32/drivers/intc/intc.o
                0x80005510                _get_interrupt_handler
 .text.pm_set_osc0_mode
                0x80005548        0xa src/ASF/avr32/drivers/pm/pm.o
 *fill*         0x80005552        0x2 d703d703
 .text.pm_enable_osc0_crystal
                0x80005554       0x3c src/ASF/avr32/drivers/pm/pm.o
                0x80005554                pm_enable_osc0_crystal
 .text.pm_enable_clk0_no_wait
                0x80005590       0x10 src/ASF/avr32/drivers/pm/pm.o
                0x80005590                pm_enable_clk0_no_wait
 .text.pm_wait_for_clk0_ready
                0x800055a0        0xa src/ASF/avr32/drivers/pm/pm.o
                0x800055a0                pm_wait_for_clk0_ready
 *fill*         0x800055aa        0x2 d703d703
 .text.pm_enable_clk0
                0x800055ac       0x1c src/ASF/avr32/drivers/pm/pm.o
                0x800055ac                pm_enable_clk0
 .text.pm_set_osc32_mode
                0x800055c8        0xa src/ASF/avr32/drivers/pm/pm.o
 *fill*         0x800055d2        0x2 d703d703
 .text.pm_enable_osc32_crystal
                0x800055d4       0x10 src/ASF/avr32/drivers/pm/pm.o
                0x800055d4                pm_enable_osc32_crystal
 .text.pm_enable_clk32_no_wait
                0x800055e4       0x10 src/ASF/avr32/drivers/pm/pm.o
                0x800055e4                pm_enable_clk32_no_wait
 .text.pm_wait_for_clk32_ready
                0x800055f4        0xa src/ASF/avr32/drivers/pm/pm.o
                0x800055f4                pm_wait_for_clk32_ready
 *fill*         0x800055fe        0x2 d703d703
 .text.pm_enable_clk32
                0x80005600       0x1c src/ASF/avr32/drivers/pm/pm.o
                0x80005600                pm_enable_clk32
 .text.pm_cksel
                0x8000561c       0x46 src/ASF/avr32/drivers/pm/pm.o
                0x8000561c                pm_cksel
 .text.pm_pll_setup
                0x80005662       0x22 src/ASF/avr32/drivers/pm/pm.o
                0x80005662                pm_pll_setup
 .text.pm_pll_set_option
                0x80005684       0x1a src/ASF/avr32/drivers/pm/pm.o
                0x80005684                pm_pll_set_option
 .text.pm_pll_enable
                0x8000569e        0xe src/ASF/avr32/drivers/pm/pm.o
                0x8000569e                pm_pll_enable
 .text.pm_wait_for_pll0_locked
                0x800056ac        0xa src/ASF/avr32/drivers/pm/pm.o
                0x800056ac                pm_wait_for_pll0_locked
 .text.pm_switch_to_clock
                0x800056b6        0xa src/ASF/avr32/drivers/pm/pm.o
                0x800056b6                pm_switch_to_clock
 .text.pm_switch_to_osc0
                0x800056c0       0x2c src/ASF/avr32/drivers/pm/pm.o
                0x800056c0                pm_switch_to_osc0
 .text.rtc_is_busy
                0x800056ec        0x8 src/ASF/avr32/drivers/rtc/rtc.o
                0x800056ec                rtc_is_busy
 .text.rtc_set_value
                0x800056f4       0x24 src/ASF/avr32/drivers/rtc/rtc.o
                0x800056f4                rtc_set_value
 .text.rtc_enable
                0x80005718       0x24 src/ASF/avr32/drivers/rtc/rtc.o
                0x80005718                rtc_enable
 .text.rtc_enable_interrupt
                0x8000573c        0x6 src/ASF/avr32/drivers/rtc/rtc.o
                0x8000573c                rtc_enable_interrupt
 *fill*         0x80005742        0x2 d703d703
 .text.rtc_set_top_value
                0x80005744       0x24 src/ASF/avr32/drivers/rtc/rtc.o
                0x80005744                rtc_set_top_value
 .text.rtc_clear_interrupt
                0x80005768       0x1e src/ASF/avr32/drivers/rtc/rtc.o
                0x80005768                rtc_clear_interrupt
 *fill*         0x80005786        0x2 d703d703
 .text.rtc_init
                0x80005788       0x80 src/ASF/avr32/drivers/rtc/rtc.o
                0x80005788                rtc_init
 .text.getBaudDiv
                0x80005808       0x20 src/ASF/avr32/drivers/spi/spi.o
                0x80005808                getBaudDiv
 .text.spi_initMaster
                0x80005828       0x38 src/ASF/avr32/drivers/spi/spi.o
                0x80005828                spi_initMaster
 .text.spi_selectionMode
                0x80005860       0x2c src/ASF/avr32/drivers/spi/spi.o
                0x80005860                spi_selectionMode
 .text.spi_enable
                0x8000588c        0x6 src/ASF/avr32/drivers/spi/spi.o
                0x8000588c                spi_enable
 .text.spi_write
                0x80005892       0x1c src/ASF/avr32/drivers/spi/spi.o
                0x80005892                spi_write
 .text.spi_read
                0x800058ae       0x20 src/ASF/avr32/drivers/spi/spi.o
                0x800058ae                spi_read
 *fill*         0x800058ce        0x2 d703d703
 .text.spi_setupChipReg
                0x800058d0       0xe8 src/ASF/avr32/drivers/spi/spi.o
                0x800058d0                spi_setupChipReg
 .text.spi_unselectChip
                0x800059b8       0x40 src/ASF/avr32/drivers/spi/spi.o
                0x800059b8                spi_unselectChip
 .text.spi_selectChip
                0x800059f8       0x78 src/ASF/avr32/drivers/spi/spi.o
                0x800059f8                spi_selectChip
 .text.usart_set_async_baudrate
                0x80005a70       0x5a src/ASF/avr32/drivers/usart/usart.o
 .text.usart_write_char
                0x80005aca       0x14 src/ASF/avr32/drivers/usart/usart.o
                0x80005aca                usart_write_char
 *fill*         0x80005ade        0x2 d703d703
 .text.usart_putchar
                0x80005ae0       0x2c src/ASF/avr32/drivers/usart/usart.o
                0x80005ae0                usart_putchar
 .text.usart_read_char
                0x80005b0c       0x22 src/ASF/avr32/drivers/usart/usart.o
                0x80005b0c                usart_read_char
 *fill*         0x80005b2e        0x2 d703d703
 .text.usart_getchar
                0x80005b30       0x2c src/ASF/avr32/drivers/usart/usart.o
                0x80005b30                usart_getchar
 .text.usart_write_line
                0x80005b5c       0x24 src/ASF/avr32/drivers/usart/usart.o
                0x80005b5c                usart_write_line
 .text.usart_reset
                0x80005b80       0x2c src/ASF/avr32/drivers/usart/usart.o
                0x80005b80                usart_reset
 .text.usart_init_rs232
                0x80005bac       0xcc src/ASF/avr32/drivers/usart/usart.o
                0x80005bac                usart_init_rs232
 .text._stext   0x80005c78       0x40 src/ASF/avr32/utils/startup/startup_uc3.o
                                 0x50 (size before relaxing)
                0x80005c78                _stext
 .text.vListInitialise
                0x80005cb8       0x14 src/ASF/thirdparty/freertos/freertos-7.0.0/source/list.o
                0x80005cb8                vListInitialise
 .text.vListInitialiseItem
                0x80005ccc        0x6 src/ASF/thirdparty/freertos/freertos-7.0.0/source/list.o
                0x80005ccc                vListInitialiseItem
 .text.vListInsertEnd
                0x80005cd2       0x1c src/ASF/thirdparty/freertos/freertos-7.0.0/source/list.o
                0x80005cd2                vListInsertEnd
 .text.vListInsert
                0x80005cee       0x34 src/ASF/thirdparty/freertos/freertos-7.0.0/source/list.o
                0x80005cee                vListInsert
 .text.vListRemove
                0x80005d22       0x26 src/ASF/thirdparty/freertos/freertos-7.0.0/source/list.o
                0x80005d22                vListRemove
 .text.pxPortInitialiseStack
                0x80005d48       0x92 src/ASF/thirdparty/freertos/freertos-7.0.0/source/portable/gcc/avr32_uc3/port.o
                0x80005d48                pxPortInitialiseStack
 *fill*         0x80005dda        0x2 d703d703
 .text.vPortEnterCritical
                0x80005ddc       0x10 src/ASF/thirdparty/freertos/freertos-7.0.0/source/portable/gcc/avr32_uc3/port.o
                0x80005ddc                vPortEnterCritical
 .text.xPortStartScheduler
                0x80005dec       0x58 src/ASF/thirdparty/freertos/freertos-7.0.0/source/portable/gcc/avr32_uc3/port.o
                0x80005dec                xPortStartScheduler
 .text.SCALLYield
                0x80005e44       0x98 src/ASF/thirdparty/freertos/freertos-7.0.0/source/portable/gcc/avr32_uc3/port.o
                0x80005e44                SCALLYield
 .text.prvClearCcInt
                0x80005edc        0xa src/ASF/thirdparty/freertos/freertos-7.0.0/source/portable/gcc/avr32_uc3/port.o
 *fill*         0x80005ee6        0x2 d703d703
 .text.vPortExitCritical
                0x80005ee8       0x20 src/ASF/thirdparty/freertos/freertos-7.0.0/source/portable/gcc/avr32_uc3/port.o
                0x80005ee8                vPortExitCritical
 .text.vTick    0x80005f08       0x84 src/ASF/thirdparty/freertos/freertos-7.0.0/source/portable/gcc/avr32_uc3/port.o
 .text.__malloc_lock
                0x80005f8c        0xc src/ASF/thirdparty/freertos/freertos-7.0.0/source/portable/gcc/avr32_uc3/port.o
                0x80005f8c                __malloc_lock
 .text.__malloc_unlock
                0x80005f98        0xc src/ASF/thirdparty/freertos/freertos-7.0.0/source/portable/gcc/avr32_uc3/port.o
                0x80005f98                __malloc_unlock
 .text._read    0x80005fa4       0x40 src/ASF/thirdparty/freertos/freertos-7.0.0/source/portable/gcc/avr32_uc3/read.o
                0x80005fa4                _read
 .text._write   0x80005fe4       0x3c src/ASF/thirdparty/freertos/freertos-7.0.0/source/portable/gcc/avr32_uc3/write.o
                0x80005fe4                _write
 .text.vPortFree
                0x80006020       0x28 src/ASF/thirdparty/freertos/freertos-7.0.0/source/portable/memmang/heap_3.o
                0x80006020                vPortFree
 .text.pvPortMalloc
                0x80006048       0x28 src/ASF/thirdparty/freertos/freertos-7.0.0/source/portable/memmang/heap_3.o
                0x80006048                pvPortMalloc
 .text.prvCopyDataFromQueue
                0x80006070       0x30 src/ASF/thirdparty/freertos/freertos-7.0.0/source/queue.o
 .text.xQueueReceiveFromISR
                0x800060a0       0x50 src/ASF/thirdparty/freertos/freertos-7.0.0/source/queue.o
                0x800060a0                xQueueReceiveFromISR
 .text.prvUnlockQueue
                0x800060f0       0xa0 src/ASF/thirdparty/freertos/freertos-7.0.0/source/queue.o
 .text.xQueueGenericReceive
                0x80006190      0x144 src/ASF/thirdparty/freertos/freertos-7.0.0/source/queue.o
                0x80006190                xQueueGenericReceive
 .text.prvCopyDataToQueue
                0x800062d4       0x78 src/ASF/thirdparty/freertos/freertos-7.0.0/source/queue.o
 .text.xQueueGenericSendFromISR
                0x8000634c       0x50 src/ASF/thirdparty/freertos/freertos-7.0.0/source/queue.o
                0x8000634c                xQueueGenericSendFromISR
 .text.xQueueGenericSend
                0x8000639c      0x100 src/ASF/thirdparty/freertos/freertos-7.0.0/source/queue.o
                0x8000639c                xQueueGenericSend
 .text.xQueueCreateMutex
                0x8000649c       0x58 src/ASF/thirdparty/freertos/freertos-7.0.0/source/queue.o
                0x8000649c                xQueueCreateMutex
 .text.xQueueCreate
                0x800064f4       0x74 src/ASF/thirdparty/freertos/freertos-7.0.0/source/queue.o
                0x800064f4                xQueueCreate
 .text.vTaskSuspendAll
                0x80006568       0x10 src/ASF/thirdparty/freertos/freertos-7.0.0/source/tasks.o
                0x80006568                vTaskSuspendAll
 .text.vTaskSwitchContext
                0x80006578       0x7c src/ASF/thirdparty/freertos/freertos-7.0.0/source/tasks.o
                0x80006578                vTaskSwitchContext
 .text.vTaskSetTimeOutState
                0x800065f4       0x18 src/ASF/thirdparty/freertos/freertos-7.0.0/source/tasks.o
                0x800065f4                vTaskSetTimeOutState
 .text.vTaskMissedYield
                0x8000660c        0xc src/ASF/thirdparty/freertos/freertos-7.0.0/source/tasks.o
                0x8000660c                vTaskMissedYield
 .text.xTaskGetCurrentTaskHandle
                0x80006618        0xc src/ASF/thirdparty/freertos/freertos-7.0.0/source/tasks.o
                0x80006618                xTaskGetCurrentTaskHandle
 .text.vTaskPriorityDisinherit
                0x80006624       0x58 src/ASF/thirdparty/freertos/freertos-7.0.0/source/tasks.o
                0x80006624                vTaskPriorityDisinherit
 .text.vTaskPriorityInherit
                0x8000667c       0x84 src/ASF/thirdparty/freertos/freertos-7.0.0/source/tasks.o
                0x8000667c                vTaskPriorityInherit
 .text.xTaskRemoveFromEventList
                0x80006700       0x7c src/ASF/thirdparty/freertos/freertos-7.0.0/source/tasks.o
                0x80006700                xTaskRemoveFromEventList
 .text.vTaskIncrementTick
                0x8000677c      0x114 src/ASF/thirdparty/freertos/freertos-7.0.0/source/tasks.o
                0x8000677c                vTaskIncrementTick
 .text.xTaskCheckForTimeOut
                0x80006890       0x70 src/ASF/thirdparty/freertos/freertos-7.0.0/source/tasks.o
                0x80006890                xTaskCheckForTimeOut
 .text.xTaskGetTickCount
                0x80006900       0x24 src/ASF/thirdparty/freertos/freertos-7.0.0/source/tasks.o
                0x80006900                xTaskGetTickCount
 .text.xTaskResumeAll
                0x80006924       0xe8 src/ASF/thirdparty/freertos/freertos-7.0.0/source/tasks.o
                0x80006924                xTaskResumeAll
 .text.prvAddCurrentTaskToDelayedList
                0x80006a0c       0x5c src/ASF/thirdparty/freertos/freertos-7.0.0/source/tasks.o
 .text.vTaskDelay
                0x80006a68       0x48 src/ASF/thirdparty/freertos/freertos-7.0.0/source/tasks.o
                0x80006a68                vTaskDelay
 .text.vTaskDelayUntil
                0x80006ab0       0x80 src/ASF/thirdparty/freertos/freertos-7.0.0/source/tasks.o
                0x80006ab0                vTaskDelayUntil
 .text.vTaskPlaceOnEventList
                0x80006b30       0x58 src/ASF/thirdparty/freertos/freertos-7.0.0/source/tasks.o
                0x80006b30                vTaskPlaceOnEventList
 .text.prvIdleTask
                0x80006b88       0x88 src/ASF/thirdparty/freertos/freertos-7.0.0/source/tasks.o
 .text.xTaskGenericCreate
                0x80006c10      0x1e8 src/ASF/thirdparty/freertos/freertos-7.0.0/source/tasks.o
                0x80006c10                xTaskGenericCreate
 .text.vTaskStartScheduler
                0x80006df8       0x4c src/ASF/thirdparty/freertos/freertos-7.0.0/source/tasks.o
                0x80006df8                vTaskStartScheduler
 .text.PrintChar
                0x80006e44        0x4 src/Log/log.o
                0x80006e44                PrintChar
 .text.PrintHex
                0x80006e48       0xb2 src/Log/log.o
                0x80006e48                PrintHex
 .text.PrintDec
                0x80006efa       0xda src/Log/log.o
                0x80006efa                PrintDec
 .text.log      0x80006fd4      0x18c src/Log/log.o
                0x80006fd4                log
 .text.logFromISR
                0x80007160      0x180 src/Log/log.o
                0x80007160                logFromISR
 .text.log_init
                0x800072e0       0x64 src/Log/log.o
                0x800072e0                log_init
 .text.task_log
                0x80007344       0x44 src/Log/log.o
 .text.main     0x80007388       0x78 src/main.o
                0x80007388                main
 .text.free     0x80007400       0x10 e:/program x86/atmel/studio/7.0/toolchain/avr32/avr32-gnu-toolchain/bin/../lib/gcc/avr32/4.4.7/../../../../avr32/lib/ucr2\libc.a(lib_a-malloc.o)
                                 0x18 (size before relaxing)
                0x80007400                free
 .text.malloc   0x80007410       0x10 e:/program x86/atmel/studio/7.0/toolchain/avr32/avr32-gnu-toolchain/bin/../lib/gcc/avr32/4.4.7/../../../../avr32/lib/ucr2\libc.a(lib_a-malloc.o)
                                 0x18 (size before relaxing)
                0x80007410                malloc
 .text._malloc_r
                0x80007420      0x438 e:/program x86/atmel/studio/7.0/toolchain/avr32/avr32-gnu-toolchain/bin/../lib/gcc/avr32/4.4.7/../../../../avr32/lib/ucr2\libc.a(lib_a-mallocr.o)
                                0x450 (size before relaxing)
                0x80007420                _malloc_r
 .text          0x80007858      0x148 e:/program x86/atmel/studio/7.0/toolchain/avr32/avr32-gnu-toolchain/bin/../lib/gcc/avr32/4.4.7/../../../../avr32/lib/ucr2\libc.a(lib_a-memcpy.o)
                0x80007858                memcpy
 .text.memset   0x800079a0        0xe e:/program x86/atmel/studio/7.0/toolchain/avr32/avr32-gnu-toolchain/bin/../lib/gcc/avr32/4.4.7/../../../../avr32/lib/ucr2\libc.a(lib_a-memset.o)
                0x800079a0                memset
 *fill*         0x800079ae        0x2 d703d703
 .text._realloc_r
                0x800079b0      0x2c0 e:/program x86/atmel/studio/7.0/toolchain/avr32/avr32-gnu-toolchain/bin/../lib/gcc/avr32/4.4.7/../../../../avr32/lib/ucr2\libc.a(lib_a-reallocr.o)
                                0x2e0 (size before relaxing)
                0x800079b0                _realloc_r
 .text._sbrk_r  0x80007c70       0x20 e:/program x86/atmel/studio/7.0/toolchain/avr32/avr32-gnu-toolchain/bin/../lib/gcc/avr32/4.4.7/../../../../avr32/lib/ucr2\libc.a(lib_a-sbrkr.o)
                                 0x28 (size before relaxing)
                0x80007c70                _sbrk_r
 .text.sprintf  0x80007c90       0x3c e:/program x86/atmel/studio/7.0/toolchain/avr32/avr32-gnu-toolchain/bin/../lib/gcc/avr32/4.4.7/../../../../avr32/lib/ucr2\libc.a(lib_a-sprintf.o)
                                 0x40 (size before relaxing)
                0x80007c90                sprintf
 .text          0x80007ccc       0x20 e:/program x86/atmel/studio/7.0/toolchain/avr32/avr32-gnu-toolchain/bin/../lib/gcc/avr32/4.4.7/../../../../avr32/lib/ucr2\libc.a(lib_a-strncpy.o)
                0x80007ccc                strncpy
 .text._close   0x80007cec       0x14 e:/program x86/atmel/studio/7.0/toolchain/avr32/avr32-gnu-toolchain/bin/../lib/gcc/avr32/4.4.7/../../../../avr32/lib/ucr2\libc.a(lib_a-syscalls.o)
                                 0x18 (size before relaxing)
                0x80007cec                _close
 .text._lseek   0x80007d00       0x14 e:/program x86/atmel/studio/7.0/toolchain/avr32/avr32-gnu-toolchain/bin/../lib/gcc/avr32/4.4.7/../../../../avr32/lib/ucr2\libc.a(lib_a-syscalls.o)
                                 0x18 (size before relaxing)
                0x80007d00                _lseek
 .text.isatty   0x80007d14       0x14 e:/program x86/atmel/studio/7.0/toolchain/avr32/avr32-gnu-toolchain/bin/../lib/gcc/avr32/4.4.7/../../../../avr32/lib/ucr2\libc.a(lib_a-syscalls.o)
                                 0x18 (size before relaxing)
                0x80007d14                isatty
 .text._fstat_host
                0x80007d28       0x14 e:/program x86/atmel/studio/7.0/toolchain/avr32/avr32-gnu-toolchain/bin/../lib/gcc/avr32/4.4.7/../../../../avr32/lib/ucr2\libc.a(lib_a-syscalls.o)
                                 0x18 (size before relaxing)
                0x80007d28                _fstat_host
 .text._fstat   0x80007d3c       0x4c e:/program x86/atmel/studio/7.0/toolchain/avr32/avr32-gnu-toolchain/bin/../lib/gcc/avr32/4.4.7/../../../../avr32/lib/ucr2\libc.a(lib_a-syscalls.o)
                                 0x50 (size before relaxing)
                0x80007d3c                _fstat
 .text._sbrk    0x80007d88       0x38 e:/program x86/atmel/studio/7.0/toolchain/avr32/avr32-gnu-toolchain/bin/../lib/gcc/avr32/4.4.7/../../../../avr32/lib/ucr2\libc.a(lib_a-syscalls.o)
                                 0x40 (size before relaxing)
                0x80007d88                _sbrk
 .text.get_arg  0x80007dc0      0x314 e:/program x86/atmel/studio/7.0/toolchain/avr32/avr32-gnu-toolchain/bin/../lib/gcc/avr32/4.4.7/../../../../avr32/lib/ucr2\libc.a(lib_a-vfprintf.o)
                                0x324 (size before relaxing)
 .text.__sprint_r
                0x800080d4       0x1c e:/program x86/atmel/studio/7.0/toolchain/avr32/avr32-gnu-toolchain/bin/../lib/gcc/avr32/4.4.7/../../../../avr32/lib/ucr2\libc.a(lib_a-vfprintf.o)
                                 0x20 (size before relaxing)
 .text._vfprintf_r
                0x800080f0     0x1f14 e:/program x86/atmel/studio/7.0/toolchain/avr32/avr32-gnu-toolchain/bin/../lib/gcc/avr32/4.4.7/../../../../avr32/lib/ucr2\libc.a(lib_a-vfprintf.o)
                               0x1f9c (size before relaxing)
                0x800080f0                _vfprintf_r
 .text.__swsetup_r
                0x8000a004       0xdc e:/program x86/atmel/studio/7.0/toolchain/avr32/avr32-gnu-toolchain/bin/../lib/gcc/avr32/4.4.7/../../../../avr32/lib/ucr2\libc.a(lib_a-wsetup.o)
                                 0xe8 (size before relaxing)
                0x8000a004                __swsetup_r
 .text.quorem   0x8000a0e0      0x120 e:/program x86/atmel/studio/7.0/toolchain/avr32/avr32-gnu-toolchain/bin/../lib/gcc/avr32/4.4.7/../../../../avr32/lib/ucr2\libc.a(lib_a-dtoa.o)
                                0x124 (size before relaxing)
 .text._dtoa_r  0x8000a200      0xbdc e:/program x86/atmel/studio/7.0/toolchain/avr32/avr32-gnu-toolchain/bin/../lib/gcc/avr32/4.4.7/../../../../avr32/lib/ucr2\libc.a(lib_a-dtoa.o)
                                0xc90 (size before relaxing)
                0x8000a200                _dtoa_r
 .text.__errno  0x8000addc        0xc e:/program x86/atmel/studio/7.0/toolchain/avr32/avr32-gnu-toolchain/bin/../lib/gcc/avr32/4.4.7/../../../../avr32/lib/ucr2\libc.a(lib_a-errno.o)
                0x8000addc                __errno
 .text._fflush_r
                0x8000ade8      0x10c e:/program x86/atmel/studio/7.0/toolchain/avr32/avr32-gnu-toolchain/bin/../lib/gcc/avr32/4.4.7/../../../../avr32/lib/ucr2\libc.a(lib_a-fflush.o)
                                0x118 (size before relaxing)
                0x8000ade8                _fflush_r
 .text.__sfp_lock_acquire
                0x8000aef4        0x2 e:/program x86/atmel/studio/7.0/toolchain/avr32/avr32-gnu-toolchain/bin/../lib/gcc/avr32/4.4.7/../../../../avr32/lib/ucr2\libc.a(lib_a-findfp.o)
                0x8000aef4                __sfp_lock_acquire
 .text.__sfp_lock_release
                0x8000aef6        0x2 e:/program x86/atmel/studio/7.0/toolchain/avr32/avr32-gnu-toolchain/bin/../lib/gcc/avr32/4.4.7/../../../../avr32/lib/ucr2\libc.a(lib_a-findfp.o)
                0x8000aef6                __sfp_lock_release
 .text._cleanup_r
                0x8000aef8        0xc e:/program x86/atmel/studio/7.0/toolchain/avr32/avr32-gnu-toolchain/bin/../lib/gcc/avr32/4.4.7/../../../../avr32/lib/ucr2\libc.a(lib_a-findfp.o)
                                 0x14 (size before relaxing)
                0x8000aef8                _cleanup_r
 .text.__sfmoreglue
                0x8000af04       0x28 e:/program x86/atmel/studio/7.0/toolchain/avr32/avr32-gnu-toolchain/bin/../lib/gcc/avr32/4.4.7/../../../../avr32/lib/ucr2\libc.a(lib_a-findfp.o)
                                 0x30 (size before relaxing)
                0x8000af04                __sfmoreglue
 .text.__sfp    0x8000af2c       0x6c e:/program x86/atmel/studio/7.0/toolchain/avr32/avr32-gnu-toolchain/bin/../lib/gcc/avr32/4.4.7/../../../../avr32/lib/ucr2\libc.a(lib_a-findfp.o)
                                 0x7c (size before relaxing)
                0x8000af2c                __sfp
 .text.__sinit  0x8000af98       0x9c e:/program x86/atmel/studio/7.0/toolchain/avr32/avr32-gnu-toolchain/bin/../lib/gcc/avr32/4.4.7/../../../../avr32/lib/ucr2\libc.a(lib_a-findfp.o)
                                 0xb0 (size before relaxing)
                0x8000af98                __sinit
 .text._malloc_trim_r
                0x8000b034       0x98 e:/program x86/atmel/studio/7.0/toolchain/avr32/avr32-gnu-toolchain/bin/../lib/gcc/avr32/4.4.7/../../../../avr32/lib/ucr2\libc.a(lib_a-freer.o)
                                 0xa8 (size before relaxing)
                0x8000b034                _malloc_trim_r
 .text._free_r  0x8000b0cc      0x18c e:/program x86/atmel/studio/7.0/toolchain/avr32/avr32-gnu-toolchain/bin/../lib/gcc/avr32/4.4.7/../../../../avr32/lib/ucr2\libc.a(lib_a-freer.o)
                                0x1a0 (size before relaxing)
                0x8000b0cc                _free_r
 .text.__sfvwrite_r
                0x8000b258      0x294 e:/program x86/atmel/studio/7.0/toolchain/avr32/avr32-gnu-toolchain/bin/../lib/gcc/avr32/4.4.7/../../../../avr32/lib/ucr2\libc.a(lib_a-fvwrite.o)
                                0x2c4 (size before relaxing)
                0x8000b258                __sfvwrite_r
 .text._fwalk   0x8000b4ec       0x4c e:/program x86/atmel/studio/7.0/toolchain/avr32/avr32-gnu-toolchain/bin/../lib/gcc/avr32/4.4.7/../../../../avr32/lib/ucr2\libc.a(lib_a-fwalk.o)
                                 0x54 (size before relaxing)
                0x8000b4ec                _fwalk
 .text._localeconv_r
                0x8000b538        0x8 e:/program x86/atmel/studio/7.0/toolchain/avr32/avr32-gnu-toolchain/bin/../lib/gcc/avr32/4.4.7/../../../../avr32/lib/ucr2\libc.a(lib_a-locale.o)
                0x8000b538                _localeconv_r
 .text.__smakebuf_r
                0x8000b540       0xbc e:/program x86/atmel/studio/7.0/toolchain/avr32/avr32-gnu-toolchain/bin/../lib/gcc/avr32/4.4.7/../../../../avr32/lib/ucr2\libc.a(lib_a-makebuf.o)
                                 0xcc (size before relaxing)
                0x8000b540                __smakebuf_r
 .text.memchr   0x8000b5fc       0x16 e:/program x86/atmel/studio/7.0/toolchain/avr32/avr32-gnu-toolchain/bin/../lib/gcc/avr32/4.4.7/../../../../avr32/lib/ucr2\libc.a(lib_a-memchr.o)
                0x8000b5fc                memchr
 .text.memmove  0x8000b612       0x3e e:/program x86/atmel/studio/7.0/toolchain/avr32/avr32-gnu-toolchain/bin/../lib/gcc/avr32/4.4.7/../../../../avr32/lib/ucr2\libc.a(lib_a-memmove.o)
                0x8000b612                memmove
 .text.__hi0bits
                0x8000b650       0x60 e:/program x86/atmel/studio/7.0/toolchain/avr32/avr32-gnu-toolchain/bin/../lib/gcc/avr32/4.4.7/../../../../avr32/lib/ucr2\libc.a(lib_a-mprec.o)
                0x8000b650                __hi0bits
 .text.__lo0bits
                0x8000b6b0       0x8e e:/program x86/atmel/studio/7.0/toolchain/avr32/avr32-gnu-toolchain/bin/../lib/gcc/avr32/4.4.7/../../../../avr32/lib/ucr2\libc.a(lib_a-mprec.o)
                0x8000b6b0                __lo0bits
 .text.__mcmp   0x8000b73e       0x32 e:/program x86/atmel/studio/7.0/toolchain/avr32/avr32-gnu-toolchain/bin/../lib/gcc/avr32/4.4.7/../../../../avr32/lib/ucr2\libc.a(lib_a-mprec.o)
                0x8000b73e                __mcmp
 .text._Bfree   0x8000b770       0x34 e:/program x86/atmel/studio/7.0/toolchain/avr32/avr32-gnu-toolchain/bin/../lib/gcc/avr32/4.4.7/../../../../avr32/lib/ucr2\libc.a(lib_a-mprec.o)
                                 0x38 (size before relaxing)
                0x8000b770                _Bfree
 .text._Balloc  0x8000b7a4       0x70 e:/program x86/atmel/studio/7.0/toolchain/avr32/avr32-gnu-toolchain/bin/../lib/gcc/avr32/4.4.7/../../../../avr32/lib/ucr2\libc.a(lib_a-mprec.o)
                                 0x78 (size before relaxing)
                0x8000b7a4                _Balloc
 .text.__d2b    0x8000b814       0xa0 e:/program x86/atmel/studio/7.0/toolchain/avr32/avr32-gnu-toolchain/bin/../lib/gcc/avr32/4.4.7/../../../../avr32/lib/ucr2\libc.a(lib_a-mprec.o)
                                 0xb4 (size before relaxing)
                0x8000b814                __d2b
 .text.__mdiff  0x8000b8b4       0xd0 e:/program x86/atmel/studio/7.0/toolchain/avr32/avr32-gnu-toolchain/bin/../lib/gcc/avr32/4.4.7/../../../../avr32/lib/ucr2\libc.a(lib_a-mprec.o)
                                 0xd8 (size before relaxing)
                0x8000b8b4                __mdiff
 .text.__lshift
                0x8000b984       0x88 e:/program x86/atmel/studio/7.0/toolchain/avr32/avr32-gnu-toolchain/bin/../lib/gcc/avr32/4.4.7/../../../../avr32/lib/ucr2\libc.a(lib_a-mprec.o)
                                 0x94 (size before relaxing)
                0x8000b984                __lshift
 .text.__multiply
                0x8000ba0c      0x100 e:/program x86/atmel/studio/7.0/toolchain/avr32/avr32-gnu-toolchain/bin/../lib/gcc/avr32/4.4.7/../../../../avr32/lib/ucr2\libc.a(lib_a-mprec.o)
                                0x108 (size before relaxing)
                0x8000ba0c                __multiply
 .text.__i2b    0x8000bb0c       0x10 e:/program x86/atmel/studio/7.0/toolchain/avr32/avr32-gnu-toolchain/bin/../lib/gcc/avr32/4.4.7/../../../../avr32/lib/ucr2\libc.a(lib_a-mprec.o)
                                 0x18 (size before relaxing)
                0x8000bb0c                __i2b
 .text.__multadd
                0x8000bb1c       0x7c e:/program x86/atmel/studio/7.0/toolchain/avr32/avr32-gnu-toolchain/bin/../lib/gcc/avr32/4.4.7/../../../../avr32/lib/ucr2\libc.a(lib_a-mprec.o)
                                 0x88 (size before relaxing)
                0x8000bb1c                __multadd
 .text.__pow5mult
                0x8000bb98       0x8c e:/program x86/atmel/studio/7.0/toolchain/avr32/avr32-gnu-toolchain/bin/../lib/gcc/avr32/4.4.7/../../../../avr32/lib/ucr2\libc.a(lib_a-mprec.o)
                                 0xac (size before relaxing)
                0x8000bb98                __pow5mult
 .text.__isinfd
                0x8000bc24       0x2a e:/program x86/atmel/studio/7.0/toolchain/avr32/avr32-gnu-toolchain/bin/../lib/gcc/avr32/4.4.7/../../../../avr32/lib/ucr2\libc.a(lib_a-s_isinfd.o)
                0x8000bc24                __isinfd
 .text.__isnand
                0x8000bc4e       0x1c e:/program x86/atmel/studio/7.0/toolchain/avr32/avr32-gnu-toolchain/bin/../lib/gcc/avr32/4.4.7/../../../../avr32/lib/ucr2\libc.a(lib_a-s_isnand.o)
                0x8000bc4e                __isnand
 *fill*         0x8000bc6a        0x2 d703d703
 .text.__sclose
                0x8000bc6c        0x8 e:/program x86/atmel/studio/7.0/toolchain/avr32/avr32-gnu-toolchain/bin/../lib/gcc/avr32/4.4.7/../../../../avr32/lib/ucr2\libc.a(lib_a-stdio.o)
                                 0x10 (size before relaxing)
                0x8000bc6c                __sclose
 .text.__sseek  0x8000bc74       0x20 e:/program x86/atmel/studio/7.0/toolchain/avr32/avr32-gnu-toolchain/bin/../lib/gcc/avr32/4.4.7/../../../../avr32/lib/ucr2\libc.a(lib_a-stdio.o)
                                 0x28 (size before relaxing)
                0x8000bc74                __sseek
 .text.__swrite
                0x8000bc94       0x2c e:/program x86/atmel/studio/7.0/toolchain/avr32/avr32-gnu-toolchain/bin/../lib/gcc/avr32/4.4.7/../../../../avr32/lib/ucr2\libc.a(lib_a-stdio.o)
                                 0x38 (size before relaxing)
                0x8000bc94                __swrite
 .text.__sread  0x8000bcc0       0x1c e:/program x86/atmel/studio/7.0/toolchain/avr32/avr32-gnu-toolchain/bin/../lib/gcc/avr32/4.4.7/../../../../avr32/lib/ucr2\libc.a(lib_a-stdio.o)
                                 0x24 (size before relaxing)
                0x8000bcc0                __sread
 .text.strlen   0x8000bcdc       0x16 e:/program x86/atmel/studio/7.0/toolchain/avr32/avr32-gnu-toolchain/bin/../lib/gcc/avr32/4.4.7/../../../../avr32/lib/ucr2\libc.a(lib_a-strlen.o)
                0x8000bcdc                strlen
 *fill*         0x8000bcf2        0x2 d703d703
 .text._write_r
                0x8000bcf4       0x28 e:/program x86/atmel/studio/7.0/toolchain/avr32/avr32-gnu-toolchain/bin/../lib/gcc/avr32/4.4.7/../../../../avr32/lib/ucr2\libc.a(lib_a-writer.o)
                                 0x2c (size before relaxing)
                0x8000bcf4                _write_r
 .text._calloc_r
                0x8000bd1c       0x58 e:/program x86/atmel/studio/7.0/toolchain/avr32/avr32-gnu-toolchain/bin/../lib/gcc/avr32/4.4.7/../../../../avr32/lib/ucr2\libc.a(lib_a-callocr.o)
                                 0x60 (size before relaxing)
                0x8000bd1c                _calloc_r
 .text._close_r
                0x8000bd74       0x20 e:/program x86/atmel/studio/7.0/toolchain/avr32/avr32-gnu-toolchain/bin/../lib/gcc/avr32/4.4.7/../../../../avr32/lib/ucr2\libc.a(lib_a-closer.o)
                                 0x28 (size before relaxing)
                0x8000bd74                _close_r
 .text._fclose_r
                0x8000bd94       0xb8 e:/program x86/atmel/studio/7.0/toolchain/avr32/avr32-gnu-toolchain/bin/../lib/gcc/avr32/4.4.7/../../../../avr32/lib/ucr2\libc.a(lib_a-fclose.o)
                                 0xd0 (size before relaxing)
                0x8000bd94                _fclose_r
 .text.fclose   0x8000be4c       0x10 e:/program x86/atmel/studio/7.0/toolchain/avr32/avr32-gnu-toolchain/bin/../lib/gcc/avr32/4.4.7/../../../../avr32/lib/ucr2\libc.a(lib_a-fclose.o)
                                 0x18 (size before relaxing)
                0x8000be4c                fclose
 .text._fstat_r
                0x8000be5c       0x24 e:/program x86/atmel/studio/7.0/toolchain/avr32/avr32-gnu-toolchain/bin/../lib/gcc/avr32/4.4.7/../../../../avr32/lib/ucr2\libc.a(lib_a-fstatr.o)
                                 0x2c (size before relaxing)
                0x8000be5c                _fstat_r
 .text._lseek_r
                0x8000be80       0x28 e:/program x86/atmel/studio/7.0/toolchain/avr32/avr32-gnu-toolchain/bin/../lib/gcc/avr32/4.4.7/../../../../avr32/lib/ucr2\libc.a(lib_a-lseekr.o)
                                 0x2c (size before relaxing)
                0x8000be80                _lseek_r
 .text._read_r  0x8000bea8       0x28 e:/program x86/atmel/studio/7.0/toolchain/avr32/avr32-gnu-toolchain/bin/../lib/gcc/avr32/4.4.7/../../../../avr32/lib/ucr2\libc.a(lib_a-readr.o)
                                 0x2c (size before relaxing)
                0x8000bea8                _read_r
 .text          0x8000bed0      0x1d4 e:/program x86/atmel/studio/7.0/toolchain/avr32/avr32-gnu-toolchain/bin/../lib/gcc/avr32/4.4.7/ucr2\libgcc.a(_avr32_f64_mul.o)
                0x8000bed0                __avr32_f64_mul
 .text          0x8000c0a4      0x2b0 e:/program x86/atmel/studio/7.0/toolchain/avr32/avr32-gnu-toolchain/bin/../lib/gcc/avr32/4.4.7/ucr2\libgcc.a(_avr32_f64_addsub.o)
                0x8000c0a8                __avr32_f64_sub
                0x8000c244                __avr32_f64_add
 .text          0x8000c354       0x2a e:/program x86/atmel/studio/7.0/toolchain/avr32/avr32-gnu-toolchain/bin/../lib/gcc/avr32/4.4.7/ucr2\libgcc.a(_avr32_f64_to_s32.o)
                0x8000c354                __avr32_f64_to_u32
                0x8000c358                __avr32_f64_to_s32
 .text          0x8000c37e       0xe8 e:/program x86/atmel/studio/7.0/toolchain/avr32/avr32-gnu-toolchain/bin/../lib/gcc/avr32/4.4.7/ucr2\libgcc.a(_avr32_s32_to_f64.o)
                0x8000c37e                __avr32_u32_to_f64
                0x8000c386                __avr32_s32_to_f64
 .text          0x8000c466       0x26 e:/program x86/atmel/studio/7.0/toolchain/avr32/avr32-gnu-toolchain/bin/../lib/gcc/avr32/4.4.7/ucr2\libgcc.a(_avr32_f64_cmp_eq.o)
                0x8000c466                __avr32_f64_cmp_eq
 .text          0x8000c48c       0x68 e:/program x86/atmel/studio/7.0/toolchain/avr32/avr32-gnu-toolchain/bin/../lib/gcc/avr32/4.4.7/ucr2\libgcc.a(_avr32_f64_cmp_ge.o)
                0x8000c48c                __avr32_f64_cmp_ge
 .text          0x8000c4f4       0x68 e:/program x86/atmel/studio/7.0/toolchain/avr32/avr32-gnu-toolchain/bin/../lib/gcc/avr32/4.4.7/ucr2\libgcc.a(_avr32_f64_cmp_lt.o)
                0x8000c4f4                __avr32_f64_cmp_lt
 .text          0x8000c55c      0x318 e:/program x86/atmel/studio/7.0/toolchain/avr32/avr32-gnu-toolchain/bin/../lib/gcc/avr32/4.4.7/ucr2\libgcc.a(_avr32_f64_div.o)
                0x8000c55c                __avr32_f64_div
 .text          0x8000c874      0x264 e:/program x86/atmel/studio/7.0/toolchain/avr32/avr32-gnu-toolchain/bin/../lib/gcc/avr32/4.4.7/ucr2\libgcc.a(_udivdi3.o)
                0x8000c874                __avr32_udiv64
                0x8000c874                __udivdi3
 .text          0x8000cad8      0x20c e:/program x86/atmel/studio/7.0/toolchain/avr32/avr32-gnu-toolchain/bin/../lib/gcc/avr32/4.4.7/ucr2\libgcc.a(_umoddi3.o)
                0x8000cad8                __avr32_umod64
                0x8000cad8                __umoddi3
 *(.text.*personality*)
 *(.gnu.warning)

.exception      0x8000ce00      0x200
 .exception     0x8000ce00      0x200 src/ASF/thirdparty/freertos/freertos-7.0.0/source/portable/gcc/avr32_uc3/exception.o
                0x8000ce00                _evba
                0x8000cf04                _int0
                0x8000cf12                _int1
                0x8000cf20                _int2
                0x8000cf2e                _int3
                0x8000cf3c                ipr_val

.fini
 *(.fini)
                0x8000d000                PROVIDE (__etext, .)
                0x8000d000                PROVIDE (_etext, .)
                0x8000d000                PROVIDE (etext, .)

.rodata         0x8000d000     0x127c
 *(.rodata .rodata.* .gnu.linkonce.r.*)
 .rodata.str1.4
                0x8000d000      0x6fd src/Application/app/app.o
                                0x700 (size before relaxing)
 *fill*         0x8000d6fd        0x3 
 .rodata.str1.4
                0x8000d700       0x1d src/Application/myrtc/xgrtc.o
                                 0x20 (size before relaxing)
 *fill*         0x8000d71d        0x3 
 .rodata.CSWTCH.36
                0x8000d720       0x48 src/Application/radio/ambe.o
 .rodata.str1.4
                0x8000d768       0x44 src/Application/radio/physical.o
 .rodata.str1.4
                0x8000d7ac        0x8 src/Application/radio/xcmp.o
 .rodata.str1.4
                0x8000d7b4        0xf src/Application/radio/xnl.o
                                 0x10 (size before relaxing)
 *fill*         0x8000d7c3        0x1 
 .rodata.C.67.11219
                0x8000d7c4       0x10 src/Application/RFID/MFRC522/rc522.o
 .rodata.CSWTCH.90
                0x8000d7d4        0x4 src/Application/RFID/MFRC522/rc522.o
 .rodata.CSWTCH.91
                0x8000d7d8        0x4 src/Application/RFID/MFRC522/rc522.o
 .rodata.RC522_SPI_GPIO_MAP.11217
                0x8000d7dc       0x20 src/Application/RFID/MFRC522/rc522.o
 .rodata.str1.4
                0x8000d7fc       0x85 src/Application/RFID/RFID.o
                                 0x88 (size before relaxing)
 *fill*         0x8000d881        0x3 
 .rodata.TC_GPIO_MAP.11090
                0x8000d884       0x18 src/Application/timers/timer.o
 .rodata.str1.4
                0x8000d89c       0xae src/Application/xgflash/xgflash.o
                                 0xb0 (size before relaxing)
 *fill*         0x8000d94a        0x2 
 .rodata._int_handler_table
                0x8000d94c       0x98 src/ASF/avr32/drivers/intc/intc.o
 .rodata.str1.4
                0x8000d9e4        0x5 src/ASF/thirdparty/freertos/freertos-7.0.0/source/tasks.o
                                  0x8 (size before relaxing)
 *fill*         0x8000d9e9        0x3 
 .rodata.log    0x8000d9ec      0x150 src/Log/log.o
 .rodata.logFromISR
                0x8000db3c      0x150 src/Log/log.o
 .rodata.USART_OPTIONS.11278
                0x8000dc8c        0xc src/Log/log.o
 .rodata.str1.4
                0x8000dc98       0x3c src/Log/log.o
 .rodata.USART_GPIO_MAP.11277
                0x8000dcd4       0x10 src/Log/log.o
 .rodata.str1.4
                0x8000dce4       0x14 src/main.o
 .rodata.get_arg
                0x8000dcf8       0x3c e:/program x86/atmel/studio/7.0/toolchain/avr32/avr32-gnu-toolchain/bin/../lib/gcc/avr32/4.4.7/../../../../avr32/lib/ucr2\libc.a(lib_a-vfprintf.o)
 .rodata._vfprintf_r
                0x8000dd34      0x164 e:/program x86/atmel/studio/7.0/toolchain/avr32/avr32-gnu-toolchain/bin/../lib/gcc/avr32/4.4.7/../../../../avr32/lib/ucr2\libc.a(lib_a-vfprintf.o)
 .rodata.state_table
                0x8000de98       0x6c e:/program x86/atmel/studio/7.0/toolchain/avr32/avr32-gnu-toolchain/bin/../lib/gcc/avr32/4.4.7/../../../../avr32/lib/ucr2\libc.a(lib_a-vfprintf.o)
 .rodata.action_table
                0x8000df04       0x6c e:/program x86/atmel/studio/7.0/toolchain/avr32/avr32-gnu-toolchain/bin/../lib/gcc/avr32/4.4.7/../../../../avr32/lib/ucr2\libc.a(lib_a-vfprintf.o)
 .rodata.str1.4
                0x8000df70       0x3a e:/program x86/atmel/studio/7.0/toolchain/avr32/avr32-gnu-toolchain/bin/../lib/gcc/avr32/4.4.7/../../../../avr32/lib/ucr2\libc.a(lib_a-vfprintf.o)
                                 0x3c (size before relaxing)
 *fill*         0x8000dfaa        0x2 
 .rodata.blanks.3430
                0x8000dfac       0x10 e:/program x86/atmel/studio/7.0/toolchain/avr32/avr32-gnu-toolchain/bin/../lib/gcc/avr32/4.4.7/../../../../avr32/lib/ucr2\libc.a(lib_a-vfprintf.o)
 .rodata.zeroes.3431
                0x8000dfbc       0x10 e:/program x86/atmel/studio/7.0/toolchain/avr32/avr32-gnu-toolchain/bin/../lib/gcc/avr32/4.4.7/../../../../avr32/lib/ucr2\libc.a(lib_a-vfprintf.o)
 .rodata.chclass
                0x8000dfcc      0x100 e:/program x86/atmel/studio/7.0/toolchain/avr32/avr32-gnu-toolchain/bin/../lib/gcc/avr32/4.4.7/../../../../avr32/lib/ucr2\libc.a(lib_a-vfprintf.o)
 .rodata.str1.4
                0x8000e0cc       0x10 e:/program x86/atmel/studio/7.0/toolchain/avr32/avr32-gnu-toolchain/bin/../lib/gcc/avr32/4.4.7/../../../../avr32/lib/ucr2\libc.a(lib_a-dtoa.o)
                                 0x14 (size before relaxing)
 .rodata.__sf_fake_stdin
                0x8000e0dc       0x20 e:/program x86/atmel/studio/7.0/toolchain/avr32/avr32-gnu-toolchain/bin/../lib/gcc/avr32/4.4.7/../../../../avr32/lib/ucr2\libc.a(lib_a-findfp.o)
                0x8000e0dc                __sf_fake_stdin
 .rodata.__sf_fake_stdout
                0x8000e0fc       0x20 e:/program x86/atmel/studio/7.0/toolchain/avr32/avr32-gnu-toolchain/bin/../lib/gcc/avr32/4.4.7/../../../../avr32/lib/ucr2\libc.a(lib_a-findfp.o)
                0x8000e0fc                __sf_fake_stdout
 .rodata.__sf_fake_stderr
                0x8000e11c       0x20 e:/program x86/atmel/studio/7.0/toolchain/avr32/avr32-gnu-toolchain/bin/../lib/gcc/avr32/4.4.7/../../../../avr32/lib/ucr2\libc.a(lib_a-findfp.o)
                0x8000e11c                __sf_fake_stderr
 .rodata.str1.4
                0x8000e13c        0x2 e:/program x86/atmel/studio/7.0/toolchain/avr32/avr32-gnu-toolchain/bin/../lib/gcc/avr32/4.4.7/../../../../avr32/lib/ucr2\libc.a(lib_a-impure.o)
                                  0x4 (size before relaxing)
 *fill*         0x8000e13e        0x2 
 .rodata._global_impure_ptr
                0x8000e140        0x4 e:/program x86/atmel/studio/7.0/toolchain/avr32/avr32-gnu-toolchain/bin/../lib/gcc/avr32/4.4.7/../../../../avr32/lib/ucr2\libc.a(lib_a-impure.o)
                0x8000e140                _global_impure_ptr
 .rodata.lconv  0x8000e144       0x30 e:/program x86/atmel/studio/7.0/toolchain/avr32/avr32-gnu-toolchain/bin/../lib/gcc/avr32/4.4.7/../../../../avr32/lib/ucr2\libc.a(lib_a-locale.o)
 .rodata.str1.4
                0x8000e174        0xc e:/program x86/atmel/studio/7.0/toolchain/avr32/avr32-gnu-toolchain/bin/../lib/gcc/avr32/4.4.7/../../../../avr32/lib/ucr2\libc.a(lib_a-locale.o)
                                 0x18 (size before relaxing)
 .rodata.p05.2471
                0x8000e180        0xc e:/program x86/atmel/studio/7.0/toolchain/avr32/avr32-gnu-toolchain/bin/../lib/gcc/avr32/4.4.7/../../../../avr32/lib/ucr2\libc.a(lib_a-mprec.o)
 .rodata.__mprec_tens
                0x8000e18c       0xc8 e:/program x86/atmel/studio/7.0/toolchain/avr32/avr32-gnu-toolchain/bin/../lib/gcc/avr32/4.4.7/../../../../avr32/lib/ucr2\libc.a(lib_a-mprec.o)
                0x8000e18c                __mprec_tens
 .rodata.__mprec_bigtens
                0x8000e254       0x28 e:/program x86/atmel/studio/7.0/toolchain/avr32/avr32-gnu-toolchain/bin/../lib/gcc/avr32/4.4.7/../../../../avr32/lib/ucr2\libc.a(lib_a-mprec.o)
                0x8000e254                __mprec_bigtens

.rodata1
 *(.rodata1)

.eh_frame_hdr
 *(.eh_frame_hdr)

.eh_frame
 *(.eh_frame)

.gcc_except_table
 *(.gcc_except_table)
 *(.gcc_except_table.*)

.dalign         0x8000e27c        0x4
                0x8000e280                . = ALIGN (0x8)
 *fill*         0x8000e27c        0x4 
                0x8000e280                PROVIDE (_data_lma, .)
                0x00000004                PROVIDE (_data, ORIGIN (CPUSRAM))
                0x00000004                . = ORIGIN (CPUSRAM)

.eh_frame
 *(.eh_frame)

.gcc_except_table
 *(.gcc_except_table)
 *(.gcc_except_table.*)

.tdata
 *(.tdata .tdata.* .gnu.linkonce.td.*)

.tbss
 *(.tbss .tbss.* .gnu.linkonce.tb.*)
 *(.tcommon)
                0x00000004                PROVIDE (__preinit_array_start, ALIGN (0x4))

.preinit_array
 *(.preinit_array)
                0x00000004                PROVIDE (__preinit_array_end, .)
                0x00000004                PROVIDE (__init_array_start, .)

.init_array
 *(.init_array)
                0x00000004                PROVIDE (__init_array_end, .)
                0x00000004                PROVIDE (__fini_array_start, .)

.fini_array
 *(.fini_array)
                0x00000004                PROVIDE (__fini_array_end, .)

.ctors
 *crtbegin*.o(.ctors)
 *(EXCLUDE_FILE(*crtend*.o) .ctors)
 *(SORT(.ctors.*))
 *(.ctors)

.dtors
 *crtbegin*.o(.dtors)
 *(EXCLUDE_FILE(*crtend*.o) .dtors)
 *(SORT(.dtors.*))
 *(.dtors)

.jcr
 *(.jcr)

.data.rel.ro
 *(.data.rel.ro.local)
 *(.data.rel.ro*)

.dynamic
 *(.dynamic)

.got
 *(.got.plt)
 *(.got)

.data           0x00000004      0xa40 load address 0x8000e280
 *(.data .data.* .gnu.linkonce.d.*)
 .data.get_time_okay
                0x00000004        0x1 src/Application/app/app.o
 *fill*         0x00000005        0x3 
 .data.the_app_list
                0x00000008      0x4ec src/Application/app/app.o
 .data.print_sec
                0x000004f4        0x4 src/Application/myrtc/xgrtc.o
 .data.xnl_proc_list
                0x000004f8       0x34 src/Application/radio/xnl.o
 .data.unsure_data
                0x0000052c        0x8 src/Application/RFID/RFID.o
                0x0000052c                unsure_data
 .data.start_session.12031
                0x00000534        0x1 src/Application/RFID/RFID.o
 *fill*         0x00000535        0x3 
 .data.ulCriticalNesting
                0x00000538        0x4 src/ASF/thirdparty/freertos/freertos-7.0.0/source/portable/gcc/avr32_uc3/port.o
                0x00000538                ulCriticalNesting
 .data.xNextTaskUnblockTime
                0x0000053c        0x4 src/ASF/thirdparty/freertos/freertos-7.0.0/source/tasks.o
 .data.__malloc_av_
                0x00000540      0x408 e:/program x86/atmel/studio/7.0/toolchain/avr32/avr32-gnu-toolchain/bin/../lib/gcc/avr32/4.4.7/../../../../avr32/lib/ucr2\libc.a(lib_a-mallocr.o)
                0x00000540                __malloc_av_
 .data.__malloc_trim_threshold
                0x00000948        0x4 e:/program x86/atmel/studio/7.0/toolchain/avr32/avr32-gnu-toolchain/bin/../lib/gcc/avr32/4.4.7/../../../../avr32/lib/ucr2\libc.a(lib_a-mallocr.o)
                0x00000948                __malloc_trim_threshold
 .data.__malloc_sbrk_base
                0x0000094c        0x4 e:/program x86/atmel/studio/7.0/toolchain/avr32/avr32-gnu-toolchain/bin/../lib/gcc/avr32/4.4.7/../../../../avr32/lib/ucr2\libc.a(lib_a-mallocr.o)
                0x0000094c                __malloc_sbrk_base
 .data.impure_data
                0x00000950       0xf0 e:/program x86/atmel/studio/7.0/toolchain/avr32/avr32-gnu-toolchain/bin/../lib/gcc/avr32/4.4.7/../../../../avr32/lib/ucr2\libc.a(lib_a-impure.o)
 .data._impure_ptr
                0x00000a40        0x4 e:/program x86/atmel/studio/7.0/toolchain/avr32/avr32-gnu-toolchain/bin/../lib/gcc/avr32/4.4.7/../../../../avr32/lib/ucr2\libc.a(lib_a-impure.o)
                0x00000a40                _impure_ptr
 *(.gnu.linkonce.d.*personality*)

.data1
 *(.data1)

.balign         0x00000a44        0x4 load address 0x8000ecc0
                0x00000a48                . = ALIGN (0x8)
 *fill*         0x00000a44        0x4 
                0x00000a48                _edata = .
                0x00000a48                _edata = .
                0x00000a48                PROVIDE (edata, .)
                0x00000a48                __bss_start = .

.bss            0x00000a48     0x4988 load address 0x8000ecc0
 *(.dynbss)
 *(.bss .bss.* .gnu.linkonce.b.*)
 .bss.Speaker_is_unmute
                0x00000a48        0x1 src/Application/app/app.o
                0x00000a48                Speaker_is_unmute
 .bss.AMBE_rx_flag
                0x00000a49        0x1 src/Application/app/app.o
                0x00000a49                AMBE_rx_flag
 *fill*         0x00000a4a        0x2 
 .bss.xLastWakeTime.12667
                0x00000a4c        0x4 src/Application/app/app.o
 .bss.VF_SN     0x00000a50        0x1 src/Application/app/app.o
                0x00000a50                VF_SN
 *fill*         0x00000a51        0x3 
 .bss.res.12656
                0x00000a54        0x4 src/Application/app/app.o
 .bss.Radio_Transmit_State
                0x00000a58        0x1 src/Application/app/app.o
                0x00000a58                Radio_Transmit_State
 .bss.Call_Begin
                0x00000a59        0x1 src/Application/app/app.o
                0x00000a59                Call_Begin
 *fill*         0x00000a5a        0x2 
 .bss.OB_State.12672
                0x00000a5c        0x4 src/Application/app/app.o
 .bss.AMBE_Media
                0x00000a60        0x1 src/Application/app/app.o
                0x00000a60                AMBE_Media
 .bss.connect_flag
                0x00000a61        0x1 src/Application/app/app.o
 .bss.times_counter.12703
                0x00000a62        0x1 src/Application/app/app.o
 .bss.Mic_is_Enabled
                0x00000a63        0x1 src/Application/app/app.o
                0x00000a63                Mic_is_Enabled
 .bss.AMBE_tx_flag
                0x00000a64        0x1 src/Application/app/app.o
                0x00000a64                AMBE_tx_flag
 .bss.Terminator_Flag
                0x00000a65        0x1 src/Application/app/app.o
                0x00000a65                Terminator_Flag
 *fill*         0x00000a66        0x2 
 .bss.ulIdleCycleCount
                0x00000a68        0x4 src/Application/app/app.o
                0x00000a68                ulIdleCycleCount
 .bss.payload_rx_exec
                0x00000a6c        0x4 src/Application/radio/payload.o
                0x00000a6c                payload_rx_exec
 .bss.payload_tx_exec
                0x00000a70        0x4 src/Application/radio/payload.o
                0x00000a70                payload_tx_exec
 .bss.phy_tx_index.10647
                0x00000a74        0x1 src/Application/radio/physical.o
 *fill*         0x00000a75        0x3 
 .bss.RxBytesWaiting.10956
                0x00000a78        0x4 src/Application/radio/physical.o
 .bss.phy_rx_length.10690
                0x00000a7c        0x2 src/Application/radio/physical.o
 *fill*         0x00000a7e        0x2 
 .bss.RxData_IsFillingNext16.10955
                0x00000a80        0x4 src/Application/radio/physical.o
 .bss.AMBE_HT   0x00000a84        0x8 src/Application/radio/physical.o
 .bss.Item_ID.10961
                0x00000a8c        0x1 src/Application/radio/physical.o
 .bss.is_first.10960
                0x00000a8d        0x1 src/Application/radio/physical.o
 .bss.phy_rx_expexted_length.10689
                0x00000a8e        0x2 src/Application/radio/physical.o
 .bss.AMBE_payload_ptr.10959
                0x00000a90        0x4 src/Application/radio/physical.o
 .bss.phy_tx_state.10645
                0x00000a94        0x4 src/Application/radio/physical.o
 .bss.RxMedia_IsFillingNext16.10953
                0x00000a98        0x4 src/Application/radio/physical.o
 .bss.phy_frame_ptr.10688
                0x00000a9c        0x4 src/Application/radio/physical.o
 .bss.phy_ptr.10644
                0x00000aa0        0x4 src/Application/radio/physical.o
 .bss.xnl_store_idle
                0x00000aa4        0x4 src/Application/radio/physical.o
                0x00000aa4                xnl_store_idle
 .bss.payload_store_idle
                0x00000aa8        0x4 src/Application/radio/physical.o
                0x00000aa8                payload_store_idle
 .bss.phy_rx_state.10692
                0x00000aac        0x4 src/Application/radio/physical.o
 .bss.phy_check_sum.10691
                0x00000ab0        0x2 src/Application/radio/physical.o
 *fill*         0x00000ab2        0x2 
 .bss.phy_xnl_frame_rx
                0x00000ab4        0x4 src/Application/radio/physical.o
                0x00000ab4                phy_xnl_frame_rx
 .bss.payload_ptr.10958
                0x00000ab8        0x4 src/Application/radio/physical.o
 .bss.phy_tx_expexted_length.10646
                0x00000abc        0x2 src/Application/radio/physical.o
 *fill*         0x00000abe        0x2 
 .bss.m_RxBurstType
                0x00000ac0        0x4 src/Application/radio/physical.o
 .bss.RxAMBE_IsFillingNext8.10954
                0x00000ac4        0x4 src/Application/radio/physical.o
 .bss.phy_payload_frame_tx
                0x00000ac8        0x4 src/Application/radio/physical.o
                0x00000ac8                phy_payload_frame_tx
 .bss.phy_rx_count.10693
                0x00000acc        0x4 src/Application/radio/physical.o
 .bss.SDV_Index.10964
                0x00000ad0        0x1 src/Application/radio/physical.o
 *fill*         0x00000ad1        0x3 
 .bss.phy_xnl_frame_tx
                0x00000ad4        0x4 src/Application/radio/physical.o
                0x00000ad4                phy_xnl_frame_tx
 .bss.RxMediaState.10952
                0x00000ad8        0x4 src/Application/radio/physical.o
 .bss.ArrayDiscLength.10957
                0x00000adc        0x4 src/Application/radio/physical.o
 .bss.phy_payload_frame_rx
                0x00000ae0        0x4 src/Application/radio/physical.o
                0x00000ae0                phy_payload_frame_rx
 .bss.Item_Length.10962
                0x00000ae4        0x4 src/Application/radio/physical.o
 .bss.phy_rx_exec
                0x00000ae8        0x4 src/Application/radio/ssc.o
                0x00000ae8                phy_rx_exec
 .bss.xHigherPriorityTaskWoken.9824
                0x00000aec        0x4 src/Application/radio/ssc.o
 .bss.count.9825
                0x00000af0        0x4 src/Application/radio/ssc.o
 .bss.phy_tx_exec
                0x00000af4        0x4 src/Application/radio/ssc.o
                0x00000af4                phy_tx_exec
 .bss.version_information
                0x00000af8        0xc src/Application/radio/xcmp.o
                0x00000af8                version_information
 .bss.clone_read
                0x00000b04        0xc src/Application/radio/xcmp.o
                0x00000b04                clone_read
 .bss.xcmp_frame_rx
                0x00000b10        0x4 src/Application/radio/xcmp.o
 .bss.clone_write
                0x00000b14        0xc src/Application/radio/xcmp.o
                0x00000b14                clone_write
 .bss.automatic_frequency_correction_control
                0x00000b20        0xc src/Application/radio/xcmp.o
                0x00000b20                automatic_frequency_correction_control
 .bss.language_pack_information
                0x00000b2c        0xc src/Application/radio/xcmp.o
                0x00000b2c                language_pack_information
 .bss.radio_status
                0x00000b38        0xc src/Application/radio/xcmp.o
                0x00000b38                radio_status
 .bss.xnl_timeout_semphr
                0x00000b44        0x4 src/Application/radio/xnl.o
 .bss.flags.10672
                0x00000b48        0x1 src/Application/radio/xnl.o
 *fill*         0x00000b49        0x1 
 .bss.xnl_information
                0x00000b4a        0xa src/Application/radio/xnl.o
 .bss.xnl_tx_state.10716
                0x00000b54        0x4 src/Application/radio/xnl.o
 .bss.xnl_frame_tx
                0x00000b58        0x4 src/Application/radio/xnl.o
 .bss.xnl_send_times.10717
                0x00000b5c        0x4 src/Application/radio/xnl.o
 .bss.ptr.10718
                0x00000b60        0x4 src/Application/radio/xnl.o
 .bss.xcmp_exec
                0x00000b64        0x4 src/Application/radio/xnl.o
                0x00000b64                xcmp_exec
 .bss.rc522_init_failure
                0x00000b68        0x1 src/Application/RFID/MFRC522/rc522.o
                0x00000b68                rc522_init_failure
 *fill*         0x00000b69        0x3 
 .bss.xg_resend_queue
                0x00000b6c        0x4 src/Application/xgflash/xgflash.o
                0x00000b6c                xg_resend_queue
 .bss.xgflash_mutex
                0x00000b70        0x4 src/Application/xgflash/xgflash.o
 .bss.message_storage_queue
                0x00000b74        0x4 src/Application/xgflash/xgflash.o
                0x00000b74                message_storage_queue
 .bss._int_line_handler_table_6
                0x00000b78        0x4 src/ASF/avr32/drivers/intc/intc.o
 .bss._int_line_handler_table_7
                0x00000b7c        0x4 src/ASF/avr32/drivers/intc/intc.o
 .bss._int_line_handler_table_8
                0x00000b80        0x4 src/ASF/avr32/drivers/intc/intc.o
 .bss._int_line_handler_table_9
                0x00000b84        0x4 src/ASF/avr32/drivers/intc/intc.o
 .bss._int_line_handler_table_10
                0x00000b88        0x4 src/ASF/avr32/drivers/intc/intc.o
 .bss._int_line_handler_table_11
                0x00000b8c        0x4 src/ASF/avr32/drivers/intc/intc.o
 .bss._int_line_handler_table_12
                0x00000b90        0x4 src/ASF/avr32/drivers/intc/intc.o
 .bss._int_line_handler_table_13
                0x00000b94        0x4 src/ASF/avr32/drivers/intc/intc.o
 .bss._int_line_handler_table_14
                0x00000b98        0xc src/ASF/avr32/drivers/intc/intc.o
 .bss._int_line_handler_table_15
                0x00000ba4        0x4 src/ASF/avr32/drivers/intc/intc.o
 .bss._int_line_handler_table_16
                0x00000ba8        0x4 src/ASF/avr32/drivers/intc/intc.o
 .bss._int_line_handler_table_17
                0x00000bac        0x4 src/ASF/avr32/drivers/intc/intc.o
 .bss._int_line_handler_table_18
                0x00000bb0        0x4 src/ASF/avr32/drivers/intc/intc.o
 .bss._int_line_handler_table_0
                0x00000bb4        0x4 src/ASF/avr32/drivers/intc/intc.o
 .bss._int_line_handler_table_1
                0x00000bb8       0x2c src/ASF/avr32/drivers/intc/intc.o
 .bss._int_line_handler_table_2
                0x00000be4       0x18 src/ASF/avr32/drivers/intc/intc.o
 .bss._int_line_handler_table_3
                0x00000bfc       0x1c src/ASF/avr32/drivers/intc/intc.o
 .bss._int_line_handler_table_4
                0x00000c18        0x4 src/ASF/avr32/drivers/intc/intc.o
 .bss._int_line_handler_table_5
                0x00000c1c        0x4 src/ASF/avr32/drivers/intc/intc.o
 .bss.uxMissedTicks
                0x00000c20        0x4 src/ASF/thirdparty/freertos/freertos-7.0.0/source/tasks.o
 .bss.uxTopUsedPriority
                0x00000c24        0x4 src/ASF/thirdparty/freertos/freertos-7.0.0/source/tasks.o
 .bss.pxDelayedTaskList
                0x00000c28        0x4 src/ASF/thirdparty/freertos/freertos-7.0.0/source/tasks.o
 .bss.xSchedulerRunning
                0x00000c2c        0x4 src/ASF/thirdparty/freertos/freertos-7.0.0/source/tasks.o
 .bss.uxTasksDeleted
                0x00000c30        0x4 src/ASF/thirdparty/freertos/freertos-7.0.0/source/tasks.o
 .bss.xNumOfOverflows
                0x00000c34        0x4 src/ASF/thirdparty/freertos/freertos-7.0.0/source/tasks.o
 .bss.pxOverflowDelayedTaskList
                0x00000c38        0x4 src/ASF/thirdparty/freertos/freertos-7.0.0/source/tasks.o
 .bss.pxReadyTasksLists
                0x00000c3c       0xa0 src/ASF/thirdparty/freertos/freertos-7.0.0/source/tasks.o
 .bss.xTasksWaitingTermination
                0x00000cdc       0x14 src/ASF/thirdparty/freertos/freertos-7.0.0/source/tasks.o
 .bss.pxCurrentTCB
                0x00000cf0        0x4 src/ASF/thirdparty/freertos/freertos-7.0.0/source/tasks.o
                0x00000cf0                pxCurrentTCB
 .bss.xPendingReadyList
                0x00000cf4       0x14 src/ASF/thirdparty/freertos/freertos-7.0.0/source/tasks.o
 .bss.xDelayedTaskList1
                0x00000d08       0x14 src/ASF/thirdparty/freertos/freertos-7.0.0/source/tasks.o
 .bss.xTickCount
                0x00000d1c        0x4 src/ASF/thirdparty/freertos/freertos-7.0.0/source/tasks.o
 .bss.uxSchedulerSuspended
                0x00000d20        0x4 src/ASF/thirdparty/freertos/freertos-7.0.0/source/tasks.o
 .bss.xDelayedTaskList2
                0x00000d24       0x14 src/ASF/thirdparty/freertos/freertos-7.0.0/source/tasks.o
 .bss.uxTaskNumber
                0x00000d38        0x4 src/ASF/thirdparty/freertos/freertos-7.0.0/source/tasks.o
 .bss.uxCurrentNumberOfTasks
                0x00000d3c        0x4 src/ASF/thirdparty/freertos/freertos-7.0.0/source/tasks.o
 .bss.xMissedYield
                0x00000d40        0x4 src/ASF/thirdparty/freertos/freertos-7.0.0/source/tasks.o
 .bss.xSuspendedTaskList
                0x00000d44       0x14 src/ASF/thirdparty/freertos/freertos-7.0.0/source/tasks.o
 .bss.uxTopReadyPriority
                0x00000d58        0x4 src/ASF/thirdparty/freertos/freertos-7.0.0/source/tasks.o
 .bss.lench.11294
                0x00000d5c        0x1 src/Log/log.o
 .bss.lench.11364
                0x00000d5d        0x1 src/Log/log.o
 *fill*         0x00000d5e        0x2 
 .bss.__malloc_max_total_mem
                0x00000d60        0x4 e:/program x86/atmel/studio/7.0/toolchain/avr32/avr32-gnu-toolchain/bin/../lib/gcc/avr32/4.4.7/../../../../avr32/lib/ucr2\libc.a(lib_a-mallocr.o)
                0x00000d60                __malloc_max_total_mem
 .bss.__malloc_max_sbrked_mem
                0x00000d64        0x4 e:/program x86/atmel/studio/7.0/toolchain/avr32/avr32-gnu-toolchain/bin/../lib/gcc/avr32/4.4.7/../../../../avr32/lib/ucr2\libc.a(lib_a-mallocr.o)
                0x00000d64                __malloc_max_sbrked_mem
 .bss.__malloc_top_pad
                0x00000d68        0x4 e:/program x86/atmel/studio/7.0/toolchain/avr32/avr32-gnu-toolchain/bin/../lib/gcc/avr32/4.4.7/../../../../avr32/lib/ucr2\libc.a(lib_a-mallocr.o)
                0x00000d68                __malloc_top_pad
 .bss.__malloc_current_mallinfo
                0x00000d6c       0x28 e:/program x86/atmel/studio/7.0/toolchain/avr32/avr32-gnu-toolchain/bin/../lib/gcc/avr32/4.4.7/../../../../avr32/lib/ucr2\libc.a(lib_a-mallocr.o)
                0x00000d6c                __malloc_current_mallinfo
 .bss.cur_heap_pos.1869
                0x00000d94        0x4 e:/program x86/atmel/studio/7.0/toolchain/avr32/avr32-gnu-toolchain/bin/../lib/gcc/avr32/4.4.7/../../../../avr32/lib/ucr2\libc.a(lib_a-syscalls.o)
 *(COMMON)
 COMMON         0x00000d98      0x28a src/Application/app/app.o
                0x00000d98                bunchofrandomstatusflags
                0x00000d9c                Current_time
                0x00000da2                message_store
 *fill*         0x00001022        0x2 
 COMMON         0x00001024     0x1004 src/Application/flash/data_flash.o
                0x00001024                FLASH_BUF
                0x00002024                spi
 COMMON         0x00002028      0x122 src/Application/radio/ambe.o
                0x00002028                AMBEBurst_rawdata
                0x00002030                Radio_Internal_Data
                0x00002034                AMBE_DecryptionKey
                0x0000203c                SendAMBEBurst_EncryptionPackage
                0x0000212c                VBSP_data
                0x00002130                Soft_Decision_Data
 COMMON         0x0000214a     0x3200 src/Application/radio/physical.o
                0x0000214a                payload_store
                0x0000354a                xnl_store
 *fill*         0x0000534a        0x2 
 COMMON         0x0000534c       0x4c src/Application/radio/ssc.o
                0x0000534c                intDuration
                0x00005350                BufferIndex
                0x00005354                intStartCount
                0x00005358                RxBuffer
                0x00005378                TxBuffer
 COMMON         0x00005398        0x4 src/Application/radio/xcmp.o
                0x00005398                app_list
 COMMON         0x0000539c       0x18 src/Application/RFID/RFID.o
                0x0000539c                RFID
                0x000053ac                CT
                0x000053b0                SN
 COMMON         0x000053b4        0x8 src/Application/xgflash/xgflash.o
                0x000053b4                xBinarySemaphore
                0x000053b8                save_handle
 COMMON         0x000053bc        0x4 src/ASF/avr32/drivers/spi/spi.o
                0x000053bc                xSPIMutex
 COMMON         0x000053c0        0x4 src/ASF/thirdparty/freertos/freertos-7.0.0/source/portable/gcc/avr32_uc3/write.o
                0x000053c0                stdio_usart_base
 COMMON         0x000053c4        0x4 src/Log/log.o
                0x000053c4                logQueue
 COMMON         0x000053c8        0x4 e:/program x86/atmel/studio/7.0/toolchain/avr32/avr32-gnu-toolchain/bin/../lib/gcc/avr32/4.4.7/../../../../avr32/lib/ucr2\libc.a(lib_a-reent.o)
                0x000053c8                errno
                0x000053d0                . = ALIGN (0x8)
 *fill*         0x000053cc        0x4 
                0x000053d0                . = ALIGN (0x8)
                0x000053d0                _end = .
                0x000053d0                PROVIDE (end, .)
                0x000053d0                __heap_start__ = ALIGN (0x8)
                0x00017000                . = ((ORIGIN (CPUSRAM) + 0x17ffc) - _stack_size)
                0x00017000                __heap_end__ = .

.stab
 *(.stab)

.stabstr
 *(.stabstr)

.stab.excl
 *(.stab.excl)

.stab.exclstr
 *(.stab.exclstr)

.stab.index
 *(.stab.index)

.stab.indexstr
 *(.stab.indexstr)

.comment        0x00000000       0x30
 *(.comment)
 .comment       0x00000000       0x30 src/Application/app/app.o
                                 0x31 (size before relaxing)
 .comment       0x00000000       0x31 src/Application/flash/data_flash.o
 .comment       0x00000000       0x31 src/Application/myrtc/xgrtc.o
 .comment       0x00000000       0x31 src/Application/radio/ambe.o
 .comment       0x00000000       0x31 src/Application/radio/payload.o
 .comment       0x00000000       0x31 src/Application/radio/physical.o
 .comment       0x00000000       0x31 src/Application/radio/ssc.o
 .comment       0x00000000       0x31 src/Application/radio/xcmp.o
 .comment       0x00000000       0x31 src/Application/radio/xnl.o
 .comment       0x00000000       0x31 src/Application/RFID/MFRC522/rc522.o
 .comment       0x00000000       0x31 src/Application/RFID/RFID.o
 .comment       0x00000000       0x31 src/Application/timers/timer.o
 .comment       0x00000000       0x31 src/Application/xgflash/xgflash.o
 .comment       0x00000000       0x31 src/ASF/avr32/drivers/flashc/flashc.o
 .comment       0x00000000       0x31 src/ASF/avr32/drivers/gpio/gpio.o
 .comment       0x00000000       0x31 src/ASF/avr32/drivers/intc/intc.o
 .comment       0x00000000       0x31 src/ASF/avr32/drivers/pm/pm.o
 .comment       0x00000000       0x31 src/ASF/avr32/drivers/rtc/rtc.o
 .comment       0x00000000       0x31 src/ASF/avr32/drivers/spi/spi.o
 .comment       0x00000000       0x31 src/ASF/avr32/drivers/usart/usart.o
 .comment       0x00000000       0x31 src/ASF/thirdparty/freertos/freertos-7.0.0/source/list.o
 .comment       0x00000000       0x31 src/ASF/thirdparty/freertos/freertos-7.0.0/source/portable/gcc/avr32_uc3/port.o
 .comment       0x00000000       0x31 src/ASF/thirdparty/freertos/freertos-7.0.0/source/portable/gcc/avr32_uc3/read.o
 .comment       0x00000000       0x31 src/ASF/thirdparty/freertos/freertos-7.0.0/source/portable/gcc/avr32_uc3/write.o
 .comment       0x00000000       0x31 src/ASF/thirdparty/freertos/freertos-7.0.0/source/portable/memmang/heap_3.o
 .comment       0x00000000       0x31 src/ASF/thirdparty/freertos/freertos-7.0.0/source/queue.o
 .comment       0x00000000       0x31 src/ASF/thirdparty/freertos/freertos-7.0.0/source/tasks.o
 .comment       0x00000000       0x31 src/Log/log.o
 .comment       0x00000000       0x31 src/main.o
 .comment       0x00000000       0x31 e:/program x86/atmel/studio/7.0/toolchain/avr32/avr32-gnu-toolchain/bin/../lib/gcc/avr32/4.4.7/../../../../avr32/lib/ucr2\libc.a(lib_a-malloc.o)
 .comment       0x00000000       0x31 e:/program x86/atmel/studio/7.0/toolchain/avr32/avr32-gnu-toolchain/bin/../lib/gcc/avr32/4.4.7/../../../../avr32/lib/ucr2\libc.a(lib_a-mallocr.o)
 .comment       0x00000000       0x31 e:/program x86/atmel/studio/7.0/toolchain/avr32/avr32-gnu-toolchain/bin/../lib/gcc/avr32/4.4.7/../../../../avr32/lib/ucr2\libc.a(lib_a-memset.o)
 .comment       0x00000000       0x31 e:/program x86/atmel/studio/7.0/toolchain/avr32/avr32-gnu-toolchain/bin/../lib/gcc/avr32/4.4.7/../../../../avr32/lib/ucr2\libc.a(lib_a-reallocr.o)
 .comment       0x00000000       0x31 e:/program x86/atmel/studio/7.0/toolchain/avr32/avr32-gnu-toolchain/bin/../lib/gcc/avr32/4.4.7/../../../../avr32/lib/ucr2\libc.a(lib_a-sbrkr.o)
 .comment       0x00000000       0x31 e:/program x86/atmel/studio/7.0/toolchain/avr32/avr32-gnu-toolchain/bin/../lib/gcc/avr32/4.4.7/../../../../avr32/lib/ucr2\libc.a(lib_a-sprintf.o)
 .comment       0x00000000       0x31 e:/program x86/atmel/studio/7.0/toolchain/avr32/avr32-gnu-toolchain/bin/../lib/gcc/avr32/4.4.7/../../../../avr32/lib/ucr2\libc.a(lib_a-syscalls.o)
 .comment       0x00000000       0x31 e:/program x86/atmel/studio/7.0/toolchain/avr32/avr32-gnu-toolchain/bin/../lib/gcc/avr32/4.4.7/../../../../avr32/lib/ucr2\libc.a(lib_a-vfprintf.o)
 .comment       0x00000000       0x31 e:/program x86/atmel/studio/7.0/toolchain/avr32/avr32-gnu-toolchain/bin/../lib/gcc/avr32/4.4.7/../../../../avr32/lib/ucr2\libc.a(lib_a-wsetup.o)
 .comment       0x00000000       0x31 e:/program x86/atmel/studio/7.0/toolchain/avr32/avr32-gnu-toolchain/bin/../lib/gcc/avr32/4.4.7/../../../../avr32/lib/ucr2\libc.a(lib_a-dtoa.o)
 .comment       0x00000000       0x31 e:/program x86/atmel/studio/7.0/toolchain/avr32/avr32-gnu-toolchain/bin/../lib/gcc/avr32/4.4.7/../../../../avr32/lib/ucr2\libc.a(lib_a-errno.o)
 .comment       0x00000000       0x31 e:/program x86/atmel/studio/7.0/toolchain/avr32/avr32-gnu-toolchain/bin/../lib/gcc/avr32/4.4.7/../../../../avr32/lib/ucr2\libc.a(lib_a-fflush.o)
 .comment       0x00000000       0x31 e:/program x86/atmel/studio/7.0/toolchain/avr32/avr32-gnu-toolchain/bin/../lib/gcc/avr32/4.4.7/../../../../avr32/lib/ucr2\libc.a(lib_a-findfp.o)
 .comment       0x00000000       0x31 e:/program x86/atmel/studio/7.0/toolchain/avr32/avr32-gnu-toolchain/bin/../lib/gcc/avr32/4.4.7/../../../../avr32/lib/ucr2\libc.a(lib_a-freer.o)
 .comment       0x00000000       0x31 e:/program x86/atmel/studio/7.0/toolchain/avr32/avr32-gnu-toolchain/bin/../lib/gcc/avr32/4.4.7/../../../../avr32/lib/ucr2\libc.a(lib_a-fvwrite.o)
 .comment       0x00000000       0x31 e:/program x86/atmel/studio/7.0/toolchain/avr32/avr32-gnu-toolchain/bin/../lib/gcc/avr32/4.4.7/../../../../avr32/lib/ucr2\libc.a(lib_a-fwalk.o)
 .comment       0x00000000       0x31 e:/program x86/atmel/studio/7.0/toolchain/avr32/avr32-gnu-toolchain/bin/../lib/gcc/avr32/4.4.7/../../../../avr32/lib/ucr2\libc.a(lib_a-impure.o)
 .comment       0x00000000       0x31 e:/program x86/atmel/studio/7.0/toolchain/avr32/avr32-gnu-toolchain/bin/../lib/gcc/avr32/4.4.7/../../../../avr32/lib/ucr2\libc.a(lib_a-locale.o)
 .comment       0x00000000       0x31 e:/program x86/atmel/studio/7.0/toolchain/avr32/avr32-gnu-toolchain/bin/../lib/gcc/avr32/4.4.7/../../../../avr32/lib/ucr2\libc.a(lib_a-makebuf.o)
 .comment       0x00000000       0x31 e:/program x86/atmel/studio/7.0/toolchain/avr32/avr32-gnu-toolchain/bin/../lib/gcc/avr32/4.4.7/../../../../avr32/lib/ucr2\libc.a(lib_a-memchr.o)
 .comment       0x00000000       0x31 e:/program x86/atmel/studio/7.0/toolchain/avr32/avr32-gnu-toolchain/bin/../lib/gcc/avr32/4.4.7/../../../../avr32/lib/ucr2\libc.a(lib_a-memmove.o)
 .comment       0x00000000       0x31 e:/program x86/atmel/studio/7.0/toolchain/avr32/avr32-gnu-toolchain/bin/../lib/gcc/avr32/4.4.7/../../../../avr32/lib/ucr2\libc.a(lib_a-mprec.o)
 .comment       0x00000000       0x31 e:/program x86/atmel/studio/7.0/toolchain/avr32/avr32-gnu-toolchain/bin/../lib/gcc/avr32/4.4.7/../../../../avr32/lib/ucr2\libc.a(lib_a-reent.o)
 .comment       0x00000000       0x31 e:/program x86/atmel/studio/7.0/toolchain/avr32/avr32-gnu-toolchain/bin/../lib/gcc/avr32/4.4.7/../../../../avr32/lib/ucr2\libc.a(lib_a-s_isinfd.o)
 .comment       0x00000000       0x31 e:/program x86/atmel/studio/7.0/toolchain/avr32/avr32-gnu-toolchain/bin/../lib/gcc/avr32/4.4.7/../../../../avr32/lib/ucr2\libc.a(lib_a-s_isnand.o)
 .comment       0x00000000       0x31 e:/program x86/atmel/studio/7.0/toolchain/avr32/avr32-gnu-toolchain/bin/../lib/gcc/avr32/4.4.7/../../../../avr32/lib/ucr2\libc.a(lib_a-stdio.o)
 .comment       0x00000000       0x31 e:/program x86/atmel/studio/7.0/toolchain/avr32/avr32-gnu-toolchain/bin/../lib/gcc/avr32/4.4.7/../../../../avr32/lib/ucr2\libc.a(lib_a-strlen.o)
 .comment       0x00000000       0x31 e:/program x86/atmel/studio/7.0/toolchain/avr32/avr32-gnu-toolchain/bin/../lib/gcc/avr32/4.4.7/../../../../avr32/lib/ucr2\libc.a(lib_a-writer.o)