Archive member included because of file (symbol)

d:/program files (x86)/atmel/studio/7.0/toolchain/avr32/avr32-gnu-toolchain/bin/../lib/gcc/avr32/4.4.7/../../../../avr32/lib/ucr2\libc.a(lib_a-malloc.o)
                              src/ASF/thirdparty/freertos/freertos-7.0.0/source/portable/memmang/heap_3.o (free)
d:/program files (x86)/atmel/studio/7.0/toolchain/avr32/avr32-gnu-toolchain/bin/../lib/gcc/avr32/4.4.7/../../../../avr32/lib/ucr2\libc.a(lib_a-mallocr.o)
                              d:/program files (x86)/atmel/studio/7.0/toolchain/avr32/avr32-gnu-toolchain/bin/../lib/gcc/avr32/4.4.7/../../../../avr32/lib/ucr2\libc.a(lib_a-malloc.o) (_malloc_r)
d:/program files (x86)/atmel/studio/7.0/toolchain/avr32/avr32-gnu-toolchain/bin/../lib/gcc/avr32/4.4.7/../../../../avr32/lib/ucr2\libc.a(lib_a-memcmp.o)
                              src/Application/voice/voice.o (memcmp)
d:/program files (x86)/atmel/studio/7.0/toolchain/avr32/avr32-gnu-toolchain/bin/../lib/gcc/avr32/4.4.7/../../../../avr32/lib/ucr2\libc.a(lib_a-memcpy.o)
                              src/Application/flash/data_flash.o (memcpy)
d:/program files (x86)/atmel/studio/7.0/toolchain/avr32/avr32-gnu-toolchain/bin/../lib/gcc/avr32/4.4.7/../../../../avr32/lib/ucr2\libc.a(lib_a-memset.o)
                              src/Application/radio/physical.o (memset)
d:/program files (x86)/atmel/studio/7.0/toolchain/avr32/avr32-gnu-toolchain/bin/../lib/gcc/avr32/4.4.7/../../../../avr32/lib/ucr2\libc.a(lib_a-realloc.o)
                              src/ASF/thirdparty/freertos/freertos-7.0.0/source/portable/gcc/avr32_uc3/port.o (realloc)
d:/program files (x86)/atmel/studio/7.0/toolchain/avr32/avr32-gnu-toolchain/bin/../lib/gcc/avr32/4.4.7/../../../../avr32/lib/ucr2\libc.a(lib_a-reallocr.o)
                              d:/program files (x86)/atmel/studio/7.0/toolchain/avr32/avr32-gnu-toolchain/bin/../lib/gcc/avr32/4.4.7/../../../../avr32/lib/ucr2\libc.a(lib_a-realloc.o) (_realloc_r)
d:/program files (x86)/atmel/studio/7.0/toolchain/avr32/avr32-gnu-toolchain/bin/../lib/gcc/avr32/4.4.7/../../../../avr32/lib/ucr2\libc.a(lib_a-sbrkr.o)
                              d:/program files (x86)/atmel/studio/7.0/toolchain/avr32/avr32-gnu-toolchain/bin/../lib/gcc/avr32/4.4.7/../../../../avr32/lib/ucr2\libc.a(lib_a-mallocr.o) (_sbrk_r)
d:/program files (x86)/atmel/studio/7.0/toolchain/avr32/avr32-gnu-toolchain/bin/../lib/gcc/avr32/4.4.7/../../../../avr32/lib/ucr2\libc.a(lib_a-sprintf.o)
                              src/Log/log.o (sprintf)
d:/program files (x86)/atmel/studio/7.0/toolchain/avr32/avr32-gnu-toolchain/bin/../lib/gcc/avr32/4.4.7/../../../../avr32/lib/ucr2\libc.a(lib_a-strncpy.o)
                              src/ASF/thirdparty/freertos/freertos-7.0.0/source/tasks.o (strncpy)
d:/program files (x86)/atmel/studio/7.0/toolchain/avr32/avr32-gnu-toolchain/bin/../lib/gcc/avr32/4.4.7/../../../../avr32/lib/ucr2\libc.a(lib_a-syscalls.o)
                              d:/program files (x86)/atmel/studio/7.0/toolchain/avr32/avr32-gnu-toolchain/bin/../lib/gcc/avr32/4.4.7/../../../../avr32/lib/ucr2\libc.a(lib_a-sbrkr.o) (_sbrk)
d:/program files (x86)/atmel/studio/7.0/toolchain/avr32/avr32-gnu-toolchain/bin/../lib/gcc/avr32/4.4.7/../../../../avr32/lib/ucr2\libc.a(lib_a-vfprintf.o)
                              d:/program files (x86)/atmel/studio/7.0/toolchain/avr32/avr32-gnu-toolchain/bin/../lib/gcc/avr32/4.4.7/../../../../avr32/lib/ucr2\libc.a(lib_a-sprintf.o) (_vfprintf_r)
d:/program files (x86)/atmel/studio/7.0/toolchain/avr32/avr32-gnu-toolchain/bin/../lib/gcc/avr32/4.4.7/../../../../avr32/lib/ucr2\libc.a(lib_a-wsetup.o)
                              d:/program files (x86)/atmel/studio/7.0/toolchain/avr32/avr32-gnu-toolchain/bin/../lib/gcc/avr32/4.4.7/../../../../avr32/lib/ucr2\libc.a(lib_a-vfprintf.o) (__swsetup_r)
d:/program files (x86)/atmel/studio/7.0/toolchain/avr32/avr32-gnu-toolchain/bin/../lib/gcc/avr32/4.4.7/../../../../avr32/lib/ucr2\libc.a(lib_a-dtoa.o)
                              d:/program files (x86)/atmel/studio/7.0/toolchain/avr32/avr32-gnu-toolchain/bin/../lib/gcc/avr32/4.4.7/../../../../avr32/lib/ucr2\libc.a(lib_a-vfprintf.o) (_dtoa_r)
d:/program files (x86)/atmel/studio/7.0/toolchain/avr32/avr32-gnu-toolchain/bin/../lib/gcc/avr32/4.4.7/../../../../avr32/lib/ucr2\libc.a(lib_a-errno.o)
                              d:/program files (x86)/atmel/studio/7.0/toolchain/avr32/avr32-gnu-toolchain/bin/../lib/gcc/avr32/4.4.7/../../../../avr32/lib/ucr2\libc.a(lib_a-syscalls.o) (__errno)
d:/program files (x86)/atmel/studio/7.0/toolchain/avr32/avr32-gnu-toolchain/bin/../lib/gcc/avr32/4.4.7/../../../../avr32/lib/ucr2\libc.a(lib_a-fflush.o)
                              d:/program files (x86)/atmel/studio/7.0/toolchain/avr32/avr32-gnu-toolchain/bin/../lib/gcc/avr32/4.4.7/../../../../avr32/lib/ucr2\libc.a(lib_a-vfprintf.o) (_fflush_r)
[...]
Memory Configuration

Name             Origin             Length             Attributes
FLASH            0x80000000         0x00080000         axrl !w
CPUSRAM          0x00000004         0x00017ffc         axw !rl
USERPAGE         0x80800000         0x00000200
FACTORYPAGE      0x80800200         0x00000200
*default*        0x00000000         0xffffffff

Linker script and memory map

                0x00001000                _stack_size = 0x1000
LOAD src/Application/app/app.o
LOAD src/Application/flash/data_flash.o
LOAD src/Application/radio/ambe.o
LOAD src/Application/radio/AMBE_audio.o
LOAD src/Application/radio/AMBE_audio_2.o
LOAD src/Application/radio/audio.o
LOAD src/Application/radio/payload.o
LOAD src/Application/radio/physical.o
LOAD src/Application/radio/ssc.o
LOAD src/Application/radio/xcmp.o
LOAD src/Application/radio/xnl.o
LOAD src/Application/RFID/MFRC522/rc522.o
LOAD src/Application/RFID/RFID.o
LOAD src/Application/rtc/rtc.o
LOAD src/Application/timers/timer.o
LOAD src/Application/voice/voice.o
LOAD src/ASF/avr32/drivers/flashc/flashc.o
LOAD src/ASF/avr32/drivers/gpio/gpio.o
LOAD src/ASF/avr32/drivers/intc/intc.o
LOAD src/ASF/avr32/drivers/pm/pm.o
LOAD src/ASF/avr32/drivers/pm/pm_conf_clocks.o
LOAD src/ASF/avr32/drivers/pm/power_clocks_lib.o
LOAD src/ASF/avr32/drivers/spi/spi.o
LOAD src/ASF/avr32/drivers/tc/tc.o
LOAD src/ASF/avr32/drivers/twi/twi.o
LOAD src/ASF/avr32/drivers/usart/usart.o
LOAD src/ASF/avr32/utils/startup/startup_uc3.o
LOAD src/ASF/avr32/utils/startup/trampoline_uc3.o
LOAD src/ASF/common/boards/user_board/init.o
LOAD src/ASF/common/services/clock/uc3b0_b1/sysclk.o
LOAD src/ASF/common/services/spi/uc3_spi/spi_master.o
LOAD src/ASF/common/services/spi/uc3_usart_spi/usart_spi.o
LOAD src/ASF/thirdparty/freertos/freertos-7.0.0/source/croutine.o
LOAD src/ASF/thirdparty/freertos/freertos-7.0.0/source/list.o
LOAD src/ASF/thirdparty/freertos/freertos-7.0.0/source/portable/gcc/avr32_uc3/exception.o
LOAD src/ASF/thirdparty/freertos/freertos-7.0.0/source/portable/gcc/avr32_uc3/port.o
LOAD src/ASF/thirdparty/freertos/freertos-7.0.0/source/portable/gcc/avr32_uc3/read.o
LOAD src/ASF/thirdparty/freertos/freertos-7.0.0/source/portable/gcc/avr32_uc3/write.o
LOAD src/ASF/thirdparty/freertos/freertos-7.0.0/source/portable/memmang/heap_3.o
LOAD src/ASF/thirdparty/freertos/freertos-7.0.0/source/queue.o
LOAD src/ASF/thirdparty/freertos/freertos-7.0.0/source/tasks.o
LOAD src/Log/log.o
LOAD src/main.o
START GROUP
LOAD d:/program files (x86)/atmel/studio/7.0/toolchain/avr32/avr32-gnu-toolchain/bin/../lib/gcc/avr32/4.4.7/../../../../avr32/lib/ucr2\libm.a
END GROUP
LOAD d:/program files (x86)/atmel/studio/7.0/toolchain/avr32/avr32-gnu-toolchain/bin/../lib/gcc/avr32/4.4.7/ucr2\libgcc.a
LOAD d:/program files (x86)/atmel/studio/7.0/toolchain/avr32/avr32-gnu-toolchain/bin/../lib/gcc/avr32/4.4.7/../../../../avr32/lib/ucr2\libc.a
LOAD d:/program files (x86)/atmel/studio/7.0/toolchain/avr32/avr32-gnu-toolchain/bin/../lib/gcc/avr32/4.4.7/ucr2\libgcc.a
                0x80000000                PROVIDE (__executable_start, 0x80000000)
                0x80000000                . = 0x80000000

.interp
 *(.interp)

.reset          0x80000000     0x2004
 *(.reset)
 .reset         0x80000000     0x2004 src/ASF/avr32/utils/startup/trampoline_uc3.o
                               0x2008 (size before relaxing)
                0x80000000                _trampoline

.hash
 *(.hash)

.dynsym
 *(.dynsym)

.dynstr
 *(.dynstr)

.gnu.version
 *(.gnu.version)

.gnu.version_d
 *(.gnu.version_d)

.gnu.version_r
 *(.gnu.version_r)

.rel.init
 *(.rel.init)

.rela.init
 *(.rela.init)

.rel.text
 *(.rel.text .rel.text.* .rel.gnu.linkonce.t.*)

.rela.text
 *(.rela.text .rela.text.* .rela.gnu.linkonce.t.*)

.rel.fini
 *(.rel.fini)

.rela.fini
 *(.rela.fini)

.rel.rodata
 *(.rel.rodata .rel.rodata.* .rel.gnu.linkonce.r.*)

.rela.rodata
 *(.rela.rodata .rela.rodata.* .rela.gnu.linkonce.r.*)

.rel.data.rel.ro
 *(.rel.data.rel.ro*)

.rela.data.rel.ro
 *(.rel.data.rel.ro*)

.rel.data
 *(.rel.data .rel.data.* .rel.gnu.linkonce.d.*)

.rela.data
 *(.rela.data .rela.data.* .rela.gnu.linkonce.d.*)

.rel.tdata
 *(.rel.tdata .rel.tdata.* .rel.gnu.linkonce.td.*)

.rela.tdata
 *(.rela.tdata .rela.tdata.* .rela.gnu.linkonce.td.*)

.rel.tbss
 *(.rel.tbss .rel.tbss.* .rel.gnu.linkonce.tb.*)

.rela.tbss
 *(.rela.tbss .rela.tbss.* .rela.gnu.linkonce.tb.*)

.rel.ctors
 *(.rel.ctors)

.rela.ctors
 *(.rela.ctors)

.rel.dtors
 *(.rel.dtors)

.rela.dtors
 *(.rela.dtors)

.rel.got
 *(.rel.got)

.rela.got       0x80002004        0x0
 *(.rela.got)
 .rela.got      0x80002004        0x0 src/Application/app/app.o

.rel.bss
 *(.rel.bss .rel.bss.* .rel.gnu.linkonce.b.*)

.rela.bss
 *(.rela.bss .rela.bss.* .rela.gnu.linkonce.b.*)

.rel.plt
 *(.rel.plt)

.rela.plt
 *(.rela.plt)

.init
 *(.init)

.plt
 *(.plt)

.text           0x80002004     0xaa94
 *(.text .stub .text.* .gnu.linkonce.t.*)
 .text.DeviceManagement_brdcst_func
                0x80002004       0x24 src/Application/app/app.o
                0x80002004                DeviceManagement_brdcst_func
 .text.Volume_brdcst_func
                0x80002028        0x2 src/Application/app/app.o
                0x80002028                Volume_brdcst_func
 .text.AudioRoutingControl_brdcst_func
                0x8000202a        0x2 src/Application/app/app.o
                0x8000202a                AudioRoutingControl_brdcst_func
 .text.vApplicationIdleHook
                0x8000202c       0x10 src/Application/app/app.o
                0x8000202c                vApplicationIdleHook
 .text.app_init
                0x8000203c       0x54 src/Application/app/app.o
                0x8000203c                app_init
 .text.app_cfg  0x80002090       0x6c src/Application/app/app.o
 .text.app_payload_tx_proc
                0x800020fc       0x14 src/Application/app/app.o
 .text.FD_brdcst_func
                0x80002110       0x14 src/Application/app/app.o
                0x80002110                FD_brdcst_func
 .text.FD_reply_func
                0x80002124       0x14 src/Application/app/app.o
                0x80002124                FD_reply_func
 .text.FD_request_func
                0x80002138       0x14 src/Application/app/app.o
                0x80002138                FD_request_func
 .text.EnOB_brdcst_func
                0x8000214c       0x14 src/Application/app/app.o
                0x8000214c                EnOB_brdcst_func
 .text.EnOB_reply_func
                0x80002160       0x70 src/Application/app/app.o
                0x80002160                EnOB_reply_func
 .text.SingleDetection_brdcst_func
                0x800021d0       0x1c src/Application/app/app.o
                0x800021d0                SingleDetection_brdcst_func
 .text.ButtonConfig_brdcst_func
                0x800021ec       0xdc src/Application/app/app.o
                0x800021ec                ButtonConfig_brdcst_func
 .text.Phyuserinput_brdcst_func
                0x800022c8       0x44 src/Application/app/app.o
                0x800022c8                Phyuserinput_brdcst_func
 .text.ButtonConfig_reply_func
                0x8000230c       0x44 src/Application/app/app.o
                0x8000230c                ButtonConfig_reply_func
 .text.DataSession_brdcst_func
                0x80002350       0xe0 src/Application/app/app.o
                0x80002350                DataSession_brdcst_func
 .text.DataSession_reply_func
                0x80002430       0x7c src/Application/app/app.o
                0x80002430                DataSession_reply_func
 .text.CallControl_brdcst_func
                0x800024ac       0x44 src/Application/app/app.o
                0x800024ac                CallControl_brdcst_func
 .text.TransmitControl_brdcst_func
                0x800024f0       0x48 src/Application/app/app.o
                0x800024f0                TransmitControl_brdcst_func
 .text.TransmitControl_reply_func
                0x80002538       0x60 src/Application/app/app.o
                0x80002538                TransmitControl_reply_func
 .text.AudioRoutingControl_reply_func
                0x80002598       0x28 src/Application/app/app.o
                0x80002598                AudioRoutingControl_reply_func
 .text.Volume_reply_func
                0x800025c0       0x64 src/Application/app/app.o
                0x800025c0                Volume_reply_func
 .text.spk_brdcst_func
                0x80002624       0x38 src/Application/app/app.o
                0x80002624                spk_brdcst_func
 .text.spk_reply_func
                0x8000265c       0x48 src/Application/app/app.o
                0x8000265c                spk_reply_func
 .text.mic_brdcst_func
                0x800026a4       0x58 src/Application/app/app.o
                0x800026a4                mic_brdcst_func
 .text.mic_reply_func
                0x800026fc       0x94 src/Application/app/app.o
                0x800026fc                mic_reply_func
 .text.dcm_brdcst_func
                0x80002790       0x48 src/Application/app/app.o
                0x80002790                dcm_brdcst_func
 .text.dcm_reply_func
                0x800027d8       0x68 src/Application/app/app.o
                0x800027d8                dcm_reply_func
 .text.ToneControl_reply_func
                0x80002840       0x28 src/Application/app/app.o
                0x80002840                ToneControl_reply_func
 .text.app_payload_rx_proc
                0x80002868       0x4c src/Application/app/app.o
 .text.DeviceInitializationStatus_brdcst_func
                0x800028b4       0x38 src/Application/app/app.o
                0x800028b4                DeviceInitializationStatus_brdcst_func
 .text.CalculateBurst
                0x800028ec       0x1c src/Application/radio/ambe.o
                0x800028ec                CalculateBurst
 .text.payload_init
                0x80002908       0x38 src/Application/radio/payload.o
                0x80002908                payload_init
 .text.payload_rx_process
                0x80002940       0x4c src/Application/radio/payload.o
 .text.set_idle_store_isr
                0x8000298c       0x1c src/Application/radio/physical.o
                0x8000298c                set_idle_store_isr
 .text.phy_rx   0x800029a8       0x38 src/Application/radio/physical.o
                0x800029a8                phy_rx
 .text.set_idle_store
                0x800029e0       0x20 src/Application/radio/physical.o
                0x800029e0                set_idle_store
 .text.phy_tx   0x80002a00       0x5c src/Application/radio/physical.o
                0x80002a00                phy_tx
 .text.get_idle_store_isr
                0x80002a5c       0x28 src/Application/radio/physical.o
                0x80002a5c                get_idle_store_isr
 .text.phy_tx_func
                0x80002a84      0x4c8 src/Application/radio/physical.o
 .text.get_idle_store
                0x80002f4c       0x28 src/Application/radio/physical.o
                0x80002f4c                get_idle_store
 .text.phy_init
                0x80002f74       0x28 src/Application/radio/physical.o
                0x80002f74                phy_init
 .text.payload_rx
                0x80002f9c       0x60 src/Application/radio/physical.o
 .text.phy_rx_func
                0x80002ffc      0xf24 src/Application/radio/physical.o
 .text.pdca_int_handler
                0x80003f20       0x74 src/Application/radio/ssc.o
 .text.local_start_SSC
                0x80003f94       0x44 src/Application/radio/ssc.o
                0x80003f94                local_start_SSC
 .text.local_start_PDC
                0x80003fd8       0x6c src/Application/radio/ssc.o
                0x80003fd8                local_start_PDC
 .text.register_rx_tx_func
                0x80004044       0x14 src/Application/radio/ssc.o
                0x80004044                register_rx_tx_func
 .text.ssc_init
                0x80004058       0x68 src/Application/radio/ssc.o
                0x80004058                ssc_init
 .text.xcmp_register_app_list
                0x800040c0        0xc src/Application/radio/xcmp.o
                0x800040c0                xcmp_register_app_list
 .text.xcmp_tx  0x800040cc       0x48 src/Application/radio/xcmp.o
 .text.xcmp_data_session_req
                0x80004114       0x8c src/Application/radio/xcmp.o
                0x80004114                xcmp_data_session_req
 .text.xcmp_DeviceInitializationStatus_request
                0x800041a0       0x40 src/Application/radio/xcmp.o
                0x800041a0                xcmp_DeviceInitializationStatus_request
 .text.xcmp_opcode_not_supported
                0x800041e0       0x24 src/Application/radio/xcmp.o
                0x800041e0                xcmp_opcode_not_supported
 .text.xcmp_exec_func
                0x80004204       0x48 src/Application/radio/xcmp.o
 .text.xcmp_IdleTestTone
                0x8000424c       0x60 src/Application/radio/xcmp.o
                0x8000424c                xcmp_IdleTestTone
 .text.xcmp_init
                0x800042ac       0x54 src/Application/radio/xcmp.o
                0x800042ac                xcmp_init
 .text.xcmp_rx_process
                0x80004300       0xfc src/Application/radio/xcmp.o
 .text.xcmp_rx  0x800043fc       0x4c src/Application/radio/xcmp.o
 .text.xnl_register_xcmp_func
                0x80004448        0xc src/Application/radio/xnl.o
                0x80004448                xnl_register_xcmp_func
 .text.xnl_get_msg_ack_func
                0x80004454       0x2c src/Application/radio/xnl.o
                0x80004454                xnl_get_msg_ack_func
 .text.xnl_init
                0x80004480      0x12c src/Application/radio/xnl.o
                0x80004480                xnl_init
 .text.xnl_rx_process
                0x800045ac       0x60 src/Application/radio/xnl.o
 .text.xnl_tx_process
                0x8000460c       0xcc src/Application/radio/xnl.o
 .text.xnl_tx   0x800046d8       0xe4 src/Application/radio/xnl.o
                0x800046d8                xnl_tx
 .text.xnl_data_msg_func
                0x800047bc       0x60 src/Application/radio/xnl.o
                0x800047bc                xnl_data_msg_func
 .text.xnl_device_auth_reply_func
                0x8000481c      0x120 src/Application/radio/xnl.o
                0x8000481c                xnl_device_auth_reply_func
 .text.xnl_master_status_brdcst_func
                0x8000493c       0x60 src/Application/radio/xnl.o
                0x8000493c                xnl_master_status_brdcst_func
 .text.xnl_device_conn_reply_func
                0x8000499c       0x5c src/Application/radio/xnl.o
                0x8000499c                xnl_device_conn_reply_func
 .text.xnl_send_device_master_query
                0x800049f8       0x30 src/Application/radio/xnl.o
                0x800049f8                xnl_send_device_master_query
 .text.delay_ns
                0x80004a28       0x16 src/Application/RFID/MFRC522/rc522.o
                0x80004a28                delay_ns
 *fill*         0x80004a3e        0x2 d703d703
 .text.delay_us
                0x80004a40       0x28 src/Application/RFID/MFRC522/rc522.o
                0x80004a40                delay_us
 .text.delay_ms
                0x80004a68       0x28 src/Application/RFID/MFRC522/rc522.o
                0x80004a68                delay_ms
 .text.RC522_SPI_SetSpeed
                0x80004a90       0x24 src/Application/RFID/MFRC522/rc522.o
                0x80004a90                RC522_SPI_SetSpeed
 .text.RC522_SPI_SetSpeedLow
                0x80004ab4       0x10 src/Application/RFID/MFRC522/rc522.o
                0x80004ab4                RC522_SPI_SetSpeedLow
 .text.RC522_ReadByte
                0x80004ac4       0x44 src/Application/RFID/MFRC522/rc522.o
                0x80004ac4                RC522_ReadByte
 .text.RC522_WriteByte
                0x80004b08       0x4c src/Application/RFID/MFRC522/rc522.o
                0x80004b08                RC522_WriteByte
 .text.WriteRawRC
                0x80004b54       0x38 src/Application/RFID/MFRC522/rc522.o
                0x80004b54                WriteRawRC
 .text.PcdReset
                0x80004b8c       0x80 src/Application/RFID/MFRC522/rc522.o
                0x80004b8c                PcdReset
 .text.ReadRawRC
                0x80004c0c       0x40 src/Application/RFID/MFRC522/rc522.o
                0x80004c0c                ReadRawRC
 .text.SetBitMask
                0x80004c4c       0x24 src/Application/RFID/MFRC522/rc522.o
                0x80004c4c                SetBitMask
 .text.PcdAntennaOn
                0x80004c70       0x20 src/Application/RFID/MFRC522/rc522.o
                0x80004c70                PcdAntennaOn
 .text.ClearBitMask
                0x80004c90       0x28 src/Application/RFID/MFRC522/rc522.o
                0x80004c90                ClearBitMask
 .text.PcdAntennaOff
                0x80004cb8       0x10 src/Application/RFID/MFRC522/rc522.o
                0x80004cb8                PcdAntennaOff
 .text.M500PcdConfigISOType
                0x80004cc8       0x70 src/Application/RFID/MFRC522/rc522.o
                0x80004cc8                M500PcdConfigISOType
 .text.rc522_init
                0x80004d38       0xd0 src/Application/RFID/MFRC522/rc522.o
                0x80004d38                rc522_init
 .text.PcdComMF522
                0x80004e08      0x178 src/Application/RFID/MFRC522/rc522.o
                0x80004e08                PcdComMF522
 .text.PcdAnticoll
                0x80004f80       0x84 src/Application/RFID/MFRC522/rc522.o
                0x80004f80                PcdAnticoll
 .text.PcdRequest
                0x80005004       0x64 src/Application/RFID/MFRC522/rc522.o
                0x80005004                PcdRequest
 .text.CalulateCRC
                0x80005068       0x8c src/Application/RFID/MFRC522/rc522.o
                0x80005068                CalulateCRC
 .text.PcdSelect
                0x800050f4       0x74 src/Application/RFID/MFRC522/rc522.o
                0x800050f4                PcdSelect
 .text.rfid_auto_reader
                0x80005168      0x110 src/Application/RFID/RFID.o
                0x80005168                rfid_auto_reader
 .text.rfid_sendID_message
                0x80005278      0x15c src/Application/RFID/RFID.o
                0x80005278                rfid_sendID_message
 .text.rfid_init
                0x800053d4        0xc src/Application/RFID/RFID.o
                0x800053d4                rfid_init
 .text.local_start_pll0
                0x800053e0       0x50 src/Application/rtc/rtc.o
                0x800053e0                local_start_pll0
 .text.local_start_timer
                0x80005430       0x3a src/Application/timers/timer.o
                0x80005430                local_start_timer
 .text.gpio_enable_module_pin
                0x8000546a       0x52 src/ASF/avr32/drivers/gpio/gpio.o
                0x8000546a                gpio_enable_module_pin
 .text.gpio_enable_module
                0x800054bc       0x30 src/ASF/avr32/drivers/gpio/gpio.o
                0x800054bc                gpio_enable_module
 .text.gpio_enable_gpio_pin
                0x800054ec       0x18 src/ASF/avr32/drivers/gpio/gpio.o
                0x800054ec                gpio_enable_gpio_pin
 .text.gpio_set_gpio_pin
                0x80005504       0x1c src/ASF/avr32/drivers/gpio/gpio.o
                0x80005504                gpio_set_gpio_pin
 .text.gpio_clr_gpio_pin
                0x80005520       0x1c src/ASF/avr32/drivers/gpio/gpio.o
                0x80005520                gpio_clr_gpio_pin
 .text._unhandled_interrupt
                0x8000553c        0x2 src/ASF/avr32/drivers/intc/intc.o
 *fill*         0x8000553e        0x2 d703d703
 .text.INTC_register_interrupt
                0x80005540       0x80 src/ASF/avr32/drivers/intc/intc.o
                0x80005540                INTC_register_interrupt
 .text.INTC_init_interrupts
                0x800055c0       0x54 src/ASF/avr32/drivers/intc/intc.o
                0x800055c0                INTC_init_interrupts
 .text._get_interrupt_handler
                0x80005614       0x38 src/ASF/avr32/drivers/intc/intc.o
                0x80005614                _get_interrupt_handler
 .text.getBaudDiv
                0x8000564c       0x20 src/ASF/avr32/drivers/spi/spi.o
                0x8000564c                getBaudDiv
 .text.spi_initMaster
                0x8000566c       0x38 src/ASF/avr32/drivers/spi/spi.o
                0x8000566c                spi_initMaster
 .text.spi_selectionMode
                0x800056a4       0x2c src/ASF/avr32/drivers/spi/spi.o
                0x800056a4                spi_selectionMode
 .text.spi_enable
                0x800056d0        0x6 src/ASF/avr32/drivers/spi/spi.o
                0x800056d0                spi_enable
 .text.spi_write
                0x800056d6       0x1c src/ASF/avr32/drivers/spi/spi.o
                0x800056d6                spi_write
 .text.spi_read
                0x800056f2       0x20 src/ASF/avr32/drivers/spi/spi.o
                0x800056f2                spi_read
 *fill*         0x80005712        0x2 d703d703
 .text.spi_setupChipReg
                0x80005714       0xe8 src/ASF/avr32/drivers/spi/spi.o
                0x80005714                spi_setupChipReg
 .text.spi_unselectChip
                0x800057fc       0x40 src/ASF/avr32/drivers/spi/spi.o
                0x800057fc                spi_unselectChip
 .text.spi_selectChip
                0x8000583c       0x78 src/ASF/avr32/drivers/spi/spi.o
                0x8000583c                spi_selectChip
 .text.usart_set_async_baudrate
                0x800058b4       0x5a src/ASF/avr32/drivers/usart/usart.o
 .text.usart_write_char
                0x8000590e       0x14 src/ASF/avr32/drivers/usart/usart.o
                0x8000590e                usart_write_char
 *fill*         0x80005922        0x2 d703d703
 .text.usart_putchar
                0x80005924       0x2c src/ASF/avr32/drivers/usart/usart.o
                0x80005924                usart_putchar
 .text.usart_read_char
                0x80005950       0x22 src/ASF/avr32/drivers/usart/usart.o
                0x80005950                usart_read_char
 *fill*         0x80005972        0x2 d703d703
 .text.usart_getchar
                0x80005974       0x2c src/ASF/avr32/drivers/usart/usart.o
                0x80005974                usart_getchar
 .text.usart_write_line
                0x800059a0       0x24 src/ASF/avr32/drivers/usart/usart.o
                0x800059a0                usart_write_line
 .text.usart_reset
                0x800059c4       0x2c src/ASF/avr32/drivers/usart/usart.o
                0x800059c4                usart_reset
 .text.usart_init_rs232
                0x800059f0       0xcc src/ASF/avr32/drivers/usart/usart.o
                0x800059f0                usart_init_rs232
 .text._stext   0x80005abc       0x40 src/ASF/avr32/utils/startup/startup_uc3.o
                                 0x50 (size before relaxing)
                0x80005abc                _stext
 .text.vListInitialise
                0x80005afc       0x14 src/ASF/thirdparty/freertos/freertos-7.0.0/source/list.o
                0x80005afc                vListInitialise
 .text.vListInitialiseItem
                0x80005b10        0x6 src/ASF/thirdparty/freertos/freertos-7.0.0/source/list.o
                0x80005b10                vListInitialiseItem
 .text.vListInsertEnd
                0x80005b16       0x1c src/ASF/thirdparty/freertos/freertos-7.0.0/source/list.o
                0x80005b16                vListInsertEnd
 .text.vListInsert
                0x80005b32       0x34 src/ASF/thirdparty/freertos/freertos-7.0.0/source/list.o
                0x80005b32                vListInsert
 .text.vListRemove
                0x80005b66       0x26 src/ASF/thirdparty/freertos/freertos-7.0.0/source/list.o
                0x80005b66                vListRemove
 .text.pxPortInitialiseStack
                0x80005b8c       0x92 src/ASF/thirdparty/freertos/freertos-7.0.0/source/portable/gcc/avr32_uc3/port.o
                0x80005b8c                pxPortInitialiseStack
 *fill*         0x80005c1e        0x2 d703d703
 .text.vPortEnterCritical
                0x80005c20       0x10 src/ASF/thirdparty/freertos/freertos-7.0.0/source/portable/gcc/avr32_uc3/port.o
                0x80005c20                vPortEnterCritical
 .text.xPortStartScheduler
                0x80005c30       0x58 src/ASF/thirdparty/freertos/freertos-7.0.0/source/portable/gcc/avr32_uc3/port.o
                0x80005c30                xPortStartScheduler
 .text.SCALLYield
                0x80005c88       0x98 src/ASF/thirdparty/freertos/freertos-7.0.0/source/portable/gcc/avr32_uc3/port.o
                0x80005c88                SCALLYield
 .text.prvClearCcInt
                0x80005d20        0xa src/ASF/thirdparty/freertos/freertos-7.0.0/source/portable/gcc/avr32_uc3/port.o
 *fill*         0x80005d2a        0x2 d703d703
 .text.vPortExitCritical
                0x80005d2c       0x20 src/ASF/thirdparty/freertos/freertos-7.0.0/source/portable/gcc/avr32_uc3/port.o
                0x80005d2c                vPortExitCritical
 .text.vTick    0x80005d4c       0x84 src/ASF/thirdparty/freertos/freertos-7.0.0/source/portable/gcc/avr32_uc3/port.o
 .text.__malloc_lock
                0x80005dd0        0xc src/ASF/thirdparty/freertos/freertos-7.0.0/source/portable/gcc/avr32_uc3/port.o
                0x80005dd0                __malloc_lock
 .text.__malloc_unlock
                0x80005ddc        0xc src/ASF/thirdparty/freertos/freertos-7.0.0/source/portable/gcc/avr32_uc3/port.o
                0x80005ddc                __malloc_unlock
 .text._read    0x80005de8       0x40 src/ASF/thirdparty/freertos/freertos-7.0.0/source/portable/gcc/avr32_uc3/read.o
                0x80005de8                _read
 .text._write   0x80005e28       0x3c src/ASF/thirdparty/freertos/freertos-7.0.0/source/portable/gcc/avr32_uc3/write.o
                0x80005e28                _write
 .text.vPortFree
                0x80005e64       0x28 src/ASF/thirdparty/freertos/freertos-7.0.0/source/portable/memmang/heap_3.o
                0x80005e64                vPortFree
 .text.pvPortMalloc
                0x80005e8c       0x28 src/ASF/thirdparty/freertos/freertos-7.0.0/source/portable/memmang/heap_3.o
                0x80005e8c                pvPortMalloc
 .text.prvCopyDataFromQueue
                0x80005eb4       0x30 src/ASF/thirdparty/freertos/freertos-7.0.0/source/queue.o
 .text.xQueueReceiveFromISR
                0x80005ee4       0x50 src/ASF/thirdparty/freertos/freertos-7.0.0/source/queue.o
                0x80005ee4                xQueueReceiveFromISR
 .text.prvUnlockQueue
                0x80005f34       0xa0 src/ASF/thirdparty/freertos/freertos-7.0.0/source/queue.o
 .text.xQueueGenericReceive
                0x80005fd4      0x144 src/ASF/thirdparty/freertos/freertos-7.0.0/source/queue.o
                0x80005fd4                xQueueGenericReceive
 .text.prvCopyDataToQueue
                0x80006118       0x78 src/ASF/thirdparty/freertos/freertos-7.0.0/source/queue.o
 .text.xQueueGenericSendFromISR
                0x80006190       0x50 src/ASF/thirdparty/freertos/freertos-7.0.0/source/queue.o
                0x80006190                xQueueGenericSendFromISR
 .text.xQueueGenericSend
                0x800061e0      0x100 src/ASF/thirdparty/freertos/freertos-7.0.0/source/queue.o
                0x800061e0                xQueueGenericSend
 .text.xQueueCreate
                0x800062e0       0x74 src/ASF/thirdparty/freertos/freertos-7.0.0/source/queue.o
                0x800062e0                xQueueCreate
 .text.vTaskSuspendAll
                0x80006354       0x10 src/ASF/thirdparty/freertos/freertos-7.0.0/source/tasks.o
                0x80006354                vTaskSuspendAll
 .text.vTaskSwitchContext
                0x80006364       0x7c src/ASF/thirdparty/freertos/freertos-7.0.0/source/tasks.o
                0x80006364                vTaskSwitchContext
 .text.vTaskSetTimeOutState
                0x800063e0       0x18 src/ASF/thirdparty/freertos/freertos-7.0.0/source/tasks.o
                0x800063e0                vTaskSetTimeOutState
 .text.vTaskMissedYield
                0x800063f8        0xc src/ASF/thirdparty/freertos/freertos-7.0.0/source/tasks.o
                0x800063f8                vTaskMissedYield
 .text.xTaskGetCurrentTaskHandle
                0x80006404        0xc src/ASF/thirdparty/freertos/freertos-7.0.0/source/tasks.o
                0x80006404                xTaskGetCurrentTaskHandle
 .text.vTaskPriorityDisinherit
                0x80006410       0x58 src/ASF/thirdparty/freertos/freertos-7.0.0/source/tasks.o
                0x80006410                vTaskPriorityDisinherit
 .text.vTaskPriorityInherit
                0x80006468       0x84 src/ASF/thirdparty/freertos/freertos-7.0.0/source/tasks.o
                0x80006468                vTaskPriorityInherit
 .text.xTaskRemoveFromEventList
                0x800064ec       0x7c src/ASF/thirdparty/freertos/freertos-7.0.0/source/tasks.o
                0x800064ec                xTaskRemoveFromEventList
 .text.vTaskIncrementTick
                0x80006568      0x114 src/ASF/thirdparty/freertos/freertos-7.0.0/source/tasks.o
                0x80006568                vTaskIncrementTick
 .text.xTaskCheckForTimeOut
                0x8000667c       0x70 src/ASF/thirdparty/freertos/freertos-7.0.0/source/tasks.o
                0x8000667c                xTaskCheckForTimeOut
 .text.xTaskGetTickCount
                0x800066ec       0x24 src/ASF/thirdparty/freertos/freertos-7.0.0/source/tasks.o
                0x800066ec                xTaskGetTickCount
 .text.xTaskResumeAll
                0x80006710       0xe8 src/ASF/thirdparty/freertos/freertos-7.0.0/source/tasks.o
                0x80006710                xTaskResumeAll
 .text.prvAddCurrentTaskToDelayedList
                0x800067f8       0x5c src/ASF/thirdparty/freertos/freertos-7.0.0/source/tasks.o
 .text.vTaskDelayUntil
                0x80006854       0x80 src/ASF/thirdparty/freertos/freertos-7.0.0/source/tasks.o
                0x80006854                vTaskDelayUntil
 .text.vTaskPlaceOnEventList
                0x800068d4       0x58 src/ASF/thirdparty/freertos/freertos-7.0.0/source/tasks.o
                0x800068d4                vTaskPlaceOnEventList
 .text.prvIdleTask
                0x8000692c       0x88 src/ASF/thirdparty/freertos/freertos-7.0.0/source/tasks.o
 .text.xTaskGenericCreate
                0x800069b4      0x1e8 src/ASF/thirdparty/freertos/freertos-7.0.0/source/tasks.o
                0x800069b4                xTaskGenericCreate
 .text.vTaskStartScheduler
                0x80006b9c       0x4c src/ASF/thirdparty/freertos/freertos-7.0.0/source/tasks.o
                0x80006b9c                vTaskStartScheduler
 .text.PrintChar
                0x80006be8        0x4 src/Log/log.o
                0x80006be8                PrintChar
 .text.PrintHex
                0x80006bec       0xb2 src/Log/log.o
                0x80006bec                PrintHex
 .text.PrintDec
                0x80006c9e       0xda src/Log/log.o
                0x80006c9e                PrintDec
 .text.log      0x80006d78      0x18c src/Log/log.o
                0x80006d78                log
 .text.logFromISR
                0x80006f04      0x180 src/Log/log.o
                0x80006f04                logFromISR
 .text.log_init
                0x80007084       0x68 src/Log/log.o
                0x80007084                log_init
 .text.task_log
                0x800070ec       0x44 src/Log/log.o
 .text.main     0x80007130       0x84 src/main.o
                0x80007130                main
 .text.free     0x800071b4       0x10 d:/program files (x86)/atmel/studio/7.0/toolchain/avr32/avr32-gnu-toolchain/bin/../lib/gcc/avr32/4.4.7/../../../../avr32/lib/ucr2\libc.a(lib_a-malloc.o)
                                 0x18 (size before relaxing)
                0x800071b4                free
 .text.malloc   0x800071c4       0x10 d:/program files (x86)/atmel/studio/7.0/toolchain/avr32/avr32-gnu-toolchain/bin/../lib/gcc/avr32/4.4.7/../../../../avr32/lib/ucr2\libc.a(lib_a-malloc.o)
                                 0x18 (size before relaxing)
                0x800071c4                malloc
 .text._malloc_r
                0x800071d4      0x438 d:/program files (x86)/atmel/studio/7.0/toolchain/avr32/avr32-gnu-toolchain/bin/../lib/gcc/avr32/4.4.7/../../../../avr32/lib/ucr2\libc.a(lib_a-mallocr.o)
                                0x450 (size before relaxing)
                0x800071d4                _malloc_r
 .text          0x8000760c      0x148 d:/program files (x86)/atmel/studio/7.0/toolchain/avr32/avr32-gnu-toolchain/bin/../lib/gcc/avr32/4.4.7/../../../../avr32/lib/ucr2\libc.a(lib_a-memcpy.o)
                0x8000760c                memcpy
 .text.memset   0x80007754        0xe d:/program files (x86)/atmel/studio/7.0/toolchain/avr32/avr32-gnu-toolchain/bin/../lib/gcc/avr32/4.4.7/../../../../avr32/lib/ucr2\libc.a(lib_a-memset.o)
                0x80007754                memset
 *fill*         0x80007762        0x2 d703d703
 .text._realloc_r
                0x80007764      0x2c0 d:/program files (x86)/atmel/studio/7.0/toolchain/avr32/avr32-gnu-toolchain/bin/../lib/gcc/avr32/4.4.7/../../../../avr32/lib/ucr2\libc.a(lib_a-reallocr.o)
                                0x2e0 (size before relaxing)
                0x80007764                _realloc_r
 .text._sbrk_r  0x80007a24       0x20 d:/program files (x86)/atmel/studio/7.0/toolchain/avr32/avr32-gnu-toolchain/bin/../lib/gcc/avr32/4.4.7/../../../../avr32/lib/ucr2\libc.a(lib_a-sbrkr.o)
                                 0x28 (size before relaxing)
                0x80007a24                _sbrk_r
 .text.sprintf  0x80007a44       0x3c d:/program files (x86)/atmel/studio/7.0/toolchain/avr32/avr32-gnu-toolchain/bin/../lib/gcc/avr32/4.4.7/../../../../avr32/lib/ucr2\libc.a(lib_a-sprintf.o)
                                 0x40 (size before relaxing)
                0x80007a44                sprintf
 .text          0x80007a80       0x20 d:/program files (x86)/atmel/studio/7.0/toolchain/avr32/avr32-gnu-toolchain/bin/../lib/gcc/avr32/4.4.7/../../../../avr32/lib/ucr2\libc.a(lib_a-strncpy.o)
                0x80007a80                strncpy
 .text._close   0x80007aa0       0x14 d:/program files (x86)/atmel/studio/7.0/toolchain/avr32/avr32-gnu-toolchain/bin/../lib/gcc/avr32/4.4.7/../../../../avr32/lib/ucr2\libc.a(lib_a-syscalls.o)
                                 0x18 (size before relaxing)
                0x80007aa0                _close
 .text._lseek   0x80007ab4       0x14 d:/program files (x86)/atmel/studio/7.0/toolchain/avr32/avr32-gnu-toolchain/bin/../lib/gcc/avr32/4.4.7/../../../../avr32/lib/ucr2\libc.a(lib_a-syscalls.o)
                                 0x18 (size before relaxing)
                0x80007ab4                _lseek
 .text.isatty   0x80007ac8       0x14 d:/program files (x86)/atmel/studio/7.0/toolchain/avr32/avr32-gnu-toolchain/bin/../lib/gcc/avr32/4.4.7/../../../../avr32/lib/ucr2\libc.a(lib_a-syscalls.o)
                                 0x18 (size before relaxing)
                0x80007ac8                isatty
 .text._fstat_host
                0x80007adc       0x14 d:/program files (x86)/atmel/studio/7.0/toolchain/avr32/avr32-gnu-toolchain/bin/../lib/gcc/avr32/4.4.7/../../../../avr32/lib/ucr2\libc.a(lib_a-syscalls.o)
                                 0x18 (size before relaxing)
                0x80007adc                _fstat_host
 .text._fstat   0x80007af0       0x4c d:/program files (x86)/atmel/studio/7.0/toolchain/avr32/avr32-gnu-toolchain/bin/../lib/gcc/avr32/4.4.7/../../../../avr32/lib/ucr2\libc.a(lib_a-syscalls.o)
                                 0x50 (size before relaxing)
                0x80007af0                _fstat
 .text._sbrk    0x80007b3c       0x38 d:/program files (x86)/atmel/studio/7.0/toolchain/avr32/avr32-gnu-toolchain/bin/../lib/gcc/avr32/4.4.7/../../../../avr32/lib/ucr2\libc.a(lib_a-syscalls.o)
                                 0x40 (size before relaxing)
                0x80007b3c                _sbrk
 .text.get_arg  0x80007b74      0x314 d:/program files (x86)/atmel/studio/7.0/toolchain/avr32/avr32-gnu-toolchain/bin/../lib/gcc/avr32/4.4.7/../../../../avr32/lib/ucr2\libc.a(lib_a-vfprintf.o)
                                0x324 (size before relaxing)
 .text.__sprint_r
                0x80007e88       0x1c d:/program files (x86)/atmel/studio/7.0/toolchain/avr32/avr32-gnu-toolchain/bin/../lib/gcc/avr32/4.4.7/../../../../avr32/lib/ucr2\libc.a(lib_a-vfprintf.o)
                                 0x20 (size before relaxing)
 .text._vfprintf_r
                0x80007ea4     0x1f14 d:/program files (x86)/atmel/studio/7.0/toolchain/avr32/avr32-gnu-toolchain/bin/../lib/gcc/avr32/4.4.7/../../../../avr32/lib/ucr2\libc.a(lib_a-vfprintf.o)
                               0x1f9c (size before relaxing)
                0x80007ea4                _vfprintf_r
 .text.__swsetup_r
                0x80009db8       0xdc d:/program files (x86)/atmel/studio/7.0/toolchain/avr32/avr32-gnu-toolchain/bin/../lib/gcc/avr32/4.4.7/../../../../avr32/lib/ucr2\libc.a(lib_a-wsetup.o)
                                 0xe8 (size before relaxing)
                0x80009db8                __swsetup_r
 .text.quorem   0x80009e94      0x120 d:/program files (x86)/atmel/studio/7.0/toolchain/avr32/avr32-gnu-toolchain/bin/../lib/gcc/avr32/4.4.7/../../../../avr32/lib/ucr2\libc.a(lib_a-dtoa.o)
                                0x124 (size before relaxing)
 .text._dtoa_r  0x80009fb4      0xbdc d:/program files (x86)/atmel/studio/7.0/toolchain/avr32/avr32-gnu-toolchain/bin/../lib/gcc/avr32/4.4.7/../../../../avr32/lib/ucr2\libc.a(lib_a-dtoa.o)
                                0xc90 (size before relaxing)
                0x80009fb4                _dtoa_r
 .text.__errno  0x8000ab90        0xc d:/program files (x86)/atmel/studio/7.0/toolchain/avr32/avr32-gnu-toolchain/bin/../lib/gcc/avr32/4.4.7/../../../../avr32/lib/ucr2\libc.a(lib_a-errno.o)
                0x8000ab90                __errno
 .text._fflush_r
                0x8000ab9c      0x10c d:/program files (x86)/atmel/studio/7.0/toolchain/avr32/avr32-gnu-toolchain/bin/../lib/gcc/avr32/4.4.7/../../../../avr32/lib/ucr2\libc.a(lib_a-fflush.o)
                                0x118 (size before relaxing)
                0x8000ab9c                _fflush_r
 .text.__sfp_lock_acquire
                0x8000aca8        0x2 d:/program files (x86)/atmel/studio/7.0/toolchain/avr32/avr32-gnu-toolchain/bin/../lib/gcc/avr32/4.4.7/../../../../avr32/lib/ucr2\libc.a(lib_a-findfp.o)
                0x8000aca8                __sfp_lock_acquire
 .text.__sfp_lock_release
                0x8000acaa        0x2 d:/program files (x86)/atmel/studio/7.0/toolchain/avr32/avr32-gnu-toolchain/bin/../lib/gcc/avr32/4.4.7/../../../../avr32/lib/ucr2\libc.a(lib_a-findfp.o)
                0x8000acaa                __sfp_lock_release
 .text._cleanup_r
                0x8000acac        0xc d:/program files (x86)/atmel/studio/7.0/toolchain/avr32/avr32-gnu-toolchain/bin/../lib/gcc/avr32/4.4.7/../../../../avr32/lib/ucr2\libc.a(lib_a-findfp.o)
                                 0x14 (size before relaxing)
                0x8000acac                _cleanup_r
 .text.__sfmoreglue
                0x8000acb8       0x28 d:/program files (x86)/atmel/studio/7.0/toolchain/avr32/avr32-gnu-toolchain/bin/../lib/gcc/avr32/4.4.7/../../../../avr32/lib/ucr2\libc.a(lib_a-findfp.o)
                                 0x30 (size before relaxing)
                0x8000acb8                __sfmoreglue
 .text.__sfp    0x8000ace0       0x6c d:/program files (x86)/atmel/studio/7.0/toolchain/avr32/avr32-gnu-toolchain/bin/../lib/gcc/avr32/4.4.7/../../../../avr32/lib/ucr2\libc.a(lib_a-findfp.o)
                                 0x7c (size before relaxing)
                0x8000ace0                __sfp
 .text.__sinit  0x8000ad4c       0x9c d:/program files (x86)/atmel/studio/7.0/toolchain/avr32/avr32-gnu-toolchain/bin/../lib/gcc/avr32/4.4.7/../../../../avr32/lib/ucr2\libc.a(lib_a-findfp.o)
                                 0xb0 (size before relaxing)
                0x8000ad4c                __sinit
 .text._malloc_trim_r
                0x8000ade8       0x98 d:/program files (x86)/atmel/studio/7.0/toolchain/avr32/avr32-gnu-toolchain/bin/../lib/gcc/avr32/4.4.7/../../../../avr32/lib/ucr2\libc.a(lib_a-freer.o)
                                 0xa8 (size before relaxing)
                0x8000ade8                _malloc_trim_r
 .text._free_r  0x8000ae80      0x18c d:/program files (x86)/atmel/studio/7.0/toolchain/avr32/avr32-gnu-toolchain/bin/../lib/gcc/avr32/4.4.7/../../../../avr32/lib/ucr2\libc.a(lib_a-freer.o)
                                0x1a0 (size before relaxing)
                0x8000ae80                _free_r
 .text.__sfvwrite_r
                0x8000b00c      0x294 d:/program files (x86)/atmel/studio/7.0/toolchain/avr32/avr32-gnu-toolchain/bin/../lib/gcc/avr32/4.4.7/../../../../avr32/lib/ucr2\libc.a(lib_a-fvwrite.o)
                                0x2c4 (size before relaxing)
                0x8000b00c                __sfvwrite_r
 .text._fwalk   0x8000b2a0       0x4c d:/program files (x86)/atmel/studio/7.0/toolchain/avr32/avr32-gnu-toolchain/bin/../lib/gcc/avr32/4.4.7/../../../../avr32/lib/ucr2\libc.a(lib_a-fwalk.o)
                                 0x54 (size before relaxing)
                0x8000b2a0                _fwalk
 .text._localeconv_r
                0x8000b2ec        0x8 d:/program files (x86)/atmel/studio/7.0/toolchain/avr32/avr32-gnu-toolchain/bin/../lib/gcc/avr32/4.4.7/../../../../avr32/lib/ucr2\libc.a(lib_a-locale.o)
                0x8000b2ec                _localeconv_r
 .text.__smakebuf_r
                0x8000b2f4       0xbc d:/program files (x86)/atmel/studio/7.0/toolchain/avr32/avr32-gnu-toolchain/bin/../lib/gcc/avr32/4.4.7/../../../../avr32/lib/ucr2\libc.a(lib_a-makebuf.o)
                                 0xcc (size before relaxing)
                0x8000b2f4                __smakebuf_r
 .text.memchr   0x8000b3b0       0x16 d:/program files (x86)/atmel/studio/7.0/toolchain/avr32/avr32-gnu-toolchain/bin/../lib/gcc/avr32/4.4.7/../../../../avr32/lib/ucr2\libc.a(lib_a-memchr.o)
                0x8000b3b0                memchr
 .text.memmove  0x8000b3c6       0x3e d:/program files (x86)/atmel/studio/7.0/toolchain/avr32/avr32-gnu-toolchain/bin/../lib/gcc/avr32/4.4.7/../../../../avr32/lib/ucr2\libc.a(lib_a-memmove.o)
                0x8000b3c6                memmove
 .text.__hi0bits
                0x8000b404       0x60 d:/program files (x86)/atmel/studio/7.0/toolchain/avr32/avr32-gnu-toolchain/bin/../lib/gcc/avr32/4.4.7/../../../../avr32/lib/ucr2\libc.a(lib_a-mprec.o)
                0x8000b404                __hi0bits
 .text.__lo0bits
                0x8000b464       0x8e d:/program files (x86)/atmel/studio/7.0/toolchain/avr32/avr32-gnu-toolchain/bin/../lib/gcc/avr32/4.4.7/../../../../avr32/lib/ucr2\libc.a(lib_a-mprec.o)
                0x8000b464                __lo0bits
 .text.__mcmp   0x8000b4f2       0x32 d:/program files (x86)/atmel/studio/7.0/toolchain/avr32/avr32-gnu-toolchain/bin/../lib/gcc/avr32/4.4.7/../../../../avr32/lib/ucr2\libc.a(lib_a-mprec.o)
                0x8000b4f2                __mcmp
 .text._Bfree   0x8000b524       0x34 d:/program files (x86)/atmel/studio/7.0/toolchain/avr32/avr32-gnu-toolchain/bin/../lib/gcc/avr32/4.4.7/../../../../avr32/lib/ucr2\libc.a(lib_a-mprec.o)
                                 0x38 (size before relaxing)
                0x8000b524                _Bfree
 .text._Balloc  0x8000b558       0x70 d:/program files (x86)/atmel/studio/7.0/toolchain/avr32/avr32-gnu-toolchain/bin/../lib/gcc/avr32/4.4.7/../../../../avr32/lib/ucr2\libc.a(lib_a-mprec.o)
                                 0x78 (size before relaxing)
                0x8000b558                _Balloc
 .text.__d2b    0x8000b5c8       0xa0 d:/program files (x86)/atmel/studio/7.0/toolchain/avr32/avr32-gnu-toolchain/bin/../lib/gcc/avr32/4.4.7/../../../../avr32/lib/ucr2\libc.a(lib_a-mprec.o)
                                 0xb4 (size before relaxing)
                0x8000b5c8                __d2b
 .text.__mdiff  0x8000b668       0xd0 d:/program files (x86)/atmel/studio/7.0/toolchain/avr32/avr32-gnu-toolchain/bin/../lib/gcc/avr32/4.4.7/../../../../avr32/lib/ucr2\libc.a(lib_a-mprec.o)
                                 0xd8 (size before relaxing)
                0x8000b668                __mdiff
 .text.__lshift
                0x8000b738       0x88 d:/program files (x86)/atmel/studio/7.0/toolchain/avr32/avr32-gnu-toolchain/bin/../lib/gcc/avr32/4.4.7/../../../../avr32/lib/ucr2\libc.a(lib_a-mprec.o)
                                 0x94 (size before relaxing)
                0x8000b738                __lshift
 .text.__multiply
                0x8000b7c0      0x100 d:/program files (x86)/atmel/studio/7.0/toolchain/avr32/avr32-gnu-toolchain/bin/../lib/gcc/avr32/4.4.7/../../../../avr32/lib/ucr2\libc.a(lib_a-mprec.o)
                                0x108 (size before relaxing)
                0x8000b7c0                __multiply
 .text.__i2b    0x8000b8c0       0x10 d:/program files (x86)/atmel/studio/7.0/toolchain/avr32/avr32-gnu-toolchain/bin/../lib/gcc/avr32/4.4.7/../../../../avr32/lib/ucr2\libc.a(lib_a-mprec.o)
                                 0x18 (size before relaxing)
                0x8000b8c0                __i2b
 .text.__multadd
                0x8000b8d0       0x7c d:/program files (x86)/atmel/studio/7.0/toolchain/avr32/avr32-gnu-toolchain/bin/../lib/gcc/avr32/4.4.7/../../../../avr32/lib/ucr2\libc.a(lib_a-mprec.o)
                                 0x88 (size before relaxing)
                0x8000b8d0                __multadd
 .text.__pow5mult
                0x8000b94c       0x8c d:/program files (x86)/atmel/studio/7.0/toolchain/avr32/avr32-gnu-toolchain/bin/../lib/gcc/avr32/4.4.7/../../../../avr32/lib/ucr2\libc.a(lib_a-mprec.o)
                                 0xac (size before relaxing)
                0x8000b94c                __pow5mult
 .text.__isinfd
                0x8000b9d8       0x2a d:/program files (x86)/atmel/studio/7.0/toolchain/avr32/avr32-gnu-toolchain/bin/../lib/gcc/avr32/4.4.7/../../../../avr32/lib/ucr2\libc.a(lib_a-s_isinfd.o)
                0x8000b9d8                __isinfd
 .text.__isnand
                0x8000ba02       0x1c d:/program files (x86)/atmel/studio/7.0/toolchain/avr32/avr32-gnu-toolchain/bin/../lib/gcc/avr32/4.4.7/../../../../avr32/lib/ucr2\libc.a(lib_a-s_isnand.o)
                0x8000ba02                __isnand
 *fill*         0x8000ba1e        0x2 d703d703
 .text.__sclose
                0x8000ba20        0x8 d:/program files (x86)/atmel/studio/7.0/toolchain/avr32/avr32-gnu-toolchain/bin/../lib/gcc/avr32/4.4.7/../../../../avr32/lib/ucr2\libc.a(lib_a-stdio.o)
                                 0x10 (size before relaxing)
                0x8000ba20                __sclose
 .text.__sseek  0x8000ba28       0x20 d:/program files (x86)/atmel/studio/7.0/toolchain/avr32/avr32-gnu-toolchain/bin/../lib/gcc/avr32/4.4.7/../../../../avr32/lib/ucr2\libc.a(lib_a-stdio.o)
                                 0x28 (size before relaxing)
                0x8000ba28                __sseek
 .text.__swrite
                0x8000ba48       0x2c d:/program files (x86)/atmel/studio/7.0/toolchain/avr32/avr32-gnu-toolchain/bin/../lib/gcc/avr32/4.4.7/../../../../avr32/lib/ucr2\libc.a(lib_a-stdio.o)
                                 0x38 (size before relaxing)
                0x8000ba48                __swrite
 .text.__sread  0x8000ba74       0x1c d:/program files (x86)/atmel/studio/7.0/toolchain/avr32/avr32-gnu-toolchain/bin/../lib/gcc/avr32/4.4.7/../../../../avr32/lib/ucr2\libc.a(lib_a-stdio.o)
                                 0x24 (size before relaxing)
                0x8000ba74                __sread
 .text.strlen   0x8000ba90       0x16 d:/program files (x86)/atmel/studio/7.0/toolchain/avr32/avr32-gnu-toolchain/bin/../lib/gcc/avr32/4.4.7/../../../../avr32/lib/ucr2\libc.a(lib_a-strlen.o)
                0x8000ba90                strlen
 *fill*         0x8000baa6        0x2 d703d703
 .text._write_r
                0x8000baa8       0x28 d:/program files (x86)/atmel/studio/7.0/toolchain/avr32/avr32-gnu-toolchain/bin/../lib/gcc/avr32/4.4.7/../../../../avr32/lib/ucr2\libc.a(lib_a-writer.o)
                                 0x2c (size before relaxing)
                0x8000baa8                _write_r
 .text._calloc_r
                0x8000bad0       0x58 d:/program files (x86)/atmel/studio/7.0/toolchain/avr32/avr32-gnu-toolchain/bin/../lib/gcc/avr32/4.4.7/../../../../avr32/lib/ucr2\libc.a(lib_a-callocr.o)
                                 0x60 (size before relaxing)
                0x8000bad0                _calloc_r
 .text._close_r
                0x8000bb28       0x20 d:/program files (x86)/atmel/studio/7.0/toolchain/avr32/avr32-gnu-toolchain/bin/../lib/gcc/avr32/4.4.7/../../../../avr32/lib/ucr2\libc.a(lib_a-closer.o)
                                 0x28 (size before relaxing)
                0x8000bb28                _close_r
 .text._fclose_r
                0x8000bb48       0xb8 d:/program files (x86)/atmel/studio/7.0/toolchain/avr32/avr32-gnu-toolchain/bin/../lib/gcc/avr32/4.4.7/../../../../avr32/lib/ucr2\libc.a(lib_a-fclose.o)
                                 0xd0 (size before relaxing)
                0x8000bb48                _fclose_r
 .text.fclose   0x8000bc00       0x10 d:/program files (x86)/atmel/studio/7.0/toolchain/avr32/avr32-gnu-toolchain/bin/../lib/gcc/avr32/4.4.7/../../../../avr32/lib/ucr2\libc.a(lib_a-fclose.o)
                                 0x18 (size before relaxing)
                0x8000bc00                fclose
 .text._fstat_r
                0x8000bc10       0x24 d:/program files (x86)/atmel/studio/7.0/toolchain/avr32/avr32-gnu-toolchain/bin/../lib/gcc/avr32/4.4.7/../../../../avr32/lib/ucr2\libc.a(lib_a-fstatr.o)
                                 0x2c (size before relaxing)
                0x8000bc10                _fstat_r
 .text._lseek_r
                0x8000bc34       0x28 d:/program files (x86)/atmel/studio/7.0/toolchain/avr32/avr32-gnu-toolchain/bin/../lib/gcc/avr32/4.4.7/../../../../avr32/lib/ucr2\libc.a(lib_a-lseekr.o)
                                 0x2c (size before relaxing)
                0x8000bc34                _lseek_r
 .text._read_r  0x8000bc5c       0x28 d:/program files (x86)/atmel/studio/7.0/toolchain/avr32/avr32-gnu-toolchain/bin/../lib/gcc/avr32/4.4.7/../../../../avr32/lib/ucr2\libc.a(lib_a-readr.o)
                                 0x2c (size before relaxing)
                0x8000bc5c                _read_r
 .text          0x8000bc84      0x1d4 d:/program files (x86)/atmel/studio/7.0/toolchain/avr32/avr32-gnu-toolchain/bin/../lib/gcc/avr32/4.4.7/ucr2\libgcc.a(_avr32_f64_mul.o)
                0x8000bc84                __avr32_f64_mul
 .text          0x8000be58      0x2b0 d:/program files (x86)/atmel/studio/7.0/toolchain/avr32/avr32-gnu-toolchain/bin/../lib/gcc/avr32/4.4.7/ucr2\libgcc.a(_avr32_f64_addsub.o)
                0x8000be5c                __avr32_f64_sub
                0x8000bff8                __avr32_f64_add
 .text          0x8000c108       0x2a d:/program files (x86)/atmel/studio/7.0/toolchain/avr32/avr32-gnu-toolchain/bin/../lib/gcc/avr32/4.4.7/ucr2\libgcc.a(_avr32_f64_to_s32.o)
                0x8000c108                __avr32_f64_to_u32
                0x8000c10c                __avr32_f64_to_s32
 .text          0x8000c132       0xe8 d:/program files (x86)/atmel/studio/7.0/toolchain/avr32/avr32-gnu-toolchain/bin/../lib/gcc/avr32/4.4.7/ucr2\libgcc.a(_avr32_s32_to_f64.o)
                0x8000c132                __avr32_u32_to_f64
                0x8000c13a                __avr32_s32_to_f64
 .text          0x8000c21a       0x26 d:/program files (x86)/atmel/studio/7.0/toolchain/avr32/avr32-gnu-toolchain/bin/../lib/gcc/avr32/4.4.7/ucr2\libgcc.a(_avr32_f64_cmp_eq.o)
                0x8000c21a                __avr32_f64_cmp_eq
 .text          0x8000c240       0x68 d:/program files (x86)/atmel/studio/7.0/toolchain/avr32/avr32-gnu-toolchain/bin/../lib/gcc/avr32/4.4.7/ucr2\libgcc.a(_avr32_f64_cmp_ge.o)
                0x8000c240                __avr32_f64_cmp_ge
 .text          0x8000c2a8       0x68 d:/program files (x86)/atmel/studio/7.0/toolchain/avr32/avr32-gnu-toolchain/bin/../lib/gcc/avr32/4.4.7/ucr2\libgcc.a(_avr32_f64_cmp_lt.o)
                0x8000c2a8                __avr32_f64_cmp_lt
 .text          0x8000c310      0x318 d:/program files (x86)/atmel/studio/7.0/toolchain/avr32/avr32-gnu-toolchain/bin/../lib/gcc/avr32/4.4.7/ucr2\libgcc.a(_avr32_f64_div.o)
                0x8000c310                __avr32_f64_div
 .text          0x8000c628      0x264 d:/program files (x86)/atmel/studio/7.0/toolchain/avr32/avr32-gnu-toolchain/bin/../lib/gcc/avr32/4.4.7/ucr2\libgcc.a(_udivdi3.o)
                0x8000c628                __avr32_udiv64
                0x8000c628                __udivdi3
 .text          0x8000c88c      0x20c d:/program files (x86)/atmel/studio/7.0/toolchain/avr32/avr32-gnu-toolchain/bin/../lib/gcc/avr32/4.4.7/ucr2\libgcc.a(_umoddi3.o)
                0x8000c88c                __avr32_umod64
                0x8000c88c                __umoddi3
 *(.text.*personality*)
 *(.gnu.warning)

.exception      0x8000cc00      0x200
 .exception     0x8000cc00      0x200 src/ASF/thirdparty/freertos/freertos-7.0.0/source/portable/gcc/avr32_uc3/exception.o
                0x8000cc00                _evba
                0x8000cd04                _int0
                0x8000cd12                _int1
                0x8000cd20                _int2
                0x8000cd2e                _int3
                0x8000cd3c                ipr_val

.fini
 *(.fini)
                0x8000ce00                PROVIDE (__etext, .)
                0x8000ce00                PROVIDE (_etext, .)
                0x8000ce00                PROVIDE (etext, .)

.rodata         0x8000ce00     0x115c
 *(.rodata .rodata.* .gnu.linkonce.r.*)
 .rodata.str1.4
                0x8000ce00      0x699 src/Application/app/app.o
                                0x69c (size before relaxing)
 *fill*         0x8000d499        0x1 
 .rodata.Public_AMBEkey
                0x8000d49a        0x8 src/Application/radio/ambe.o
                0x8000d49a                Public_AMBEkey
 *fill*         0x8000d4a2        0x2 
 .rodata.CSWTCH.35
                0x8000d4a4       0x48 src/Application/radio/ambe.o
 .rodata.str1.4
                0x8000d4ec        0xb src/Application/radio/payload.o
                                  0xc (size before relaxing)
 *fill*         0x8000d4f7        0x1 
 .rodata.phy_tx_func
                0x8000d4f8       0x1c src/Application/radio/physical.o
 .rodata.str1.4
                0x8000d514       0x48 src/Application/radio/physical.o
 .rodata.str1.4
                0x8000d55c        0x8 src/Application/radio/xcmp.o
 .rodata.str1.4
                0x8000d564        0x7 src/Application/radio/xnl.o
                                 0x10 (size before relaxing)
 *fill*         0x8000d56b        0x1 
 .rodata.CSWTCH.77
                0x8000d56c        0x4 src/Application/RFID/MFRC522/rc522.o
 .rodata.C.53.10489
                0x8000d570       0x10 src/Application/RFID/MFRC522/rc522.o
 .rodata.CSWTCH.76
                0x8000d580        0x4 src/Application/RFID/MFRC522/rc522.o
 .rodata.RC522_SPI_GPIO_MAP.10487
                0x8000d584       0x20 src/Application/RFID/MFRC522/rc522.o
 .rodata.str1.4
                0x8000d5a4       0x85 src/Application/RFID/RFID.o
                                 0x88 (size before relaxing)
 *fill*         0x8000d629        0x3 
 .rodata._int_handler_table
                0x8000d62c       0x98 src/ASF/avr32/drivers/intc/intc.o
 .rodata.str1.4
                0x8000d6c4        0x5 src/ASF/thirdparty/freertos/freertos-7.0.0/source/tasks.o
                                  0x8 (size before relaxing)
 *fill*         0x8000d6c9        0x3 
 .rodata.log    0x8000d6cc      0x150 src/Log/log.o
 .rodata.logFromISR
                0x8000d81c      0x150 src/Log/log.o
 .rodata.USART_OPTIONS.11277
                0x8000d96c        0xc src/Log/log.o
 .rodata.str1.4
                0x8000d978       0x3c src/Log/log.o
 .rodata.USART_GPIO_MAP.11276
                0x8000d9b4       0x10 src/Log/log.o
 .rodata.str1.4
                0x8000d9c4       0x14 src/main.o
 .rodata.get_arg
                0x8000d9d8       0x3c d:/program files (x86)/atmel/studio/7.0/toolchain/avr32/avr32-gnu-toolchain/bin/../lib/gcc/avr32/4.4.7/../../../../avr32/lib/ucr2\libc.a(lib_a-vfprintf.o)
 .rodata._vfprintf_r
                0x8000da14      0x164 d:/program files (x86)/atmel/studio/7.0/toolchain/avr32/avr32-gnu-toolchain/bin/../lib/gcc/avr32/4.4.7/../../../../avr32/lib/ucr2\libc.a(lib_a-vfprintf.o)
 .rodata.state_table
                0x8000db78       0x6c d:/program files (x86)/atmel/studio/7.0/toolchain/avr32/avr32-gnu-toolchain/bin/../lib/gcc/avr32/4.4.7/../../../../avr32/lib/ucr2\libc.a(lib_a-vfprintf.o)
 .rodata.action_table
                0x8000dbe4       0x6c d:/program files (x86)/atmel/studio/7.0/toolchain/avr32/avr32-gnu-toolchain/bin/../lib/gcc/avr32/4.4.7/../../../../avr32/lib/ucr2\libc.a(lib_a-vfprintf.o)
 .rodata.str1.4
                0x8000dc50       0x3a d:/program files (x86)/atmel/studio/7.0/toolchain/avr32/avr32-gnu-toolchain/bin/../lib/gcc/avr32/4.4.7/../../../../avr32/lib/ucr2\libc.a(lib_a-vfprintf.o)
                                 0x3c (size before relaxing)
 *fill*         0x8000dc8a        0x2 
 .rodata.blanks.3430
                0x8000dc8c       0x10 d:/program files (x86)/atmel/studio/7.0/toolchain/avr32/avr32-gnu-toolchain/bin/../lib/gcc/avr32/4.4.7/../../../../avr32/lib/ucr2\libc.a(lib_a-vfprintf.o)
 .rodata.zeroes.3431
                0x8000dc9c       0x10 d:/program files (x86)/atmel/studio/7.0/toolchain/avr32/avr32-gnu-toolchain/bin/../lib/gcc/avr32/4.4.7/../../../../avr32/lib/ucr2\libc.a(lib_a-vfprintf.o)
 .rodata.chclass
                0x8000dcac      0x100 d:/program files (x86)/atmel/studio/7.0/toolchain/avr32/avr32-gnu-toolchain/bin/../lib/gcc/avr32/4.4.7/../../../../avr32/lib/ucr2\libc.a(lib_a-vfprintf.o)
 .rodata.str1.4
                0x8000ddac       0x10 d:/program files (x86)/atmel/studio/7.0/toolchain/avr32/avr32-gnu-toolchain/bin/../lib/gcc/avr32/4.4.7/../../../../avr32/lib/ucr2\libc.a(lib_a-dtoa.o)
                                 0x14 (size before relaxing)
 .rodata.__sf_fake_stdin
                0x8000ddbc       0x20 d:/program files (x86)/atmel/studio/7.0/toolchain/avr32/avr32-gnu-toolchain/bin/../lib/gcc/avr32/4.4.7/../../../../avr32/lib/ucr2\libc.a(lib_a-findfp.o)
                0x8000ddbc                __sf_fake_stdin
 .rodata.__sf_fake_stdout
                0x8000dddc       0x20 d:/program files (x86)/atmel/studio/7.0/toolchain/avr32/avr32-gnu-toolchain/bin/../lib/gcc/avr32/4.4.7/../../../../avr32/lib/ucr2\libc.a(lib_a-findfp.o)
                0x8000dddc                __sf_fake_stdout
 .rodata.__sf_fake_stderr
                0x8000ddfc       0x20 d:/program files (x86)/atmel/studio/7.0/toolchain/avr32/avr32-gnu-toolchain/bin/../lib/gcc/avr32/4.4.7/../../../../avr32/lib/ucr2\libc.a(lib_a-findfp.o)
                0x8000ddfc                __sf_fake_stderr
 .rodata.str1.4
                0x8000de1c        0x2 d:/program files (x86)/atmel/studio/7.0/toolchain/avr32/avr32-gnu-toolchain/bin/../lib/gcc/avr32/4.4.7/../../../../avr32/lib/ucr2\libc.a(lib_a-impure.o)
                                  0x4 (size before relaxing)
 *fill*         0x8000de1e        0x2 
 .rodata._global_impure_ptr
                0x8000de20        0x4 d:/program files (x86)/atmel/studio/7.0/toolchain/avr32/avr32-gnu-toolchain/bin/../lib/gcc/avr32/4.4.7/../../../../avr32/lib/ucr2\libc.a(lib_a-impure.o)
                0x8000de20                _global_impure_ptr
 .rodata.lconv  0x8000de24       0x30 d:/program files (x86)/atmel/studio/7.0/toolchain/avr32/avr32-gnu-toolchain/bin/../lib/gcc/avr32/4.4.7/../../../../avr32/lib/ucr2\libc.a(lib_a-locale.o)
 .rodata.str1.4
                0x8000de54        0xc d:/program files (x86)/atmel/studio/7.0/toolchain/avr32/avr32-gnu-toolchain/bin/../lib/gcc/avr32/4.4.7/../../../../avr32/lib/ucr2\libc.a(lib_a-locale.o)
                                 0x18 (size before relaxing)
 .rodata.p05.2471
                0x8000de60        0xc d:/program files (x86)/atmel/studio/7.0/toolchain/avr32/avr32-gnu-toolchain/bin/../lib/gcc/avr32/4.4.7/../../../../avr32/lib/ucr2\libc.a(lib_a-mprec.o)
 .rodata.__mprec_tens
                0x8000de6c       0xc8 d:/program files (x86)/atmel/studio/7.0/toolchain/avr32/avr32-gnu-toolchain/bin/../lib/gcc/avr32/4.4.7/../../../../avr32/lib/ucr2\libc.a(lib_a-mprec.o)
                0x8000de6c                __mprec_tens
 .rodata.__mprec_bigtens
                0x8000df34       0x28 d:/program files (x86)/atmel/studio/7.0/toolchain/avr32/avr32-gnu-toolchain/bin/../lib/gcc/avr32/4.4.7/../../../../avr32/lib/ucr2\libc.a(lib_a-mprec.o)
                0x8000df34                __mprec_bigtens

.rodata1
 *(.rodata1)

.eh_frame_hdr
 *(.eh_frame_hdr)

.eh_frame
 *(.eh_frame)

.gcc_except_table
 *(.gcc_except_table)
 *(.gcc_except_table.*)

.dalign         0x8000df5c        0x4
                0x8000df60                . = ALIGN (0x8)
 *fill*         0x8000df5c        0x4 
                0x8000df60                PROVIDE (_data_lma, .)
                0x00000004                PROVIDE (_data, ORIGIN (CPUSRAM))
                0x00000004                . = ORIGIN (CPUSRAM)

.eh_frame
 *(.eh_frame)

.gcc_except_table
 *(.gcc_except_table)
 *(.gcc_except_table.*)

.tdata
 *(.tdata .tdata.* .gnu.linkonce.td.*)

.tbss
 *(.tbss .tbss.* .gnu.linkonce.tb.*)
 *(.tcommon)
                0x00000004                PROVIDE (__preinit_array_start, ALIGN (0x4))

.preinit_array
 *(.preinit_array)
                0x00000004                PROVIDE (__preinit_array_end, .)
                0x00000004                PROVIDE (__init_array_start, .)

.init_array
 *(.init_array)
                0x00000004                PROVIDE (__init_array_end, .)
                0x00000004                PROVIDE (__fini_array_start, .)

.fini_array
 *(.fini_array)
                0x00000004                PROVIDE (__fini_array_end, .)

.ctors
 *crtbegin*.o(.ctors)
 *(EXCLUDE_FILE(*crtend*.o) .ctors)
 *(SORT(.ctors.*))
 *(.ctors)

.dtors
 *crtbegin*.o(.dtors)
 *(EXCLUDE_FILE(*crtend*.o) .dtors)
 *(SORT(.dtors.*))
 *(.dtors)

.jcr
 *(.jcr)

.data.rel.ro
 *(.data.rel.ro.local)
 *(.data.rel.ro*)

.dynamic
 *(.dynamic)

.got
 *(.got.plt)
 *(.got)

.data           0x00000004      0xa38 load address 0x8000df60
 *(.data .data.* .gnu.linkonce.d.*)
 .data.the_app_list
                0x00000004      0x4ec src/Application/app/app.o
 .data.xnl_proc_list
                0x000004f0       0x34 src/Application/radio/xnl.o
 .data.unsure_data
                0x00000524        0x8 src/Application/RFID/RFID.o
                0x00000524                unsure_data
 .data.start_session.11210
                0x0000052c        0x1 src/Application/RFID/RFID.o
 *fill*         0x0000052d        0x3 
 .data.ulCriticalNesting
                0x00000530        0x4 src/ASF/thirdparty/freertos/freertos-7.0.0/source/portable/gcc/avr32_uc3/port.o
                0x00000530                ulCriticalNesting
 .data.xNextTaskUnblockTime
                0x00000534        0x4 src/ASF/thirdparty/freertos/freertos-7.0.0/source/tasks.o
 .data.__malloc_av_
                0x00000538      0x408 d:/program files (x86)/atmel/studio/7.0/toolchain/avr32/avr32-gnu-toolchain/bin/../lib/gcc/avr32/4.4.7/../../../../avr32/lib/ucr2\libc.a(lib_a-mallocr.o)
                0x00000538                __malloc_av_
 .data.__malloc_trim_threshold
                0x00000940        0x4 d:/program files (x86)/atmel/studio/7.0/toolchain/avr32/avr32-gnu-toolchain/bin/../lib/gcc/avr32/4.4.7/../../../../avr32/lib/ucr2\libc.a(lib_a-mallocr.o)
                0x00000940                __malloc_trim_threshold
 .data.__malloc_sbrk_base
                0x00000944        0x4 d:/program files (x86)/atmel/studio/7.0/toolchain/avr32/avr32-gnu-toolchain/bin/../lib/gcc/avr32/4.4.7/../../../../avr32/lib/ucr2\libc.a(lib_a-mallocr.o)
                0x00000944                __malloc_sbrk_base
 .data.impure_data
                0x00000948       0xf0 d:/program files (x86)/atmel/studio/7.0/toolchain/avr32/avr32-gnu-toolchain/bin/../lib/gcc/avr32/4.4.7/../../../../avr32/lib/ucr2\libc.a(lib_a-impure.o)
 .data._impure_ptr
                0x00000a38        0x4 d:/program files (x86)/atmel/studio/7.0/toolchain/avr32/avr32-gnu-toolchain/bin/../lib/gcc/avr32/4.4.7/../../../../avr32/lib/ucr2\libc.a(lib_a-impure.o)
                0x00000a38                _impure_ptr
 *(.gnu.linkonce.d.*personality*)

.data1
 *(.data1)

.balign         0x00000a3c        0x4 load address 0x8000e998
                0x00000a40                . = ALIGN (0x8)
 *fill*         0x00000a3c        0x4 
                0x00000a40                _edata = .
                0x00000a40                _edata = .
                0x00000a40                PROVIDE (edata, .)
                0x00000a40                __bss_start = .

.bss            0x00000a40     0x46e8 load address 0x8000e998
 *(.dynbss)
 *(.bss .bss.* .gnu.linkonce.b.*)
 .bss.Speaker_is_unmute
                0x00000a40        0x1 src/Application/app/app.o
                0x00000a40                Speaker_is_unmute
 .bss.AMBE_rx_flag
                0x00000a41        0x1 src/Application/app/app.o
                0x00000a41                AMBE_rx_flag
 .bss.VF_SN     0x00000a42        0x1 src/Application/app/app.o
                0x00000a42                VF_SN
 .bss.AMBE_tx_flag
                0x00000a43        0x1 src/Application/app/app.o
                0x00000a43                AMBE_tx_flag
 .bss.Radio_Transmit_State
                0x00000a44        0x1 src/Application/app/app.o
                0x00000a44                Radio_Transmit_State
 .bss.Call_Begin
                0x00000a45        0x1 src/Application/app/app.o
                0x00000a45                Call_Begin
 *fill*         0x00000a46        0x2 
 .bss.xLastWakeTime.11800
                0x00000a48        0x4 src/Application/app/app.o
 .bss.AMBE_Media
                0x00000a4c        0x1 src/Application/app/app.o
                0x00000a4c                AMBE_Media
 *fill*         0x00000a4d        0x3 
 .bss.res.11790
                0x00000a50        0x4 src/Application/app/app.o
 .bss.connect_flag
                0x00000a54        0x1 src/Application/app/app.o
 .bss.times_counter.11820
                0x00000a55        0x1 src/Application/app/app.o
 .bss.Mic_is_Enabled
                0x00000a56        0x1 src/Application/app/app.o
                0x00000a56                Mic_is_Enabled
 .bss.Terminator_Flag
                0x00000a57        0x1 src/Application/app/app.o
                0x00000a57                Terminator_Flag
 .bss.ulIdleCycleCount
                0x00000a58        0x4 src/Application/app/app.o
                0x00000a58                ulIdleCycleCount
 .bss.payload_rx_exec
                0x00000a5c        0x4 src/Application/radio/payload.o
                0x00000a5c                payload_rx_exec
 .bss.payload_tx_exec
                0x00000a60        0x4 src/Application/radio/payload.o
                0x00000a60                payload_tx_exec
 .bss.ArrayDiscLength.10968
                0x00000a64        0x4 src/Application/radio/physical.o
 .bss.phy_tx_index.10647
                0x00000a68        0x1 src/Application/radio/physical.o
 *fill*         0x00000a69        0x3 
 .bss.Item_Length.10973
                0x00000a6c        0x4 src/Application/radio/physical.o
 .bss.phy_rx_length.10690
                0x00000a70        0x2 src/Application/radio/physical.o
 *fill*         0x00000a72        0x2 
 .bss.phy_payload_frame_rx
                0x00000a74        0x4 src/Application/radio/physical.o
                0x00000a74                phy_payload_frame_rx
 .bss.AMBEpayload_tx_state.10775
                0x00000a78        0x4 src/Application/radio/physical.o
 .bss.RxBytesWaiting.10967
                0x00000a7c        0x4 src/Application/radio/physical.o
 .bss.phy_rx_expexted_length.10689
                0x00000a80        0x2 src/Application/radio/physical.o
 *fill*         0x00000a82        0x2 
 .bss.RxAMBE_IsFillingNext8.10965
                0x00000a84        0x4 src/Application/radio/physical.o
 .bss.phy_tx_state.10645
                0x00000a88        0x4 src/Application/radio/physical.o
 .bss.Item_ID.10972
                0x00000a8c        0x1 src/Application/radio/physical.o
 .bss.is_first.10971
                0x00000a8d        0x1 src/Application/radio/physical.o
 *fill*         0x00000a8e        0x2 
 .bss.AMBE_HT   0x00000a90        0x8 src/Application/radio/physical.o
 .bss.RxMediaState.10963
                0x00000a98        0x4 src/Application/radio/physical.o
 .bss.xnl_store_idle
                0x00000a9c        0x4 src/Application/radio/physical.o
                0x00000a9c                xnl_store_idle
 .bss.RxMedia_IsFillingNext16.10964
                0x00000aa0        0x4 src/Application/radio/physical.o
 .bss.payload_store_idle
                0x00000aa4        0x4 src/Application/radio/physical.o
                0x00000aa4                payload_store_idle
 .bss.phy_rx_state.10692
                0x00000aa8        0x4 src/Application/radio/physical.o
 .bss.phy_payload_frame_tx
                0x00000aac        0x4 src/Application/radio/physical.o
                0x00000aac                phy_payload_frame_tx
 .bss.phy_check_sum.10691
                0x00000ab0        0x2 src/Application/radio/physical.o
 .bss.phy_tx_expexted_length.10646
                0x00000ab2        0x2 src/Application/radio/physical.o
 .bss.RxData_IsFillingNext16.10966
                0x00000ab4        0x4 src/Application/radio/physical.o
 .bss.phy_xnl_frame_rx
                0x00000ab8        0x4 src/Application/radio/physical.o
                0x00000ab8                phy_xnl_frame_rx
 .bss.payload_ptr.10969
                0x00000abc        0x4 src/Application/radio/physical.o
 .bss.SDV_Index.10975
                0x00000ac0        0x1 src/Application/radio/physical.o
 *fill*         0x00000ac1        0x3 
 .bss.phy_rx_count.10693
                0x00000ac4        0x4 src/Application/radio/physical.o
 .bss.phy_frame_ptr.10688
                0x00000ac8        0x4 src/Application/radio/physical.o
 .bss.phy_xnl_frame_tx
                0x00000acc        0x4 src/Application/radio/physical.o
                0x00000acc                phy_xnl_frame_tx
 .bss.m_RxBurstType
                0x00000ad0        0x4 src/Application/radio/physical.o
 .bss.Soft_index.10782
                0x00000ad4        0x4 src/Application/radio/physical.o
 .bss.AMBE_payload_ptr.10970
                0x00000ad8        0x4 src/Application/radio/physical.o
 .bss.A_index.10781
                0x00000adc        0x4 src/Application/radio/physical.o
 .bss.phy_ptr.10644
                0x00000ae0        0x4 src/Application/radio/physical.o
 .bss.phy_rx_exec
                0x00000ae4        0x4 src/Application/radio/ssc.o
                0x00000ae4                phy_rx_exec
 .bss.phy_tx_exec
                0x00000ae8        0x4 src/Application/radio/ssc.o
                0x00000ae8                phy_tx_exec
 .bss.version_information
                0x00000aec        0xc src/Application/radio/xcmp.o
                0x00000aec                version_information
 .bss.clone_read
                0x00000af8        0xc src/Application/radio/xcmp.o
                0x00000af8                clone_read
 .bss.xcmp_frame_rx
                0x00000b04        0x4 src/Application/radio/xcmp.o
 .bss.clone_write
                0x00000b08        0xc src/Application/radio/xcmp.o
                0x00000b08                clone_write
 .bss.automatic_frequency_correction_control
                0x00000b14        0xc src/Application/radio/xcmp.o
                0x00000b14                automatic_frequency_correction_control
 .bss.language_pack_information
                0x00000b20        0xc src/Application/radio/xcmp.o
                0x00000b20                language_pack_information
 .bss.radio_status
                0x00000b2c        0xc src/Application/radio/xcmp.o
                0x00000b2c                radio_status
 .bss.xnl_timeout_semphr
                0x00000b38        0x4 src/Application/radio/xnl.o
 .bss.xnl_information
                0x00000b3c        0xa src/Application/radio/xnl.o
 *fill*         0x00000b46        0x2 
 .bss.xnl_frame_tx
                0x00000b48        0x4 src/Application/radio/xnl.o
 .bss.xnl_send_times.10716
                0x00000b4c        0x4 src/Application/radio/xnl.o
 .bss.ptr.10717
                0x00000b50        0x4 src/Application/radio/xnl.o
 .bss.flags.10671
                0x00000b54        0x1 src/Application/radio/xnl.o
 *fill*         0x00000b55        0x3 
 .bss.xnl_tx_state.10715
                0x00000b58        0x4 src/Application/radio/xnl.o
 .bss.xcmp_exec
                0x00000b5c        0x4 src/Application/radio/xnl.o
                0x00000b5c                xcmp_exec
 .bss.rc522_init_failure
                0x00000b60        0x1 src/Application/RFID/MFRC522/rc522.o
                0x00000b60                rc522_init_failure
 *fill*         0x00000b61        0x3 
 .bss._int_line_handler_table_6
                0x00000b64        0x4 src/ASF/avr32/drivers/intc/intc.o
 .bss._int_line_handler_table_7
                0x00000b68        0x4 src/ASF/avr32/drivers/intc/intc.o
 .bss._int_line_handler_table_8
                0x00000b6c        0x4 src/ASF/avr32/drivers/intc/intc.o
 .bss._int_line_handler_table_9
                0x00000b70        0x4 src/ASF/avr32/drivers/intc/intc.o
 .bss._int_line_handler_table_10
                0x00000b74        0x4 src/ASF/avr32/drivers/intc/intc.o
 .bss._int_line_handler_table_11
                0x00000b78        0x4 src/ASF/avr32/drivers/intc/intc.o
 .bss._int_line_handler_table_12
                0x00000b7c        0x4 src/ASF/avr32/drivers/intc/intc.o
 .bss._int_line_handler_table_13
                0x00000b80        0x4 src/ASF/avr32/drivers/intc/intc.o
 .bss._int_line_handler_table_14
                0x00000b84        0xc src/ASF/avr32/drivers/intc/intc.o
 .bss._int_line_handler_table_15
                0x00000b90        0x4 src/ASF/avr32/drivers/intc/intc.o
 .bss._int_line_handler_table_16
                0x00000b94        0x4 src/ASF/avr32/drivers/intc/intc.o
 .bss._int_line_handler_table_17
                0x00000b98        0x4 src/ASF/avr32/drivers/intc/intc.o
 .bss._int_line_handler_table_18
                0x00000b9c        0x4 src/ASF/avr32/drivers/intc/intc.o
 .bss._int_line_handler_table_0
                0x00000ba0        0x4 src/ASF/avr32/drivers/intc/intc.o
 .bss._int_line_handler_table_1
                0x00000ba4       0x2c src/ASF/avr32/drivers/intc/intc.o
 .bss._int_line_handler_table_2
                0x00000bd0       0x18 src/ASF/avr32/drivers/intc/intc.o
 .bss._int_line_handler_table_3
                0x00000be8       0x1c src/ASF/avr32/drivers/intc/intc.o
 .bss._int_line_handler_table_4
                0x00000c04        0x4 src/ASF/avr32/drivers/intc/intc.o
 .bss._int_line_handler_table_5
                0x00000c08        0x4 src/ASF/avr32/drivers/intc/intc.o
 .bss.uxMissedTicks
                0x00000c0c        0x4 src/ASF/thirdparty/freertos/freertos-7.0.0/source/tasks.o
 .bss.uxTopUsedPriority
                0x00000c10        0x4 src/ASF/thirdparty/freertos/freertos-7.0.0/source/tasks.o
 .bss.pxDelayedTaskList
                0x00000c14        0x4 src/ASF/thirdparty/freertos/freertos-7.0.0/source/tasks.o
 .bss.xSchedulerRunning
                0x00000c18        0x4 src/ASF/thirdparty/freertos/freertos-7.0.0/source/tasks.o
 .bss.uxTasksDeleted
                0x00000c1c        0x4 src/ASF/thirdparty/freertos/freertos-7.0.0/source/tasks.o
 .bss.xNumOfOverflows
                0x00000c20        0x4 src/ASF/thirdparty/freertos/freertos-7.0.0/source/tasks.o
 .bss.pxOverflowDelayedTaskList
                0x00000c24        0x4 src/ASF/thirdparty/freertos/freertos-7.0.0/source/tasks.o
 .bss.pxReadyTasksLists
                0x00000c28       0xa0 src/ASF/thirdparty/freertos/freertos-7.0.0/source/tasks.o
 .bss.xTasksWaitingTermination
                0x00000cc8       0x14 src/ASF/thirdparty/freertos/freertos-7.0.0/source/tasks.o
 .bss.pxCurrentTCB
                0x00000cdc        0x4 src/ASF/thirdparty/freertos/freertos-7.0.0/source/tasks.o
                0x00000cdc                pxCurrentTCB
 .bss.xPendingReadyList
                0x00000ce0       0x14 src/ASF/thirdparty/freertos/freertos-7.0.0/source/tasks.o
 .bss.xDelayedTaskList1
                0x00000cf4       0x14 src/ASF/thirdparty/freertos/freertos-7.0.0/source/tasks.o
 .bss.xTickCount
                0x00000d08        0x4 src/ASF/thirdparty/freertos/freertos-7.0.0/source/tasks.o
 .bss.uxSchedulerSuspended
                0x00000d0c        0x4 src/ASF/thirdparty/freertos/freertos-7.0.0/source/tasks.o
 .bss.xDelayedTaskList2
                0x00000d10       0x14 src/ASF/thirdparty/freertos/freertos-7.0.0/source/tasks.o
 .bss.uxTaskNumber
                0x00000d24        0x4 src/ASF/thirdparty/freertos/freertos-7.0.0/source/tasks.o
 .bss.uxCurrentNumberOfTasks
                0x00000d28        0x4 src/ASF/thirdparty/freertos/freertos-7.0.0/source/tasks.o
 .bss.xMissedYield
                0x00000d2c        0x4 src/ASF/thirdparty/freertos/freertos-7.0.0/source/tasks.o
 .bss.xSuspendedTaskList
                0x00000d30       0x14 src/ASF/thirdparty/freertos/freertos-7.0.0/source/tasks.o
 .bss.uxTopReadyPriority
                0x00000d44        0x4 src/ASF/thirdparty/freertos/freertos-7.0.0/source/tasks.o
 .bss.lench.11293
                0x00000d48        0x1 src/Log/log.o
 .bss.lench.11363
                0x00000d49        0x1 src/Log/log.o
 *fill*         0x00000d4a        0x2 
 .bss.__malloc_max_total_mem
                0x00000d4c        0x4 d:/program files (x86)/atmel/studio/7.0/toolchain/avr32/avr32-gnu-toolchain/bin/../lib/gcc/avr32/4.4.7/../../../../avr32/lib/ucr2\libc.a(lib_a-mallocr.o)
                0x00000d4c                __malloc_max_total_mem
 .bss.__malloc_max_sbrked_mem
                0x00000d50        0x4 d:/program files (x86)/atmel/studio/7.0/toolchain/avr32/avr32-gnu-toolchain/bin/../lib/gcc/avr32/4.4.7/../../../../avr32/lib/ucr2\libc.a(lib_a-mallocr.o)
                0x00000d50                __malloc_max_sbrked_mem
 .bss.__malloc_top_pad
                0x00000d54        0x4 d:/program files (x86)/atmel/studio/7.0/toolchain/avr32/avr32-gnu-toolchain/bin/../lib/gcc/avr32/4.4.7/../../../../avr32/lib/ucr2\libc.a(lib_a-mallocr.o)
                0x00000d54                __malloc_top_pad
 .bss.__malloc_current_mallinfo
                0x00000d58       0x28 d:/program files (x86)/atmel/studio/7.0/toolchain/avr32/avr32-gnu-toolchain/bin/../lib/gcc/avr32/4.4.7/../../../../avr32/lib/ucr2\libc.a(lib_a-mallocr.o)
                0x00000d58                __malloc_current_mallinfo
 .bss.cur_heap_pos.1869
                0x00000d80        0x4 d:/program files (x86)/atmel/studio/7.0/toolchain/avr32/avr32-gnu-toolchain/bin/../lib/gcc/avr32/4.4.7/../../../../avr32/lib/ucr2\libc.a(lib_a-syscalls.o)
 *(COMMON)
 COMMON         0x00000d84       0x1c src/Application/app/app.o
                0x00000d84                RFID
                0x00000d94                bunchofrandomstatusflags
                0x00000d98                CT
                0x00000d9c                SN
 COMMON         0x00000da0     0x1004 src/Application/flash/data_flash.o
                0x00000da0                FLASH_BUF
                0x00001da0                spi
 COMMON         0x00001da4      0x122 src/Application/radio/ambe.o
                0x00001da4                AMBEBurst_rawdata
                0x00001dac                Radio_Internal_Data
                0x00001db0                AMBE_DecryptionKey
                0x00001db8                SendAMBEBurst_EncryptionPackage
                0x00001ea8                VBSP_data
                0x00001eac                Soft_Decision_Data
 COMMON         0x00001ec6     0x3200 src/Application/radio/physical.o
                0x00001ec6                payload_store
                0x000032c6                xnl_store
 *fill*         0x000050c6        0x2 
 COMMON         0x000050c8       0x4c src/Application/radio/ssc.o
                0x000050c8                intDuration
                0x000050cc                BufferIndex
                0x000050d0                intStartCount
                0x000050d4                RxBuffer
                0x000050f4                TxBuffer
 COMMON         0x00005114        0x4 src/Application/radio/xcmp.o
                0x00005114                app_list
 COMMON         0x00005118        0x4 src/ASF/avr32/drivers/spi/spi.o
                0x00005118                xSPIMutex
 COMMON         0x0000511c        0x4 src/ASF/thirdparty/freertos/freertos-7.0.0/source/portable/gcc/avr32_uc3/write.o
                0x0000511c                stdio_usart_base
 COMMON         0x00005120        0x4 src/Log/log.o
                0x00005120                logQueue
 COMMON         0x00005124        0x4 d:/program files (x86)/atmel/studio/7.0/toolchain/avr32/avr32-gnu-toolchain/bin/../lib/gcc/avr32/4.4.7/../../../../avr32/lib/ucr2\libc.a(lib_a-reent.o)
                0x00005124                errno
                0x00005128                . = ALIGN (0x8)
                0x00005128                . = ALIGN (0x8)
                0x00005128                _end = .
                0x00005128                PROVIDE (end, .)
                0x00005128                __heap_start__ = ALIGN (0x8)
                0x00017000                . = ((ORIGIN (CPUSRAM) + 0x17ffc) - _stack_size)
                0x00017000                __heap_end__ = .

.stab
 *(.stab)

.stabstr
 *(.stabstr)

.stab.excl
 *(.stab.excl)

.stab.exclstr
 *(.stab.exclstr)

.stab.index
 *(.stab.index)

.stab.indexstr
 *(.stab.indexstr)

.comment        0x00000000       0x30
 *(.comment)
 .comment       0x00000000       0x30 src/Application/app/app.o
                                 0x31 (size before relaxing)
 .comment       0x00000000       0x31 src/Application/flash/data_flash.o
 .comment       0x00000000       0x31 src/Application/radio/ambe.o
 .comment       0x00000000       0x31 src/Application/radio/payload.o
 .comment       0x00000000       0x31 src/Application/radio/physical.o
 .comment       0x00000000       0x31 src/Application/radio/ssc.o
 .comment       0x00000000       0x31 src/Application/radio/xcmp.o
 .comment       0x00000000       0x31 src/Application/radio/xnl.o
 .comment       0x00000000       0x31 src/Application/RFID/MFRC522/rc522.o
 .comment       0x00000000       0x31 src/Application/RFID/RFID.o
 .comment       0x00000000       0x31 src/Application/rtc/rtc.o
 .comment       0x00000000       0x31 src/Application/timers/timer.o
 .comment       0x00000000       0x31 src/ASF/avr32/drivers/gpio/gpio.o
 .comment       0x00000000       0x31 src/ASF/avr32/drivers/intc/intc.o
 .comment       0x00000000       0x31 src/ASF/avr32/drivers/spi/spi.o
 .comment       0x00000000       0x31 src/ASF/avr32/drivers/usart/usart.o
 .comment       0x00000000       0x31 src/ASF/thirdparty/freertos/freertos-7.0.0/source/list.o
 .comment       0x00000000       0x31 src/ASF/thirdparty/freertos/freertos-7.0.0/source/portable/gcc/avr32_uc3/port.o
 .comment       0x00000000       0x31 src/ASF/thirdparty/freertos/freertos-7.0.0/source/portable/gcc/avr32_uc3/read.o
 .comment       0x00000000       0x31 src/ASF/thirdparty/freertos/freertos-7.0.0/source/portable/gcc/avr32_uc3/write.o
 .comment       0x00000000       0x31 src/ASF/thirdparty/freertos/freertos-7.0.0/source/portable/memmang/heap_3.o
 .comment       0x00000000       0x31 src/ASF/thirdparty/freertos/freertos-7.0.0/source/queue.o
 .comment       0x00000000       0x31 src/ASF/thirdparty/freertos/freertos-7.0.0/source/tasks.o
 .comment       0x00000000       0x31 src/Log/log.o
 .comment       0x00000000       0x31 src/main.o
 .comment       0x00000000       0x31 d:/program files (x86)/atmel/studio/7.0/toolchain/avr32/avr32-gnu-toolchain/bin/../lib/gcc/avr32/4.4.7/../../../../avr32/lib/ucr2\libc.a(lib_a-malloc.o)
 .comment       0x00000000       0x31 d:/program files (x86)/atmel/studio/7.0/toolchain/avr32/avr32-gnu-toolchain/bin/../lib/gcc/avr32/4.4.7/../../../../avr32/lib/ucr2\libc.a(lib_a-mallocr.o)
 .comment       0x00000000       0x31 d:/program files (x86)/atmel/studio/7.0/toolchain/avr32/avr32-gnu-toolchain/bin/../lib/gcc/avr32/4.4.7/../../../../avr32/lib/ucr2\libc.a(lib_a-memset.o)
 .comment       0x00000000       0x31 d:/program files (x86)/atmel/studio/7.0/toolchain/avr32/avr32-gnu-toolchain/bin/../lib/gcc/avr32/4.4.7/../../../../avr32/lib/ucr2\libc.a(lib_a-reallocr.o)
 .comment       0x00000000       0x31 d:/program files (x86)/atmel/studio/7.0/toolchain/avr32/avr32-gnu-toolchain/bin/../lib/gcc/avr32/4.4.7/../../../../avr32/lib/ucr2\libc.a(lib_a-sbrkr.o)
 .comment       0x00000000       0x31 d:/program files (x86)/atmel/studio/7.0/toolchain/avr32/avr32-gnu-toolchain/bin/../lib/gcc/avr32/4.4.7/../../../../avr32/lib/ucr2\libc.a(lib_a-sprintf.o)
 .comment       0x00000000       0x31 d:/program files (x86)/atmel/studio/7.0/toolchain/avr32/avr32-gnu-toolchain/bin/../lib/gcc/avr32/4.4.7/../../../../avr32/lib/ucr2\libc.a(lib_a-syscalls.o)
 .comment       0x00000000       0x31 d:/program files (x86)/atmel/studio/7.0/toolchain/avr32/avr32-gnu-toolchain/bin/../lib/gcc/avr32/4.4.7/../../../../avr32/lib/ucr2\libc.a(lib_a-vfprintf.o)
 .comment       0x00000000       0x31 d:/program files (x86)/atmel/studio/7.0/toolchain/avr32/avr32-gnu-toolchain/bin/../lib/gcc/avr32/4.4.7/../../../../avr32/lib/ucr2\libc.a(lib_a-wsetup.o)
 .comment       0x00000000       0x31 d:/program files (x86)/atmel/studio/7.0/toolchain/avr32/avr32-gnu-toolchain/bin/../lib/gcc/avr32/4.4.7/../../../../avr32/lib/ucr2\libc.a(lib_a-dtoa.o)
 .comment       0x00000000       0x31 d:/program files (x86)/atmel/studio/7.0/toolchain/avr32/avr32-gnu-toolchain/bin/../lib/gcc/avr32/4.4.7/../../../../avr32/lib/ucr2\libc.a(lib_a-errno.o)
 .comment       0x00000000       0x31 d:/program files (x86)/atmel/studio/7.0/toolchain/avr32/avr32-gnu-toolchain/bin/../lib/gcc/avr32/4.4.7/../../../../avr32/lib/ucr2\libc.a(lib_a-fflush.o)
 .comment       0x00000000       0x31 d:/program files (x86)/atmel/studio/7.0/toolchain/avr32/avr32-gnu-toolchain/bin/../lib/gcc/avr32/4.4.7/../../../../avr32/lib/ucr2\libc.a(lib_a-findfp.o)
 .comment       0x00000000       0x31 d:/program files (x86)/atmel/studio/7.0/toolchain/avr32/avr32-gnu-toolchain/bin/../lib/gcc/avr32/4.4.7/../../../../avr32/lib/ucr2\libc.a(lib_a-freer.o)
 .comment       0x00000000       0x31 d:/program files (x86)/atmel/studio/7.0/toolchain/avr32/avr32-gnu-toolchain/bin/../lib/gcc/avr32/4.4.7/../../../../avr32/lib/ucr2\libc.a(lib_a-fvwrite.o)
 .comment       0x00000000       0x31 d:/program files (x86)/atmel/studio/7.0/toolchain/avr32/avr32-gnu-toolchain/bin/../lib/gcc/avr32/4.4.7/../../../../avr32/lib/ucr2\libc.a(lib_a-fwalk.o)
 .comment       0x00000000       0x31 d:/program files (x86)/atmel/studio/7.0/toolchain/avr32/avr32-gnu-toolchain/bin/../lib/gcc/avr32/4.4.7/../../../../avr32/lib/ucr2\libc.a(lib_a-impure.o)
 .comment       0x00000000       0x31 d:/program files (x86)/atmel/studio/7.0/toolchain/avr32/avr32-gnu-toolchain/bin/../lib/gcc/avr32/4.4.7/../../../../avr32/lib/ucr2\libc.a(lib_a-locale.o)
 .comment       0x00000000       0x31 d:/program files (x86)/atmel/studio/7.0/toolchain/avr32/avr32-gnu-toolchain/bin/../lib/gcc/avr32/4.4.7/../../../../avr32/lib/ucr2\libc.a(lib_a-makebuf.o)
 .comment       0x00000000       0x31 d:/program files (x86)/atmel/studio/7.0/toolchain/avr32/avr32-gnu-toolchain/bin/../lib/gcc/avr32/4.4.7/../../../../avr32/lib/ucr2\libc.a(lib_a-memchr.o)
 .comment       0x00000000       0x31 d:/program files (x86)/atmel/studio/7.0/toolchain/avr32/avr32-gnu-toolchain/bin/../lib/gcc/avr32/4.4.7/../../../../avr32/lib/ucr2\libc.a(lib_a-memmove.o)
 .comment       0x00000000       0x31 d:/program files (x86)/atmel/studio/7.0/toolchain/avr32/avr32-gnu-toolchain/bin/../lib/gcc/avr32/4.4.7/../../../../avr32/lib/ucr2\libc.a(lib_a-mprec.o)
 .comment       0x00000000       0x31 d:/program files (x86)/atmel/studio/7.0/toolchain/avr32/avr32-gnu-toolchain/bin/../lib/gcc/avr32/4.4.7/../../../../avr32/lib/ucr2\libc.a(lib_a-reent.o)
 .comment       0x00000000       0x31 d:/program files (x86)/atmel/studio/7.0/toolchain/avr32/avr32-gnu-toolchain/bin/../lib/gcc/avr32/4.4.7/../../../../avr32/lib/ucr2\libc.a(lib_a-s_isinfd.o)
 .comment       0x00000000       0x31 d:/program files (x86)/atmel/studio/7.0/toolchain/avr32/avr32-gnu-toolchain/bin/../lib/gcc/avr32/4.4.7/../../../../avr32/lib/ucr2\libc.a(lib_a-s_isnand.o)
 .comment       0x00000000       0x31 d:/program files (x86)/atmel/studio/7.0/toolchain/avr32/avr32-gnu-toolchain/bin/../lib/gcc/avr32/4.4.7/../../../../avr32/lib/ucr2\libc.a(lib_a-stdio.o)
 .comment       0x00000000       0x31 d:/program files (x86)/atmel/studio/7.0/toolchain/avr32/avr32-gnu-toolchain/bin/../lib/gcc/avr32/4.4.7/../../../../avr32/lib/ucr2\libc.a(lib_a-strlen.o)
 .comment       0x00000000       0x31 d:/program files (x86)/atmel/studio/7.0/toolchain/avr32/avr32-gnu-toolchain/bin/../lib/gcc/avr32/4.4.7/../../../../avr32/lib/ucr2\libc.a(lib_a-writer.o)
 .comment       0x00000000       0x31 d:/program files (x86)/atmel/studio/7.0/toolchain/avr32/avr32-gnu-toolchain/bin/../lib/gcc/avr32/4.4.7/../../../../avr32/lib/ucr2\libc.a(lib_a-callocr.o)
 .comment       0x00000000       0x31 d:/program files (x86)/atmel/studio/7.0/toolchain/avr32/avr32-gnu-toolchain/bin/../lib/gcc/avr32/4.4.7/../../../../avr32/lib/ucr2\libc.a(lib_a-closer.o)
 .comment       0x00000000       0x31 d:/program files (x86)/atmel/studio/7.0/toolchain/avr32/avr32-gnu-toolchain/bin/../lib/gcc/avr32/4.4.7/../../../../avr32/lib/ucr2\libc.a(lib_a-fclose.o)
 .comment       0x00000000       0x31 d:/program files (x86)/atmel/studio/7.0/toolchain/avr32/avr32-gnu-toolchain/bin/../lib/gcc/avr32/4.4.7/../../../../avr32/lib/ucr2\libc.a(lib_a-fstatr.o)
 .comment       0x00000000       0x31 d:/program files (x86)/atmel/studio/7.0/toolchain/avr32/avr32-gnu-toolchain/bin/../lib/gcc/avr32/4.4.7/../../../../avr32/lib/ucr2\libc.a(lib_a-lseekr.o)
 .comment       0x00000000       0x31 d:/program files (x86)/atmel/studio/7.0/toolchain/avr32/avr32-gnu-toolchain/bin/../lib/gcc/avr32/4.4.7/../../../../avr32/lib/ucr2\libc.a(lib_a-readr.o)
 .comment       0x00000000       0x31 d:/program files (x86)/atmel/studio/7.0/toolchain/avr32/avr32-gnu-toolchain/bin/../lib/gcc/avr32/4.4.7/ucr2\libgcc.a(_udivdi3.o)
 .comment       0x00000000       0x31 d:/program files (x86)/atmel/studio/7.0/toolchain/avr32/avr32-gnu-toolchain/bin/../lib/gcc/avr32/4.4.7/ucr2\libgcc.a(_umoddi3.o)

.debug
 *(.debug)

.line
 *(.line)

.debug_srcinfo
 *(.debug_srcinfo)

.debug_sfnames
 *(.debug_sfnames)

.debug_aranges  0x00000000     0x1290
 *(.debug_aranges)
 .debug_aranges
                0x00000000      0x118 src/Application/app/app.o
 .debug_aranges
                0x00000118       0x78 src/Application/flash/data_flash.o
 .debug_aranges
                0x00000190       0x20 src/Application/radio/ambe.o
 .debug_aranges
                0x000001b0       0x28 src/Application/radio/payload.o
 .debug_aranges
                0x000001d8       0x68 src/Application/radio/physical.o
 .debug_aranges
                0x00000240       0x40 src/Application/radio/ssc.o
 .debug_aranges
                0x00000280       0xf8 src/Application/radio/xcmp.o
 .debug_aranges
                0x00000378       0x70 src/Application/radio/xnl.o
 .debug_aranges
                0x000003e8       0xf0 src/Application/RFID/MFRC522/rc522.o
 .debug_aranges
                0x000004d8       0x30 src/Application/RFID/RFID.o
 .debug_aranges
                0x00000508       0x50 src/Application/rtc/rtc.o
 .debug_aranges
                0x00000558       0x30 src/Application/timers/timer.o
 .debug_aranges
                0x00000588      0x100 src/ASF/avr32/drivers/gpio/gpio.o
 .debug_aranges
                0x00000688       0x38 src/ASF/avr32/drivers/intc/intc.o
 .debug_aranges
                0x000006c0       0xa8 src/ASF/avr32/drivers/spi/spi.o
 .debug_aranges
                0x00000768       0xe0 src/ASF/avr32/drivers/usart/usart.o
 .debug_aranges
                0x00000848       0x28 src/ASF/avr32/utils/startup/startup_uc3.o
 .debug_aranges
                0x00000870       0x20 src/ASF/avr32/utils/startup/trampoline_uc3.o
 .debug_aranges
                0x00000890       0x40 src/ASF/thirdparty/freertos/freertos-7.0.0/source/list.o
 .debug_aranges
                0x000008d0       0x20 src/ASF/thirdparty/freertos/freertos-7.0.0/source/portable/gcc/avr32_uc3/exception.o
 .debug_aranges
                0x000008f0       0x78 src/ASF/thirdparty/freertos/freertos-7.0.0/source/portable/gcc/avr32_uc3/port.o
 .debug_aranges
                0x00000968       0x20 src/ASF/thirdparty/freertos/freertos-7.0.0/source/portable/gcc/avr32_uc3/read.o
 .debug_aranges
                0x00000988       0x20 src/ASF/thirdparty/freertos/freertos-7.0.0/source/portable/gcc/avr32_uc3/write.o
 .debug_aranges
                0x000009a8       0x28 src/ASF/thirdparty/freertos/freertos-7.0.0/source/portable/memmang/heap_3.o
 .debug_aranges
                0x000009d0       0x88 src/ASF/thirdparty/freertos/freertos-7.0.0/source/queue.o
 .debug_aranges
                0x00000a58      0x108 src/ASF/thirdparty/freertos/freertos-7.0.0/source/tasks.o
 .debug_aranges
                0x00000b60       0x50 src/Log/log.o
 .debug_aranges
                0x00000bb0       0x20 src/main.o
 .debug_aranges
                0x00000bd0       0x28 d:/program files (x86)/atmel/studio/7.0/toolchain/avr32/avr32-gnu-toolchain/bin/../lib/gcc/avr32/4.4.7/../../../../avr32/lib/ucr2\libc.a(lib_a-malloc.o)
 .debug_aranges
                0x00000bf8       0x20 d:/program files (x86)/atmel/studio/7.0/toolchain/avr32/avr32-gnu-toolchain/bin/../lib/gcc/avr32/4.4.7/../../../../avr32/lib/ucr2\libc.a(lib_a-mallocr.o)
 .debug_aranges
                0x00000c18       0x20 d:/program files (x86)/atmel/studio/7.0/toolchain/avr32/avr32-gnu-toolchain/bin/../lib/gcc/avr32/4.4.7/../../../../avr32/lib/ucr2\libc.a(lib_a-memset.o)
 .debug_aranges