Archive member included because of file (symbol)

d:/program files (x86)/atmel/studio/7.0/toolchain/avr32/avr32-gnu-toolchain/bin/../lib/gcc/avr32/4.4.7/../../../../avr32/lib/ucr2\libc.a(lib_a-malloc.o)
                              src/ASF/thirdparty/freertos/freertos-7.0.0/source/portable/memmang/heap_3.o (free)
d:/program files (x86)/atmel/studio/7.0/toolchain/avr32/avr32-gnu-toolchain/bin/../lib/gcc/avr32/4.4.7/../../../../avr32/lib/ucr2\libc.a(lib_a-mallocr.o)
                              d:/program files (x86)/atmel/studio/7.0/toolchain/avr32/avr32-gnu-toolchain/bin/../lib/gcc/avr32/4.4.7/../../../../avr32/lib/ucr2\libc.a(lib_a-malloc.o) (_malloc_r)
d:/program files (x86)/atmel/studio/7.0/toolchain/avr32/avr32-gnu-toolchain/bin/../lib/gcc/avr32/4.4.7/../../../../avr32/lib/ucr2\libc.a(lib_a-memcmp.o)
                              src/Application/voice/voice.o (memcmp)
d:/program files (x86)/atmel/studio/7.0/toolchain/avr32/avr32-gnu-toolchain/bin/../lib/gcc/avr32/4.4.7/../../../../avr32/lib/ucr2\libc.a(lib_a-memcpy.o)
                              src/Application/flash/data_flash.o (memcpy)
d:/program files (x86)/atmel/studio/7.0/toolchain/avr32/avr32-gnu-toolchain/bin/../lib/gcc/avr32/4.4.7/../../../../avr32/lib/ucr2\libc.a(lib_a-memset.o)
                              src/Application/radio/physical.o (memset)
d:/program files (x86)/atmel/studio/7.0/toolchain/avr32/avr32-gnu-toolchain/bin/../lib/gcc/avr32/4.4.7/../../../../avr32/lib/ucr2\libc.a(lib_a-realloc.o)
                              src/ASF/thirdparty/freertos/freertos-7.0.0/source/portable/gcc/avr32_uc3/port.o (realloc)
d:/program files (x86)/atmel/studio/7.0/toolchain/avr32/avr32-gnu-toolchain/bin/../lib/gcc/avr32/4.4.7/../../../../avr32/lib/ucr2\libc.a(lib_a-reallocr.o)
                              d:/program files (x86)/atmel/studio/7.0/toolchain/avr32/avr32-gnu-toolchain/bin/../lib/gcc/avr32/4.4.7/../../../../avr32/lib/ucr2\libc.a(lib_a-realloc.o) (_realloc_r)
d:/program files (x86)/atmel/studio/7.0/toolchain/avr32/avr32-gnu-toolchain/bin/../lib/gcc/avr32/4.4.7/../../../../avr32/lib/ucr2\libc.a(lib_a-sbrkr.o)
                              d:/program files (x86)/atmel/studio/7.0/toolchain/avr32/avr32-gnu-toolchain/bin/../lib/gcc/avr32/4.4.7/../../../../avr32/lib/ucr2\libc.a(lib_a-mallocr.o) (_sbrk_r)
d:/program files (x86)/atmel/studio/7.0/toolchain/avr32/avr32-gnu-toolchain/bin/../lib/gcc/avr32/4.4.7/../../../../avr32/lib/ucr2\libc.a(lib_a-sprintf.o)
                              src/Log/log.o (sprintf)
d:/program files (x86)/atmel/studio/7.0/toolchain/avr32/avr32-gnu-toolchain/bin/../lib/gcc/avr32/4.4.7/../../../../avr32/lib/ucr2\libc.a(lib_a-strncpy.o)
                              src/ASF/thirdparty/freertos/freertos-7.0.0/source/tasks.o (strncpy)
d:/program files (x86)/atmel/studio/7.0/toolchain/avr32/avr32-gnu-toolchain/bin/../lib/gcc/avr32/4.4.7/../../../../avr32/lib/ucr2\libc.a(lib_a-syscalls.o)
                              d:/program files (x86)/atmel/studio/7.0/toolchain/avr32/avr32-gnu-toolchain/bin/../lib/gcc/avr32/4.4.7/../../../../avr32/lib/ucr2\libc.a(lib_a-sbrkr.o) (_sbrk)
d:/program files (x86)/atmel/studio/7.0/toolchain/avr32/avr32-gnu-toolchain/bin/../lib/gcc/avr32/4.4.7/../../../../avr32/lib/ucr2\libc.a(lib_a-vfprintf.o)
                              d:/program files (x86)/atmel/studio/7.0/toolchain/avr32/avr32-gnu-toolchain/bin/../lib/gcc/avr32/4.4.7/../../../../avr32/lib/ucr2\libc.a(lib_a-sprintf.o) (_vfprintf_r)
d:/program files (x86)/atmel/studio/7.0/toolchain/avr32/avr32-gnu-toolchain/bin/../lib/gcc/avr32/4.4.7/../../../../avr32/lib/ucr2\libc.a(lib_a-wsetup.o)
                              d:/program files (x86)/atmel/studio/7.0/toolchain/avr32/avr32-gnu-toolchain/bin/../lib/gcc/avr32/4.4.7/../../../../avr32/lib/ucr2\libc.a(lib_a-vfprintf.o) (__swsetup_r)
d:/program files (x86)/atmel/studio/7.0/toolchain/avr32/avr32-gnu-toolchain/bin/../lib/gcc/avr32/4.4.7/../../../../avr32/lib/ucr2\libc.a(lib_a-dtoa.o)
                              d:/program files (x86)/atmel/studio/7.0/toolchain/avr32/avr32-gnu-toolchain/bin/../lib/gcc/avr32/4.4.7/../../../../avr32/lib/ucr2\libc.a(lib_a-vfprintf.o) (_dtoa_r)
d:/program files (x86)/atmel/studio/7.0/toolchain/avr32/avr32-gnu-toolchain/bin/../lib/gcc/avr32/4.4.7/../../../../avr32/lib/ucr2\libc.a(lib_a-errno.o)
                              d:/program files (x86)/atmel/studio/7.0/toolchain/avr32/avr32-gnu-toolchain/bin/../lib/gcc/avr32/4.4.7/../../../../avr32/lib/ucr2\libc.a(lib_a-syscalls.o) (__errno)
d:/program files (x86)/atmel/studio/7.0/toolchain/avr32/avr32-gnu-toolchain/bin/../lib/gcc/avr32/4.4.7/../../../../avr32/lib/ucr2\libc.a(lib_a-fflush.o)
                              d:/program files (x86)/atmel/studio/7.0/toolchain/avr32/avr32-gnu-toolchain/bin/../lib/gcc/avr32/4.4.7/../../../../avr32/lib/ucr2\libc.a(lib_a-vfprintf.o) (_fflush_r)
[...]
Memory Configuration

Name             Origin             Length             Attributes
FLASH            0x80000000         0x00080000         axrl !w
CPUSRAM          0x00000004         0x00017ffc         axw !rl
USERPAGE         0x80800000         0x00000200
FACTORYPAGE      0x80800200         0x00000200
*default*        0x00000000         0xffffffff

Linker script and memory map

                0x00001000                _stack_size = 0x1000
LOAD src/Application/app/app.o
LOAD src/Application/flash/data_flash.o
LOAD src/Application/radio/ambe.o
LOAD src/Application/radio/AMBE_audio.o
LOAD src/Application/radio/AMBE_audio_2.o
LOAD src/Application/radio/audio.o
LOAD src/Application/radio/payload.o
LOAD src/Application/radio/physical.o
LOAD src/Application/radio/ssc.o
LOAD src/Application/radio/xcmp.o
LOAD src/Application/radio/xnl.o
LOAD src/Application/rtc/rtc.o
LOAD src/Application/timers/timer.o
LOAD src/Application/voice/voice.o
LOAD src/ASF/avr32/drivers/flashc/flashc.o
LOAD src/ASF/avr32/drivers/gpio/gpio.o
LOAD src/ASF/avr32/drivers/intc/intc.o
LOAD src/ASF/avr32/drivers/pm/pm.o
LOAD src/ASF/avr32/drivers/pm/pm_conf_clocks.o
LOAD src/ASF/avr32/drivers/pm/power_clocks_lib.o
LOAD src/ASF/avr32/drivers/spi/spi.o
LOAD src/ASF/avr32/drivers/tc/tc.o
LOAD src/ASF/avr32/drivers/twi/twi.o
LOAD src/ASF/avr32/drivers/usart/usart.o
LOAD src/ASF/avr32/utils/startup/startup_uc3.o
LOAD src/ASF/avr32/utils/startup/trampoline_uc3.o
LOAD src/ASF/common/boards/user_board/init.o
LOAD src/ASF/common/services/clock/uc3b0_b1/sysclk.o
LOAD src/ASF/common/services/spi/uc3_spi/spi_master.o
LOAD src/ASF/common/services/spi/uc3_usart_spi/usart_spi.o
LOAD src/ASF/thirdparty/freertos/freertos-7.0.0/source/croutine.o
LOAD src/ASF/thirdparty/freertos/freertos-7.0.0/source/list.o
LOAD src/ASF/thirdparty/freertos/freertos-7.0.0/source/portable/gcc/avr32_uc3/exception.o
LOAD src/ASF/thirdparty/freertos/freertos-7.0.0/source/portable/gcc/avr32_uc3/port.o
LOAD src/ASF/thirdparty/freertos/freertos-7.0.0/source/portable/gcc/avr32_uc3/read.o
LOAD src/ASF/thirdparty/freertos/freertos-7.0.0/source/portable/gcc/avr32_uc3/write.o
LOAD src/ASF/thirdparty/freertos/freertos-7.0.0/source/portable/memmang/heap_3.o
LOAD src/ASF/thirdparty/freertos/freertos-7.0.0/source/queue.o
LOAD src/ASF/thirdparty/freertos/freertos-7.0.0/source/tasks.o
LOAD src/Log/log.o
LOAD src/main.o
START GROUP
LOAD d:/program files (x86)/atmel/studio/7.0/toolchain/avr32/avr32-gnu-toolchain/bin/../lib/gcc/avr32/4.4.7/../../../../avr32/lib/ucr2\libm.a
END GROUP
LOAD d:/program files (x86)/atmel/studio/7.0/toolchain/avr32/avr32-gnu-toolchain/bin/../lib/gcc/avr32/4.4.7/ucr2\libgcc.a
LOAD d:/program files (x86)/atmel/studio/7.0/toolchain/avr32/avr32-gnu-toolchain/bin/../lib/gcc/avr32/4.4.7/../../../../avr32/lib/ucr2\libc.a
LOAD d:/program files (x86)/atmel/studio/7.0/toolchain/avr32/avr32-gnu-toolchain/bin/../lib/gcc/avr32/4.4.7/ucr2\libgcc.a
                0x80000000                PROVIDE (__executable_start, 0x80000000)
                0x80000000                . = 0x80000000

.interp
 *(.interp)

.reset          0x80000000     0x2004
 *(.reset)
 .reset         0x80000000     0x2004 src/ASF/avr32/utils/startup/trampoline_uc3.o
                               0x2008 (size before relaxing)
                0x80000000                _trampoline

.hash
 *(.hash)

.dynsym
 *(.dynsym)

.dynstr
 *(.dynstr)

.gnu.version
 *(.gnu.version)

.gnu.version_d
 *(.gnu.version_d)

.gnu.version_r
 *(.gnu.version_r)

.rel.init
 *(.rel.init)

.rela.init
 *(.rela.init)

.rel.text
 *(.rel.text .rel.text.* .rel.gnu.linkonce.t.*)

.rela.text
 *(.rela.text .rela.text.* .rela.gnu.linkonce.t.*)

.rel.fini
 *(.rel.fini)

.rela.fini
 *(.rela.fini)

.rel.rodata
 *(.rel.rodata .rel.rodata.* .rel.gnu.linkonce.r.*)

.rela.rodata
 *(.rela.rodata .rela.rodata.* .rela.gnu.linkonce.r.*)

.rel.data.rel.ro
 *(.rel.data.rel.ro*)

.rela.data.rel.ro
 *(.rel.data.rel.ro*)

.rel.data
 *(.rel.data .rel.data.* .rel.gnu.linkonce.d.*)

.rela.data
 *(.rela.data .rela.data.* .rela.gnu.linkonce.d.*)

.rel.tdata
 *(.rel.tdata .rel.tdata.* .rel.gnu.linkonce.td.*)

.rela.tdata
 *(.rela.tdata .rela.tdata.* .rela.gnu.linkonce.td.*)

.rel.tbss
 *(.rel.tbss .rel.tbss.* .rel.gnu.linkonce.tb.*)

.rela.tbss
 *(.rela.tbss .rela.tbss.* .rela.gnu.linkonce.tb.*)

.rel.ctors
 *(.rel.ctors)

.rela.ctors
 *(.rela.ctors)

.rel.dtors
 *(.rel.dtors)

.rela.dtors
 *(.rela.dtors)

.rel.got
 *(.rel.got)

.rela.got       0x80002004        0x0
 *(.rela.got)
 .rela.got      0x80002004        0x0 src/Application/app/app.o

.rel.bss
 *(.rel.bss .rel.bss.* .rel.gnu.linkonce.b.*)

.rela.bss
 *(.rela.bss .rela.bss.* .rela.gnu.linkonce.b.*)

.rel.plt
 *(.rel.plt)

.rela.plt
 *(.rela.plt)

.init
 *(.init)

.plt
 *(.plt)

.text           0x80002004     0xa79c
 *(.text .stub .text.* .gnu.linkonce.t.*)
 .text.DeviceManagement_brdcst_func
                0x80002004       0x24 src/Application/app/app.o
                0x80002004                DeviceManagement_brdcst_func
 .text.Volume_brdcst_func
                0x80002028        0x2 src/Application/app/app.o
                0x80002028                Volume_brdcst_func
 .text.AudioRoutingControl_brdcst_func
                0x8000202a        0x2 src/Application/app/app.o
                0x8000202a                AudioRoutingControl_brdcst_func
 .text.vApplicationIdleHook
                0x8000202c       0x10 src/Application/app/app.o
                0x8000202c                vApplicationIdleHook
 .text.app_init
                0x8000203c       0x54 src/Application/app/app.o
                0x8000203c                app_init
 .text.app_cfg  0x80002090       0x74 src/Application/app/app.o
 .text.app_payload_tx_proc
                0x80002104       0x14 src/Application/app/app.o
 .text.FD_brdcst_func
                0x80002118       0x14 src/Application/app/app.o
                0x80002118                FD_brdcst_func
 .text.FD_reply_func
                0x8000212c       0x14 src/Application/app/app.o
                0x8000212c                FD_reply_func
 .text.FD_request_func
                0x80002140       0x14 src/Application/app/app.o
                0x80002140                FD_request_func
 .text.EnOB_brdcst_func
                0x80002154       0x14 src/Application/app/app.o
                0x80002154                EnOB_brdcst_func
 .text.EnOB_reply_func
                0x80002168       0x70 src/Application/app/app.o
                0x80002168                EnOB_reply_func
 .text.SingleDetection_brdcst_func
                0x800021d8       0x1c src/Application/app/app.o
                0x800021d8                SingleDetection_brdcst_func
 .text.ButtonConfig_brdcst_func
                0x800021f4       0xdc src/Application/app/app.o
                0x800021f4                ButtonConfig_brdcst_func
 .text.Phyuserinput_brdcst_func
                0x800022d0       0x78 src/Application/app/app.o
                0x800022d0                Phyuserinput_brdcst_func
 .text.ButtonConfig_reply_func
                0x80002348       0x44 src/Application/app/app.o
                0x80002348                ButtonConfig_reply_func
 .text.DataSession_brdcst_func
                0x8000238c       0x84 src/Application/app/app.o
                0x8000238c                DataSession_brdcst_func
 .text.DataSession_reply_func
                0x80002410       0x58 src/Application/app/app.o
                0x80002410                DataSession_reply_func
 .text.CallControl_brdcst_func
                0x80002468       0x44 src/Application/app/app.o
                0x80002468                CallControl_brdcst_func
 .text.TransmitControl_brdcst_func
                0x800024ac       0x48 src/Application/app/app.o
                0x800024ac                TransmitControl_brdcst_func
 .text.TransmitControl_reply_func
                0x800024f4       0x60 src/Application/app/app.o
                0x800024f4                TransmitControl_reply_func
 .text.AudioRoutingControl_reply_func
                0x80002554       0x30 src/Application/app/app.o
                0x80002554                AudioRoutingControl_reply_func
 .text.Volume_reply_func
                0x80002584       0x64 src/Application/app/app.o
                0x80002584                Volume_reply_func
 .text.spk_brdcst_func
                0x800025e8       0x38 src/Application/app/app.o
                0x800025e8                spk_brdcst_func
 .text.spk_reply_func
                0x80002620       0x48 src/Application/app/app.o
                0x80002620                spk_reply_func
 .text.mic_brdcst_func
                0x80002668       0x58 src/Application/app/app.o
                0x80002668                mic_brdcst_func
 .text.mic_reply_func
                0x800026c0       0x94 src/Application/app/app.o
                0x800026c0                mic_reply_func
 .text.dcm_brdcst_func
                0x80002754       0x48 src/Application/app/app.o
                0x80002754                dcm_brdcst_func
 .text.dcm_reply_func
                0x8000279c       0x68 src/Application/app/app.o
                0x8000279c                dcm_reply_func
 .text.ToneControl_reply_func
                0x80002804       0x28 src/Application/app/app.o
                0x80002804                ToneControl_reply_func
 .text.app_payload_rx_proc
                0x8000282c       0x4c src/Application/app/app.o
 .text.DeviceInitializationStatus_brdcst_func
                0x80002878       0x38 src/Application/app/app.o
                0x80002878                DeviceInitializationStatus_brdcst_func
 .text.send_flash_command
                0x800028b0      0x1bc src/Application/flash/data_flash.o
                0x800028b0                send_flash_command
 .text.data_flash_read_block
                0x80002a6c       0x38 src/Application/flash/data_flash.o
                0x80002a6c                data_flash_read_block
 .text.data_flash_write_page
                0x80002aa4       0x9c src/Application/flash/data_flash.o
                0x80002aa4                data_flash_write_page
 .text.data_flash_write_block
                0x80002b40       0xc0 src/Application/flash/data_flash.o
                0x80002b40                data_flash_write_block
 .text.data_flash_erase_block
                0x80002c00       0x9c src/Application/flash/data_flash.o
                0x80002c00                data_flash_erase_block
 .text.data_flash_write
                0x80002c9c       0xf0 src/Application/flash/data_flash.o
                0x80002c9c                data_flash_write
 .text.data_flash_init
                0x80002d8c      0x148 src/Application/flash/data_flash.o
                0x80002d8c                data_flash_init
 .text.CalculateBurst
                0x80002ed4       0x1c src/Application/radio/ambe.o
                0x80002ed4                CalculateBurst
 .text.payload_init
                0x80002ef0       0x38 src/Application/radio/payload.o
                0x80002ef0                payload_init
 .text.payload_rx_process
                0x80002f28       0x4c src/Application/radio/payload.o
 .text.set_idle_store_isr
                0x80002f74       0x1c src/Application/radio/physical.o
                0x80002f74                set_idle_store_isr
 .text.phy_rx   0x80002f90       0x38 src/Application/radio/physical.o
                0x80002f90                phy_rx
 .text.set_idle_store
                0x80002fc8       0x20 src/Application/radio/physical.o
                0x80002fc8                set_idle_store
 .text.phy_tx   0x80002fe8       0x5c src/Application/radio/physical.o
                0x80002fe8                phy_tx
 .text.get_idle_store_isr
                0x80003044       0x28 src/Application/radio/physical.o
                0x80003044                get_idle_store_isr
 .text.phy_tx_func
                0x8000306c      0x4c8 src/Application/radio/physical.o
 .text.get_idle_store
                0x80003534       0x28 src/Application/radio/physical.o
                0x80003534                get_idle_store
 .text.phy_init
                0x8000355c       0x28 src/Application/radio/physical.o
                0x8000355c                phy_init
 .text.payload_rx
                0x80003584       0x60 src/Application/radio/physical.o
 .text.phy_rx_func
                0x800035e4      0xf24 src/Application/radio/physical.o
 .text.pdca_int_handler
                0x80004508       0x74 src/Application/radio/ssc.o
 .text.local_start_SSC
                0x8000457c       0x44 src/Application/radio/ssc.o
                0x8000457c                local_start_SSC
 .text.local_start_PDC
                0x800045c0       0x6c src/Application/radio/ssc.o
                0x800045c0                local_start_PDC
 .text.register_rx_tx_func
                0x8000462c       0x14 src/Application/radio/ssc.o
                0x8000462c                register_rx_tx_func
 .text.ssc_init
                0x80004640       0x68 src/Application/radio/ssc.o
                0x80004640                ssc_init
 .text.xcmp_register_app_list
                0x800046a8        0xc src/Application/radio/xcmp.o
                0x800046a8                xcmp_register_app_list
 .text.xcmp_tx  0x800046b4       0x48 src/Application/radio/xcmp.o
 .text.xcmp_DeviceInitializationStatus_request
                0x800046fc       0x40 src/Application/radio/xcmp.o
                0x800046fc                xcmp_DeviceInitializationStatus_request
 .text.xcmp_opcode_not_supported
                0x8000473c       0x24 src/Application/radio/xcmp.o
                0x8000473c                xcmp_opcode_not_supported
 .text.xcmp_exec_func
                0x80004760       0x48 src/Application/radio/xcmp.o
 .text.xcmp_IdleTestTone
                0x800047a8       0x60 src/Application/radio/xcmp.o
                0x800047a8                xcmp_IdleTestTone
 .text.xcmp_init
                0x80004808       0x54 src/Application/radio/xcmp.o
                0x80004808                xcmp_init
 .text.xcmp_rx_process
                0x8000485c       0xfc src/Application/radio/xcmp.o
 .text.xcmp_rx  0x80004958       0x4c src/Application/radio/xcmp.o
 .text.xnl_register_xcmp_func
                0x800049a4        0xc src/Application/radio/xnl.o
                0x800049a4                xnl_register_xcmp_func
 .text.xnl_get_msg_ack_func
                0x800049b0       0x2c src/Application/radio/xnl.o
                0x800049b0                xnl_get_msg_ack_func
 .text.xnl_init
                0x800049dc      0x12c src/Application/radio/xnl.o
                0x800049dc                xnl_init
 .text.xnl_rx_process
                0x80004b08       0x60 src/Application/radio/xnl.o
 .text.xnl_tx_process
                0x80004b68       0xcc src/Application/radio/xnl.o
 .text.xnl_tx   0x80004c34       0xe4 src/Application/radio/xnl.o
                0x80004c34                xnl_tx
 .text.xnl_data_msg_func
                0x80004d18       0x60 src/Application/radio/xnl.o
                0x80004d18                xnl_data_msg_func
 .text.xnl_device_auth_reply_func
                0x80004d78      0x120 src/Application/radio/xnl.o
                0x80004d78                xnl_device_auth_reply_func
 .text.xnl_master_status_brdcst_func
                0x80004e98       0x60 src/Application/radio/xnl.o
                0x80004e98                xnl_master_status_brdcst_func
 .text.xnl_device_conn_reply_func
                0x80004ef8       0x5c src/Application/radio/xnl.o
                0x80004ef8                xnl_device_conn_reply_func
 .text.xnl_send_device_master_query
                0x80004f54       0x30 src/Application/radio/xnl.o
                0x80004f54                xnl_send_device_master_query
 .text.local_start_pll0
                0x80004f84       0x50 src/Application/rtc/rtc.o
                0x80004f84                local_start_pll0
 .text.local_start_timer
                0x80004fd4       0x3a src/Application/timers/timer.o
                0x80004fd4                local_start_timer
 *fill*         0x8000500e        0x2 d703d703
 .text.voc_init
                0x80005010      0x1d0 src/Application/voice/voice.o
                0x80005010                voc_init
 .text.gpio_enable_module_pin
                0x800051e0       0x52 src/ASF/avr32/drivers/gpio/gpio.o
                0x800051e0                gpio_enable_module_pin
 *fill*         0x80005232        0x2 d703d703
 .text.gpio_enable_module
                0x80005234       0x30 src/ASF/avr32/drivers/gpio/gpio.o
                0x80005234                gpio_enable_module
 .text.gpio_enable_gpio_pin
                0x80005264       0x18 src/ASF/avr32/drivers/gpio/gpio.o
                0x80005264                gpio_enable_gpio_pin
 .text.gpio_set_gpio_pin
                0x8000527c       0x1c src/ASF/avr32/drivers/gpio/gpio.o
                0x8000527c                gpio_set_gpio_pin
 .text._unhandled_interrupt
                0x80005298        0x2 src/ASF/avr32/drivers/intc/intc.o
 *fill*         0x8000529a        0x2 d703d703
 .text.INTC_register_interrupt
                0x8000529c       0x80 src/ASF/avr32/drivers/intc/intc.o
                0x8000529c                INTC_register_interrupt
 .text.INTC_init_interrupts
                0x8000531c       0x54 src/ASF/avr32/drivers/intc/intc.o
                0x8000531c                INTC_init_interrupts
 .text._get_interrupt_handler
                0x80005370       0x38 src/ASF/avr32/drivers/intc/intc.o
                0x80005370                _get_interrupt_handler
 .text.getBaudDiv
                0x800053a8       0x20 src/ASF/avr32/drivers/spi/spi.o
                0x800053a8                getBaudDiv
 .text.spi_initMaster
                0x800053c8       0x38 src/ASF/avr32/drivers/spi/spi.o
                0x800053c8                spi_initMaster
 .text.spi_selectionMode
                0x80005400       0x2c src/ASF/avr32/drivers/spi/spi.o
                0x80005400                spi_selectionMode
 .text.spi_selectChip
                0x8000542c       0x4c src/ASF/avr32/drivers/spi/spi.o
                0x8000542c                spi_selectChip
 .text.spi_unselectChip
                0x80005478       0x26 src/ASF/avr32/drivers/spi/spi.o
                0x80005478                spi_unselectChip
 *fill*         0x8000549e        0x2 d703d703
 .text.spi_setupChipReg
                0x800054a0       0xb8 src/ASF/avr32/drivers/spi/spi.o
                0x800054a0                spi_setupChipReg
 .text.spi_enable
                0x80005558        0x6 src/ASF/avr32/drivers/spi/spi.o
                0x80005558                spi_enable
 .text.spi_write
                0x8000555e       0x1c src/ASF/avr32/drivers/spi/spi.o
                0x8000555e                spi_write
 .text.spi_read
                0x8000557a       0x20 src/ASF/avr32/drivers/spi/spi.o
                0x8000557a                spi_read
 .text.usart_set_async_baudrate
                0x8000559a       0x5a src/ASF/avr32/drivers/usart/usart.o
 .text.usart_write_char
                0x800055f4       0x14 src/ASF/avr32/drivers/usart/usart.o
                0x800055f4                usart_write_char
 .text.usart_putchar
                0x80005608       0x2c src/ASF/avr32/drivers/usart/usart.o
                0x80005608                usart_putchar
 .text.usart_read_char
                0x80005634       0x22 src/ASF/avr32/drivers/usart/usart.o
                0x80005634                usart_read_char
 *fill*         0x80005656        0x2 d703d703
 .text.usart_getchar
                0x80005658       0x2c src/ASF/avr32/drivers/usart/usart.o
                0x80005658                usart_getchar
 .text.usart_write_line
                0x80005684       0x24 src/ASF/avr32/drivers/usart/usart.o
                0x80005684                usart_write_line
 .text.usart_reset
                0x800056a8       0x2c src/ASF/avr32/drivers/usart/usart.o
                0x800056a8                usart_reset
 .text.usart_init_rs232
                0x800056d4       0xcc src/ASF/avr32/drivers/usart/usart.o
                0x800056d4                usart_init_rs232
 .text._stext   0x800057a0       0x40 src/ASF/avr32/utils/startup/startup_uc3.o
                                 0x50 (size before relaxing)
                0x800057a0                _stext
 .text.vListInitialise
                0x800057e0       0x14 src/ASF/thirdparty/freertos/freertos-7.0.0/source/list.o
                0x800057e0                vListInitialise
 .text.vListInitialiseItem
                0x800057f4        0x6 src/ASF/thirdparty/freertos/freertos-7.0.0/source/list.o
                0x800057f4                vListInitialiseItem
 .text.vListInsertEnd
                0x800057fa       0x1c src/ASF/thirdparty/freertos/freertos-7.0.0/source/list.o
                0x800057fa                vListInsertEnd
 .text.vListInsert
                0x80005816       0x34 src/ASF/thirdparty/freertos/freertos-7.0.0/source/list.o
                0x80005816                vListInsert
 .text.vListRemove
                0x8000584a       0x26 src/ASF/thirdparty/freertos/freertos-7.0.0/source/list.o
                0x8000584a                vListRemove
 .text.pxPortInitialiseStack
                0x80005870       0x92 src/ASF/thirdparty/freertos/freertos-7.0.0/source/portable/gcc/avr32_uc3/port.o
                0x80005870                pxPortInitialiseStack
 *fill*         0x80005902        0x2 d703d703
 .text.vPortEnterCritical
                0x80005904       0x10 src/ASF/thirdparty/freertos/freertos-7.0.0/source/portable/gcc/avr32_uc3/port.o
                0x80005904                vPortEnterCritical
 .text.xPortStartScheduler
                0x80005914       0x58 src/ASF/thirdparty/freertos/freertos-7.0.0/source/portable/gcc/avr32_uc3/port.o
                0x80005914                xPortStartScheduler
 .text.SCALLYield
                0x8000596c       0x98 src/ASF/thirdparty/freertos/freertos-7.0.0/source/portable/gcc/avr32_uc3/port.o
                0x8000596c                SCALLYield
 .text.prvClearCcInt
                0x80005a04        0xa src/ASF/thirdparty/freertos/freertos-7.0.0/source/portable/gcc/avr32_uc3/port.o
 *fill*         0x80005a0e        0x2 d703d703
 .text.vPortExitCritical
                0x80005a10       0x20 src/ASF/thirdparty/freertos/freertos-7.0.0/source/portable/gcc/avr32_uc3/port.o
                0x80005a10                vPortExitCritical
 .text.vTick    0x80005a30       0x84 src/ASF/thirdparty/freertos/freertos-7.0.0/source/portable/gcc/avr32_uc3/port.o
 .text.__malloc_lock
                0x80005ab4        0xc src/ASF/thirdparty/freertos/freertos-7.0.0/source/portable/gcc/avr32_uc3/port.o
                0x80005ab4                __malloc_lock
 .text.__malloc_unlock
                0x80005ac0        0xc src/ASF/thirdparty/freertos/freertos-7.0.0/source/portable/gcc/avr32_uc3/port.o
                0x80005ac0                __malloc_unlock
 .text._read    0x80005acc       0x40 src/ASF/thirdparty/freertos/freertos-7.0.0/source/portable/gcc/avr32_uc3/read.o
                0x80005acc                _read
 .text._write   0x80005b0c       0x3c src/ASF/thirdparty/freertos/freertos-7.0.0/source/portable/gcc/avr32_uc3/write.o
                0x80005b0c                _write
 .text.vPortFree
                0x80005b48       0x28 src/ASF/thirdparty/freertos/freertos-7.0.0/source/portable/memmang/heap_3.o
                0x80005b48                vPortFree
 .text.pvPortMalloc
                0x80005b70       0x28 src/ASF/thirdparty/freertos/freertos-7.0.0/source/portable/memmang/heap_3.o
                0x80005b70                pvPortMalloc
 .text.prvCopyDataFromQueue
                0x80005b98       0x30 src/ASF/thirdparty/freertos/freertos-7.0.0/source/queue.o
 .text.xQueueReceiveFromISR
                0x80005bc8       0x50 src/ASF/thirdparty/freertos/freertos-7.0.0/source/queue.o
                0x80005bc8                xQueueReceiveFromISR
 .text.prvUnlockQueue
                0x80005c18       0xa0 src/ASF/thirdparty/freertos/freertos-7.0.0/source/queue.o
 .text.xQueueGenericReceive
                0x80005cb8      0x144 src/ASF/thirdparty/freertos/freertos-7.0.0/source/queue.o
                0x80005cb8                xQueueGenericReceive
 .text.prvCopyDataToQueue
                0x80005dfc       0x78 src/ASF/thirdparty/freertos/freertos-7.0.0/source/queue.o
 .text.xQueueGenericSendFromISR
                0x80005e74       0x50 src/ASF/thirdparty/freertos/freertos-7.0.0/source/queue.o
                0x80005e74                xQueueGenericSendFromISR
 .text.xQueueGenericSend
                0x80005ec4      0x100 src/ASF/thirdparty/freertos/freertos-7.0.0/source/queue.o
                0x80005ec4                xQueueGenericSend
 .text.xQueueCreate
                0x80005fc4       0x74 src/ASF/thirdparty/freertos/freertos-7.0.0/source/queue.o
                0x80005fc4                xQueueCreate
 .text.vTaskSuspendAll
                0x80006038       0x10 src/ASF/thirdparty/freertos/freertos-7.0.0/source/tasks.o
                0x80006038                vTaskSuspendAll
 .text.vTaskSwitchContext
                0x80006048       0x7c src/ASF/thirdparty/freertos/freertos-7.0.0/source/tasks.o
                0x80006048                vTaskSwitchContext
 .text.vTaskSetTimeOutState
                0x800060c4       0x18 src/ASF/thirdparty/freertos/freertos-7.0.0/source/tasks.o
                0x800060c4                vTaskSetTimeOutState
 .text.vTaskMissedYield
                0x800060dc        0xc src/ASF/thirdparty/freertos/freertos-7.0.0/source/tasks.o
                0x800060dc                vTaskMissedYield
 .text.xTaskGetCurrentTaskHandle
                0x800060e8        0xc src/ASF/thirdparty/freertos/freertos-7.0.0/source/tasks.o
                0x800060e8                xTaskGetCurrentTaskHandle
 .text.vTaskPriorityDisinherit
                0x800060f4       0x58 src/ASF/thirdparty/freertos/freertos-7.0.0/source/tasks.o
                0x800060f4                vTaskPriorityDisinherit
 .text.vTaskPriorityInherit
                0x8000614c       0x84 src/ASF/thirdparty/freertos/freertos-7.0.0/source/tasks.o
                0x8000614c                vTaskPriorityInherit
 .text.xTaskRemoveFromEventList
                0x800061d0       0x7c src/ASF/thirdparty/freertos/freertos-7.0.0/source/tasks.o
                0x800061d0                xTaskRemoveFromEventList
 .text.vTaskIncrementTick
                0x8000624c      0x114 src/ASF/thirdparty/freertos/freertos-7.0.0/source/tasks.o
                0x8000624c                vTaskIncrementTick
 .text.xTaskCheckForTimeOut
                0x80006360       0x70 src/ASF/thirdparty/freertos/freertos-7.0.0/source/tasks.o
                0x80006360                xTaskCheckForTimeOut
 .text.xTaskGetTickCount
                0x800063d0       0x24 src/ASF/thirdparty/freertos/freertos-7.0.0/source/tasks.o
                0x800063d0                xTaskGetTickCount
 .text.xTaskResumeAll
                0x800063f4       0xe8 src/ASF/thirdparty/freertos/freertos-7.0.0/source/tasks.o
                0x800063f4                xTaskResumeAll
 .text.prvAddCurrentTaskToDelayedList
                0x800064dc       0x5c src/ASF/thirdparty/freertos/freertos-7.0.0/source/tasks.o
 .text.vTaskDelayUntil
                0x80006538       0x80 src/ASF/thirdparty/freertos/freertos-7.0.0/source/tasks.o
                0x80006538                vTaskDelayUntil
 .text.vTaskPlaceOnEventList
                0x800065b8       0x58 src/ASF/thirdparty/freertos/freertos-7.0.0/source/tasks.o
                0x800065b8                vTaskPlaceOnEventList
 .text.prvIdleTask
                0x80006610       0x88 src/ASF/thirdparty/freertos/freertos-7.0.0/source/tasks.o
 .text.xTaskGenericCreate
                0x80006698      0x1e8 src/ASF/thirdparty/freertos/freertos-7.0.0/source/tasks.o
                0x80006698                xTaskGenericCreate
 .text.vTaskStartScheduler
                0x80006880       0x4c src/ASF/thirdparty/freertos/freertos-7.0.0/source/tasks.o
                0x80006880                vTaskStartScheduler
 .text.PrintChar
                0x800068cc        0x4 src/Log/log.o
                0x800068cc                PrintChar
 .text.PrintHex
                0x800068d0       0xb2 src/Log/log.o
                0x800068d0                PrintHex
 .text.PrintDec
                0x80006982       0xda src/Log/log.o
                0x80006982                PrintDec
 .text.log      0x80006a5c      0x18c src/Log/log.o
                0x80006a5c                log
 .text.logFromISR
                0x80006be8      0x180 src/Log/log.o
                0x80006be8                logFromISR
 .text.log_init
                0x80006d68       0x68 src/Log/log.o
                0x80006d68                log_init
 .text.task_log
                0x80006dd0       0x44 src/Log/log.o
 .text.main     0x80006e14       0x84 src/main.o
                0x80006e14                main
 .text.free     0x80006e98       0x10 d:/program files (x86)/atmel/studio/7.0/toolchain/avr32/avr32-gnu-toolchain/bin/../lib/gcc/avr32/4.4.7/../../../../avr32/lib/ucr2\libc.a(lib_a-malloc.o)
                                 0x18 (size before relaxing)
                0x80006e98                free
 .text.malloc   0x80006ea8       0x10 d:/program files (x86)/atmel/studio/7.0/toolchain/avr32/avr32-gnu-toolchain/bin/../lib/gcc/avr32/4.4.7/../../../../avr32/lib/ucr2\libc.a(lib_a-malloc.o)
                                 0x18 (size before relaxing)
                0x80006ea8                malloc
 .text._malloc_r
                0x80006eb8      0x438 d:/program files (x86)/atmel/studio/7.0/toolchain/avr32/avr32-gnu-toolchain/bin/../lib/gcc/avr32/4.4.7/../../../../avr32/lib/ucr2\libc.a(lib_a-mallocr.o)
                                0x450 (size before relaxing)
                0x80006eb8                _malloc_r
 .text.memcmp   0x800072f0       0x26 d:/program files (x86)/atmel/studio/7.0/toolchain/avr32/avr32-gnu-toolchain/bin/../lib/gcc/avr32/4.4.7/../../../../avr32/lib/ucr2\libc.a(lib_a-memcmp.o)
                0x800072f0                memcmp
 .text          0x80007316      0x148 d:/program files (x86)/atmel/studio/7.0/toolchain/avr32/avr32-gnu-toolchain/bin/../lib/gcc/avr32/4.4.7/../../../../avr32/lib/ucr2\libc.a(lib_a-memcpy.o)
                0x80007316                memcpy
 .text.memset   0x8000745e        0xe d:/program files (x86)/atmel/studio/7.0/toolchain/avr32/avr32-gnu-toolchain/bin/../lib/gcc/avr32/4.4.7/../../../../avr32/lib/ucr2\libc.a(lib_a-memset.o)
                0x8000745e                memset
 .text._realloc_r
                0x8000746c      0x2c0 d:/program files (x86)/atmel/studio/7.0/toolchain/avr32/avr32-gnu-toolchain/bin/../lib/gcc/avr32/4.4.7/../../../../avr32/lib/ucr2\libc.a(lib_a-reallocr.o)
                                0x2e0 (size before relaxing)
                0x8000746c                _realloc_r
 .text._sbrk_r  0x8000772c       0x20 d:/program files (x86)/atmel/studio/7.0/toolchain/avr32/avr32-gnu-toolchain/bin/../lib/gcc/avr32/4.4.7/../../../../avr32/lib/ucr2\libc.a(lib_a-sbrkr.o)
                                 0x28 (size before relaxing)
                0x8000772c                _sbrk_r
 .text.sprintf  0x8000774c       0x3c d:/program files (x86)/atmel/studio/7.0/toolchain/avr32/avr32-gnu-toolchain/bin/../lib/gcc/avr32/4.4.7/../../../../avr32/lib/ucr2\libc.a(lib_a-sprintf.o)
                                 0x40 (size before relaxing)
                0x8000774c                sprintf
 .text          0x80007788       0x20 d:/program files (x86)/atmel/studio/7.0/toolchain/avr32/avr32-gnu-toolchain/bin/../lib/gcc/avr32/4.4.7/../../../../avr32/lib/ucr2\libc.a(lib_a-strncpy.o)
                0x80007788                strncpy
 .text._close   0x800077a8       0x14 d:/program files (x86)/atmel/studio/7.0/toolchain/avr32/avr32-gnu-toolchain/bin/../lib/gcc/avr32/4.4.7/../../../../avr32/lib/ucr2\libc.a(lib_a-syscalls.o)
                                 0x18 (size before relaxing)
                0x800077a8                _close
 .text._lseek   0x800077bc       0x14 d:/program files (x86)/atmel/studio/7.0/toolchain/avr32/avr32-gnu-toolchain/bin/../lib/gcc/avr32/4.4.7/../../../../avr32/lib/ucr2\libc.a(lib_a-syscalls.o)
                                 0x18 (size before relaxing)
                0x800077bc                _lseek
 .text.isatty   0x800077d0       0x14 d:/program files (x86)/atmel/studio/7.0/toolchain/avr32/avr32-gnu-toolchain/bin/../lib/gcc/avr32/4.4.7/../../../../avr32/lib/ucr2\libc.a(lib_a-syscalls.o)
                                 0x18 (size before relaxing)
                0x800077d0                isatty
 .text._fstat_host
                0x800077e4       0x14 d:/program files (x86)/atmel/studio/7.0/toolchain/avr32/avr32-gnu-toolchain/bin/../lib/gcc/avr32/4.4.7/../../../../avr32/lib/ucr2\libc.a(lib_a-syscalls.o)
                                 0x18 (size before relaxing)
                0x800077e4                _fstat_host
 .text._fstat   0x800077f8       0x4c d:/program files (x86)/atmel/studio/7.0/toolchain/avr32/avr32-gnu-toolchain/bin/../lib/gcc/avr32/4.4.7/../../../../avr32/lib/ucr2\libc.a(lib_a-syscalls.o)
                                 0x50 (size before relaxing)
                0x800077f8                _fstat
 .text._sbrk    0x80007844       0x38 d:/program files (x86)/atmel/studio/7.0/toolchain/avr32/avr32-gnu-toolchain/bin/../lib/gcc/avr32/4.4.7/../../../../avr32/lib/ucr2\libc.a(lib_a-syscalls.o)
                                 0x40 (size before relaxing)
                0x80007844                _sbrk
 .text.get_arg  0x8000787c      0x314 d:/program files (x86)/atmel/studio/7.0/toolchain/avr32/avr32-gnu-toolchain/bin/../lib/gcc/avr32/4.4.7/../../../../avr32/lib/ucr2\libc.a(lib_a-vfprintf.o)
                                0x324 (size before relaxing)
 .text.__sprint_r
                0x80007b90       0x1c d:/program files (x86)/atmel/studio/7.0/toolchain/avr32/avr32-gnu-toolchain/bin/../lib/gcc/avr32/4.4.7/../../../../avr32/lib/ucr2\libc.a(lib_a-vfprintf.o)
                                 0x20 (size before relaxing)
 .text._vfprintf_r
                0x80007bac     0x1f14 d:/program files (x86)/atmel/studio/7.0/toolchain/avr32/avr32-gnu-toolchain/bin/../lib/gcc/avr32/4.4.7/../../../../avr32/lib/ucr2\libc.a(lib_a-vfprintf.o)
                               0x1f9c (size before relaxing)
                0x80007bac                _vfprintf_r
 .text.__swsetup_r
                0x80009ac0       0xdc d:/program files (x86)/atmel/studio/7.0/toolchain/avr32/avr32-gnu-toolchain/bin/../lib/gcc/avr32/4.4.7/../../../../avr32/lib/ucr2\libc.a(lib_a-wsetup.o)
                                 0xe8 (size before relaxing)
                0x80009ac0                __swsetup_r
 .text.quorem   0x80009b9c      0x120 d:/program files (x86)/atmel/studio/7.0/toolchain/avr32/avr32-gnu-toolchain/bin/../lib/gcc/avr32/4.4.7/../../../../avr32/lib/ucr2\libc.a(lib_a-dtoa.o)
                                0x124 (size before relaxing)
 .text._dtoa_r  0x80009cbc      0xbdc d:/program files (x86)/atmel/studio/7.0/toolchain/avr32/avr32-gnu-toolchain/bin/../lib/gcc/avr32/4.4.7/../../../../avr32/lib/ucr2\libc.a(lib_a-dtoa.o)
                                0xc90 (size before relaxing)
                0x80009cbc                _dtoa_r
 .text.__errno  0x8000a898        0xc d:/program files (x86)/atmel/studio/7.0/toolchain/avr32/avr32-gnu-toolchain/bin/../lib/gcc/avr32/4.4.7/../../../../avr32/lib/ucr2\libc.a(lib_a-errno.o)
                0x8000a898                __errno
 .text._fflush_r
                0x8000a8a4      0x10c d:/program files (x86)/atmel/studio/7.0/toolchain/avr32/avr32-gnu-toolchain/bin/../lib/gcc/avr32/4.4.7/../../../../avr32/lib/ucr2\libc.a(lib_a-fflush.o)
                                0x118 (size before relaxing)
                0x8000a8a4                _fflush_r
 .text.__sfp_lock_acquire
                0x8000a9b0        0x2 d:/program files (x86)/atmel/studio/7.0/toolchain/avr32/avr32-gnu-toolchain/bin/../lib/gcc/avr32/4.4.7/../../../../avr32/lib/ucr2\libc.a(lib_a-findfp.o)
                0x8000a9b0                __sfp_lock_acquire
 .text.__sfp_lock_release
                0x8000a9b2        0x2 d:/program files (x86)/atmel/studio/7.0/toolchain/avr32/avr32-gnu-toolchain/bin/../lib/gcc/avr32/4.4.7/../../../../avr32/lib/ucr2\libc.a(lib_a-findfp.o)
                0x8000a9b2                __sfp_lock_release
 .text._cleanup_r
                0x8000a9b4        0xc d:/program files (x86)/atmel/studio/7.0/toolchain/avr32/avr32-gnu-toolchain/bin/../lib/gcc/avr32/4.4.7/../../../../avr32/lib/ucr2\libc.a(lib_a-findfp.o)
                                 0x14 (size before relaxing)
                0x8000a9b4                _cleanup_r
 .text.__sfmoreglue
                0x8000a9c0       0x28 d:/program files (x86)/atmel/studio/7.0/toolchain/avr32/avr32-gnu-toolchain/bin/../lib/gcc/avr32/4.4.7/../../../../avr32/lib/ucr2\libc.a(lib_a-findfp.o)
                                 0x30 (size before relaxing)
                0x8000a9c0                __sfmoreglue
 .text.__sfp    0x8000a9e8       0x6c d:/program files (x86)/atmel/studio/7.0/toolchain/avr32/avr32-gnu-toolchain/bin/../lib/gcc/avr32/4.4.7/../../../../avr32/lib/ucr2\libc.a(lib_a-findfp.o)
                                 0x7c (size before relaxing)
                0x8000a9e8                __sfp
 .text.__sinit  0x8000aa54       0x9c d:/program files (x86)/atmel/studio/7.0/toolchain/avr32/avr32-gnu-toolchain/bin/../lib/gcc/avr32/4.4.7/../../../../avr32/lib/ucr2\libc.a(lib_a-findfp.o)
                                 0xb0 (size before relaxing)
                0x8000aa54                __sinit
 .text._malloc_trim_r
                0x8000aaf0       0x98 d:/program files (x86)/atmel/studio/7.0/toolchain/avr32/avr32-gnu-toolchain/bin/../lib/gcc/avr32/4.4.7/../../../../avr32/lib/ucr2\libc.a(lib_a-freer.o)
                                 0xa8 (size before relaxing)
                0x8000aaf0                _malloc_trim_r
 .text._free_r  0x8000ab88      0x18c d:/program files (x86)/atmel/studio/7.0/toolchain/avr32/avr32-gnu-toolchain/bin/../lib/gcc/avr32/4.4.7/../../../../avr32/lib/ucr2\libc.a(lib_a-freer.o)
                                0x1a0 (size before relaxing)
                0x8000ab88                _free_r
 .text.__sfvwrite_r
                0x8000ad14      0x294 d:/program files (x86)/atmel/studio/7.0/toolchain/avr32/avr32-gnu-toolchain/bin/../lib/gcc/avr32/4.4.7/../../../../avr32/lib/ucr2\libc.a(lib_a-fvwrite.o)
                                0x2c4 (size before relaxing)
                0x8000ad14                __sfvwrite_r
 .text._fwalk   0x8000afa8       0x4c d:/program files (x86)/atmel/studio/7.0/toolchain/avr32/avr32-gnu-toolchain/bin/../lib/gcc/avr32/4.4.7/../../../../avr32/lib/ucr2\libc.a(lib_a-fwalk.o)
                                 0x54 (size before relaxing)
                0x8000afa8                _fwalk
 .text._localeconv_r
                0x8000aff4        0x8 d:/program files (x86)/atmel/studio/7.0/toolchain/avr32/avr32-gnu-toolchain/bin/../lib/gcc/avr32/4.4.7/../../../../avr32/lib/ucr2\libc.a(lib_a-locale.o)
                0x8000aff4                _localeconv_r
 .text.__smakebuf_r
                0x8000affc       0xbc d:/program files (x86)/atmel/studio/7.0/toolchain/avr32/avr32-gnu-toolchain/bin/../lib/gcc/avr32/4.4.7/../../../../avr32/lib/ucr2\libc.a(lib_a-makebuf.o)
                                 0xcc (size before relaxing)
                0x8000affc                __smakebuf_r
 .text.memchr   0x8000b0b8       0x16 d:/program files (x86)/atmel/studio/7.0/toolchain/avr32/avr32-gnu-toolchain/bin/../lib/gcc/avr32/4.4.7/../../../../avr32/lib/ucr2\libc.a(lib_a-memchr.o)
                0x8000b0b8                memchr
 .text.memmove  0x8000b0ce       0x3e d:/program files (x86)/atmel/studio/7.0/toolchain/avr32/avr32-gnu-toolchain/bin/../lib/gcc/avr32/4.4.7/../../../../avr32/lib/ucr2\libc.a(lib_a-memmove.o)
                0x8000b0ce                memmove
 .text.__hi0bits
                0x8000b10c       0x60 d:/program files (x86)/atmel/studio/7.0/toolchain/avr32/avr32-gnu-toolchain/bin/../lib/gcc/avr32/4.4.7/../../../../avr32/lib/ucr2\libc.a(lib_a-mprec.o)
                0x8000b10c                __hi0bits
 .text.__lo0bits
                0x8000b16c       0x8e d:/program files (x86)/atmel/studio/7.0/toolchain/avr32/avr32-gnu-toolchain/bin/../lib/gcc/avr32/4.4.7/../../../../avr32/lib/ucr2\libc.a(lib_a-mprec.o)
                0x8000b16c                __lo0bits
 .text.__mcmp   0x8000b1fa       0x32 d:/program files (x86)/atmel/studio/7.0/toolchain/avr32/avr32-gnu-toolchain/bin/../lib/gcc/avr32/4.4.7/../../../../avr32/lib/ucr2\libc.a(lib_a-mprec.o)
                0x8000b1fa                __mcmp
 .text._Bfree   0x8000b22c       0x34 d:/program files (x86)/atmel/studio/7.0/toolchain/avr32/avr32-gnu-toolchain/bin/../lib/gcc/avr32/4.4.7/../../../../avr32/lib/ucr2\libc.a(lib_a-mprec.o)
                                 0x38 (size before relaxing)
                0x8000b22c                _Bfree
 .text._Balloc  0x8000b260       0x70 d:/program files (x86)/atmel/studio/7.0/toolchain/avr32/avr32-gnu-toolchain/bin/../lib/gcc/avr32/4.4.7/../../../../avr32/lib/ucr2\libc.a(lib_a-mprec.o)
                                 0x78 (size before relaxing)
                0x8000b260                _Balloc
 .text.__d2b    0x8000b2d0       0xa0 d:/program files (x86)/atmel/studio/7.0/toolchain/avr32/avr32-gnu-toolchain/bin/../lib/gcc/avr32/4.4.7/../../../../avr32/lib/ucr2\libc.a(lib_a-mprec.o)
                                 0xb4 (size before relaxing)
                0x8000b2d0                __d2b
 .text.__mdiff  0x8000b370       0xd0 d:/program files (x86)/atmel/studio/7.0/toolchain/avr32/avr32-gnu-toolchain/bin/../lib/gcc/avr32/4.4.7/../../../../avr32/lib/ucr2\libc.a(lib_a-mprec.o)
                                 0xd8 (size before relaxing)
                0x8000b370                __mdiff
 .text.__lshift
                0x8000b440       0x88 d:/program files (x86)/atmel/studio/7.0/toolchain/avr32/avr32-gnu-toolchain/bin/../lib/gcc/avr32/4.4.7/../../../../avr32/lib/ucr2\libc.a(lib_a-mprec.o)
                                 0x94 (size before relaxing)
                0x8000b440                __lshift
 .text.__multiply
                0x8000b4c8      0x100 d:/program files (x86)/atmel/studio/7.0/toolchain/avr32/avr32-gnu-toolchain/bin/../lib/gcc/avr32/4.4.7/../../../../avr32/lib/ucr2\libc.a(lib_a-mprec.o)
                                0x108 (size before relaxing)
                0x8000b4c8                __multiply
 .text.__i2b    0x8000b5c8       0x10 d:/program files (x86)/atmel/studio/7.0/toolchain/avr32/avr32-gnu-toolchain/bin/../lib/gcc/avr32/4.4.7/../../../../avr32/lib/ucr2\libc.a(lib_a-mprec.o)
                                 0x18 (size before relaxing)
                0x8000b5c8                __i2b
 .text.__multadd
                0x8000b5d8       0x7c d:/program files (x86)/atmel/studio/7.0/toolchain/avr32/avr32-gnu-toolchain/bin/../lib/gcc/avr32/4.4.7/../../../../avr32/lib/ucr2\libc.a(lib_a-mprec.o)
                                 0x88 (size before relaxing)
                0x8000b5d8                __multadd
 .text.__pow5mult
                0x8000b654       0x8c d:/program files (x86)/atmel/studio/7.0/toolchain/avr32/avr32-gnu-toolchain/bin/../lib/gcc/avr32/4.4.7/../../../../avr32/lib/ucr2\libc.a(lib_a-mprec.o)
                                 0xac (size before relaxing)
                0x8000b654                __pow5mult
 .text.__isinfd
                0x8000b6e0       0x2a d:/program files (x86)/atmel/studio/7.0/toolchain/avr32/avr32-gnu-toolchain/bin/../lib/gcc/avr32/4.4.7/../../../../avr32/lib/ucr2\libc.a(lib_a-s_isinfd.o)
                0x8000b6e0                __isinfd
 .text.__isnand
                0x8000b70a       0x1c d:/program files (x86)/atmel/studio/7.0/toolchain/avr32/avr32-gnu-toolchain/bin/../lib/gcc/avr32/4.4.7/../../../../avr32/lib/ucr2\libc.a(lib_a-s_isnand.o)
                0x8000b70a                __isnand
 *fill*         0x8000b726        0x2 d703d703
 .text.__sclose
                0x8000b728        0x8 d:/program files (x86)/atmel/studio/7.0/toolchain/avr32/avr32-gnu-toolchain/bin/../lib/gcc/avr32/4.4.7/../../../../avr32/lib/ucr2\libc.a(lib_a-stdio.o)
                                 0x10 (size before relaxing)
                0x8000b728                __sclose
 .text.__sseek  0x8000b730       0x20 d:/program files (x86)/atmel/studio/7.0/toolchain/avr32/avr32-gnu-toolchain/bin/../lib/gcc/avr32/4.4.7/../../../../avr32/lib/ucr2\libc.a(lib_a-stdio.o)
                                 0x28 (size before relaxing)
                0x8000b730                __sseek
 .text.__swrite
                0x8000b750       0x2c d:/program files (x86)/atmel/studio/7.0/toolchain/avr32/avr32-gnu-toolchain/bin/../lib/gcc/avr32/4.4.7/../../../../avr32/lib/ucr2\libc.a(lib_a-stdio.o)
                                 0x38 (size before relaxing)
                0x8000b750                __swrite
 .text.__sread  0x8000b77c       0x1c d:/program files (x86)/atmel/studio/7.0/toolchain/avr32/avr32-gnu-toolchain/bin/../lib/gcc/avr32/4.4.7/../../../../avr32/lib/ucr2\libc.a(lib_a-stdio.o)
                                 0x24 (size before relaxing)
                0x8000b77c                __sread
 .text.strlen   0x8000b798       0x16 d:/program files (x86)/atmel/studio/7.0/toolchain/avr32/avr32-gnu-toolchain/bin/../lib/gcc/avr32/4.4.7/../../../../avr32/lib/ucr2\libc.a(lib_a-strlen.o)
                0x8000b798                strlen
 *fill*         0x8000b7ae        0x2 d703d703
 .text._write_r
                0x8000b7b0       0x28 d:/program files (x86)/atmel/studio/7.0/toolchain/avr32/avr32-gnu-toolchain/bin/../lib/gcc/avr32/4.4.7/../../../../avr32/lib/ucr2\libc.a(lib_a-writer.o)
                                 0x2c (size before relaxing)
                0x8000b7b0                _write_r
 .text._calloc_r
                0x8000b7d8       0x58 d:/program files (x86)/atmel/studio/7.0/toolchain/avr32/avr32-gnu-toolchain/bin/../lib/gcc/avr32/4.4.7/../../../../avr32/lib/ucr2\libc.a(lib_a-callocr.o)
                                 0x60 (size before relaxing)
                0x8000b7d8                _calloc_r
 .text._close_r
                0x8000b830       0x20 d:/program files (x86)/atmel/studio/7.0/toolchain/avr32/avr32-gnu-toolchain/bin/../lib/gcc/avr32/4.4.7/../../../../avr32/lib/ucr2\libc.a(lib_a-closer.o)
                                 0x28 (size before relaxing)
                0x8000b830                _close_r
 .text._fclose_r
                0x8000b850       0xb8 d:/program files (x86)/atmel/studio/7.0/toolchain/avr32/avr32-gnu-toolchain/bin/../lib/gcc/avr32/4.4.7/../../../../avr32/lib/ucr2\libc.a(lib_a-fclose.o)
                                 0xd0 (size before relaxing)
                0x8000b850                _fclose_r
 .text.fclose   0x8000b908       0x10 d:/program files (x86)/atmel/studio/7.0/toolchain/avr32/avr32-gnu-toolchain/bin/../lib/gcc/avr32/4.4.7/../../../../avr32/lib/ucr2\libc.a(lib_a-fclose.o)
                                 0x18 (size before relaxing)
                0x8000b908                fclose
 .text._fstat_r
                0x8000b918       0x24 d:/program files (x86)/atmel/studio/7.0/toolchain/avr32/avr32-gnu-toolchain/bin/../lib/gcc/avr32/4.4.7/../../../../avr32/lib/ucr2\libc.a(lib_a-fstatr.o)
                                 0x2c (size before relaxing)
                0x8000b918                _fstat_r
 .text._lseek_r
                0x8000b93c       0x28 d:/program files (x86)/atmel/studio/7.0/toolchain/avr32/avr32-gnu-toolchain/bin/../lib/gcc/avr32/4.4.7/../../../../avr32/lib/ucr2\libc.a(lib_a-lseekr.o)
                                 0x2c (size before relaxing)
                0x8000b93c                _lseek_r
 .text._read_r  0x8000b964       0x28 d:/program files (x86)/atmel/studio/7.0/toolchain/avr32/avr32-gnu-toolchain/bin/../lib/gcc/avr32/4.4.7/../../../../avr32/lib/ucr2\libc.a(lib_a-readr.o)
                                 0x2c (size before relaxing)
                0x8000b964                _read_r
 .text          0x8000b98c      0x1d4 d:/program files (x86)/atmel/studio/7.0/toolchain/avr32/avr32-gnu-toolchain/bin/../lib/gcc/avr32/4.4.7/ucr2\libgcc.a(_avr32_f64_mul.o)
                0x8000b98c                __avr32_f64_mul
 .text          0x8000bb60      0x2b0 d:/program files (x86)/atmel/studio/7.0/toolchain/avr32/avr32-gnu-toolchain/bin/../lib/gcc/avr32/4.4.7/ucr2\libgcc.a(_avr32_f64_addsub.o)
                0x8000bb64                __avr32_f64_sub
                0x8000bd00                __avr32_f64_add
 .text          0x8000be10       0x2a d:/program files (x86)/atmel/studio/7.0/toolchain/avr32/avr32-gnu-toolchain/bin/../lib/gcc/avr32/4.4.7/ucr2\libgcc.a(_avr32_f64_to_s32.o)
                0x8000be10                __avr32_f64_to_u32
                0x8000be14                __avr32_f64_to_s32
 .text          0x8000be3a       0xe8 d:/program files (x86)/atmel/studio/7.0/toolchain/avr32/avr32-gnu-toolchain/bin/../lib/gcc/avr32/4.4.7/ucr2\libgcc.a(_avr32_s32_to_f64.o)
                0x8000be3a                __avr32_u32_to_f64
                0x8000be42                __avr32_s32_to_f64
 .text          0x8000bf22       0x26 d:/program files (x86)/atmel/studio/7.0/toolchain/avr32/avr32-gnu-toolchain/bin/../lib/gcc/avr32/4.4.7/ucr2\libgcc.a(_avr32_f64_cmp_eq.o)
                0x8000bf22                __avr32_f64_cmp_eq
 .text          0x8000bf48       0x68 d:/program files (x86)/atmel/studio/7.0/toolchain/avr32/avr32-gnu-toolchain/bin/../lib/gcc/avr32/4.4.7/ucr2\libgcc.a(_avr32_f64_cmp_ge.o)
                0x8000bf48                __avr32_f64_cmp_ge
 .text          0x8000bfb0       0x68 d:/program files (x86)/atmel/studio/7.0/toolchain/avr32/avr32-gnu-toolchain/bin/../lib/gcc/avr32/4.4.7/ucr2\libgcc.a(_avr32_f64_cmp_lt.o)
                0x8000bfb0                __avr32_f64_cmp_lt
 .text          0x8000c018      0x318 d:/program files (x86)/atmel/studio/7.0/toolchain/avr32/avr32-gnu-toolchain/bin/../lib/gcc/avr32/4.4.7/ucr2\libgcc.a(_avr32_f64_div.o)
                0x8000c018                __avr32_f64_div
 .text          0x8000c330      0x264 d:/program files (x86)/atmel/studio/7.0/toolchain/avr32/avr32-gnu-toolchain/bin/../lib/gcc/avr32/4.4.7/ucr2\libgcc.a(_udivdi3.o)
                0x8000c330                __avr32_udiv64
                0x8000c330                __udivdi3
 .text          0x8000c594      0x20c d:/program files (x86)/atmel/studio/7.0/toolchain/avr32/avr32-gnu-toolchain/bin/../lib/gcc/avr32/4.4.7/ucr2\libgcc.a(_umoddi3.o)
                0x8000c594                __avr32_umod64
                0x8000c594                __umoddi3
 *(.text.*personality*)
 *(.gnu.warning)

.exception      0x8000c800      0x200
 .exception     0x8000c800      0x200 src/ASF/thirdparty/freertos/freertos-7.0.0/source/portable/gcc/avr32_uc3/exception.o
                0x8000c800                _evba
                0x8000c904                _int0
                0x8000c912                _int1
                0x8000c920                _int2
                0x8000c92e                _int3
                0x8000c93c                ipr_val

.fini
 *(.fini)
                0x8000ca00                PROVIDE (__etext, .)
                0x8000ca00                PROVIDE (_etext, .)
                0x8000ca00                PROVIDE (etext, .)

.rodata         0x8000ca00     0x11d4
 *(.rodata .rodata.* .gnu.linkonce.r.*)
 .rodata.str1.4
                0x8000ca00      0x709 src/Application/app/app.o
                                0x70c (size before relaxing)
 *fill*         0x8000d109        0x3 
 .rodata.C.48.11258
                0x8000d10c       0x10 src/Application/flash/data_flash.o
 .rodata.C.51.11271
                0x8000d11c        0x4 src/Application/flash/data_flash.o
 .rodata.DF_SPI_GPIO_MAP.11256
                0x8000d120       0x20 src/Application/flash/data_flash.o
 .rodata.Public_AMBEkey
                0x8000d140        0x8 src/Application/radio/ambe.o
                0x8000d140                Public_AMBEkey
 .rodata.CSWTCH.35
                0x8000d148       0x48 src/Application/radio/ambe.o
 .rodata.str1.4
                0x8000d190        0xb src/Application/radio/payload.o
                                  0xc (size before relaxing)
 *fill*         0x8000d19b        0x1 
 .rodata.phy_tx_func
                0x8000d19c       0x1c src/Application/radio/physical.o
 .rodata.str1.4
                0x8000d1b8       0x48 src/Application/radio/physical.o
 .rodata.str1.4
                0x8000d200        0x8 src/Application/radio/xcmp.o
 .rodata.str1.4
                0x8000d208        0x7 src/Application/radio/xnl.o
                                 0x10 (size before relaxing)
 *fill*         0x8000d20f        0x1 
 .rodata.str1.4
                0x8000d210       0x92 src/Application/voice/voice.o
                                 0x94 (size before relaxing)
 *fill*         0x8000d2a2        0x2 
 .rodata._int_handler_table
                0x8000d2a4       0x98 src/ASF/avr32/drivers/intc/intc.o
 .rodata.str1.4
                0x8000d33c        0x5 src/ASF/thirdparty/freertos/freertos-7.0.0/source/tasks.o
                                  0x8 (size before relaxing)
 *fill*         0x8000d341        0x3 
 .rodata.log    0x8000d344      0x150 src/Log/log.o
 .rodata.logFromISR
                0x8000d494      0x150 src/Log/log.o
 .rodata.USART_OPTIONS.11277
                0x8000d5e4        0xc src/Log/log.o
 .rodata.str1.4
                0x8000d5f0       0x3c src/Log/log.o
 .rodata.USART_GPIO_MAP.11276
                0x8000d62c       0x10 src/Log/log.o
 .rodata.str1.4
                0x8000d63c       0x14 src/main.o
 .rodata.get_arg
                0x8000d650       0x3c d:/program files (x86)/atmel/studio/7.0/toolchain/avr32/avr32-gnu-toolchain/bin/../lib/gcc/avr32/4.4.7/../../../../avr32/lib/ucr2\libc.a(lib_a-vfprintf.o)
 .rodata._vfprintf_r
                0x8000d68c      0x164 d:/program files (x86)/atmel/studio/7.0/toolchain/avr32/avr32-gnu-toolchain/bin/../lib/gcc/avr32/4.4.7/../../../../avr32/lib/ucr2\libc.a(lib_a-vfprintf.o)
 .rodata.state_table
                0x8000d7f0       0x6c d:/program files (x86)/atmel/studio/7.0/toolchain/avr32/avr32-gnu-toolchain/bin/../lib/gcc/avr32/4.4.7/../../../../avr32/lib/ucr2\libc.a(lib_a-vfprintf.o)
 .rodata.action_table
                0x8000d85c       0x6c d:/program files (x86)/atmel/studio/7.0/toolchain/avr32/avr32-gnu-toolchain/bin/../lib/gcc/avr32/4.4.7/../../../../avr32/lib/ucr2\libc.a(lib_a-vfprintf.o)
 .rodata.str1.4
                0x8000d8c8       0x3a d:/program files (x86)/atmel/studio/7.0/toolchain/avr32/avr32-gnu-toolchain/bin/../lib/gcc/avr32/4.4.7/../../../../avr32/lib/ucr2\libc.a(lib_a-vfprintf.o)
                                 0x3c (size before relaxing)
 *fill*         0x8000d902        0x2 
 .rodata.blanks.3430
                0x8000d904       0x10 d:/program files (x86)/atmel/studio/7.0/toolchain/avr32/avr32-gnu-toolchain/bin/../lib/gcc/avr32/4.4.7/../../../../avr32/lib/ucr2\libc.a(lib_a-vfprintf.o)
 .rodata.zeroes.3431
                0x8000d914       0x10 d:/program files (x86)/atmel/studio/7.0/toolchain/avr32/avr32-gnu-toolchain/bin/../lib/gcc/avr32/4.4.7/../../../../avr32/lib/ucr2\libc.a(lib_a-vfprintf.o)
 .rodata.chclass
                0x8000d924      0x100 d:/program files (x86)/atmel/studio/7.0/toolchain/avr32/avr32-gnu-toolchain/bin/../lib/gcc/avr32/4.4.7/../../../../avr32/lib/ucr2\libc.a(lib_a-vfprintf.o)
 .rodata.str1.4
                0x8000da24       0x10 d:/program files (x86)/atmel/studio/7.0/toolchain/avr32/avr32-gnu-toolchain/bin/../lib/gcc/avr32/4.4.7/../../../../avr32/lib/ucr2\libc.a(lib_a-dtoa.o)
                                 0x14 (size before relaxing)
 .rodata.__sf_fake_stdin
                0x8000da34       0x20 d:/program files (x86)/atmel/studio/7.0/toolchain/avr32/avr32-gnu-toolchain/bin/../lib/gcc/avr32/4.4.7/../../../../avr32/lib/ucr2\libc.a(lib_a-findfp.o)
                0x8000da34                __sf_fake_stdin
 .rodata.__sf_fake_stdout
                0x8000da54       0x20 d:/program files (x86)/atmel/studio/7.0/toolchain/avr32/avr32-gnu-toolchain/bin/../lib/gcc/avr32/4.4.7/../../../../avr32/lib/ucr2\libc.a(lib_a-findfp.o)
                0x8000da54                __sf_fake_stdout
 .rodata.__sf_fake_stderr
                0x8000da74       0x20 d:/program files (x86)/atmel/studio/7.0/toolchain/avr32/avr32-gnu-toolchain/bin/../lib/gcc/avr32/4.4.7/../../../../avr32/lib/ucr2\libc.a(lib_a-findfp.o)
                0x8000da74                __sf_fake_stderr
 .rodata.str1.4
                0x8000da94        0x2 d:/program files (x86)/atmel/studio/7.0/toolchain/avr32/avr32-gnu-toolchain/bin/../lib/gcc/avr32/4.4.7/../../../../avr32/lib/ucr2\libc.a(lib_a-impure.o)
                                  0x4 (size before relaxing)
 *fill*         0x8000da96        0x2 
 .rodata._global_impure_ptr
                0x8000da98        0x4 d:/program files (x86)/atmel/studio/7.0/toolchain/avr32/avr32-gnu-toolchain/bin/../lib/gcc/avr32/4.4.7/../../../../avr32/lib/ucr2\libc.a(lib_a-impure.o)
                0x8000da98                _global_impure_ptr
 .rodata.lconv  0x8000da9c       0x30 d:/program files (x86)/atmel/studio/7.0/toolchain/avr32/avr32-gnu-toolchain/bin/../lib/gcc/avr32/4.4.7/../../../../avr32/lib/ucr2\libc.a(lib_a-locale.o)
 .rodata.str1.4
                0x8000dacc        0xc d:/program files (x86)/atmel/studio/7.0/toolchain/avr32/avr32-gnu-toolchain/bin/../lib/gcc/avr32/4.4.7/../../../../avr32/lib/ucr2\libc.a(lib_a-locale.o)
                                 0x18 (size before relaxing)
 .rodata.p05.2471
                0x8000dad8        0xc d:/program files (x86)/atmel/studio/7.0/toolchain/avr32/avr32-gnu-toolchain/bin/../lib/gcc/avr32/4.4.7/../../../../avr32/lib/ucr2\libc.a(lib_a-mprec.o)
 .rodata.__mprec_tens
                0x8000dae4       0xc8 d:/program files (x86)/atmel/studio/7.0/toolchain/avr32/avr32-gnu-toolchain/bin/../lib/gcc/avr32/4.4.7/../../../../avr32/lib/ucr2\libc.a(lib_a-mprec.o)
                0x8000dae4                __mprec_tens
 .rodata.__mprec_bigtens
                0x8000dbac       0x28 d:/program files (x86)/atmel/studio/7.0/toolchain/avr32/avr32-gnu-toolchain/bin/../lib/gcc/avr32/4.4.7/../../../../avr32/lib/ucr2\libc.a(lib_a-mprec.o)
                0x8000dbac                __mprec_bigtens

.rodata1
 *(.rodata1)

.eh_frame_hdr
 *(.eh_frame_hdr)

.eh_frame
 *(.eh_frame)

.gcc_except_table
 *(.gcc_except_table)
 *(.gcc_except_table.*)

.dalign         0x8000dbd4        0x4
                0x8000dbd8                . = ALIGN (0x8)
 *fill*         0x8000dbd4        0x4 
                0x8000dbd8                PROVIDE (_data_lma, .)
                0x00000004                PROVIDE (_data, ORIGIN (CPUSRAM))
                0x00000004                . = ORIGIN (CPUSRAM)

.eh_frame
 *(.eh_frame)

.gcc_except_table
 *(.gcc_except_table)
 *(.gcc_except_table.*)

.tdata
 *(.tdata .tdata.* .gnu.linkonce.td.*)

.tbss
 *(.tbss .tbss.* .gnu.linkonce.tb.*)
 *(.tcommon)
                0x00000004                PROVIDE (__preinit_array_start, ALIGN (0x4))

.preinit_array
 *(.preinit_array)
                0x00000004                PROVIDE (__preinit_array_end, .)
                0x00000004                PROVIDE (__init_array_start, .)

.init_array
 *(.init_array)
                0x00000004                PROVIDE (__init_array_end, .)
                0x00000004                PROVIDE (__fini_array_start, .)

.fini_array
 *(.fini_array)
                0x00000004                PROVIDE (__fini_array_end, .)

.ctors
 *crtbegin*.o(.ctors)
 *(EXCLUDE_FILE(*crtend*.o) .ctors)
 *(SORT(.ctors.*))
 *(.ctors)

.dtors
 *crtbegin*.o(.dtors)
 *(EXCLUDE_FILE(*crtend*.o) .dtors)
 *(SORT(.dtors.*))
 *(.dtors)

.jcr
 *(.jcr)

.data.rel.ro
 *(.data.rel.ro.local)
 *(.data.rel.ro*)

.dynamic
 *(.dynamic)

.got
 *(.got.plt)
 *(.got)

.data           0x00000004      0xa38 load address 0x8000dbd8
 *(.data .data.* .gnu.linkonce.d.*)
 .data.the_app_list
                0x00000004      0x4ec src/Application/app/app.o
 .data.xnl_proc_list
                0x000004f0       0x34 src/Application/radio/xnl.o
 .data.FlashLabel
                0x00000524        0x8 src/Application/voice/voice.o
                0x00000524                FlashLabel
 .data.current_save_voice_offset
                0x0000052c        0x4 src/Application/voice/voice.o
 .data.ulCriticalNesting
                0x00000530        0x4 src/ASF/thirdparty/freertos/freertos-7.0.0/source/portable/gcc/avr32_uc3/port.o
                0x00000530                ulCriticalNesting
 .data.xNextTaskUnblockTime
                0x00000534        0x4 src/ASF/thirdparty/freertos/freertos-7.0.0/source/tasks.o
 .data.__malloc_av_
                0x00000538      0x408 d:/program files (x86)/atmel/studio/7.0/toolchain/avr32/avr32-gnu-toolchain/bin/../lib/gcc/avr32/4.4.7/../../../../avr32/lib/ucr2\libc.a(lib_a-mallocr.o)
                0x00000538                __malloc_av_
 .data.__malloc_trim_threshold
                0x00000940        0x4 d:/program files (x86)/atmel/studio/7.0/toolchain/avr32/avr32-gnu-toolchain/bin/../lib/gcc/avr32/4.4.7/../../../../avr32/lib/ucr2\libc.a(lib_a-mallocr.o)
                0x00000940                __malloc_trim_threshold
 .data.__malloc_sbrk_base
                0x00000944        0x4 d:/program files (x86)/atmel/studio/7.0/toolchain/avr32/avr32-gnu-toolchain/bin/../lib/gcc/avr32/4.4.7/../../../../avr32/lib/ucr2\libc.a(lib_a-mallocr.o)
                0x00000944                __malloc_sbrk_base
 .data.impure_data
                0x00000948       0xf0 d:/program files (x86)/atmel/studio/7.0/toolchain/avr32/avr32-gnu-toolchain/bin/../lib/gcc/avr32/4.4.7/../../../../avr32/lib/ucr2\libc.a(lib_a-impure.o)
 .data._impure_ptr
                0x00000a38        0x4 d:/program files (x86)/atmel/studio/7.0/toolchain/avr32/avr32-gnu-toolchain/bin/../lib/gcc/avr32/4.4.7/../../../../avr32/lib/ucr2\libc.a(lib_a-impure.o)
                0x00000a38                _impure_ptr
 *(.gnu.linkonce.d.*personality*)

.data1
 *(.data1)

.balign         0x00000a3c        0x4 load address 0x8000e610
                0x00000a40                . = ALIGN (0x8)
 *fill*         0x00000a3c        0x4 
                0x00000a40                _edata = .
                0x00000a40                _edata = .
                0x00000a40                PROVIDE (edata, .)
                0x00000a40                __bss_start = .

.bss            0x00000a40     0x5968 load address 0x8000e610
 *(.dynbss)
 *(.bss .bss.* .gnu.linkonce.b.*)
 .bss.Speaker_is_unmute
                0x00000a40        0x1 src/Application/app/app.o
                0x00000a40                Speaker_is_unmute
 .bss.AMBE_rx_flag
                0x00000a41        0x1 src/Application/app/app.o
                0x00000a41                AMBE_rx_flag
 *fill*         0x00000a42        0x2 
 .bss.isAudioRouting.11123
                0x00000a44        0x4 src/Application/app/app.o
 .bss.xLastWakeTime.11124
                0x00000a48        0x4 src/Application/app/app.o
 .bss.AMBE_tx_flag
                0x00000a4c        0x1 src/Application/app/app.o
                0x00000a4c                AMBE_tx_flag
 .bss.Radio_Transmit_State
                0x00000a4d        0x1 src/Application/app/app.o
                0x00000a4d                Radio_Transmit_State
 .bss.Call_Begin
                0x00000a4e        0x1 src/Application/app/app.o
                0x00000a4e                Call_Begin
 .bss.AMBE_Media
                0x00000a4f        0x1 src/Application/app/app.o
                0x00000a4f                AMBE_Media
 .bss.res.11114
                0x00000a50        0x4 src/Application/app/app.o
 .bss.times_counter.11152
                0x00000a54        0x1 src/Application/app/app.o
 .bss.VF_SN     0x00000a55        0x1 src/Application/app/app.o
                0x00000a55                VF_SN
 .bss.Mic_is_Enabled
                0x00000a56        0x1 src/Application/app/app.o
                0x00000a56                Mic_is_Enabled
 .bss.Terminator_Flag
                0x00000a57        0x1 src/Application/app/app.o
                0x00000a57                Terminator_Flag
 .bss.ulIdleCycleCount
                0x00000a58        0x4 src/Application/app/app.o
                0x00000a58                ulIdleCycleCount
 .bss.data_flash_failure
                0x00000a5c        0x1 src/Application/flash/data_flash.o
                0x00000a5c                data_flash_failure
 *fill*         0x00000a5d        0x3 
 .bss.payload_rx_exec
                0x00000a60        0x4 src/Application/radio/payload.o
                0x00000a60                payload_rx_exec
 .bss.payload_tx_exec
                0x00000a64        0x4 src/Application/radio/payload.o
                0x00000a64                payload_tx_exec
 .bss.ArrayDiscLength.10968
                0x00000a68        0x4 src/Application/radio/physical.o
 .bss.phy_tx_index.10647
                0x00000a6c        0x1 src/Application/radio/physical.o
 *fill*         0x00000a6d        0x3 
 .bss.Item_Length.10973
                0x00000a70        0x4 src/Application/radio/physical.o
 .bss.phy_rx_length.10690
                0x00000a74        0x2 src/Application/radio/physical.o
 *fill*         0x00000a76        0x2 
 .bss.phy_payload_frame_rx
                0x00000a78        0x4 src/Application/radio/physical.o
                0x00000a78                phy_payload_frame_rx
 .bss.AMBEpayload_tx_state.10775
                0x00000a7c        0x4 src/Application/radio/physical.o
 .bss.RxBytesWaiting.10967
                0x00000a80        0x4 src/Application/radio/physical.o
 .bss.phy_rx_expexted_length.10689
                0x00000a84        0x2 src/Application/radio/physical.o
 *fill*         0x00000a86        0x2 
 .bss.RxAMBE_IsFillingNext8.10965
                0x00000a88        0x4 src/Application/radio/physical.o
 .bss.phy_tx_state.10645
                0x00000a8c        0x4 src/Application/radio/physical.o
 .bss.Item_ID.10972
                0x00000a90        0x1 src/Application/radio/physical.o
 .bss.is_first.10971
                0x00000a91        0x1 src/Application/radio/physical.o
 *fill*         0x00000a92        0x2 
 .bss.AMBE_HT   0x00000a94        0x8 src/Application/radio/physical.o
 .bss.RxMediaState.10963
                0x00000a9c        0x4 src/Application/radio/physical.o
 .bss.xnl_store_idle
                0x00000aa0        0x4 src/Application/radio/physical.o
                0x00000aa0                xnl_store_idle
 .bss.RxMedia_IsFillingNext16.10964
                0x00000aa4        0x4 src/Application/radio/physical.o
 .bss.payload_store_idle
                0x00000aa8        0x4 src/Application/radio/physical.o
                0x00000aa8                payload_store_idle
 .bss.phy_rx_state.10692
                0x00000aac        0x4 src/Application/radio/physical.o
 .bss.phy_payload_frame_tx
                0x00000ab0        0x4 src/Application/radio/physical.o
                0x00000ab0                phy_payload_frame_tx
 .bss.phy_check_sum.10691
                0x00000ab4        0x2 src/Application/radio/physical.o
 .bss.phy_tx_expexted_length.10646
                0x00000ab6        0x2 src/Application/radio/physical.o
 .bss.RxData_IsFillingNext16.10966
                0x00000ab8        0x4 src/Application/radio/physical.o
 .bss.phy_xnl_frame_rx
                0x00000abc        0x4 src/Application/radio/physical.o
                0x00000abc                phy_xnl_frame_rx
 .bss.payload_ptr.10969
                0x00000ac0        0x4 src/Application/radio/physical.o
 .bss.SDV_Index.10975
                0x00000ac4        0x1 src/Application/radio/physical.o
 *fill*         0x00000ac5        0x3 
 .bss.phy_rx_count.10693
                0x00000ac8        0x4 src/Application/radio/physical.o
 .bss.phy_frame_ptr.10688
                0x00000acc        0x4 src/Application/radio/physical.o
 .bss.phy_xnl_frame_tx
                0x00000ad0        0x4 src/Application/radio/physical.o
                0x00000ad0                phy_xnl_frame_tx
 .bss.m_RxBurstType
                0x00000ad4        0x4 src/Application/radio/physical.o
 .bss.Soft_index.10782
                0x00000ad8        0x4 src/Application/radio/physical.o
 .bss.AMBE_payload_ptr.10970
                0x00000adc        0x4 src/Application/radio/physical.o
 .bss.A_index.10781
                0x00000ae0        0x4 src/Application/radio/physical.o
 .bss.phy_ptr.10644
                0x00000ae4        0x4 src/Application/radio/physical.o
 .bss.phy_rx_exec
                0x00000ae8        0x4 src/Application/radio/ssc.o
                0x00000ae8                phy_rx_exec
 .bss.phy_tx_exec
                0x00000aec        0x4 src/Application/radio/ssc.o
                0x00000aec                phy_tx_exec
 .bss.version_information
                0x00000af0        0xc src/Application/radio/xcmp.o
                0x00000af0                version_information
 .bss.xcmp_frame_rx
                0x00000afc        0x4 src/Application/radio/xcmp.o
 .bss.clone_write
                0x00000b00        0xc src/Application/radio/xcmp.o
                0x00000b00                clone_write
 .bss.automatic_frequency_correction_control
                0x00000b0c        0xc src/Application/radio/xcmp.o
                0x00000b0c                automatic_frequency_correction_control
 .bss.clone_read
                0x00000b18        0xc src/Application/radio/xcmp.o
                0x00000b18                clone_read
 .bss.language_pack_information
                0x00000b24        0xc src/Application/radio/xcmp.o
                0x00000b24                language_pack_information
 .bss.radio_status
                0x00000b30        0xc src/Application/radio/xcmp.o
                0x00000b30                radio_status
 .bss.xnl_timeout_semphr
                0x00000b3c        0x4 src/Application/radio/xnl.o
 .bss.xnl_information
                0x00000b40        0xa src/Application/radio/xnl.o
 *fill*         0x00000b4a        0x2 
 .bss.xnl_frame_tx
                0x00000b4c        0x4 src/Application/radio/xnl.o
 .bss.xnl_send_times.10716
                0x00000b50        0x4 src/Application/radio/xnl.o
 .bss.ptr.10717
                0x00000b54        0x4 src/Application/radio/xnl.o
 .bss.flags.10671
                0x00000b58        0x1 src/Application/radio/xnl.o
 *fill*         0x00000b59        0x3 
 .bss.xnl_tx_state.10715
                0x00000b5c        0x4 src/Application/radio/xnl.o
 .bss.xcmp_exec
                0x00000b60        0x4 src/Application/radio/xnl.o
                0x00000b60                xcmp_exec
 .bss.current_voice_index
                0x00000b64        0x2 src/Application/voice/voice.o
 .bss.list_init_success_flag
                0x00000b66        0x1 src/Application/voice/voice.o
 *fill*         0x00000b67        0x1 
 .bss.Current_total_voice
                0x00000b68        0x4 src/Application/voice/voice.o
                0x00000b68                Current_total_voice
 .bss._int_line_handler_table_6
                0x00000b6c        0x4 src/ASF/avr32/drivers/intc/intc.o
 .bss._int_line_handler_table_7
                0x00000b70        0x4 src/ASF/avr32/drivers/intc/intc.o
 .bss._int_line_handler_table_8
                0x00000b74        0x4 src/ASF/avr32/drivers/intc/intc.o
 .bss._int_line_handler_table_9
                0x00000b78        0x4 src/ASF/avr32/drivers/intc/intc.o
 .bss._int_line_handler_table_10
                0x00000b7c        0x4 src/ASF/avr32/drivers/intc/intc.o
 .bss._int_line_handler_table_11
                0x00000b80        0x4 src/ASF/avr32/drivers/intc/intc.o
 .bss._int_line_handler_table_12
                0x00000b84        0x4 src/ASF/avr32/drivers/intc/intc.o
 .bss._int_line_handler_table_13
                0x00000b88        0x4 src/ASF/avr32/drivers/intc/intc.o
 .bss._int_line_handler_table_14
                0x00000b8c        0xc src/ASF/avr32/drivers/intc/intc.o
 .bss._int_line_handler_table_15
                0x00000b98        0x4 src/ASF/avr32/drivers/intc/intc.o
 .bss._int_line_handler_table_16
                0x00000b9c        0x4 src/ASF/avr32/drivers/intc/intc.o
 .bss._int_line_handler_table_17
                0x00000ba0        0x4 src/ASF/avr32/drivers/intc/intc.o
 .bss._int_line_handler_table_18
                0x00000ba4        0x4 src/ASF/avr32/drivers/intc/intc.o
 .bss._int_line_handler_table_0
                0x00000ba8        0x4 src/ASF/avr32/drivers/intc/intc.o
 .bss._int_line_handler_table_1
                0x00000bac       0x2c src/ASF/avr32/drivers/intc/intc.o
 .bss._int_line_handler_table_2
                0x00000bd8       0x18 src/ASF/avr32/drivers/intc/intc.o
 .bss._int_line_handler_table_3
                0x00000bf0       0x1c src/ASF/avr32/drivers/intc/intc.o
 .bss._int_line_handler_table_4
                0x00000c0c        0x4 src/ASF/avr32/drivers/intc/intc.o
 .bss._int_line_handler_table_5
                0x00000c10        0x4 src/ASF/avr32/drivers/intc/intc.o
 .bss.uxMissedTicks
                0x00000c14        0x4 src/ASF/thirdparty/freertos/freertos-7.0.0/source/tasks.o
 .bss.uxTopUsedPriority
                0x00000c18        0x4 src/ASF/thirdparty/freertos/freertos-7.0.0/source/tasks.o
 .bss.pxDelayedTaskList
                0x00000c1c        0x4 src/ASF/thirdparty/freertos/freertos-7.0.0/source/tasks.o
 .bss.xSchedulerRunning
                0x00000c20        0x4 src/ASF/thirdparty/freertos/freertos-7.0.0/source/tasks.o
 .bss.uxTasksDeleted
                0x00000c24        0x4 src/ASF/thirdparty/freertos/freertos-7.0.0/source/tasks.o
 .bss.xNumOfOverflows
                0x00000c28        0x4 src/ASF/thirdparty/freertos/freertos-7.0.0/source/tasks.o
 .bss.pxOverflowDelayedTaskList
                0x00000c2c        0x4 src/ASF/thirdparty/freertos/freertos-7.0.0/source/tasks.o
 .bss.pxReadyTasksLists
                0x00000c30       0xa0 src/ASF/thirdparty/freertos/freertos-7.0.0/source/tasks.o
 .bss.xTasksWaitingTermination
                0x00000cd0       0x14 src/ASF/thirdparty/freertos/freertos-7.0.0/source/tasks.o
 .bss.pxCurrentTCB
                0x00000ce4        0x4 src/ASF/thirdparty/freertos/freertos-7.0.0/source/tasks.o
                0x00000ce4                pxCurrentTCB
 .bss.xPendingReadyList
                0x00000ce8       0x14 src/ASF/thirdparty/freertos/freertos-7.0.0/source/tasks.o
 .bss.xDelayedTaskList1
                0x00000cfc       0x14 src/ASF/thirdparty/freertos/freertos-7.0.0/source/tasks.o
 .bss.xTickCount
                0x00000d10        0x4 src/ASF/thirdparty/freertos/freertos-7.0.0/source/tasks.o
 .bss.uxSchedulerSuspended
                0x00000d14        0x4 src/ASF/thirdparty/freertos/freertos-7.0.0/source/tasks.o
 .bss.xDelayedTaskList2
                0x00000d18       0x14 src/ASF/thirdparty/freertos/freertos-7.0.0/source/tasks.o
 .bss.uxTaskNumber
                0x00000d2c        0x4 src/ASF/thirdparty/freertos/freertos-7.0.0/source/tasks.o
 .bss.uxCurrentNumberOfTasks
                0x00000d30        0x4 src/ASF/thirdparty/freertos/freertos-7.0.0/source/tasks.o
 .bss.xMissedYield
                0x00000d34        0x4 src/ASF/thirdparty/freertos/freertos-7.0.0/source/tasks.o
 .bss.xSuspendedTaskList
                0x00000d38       0x14 src/ASF/thirdparty/freertos/freertos-7.0.0/source/tasks.o
 .bss.uxTopReadyPriority
                0x00000d4c        0x4 src/ASF/thirdparty/freertos/freertos-7.0.0/source/tasks.o
 .bss.lench.11293
                0x00000d50        0x1 src/Log/log.o
 .bss.lench.11363
                0x00000d51        0x1 src/Log/log.o
 *fill*         0x00000d52        0x2 
 .bss.__malloc_max_total_mem
                0x00000d54        0x4 d:/program files (x86)/atmel/studio/7.0/toolchain/avr32/avr32-gnu-toolchain/bin/../lib/gcc/avr32/4.4.7/../../../../avr32/lib/ucr2\libc.a(lib_a-mallocr.o)
                0x00000d54                __malloc_max_total_mem
 .bss.__malloc_max_sbrked_mem
                0x00000d58        0x4 d:/program files (x86)/atmel/studio/7.0/toolchain/avr32/avr32-gnu-toolchain/bin/../lib/gcc/avr32/4.4.7/../../../../avr32/lib/ucr2\libc.a(lib_a-mallocr.o)
                0x00000d58                __malloc_max_sbrked_mem
 .bss.__malloc_top_pad
                0x00000d5c        0x4 d:/program files (x86)/atmel/studio/7.0/toolchain/avr32/avr32-gnu-toolchain/bin/../lib/gcc/avr32/4.4.7/../../../../avr32/lib/ucr2\libc.a(lib_a-mallocr.o)
                0x00000d5c                __malloc_top_pad
 .bss.__malloc_current_mallinfo
                0x00000d60       0x28 d:/program files (x86)/atmel/studio/7.0/toolchain/avr32/avr32-gnu-toolchain/bin/../lib/gcc/avr32/4.4.7/../../../../avr32/lib/ucr2\libc.a(lib_a-mallocr.o)
                0x00000d60                __malloc_current_mallinfo
 .bss.cur_heap_pos.1869
                0x00000d88        0x4 d:/program files (x86)/atmel/studio/7.0/toolchain/avr32/avr32-gnu-toolchain/bin/../lib/gcc/avr32/4.4.7/../../../../avr32/lib/ucr2\libc.a(lib_a-syscalls.o)
 *(COMMON)
 COMMON         0x00000d8c        0x4 src/Application/app/app.o
                0x00000d8c                bunchofrandomstatusflags
 COMMON         0x00000d90     0x1004 src/Application/flash/data_flash.o
                0x00000d90                FLASH_BUF
                0x00001d90                spi
 COMMON         0x00001d94      0x122 src/Application/radio/ambe.o
                0x00001d94                AMBEBurst_rawdata
                0x00001d9c                Radio_Internal_Data
                0x00001da0                AMBE_DecryptionKey
                0x00001da8                SendAMBEBurst_EncryptionPackage
                0x00001e98                VBSP_data
                0x00001e9c                Soft_Decision_Data
 COMMON         0x00001eb6     0x3200 src/Application/radio/physical.o
                0x00001eb6                payload_store
                0x000032b6                xnl_store
 *fill*         0x000050b6        0x2 
 COMMON         0x000050b8       0x4c src/Application/radio/ssc.o
                0x000050b8                intDuration
                0x000050bc                BufferIndex
                0x000050c0                intStartCount
                0x000050c4                RxBuffer
                0x000050e4                TxBuffer
 COMMON         0x00005104        0x4 src/Application/radio/xcmp.o
                0x00005104                app_list
 COMMON         0x00005108     0x1290 src/Application/voice/voice.o
                0x00005108                TEMP_BUF
                0x00006108                PLAYBACK_BUF
                0x00006308                voice_ptr
                0x00006350                voice_temp
 COMMON         0x00006398        0x4 src/ASF/thirdparty/freertos/freertos-7.0.0/source/portable/gcc/avr32_uc3/write.o
                0x00006398                stdio_usart_base
 COMMON         0x0000639c        0x4 src/Log/log.o
                0x0000639c                logQueue
 COMMON         0x000063a0        0x4 d:/program files (x86)/atmel/studio/7.0/toolchain/avr32/avr32-gnu-toolchain/bin/../lib/gcc/avr32/4.4.7/../../../../avr32/lib/ucr2\libc.a(lib_a-reent.o)
                0x000063a0                errno
                0x000063a8                . = ALIGN (0x8)
 *fill*         0x000063a4        0x4 
                0x000063a8                . = ALIGN (0x8)
                0x000063a8                _end = .
                0x000063a8                PROVIDE (end, .)
                0x000063a8                __heap_start__ = ALIGN (0x8)
                0x00017000                . = ((ORIGIN (CPUSRAM) + 0x17ffc) - _stack_size)
                0x00017000                __heap_end__ = .

.stab
 *(.stab)

.stabstr
 *(.stabstr)

.stab.excl
 *(.stab.excl)

.stab.exclstr
 *(.stab.exclstr)

.stab.index
 *(.stab.index)

.stab.indexstr
 *(.stab.indexstr)

.comment        0x00000000       0x30
 *(.comment)
 .comment       0x00000000       0x30 src/Application/app/app.o
                                 0x31 (size before relaxing)
 .comment       0x00000000       0x31 src/Application/flash/data_flash.o
 .comment       0x00000000       0x31 src/Application/radio/ambe.o
 .comment       0x00000000       0x31 src/Application/radio/payload.o
 .comment       0x00000000       0x31 src/Application/radio/physical.o
 .comment       0x00000000       0x31 src/Application/radio/ssc.o
 .comment       0x00000000       0x31 src/Application/radio/xcmp.o
 .comment       0x00000000       0x31 src/Application/radio/xnl.o
 .comment       0x00000000       0x31 src/Application/rtc/rtc.o
 .comment       0x00000000       0x31 src/Application/timers/timer.o
 .comment       0x00000000       0x31 src/Application/voice/voice.o
 .comment       0x00000000       0x31 src/ASF/avr32/drivers/gpio/gpio.o
 .comment       0x00000000       0x31 src/ASF/avr32/drivers/intc/intc.o
 .comment       0x00000000       0x31 src/ASF/avr32/drivers/spi/spi.o
 .comment       0x00000000       0x31 src/ASF/avr32/drivers/usart/usart.o
 .comment       0x00000000       0x31 src/ASF/thirdparty/freertos/freertos-7.0.0/source/list.o
 .comment       0x00000000       0x31 src/ASF/thirdparty/freertos/freertos-7.0.0/source/portable/gcc/avr32_uc3/port.o
 .comment       0x00000000       0x31 src/ASF/thirdparty/freertos/freertos-7.0.0/source/portable/gcc/avr32_uc3/read.o
 .comment       0x00000000       0x31 src/ASF/thirdparty/freertos/freertos-7.0.0/source/portable/gcc/avr32_uc3/write.o
 .comment       0x00000000       0x31 src/ASF/thirdparty/freertos/freertos-7.0.0/source/portable/memmang/heap_3.o
 .comment       0x00000000       0x31 src/ASF/thirdparty/freertos/freertos-7.0.0/source/queue.o
 .comment       0x00000000       0x31 src/ASF/thirdparty/freertos/freertos-7.0.0/source/tasks.o
 .comment       0x00000000       0x31 src/Log/log.o
 .comment       0x00000000       0x31 src/main.o
 .comment       0x00000000       0x31 d:/program files (x86)/atmel/studio/7.0/toolchain/avr32/avr32-gnu-toolchain/bin/../lib/gcc/avr32/4.4.7/../../../../avr32/lib/ucr2\libc.a(lib_a-malloc.o)
 .comment       0x00000000       0x31 d:/program files (x86)/atmel/studio/7.0/toolchain/avr32/avr32-gnu-toolchain/bin/../lib/gcc/avr32/4.4.7/../../../../avr32/lib/ucr2\libc.a(lib_a-mallocr.o)
 .comment       0x00000000       0x31 d:/program files (x86)/atmel/studio/7.0/toolchain/avr32/avr32-gnu-toolchain/bin/../lib/gcc/avr32/4.4.7/../../../../avr32/lib/ucr2\libc.a(lib_a-memcmp.o)
 .comment       0x00000000       0x31 d:/program files (x86)/atmel/studio/7.0/toolchain/avr32/avr32-gnu-toolchain/bin/../lib/gcc/avr32/4.4.7/../../../../avr32/lib/ucr2\libc.a(lib_a-memset.o)
 .comment       0x00000000       0x31 d:/program files (x86)/atmel/studio/7.0/toolchain/avr32/avr32-gnu-toolchain/bin/../lib/gcc/avr32/4.4.7/../../../../avr32/lib/ucr2\libc.a(lib_a-reallocr.o)
 .comment       0x00000000       0x31 d:/program files (x86)/atmel/studio/7.0/toolchain/avr32/avr32-gnu-toolchain/bin/../lib/gcc/avr32/4.4.7/../../../../avr32/lib/ucr2\libc.a(lib_a-sbrkr.o)
 .comment       0x00000000       0x31 d:/program files (x86)/atmel/studio/7.0/toolchain/avr32/avr32-gnu-toolchain/bin/../lib/gcc/avr32/4.4.7/../../../../avr32/lib/ucr2\libc.a(lib_a-sprintf.o)
 .comment       0x00000000       0x31 d:/program files (x86)/atmel/studio/7.0/toolchain/avr32/avr32-gnu-toolchain/bin/../lib/gcc/avr32/4.4.7/../../../../avr32/lib/ucr2\libc.a(lib_a-syscalls.o)
 .comment       0x00000000       0x31 d:/program files (x86)/atmel/studio/7.0/toolchain/avr32/avr32-gnu-toolchain/bin/../lib/gcc/avr32/4.4.7/../../../../avr32/lib/ucr2\libc.a(lib_a-vfprintf.o)
 .comment       0x00000000       0x31 d:/program files (x86)/atmel/studio/7.0/toolchain/avr32/avr32-gnu-toolchain/bin/../lib/gcc/avr32/4.4.7/../../../../avr32/lib/ucr2\libc.a(lib_a-wsetup.o)
 .comment       0x00000000       0x31 d:/program files (x86)/atmel/studio/7.0/toolchain/avr32/avr32-gnu-toolchain/bin/../lib/gcc/avr32/4.4.7/../../../../avr32/lib/ucr2\libc.a(lib_a-dtoa.o)
 .comment       0x00000000       0x31 d:/program files (x86)/atmel/studio/7.0/toolchain/avr32/avr32-gnu-toolchain/bin/../lib/gcc/avr32/4.4.7/../../../../avr32/lib/ucr2\libc.a(lib_a-errno.o)
 .comment       0x00000000       0x31 d:/program files (x86)/atmel/studio/7.0/toolchain/avr32/avr32-gnu-toolchain/bin/../lib/gcc/avr32/4.4.7/../../../../avr32/lib/ucr2\libc.a(lib_a-fflush.o)
 .comment       0x00000000       0x31 d:/program files (x86)/atmel/studio/7.0/toolchain/avr32/avr32-gnu-toolchain/bin/../lib/gcc/avr32/4.4.7/../../../../avr32/lib/ucr2\libc.a(lib_a-findfp.o)
 .comment       0x00000000       0x31 d:/program files (x86)/atmel/studio/7.0/toolchain/avr32/avr32-gnu-toolchain/bin/../lib/gcc/avr32/4.4.7/../../../../avr32/lib/ucr2\libc.a(lib_a-freer.o)
 .comment       0x00000000       0x31 d:/program files (x86)/atmel/studio/7.0/toolchain/avr32/avr32-gnu-toolchain/bin/../lib/gcc/avr32/4.4.7/../../../../avr32/lib/ucr2\libc.a(lib_a-fvwrite.o)
 .comment       0x00000000       0x31 d:/program files (x86)/atmel/studio/7.0/toolchain/avr32/avr32-gnu-toolchain/bin/../lib/gcc/avr32/4.4.7/../../../../avr32/lib/ucr2\libc.a(lib_a-fwalk.o)
 .comment       0x00000000       0x31 d:/program files (x86)/atmel/studio/7.0/toolchain/avr32/avr32-gnu-toolchain/bin/../lib/gcc/avr32/4.4.7/../../../../avr32/lib/ucr2\libc.a(lib_a-impure.o)
 .comment       0x00000000       0x31 d:/program files (x86)/atmel/studio/7.0/toolchain/avr32/avr32-gnu-toolchain/bin/../lib/gcc/avr32/4.4.7/../../../../avr32/lib/ucr2\libc.a(lib_a-locale.o)
 .comment       0x00000000       0x31 d:/program files (x86)/atmel/studio/7.0/toolchain/avr32/avr32-gnu-toolchain/bin/../lib/gcc/avr32/4.4.7/../../../../avr32/lib/ucr2\libc.a(lib_a-makebuf.o)
 .comment       0x00000000       0x31 d:/program files (x86)/atmel/studio/7.0/toolchain/avr32/avr32-gnu-toolchain/bin/../lib/gcc/avr32/4.4.7/../../../../avr32/lib/ucr2\libc.a(lib_a-memchr.o)
 .comment       0x00000000       0x31 d:/program files (x86)/atmel/studio/7.0/toolchain/avr32/avr32-gnu-toolchain/bin/../lib/gcc/avr32/4.4.7/../../../../avr32/lib/ucr2\libc.a(lib_a-memmove.o)
 .comment       0x00000000       0x31 d:/program files (x86)/atmel/studio/7.0/toolchain/avr32/avr32-gnu-toolchain/bin/../lib/gcc/avr32/4.4.7/../../../../avr32/lib/ucr2\libc.a(lib_a-mprec.o)
 .comment       0x00000000       0x31 d:/program files (x86)/atmel/studio/7.0/toolchain/avr32/avr32-gnu-toolchain/bin/../lib/gcc/avr32/4.4.7/../../../../avr32/lib/ucr2\libc.a(lib_a-reent.o)
 .comment       0x00000000       0x31 d:/program files (x86)/atmel/studio/7.0/toolchain/avr32/avr32-gnu-toolchain/bin/../lib/gcc/avr32/4.4.7/../../../../avr32/lib/ucr2\libc.a(lib_a-s_isinfd.o)
 .comment       0x00000000       0x31 d:/program files (x86)/atmel/studio/7.0/toolchain/avr32/avr32-gnu-toolchain/bin/../lib/gcc/avr32/4.4.7/../../../../avr32/lib/ucr2\libc.a(lib_a-s_isnand.o)
 .comment       0x00000000       0x31 d:/program files (x86)/atmel/studio/7.0/toolchain/avr32/avr32-gnu-toolchain/bin/../lib/gcc/avr32/4.4.7/../../../../avr32/lib/ucr2\libc.a(lib_a-stdio.o)
 .comment       0x00000000       0x31 d:/program files (x86)/atmel/studio/7.0/toolchain/avr32/avr32-gnu-toolchain/bin/../lib/gcc/avr32/4.4.7/../../../../avr32/lib/ucr2\libc.a(lib_a-strlen.o)
 .comment       0x00000000       0x31 d:/program files (x86)/atmel/studio/7.0/toolchain/avr32/avr32-gnu-toolchain/bin/../lib/gcc/avr32/4.4.7/../../../../avr32/lib/ucr2\libc.a(lib_a-writer.o)
 .comment       0x00000000       0x31 d:/program files (x86)/atmel/studio/7.0/toolchain/avr32/avr32-gnu-toolchain/bin/../lib/gcc/avr32/4.4.7/../../../../avr32/lib/ucr2\libc.a(lib_a-callocr.o)
 .comment       0x00000000       0x31 d:/program files (x86)/atmel/studio/7.0/toolchain/avr32/avr32-gnu-toolchain/bin/../lib/gcc/avr32/4.4.7/../../../../avr32/lib/ucr2\libc.a(lib_a-closer.o)
 .comment       0x00000000       0x31 d:/program files (x86)/atmel/studio/7.0/toolchain/avr32/avr32-gnu-toolchain/bin/../lib/gcc/avr32/4.4.7/../../../../avr32/lib/ucr2\libc.a(lib_a-fclose.o)
 .comment       0x00000000       0x31 d:/program files (x86)/atmel/studio/7.0/toolchain/avr32/avr32-gnu-toolchain/bin/../lib/gcc/avr32/4.4.7/../../../../avr32/lib/ucr2\libc.a(lib_a-fstatr.o)
 .comment       0x00000000       0x31 d:/program files (x86)/atmel/studio/7.0/toolchain/avr32/avr32-gnu-toolchain/bin/../lib/gcc/avr32/4.4.7/../../../../avr32/lib/ucr2\libc.a(lib_a-lseekr.o)
 .comment       0x00000000       0x31 d:/program files (x86)/atmel/studio/7.0/toolchain/avr32/avr32-gnu-toolchain/bin/../lib/gcc/avr32/4.4.7/../../../../avr32/lib/ucr2\libc.a(lib_a-readr.o)
 .comment       0x00000000       0x31 d:/program files (x86)/atmel/studio/7.0/toolchain/avr32/avr32-gnu-toolchain/bin/../lib/gcc/avr32/4.4.7/ucr2\libgcc.a(_udivdi3.o)
 .comment       0x00000000       0x31 d:/program files (x86)/atmel/studio/7.0/toolchain/avr32/avr32-gnu-toolchain/bin/../lib/gcc/avr32/4.4.7/ucr2\libgcc.a(_umoddi3.o)

.debug
 *(.debug)

.line
 *(.line)

.debug_srcinfo
 *(.debug_srcinfo)

.debug_sfnames
 *(.debug_sfnames)

.debug_aranges  0x00000000     0x11d0
 *(.debug_aranges)
 .debug_aranges
                0x00000000      0x118 src/Application/app/app.o
 .debug_aranges
                0x00000118       0x78 src/Application/flash/data_flash.o
 .debug_aranges
                0x00000190       0x20 src/Application/radio/ambe.o
 .debug_aranges
                0x000001b0       0x28 src/Application/radio/payload.o
 .debug_aranges
                0x000001d8       0x68 src/Application/radio/physical.o
 .debug_aranges
                0x00000240       0x40 src/Application/radio/ssc.o
 .debug_aranges
                0x00000280       0xf0 src/Application/radio/xcmp.o
 .debug_aranges
                0x00000370       0x70 src/Application/radio/xnl.o
 .debug_aranges
                0x000003e0       0x50 src/Application/rtc/rtc.o
 .debug_aranges
                0x00000430       0x30 src/Application/timers/timer.o
 .debug_aranges
                0x00000460       0x48 src/Application/voice/voice.o
 .debug_aranges
                0x000004a8      0x100 src/ASF/avr32/drivers/gpio/gpio.o
 .debug_aranges
                0x000005a8       0x38 src/ASF/avr32/drivers/intc/intc.o
 .debug_aranges
                0x000005e0       0xa8 src/ASF/avr32/drivers/spi/spi.o
 .debug_aranges
                0x00000688       0xe0 src/ASF/avr32/drivers/usart/usart.o
 .debug_aranges
                0x00000768       0x28 src/ASF/avr32/utils/startup/startup_uc3.o
 .debug_aranges
                0x00000790       0x20 src/ASF/avr32/utils/startup/trampoline_uc3.o
 .debug_aranges
                0x000007b0       0x40 src/ASF/thirdparty/freertos/freertos-7.0.0/source/list.o
 .debug_aranges
                0x000007f0       0x20 src/ASF/thirdparty/freertos/freertos-7.0.0/source/portable/gcc/avr32_uc3/exception.o
 .debug_aranges
                0x00000810       0x78 src/ASF/thirdparty/freertos/freertos-7.0.0/source/portable/gcc/avr32_uc3/port.o
 .debug_aranges
                0x00000888       0x20 src/ASF/thirdparty/freertos/freertos-7.0.0/source/portable/gcc/avr32_uc3/read.o
 .debug_aranges
                0x000008a8       0x20 src/ASF/thirdparty/freertos/freertos-7.0.0/source/portable/gcc/avr32_uc3/write.o
 .debug_aranges
                0x000008c8       0x28 src/ASF/thirdparty/freertos/freertos-7.0.0/source/portable/memmang/heap_3.o
 .debug_aranges
                0x000008f0       0x88 src/ASF/thirdparty/freertos/freertos-7.0.0/source/queue.o
 .debug_aranges
                0x00000978      0x108 src/ASF/thirdparty/freertos/freertos-7.0.0/source/tasks.o
 .debug_aranges
                0x00000a80       0x50 src/Log/log.o
 .debug_aranges
                0x00000ad0       0x20 src/main.o
 .debug_aranges
                0x00000af0       0x28 d:/program files (x86)/atmel/studio/7.0/toolchain/avr32/avr32-gnu-toolchain/bin/../lib/gcc/avr32/4.4.7/../../../../avr32/lib/ucr2\libc.a(lib_a-malloc.o)
 .debug_aranges
                0x00000b18       0x20 d:/program files (x86)/atmel/studio/7.0/toolchain/avr32/avr32-gnu-toolchain/bin/../lib/gcc/avr32/4.4.7/../../../../avr32/lib/ucr2\libc.a(lib_a-mallocr.o)
 .debug_aranges
                0x00000b38       0x20 d:/program files (x86)/atmel/studio/7.0/toolchain/avr32/avr32-gnu-toolchain/bin/../lib/gcc/avr32/4.4.7/../../../../avr32/lib/ucr2\libc.a(lib_a-memcmp.o)
 .debug_aranges
                0x00000b58       0x20 d:/program files (x86)/atmel/studio/7.0/toolchain/avr32/avr32-gnu-toolchain/bin/../lib/gcc/avr32/4.4.7/../../../../avr32/lib/ucr2\libc.a(lib_a-memset.o)
 .debug_aranges
                0x00000b78       0x20 d:/program files (x86)/atmel/studio/7.0/toolchain/avr32/avr32-gnu-toolchain/bin/../lib/gcc/avr32/4.4.7/../../../../avr32/lib/ucr2\libc.a(lib_a-reallocr.o)
 .debug_aranges
                0x00000b98       0x20 d:/program files (x86)/atmel/studio/7.0/toolchain/avr32/avr32-gnu-toolchain/bin/../lib/gcc/avr32/4.4.7/../../../../avr32/lib/ucr2\libc.a(lib_a-sbrkr.o)
 .debug_aranges
                0x00000bb8       0x28 d:/program files (x86)/atmel/studio/7.0/toolchain/avr32/avr32-gnu-toolchain/bin/../lib/gcc/avr32/4.4.7/../../../../avr32/lib/ucr2\libc.a(lib_a-sprintf.o)
 .debug_aranges
                0x00000be0       0xf8 d:/program files (x86)/atmel/studio/7.0/toolchain/avr32/avr32-gnu-toolchain/bin/../lib/gcc/avr32/4.4.7/../../../../avr32/lib/ucr2\libc.a(lib_a-syscalls.o)
 .debug_aranges
                0x00000cd8       0x38 d:/program files (x86)/atmel/studio/7.0/toolchain/avr32/avr32-gnu-toolchain/bin/../lib/gcc/avr32/4.4.7/../../../../avr32/lib/ucr2\libc.a(lib_a-vfprintf.o)
 .debug_aranges
                0x00000d10       0x20 d:/program files (x86)/atmel/studio/7.0/toolchain/avr32/avr32-gnu-toolchain/bin/../lib/gcc/avr32/4.4.7/../../../../avr32/lib/ucr2\libc.a(lib_a-wsetup.o)
 .debug_aranges
                0x00000d30       0x28 d:/program files (x86)/atmel/studio/7.0/toolchain/avr32/avr32-gnu-toolchain/bin/../lib/gcc/avr32/4.4.7/../../../../avr32/lib/ucr2\libc.a(lib_a-dtoa.o)
 .debug_aranges
                0x00000d58       0x20 d:/program files (x86)/atmel/studio/7.0/toolchain/avr32/avr32-gnu-toolchain/bin/../lib/gcc/avr32/4.4.7/../../../../avr32/lib/ucr2\libc.a(lib_a-errno.o)
 .debug_aranges
                0x00000d78       0x28 d:/program files (x86)/atmel/studio/7.0/toolchain/avr32/avr32-gnu-toolchain/bin/../lib/gcc/avr32/4.4.7/../../../../avr32/lib/ucr2\libc.a(lib_a-fflush.o)
 .debug_aranges
                0x00000da0       0x80 d:/program files (x86)/atmel/studio/7.0/toolchain/avr32/avr32-gnu-toolchain/bin/../lib/gcc/avr32/4.4.7/../../../../avr32/lib/ucr2\libc.a(lib_a-findfp.o)
 .debug_aranges