Archive member included because of file (symbol)

e:/program x86/atmel/studio/7.0/toolchain/avr32/avr32-gnu-toolchain/bin/../lib/gcc/avr32/4.4.7/../../../../avr32/lib/ucr2\libc.a(lib_a-malloc.o)
                              src/ASF/thirdparty/freertos/freertos-7.0.0/source/portable/memmang/heap_3.o (free)
e:/program x86/atmel/studio/7.0/toolchain/avr32/avr32-gnu-toolchain/bin/../lib/gcc/avr32/4.4.7/../../../../avr32/lib/ucr2\libc.a(lib_a-mallocr.o)
                              e:/program x86/atmel/studio/7.0/toolchain/avr32/avr32-gnu-toolchain/bin/../lib/gcc/avr32/4.4.7/../../../../avr32/lib/ucr2\libc.a(lib_a-malloc.o) (_malloc_r)
e:/program x86/atmel/studio/7.0/toolchain/avr32/avr32-gnu-toolchain/bin/../lib/gcc/avr32/4.4.7/../../../../avr32/lib/ucr2\libc.a(lib_a-memcmp.o)
                              src/Application/voice/voice.o (memcmp)
e:/program x86/atmel/studio/7.0/toolchain/avr32/avr32-gnu-toolchain/bin/../lib/gcc/avr32/4.4.7/../../../../avr32/lib/ucr2\libc.a(lib_a-memcpy.o)
                              src/Application/app/app.o (memcpy)
e:/program x86/atmel/studio/7.0/toolchain/avr32/avr32-gnu-toolchain/bin/../lib/gcc/avr32/4.4.7/../../../../avr32/lib/ucr2\libc.a(lib_a-memset.o)
                              src/Application/radio/physical.o (memset)
e:/program x86/atmel/studio/7.0/toolchain/avr32/avr32-gnu-toolchain/bin/../lib/gcc/avr32/4.4.7/../../../../avr32/lib/ucr2\libc.a(lib_a-realloc.o)
                              src/ASF/thirdparty/freertos/freertos-7.0.0/source/portable/gcc/avr32_uc3/port.o (realloc)
e:/program x86/atmel/studio/7.0/toolchain/avr32/avr32-gnu-toolchain/bin/../lib/gcc/avr32/4.4.7/../../../../avr32/lib/ucr2\libc.a(lib_a-reallocr.o)
                              e:/program x86/atmel/studio/7.0/toolchain/avr32/avr32-gnu-toolchain/bin/../lib/gcc/avr32/4.4.7/../../../../avr32/lib/ucr2\libc.a(lib_a-realloc.o) (_realloc_r)
e:/program x86/atmel/studio/7.0/toolchain/avr32/avr32-gnu-toolchain/bin/../lib/gcc/avr32/4.4.7/../../../../avr32/lib/ucr2\libc.a(lib_a-sbrkr.o)
                              e:/program x86/atmel/studio/7.0/toolchain/avr32/avr32-gnu-toolchain/bin/../lib/gcc/avr32/4.4.7/../../../../avr32/lib/ucr2\libc.a(lib_a-mallocr.o) (_sbrk_r)
e:/program x86/atmel/studio/7.0/toolchain/avr32/avr32-gnu-toolchain/bin/../lib/gcc/avr32/4.4.7/../../../../avr32/lib/ucr2\libc.a(lib_a-sprintf.o)
                              src/Log/log.o (sprintf)
e:/program x86/atmel/studio/7.0/toolchain/avr32/avr32-gnu-toolchain/bin/../lib/gcc/avr32/4.4.7/../../../../avr32/lib/ucr2\libc.a(lib_a-strncpy.o)
                              src/ASF/thirdparty/freertos/freertos-7.0.0/source/tasks.o (strncpy)
e:/program x86/atmel/studio/7.0/toolchain/avr32/avr32-gnu-toolchain/bin/../lib/gcc/avr32/4.4.7/../../../../avr32/lib/ucr2\libc.a(lib_a-syscalls.o)
                              e:/program x86/atmel/studio/7.0/toolchain/avr32/avr32-gnu-toolchain/bin/../lib/gcc/avr32/4.4.7/../../../../avr32/lib/ucr2\libc.a(lib_a-sbrkr.o) (_sbrk)
e:/program x86/atmel/studio/7.0/toolchain/avr32/avr32-gnu-toolchain/bin/../lib/gcc/avr32/4.4.7/../../../../avr32/lib/ucr2\libc.a(lib_a-vfprintf.o)
                              e:/program x86/atmel/studio/7.0/toolchain/avr32/avr32-gnu-toolchain/bin/../lib/gcc/avr32/4.4.7/../../../../avr32/lib/ucr2\libc.a(lib_a-sprintf.o) (_vfprintf_r)
e:/program x86/atmel/studio/7.0/toolchain/avr32/avr32-gnu-toolchain/bin/../lib/gcc/avr32/4.4.7/../../../../avr32/lib/ucr2\libc.a(lib_a-wsetup.o)
                              e:/program x86/atmel/studio/7.0/toolchain/avr32/avr32-gnu-toolchain/bin/../lib/gcc/avr32/4.4.7/../../../../avr32/lib/ucr2\libc.a(lib_a-vfprintf.o) (__swsetup_r)
e:/program x86/atmel/studio/7.0/toolchain/avr32/avr32-gnu-toolchain/bin/../lib/gcc/avr32/4.4.7/../../../../avr32/lib/ucr2\libc.a(lib_a-dtoa.o)
                              e:/program x86/atmel/studio/7.0/toolchain/avr32/avr32-gnu-toolchain/bin/../lib/gcc/avr32/4.4.7/../../../../avr32/lib/ucr2\libc.a(lib_a-vfprintf.o) (_dtoa_r)
e:/program x86/atmel/studio/7.0/toolchain/avr32/avr32-gnu-toolchain/bin/../lib/gcc/avr32/4.4.7/../../../../avr32/lib/ucr2\libc.a(lib_a-errno.o)
                              e:/program x86/atmel/studio/7.0/toolchain/avr32/avr32-gnu-toolchain/bin/../lib/gcc/avr32/4.4.7/../../../../avr32/lib/ucr2\libc.a(lib_a-syscalls.o) (__errno)
e:/program x86/atmel/studio/7.0/toolchain/avr32/avr32-gnu-toolchain/bin/../lib/gcc/avr32/4.4.7/../../../../avr32/lib/ucr2\libc.a(lib_a-fflush.o)
                              e:/program x86/atmel/studio/7.0/toolchain/avr32/avr32-gnu-toolchain/bin/../lib/gcc/avr32/4.4.7/../../../../avr32/lib/ucr2\libc.a(lib_a-vfprintf.o) (_fflush_r)
e:/program x86/atmel/studio/7.0/toolchain/avr32/avr32-gnu-toolchain/bin/../lib/gcc/avr32/4.4.7/../../../../avr32/lib/ucr2\libc.a(lib_a-findfp.o)
                              e:/program x86/atmel/studio/7.0/toolchain/avr32/avr32-gnu-toolchain/bin/../lib/gcc/avr32/4.4.7/../../../../avr32/lib/ucr2\libc.a(lib_a-vfprintf.o) (__sinit)
[...]
Memory Configuration

Name             Origin             Length             Attributes
FLASH            0x80000000         0x00080000         axrl !w
CPUSRAM          0x00000004         0x00017ffc         axw !rl
USERPAGE         0x80800000         0x00000200
FACTORYPAGE      0x80800200         0x00000200
*default*        0x00000000         0xffffffff

Linker script and memory map

                0x00001000                _stack_size = 0x1000
LOAD src/Application/app/app.o
LOAD src/Application/flash/data_flash.o
LOAD src/Application/myrtc/xgrtc.o
LOAD src/Application/radio/ambe.o
LOAD src/Application/radio/AMBE_audio.o
LOAD src/Application/radio/AMBE_audio_2.o
LOAD src/Application/radio/audio.o
LOAD src/Application/radio/payload.o
LOAD src/Application/radio/physical.o
LOAD src/Application/radio/ssc.o
LOAD src/Application/radio/xcmp.o
LOAD src/Application/radio/xnl.o
LOAD src/Application/RFID/MFRC522/rc522.o
LOAD src/Application/RFID/RFID.o
LOAD src/Application/timers/timer.o
LOAD src/Application/voice/voice.o
LOAD src/Application/xgflash/xgflash.o
LOAD src/ASF/avr32/drivers/flashc/flashc.o
LOAD src/ASF/avr32/drivers/gpio/gpio.o
LOAD src/ASF/avr32/drivers/intc/intc.o
LOAD src/ASF/avr32/drivers/pm/pm.o
LOAD src/ASF/avr32/drivers/pm/pm_conf_clocks.o
LOAD src/ASF/avr32/drivers/pm/power_clocks_lib.o
LOAD src/ASF/avr32/drivers/rtc/rtc.o
LOAD src/ASF/avr32/drivers/spi/spi.o
LOAD src/ASF/avr32/drivers/tc/tc.o
LOAD src/ASF/avr32/drivers/twi/twi.o
LOAD src/ASF/avr32/drivers/usart/usart.o
LOAD src/ASF/avr32/utils/startup/startup_uc3.o
LOAD src/ASF/avr32/utils/startup/trampoline_uc3.o
LOAD src/ASF/common/boards/user_board/init.o
LOAD src/ASF/common/services/clock/uc3b0_b1/sysclk.o
LOAD src/ASF/common/services/spi/uc3_spi/spi_master.o
LOAD src/ASF/common/services/spi/uc3_usart_spi/usart_spi.o
LOAD src/ASF/thirdparty/freertos/freertos-7.0.0/source/croutine.o
LOAD src/ASF/thirdparty/freertos/freertos-7.0.0/source/list.o
LOAD src/ASF/thirdparty/freertos/freertos-7.0.0/source/portable/gcc/avr32_uc3/exception.o
LOAD src/ASF/thirdparty/freertos/freertos-7.0.0/source/portable/gcc/avr32_uc3/port.o
LOAD src/ASF/thirdparty/freertos/freertos-7.0.0/source/portable/gcc/avr32_uc3/read.o
LOAD src/ASF/thirdparty/freertos/freertos-7.0.0/source/portable/gcc/avr32_uc3/write.o
LOAD src/ASF/thirdparty/freertos/freertos-7.0.0/source/portable/memmang/heap_3.o
LOAD src/ASF/thirdparty/freertos/freertos-7.0.0/source/queue.o
LOAD src/ASF/thirdparty/freertos/freertos-7.0.0/source/tasks.o
LOAD src/Log/log.o
LOAD src/main.o
START GROUP
LOAD e:/program x86/atmel/studio/7.0/toolchain/avr32/avr32-gnu-toolchain/bin/../lib/gcc/avr32/4.4.7/../../../../avr32/lib/ucr2\libm.a
END GROUP
LOAD e:/program x86/atmel/studio/7.0/toolchain/avr32/avr32-gnu-toolchain/bin/../lib/gcc/avr32/4.4.7/ucr2\libgcc.a
LOAD e:/program x86/atmel/studio/7.0/toolchain/avr32/avr32-gnu-toolchain/bin/../lib/gcc/avr32/4.4.7/../../../../avr32/lib/ucr2\libc.a
LOAD e:/program x86/atmel/studio/7.0/toolchain/avr32/avr32-gnu-toolchain/bin/../lib/gcc/avr32/4.4.7/ucr2\libgcc.a
                0x80000000                PROVIDE (__executable_start, 0x80000000)
                0x80000000                . = 0x80000000

.interp
 *(.interp)

.reset          0x80000000     0x2004
 *(.reset)
 .reset         0x80000000     0x2004 src/ASF/avr32/utils/startup/trampoline_uc3.o
                               0x2008 (size before relaxing)
                0x80000000                _trampoline

.hash
 *(.hash)

.dynsym
 *(.dynsym)

.dynstr
 *(.dynstr)

.gnu.version
 *(.gnu.version)

.gnu.version_d
 *(.gnu.version_d)

.gnu.version_r
 *(.gnu.version_r)

.rel.init
 *(.rel.init)

.rela.init
 *(.rela.init)

.rel.text
 *(.rel.text .rel.text.* .rel.gnu.linkonce.t.*)

.rela.text
 *(.rela.text .rela.text.* .rela.gnu.linkonce.t.*)

.rel.fini
 *(.rel.fini)

.rela.fini
 *(.rela.fini)

.rel.rodata
 *(.rel.rodata .rel.rodata.* .rel.gnu.linkonce.r.*)

.rela.rodata
 *(.rela.rodata .rela.rodata.* .rela.gnu.linkonce.r.*)

.rel.data.rel.ro
 *(.rel.data.rel.ro*)

.rela.data.rel.ro
 *(.rel.data.rel.ro*)

.rel.data
 *(.rel.data .rel.data.* .rel.gnu.linkonce.d.*)

.rela.data
 *(.rela.data .rela.data.* .rela.gnu.linkonce.d.*)

.rel.tdata
 *(.rel.tdata .rel.tdata.* .rel.gnu.linkonce.td.*)

.rela.tdata
 *(.rela.tdata .rela.tdata.* .rela.gnu.linkonce.td.*)

.rel.tbss
 *(.rel.tbss .rel.tbss.* .rel.gnu.linkonce.tb.*)

.rela.tbss
 *(.rela.tbss .rela.tbss.* .rela.gnu.linkonce.tb.*)

.rel.ctors
 *(.rel.ctors)

.rela.ctors
 *(.rela.ctors)

.rel.dtors
 *(.rel.dtors)

.rela.dtors
 *(.rela.dtors)

.rel.got
 *(.rel.got)

.rela.got       0x80002004        0x0
 *(.rela.got)
 .rela.got      0x80002004        0x0 src/Application/app/app.o

.rel.bss
 *(.rel.bss .rel.bss.* .rel.gnu.linkonce.b.*)

.rela.bss
 *(.rela.bss .rela.bss.* .rela.gnu.linkonce.b.*)

.rel.plt
 *(.rel.plt)

.rela.plt
 *(.rela.plt)

.init
 *(.init)

.plt
 *(.plt)

.text           0x80002004     0x96ac
 *(.text .stub .text.* .gnu.linkonce.t.*)
 .text.DeviceManagement_brdcst_func
                0x80002004       0x24 src/Application/app/app.o
                0x80002004                DeviceManagement_brdcst_func
 .text.Volume_brdcst_func
                0x80002028        0x2 src/Application/app/app.o
                0x80002028                Volume_brdcst_func
 .text.AudioRoutingControl_brdcst_func
                0x8000202a        0x2 src/Application/app/app.o
                0x8000202a                AudioRoutingControl_brdcst_func
 .text.vApplicationIdleHook
                0x8000202c       0x10 src/Application/app/app.o
                0x8000202c                vApplicationIdleHook
 .text.app_init
                0x8000203c       0x54 src/Application/app/app.o
                0x8000203c                app_init
 .text.app_payload_tx_proc
                0x80002090       0x14 src/Application/app/app.o
 .text.app_payload_rx_proc
                0x800020a4       0x34 src/Application/app/app.o
 .text.FD_brdcst_func
                0x800020d8       0x14 src/Application/app/app.o
                0x800020d8                FD_brdcst_func
 .text.FD_reply_func
                0x800020ec       0x14 src/Application/app/app.o
                0x800020ec                FD_reply_func
 .text.FD_request_func
                0x80002100       0x14 src/Application/app/app.o
                0x80002100                FD_request_func
 .text.EnOB_brdcst_func
                0x80002114       0x14 src/Application/app/app.o
                0x80002114                EnOB_brdcst_func
 .text.EnOB_reply_func
                0x80002128       0x70 src/Application/app/app.o
                0x80002128                EnOB_reply_func
 .text.SingleDetection_brdcst_func
                0x80002198       0x4c src/Application/app/app.o
                0x80002198                SingleDetection_brdcst_func
 .text.ButtonConfig_brdcst_func
                0x800021e4       0xdc src/Application/app/app.o
                0x800021e4                ButtonConfig_brdcst_func
 .text.ButtonConfig_reply_func
                0x800022c0       0x44 src/Application/app/app.o
                0x800022c0                ButtonConfig_reply_func
 .text.DataSession_reply_func
                0x80002304       0x7c src/Application/app/app.o
                0x80002304                DataSession_reply_func
 .text.CallControl_brdcst_func
                0x80002380       0x44 src/Application/app/app.o
                0x80002380                CallControl_brdcst_func
 .text.TransmitControl_brdcst_func
                0x800023c4       0x48 src/Application/app/app.o
                0x800023c4                TransmitControl_brdcst_func
 .text.TransmitControl_reply_func
                0x8000240c       0x60 src/Application/app/app.o
                0x8000240c                TransmitControl_reply_func
 .text.AudioRoutingControl_reply_func
                0x8000246c       0x28 src/Application/app/app.o
                0x8000246c                AudioRoutingControl_reply_func
 .text.Volume_reply_func
                0x80002494       0x64 src/Application/app/app.o
                0x80002494                Volume_reply_func
 .text.spk_brdcst_func
                0x800024f8       0x38 src/Application/app/app.o
                0x800024f8                spk_brdcst_func
 .text.spk_reply_func
                0x80002530       0x48 src/Application/app/app.o
                0x80002530                spk_reply_func
 .text.mic_brdcst_func
                0x80002578       0x58 src/Application/app/app.o
                0x80002578                mic_brdcst_func
 .text.mic_reply_func
                0x800025d0       0x94 src/Application/app/app.o
                0x800025d0                mic_reply_func
 .text.dcm_brdcst_func
                0x80002664       0x48 src/Application/app/app.o
                0x80002664                dcm_brdcst_func
 .text.dcm_reply_func
                0x800026ac       0x68 src/Application/app/app.o
                0x800026ac                dcm_reply_func
 .text.ToneControl_reply_func
                0x80002714       0x28 src/Application/app/app.o
                0x80002714                ToneControl_reply_func
 .text.app_cfg  0x8000273c      0x13c src/Application/app/app.o
 .text.Phyuserinput_brdcst_func
                0x80002878       0x58 src/Application/app/app.o
                0x80002878                Phyuserinput_brdcst_func
 .text.DataSession_brdcst_func
                0x800028d0       0xf8 src/Application/app/app.o
                0x800028d0                DataSession_brdcst_func
 .text.DeviceInitializationStatus_brdcst_func
                0x800029c8       0x38 src/Application/app/app.o
                0x800029c8                DeviceInitializationStatus_brdcst_func
 .text.send_flash_command
                0x80002a00      0x1c4 src/Application/flash/data_flash.o
                0x80002a00                send_flash_command
 .text.data_flash_read_block
                0x80002bc4       0x38 src/Application/flash/data_flash.o
                0x80002bc4                data_flash_read_block
 .text.data_flash_write_page
                0x80002bfc       0xa0 src/Application/flash/data_flash.o
                0x80002bfc                data_flash_write_page
 .text.data_flash_write_block
                0x80002c9c       0xc0 src/Application/flash/data_flash.o
                0x80002c9c                data_flash_write_block
 .text.data_flash_erase_block
                0x80002d5c       0xa0 src/Application/flash/data_flash.o
                0x80002d5c                data_flash_erase_block
 .text.data_flash_write
                0x80002dfc       0xf0 src/Application/flash/data_flash.o
                0x80002dfc                data_flash_write
 .text.data_flash_init
                0x80002eec      0x14c src/Application/flash/data_flash.o
                0x80002eec                data_flash_init
 .text.xg_rtc_init
                0x80003038       0x80 src/Application/myrtc/xgrtc.o
                0x80003038                xg_rtc_init
 .text.rtc_irq  0x800030b8       0xf0 src/Application/myrtc/xgrtc.o
                0x800030b8                rtc_irq
 .text.payload_init
                0x800031a8       0x14 src/Application/radio/payload.o
                0x800031a8                payload_init
 .text.set_idle_store
                0x800031bc       0x20 src/Application/radio/physical.o
                0x800031bc                set_idle_store
 .text.get_idle_store
                0x800031dc       0x28 src/Application/radio/physical.o
                0x800031dc                get_idle_store
 .text.xcmp_register_app_list
                0x80003204        0xc src/Application/radio/xcmp.o
                0x80003204                xcmp_register_app_list
 .text.xcmp_tx  0x80003210       0x48 src/Application/radio/xcmp.o
 .text.xcmp_data_session_req
                0x80003258       0x8c src/Application/radio/xcmp.o
                0x80003258                xcmp_data_session_req
 .text.xcmp_DeviceInitializationStatus_request
                0x800032e4       0x40 src/Application/radio/xcmp.o
                0x800032e4                xcmp_DeviceInitializationStatus_request
 .text.xcmp_IdleTestTone
                0x80003324       0x60 src/Application/radio/xcmp.o
                0x80003324                xcmp_IdleTestTone
 .text.xnl_tx   0x80003384       0xe4 src/Application/radio/xnl.o
                0x80003384                xnl_tx
 .text.RC522_ReadByte
                0x80003468       0x2c src/Application/RFID/MFRC522/rc522.o
                0x80003468                RC522_ReadByte
 .text.RC522_WriteByte
                0x80003494       0x30 src/Application/RFID/MFRC522/rc522.o
                0x80003494                RC522_WriteByte
 .text.WriteRawRC
                0x800034c4       0x40 src/Application/RFID/MFRC522/rc522.o
                0x800034c4                WriteRawRC
 .text.PcdReset
                0x80003504       0x80 src/Application/RFID/MFRC522/rc522.o
                0x80003504                PcdReset
 .text.ReadRawRC
                0x80003584       0x48 src/Application/RFID/MFRC522/rc522.o
                0x80003584                ReadRawRC
 .text.SetBitMask
                0x800035cc       0x24 src/Application/RFID/MFRC522/rc522.o
                0x800035cc                SetBitMask
 .text.ClearBitMask
                0x800035f0       0x28 src/Application/RFID/MFRC522/rc522.o
                0x800035f0                ClearBitMask
 .text.PcdComMF522
                0x80003618      0x178 src/Application/RFID/MFRC522/rc522.o
                0x80003618                PcdComMF522
 .text.PcdAnticoll
                0x80003790       0x84 src/Application/RFID/MFRC522/rc522.o
                0x80003790                PcdAnticoll
 .text.PcdRequest
                0x80003814       0x64 src/Application/RFID/MFRC522/rc522.o
                0x80003814                PcdRequest
 .text.CalulateCRC
                0x80003878       0x8c src/Application/RFID/MFRC522/rc522.o
                0x80003878                CalulateCRC
 .text.PcdSelect
                0x80003904       0x74 src/Application/RFID/MFRC522/rc522.o
                0x80003904                PcdSelect
 .text.rfid_auto_reader
                0x80003978      0x114 src/Application/RFID/RFID.o
                0x80003978                rfid_auto_reader
 .text.rfid_sendID_message
                0x80003a8c      0x170 src/Application/RFID/RFID.o
                0x80003a8c                rfid_sendID_message
 .text.delay_ns
                0x80003bfc       0x16 src/Application/timers/timer.o
                0x80003bfc                delay_ns
 *fill*         0x80003c12        0x2 d703d703
 .text.local_start_timer
                0x80003c14       0x2c src/Application/timers/timer.o
                0x80003c14                local_start_timer
 .text.local_start_pll0
                0x80003c40       0x94 src/Application/timers/timer.o
                0x80003c40                local_start_pll0
 .text.xg_flashc_init
                0x80003cd4      0x274 src/Application/xgflash/xgflash.o
                0x80003cd4                xg_flashc_init
 .text.flashc_set_wait_state
                0x80003f48        0xe src/ASF/avr32/drivers/flashc/flashc.o
                0x80003f48                flashc_set_wait_state
 .text.gpio_enable_module_pin
                0x80003f56       0x52 src/ASF/avr32/drivers/gpio/gpio.o
                0x80003f56                gpio_enable_module_pin
 .text.gpio_enable_module
                0x80003fa8       0x30 src/ASF/avr32/drivers/gpio/gpio.o
                0x80003fa8                gpio_enable_module
 .text.gpio_set_gpio_pin
                0x80003fd8       0x1c src/ASF/avr32/drivers/gpio/gpio.o
                0x80003fd8                gpio_set_gpio_pin
 .text.gpio_clr_gpio_pin
                0x80003ff4       0x1c src/ASF/avr32/drivers/gpio/gpio.o
                0x80003ff4                gpio_clr_gpio_pin
 .text._unhandled_interrupt
                0x80004010        0x2 src/ASF/avr32/drivers/intc/intc.o
 *fill*         0x80004012        0x2 d703d703
 .text.INTC_register_interrupt
                0x80004014       0x80 src/ASF/avr32/drivers/intc/intc.o
                0x80004014                INTC_register_interrupt
 .text.INTC_init_interrupts
                0x80004094       0x54 src/ASF/avr32/drivers/intc/intc.o
                0x80004094                INTC_init_interrupts
 .text._get_interrupt_handler
                0x800040e8       0x38 src/ASF/avr32/drivers/intc/intc.o
                0x800040e8                _get_interrupt_handler
 .text.pm_set_osc0_mode
                0x80004120        0xa src/ASF/avr32/drivers/pm/pm.o
 *fill*         0x8000412a        0x2 d703d703
 .text.pm_enable_osc0_crystal
                0x8000412c       0x3c src/ASF/avr32/drivers/pm/pm.o
                0x8000412c                pm_enable_osc0_crystal
 .text.pm_enable_clk0_no_wait
                0x80004168       0x10 src/ASF/avr32/drivers/pm/pm.o
                0x80004168                pm_enable_clk0_no_wait
 .text.pm_wait_for_clk0_ready
                0x80004178        0xa src/ASF/avr32/drivers/pm/pm.o
                0x80004178                pm_wait_for_clk0_ready
 *fill*         0x80004182        0x2 d703d703
 .text.pm_enable_clk0
                0x80004184       0x1c src/ASF/avr32/drivers/pm/pm.o
                0x80004184                pm_enable_clk0
 .text.pm_set_osc32_mode
                0x800041a0        0xa src/ASF/avr32/drivers/pm/pm.o
 *fill*         0x800041aa        0x2 d703d703
 .text.pm_enable_osc32_crystal
                0x800041ac       0x10 src/ASF/avr32/drivers/pm/pm.o
                0x800041ac                pm_enable_osc32_crystal
 .text.pm_enable_clk32_no_wait
                0x800041bc       0x10 src/ASF/avr32/drivers/pm/pm.o
                0x800041bc                pm_enable_clk32_no_wait
 .text.pm_wait_for_clk32_ready
                0x800041cc        0xa src/ASF/avr32/drivers/pm/pm.o
                0x800041cc                pm_wait_for_clk32_ready
 *fill*         0x800041d6        0x2 d703d703
 .text.pm_enable_clk32
                0x800041d8       0x1c src/ASF/avr32/drivers/pm/pm.o
                0x800041d8                pm_enable_clk32
 .text.pm_cksel
                0x800041f4       0x46 src/ASF/avr32/drivers/pm/pm.o
                0x800041f4                pm_cksel
 .text.pm_pll_setup
                0x8000423a       0x22 src/ASF/avr32/drivers/pm/pm.o
                0x8000423a                pm_pll_setup
 .text.pm_pll_set_option
                0x8000425c       0x1a src/ASF/avr32/drivers/pm/pm.o
                0x8000425c                pm_pll_set_option
 .text.pm_pll_enable
                0x80004276        0xe src/ASF/avr32/drivers/pm/pm.o
                0x80004276                pm_pll_enable
 .text.pm_wait_for_pll0_locked
                0x80004284        0xa src/ASF/avr32/drivers/pm/pm.o
                0x80004284                pm_wait_for_pll0_locked
 .text.pm_switch_to_clock
                0x8000428e        0xa src/ASF/avr32/drivers/pm/pm.o
                0x8000428e                pm_switch_to_clock
 .text.pm_switch_to_osc0
                0x80004298       0x2c src/ASF/avr32/drivers/pm/pm.o
                0x80004298                pm_switch_to_osc0
 .text.rtc_is_busy
                0x800042c4        0x8 src/ASF/avr32/drivers/rtc/rtc.o
                0x800042c4                rtc_is_busy
 .text.rtc_set_value
                0x800042cc       0x24 src/ASF/avr32/drivers/rtc/rtc.o
                0x800042cc                rtc_set_value
 .text.rtc_enable
                0x800042f0       0x24 src/ASF/avr32/drivers/rtc/rtc.o
                0x800042f0                rtc_enable
 .text.rtc_enable_interrupt
                0x80004314        0x6 src/ASF/avr32/drivers/rtc/rtc.o
                0x80004314                rtc_enable_interrupt
 *fill*         0x8000431a        0x2 d703d703
 .text.rtc_set_top_value
                0x8000431c       0x24 src/ASF/avr32/drivers/rtc/rtc.o
                0x8000431c                rtc_set_top_value
 .text.rtc_clear_interrupt
                0x80004340       0x1e src/ASF/avr32/drivers/rtc/rtc.o
                0x80004340                rtc_clear_interrupt
 *fill*         0x8000435e        0x2 d703d703
 .text.rtc_init
                0x80004360       0x80 src/ASF/avr32/drivers/rtc/rtc.o
                0x80004360                rtc_init
 .text.getBaudDiv
                0x800043e0       0x20 src/ASF/avr32/drivers/spi/spi.o
                0x800043e0                getBaudDiv
 .text.spi_initMaster
                0x80004400       0x38 src/ASF/avr32/drivers/spi/spi.o
                0x80004400                spi_initMaster
 .text.spi_selectionMode
                0x80004438       0x2c src/ASF/avr32/drivers/spi/spi.o
                0x80004438                spi_selectionMode
 .text.spi_enable
                0x80004464        0x6 src/ASF/avr32/drivers/spi/spi.o
                0x80004464                spi_enable
 .text.spi_write
                0x8000446a       0x1c src/ASF/avr32/drivers/spi/spi.o
                0x8000446a                spi_write
 .text.spi_read
                0x80004486       0x20 src/ASF/avr32/drivers/spi/spi.o
                0x80004486                spi_read
 *fill*         0x800044a6        0x2 d703d703
 .text.spi_setupChipReg
                0x800044a8       0xe8 src/ASF/avr32/drivers/spi/spi.o
                0x800044a8                spi_setupChipReg
 .text.spi_unselectChip
                0x80004590       0x40 src/ASF/avr32/drivers/spi/spi.o
                0x80004590                spi_unselectChip
 .text.spi_selectChip
                0x800045d0       0x78 src/ASF/avr32/drivers/spi/spi.o
                0x800045d0                spi_selectChip
 .text.usart_set_async_baudrate
                0x80004648       0x5a src/ASF/avr32/drivers/usart/usart.o
 .text.usart_write_char
                0x800046a2       0x14 src/ASF/avr32/drivers/usart/usart.o
                0x800046a2                usart_write_char
 *fill*         0x800046b6        0x2 d703d703
 .text.usart_putchar
                0x800046b8       0x2c src/ASF/avr32/drivers/usart/usart.o
                0x800046b8                usart_putchar
 .text.usart_read_char
                0x800046e4       0x22 src/ASF/avr32/drivers/usart/usart.o
                0x800046e4                usart_read_char
 *fill*         0x80004706        0x2 d703d703
 .text.usart_getchar
                0x80004708       0x2c src/ASF/avr32/drivers/usart/usart.o
                0x80004708                usart_getchar
 .text.usart_write_line
                0x80004734       0x24 src/ASF/avr32/drivers/usart/usart.o
                0x80004734                usart_write_line
 .text.usart_reset
                0x80004758       0x2c src/ASF/avr32/drivers/usart/usart.o
                0x80004758                usart_reset
 .text.usart_init_rs232
                0x80004784       0xcc src/ASF/avr32/drivers/usart/usart.o
                0x80004784                usart_init_rs232
 .text._stext   0x80004850       0x40 src/ASF/avr32/utils/startup/startup_uc3.o
                                 0x50 (size before relaxing)
                0x80004850                _stext
 .text.vListInitialise
                0x80004890       0x14 src/ASF/thirdparty/freertos/freertos-7.0.0/source/list.o
                0x80004890                vListInitialise
 .text.vListInitialiseItem
                0x800048a4        0x6 src/ASF/thirdparty/freertos/freertos-7.0.0/source/list.o
                0x800048a4                vListInitialiseItem
 .text.vListInsertEnd
                0x800048aa       0x1c src/ASF/thirdparty/freertos/freertos-7.0.0/source/list.o
                0x800048aa                vListInsertEnd
 .text.vListInsert
                0x800048c6       0x34 src/ASF/thirdparty/freertos/freertos-7.0.0/source/list.o
                0x800048c6                vListInsert
 .text.vListRemove
                0x800048fa       0x26 src/ASF/thirdparty/freertos/freertos-7.0.0/source/list.o
                0x800048fa                vListRemove
 .text.pxPortInitialiseStack
                0x80004920       0x92 src/ASF/thirdparty/freertos/freertos-7.0.0/source/portable/gcc/avr32_uc3/port.o
                0x80004920                pxPortInitialiseStack
 *fill*         0x800049b2        0x2 d703d703
 .text.vPortEnterCritical
                0x800049b4       0x10 src/ASF/thirdparty/freertos/freertos-7.0.0/source/portable/gcc/avr32_uc3/port.o
                0x800049b4                vPortEnterCritical
 .text.xPortStartScheduler
                0x800049c4       0x58 src/ASF/thirdparty/freertos/freertos-7.0.0/source/portable/gcc/avr32_uc3/port.o
                0x800049c4                xPortStartScheduler
 .text.SCALLYield
                0x80004a1c       0x98 src/ASF/thirdparty/freertos/freertos-7.0.0/source/portable/gcc/avr32_uc3/port.o
                0x80004a1c                SCALLYield
 .text.prvClearCcInt
                0x80004ab4        0xa src/ASF/thirdparty/freertos/freertos-7.0.0/source/portable/gcc/avr32_uc3/port.o
 *fill*         0x80004abe        0x2 d703d703
 .text.vPortExitCritical
                0x80004ac0       0x20 src/ASF/thirdparty/freertos/freertos-7.0.0/source/portable/gcc/avr32_uc3/port.o
                0x80004ac0                vPortExitCritical
 .text.vTick    0x80004ae0       0x84 src/ASF/thirdparty/freertos/freertos-7.0.0/source/portable/gcc/avr32_uc3/port.o
 .text.__malloc_lock
                0x80004b64        0xc src/ASF/thirdparty/freertos/freertos-7.0.0/source/portable/gcc/avr32_uc3/port.o
                0x80004b64                __malloc_lock
 .text.__malloc_unlock
                0x80004b70        0xc src/ASF/thirdparty/freertos/freertos-7.0.0/source/portable/gcc/avr32_uc3/port.o
                0x80004b70                __malloc_unlock
 .text._read    0x80004b7c       0x40 src/ASF/thirdparty/freertos/freertos-7.0.0/source/portable/gcc/avr32_uc3/read.o
                0x80004b7c                _read
 .text._write   0x80004bbc       0x3c src/ASF/thirdparty/freertos/freertos-7.0.0/source/portable/gcc/avr32_uc3/write.o
                0x80004bbc                _write
 .text.vPortFree
                0x80004bf8       0x28 src/ASF/thirdparty/freertos/freertos-7.0.0/source/portable/memmang/heap_3.o
                0x80004bf8                vPortFree
 .text.pvPortMalloc
                0x80004c20       0x28 src/ASF/thirdparty/freertos/freertos-7.0.0/source/portable/memmang/heap_3.o
                0x80004c20                pvPortMalloc
 .text.prvCopyDataFromQueue
                0x80004c48       0x30 src/ASF/thirdparty/freertos/freertos-7.0.0/source/queue.o
 .text.prvUnlockQueue
                0x80004c78       0xa0 src/ASF/thirdparty/freertos/freertos-7.0.0/source/queue.o
 .text.xQueueGenericReceive
                0x80004d18      0x144 src/ASF/thirdparty/freertos/freertos-7.0.0/source/queue.o
                0x80004d18                xQueueGenericReceive
 .text.prvCopyDataToQueue
                0x80004e5c       0x78 src/ASF/thirdparty/freertos/freertos-7.0.0/source/queue.o
 .text.xQueueGenericSend
                0x80004ed4      0x100 src/ASF/thirdparty/freertos/freertos-7.0.0/source/queue.o
                0x80004ed4                xQueueGenericSend
 .text.xQueueCreateMutex
                0x80004fd4       0x58 src/ASF/thirdparty/freertos/freertos-7.0.0/source/queue.o
                0x80004fd4                xQueueCreateMutex
 .text.xQueueCreate
                0x8000502c       0x74 src/ASF/thirdparty/freertos/freertos-7.0.0/source/queue.o
                0x8000502c                xQueueCreate
 .text.vTaskSuspendAll
                0x800050a0       0x10 src/ASF/thirdparty/freertos/freertos-7.0.0/source/tasks.o
                0x800050a0                vTaskSuspendAll
 .text.vTaskSwitchContext
                0x800050b0       0x7c src/ASF/thirdparty/freertos/freertos-7.0.0/source/tasks.o
                0x800050b0                vTaskSwitchContext
 .text.vTaskSetTimeOutState
                0x8000512c       0x18 src/ASF/thirdparty/freertos/freertos-7.0.0/source/tasks.o
                0x8000512c                vTaskSetTimeOutState
 .text.vTaskMissedYield
                0x80005144        0xc src/ASF/thirdparty/freertos/freertos-7.0.0/source/tasks.o
                0x80005144                vTaskMissedYield
 .text.xTaskGetCurrentTaskHandle
                0x80005150        0xc src/ASF/thirdparty/freertos/freertos-7.0.0/source/tasks.o
                0x80005150                xTaskGetCurrentTaskHandle
 .text.vTaskPriorityDisinherit
                0x8000515c       0x58 src/ASF/thirdparty/freertos/freertos-7.0.0/source/tasks.o
                0x8000515c                vTaskPriorityDisinherit
 .text.vTaskPriorityInherit
                0x800051b4       0x84 src/ASF/thirdparty/freertos/freertos-7.0.0/source/tasks.o
                0x800051b4                vTaskPriorityInherit
 .text.xTaskRemoveFromEventList
                0x80005238       0x7c src/ASF/thirdparty/freertos/freertos-7.0.0/source/tasks.o
                0x80005238                xTaskRemoveFromEventList
 .text.vTaskIncrementTick
                0x800052b4      0x114 src/ASF/thirdparty/freertos/freertos-7.0.0/source/tasks.o
                0x800052b4                vTaskIncrementTick
 .text.xTaskCheckForTimeOut
                0x800053c8       0x70 src/ASF/thirdparty/freertos/freertos-7.0.0/source/tasks.o
                0x800053c8                xTaskCheckForTimeOut
 .text.xTaskGetTickCount
                0x80005438       0x24 src/ASF/thirdparty/freertos/freertos-7.0.0/source/tasks.o
                0x80005438                xTaskGetTickCount
 .text.xTaskResumeAll
                0x8000545c       0xe8 src/ASF/thirdparty/freertos/freertos-7.0.0/source/tasks.o
                0x8000545c                xTaskResumeAll
 .text.prvAddCurrentTaskToDelayedList
                0x80005544       0x5c src/ASF/thirdparty/freertos/freertos-7.0.0/source/tasks.o
 .text.vTaskDelay
                0x800055a0       0x48 src/ASF/thirdparty/freertos/freertos-7.0.0/source/tasks.o
                0x800055a0                vTaskDelay
 .text.vTaskDelayUntil
                0x800055e8       0x80 src/ASF/thirdparty/freertos/freertos-7.0.0/source/tasks.o
                0x800055e8                vTaskDelayUntil
 .text.vTaskPlaceOnEventList
                0x80005668       0x58 src/ASF/thirdparty/freertos/freertos-7.0.0/source/tasks.o
                0x80005668                vTaskPlaceOnEventList
 .text.prvIdleTask
                0x800056c0       0x88 src/ASF/thirdparty/freertos/freertos-7.0.0/source/tasks.o
 .text.xTaskGenericCreate
                0x80005748      0x1e8 src/ASF/thirdparty/freertos/freertos-7.0.0/source/tasks.o
                0x80005748                xTaskGenericCreate
 .text.vTaskStartScheduler
                0x80005930       0x4c src/ASF/thirdparty/freertos/freertos-7.0.0/source/tasks.o
                0x80005930                vTaskStartScheduler
 .text.PrintChar
                0x8000597c        0x4 src/Log/log.o
                0x8000597c                PrintChar
 .text.PrintHex
                0x80005980       0xb2 src/Log/log.o
                0x80005980                PrintHex
 .text.PrintDec
                0x80005a32       0xda src/Log/log.o
                0x80005a32                PrintDec
 .text.log      0x80005b0c      0x18c src/Log/log.o
                0x80005b0c                log
 .text.log_init
                0x80005c98       0x64 src/Log/log.o
                0x80005c98                log_init
 .text.task_log
                0x80005cfc       0x44 src/Log/log.o
 .text.main     0x80005d40       0x68 src/main.o
                0x80005d40                main
 .text.free     0x80005da8       0x10 e:/program x86/atmel/studio/7.0/toolchain/avr32/avr32-gnu-toolchain/bin/../lib/gcc/avr32/4.4.7/../../../../avr32/lib/ucr2\libc.a(lib_a-malloc.o)
                                 0x18 (size before relaxing)
                0x80005da8                free
 .text.malloc   0x80005db8       0x10 e:/program x86/atmel/studio/7.0/toolchain/avr32/avr32-gnu-toolchain/bin/../lib/gcc/avr32/4.4.7/../../../../avr32/lib/ucr2\libc.a(lib_a-malloc.o)
                                 0x18 (size before relaxing)
                0x80005db8                malloc
 .text._malloc_r
                0x80005dc8      0x438 e:/program x86/atmel/studio/7.0/toolchain/avr32/avr32-gnu-toolchain/bin/../lib/gcc/avr32/4.4.7/../../../../avr32/lib/ucr2\libc.a(lib_a-mallocr.o)
                                0x450 (size before relaxing)
                0x80005dc8                _malloc_r
 .text.memcmp   0x80006200       0x26 e:/program x86/atmel/studio/7.0/toolchain/avr32/avr32-gnu-toolchain/bin/../lib/gcc/avr32/4.4.7/../../../../avr32/lib/ucr2\libc.a(lib_a-memcmp.o)
                0x80006200                memcmp
 .text          0x80006226      0x148 e:/program x86/atmel/studio/7.0/toolchain/avr32/avr32-gnu-toolchain/bin/../lib/gcc/avr32/4.4.7/../../../../avr32/lib/ucr2\libc.a(lib_a-memcpy.o)
                0x80006226                memcpy
 .text.memset   0x8000636e        0xe e:/program x86/atmel/studio/7.0/toolchain/avr32/avr32-gnu-toolchain/bin/../lib/gcc/avr32/4.4.7/../../../../avr32/lib/ucr2\libc.a(lib_a-memset.o)
                0x8000636e                memset
 .text._realloc_r
                0x8000637c      0x2c0 e:/program x86/atmel/studio/7.0/toolchain/avr32/avr32-gnu-toolchain/bin/../lib/gcc/avr32/4.4.7/../../../../avr32/lib/ucr2\libc.a(lib_a-reallocr.o)
                                0x2e0 (size before relaxing)
                0x8000637c                _realloc_r
 .text._sbrk_r  0x8000663c       0x20 e:/program x86/atmel/studio/7.0/toolchain/avr32/avr32-gnu-toolchain/bin/../lib/gcc/avr32/4.4.7/../../../../avr32/lib/ucr2\libc.a(lib_a-sbrkr.o)
                                 0x28 (size before relaxing)
                0x8000663c                _sbrk_r
 .text.sprintf  0x8000665c       0x3c e:/program x86/atmel/studio/7.0/toolchain/avr32/avr32-gnu-toolchain/bin/../lib/gcc/avr32/4.4.7/../../../../avr32/lib/ucr2\libc.a(lib_a-sprintf.o)
                                 0x40 (size before relaxing)
                0x8000665c                sprintf
 .text          0x80006698       0x20 e:/program x86/atmel/studio/7.0/toolchain/avr32/avr32-gnu-toolchain/bin/../lib/gcc/avr32/4.4.7/../../../../avr32/lib/ucr2\libc.a(lib_a-strncpy.o)
                0x80006698                strncpy
 .text._close   0x800066b8       0x14 e:/program x86/atmel/studio/7.0/toolchain/avr32/avr32-gnu-toolchain/bin/../lib/gcc/avr32/4.4.7/../../../../avr32/lib/ucr2\libc.a(lib_a-syscalls.o)
                                 0x18 (size before relaxing)
                0x800066b8                _close
 .text._lseek   0x800066cc       0x14 e:/program x86/atmel/studio/7.0/toolchain/avr32/avr32-gnu-toolchain/bin/../lib/gcc/avr32/4.4.7/../../../../avr32/lib/ucr2\libc.a(lib_a-syscalls.o)
                                 0x18 (size before relaxing)
                0x800066cc                _lseek
 .text.isatty   0x800066e0       0x14 e:/program x86/atmel/studio/7.0/toolchain/avr32/avr32-gnu-toolchain/bin/../lib/gcc/avr32/4.4.7/../../../../avr32/lib/ucr2\libc.a(lib_a-syscalls.o)
                                 0x18 (size before relaxing)
                0x800066e0                isatty
 .text._fstat_host
                0x800066f4       0x14 e:/program x86/atmel/studio/7.0/toolchain/avr32/avr32-gnu-toolchain/bin/../lib/gcc/avr32/4.4.7/../../../../avr32/lib/ucr2\libc.a(lib_a-syscalls.o)
                                 0x18 (size before relaxing)
                0x800066f4                _fstat_host
 .text._fstat   0x80006708       0x4c e:/program x86/atmel/studio/7.0/toolchain/avr32/avr32-gnu-toolchain/bin/../lib/gcc/avr32/4.4.7/../../../../avr32/lib/ucr2\libc.a(lib_a-syscalls.o)
                                 0x50 (size before relaxing)
                0x80006708                _fstat
 .text._sbrk    0x80006754       0x38 e:/program x86/atmel/studio/7.0/toolchain/avr32/avr32-gnu-toolchain/bin/../lib/gcc/avr32/4.4.7/../../../../avr32/lib/ucr2\libc.a(lib_a-syscalls.o)
                                 0x40 (size before relaxing)
                0x80006754                _sbrk
 .text.get_arg  0x8000678c      0x314 e:/program x86/atmel/studio/7.0/toolchain/avr32/avr32-gnu-toolchain/bin/../lib/gcc/avr32/4.4.7/../../../../avr32/lib/ucr2\libc.a(lib_a-vfprintf.o)
                                0x324 (size before relaxing)
 .text.__sprint_r
                0x80006aa0       0x1c e:/program x86/atmel/studio/7.0/toolchain/avr32/avr32-gnu-toolchain/bin/../lib/gcc/avr32/4.4.7/../../../../avr32/lib/ucr2\libc.a(lib_a-vfprintf.o)
                                 0x20 (size before relaxing)
 .text._vfprintf_r
                0x80006abc     0x1f14 e:/program x86/atmel/studio/7.0/toolchain/avr32/avr32-gnu-toolchain/bin/../lib/gcc/avr32/4.4.7/../../../../avr32/lib/ucr2\libc.a(lib_a-vfprintf.o)
                               0x1f9c (size before relaxing)
                0x80006abc                _vfprintf_r
 .text.__swsetup_r
                0x800089d0       0xdc e:/program x86/atmel/studio/7.0/toolchain/avr32/avr32-gnu-toolchain/bin/../lib/gcc/avr32/4.4.7/../../../../avr32/lib/ucr2\libc.a(lib_a-wsetup.o)
                                 0xe8 (size before relaxing)
                0x800089d0                __swsetup_r
 .text.quorem   0x80008aac      0x120 e:/program x86/atmel/studio/7.0/toolchain/avr32/avr32-gnu-toolchain/bin/../lib/gcc/avr32/4.4.7/../../../../avr32/lib/ucr2\libc.a(lib_a-dtoa.o)
                                0x124 (size before relaxing)
 .text._dtoa_r  0x80008bcc      0xbdc e:/program x86/atmel/studio/7.0/toolchain/avr32/avr32-gnu-toolchain/bin/../lib/gcc/avr32/4.4.7/../../../../avr32/lib/ucr2\libc.a(lib_a-dtoa.o)
                                0xc90 (size before relaxing)
                0x80008bcc                _dtoa_r
 .text.__errno  0x800097a8        0xc e:/program x86/atmel/studio/7.0/toolchain/avr32/avr32-gnu-toolchain/bin/../lib/gcc/avr32/4.4.7/../../../../avr32/lib/ucr2\libc.a(lib_a-errno.o)
                0x800097a8                __errno
 .text._fflush_r
                0x800097b4      0x10c e:/program x86/atmel/studio/7.0/toolchain/avr32/avr32-gnu-toolchain/bin/../lib/gcc/avr32/4.4.7/../../../../avr32/lib/ucr2\libc.a(lib_a-fflush.o)
                                0x118 (size before relaxing)
                0x800097b4                _fflush_r
 .text.__sfp_lock_acquire
                0x800098c0        0x2 e:/program x86/atmel/studio/7.0/toolchain/avr32/avr32-gnu-toolchain/bin/../lib/gcc/avr32/4.4.7/../../../../avr32/lib/ucr2\libc.a(lib_a-findfp.o)
                0x800098c0                __sfp_lock_acquire
 .text.__sfp_lock_release
                0x800098c2        0x2 e:/program x86/atmel/studio/7.0/toolchain/avr32/avr32-gnu-toolchain/bin/../lib/gcc/avr32/4.4.7/../../../../avr32/lib/ucr2\libc.a(lib_a-findfp.o)
                0x800098c2                __sfp_lock_release
 .text._cleanup_r
                0x800098c4        0xc e:/program x86/atmel/studio/7.0/toolchain/avr32/avr32-gnu-toolchain/bin/../lib/gcc/avr32/4.4.7/../../../../avr32/lib/ucr2\libc.a(lib_a-findfp.o)
                                 0x14 (size before relaxing)
                0x800098c4                _cleanup_r
 .text.__sfmoreglue
                0x800098d0       0x28 e:/program x86/atmel/studio/7.0/toolchain/avr32/avr32-gnu-toolchain/bin/../lib/gcc/avr32/4.4.7/../../../../avr32/lib/ucr2\libc.a(lib_a-findfp.o)
                                 0x30 (size before relaxing)
                0x800098d0                __sfmoreglue
 .text.__sfp    0x800098f8       0x6c e:/program x86/atmel/studio/7.0/toolchain/avr32/avr32-gnu-toolchain/bin/../lib/gcc/avr32/4.4.7/../../../../avr32/lib/ucr2\libc.a(lib_a-findfp.o)
                                 0x7c (size before relaxing)
                0x800098f8                __sfp
 .text.__sinit  0x80009964       0x9c e:/program x86/atmel/studio/7.0/toolchain/avr32/avr32-gnu-toolchain/bin/../lib/gcc/avr32/4.4.7/../../../../avr32/lib/ucr2\libc.a(lib_a-findfp.o)
                                 0xb0 (size before relaxing)
                0x80009964                __sinit
 .text._malloc_trim_r
                0x80009a00       0x98 e:/program x86/atmel/studio/7.0/toolchain/avr32/avr32-gnu-toolchain/bin/../lib/gcc/avr32/4.4.7/../../../../avr32/lib/ucr2\libc.a(lib_a-freer.o)
                                 0xa8 (size before relaxing)
                0x80009a00                _malloc_trim_r
 .text._free_r  0x80009a98      0x18c e:/program x86/atmel/studio/7.0/toolchain/avr32/avr32-gnu-toolchain/bin/../lib/gcc/avr32/4.4.7/../../../../avr32/lib/ucr2\libc.a(lib_a-freer.o)
                                0x1a0 (size before relaxing)
                0x80009a98                _free_r
 .text.__sfvwrite_r
                0x80009c24      0x294 e:/program x86/atmel/studio/7.0/toolchain/avr32/avr32-gnu-toolchain/bin/../lib/gcc/avr32/4.4.7/../../../../avr32/lib/ucr2\libc.a(lib_a-fvwrite.o)
                                0x2c4 (size before relaxing)
                0x80009c24                __sfvwrite_r
 .text._fwalk   0x80009eb8       0x4c e:/program x86/atmel/studio/7.0/toolchain/avr32/avr32-gnu-toolchain/bin/../lib/gcc/avr32/4.4.7/../../../../avr32/lib/ucr2\libc.a(lib_a-fwalk.o)
                                 0x54 (size before relaxing)
                0x80009eb8                _fwalk
 .text._localeconv_r
                0x80009f04        0x8 e:/program x86/atmel/studio/7.0/toolchain/avr32/avr32-gnu-toolchain/bin/../lib/gcc/avr32/4.4.7/../../../../avr32/lib/ucr2\libc.a(lib_a-locale.o)
                0x80009f04                _localeconv_r
 .text.__smakebuf_r
                0x80009f0c       0xbc e:/program x86/atmel/studio/7.0/toolchain/avr32/avr32-gnu-toolchain/bin/../lib/gcc/avr32/4.4.7/../../../../avr32/lib/ucr2\libc.a(lib_a-makebuf.o)
                                 0xcc (size before relaxing)
                0x80009f0c                __smakebuf_r
 .text.memchr   0x80009fc8       0x16 e:/program x86/atmel/studio/7.0/toolchain/avr32/avr32-gnu-toolchain/bin/../lib/gcc/avr32/4.4.7/../../../../avr32/lib/ucr2\libc.a(lib_a-memchr.o)
                0x80009fc8                memchr
 .text.memmove  0x80009fde       0x3e e:/program x86/atmel/studio/7.0/toolchain/avr32/avr32-gnu-toolchain/bin/../lib/gcc/avr32/4.4.7/../../../../avr32/lib/ucr2\libc.a(lib_a-memmove.o)
                0x80009fde                memmove
 .text.__hi0bits
                0x8000a01c       0x60 e:/program x86/atmel/studio/7.0/toolchain/avr32/avr32-gnu-toolchain/bin/../lib/gcc/avr32/4.4.7/../../../../avr32/lib/ucr2\libc.a(lib_a-mprec.o)
                0x8000a01c                __hi0bits
 .text.__lo0bits
                0x8000a07c       0x8e e:/program x86/atmel/studio/7.0/toolchain/avr32/avr32-gnu-toolchain/bin/../lib/gcc/avr32/4.4.7/../../../../avr32/lib/ucr2\libc.a(lib_a-mprec.o)
                0x8000a07c                __lo0bits
 .text.__mcmp   0x8000a10a       0x32 e:/program x86/atmel/studio/7.0/toolchain/avr32/avr32-gnu-toolchain/bin/../lib/gcc/avr32/4.4.7/../../../../avr32/lib/ucr2\libc.a(lib_a-mprec.o)
                0x8000a10a                __mcmp
 .text._Bfree   0x8000a13c       0x34 e:/program x86/atmel/studio/7.0/toolchain/avr32/avr32-gnu-toolchain/bin/../lib/gcc/avr32/4.4.7/../../../../avr32/lib/ucr2\libc.a(lib_a-mprec.o)
                                 0x38 (size before relaxing)
                0x8000a13c                _Bfree
 .text._Balloc  0x8000a170       0x70 e:/program x86/atmel/studio/7.0/toolchain/avr32/avr32-gnu-toolchain/bin/../lib/gcc/avr32/4.4.7/../../../../avr32/lib/ucr2\libc.a(lib_a-mprec.o)
                                 0x78 (size before relaxing)
                0x8000a170                _Balloc
 .text.__d2b    0x8000a1e0       0xa0 e:/program x86/atmel/studio/7.0/toolchain/avr32/avr32-gnu-toolchain/bin/../lib/gcc/avr32/4.4.7/../../../../avr32/lib/ucr2\libc.a(lib_a-mprec.o)
                                 0xb4 (size before relaxing)
                0x8000a1e0                __d2b
 .text.__mdiff  0x8000a280       0xd0 e:/program x86/atmel/studio/7.0/toolchain/avr32/avr32-gnu-toolchain/bin/../lib/gcc/avr32/4.4.7/../../../../avr32/lib/ucr2\libc.a(lib_a-mprec.o)
                                 0xd8 (size before relaxing)
                0x8000a280                __mdiff
 .text.__lshift
                0x8000a350       0x88 e:/program x86/atmel/studio/7.0/toolchain/avr32/avr32-gnu-toolchain/bin/../lib/gcc/avr32/4.4.7/../../../../avr32/lib/ucr2\libc.a(lib_a-mprec.o)
                                 0x94 (size before relaxing)
                0x8000a350                __lshift
 .text.__multiply
                0x8000a3d8      0x100 e:/program x86/atmel/studio/7.0/toolchain/avr32/avr32-gnu-toolchain/bin/../lib/gcc/avr32/4.4.7/../../../../avr32/lib/ucr2\libc.a(lib_a-mprec.o)
                                0x108 (size before relaxing)
                0x8000a3d8                __multiply
 .text.__i2b    0x8000a4d8       0x10 e:/program x86/atmel/studio/7.0/toolchain/avr32/avr32-gnu-toolchain/bin/../lib/gcc/avr32/4.4.7/../../../../avr32/lib/ucr2\libc.a(lib_a-mprec.o)
                                 0x18 (size before relaxing)
                0x8000a4d8                __i2b
 .text.__multadd
                0x8000a4e8       0x7c e:/program x86/atmel/studio/7.0/toolchain/avr32/avr32-gnu-toolchain/bin/../lib/gcc/avr32/4.4.7/../../../../avr32/lib/ucr2\libc.a(lib_a-mprec.o)
                                 0x88 (size before relaxing)
                0x8000a4e8                __multadd
 .text.__pow5mult
                0x8000a564       0x8c e:/program x86/atmel/studio/7.0/toolchain/avr32/avr32-gnu-toolchain/bin/../lib/gcc/avr32/4.4.7/../../../../avr32/lib/ucr2\libc.a(lib_a-mprec.o)
                                 0xac (size before relaxing)
                0x8000a564                __pow5mult
 .text.__isinfd
                0x8000a5f0       0x2a e:/program x86/atmel/studio/7.0/toolchain/avr32/avr32-gnu-toolchain/bin/../lib/gcc/avr32/4.4.7/../../../../avr32/lib/ucr2\libc.a(lib_a-s_isinfd.o)
                0x8000a5f0                __isinfd
 .text.__isnand
                0x8000a61a       0x1c e:/program x86/atmel/studio/7.0/toolchain/avr32/avr32-gnu-toolchain/bin/../lib/gcc/avr32/4.4.7/../../../../avr32/lib/ucr2\libc.a(lib_a-s_isnand.o)
                0x8000a61a                __isnand
 *fill*         0x8000a636        0x2 d703d703
 .text.__sclose
                0x8000a638        0x8 e:/program x86/atmel/studio/7.0/toolchain/avr32/avr32-gnu-toolchain/bin/../lib/gcc/avr32/4.4.7/../../../../avr32/lib/ucr2\libc.a(lib_a-stdio.o)
                                 0x10 (size before relaxing)
                0x8000a638                __sclose
 .text.__sseek  0x8000a640       0x20 e:/program x86/atmel/studio/7.0/toolchain/avr32/avr32-gnu-toolchain/bin/../lib/gcc/avr32/4.4.7/../../../../avr32/lib/ucr2\libc.a(lib_a-stdio.o)
                                 0x28 (size before relaxing)
                0x8000a640                __sseek
 .text.__swrite
                0x8000a660       0x2c e:/program x86/atmel/studio/7.0/toolchain/avr32/avr32-gnu-toolchain/bin/../lib/gcc/avr32/4.4.7/../../../../avr32/lib/ucr2\libc.a(lib_a-stdio.o)
                                 0x38 (size before relaxing)
                0x8000a660                __swrite
 .text.__sread  0x8000a68c       0x1c e:/program x86/atmel/studio/7.0/toolchain/avr32/avr32-gnu-toolchain/bin/../lib/gcc/avr32/4.4.7/../../../../avr32/lib/ucr2\libc.a(lib_a-stdio.o)
                                 0x24 (size before relaxing)
                0x8000a68c                __sread
 .text.strlen   0x8000a6a8       0x16 e:/program x86/atmel/studio/7.0/toolchain/avr32/avr32-gnu-toolchain/bin/../lib/gcc/avr32/4.4.7/../../../../avr32/lib/ucr2\libc.a(lib_a-strlen.o)
                0x8000a6a8                strlen
 *fill*         0x8000a6be        0x2 d703d703
 .text._write_r
                0x8000a6c0       0x28 e:/program x86/atmel/studio/7.0/toolchain/avr32/avr32-gnu-toolchain/bin/../lib/gcc/avr32/4.4.7/../../../../avr32/lib/ucr2\libc.a(lib_a-writer.o)
                                 0x2c (size before relaxing)
                0x8000a6c0                _write_r
 .text._calloc_r
                0x8000a6e8       0x58 e:/program x86/atmel/studio/7.0/toolchain/avr32/avr32-gnu-toolchain/bin/../lib/gcc/avr32/4.4.7/../../../../avr32/lib/ucr2\libc.a(lib_a-callocr.o)
                                 0x60 (size before relaxing)
                0x8000a6e8                _calloc_r
 .text._close_r
                0x8000a740       0x20 e:/program x86/atmel/studio/7.0/toolchain/avr32/avr32-gnu-toolchain/bin/../lib/gcc/avr32/4.4.7/../../../../avr32/lib/ucr2\libc.a(lib_a-closer.o)
                                 0x28 (size before relaxing)
                0x8000a740                _close_r
 .text._fclose_r
                0x8000a760       0xb8 e:/program x86/atmel/studio/7.0/toolchain/avr32/avr32-gnu-toolchain/bin/../lib/gcc/avr32/4.4.7/../../../../avr32/lib/ucr2\libc.a(lib_a-fclose.o)
                                 0xd0 (size before relaxing)
                0x8000a760                _fclose_r
 .text.fclose   0x8000a818       0x10 e:/program x86/atmel/studio/7.0/toolchain/avr32/avr32-gnu-toolchain/bin/../lib/gcc/avr32/4.4.7/../../../../avr32/lib/ucr2\libc.a(lib_a-fclose.o)
                                 0x18 (size before relaxing)
                0x8000a818                fclose
 .text._fstat_r
                0x8000a828       0x24 e:/program x86/atmel/studio/7.0/toolchain/avr32/avr32-gnu-toolchain/bin/../lib/gcc/avr32/4.4.7/../../../../avr32/lib/ucr2\libc.a(lib_a-fstatr.o)
                                 0x2c (size before relaxing)
                0x8000a828                _fstat_r
 .text._lseek_r
                0x8000a84c       0x28 e:/program x86/atmel/studio/7.0/toolchain/avr32/avr32-gnu-toolchain/bin/../lib/gcc/avr32/4.4.7/../../../../avr32/lib/ucr2\libc.a(lib_a-lseekr.o)
                                 0x2c (size before relaxing)
                0x8000a84c                _lseek_r
 .text._read_r  0x8000a874       0x28 e:/program x86/atmel/studio/7.0/toolchain/avr32/avr32-gnu-toolchain/bin/../lib/gcc/avr32/4.4.7/../../../../avr32/lib/ucr2\libc.a(lib_a-readr.o)
                                 0x2c (size before relaxing)
                0x8000a874                _read_r
 .text          0x8000a89c      0x1d4 e:/program x86/atmel/studio/7.0/toolchain/avr32/avr32-gnu-toolchain/bin/../lib/gcc/avr32/4.4.7/ucr2\libgcc.a(_avr32_f64_mul.o)
                0x8000a89c                __avr32_f64_mul
 .text          0x8000aa70      0x2b0 e:/program x86/atmel/studio/7.0/toolchain/avr32/avr32-gnu-toolchain/bin/../lib/gcc/avr32/4.4.7/ucr2\libgcc.a(_avr32_f64_addsub.o)
                0x8000aa74                __avr32_f64_sub
                0x8000ac10                __avr32_f64_add
 .text          0x8000ad20       0x2a e:/program x86/atmel/studio/7.0/toolchain/avr32/avr32-gnu-toolchain/bin/../lib/gcc/avr32/4.4.7/ucr2\libgcc.a(_avr32_f64_to_s32.o)
                0x8000ad20                __avr32_f64_to_u32
                0x8000ad24                __avr32_f64_to_s32
 .text          0x8000ad4a       0xe8 e:/program x86/atmel/studio/7.0/toolchain/avr32/avr32-gnu-toolchain/bin/../lib/gcc/avr32/4.4.7/ucr2\libgcc.a(_avr32_s32_to_f64.o)
                0x8000ad4a                __avr32_u32_to_f64
                0x8000ad52                __avr32_s32_to_f64
 .text          0x8000ae32       0x26 e:/program x86/atmel/studio/7.0/toolchain/avr32/avr32-gnu-toolchain/bin/../lib/gcc/avr32/4.4.7/ucr2\libgcc.a(_avr32_f64_cmp_eq.o)
                0x8000ae32                __avr32_f64_cmp_eq
 .text          0x8000ae58       0x68 e:/program x86/atmel/studio/7.0/toolchain/avr32/avr32-gnu-toolchain/bin/../lib/gcc/avr32/4.4.7/ucr2\libgcc.a(_avr32_f64_cmp_ge.o)
                0x8000ae58                __avr32_f64_cmp_ge
 .text          0x8000aec0       0x68 e:/program x86/atmel/studio/7.0/toolchain/avr32/avr32-gnu-toolchain/bin/../lib/gcc/avr32/4.4.7/ucr2\libgcc.a(_avr32_f64_cmp_lt.o)
                0x8000aec0                __avr32_f64_cmp_lt
 .text          0x8000af28      0x318 e:/program x86/atmel/studio/7.0/toolchain/avr32/avr32-gnu-toolchain/bin/../lib/gcc/avr32/4.4.7/ucr2\libgcc.a(_avr32_f64_div.o)
                0x8000af28                __avr32_f64_div
 .text          0x8000b240      0x264 e:/program x86/atmel/studio/7.0/toolchain/avr32/avr32-gnu-toolchain/bin/../lib/gcc/avr32/4.4.7/ucr2\libgcc.a(_udivdi3.o)
                0x8000b240                __avr32_udiv64
                0x8000b240                __udivdi3
 .text          0x8000b4a4      0x20c e:/program x86/atmel/studio/7.0/toolchain/avr32/avr32-gnu-toolchain/bin/../lib/gcc/avr32/4.4.7/ucr2\libgcc.a(_umoddi3.o)
                0x8000b4a4                __avr32_umod64
                0x8000b4a4                __umoddi3
 *(.text.*personality*)
 *(.gnu.warning)

.exception      0x8000b800      0x200
 .exception     0x8000b800      0x200 src/ASF/thirdparty/freertos/freertos-7.0.0/source/portable/gcc/avr32_uc3/exception.o
                0x8000b800                _evba
                0x8000b904                _int0
                0x8000b912                _int1
                0x8000b920                _int2
                0x8000b92e                _int3
                0x8000b93c                ipr_val

.fini
 *(.fini)
                0x8000ba00                PROVIDE (__etext, .)
                0x8000ba00                PROVIDE (_etext, .)
                0x8000ba00                PROVIDE (etext, .)

.rodata         0x8000ba00     0x1220
 *(.rodata .rodata.* .gnu.linkonce.r.*)
 .rodata.str1.4
                0x8000ba00      0x739 src/Application/app/app.o
                                0x73c (size before relaxing)
 *fill*         0x8000c139        0x1 
 .rodata.C.53.11295
                0x8000c13a        0x4 src/Application/flash/data_flash.o
 *fill*         0x8000c13e        0x2 
 .rodata.DF_SPI_GPIO_MAP.11280
                0x8000c140       0x20 src/Application/flash/data_flash.o
 .rodata.C.50.11282
                0x8000c160       0x10 src/Application/flash/data_flash.o
 .rodata.str1.4
                0x8000c170       0x1d src/Application/myrtc/xgrtc.o
                                 0x20 (size before relaxing)
 *fill*         0x8000c18d        0x3 
 .rodata.CSWTCH.96
                0x8000c190        0x4 src/Application/RFID/MFRC522/rc522.o
 .rodata.CSWTCH.95
                0x8000c194        0x4 src/Application/RFID/MFRC522/rc522.o
 .rodata.str1.4
                0x8000c198       0xaa src/Application/RFID/RFID.o
                                 0xac (size before relaxing)
 *fill*         0x8000c242        0x2 
 .rodata.TC_GPIO_MAP.11090
                0x8000c244       0x18 src/Application/timers/timer.o
 .rodata.str1.4
                0x8000c25c      0x1e2 src/Application/xgflash/xgflash.o
                                0x1e4 (size before relaxing)
 *fill*         0x8000c43e        0x2 
 .rodata._int_handler_table
                0x8000c440       0x98 src/ASF/avr32/drivers/intc/intc.o
 .rodata.str1.4
                0x8000c4d8        0x5 src/ASF/thirdparty/freertos/freertos-7.0.0/source/tasks.o
                                  0x8 (size before relaxing)
 *fill*         0x8000c4dd        0x3 
 .rodata.log    0x8000c4e0      0x150 src/Log/log.o
 .rodata.USART_OPTIONS.11278
                0x8000c630        0xc src/Log/log.o
 .rodata.str1.4
                0x8000c63c       0x3c src/Log/log.o
 .rodata.USART_GPIO_MAP.11277
                0x8000c678       0x10 src/Log/log.o
 .rodata.str1.4
                0x8000c688       0x14 src/main.o
 .rodata.get_arg
                0x8000c69c       0x3c e:/program x86/atmel/studio/7.0/toolchain/avr32/avr32-gnu-toolchain/bin/../lib/gcc/avr32/4.4.7/../../../../avr32/lib/ucr2\libc.a(lib_a-vfprintf.o)
 .rodata._vfprintf_r
                0x8000c6d8      0x164 e:/program x86/atmel/studio/7.0/toolchain/avr32/avr32-gnu-toolchain/bin/../lib/gcc/avr32/4.4.7/../../../../avr32/lib/ucr2\libc.a(lib_a-vfprintf.o)
 .rodata.state_table
                0x8000c83c       0x6c e:/program x86/atmel/studio/7.0/toolchain/avr32/avr32-gnu-toolchain/bin/../lib/gcc/avr32/4.4.7/../../../../avr32/lib/ucr2\libc.a(lib_a-vfprintf.o)
 .rodata.action_table
                0x8000c8a8       0x6c e:/program x86/atmel/studio/7.0/toolchain/avr32/avr32-gnu-toolchain/bin/../lib/gcc/avr32/4.4.7/../../../../avr32/lib/ucr2\libc.a(lib_a-vfprintf.o)
 .rodata.str1.4
                0x8000c914       0x3a e:/program x86/atmel/studio/7.0/toolchain/avr32/avr32-gnu-toolchain/bin/../lib/gcc/avr32/4.4.7/../../../../avr32/lib/ucr2\libc.a(lib_a-vfprintf.o)
                                 0x3c (size before relaxing)
 *fill*         0x8000c94e        0x2 
 .rodata.blanks.3430
                0x8000c950       0x10 e:/program x86/atmel/studio/7.0/toolchain/avr32/avr32-gnu-toolchain/bin/../lib/gcc/avr32/4.4.7/../../../../avr32/lib/ucr2\libc.a(lib_a-vfprintf.o)
 .rodata.zeroes.3431
                0x8000c960       0x10 e:/program x86/atmel/studio/7.0/toolchain/avr32/avr32-gnu-toolchain/bin/../lib/gcc/avr32/4.4.7/../../../../avr32/lib/ucr2\libc.a(lib_a-vfprintf.o)
 .rodata.chclass
                0x8000c970      0x100 e:/program x86/atmel/studio/7.0/toolchain/avr32/avr32-gnu-toolchain/bin/../lib/gcc/avr32/4.4.7/../../../../avr32/lib/ucr2\libc.a(lib_a-vfprintf.o)
 .rodata.str1.4
                0x8000ca70       0x10 e:/program x86/atmel/studio/7.0/toolchain/avr32/avr32-gnu-toolchain/bin/../lib/gcc/avr32/4.4.7/../../../../avr32/lib/ucr2\libc.a(lib_a-dtoa.o)
                                 0x14 (size before relaxing)
 .rodata.__sf_fake_stdin
                0x8000ca80       0x20 e:/program x86/atmel/studio/7.0/toolchain/avr32/avr32-gnu-toolchain/bin/../lib/gcc/avr32/4.4.7/../../../../avr32/lib/ucr2\libc.a(lib_a-findfp.o)
                0x8000ca80                __sf_fake_stdin
 .rodata.__sf_fake_stdout
                0x8000caa0       0x20 e:/program x86/atmel/studio/7.0/toolchain/avr32/avr32-gnu-toolchain/bin/../lib/gcc/avr32/4.4.7/../../../../avr32/lib/ucr2\libc.a(lib_a-findfp.o)
                0x8000caa0                __sf_fake_stdout
 .rodata.__sf_fake_stderr
                0x8000cac0       0x20 e:/program x86/atmel/studio/7.0/toolchain/avr32/avr32-gnu-toolchain/bin/../lib/gcc/avr32/4.4.7/../../../../avr32/lib/ucr2\libc.a(lib_a-findfp.o)
                0x8000cac0                __sf_fake_stderr
 .rodata.str1.4
                0x8000cae0        0x2 e:/program x86/atmel/studio/7.0/toolchain/avr32/avr32-gnu-toolchain/bin/../lib/gcc/avr32/4.4.7/../../../../avr32/lib/ucr2\libc.a(lib_a-impure.o)
                                  0x4 (size before relaxing)
 *fill*         0x8000cae2        0x2 
 .rodata._global_impure_ptr
                0x8000cae4        0x4 e:/program x86/atmel/studio/7.0/toolchain/avr32/avr32-gnu-toolchain/bin/../lib/gcc/avr32/4.4.7/../../../../avr32/lib/ucr2\libc.a(lib_a-impure.o)
                0x8000cae4                _global_impure_ptr
 .rodata.lconv  0x8000cae8       0x30 e:/program x86/atmel/studio/7.0/toolchain/avr32/avr32-gnu-toolchain/bin/../lib/gcc/avr32/4.4.7/../../../../avr32/lib/ucr2\libc.a(lib_a-locale.o)
 .rodata.str1.4
                0x8000cb18        0xc e:/program x86/atmel/studio/7.0/toolchain/avr32/avr32-gnu-toolchain/bin/../lib/gcc/avr32/4.4.7/../../../../avr32/lib/ucr2\libc.a(lib_a-locale.o)
                                 0x18 (size before relaxing)
 .rodata.p05.2471
                0x8000cb24        0xc e:/program x86/atmel/studio/7.0/toolchain/avr32/avr32-gnu-toolchain/bin/../lib/gcc/avr32/4.4.7/../../../../avr32/lib/ucr2\libc.a(lib_a-mprec.o)
 .rodata.__mprec_tens
                0x8000cb30       0xc8 e:/program x86/atmel/studio/7.0/toolchain/avr32/avr32-gnu-toolchain/bin/../lib/gcc/avr32/4.4.7/../../../../avr32/lib/ucr2\libc.a(lib_a-mprec.o)
                0x8000cb30                __mprec_tens
 .rodata.__mprec_bigtens
                0x8000cbf8       0x28 e:/program x86/atmel/studio/7.0/toolchain/avr32/avr32-gnu-toolchain/bin/../lib/gcc/avr32/4.4.7/../../../../avr32/lib/ucr2\libc.a(lib_a-mprec.o)
                0x8000cbf8                __mprec_bigtens

.rodata1
 *(.rodata1)

.eh_frame_hdr
 *(.eh_frame_hdr)

.eh_frame
 *(.eh_frame)

.gcc_except_table
 *(.gcc_except_table)
 *(.gcc_except_table.*)

.dalign         0x8000cc20        0x0
                0x8000cc20                . = ALIGN (0x8)
                0x8000cc20                PROVIDE (_data_lma, .)
                0x00000004                PROVIDE (_data, ORIGIN (CPUSRAM))
                0x00000004                . = ORIGIN (CPUSRAM)

.eh_frame
 *(.eh_frame)

.gcc_except_table
 *(.gcc_except_table)
 *(.gcc_except_table.*)

.tdata
 *(.tdata .tdata.* .gnu.linkonce.td.*)

.tbss
 *(.tbss .tbss.* .gnu.linkonce.tb.*)
 *(.tcommon)
                0x00000004                PROVIDE (__preinit_array_start, ALIGN (0x4))

.preinit_array
 *(.preinit_array)
                0x00000004                PROVIDE (__preinit_array_end, .)
                0x00000004                PROVIDE (__init_array_start, .)

.init_array
 *(.init_array)
                0x00000004                PROVIDE (__init_array_end, .)
                0x00000004                PROVIDE (__fini_array_start, .)

.fini_array
 *(.fini_array)
                0x00000004                PROVIDE (__fini_array_end, .)

.ctors
 *crtbegin*.o(.ctors)
 *(EXCLUDE_FILE(*crtend*.o) .ctors)
 *(SORT(.ctors.*))
 *(.ctors)

.dtors
 *crtbegin*.o(.dtors)
 *(EXCLUDE_FILE(*crtend*.o) .dtors)
 *(SORT(.dtors.*))
 *(.dtors)

.jcr
 *(.jcr)

.data.rel.ro
 *(.data.rel.ro.local)
 *(.data.rel.ro*)

.dynamic
 *(.dynamic)

.got
 *(.got.plt)
 *(.got)

.data           0x00000004      0xa18 load address 0x8000cc20
 *(.data .data.* .gnu.linkonce.d.*)
 .data.get_time_okay
                0x00000004        0x1 src/Application/app/app.o
 *fill*         0x00000005        0x3 
 .data.the_app_list
                0x00000008      0x4ec src/Application/app/app.o
 .data.print_sec
                0x000004f4        0x4 src/Application/myrtc/xgrtc.o
 .data.unsure_data
                0x000004f8        0x8 src/Application/RFID/RFID.o
                0x000004f8                unsure_data
 .data.start_session.12205
                0x00000500        0x1 src/Application/RFID/RFID.o
 *fill*         0x00000501        0x3 
 .data.XGFlashLabel
                0x00000504        0x8 src/Application/xgflash/xgflash.o
                0x00000504                XGFlashLabel
 .data.current_save_message_offset
                0x0000050c        0x4 src/Application/xgflash/xgflash.o
 .data.ulCriticalNesting
                0x00000510        0x4 src/ASF/thirdparty/freertos/freertos-7.0.0/source/portable/gcc/avr32_uc3/port.o
                0x00000510                ulCriticalNesting
 .data.xNextTaskUnblockTime
                0x00000514        0x4 src/ASF/thirdparty/freertos/freertos-7.0.0/source/tasks.o
 .data.__malloc_av_
                0x00000518      0x408 e:/program x86/atmel/studio/7.0/toolchain/avr32/avr32-gnu-toolchain/bin/../lib/gcc/avr32/4.4.7/../../../../avr32/lib/ucr2\libc.a(lib_a-mallocr.o)
                0x00000518                __malloc_av_
 .data.__malloc_trim_threshold
                0x00000920        0x4 e:/program x86/atmel/studio/7.0/toolchain/avr32/avr32-gnu-toolchain/bin/../lib/gcc/avr32/4.4.7/../../../../avr32/lib/ucr2\libc.a(lib_a-mallocr.o)
                0x00000920                __malloc_trim_threshold
 .data.__malloc_sbrk_base
                0x00000924        0x4 e:/program x86/atmel/studio/7.0/toolchain/avr32/avr32-gnu-toolchain/bin/../lib/gcc/avr32/4.4.7/../../../../avr32/lib/ucr2\libc.a(lib_a-mallocr.o)
                0x00000924                __malloc_sbrk_base
 .data.impure_data
                0x00000928       0xf0 e:/program x86/atmel/studio/7.0/toolchain/avr32/avr32-gnu-toolchain/bin/../lib/gcc/avr32/4.4.7/../../../../avr32/lib/ucr2\libc.a(lib_a-impure.o)
 .data._impure_ptr
                0x00000a18        0x4 e:/program x86/atmel/studio/7.0/toolchain/avr32/avr32-gnu-toolchain/bin/../lib/gcc/avr32/4.4.7/../../../../avr32/lib/ucr2\libc.a(lib_a-impure.o)
                0x00000a18                _impure_ptr
 *(.gnu.linkonce.d.*personality*)

.data1
 *(.data1)

.balign         0x00000a1c        0x4 load address 0x8000d638
                0x00000a20                . = ALIGN (0x8)
 *fill*         0x00000a1c        0x4 
                0x00000a20                _edata = .
                0x00000a20                _edata = .
                0x00000a20                PROVIDE (edata, .)
                0x00000a20                __bss_start = .

.bss            0x00000a20     0x1588 load address 0x8000d638
 *(.dynbss)
 *(.bss .bss.* .gnu.linkonce.b.*)
 .bss.Speaker_is_unmute
                0x00000a20        0x1 src/Application/app/app.o
                0x00000a20                Speaker_is_unmute
 .bss.AMBE_tx_flag
                0x00000a21        0x1 src/Application/app/app.o
                0x00000a21                AMBE_tx_flag
 .bss.Radio_Transmit_State
                0x00000a22        0x1 src/Application/app/app.o
                0x00000a22                Radio_Transmit_State
 .bss.Call_Begin
                0x00000a23        0x1 src/Application/app/app.o
                0x00000a23                Call_Begin
 .bss.OB_State.12705
                0x00000a24        0x4 src/Application/app/app.o
 .bss.times_counter.12748
                0x00000a28        0x1 src/Application/app/app.o
 .bss.connect_flag
                0x00000a29        0x1 src/Application/app/app.o
 *fill*         0x00000a2a        0x2 
 .bss.xLastWakeTime.12700
                0x00000a2c        0x4 src/Application/app/app.o
 .bss.Mic_is_Enabled
                0x00000a30        0x1 src/Application/app/app.o
                0x00000a30                Mic_is_Enabled
 *fill*         0x00000a31        0x3 
 .bss.res.12689
                0x00000a34        0x4 src/Application/app/app.o
 .bss.ulIdleCycleCount
                0x00000a38        0x4 src/Application/app/app.o
                0x00000a38                ulIdleCycleCount
 .bss.data_flash_failure
                0x00000a3c        0x1 src/Application/flash/data_flash.o
                0x00000a3c                data_flash_failure
 *fill*         0x00000a3d        0x3 
 .bss.payload_rx_exec
                0x00000a40        0x4 src/Application/radio/payload.o
                0x00000a40                payload_rx_exec
 .bss.payload_tx_exec
                0x00000a44        0x4 src/Application/radio/payload.o
                0x00000a44                payload_tx_exec
 .bss.xnl_store_idle
                0x00000a48        0x4 src/Application/radio/physical.o
                0x00000a48                xnl_store_idle
 .bss.flags.10672
                0x00000a4c        0x1 src/Application/radio/xnl.o
 *fill*         0x00000a4d        0x1 
 .bss.xnl_information
                0x00000a4e        0xa src/Application/radio/xnl.o
 .bss.xnl_frame_tx
                0x00000a58        0x4 src/Application/radio/xnl.o
 .bss.xg_resend_queue
                0x00000a5c        0x4 src/Application/xgflash/xgflash.o
                0x00000a5c                xg_resend_queue
 .bss.list_init_success_flag
                0x00000a60        0x1 src/Application/xgflash/xgflash.o
 *fill*         0x00000a61        0x3 
 .bss.xgflash_mutex
                0x00000a64        0x4 src/Application/xgflash/xgflash.o
 .bss.message_storage_queue
                0x00000a68        0x4 src/Application/xgflash/xgflash.o
                0x00000a68                message_storage_queue
 .bss.current_message_index
                0x00000a6c        0x2 src/Application/xgflash/xgflash.o
 *fill*         0x00000a6e        0x2 
 .bss.str.12218
                0x00000a70       0x50 src/Application/xgflash/xgflash.o
 .bss._int_line_handler_table_6
                0x00000ac0        0x4 src/ASF/avr32/drivers/intc/intc.o
 .bss._int_line_handler_table_7
                0x00000ac4        0x4 src/ASF/avr32/drivers/intc/intc.o
 .bss._int_line_handler_table_8
                0x00000ac8        0x4 src/ASF/avr32/drivers/intc/intc.o
 .bss._int_line_handler_table_9
                0x00000acc        0x4 src/ASF/avr32/drivers/intc/intc.o
 .bss._int_line_handler_table_10
                0x00000ad0        0x4 src/ASF/avr32/drivers/intc/intc.o
 .bss._int_line_handler_table_11
                0x00000ad4        0x4 src/ASF/avr32/drivers/intc/intc.o
 .bss._int_line_handler_table_12
                0x00000ad8        0x4 src/ASF/avr32/drivers/intc/intc.o
 .bss._int_line_handler_table_13
                0x00000adc        0x4 src/ASF/avr32/drivers/intc/intc.o
 .bss._int_line_handler_table_14
                0x00000ae0        0xc src/ASF/avr32/drivers/intc/intc.o
 .bss._int_line_handler_table_15
                0x00000aec        0x4 src/ASF/avr32/drivers/intc/intc.o
 .bss._int_line_handler_table_16
                0x00000af0        0x4 src/ASF/avr32/drivers/intc/intc.o
 .bss._int_line_handler_table_17
                0x00000af4        0x4 src/ASF/avr32/drivers/intc/intc.o
 .bss._int_line_handler_table_18
                0x00000af8        0x4 src/ASF/avr32/drivers/intc/intc.o
 .bss._int_line_handler_table_0
                0x00000afc        0x4 src/ASF/avr32/drivers/intc/intc.o
 .bss._int_line_handler_table_1
                0x00000b00       0x2c src/ASF/avr32/drivers/intc/intc.o
 .bss._int_line_handler_table_2
                0x00000b2c       0x18 src/ASF/avr32/drivers/intc/intc.o
 .bss._int_line_handler_table_3
                0x00000b44       0x1c src/ASF/avr32/drivers/intc/intc.o
 .bss._int_line_handler_table_4
                0x00000b60        0x4 src/ASF/avr32/drivers/intc/intc.o
 .bss._int_line_handler_table_5
                0x00000b64        0x4 src/ASF/avr32/drivers/intc/intc.o
 .bss.uxMissedTicks
                0x00000b68        0x4 src/ASF/thirdparty/freertos/freertos-7.0.0/source/tasks.o
 .bss.uxTopUsedPriority
                0x00000b6c        0x4 src/ASF/thirdparty/freertos/freertos-7.0.0/source/tasks.o
 .bss.pxDelayedTaskList
                0x00000b70        0x4 src/ASF/thirdparty/freertos/freertos-7.0.0/source/tasks.o
 .bss.xSchedulerRunning
                0x00000b74        0x4 src/ASF/thirdparty/freertos/freertos-7.0.0/source/tasks.o
 .bss.uxTasksDeleted
                0x00000b78        0x4 src/ASF/thirdparty/freertos/freertos-7.0.0/source/tasks.o
 .bss.xNumOfOverflows
                0x00000b7c        0x4 src/ASF/thirdparty/freertos/freertos-7.0.0/source/tasks.o
 .bss.pxOverflowDelayedTaskList
                0x00000b80        0x4 src/ASF/thirdparty/freertos/freertos-7.0.0/source/tasks.o
 .bss.pxReadyTasksLists
                0x00000b84       0xa0 src/ASF/thirdparty/freertos/freertos-7.0.0/source/tasks.o
 .bss.xTasksWaitingTermination
                0x00000c24       0x14 src/ASF/thirdparty/freertos/freertos-7.0.0/source/tasks.o
 .bss.pxCurrentTCB
                0x00000c38        0x4 src/ASF/thirdparty/freertos/freertos-7.0.0/source/tasks.o
                0x00000c38                pxCurrentTCB
 .bss.xPendingReadyList
                0x00000c3c       0x14 src/ASF/thirdparty/freertos/freertos-7.0.0/source/tasks.o
 .bss.xDelayedTaskList1
                0x00000c50       0x14 src/ASF/thirdparty/freertos/freertos-7.0.0/source/tasks.o
 .bss.xTickCount
                0x00000c64        0x4 src/ASF/thirdparty/freertos/freertos-7.0.0/source/tasks.o
 .bss.uxSchedulerSuspended
                0x00000c68        0x4 src/ASF/thirdparty/freertos/freertos-7.0.0/source/tasks.o
 .bss.xDelayedTaskList2
                0x00000c6c       0x14 src/ASF/thirdparty/freertos/freertos-7.0.0/source/tasks.o
 .bss.uxTaskNumber
                0x00000c80        0x4 src/ASF/thirdparty/freertos/freertos-7.0.0/source/tasks.o
 .bss.uxCurrentNumberOfTasks
                0x00000c84        0x4 src/ASF/thirdparty/freertos/freertos-7.0.0/source/tasks.o
 .bss.xMissedYield
                0x00000c88        0x4 src/ASF/thirdparty/freertos/freertos-7.0.0/source/tasks.o
 .bss.xSuspendedTaskList
                0x00000c8c       0x14 src/ASF/thirdparty/freertos/freertos-7.0.0/source/tasks.o
 .bss.uxTopReadyPriority
                0x00000ca0        0x4 src/ASF/thirdparty/freertos/freertos-7.0.0/source/tasks.o
 .bss.lench.11294
                0x00000ca4        0x1 src/Log/log.o
 *fill*         0x00000ca5        0x3 
 .bss.__malloc_max_total_mem
                0x00000ca8        0x4 e:/program x86/atmel/studio/7.0/toolchain/avr32/avr32-gnu-toolchain/bin/../lib/gcc/avr32/4.4.7/../../../../avr32/lib/ucr2\libc.a(lib_a-mallocr.o)
                0x00000ca8                __malloc_max_total_mem
 .bss.__malloc_max_sbrked_mem
                0x00000cac        0x4 e:/program x86/atmel/studio/7.0/toolchain/avr32/avr32-gnu-toolchain/bin/../lib/gcc/avr32/4.4.7/../../../../avr32/lib/ucr2\libc.a(lib_a-mallocr.o)
                0x00000cac                __malloc_max_sbrked_mem
 .bss.__malloc_top_pad
                0x00000cb0        0x4 e:/program x86/atmel/studio/7.0/toolchain/avr32/avr32-gnu-toolchain/bin/../lib/gcc/avr32/4.4.7/../../../../avr32/lib/ucr2\libc.a(lib_a-mallocr.o)
                0x00000cb0                __malloc_top_pad
 .bss.__malloc_current_mallinfo
                0x00000cb4       0x28 e:/program x86/atmel/studio/7.0/toolchain/avr32/avr32-gnu-toolchain/bin/../lib/gcc/avr32/4.4.7/../../../../avr32/lib/ucr2\libc.a(lib_a-mallocr.o)
                0x00000cb4                __malloc_current_mallinfo
 .bss.cur_heap_pos.1869
                0x00000cdc        0x4 e:/program x86/atmel/studio/7.0/toolchain/avr32/avr32-gnu-toolchain/bin/../lib/gcc/avr32/4.4.7/../../../../avr32/lib/ucr2\libc.a(lib_a-syscalls.o)
 *(COMMON)
 COMMON         0x00000ce0      0x28a src/Application/app/app.o
                0x00000ce0                bunchofrandomstatusflags
                0x00000ce4                Current_time
                0x00000cea                message_store
 *fill*         0x00000f6a        0x2 
 COMMON         0x00000f6c     0x1004 src/Application/flash/data_flash.o
                0x00000f6c                FLASH_BUF
                0x00001f6c                spi
 COMMON         0x00001f70        0x4 src/Application/radio/xcmp.o
                0x00001f70                app_list
 COMMON         0x00001f74       0x18 src/Application/RFID/RFID.o
                0x00001f74                RFID
                0x00001f84                CT
                0x00001f88                SN
 COMMON         0x00001f8c        0x8 src/Application/xgflash/xgflash.o
                0x00001f8c                xBinarySemaphore
                0x00001f90                save_handle
 COMMON         0x00001f94        0x4 src/ASF/avr32/drivers/spi/spi.o
                0x00001f94                xSPIMutex
 COMMON         0x00001f98        0x4 src/ASF/thirdparty/freertos/freertos-7.0.0/source/portable/gcc/avr32_uc3/write.o
                0x00001f98                stdio_usart_base
 COMMON         0x00001f9c        0x4 src/Log/log.o
                0x00001f9c                logQueue
 COMMON         0x00001fa0        0x4 e:/program x86/atmel/studio/7.0/toolchain/avr32/avr32-gnu-toolchain/bin/../lib/gcc/avr32/4.4.7/../../../../avr32/lib/ucr2\libc.a(lib_a-reent.o)
                0x00001fa0                errno
                0x00001fa8                . = ALIGN (0x8)
 *fill*         0x00001fa4        0x4 
                0x00001fa8                . = ALIGN (0x8)
                0x00001fa8                _end = .
                0x00001fa8                PROVIDE (end, .)
                0x00001fa8                __heap_start__ = ALIGN (0x8)
                0x00017000                . = ((ORIGIN (CPUSRAM) + 0x17ffc) - _stack_size)
                0x00017000                __heap_end__ = .

.stab
 *(.stab)

.stabstr
 *(.stabstr)

.stab.excl
 *(.stab.excl)

.stab.exclstr
 *(.stab.exclstr)

.stab.index
 *(.stab.index)

.stab.indexstr
 *(.stab.indexstr)

.comment        0x00000000       0x30
 *(.comment)
 .comment       0x00000000       0x30 src/Application/app/app.o
                                 0x31 (size before relaxing)
 .comment       0x00000000       0x31 src/Application/flash/data_flash.o
 .comment       0x00000000       0x31 src/Application/myrtc/xgrtc.o
 .comment       0x00000000       0x31 src/Application/radio/payload.o
 .comment       0x00000000       0x31 src/Application/radio/physical.o
 .comment       0x00000000       0x31 src/Application/radio/xcmp.o
 .comment       0x00000000       0x31 src/Application/radio/xnl.o
 .comment       0x00000000       0x31 src/Application/RFID/MFRC522/rc522.o
 .comment       0x00000000       0x31 src/Application/RFID/RFID.o
 .comment       0x00000000       0x31 src/Application/timers/timer.o
 .comment       0x00000000       0x31 src/Application/xgflash/xgflash.o
 .comment       0x00000000       0x31 src/ASF/avr32/drivers/flashc/flashc.o
 .comment       0x00000000       0x31 src/ASF/avr32/drivers/gpio/gpio.o
 .comment       0x00000000       0x31 src/ASF/avr32/drivers/intc/intc.o
 .comment       0x00000000       0x31 src/ASF/avr32/drivers/pm/pm.o
 .comment       0x00000000       0x31 src/ASF/avr32/drivers/rtc/rtc.o
 .comment       0x00000000       0x31 src/ASF/avr32/drivers/spi/spi.o
 .comment       0x00000000       0x31 src/ASF/avr32/drivers/usart/usart.o
 .comment       0x00000000       0x31 src/ASF/thirdparty/freertos/freertos-7.0.0/source/list.o
 .comment       0x00000000       0x31 src/ASF/thirdparty/freertos/freertos-7.0.0/source/portable/gcc/avr32_uc3/port.o
 .comment       0x00000000       0x31 src/ASF/thirdparty/freertos/freertos-7.0.0/source/portable/gcc/avr32_uc3/read.o
 .comment       0x00000000       0x31 src/ASF/thirdparty/freertos/freertos-7.0.0/source/portable/gcc/avr32_uc3/write.o
 .comment       0x00000000       0x31 src/ASF/thirdparty/freertos/freertos-7.0.0/source/portable/memmang/heap_3.o
 .comment       0x00000000       0x31 src/ASF/thirdparty/freertos/freertos-7.0.0/source/queue.o
 .comment       0x00000000       0x31 src/ASF/thirdparty/freertos/freertos-7.0.0/source/tasks.o
 .comment       0x00000000       0x31 src/Log/log.o
 .comment       0x00000000       0x31 src/main.o
 .comment       0x00000000       0x31 e:/program x86/atmel/studio/7.0/toolchain/avr32/avr32-gnu-toolchain/bin/../lib/gcc/avr32/4.4.7/../../../../avr32/lib/ucr2\libc.a(lib_a-malloc.o)
 .comment       0x00000000       0x31 e:/program x86/atmel/studio/7.0/toolchain/avr32/avr32-gnu-toolchain/bin/../lib/gcc/avr32/4.4.7/../../../../avr32/lib/ucr2\libc.a(lib_a-mallocr.o)
 .comment       0x00000000       0x31 e:/program x86/atmel/studio/7.0/toolchain/avr32/avr32-gnu-toolchain/bin/../lib/gcc/avr32/4.4.7/../../../../avr32/lib/ucr2\libc.a(lib_a-memcmp.o)
 .comment       0x00000000       0x31 e:/program x86/atmel/studio/7.0/toolchain/avr32/avr32-gnu-toolchain/bin/../lib/gcc/avr32/4.4.7/../../../../avr32/lib/ucr2\libc.a(lib_a-memset.o)
 .comment       0x00000000       0x31 e:/program x86/atmel/studio/7.0/toolchain/avr32/avr32-gnu-toolchain/bin/../lib/gcc/avr32/4.4.7/../../../../avr32/lib/ucr2\libc.a(lib_a-reallocr.o)
 .comment       0x00000000       0x31 e:/program x86/atmel/studio/7.0/toolchain/avr32/avr32-gnu-toolchain/bin/../lib/gcc/avr32/4.4.7/../../../../avr32/lib/ucr2\libc.a(lib_a-sbrkr.o)
 .comment       0x00000000       0x31 e:/program x86/atmel/studio/7.0/toolchain/avr32/avr32-gnu-toolchain/bin/../lib/gcc/avr32/4.4.7/../../../../avr32/lib/ucr2\libc.a(lib_a-sprintf.o)
 .comment       0x00000000       0x31 e:/program x86/atmel/studio/7.0/toolchain/avr32/avr32-gnu-toolchain/bin/../lib/gcc/avr32/4.4.7/../../../../avr32/lib/ucr2\libc.a(lib_a-syscalls.o)
 .comment       0x00000000       0x31 e:/program x86/atmel/studio/7.0/toolchain/avr32/avr32-gnu-toolchain/bin/../lib/gcc/avr32/4.4.7/../../../../avr32/lib/ucr2\libc.a(lib_a-vfprintf.o)
 .comment       0x00000000       0x31 e:/program x86/atmel/studio/7.0/toolchain/avr32/avr32-gnu-toolchain/bin/../lib/gcc/avr32/4.4.7/../../../../avr32/lib/ucr2\libc.a(lib_a-wsetup.o)
 .comment       0x00000000       0x31 e:/program x86/atmel/studio/7.0/toolchain/avr32/avr32-gnu-toolchain/bin/../lib/gcc/avr32/4.4.7/../../../../avr32/lib/ucr2\libc.a(lib_a-dtoa.o)
 .comment       0x00000000       0x31 e:/program x86/atmel/studio/7.0/toolchain/avr32/avr32-gnu-toolchain/bin/../lib/gcc/avr32/4.4.7/../../../../avr32/lib/ucr2\libc.a(lib_a-errno.o)
 .comment       0x00000000       0x31 e:/program x86/atmel/studio/7.0/toolchain/avr32/avr32-gnu-toolchain/bin/../lib/gcc/avr32/4.4.7/../../../../avr32/lib/ucr2\libc.a(lib_a-fflush.o)
 .comment       0x00000000       0x31 e:/program x86/atmel/studio/7.0/toolchain/avr32/avr32-gnu-toolchain/bin/../lib/gcc/avr32/4.4.7/../../../../avr32/lib/ucr2\libc.a(lib_a-findfp.o)
 .comment       0x00000000       0x31 e:/program x86/atmel/studio/7.0/toolchain/avr32/avr32-gnu-toolchain/bin/../lib/gcc/avr32/4.4.7/../../../../avr32/lib/ucr2\libc.a(lib_a-freer.o)
 .comment       0x00000000       0x31 e:/program x86/atmel/studio/7.0/toolchain/avr32/avr32-gnu-toolchain/bin/../lib/gcc/avr32/4.4.7/../../../../avr32/lib/ucr2\libc.a(lib_a-fvwrite.o)
 .comment       0x00000000       0x31 e:/program x86/atmel/studio/7.0/toolchain/avr32/avr32-gnu-toolchain/bin/../lib/gcc/avr32/4.4.7/../../../../avr32/lib/ucr2\libc.a(lib_a-fwalk.o)
 .comment       0x00000000       0x31 e:/program x86/atmel/studio/7.0/toolchain/avr32/avr32-gnu-toolchain/bin/../lib/gcc/avr32/4.4.7/../../../../avr32/lib/ucr2\libc.a(lib_a-impure.o)
 .comment       0x00000000       0x31 e:/program x86/atmel/studio/7.0/toolchain/avr32/avr32-gnu-toolchain/bin/../lib/gcc/avr32/4.4.7/../../../../avr32/lib/ucr2\libc.a(lib_a-locale.o)
 .comment       0x00000000       0x31 e:/program x86/atmel/studio/7.0/toolchain/avr32/avr32-gnu-toolchain/bin/../lib/gcc/avr32/4.4.7/../../../../avr32/lib/ucr2\libc.a(lib_a-makebuf.o)
 .comment       0x00000000       0x31 e:/program x86/atmel/studio/7.0/toolchain/avr32/avr32-gnu-toolchain/bin/../lib/gcc/avr32/4.4.7/../../../../avr32/lib/ucr2\libc.a(lib_a-memchr.o)
 .comment       0x00000000       0x31 e:/program x86/atmel/studio/7.0/toolchain/avr32/avr32-gnu-toolchain/bin/../lib/gcc/avr32/4.4.7/../../../../avr32/lib/ucr2\libc.a(lib_a-memmove.o)
 .comment       0x00000000       0x31 e:/program x86/atmel/studio/7.0/toolchain/avr32/avr32-gnu-toolchain/bin/../lib/gcc/avr32/4.4.7/../../../../avr32/lib/ucr2\libc.a(lib_a-mprec.o)
 .comment       0x00000000       0x31 e:/program x86/atmel/studio/7.0/toolchain/avr32/avr32-gnu-toolchain/bin/../lib/gcc/avr32/4.4.7/../../../../avr32/lib/ucr2\libc.a(lib_a-reent.o)
 .comment       0x00000000       0x31 e:/program x86/atmel/studio/7.0/toolchain/avr32/avr32-gnu-toolchain/bin/../lib/gcc/avr32/4.4.7/../../../../avr32/lib/ucr2\libc.a(lib_a-s_isinfd.o)
 .comment       0x00000000       0x31 e:/program x86/atmel/studio/7.0/toolchain/avr32/avr32-gnu-toolchain/bin/../lib/gcc/avr32/4.4.7/../../../../avr32/lib/ucr2\libc.a(lib_a-s_isnand.o)
 .comment       0x00000000       0x31 e:/program x86/atmel/studio/7.0/toolchain/avr32/avr32-gnu-toolchain/bin/../lib/gcc/avr32/4.4.7/../../../../avr32/lib/ucr2\libc.a(lib_a-stdio.o)
 .comment       0x00000000       0x31 e:/program x86/atmel/studio/7.0/toolchain/avr32/avr32-gnu-toolchain/bin/../lib/gcc/avr32/4.4.7/../../../../avr32/lib/ucr2\libc.a(lib_a-strlen.o)
 .comment       0x00000000       0x31 e:/program x86/atmel/studio/7.0/toolchain/avr32/avr32-gnu-toolchain/bin/../lib/gcc/avr32/4.4.7/../../../../avr32/lib/ucr2\libc.a(lib_a-writer.o)
 .comment       0x00000000       0x31 e:/program x86/atmel/studio/7.0/toolchain/avr32/avr32-gnu-toolchain/bin/../lib/gcc/avr32/4.4.7/../../../../avr32/lib/ucr2\libc.a(lib_a-callocr.o)
 .comment       0x00000000       0x31 e:/program x86/atmel/studio/7.0/toolchain/avr32/avr32-gnu-toolchain/bin/../lib/gcc/avr32/4.4.7/../../../../avr32/lib/ucr2\libc.a(lib_a-closer.o)
 .comment       0x00000000       0x31 e:/program x86/atmel/studio/7.0/toolchain/avr32/avr32-gnu-toolchain/bin/../lib/gcc/avr32/4.4.7/../../../../avr32/lib/ucr2\libc.a(lib_a-fclose.o)
 .comment       0x00000000       0x31 e:/program x86/atmel/studio/7.0/toolchain/avr32/avr32-gnu-toolchain/bin/../lib/gcc/avr32/4.4.7/../../../../avr32/lib/ucr2\libc.a(lib_a-fstatr.o)
 .comment       0x00000000       0x31 e:/program x86/atmel/studio/7.0/toolchain/avr32/avr32-gnu-toolchain/bin/../lib/gcc/avr32/4.4.7/../../../../avr32/lib/ucr2\libc.a(lib_a-lseekr.o)
 .comment       0x00000000       0x31 e:/program x86/atmel/studio/7.0/toolchain/avr32/avr32-gnu-toolchain/bin/../lib/gcc/avr32/4.4.7/../../../../avr32/lib/ucr2\libc.a(lib_a-readr.o)
 .comment       0x00000000       0x31 e:/program x86/atmel/studio/7.0/toolchain/avr32/avr32-gnu-toolchain/bin/../lib/gcc/avr32/4.4.7/ucr2\libgcc.a(_udivdi3.o)
 .comment       0x00000000       0x31 e:/program x86/atmel/studio/7.0/toolchain/avr32/avr32-gnu-toolchain/bin/../lib/gcc/avr32/4.4.7/ucr2\libgcc.a(_umoddi3.o)

.debug
 *(.debug)

.line
 *(.line)

.debug_srcinfo
 *(.debug_srcinfo)

.debug_sfnames
 *(.debug_sfnames)

.debug_aranges  0x00000000     0x16f8
 *(.debug_aranges)
 .debug_aranges
                0x00000000      0x118 src/Application/app/app.o
 .debug_aranges
                0x00000118       0x90 src/Application/flash/data_flash.o
 .debug_aranges
                0x000001a8       0x48 src/Application/myrtc/xgrtc.o
 .debug_aranges
                0x000001f0       0x20 src/Application/radio/payload.o
 .debug_aranges
                0x00000210       0x68 src/Application/radio/physical.o
 .debug_aranges
                0x00000278       0xf8 src/Application/radio/xcmp.o
 .debug_aranges
                0x00000370       0x70 src/Application/radio/xnl.o
 .debug_aranges
                0x000003e0       0xd8 src/Application/RFID/MFRC522/rc522.o
 .debug_aranges
                0x000004b8       0x30 src/Application/RFID/RFID.o
 .debug_aranges
                0x000004e8       0x50 src/Application/timers/timer.o
 .debug_aranges
                0x00000538       0x58 src/Application/xgflash/xgflash.o
 .debug_aranges
                0x00000590      0x218 src/ASF/avr32/drivers/flashc/flashc.o
 .debug_aranges
                0x000007a8      0x100 src/ASF/avr32/drivers/gpio/gpio.o
 .debug_aranges
                0x000008a8       0x38 src/ASF/avr32/drivers/intc/intc.o
 .debug_aranges
                0x000008e0      0x190 src/ASF/avr32/drivers/pm/pm.o
 .debug_aranges
                0x00000a70       0x90 src/ASF/avr32/drivers/rtc/rtc.o
 .debug_aranges
                0x00000b00       0xa8 src/ASF/avr32/drivers/spi/spi.o
 .debug_aranges
                0x00000ba8       0xe0 src/ASF/avr32/drivers/usart/usart.o
 .debug_aranges
                0x00000c88       0x28 src/ASF/avr32/utils/startup/startup_uc3.o
 .debug_aranges
                0x00000cb0       0x20 src/ASF/avr32/utils/startup/trampoline_uc3.o
 .debug_aranges
                0x00000cd0       0x40 src/ASF/thirdparty/freertos/freertos-7.0.0/source/list.o
 .debug_aranges
                0x00000d10       0x20 src/ASF/thirdparty/freertos/freertos-7.0.0/source/portable/gcc/avr32_uc3/exception.o
 .debug_aranges
                0x00000d30       0x78 src/ASF/thirdparty/freertos/freertos-7.0.0/source/portable/gcc/avr32_uc3/port.o
 .debug_aranges
                0x00000da8       0x20 src/ASF/thirdparty/freertos/freertos-7.0.0/source/portable/gcc/avr32_uc3/read.o
 .debug_aranges
                0x00000dc8       0x20 src/ASF/thirdparty/freertos/freertos-7.0.0/source/portable/gcc/avr32_uc3/write.o
 .debug_aranges
                0x00000de8       0x28 src/ASF/thirdparty/freertos/freertos-7.0.0/source/portable/memmang/heap_3.o
 .debug_aranges
                0x00000e10       0x88 src/ASF/thirdparty/freertos/freertos-7.0.0/source/queue.o
 .debug_aranges
                0x00000e98      0x110 src/ASF/thirdparty/freertos/freertos-7.0.0/source/tasks.o
 .debug_aranges
                0x00000fa8       0x50 src/Log/log.o
 .debug_aranges
                0x00000ff8       0x20 src/main.o
 .debug_aranges
                0x00001018       0x28 e:/program x86/atmel/studio/7.0/toolchain/avr32/avr32-gnu-toolchain/bin/../lib/gcc/avr32/4.4.7/../../../../avr32/lib/ucr2\libc.a(lib_a-malloc.o)
 .debug_aranges
                0x00001040       0x20 e:/program x86/atmel/studio/7.0/toolchain/avr32/avr32-gnu-toolchain/bin/../lib/gcc/avr32/4.4.7/../../../../avr32/lib/ucr2\libc.a(lib_a-mallocr.o)
 .debug_aranges
                0x00001060       0x20 e:/program x86/atmel/studio/7.0/toolchain/avr32/avr32-gnu-toolchain/bin/../lib/gcc/avr32/4.4.7/../../../../avr32/lib/ucr2\libc.a(lib_a-memcmp.o)
 .debug_aranges
                0x00001080       0x20 e:/program x86/atmel/studio/7.0/toolchain/avr32/avr32-gnu-toolchain/bin/../lib/gcc/avr32/4.4.7/../../../../avr32/lib/ucr2\libc.a(lib_a-memset.o)
 .debug_aranges
                0x000010a0       0x20 e:/program x86/atmel/studio/7.0/toolchain/avr32/avr32-gnu-toolchain/bin/../lib/gcc/avr32/4.4.7/../../../../avr32/lib/ucr2\libc.a(lib_a-reallocr.o)
 .debug_aranges
                0x000010c0       0x20 e:/program x86/atmel/studio/7.0/toolchain/avr32/avr32-gnu-toolchain/bin/../lib/gcc/avr32/4.4.7/../../../../avr32/lib/ucr2\libc.a(lib_a-sbrkr.o)
 .debug_aranges
                0x000010e0       0x28 e:/program x86/atmel/studio/7.0/toolchain/avr32/avr32-gnu-toolchain/bin/../lib/gcc/avr32/4.4.7/../../../../avr32/lib/ucr2\libc.a(lib_a-sprintf.o)
 .debug_aranges
                0x00001108       0xf8 e:/program x86/atmel/studio/7.0/toolchain/avr32/avr32-gnu-toolchain/bin/../lib/gcc/avr32/4.4.7/../../../../avr32/lib/ucr2\libc.a(lib_a-syscalls.o)
 .debug_aranges
                0x00001200       0x38 e:/program x86/atmel/studio/7.0/toolchain/avr32/avr32-gnu-toolchain/bin/../lib/gcc/avr32/4.4.7/../../../../avr32/lib/ucr2\libc.a(lib_a-vfprintf.o)
 .debug_aranges
                0x00001238       0x20 e:/program x86/atmel/studio/7.0/toolchain/avr32/avr32-gnu-toolchain/bin/../lib/gcc/avr32/4.4.7/../../../../avr32/lib/ucr2\libc.a(lib_a-wsetup.o)
 .debug_aranges
                0x00001258       0x28 e:/program x86/atmel/studio/7.0/toolchain/avr32/avr32-gnu-toolchain/bin/../lib/gcc/avr32/4.4.7/../../../../avr32/lib/ucr2\libc.a(lib_a-dtoa.o)
 .debug_aranges
                0x00001280       0x20 e:/program x86/atmel/studio/7.0/toolchain/avr32/avr32-gnu-toolchain/bin/../lib/gcc/avr32/4.4.7/../../../../avr32/lib/ucr2\libc.a(lib_a-errno.o)
 .debug_aranges
                0x000012a0       0x28 e:/program x86/atmel/studio/7.0/toolchain/avr32/avr32-gnu-toolchain/bin/../lib/gcc/avr32/4.4.7/../../../../avr32/lib/ucr2\libc.a(lib_a-fflush.o)
 .debug_aranges
                0x000012c8       0x80 e:/program x86/atmel/studio/7.0/toolchain/avr32/avr32-gnu-toolchain/bin/../lib/gcc/avr32/4.4.7/../../../../avr32/lib/ucr2\libc.a(lib_a-findfp.o)
 .debug_aranges
                0x00001348       0x28 e:/program x86/atmel/studio/7.0/toolchain/avr32/avr32-gnu-toolchain/bin/../lib/gcc/avr32/4.4.7/../../../../avr32/lib/ucr2\libc.a(lib_a-freer.o)
 .debug_aranges
                0x00001370       0x20 e:/program x86/atmel/studio/7.0/toolchain/avr32/avr32-gnu-toolchain/bin/../lib/gcc/avr32/4.4.7/../../../../avr32/lib/ucr2\libc.a(lib_a-fvwrite.o)
 .debug_aranges
                0x00001390       0x28 e:/program x86/atmel/studio/7.0/toolchain/avr32/avr32-gnu-toolchain/bin/../lib/gcc/avr32/4.4.7/../../../../avr32/lib/ucr2\libc.a(lib_a-fwalk.o)
 .debug_aranges
                0x000013b8       0x40 e:/program x86/atmel/studio/7.0/toolchain/avr32/avr32-gnu-toolchain/bin/../lib/gcc/avr32/4.4.7/../../../../avr32/lib/ucr2\libc.a(lib_a-locale.o)
 .debug_aranges
                0x000013f8       0x20 e:/program x86/atmel/studio/7.0/toolchain/avr32/avr32-gnu-toolchain/bin/../lib/gcc/avr32/4.4.7/../../../../avr32/lib/ucr2\libc.a(lib_a-makebuf.o)
 .debug_aranges
                0x00001418       0x20 e:/program x86/atmel/studio/7.0/toolchain/avr32/avr32-gnu-toolchain/bin/../lib/gcc/avr32/4.4.7/../../../../avr32/lib/ucr2\libc.a(lib_a-memchr.o)
 .debug_aranges
                0x00001438       0x20 e:/program x86/atmel/studio/7.0/toolchain/avr32/avr32-gnu-toolchain/bin/../lib/gcc/avr32/4.4.7/../../../../avr32/lib/ucr2\libc.a(lib_a-memmove.o)
 .debug_aranges
                0x00001458       0xb0 e:/program x86/atmel/studio/7.0/toolchain/avr32/avr32-gnu-toolchain/bin/../lib/gcc/avr32/4.4.7/../../../../avr32/lib/ucr2\libc.a(lib_a-mprec.o)
 .debug_aranges
                0x00001508       0x30 e:/program x86/atmel/studio/7.0/toolchain/avr32/avr32-gnu-toolchain/bin/../lib/gcc/avr32/4.4.7/../../../../avr32/lib/ucr2\libc.a(lib_a-reent.o)
 .debug_aranges
                0x00001538       0x20 e:/program x86/atmel/studio/7.0/toolchain/avr32/avr32-gnu-toolchain/bin/../lib/gcc/avr32/4.4.7/../../../../avr32/lib/ucr2\libc.a(lib_a-s_isinfd.o)
 .debug_aranges
                0x00001558       0x20 e:/program x86/atmel/studio/7.0/toolchain/avr32/avr32-gnu-toolchain/bin/../lib/gcc/avr32/4.4.7/../../../../avr32/lib/ucr2\libc.a(lib_a-s_isnand.o)
 .debug_aranges
                0x00001578       0x38 e:/program x86/atmel/studio/7.0/toolchain/avr32/avr32-gnu-toolchain/bin/../lib/gcc/avr32/4.4.7/../../../../avr32/lib/ucr2\libc.a(lib_a-stdio.o)
 .debug_aranges
                0x000015b0       0x20 e:/program x86/atmel/studio/7.0/toolchain/avr32/avr32-gnu-toolchain/bin/../lib/gcc/avr32/4.4.7/../../../../avr32/lib/ucr2\libc.a(lib_a-strlen.o)
 .debug_aranges
                0x000015d0       0x20 e:/program x86/atmel/studio/7.0/toolchain/avr32/avr32-gnu-toolchain/bin/../lib/gcc/avr32/4.4.7/../../../../avr32/lib/ucr2\libc.a(lib_a-writer.o)
 .debug_aranges
                0x000015f0       0x20 e:/program x86/atmel/studio/7.0/toolchain/avr32/avr32-gnu-toolchain/bin/../lib/gcc/avr32/4.4.7/../../../../avr32/lib/ucr2\libc.a(lib_a-callocr.o)
 .debug_aranges
                0x00001610       0x20 e:/program x86/atmel/studio/7.0/toolchain/avr32/avr32-gnu-toolchain/bin/../lib/gcc/avr32/4.4.7/../../../../avr32/lib/ucr2\libc.a(lib_a-closer.o)
 .debug_aranges
                0x00001630       0x28 e:/program x86/atmel/studio/7.0/toolchain/avr32/avr32-gnu-toolchain/bin/../lib/gcc/avr32/4.4.7/../../../../avr32/lib/ucr2\libc.a(lib_a-fclose.o)
 .debug_aranges
                0x00001658       0x20 e:/program x86/atmel/studio/7.0/toolchain/avr32/avr32-gnu-toolchain/bin/../lib/gcc/avr32/4.4.7/../../../../avr32/lib/ucr2\libc.a(lib_a-fstatr.o)
 .debug_aranges
                0x00001678       0x20 e:/program x86/atmel/studio/7.0/toolchain/avr32/avr32-gnu-toolchain/bin/../lib/gcc/avr32/4.4.7/../../../../avr32/lib/ucr2\libc.a(lib_a-lseekr.o)
 .debug_aranges
                0x00001698       0x20 e:/program x86/atmel/studio/7.0/toolchain/avr32/avr32-gnu-toolchain/bin/../lib/gcc/avr32/4.4.7/../../../../avr32/lib/ucr2\libc.a(lib_a-readr.o)
 .debug_aranges