Archive member included because of file (symbol)

e:/program x86/atmel/studio/7.0/toolchain/avr32/avr32-gnu-toolchain/bin/../lib/gcc/avr32/4.4.7/../../../../avr32/lib/ucr2\libc.a(lib_a-malloc.o)
                              src/ASF/thirdparty/freertos/freertos-7.0.0/source/portable/memmang/heap_3.o (free)
e:/program x86/atmel/studio/7.0/toolchain/avr32/avr32-gnu-toolchain/bin/../lib/gcc/avr32/4.4.7/../../../../avr32/lib/ucr2\libc.a(lib_a-mallocr.o)
                              e:/program x86/atmel/studio/7.0/toolchain/avr32/avr32-gnu-toolchain/bin/../lib/gcc/avr32/4.4.7/../../../../avr32/lib/ucr2\libc.a(lib_a-malloc.o) (_malloc_r)
e:/program x86/atmel/studio/7.0/toolchain/avr32/avr32-gnu-toolchain/bin/../lib/gcc/avr32/4.4.7/../../../../avr32/lib/ucr2\libc.a(lib_a-memcmp.o)
                              src/Application/xgflash/xgflash.o (memcmp)
e:/program x86/atmel/studio/7.0/toolchain/avr32/avr32-gnu-toolchain/bin/../lib/gcc/avr32/4.4.7/../../../../avr32/lib/ucr2\libc.a(lib_a-memcpy.o)
                              src/Application/flash/data_flash.o (memcpy)
e:/program x86/atmel/studio/7.0/toolchain/avr32/avr32-gnu-toolchain/bin/../lib/gcc/avr32/4.4.7/../../../../avr32/lib/ucr2\libc.a(lib_a-memset.o)
                              src/Application/radio/physical.o (memset)
e:/program x86/atmel/studio/7.0/toolchain/avr32/avr32-gnu-toolchain/bin/../lib/gcc/avr32/4.4.7/../../../../avr32/lib/ucr2\libc.a(lib_a-realloc.o)
                              src/ASF/thirdparty/freertos/freertos-7.0.0/source/portable/gcc/avr32_uc3/port.o (realloc)
e:/program x86/atmel/studio/7.0/toolchain/avr32/avr32-gnu-toolchain/bin/../lib/gcc/avr32/4.4.7/../../../../avr32/lib/ucr2\libc.a(lib_a-reallocr.o)
                              e:/program x86/atmel/studio/7.0/toolchain/avr32/avr32-gnu-toolchain/bin/../lib/gcc/avr32/4.4.7/../../../../avr32/lib/ucr2\libc.a(lib_a-realloc.o) (_realloc_r)
e:/program x86/atmel/studio/7.0/toolchain/avr32/avr32-gnu-toolchain/bin/../lib/gcc/avr32/4.4.7/../../../../avr32/lib/ucr2\libc.a(lib_a-sbrkr.o)
                              e:/program x86/atmel/studio/7.0/toolchain/avr32/avr32-gnu-toolchain/bin/../lib/gcc/avr32/4.4.7/../../../../avr32/lib/ucr2\libc.a(lib_a-mallocr.o) (_sbrk_r)
e:/program x86/atmel/studio/7.0/toolchain/avr32/avr32-gnu-toolchain/bin/../lib/gcc/avr32/4.4.7/../../../../avr32/lib/ucr2\libc.a(lib_a-sprintf.o)
                              src/Log/log.o (sprintf)
e:/program x86/atmel/studio/7.0/toolchain/avr32/avr32-gnu-toolchain/bin/../lib/gcc/avr32/4.4.7/../../../../avr32/lib/ucr2\libc.a(lib_a-strncpy.o)
                              src/ASF/thirdparty/freertos/freertos-7.0.0/source/tasks.o (strncpy)
e:/program x86/atmel/studio/7.0/toolchain/avr32/avr32-gnu-toolchain/bin/../lib/gcc/avr32/4.4.7/../../../../avr32/lib/ucr2\libc.a(lib_a-syscalls.o)
                              e:/program x86/atmel/studio/7.0/toolchain/avr32/avr32-gnu-toolchain/bin/../lib/gcc/avr32/4.4.7/../../../../avr32/lib/ucr2\libc.a(lib_a-sbrkr.o) (_sbrk)
e:/program x86/atmel/studio/7.0/toolchain/avr32/avr32-gnu-toolchain/bin/../lib/gcc/avr32/4.4.7/../../../../avr32/lib/ucr2\libc.a(lib_a-vfprintf.o)
                              e:/program x86/atmel/studio/7.0/toolchain/avr32/avr32-gnu-toolchain/bin/../lib/gcc/avr32/4.4.7/../../../../avr32/lib/ucr2\libc.a(lib_a-sprintf.o) (_vfprintf_r)
e:/program x86/atmel/studio/7.0/toolchain/avr32/avr32-gnu-toolchain/bin/../lib/gcc/avr32/4.4.7/../../../../avr32/lib/ucr2\libc.a(lib_a-wsetup.o)
                              e:/program x86/atmel/studio/7.0/toolchain/avr32/avr32-gnu-toolchain/bin/../lib/gcc/avr32/4.4.7/../../../../avr32/lib/ucr2\libc.a(lib_a-vfprintf.o) (__swsetup_r)
e:/program x86/atmel/studio/7.0/toolchain/avr32/avr32-gnu-toolchain/bin/../lib/gcc/avr32/4.4.7/../../../../avr32/lib/ucr2\libc.a(lib_a-dtoa.o)
                              e:/program x86/atmel/studio/7.0/toolchain/avr32/avr32-gnu-toolchain/bin/../lib/gcc/avr32/4.4.7/../../../../avr32/lib/ucr2\libc.a(lib_a-vfprintf.o) (_dtoa_r)
e:/program x86/atmel/studio/7.0/toolchain/avr32/avr32-gnu-toolchain/bin/../lib/gcc/avr32/4.4.7/../../../../avr32/lib/ucr2\libc.a(lib_a-errno.o)
                              e:/program x86/atmel/studio/7.0/toolchain/avr32/avr32-gnu-toolchain/bin/../lib/gcc/avr32/4.4.7/../../../../avr32/lib/ucr2\libc.a(lib_a-syscalls.o) (__errno)
e:/program x86/atmel/studio/7.0/toolchain/avr32/avr32-gnu-toolchain/bin/../lib/gcc/avr32/4.4.7/../../../../avr32/lib/ucr2\libc.a(lib_a-fflush.o)
                              e:/program x86/atmel/studio/7.0/toolchain/avr32/avr32-gnu-toolchain/bin/../lib/gcc/avr32/4.4.7/../../../../avr32/lib/ucr2\libc.a(lib_a-vfprintf.o) (_fflush_r)
e:/program x86/atmel/studio/7.0/toolchain/avr32/avr32-gnu-toolchain/bin/../lib/gcc/avr32/4.4.7/../../../../avr32/lib/ucr2\libc.a(lib_a-findfp.o)
                              e:/program x86/atmel/studio/7.0/toolchain/avr32/avr32-gnu-toolchain/bin/../lib/gcc/avr32/4.4.7/../../../../avr32/lib/ucr2\libc.a(lib_a-vfprintf.o) (__sinit)
[...]
Memory Configuration

Name             Origin             Length             Attributes
FLASH            0x80000000         0x00080000         axrl !w
CPUSRAM          0x00000004         0x00017ffc         axw !rl
USERPAGE         0x80800000         0x00000200
FACTORYPAGE      0x80800200         0x00000200
*default*        0x00000000         0xffffffff

Linker script and memory map

                0x00001000                _stack_size = 0x1000
LOAD src/Application/app/app.o
LOAD src/Application/flash/data_flash.o
LOAD src/Application/myrtc/xgrtc.o
LOAD src/Application/radio/ambe.o
LOAD src/Application/radio/AMBE_audio.o
LOAD src/Application/radio/AMBE_audio_2.o
LOAD src/Application/radio/audio.o
LOAD src/Application/radio/payload.o
LOAD src/Application/radio/physical.o
LOAD src/Application/radio/ssc.o
LOAD src/Application/radio/xcmp.o
LOAD src/Application/radio/xnl.o
LOAD src/Application/RFID/MFRC522/rc522.o
LOAD src/Application/RFID/RFID.o
LOAD src/Application/timers/timer.o
LOAD src/Application/xgflash/xgflash.o
LOAD src/ASF/avr32/drivers/flashc/flashc.o
LOAD src/ASF/avr32/drivers/gpio/gpio.o
LOAD src/ASF/avr32/drivers/intc/intc.o
LOAD src/ASF/avr32/drivers/pm/pm.o
LOAD src/ASF/avr32/drivers/pm/pm_conf_clocks.o
LOAD src/ASF/avr32/drivers/pm/power_clocks_lib.o
LOAD src/ASF/avr32/drivers/rtc/rtc.o
LOAD src/ASF/avr32/drivers/spi/spi.o
LOAD src/ASF/avr32/drivers/tc/tc.o
LOAD src/ASF/avr32/drivers/twi/twi.o
LOAD src/ASF/avr32/drivers/usart/usart.o
LOAD src/ASF/avr32/utils/startup/startup_uc3.o
LOAD src/ASF/avr32/utils/startup/trampoline_uc3.o
LOAD src/ASF/common/boards/user_board/init.o
LOAD src/ASF/common/services/clock/uc3b0_b1/sysclk.o
LOAD src/ASF/common/services/spi/uc3_spi/spi_master.o
LOAD src/ASF/common/services/spi/uc3_usart_spi/usart_spi.o
LOAD src/ASF/thirdparty/freertos/freertos-7.0.0/source/croutine.o
LOAD src/ASF/thirdparty/freertos/freertos-7.0.0/source/list.o
LOAD src/ASF/thirdparty/freertos/freertos-7.0.0/source/portable/gcc/avr32_uc3/exception.o
LOAD src/ASF/thirdparty/freertos/freertos-7.0.0/source/portable/gcc/avr32_uc3/port.o
LOAD src/ASF/thirdparty/freertos/freertos-7.0.0/source/portable/gcc/avr32_uc3/read.o
LOAD src/ASF/thirdparty/freertos/freertos-7.0.0/source/portable/gcc/avr32_uc3/write.o
LOAD src/ASF/thirdparty/freertos/freertos-7.0.0/source/portable/memmang/heap_3.o
LOAD src/ASF/thirdparty/freertos/freertos-7.0.0/source/queue.o
LOAD src/ASF/thirdparty/freertos/freertos-7.0.0/source/tasks.o
LOAD src/Log/log.o
LOAD src/main.o
START GROUP
LOAD e:/program x86/atmel/studio/7.0/toolchain/avr32/avr32-gnu-toolchain/bin/../lib/gcc/avr32/4.4.7/../../../../avr32/lib/ucr2\libm.a
END GROUP
LOAD e:/program x86/atmel/studio/7.0/toolchain/avr32/avr32-gnu-toolchain/bin/../lib/gcc/avr32/4.4.7/ucr2\libgcc.a
LOAD e:/program x86/atmel/studio/7.0/toolchain/avr32/avr32-gnu-toolchain/bin/../lib/gcc/avr32/4.4.7/../../../../avr32/lib/ucr2\libc.a
LOAD e:/program x86/atmel/studio/7.0/toolchain/avr32/avr32-gnu-toolchain/bin/../lib/gcc/avr32/4.4.7/ucr2\libgcc.a
                0x80000000                PROVIDE (__executable_start, 0x80000000)
                0x80000000                . = 0x80000000

.interp
 *(.interp)

.reset          0x80000000     0x2004
 *(.reset)
 .reset         0x80000000     0x2004 src/ASF/avr32/utils/startup/trampoline_uc3.o
                               0x2008 (size before relaxing)
                0x80000000                _trampoline

.hash
 *(.hash)

.dynsym
 *(.dynsym)

.dynstr
 *(.dynstr)

.gnu.version
 *(.gnu.version)

.gnu.version_d
 *(.gnu.version_d)

.gnu.version_r
 *(.gnu.version_r)

.rel.init
 *(.rel.init)

.rela.init
 *(.rela.init)

.rel.text
 *(.rel.text .rel.text.* .rel.gnu.linkonce.t.*)

.rela.text
 *(.rela.text .rela.text.* .rela.gnu.linkonce.t.*)

.rel.fini
 *(.rel.fini)

.rela.fini
 *(.rela.fini)

.rel.rodata
 *(.rel.rodata .rel.rodata.* .rel.gnu.linkonce.r.*)

.rela.rodata
 *(.rela.rodata .rela.rodata.* .rela.gnu.linkonce.r.*)

.rel.data.rel.ro
 *(.rel.data.rel.ro*)

.rela.data.rel.ro
 *(.rel.data.rel.ro*)

.rel.data
 *(.rel.data .rel.data.* .rel.gnu.linkonce.d.*)

.rela.data
 *(.rela.data .rela.data.* .rela.gnu.linkonce.d.*)

.rel.tdata
 *(.rel.tdata .rel.tdata.* .rel.gnu.linkonce.td.*)

.rela.tdata
 *(.rela.tdata .rela.tdata.* .rela.gnu.linkonce.td.*)

.rel.tbss
 *(.rel.tbss .rel.tbss.* .rel.gnu.linkonce.tb.*)

.rela.tbss
 *(.rela.tbss .rela.tbss.* .rela.gnu.linkonce.tb.*)

.rel.ctors
 *(.rel.ctors)

.rela.ctors
 *(.rela.ctors)

.rel.dtors
 *(.rel.dtors)

.rela.dtors
 *(.rela.dtors)

.rel.got
 *(.rel.got)

.rela.got       0x80002004        0x0
 *(.rela.got)
 .rela.got      0x80002004        0x0 src/Application/app/app.o

.rel.bss
 *(.rel.bss .rel.bss.* .rel.gnu.linkonce.b.*)

.rela.bss
 *(.rela.bss .rela.bss.* .rela.gnu.linkonce.b.*)

.rel.plt
 *(.rel.plt)

.rela.plt
 *(.rela.plt)

.init
 *(.init)

.plt
 *(.plt)

.text           0x80002004     0xae7c
 *(.text .stub .text.* .gnu.linkonce.t.*)
 .text.DeviceManagement_brdcst_func
                0x80002004       0x24 src/Application/app/app.o
                0x80002004                DeviceManagement_brdcst_func
 .text.Volume_brdcst_func
                0x80002028        0x2 src/Application/app/app.o
                0x80002028                Volume_brdcst_func
 .text.AudioRoutingControl_brdcst_func
                0x8000202a        0x2 src/Application/app/app.o
                0x8000202a                AudioRoutingControl_brdcst_func
 .text.vApplicationIdleHook
                0x8000202c       0x10 src/Application/app/app.o
                0x8000202c                vApplicationIdleHook
 .text.app_init
                0x8000203c       0x54 src/Application/app/app.o
                0x8000203c                app_init
 .text.app_cfg  0x80002090       0x74 src/Application/app/app.o
 .text.app_payload_tx_proc
                0x80002104       0x14 src/Application/app/app.o
 .text.app_payload_rx_proc
                0x80002118       0x34 src/Application/app/app.o
 .text.FD_brdcst_func
                0x8000214c       0x14 src/Application/app/app.o
                0x8000214c                FD_brdcst_func
 .text.FD_reply_func
                0x80002160       0x14 src/Application/app/app.o
                0x80002160                FD_reply_func
 .text.FD_request_func
                0x80002174       0x14 src/Application/app/app.o
                0x80002174                FD_request_func
 .text.EnOB_brdcst_func
                0x80002188       0x14 src/Application/app/app.o
                0x80002188                EnOB_brdcst_func
 .text.EnOB_reply_func
                0x8000219c       0x70 src/Application/app/app.o
                0x8000219c                EnOB_reply_func
 .text.SingleDetection_brdcst_func
                0x8000220c       0x1c src/Application/app/app.o
                0x8000220c                SingleDetection_brdcst_func
 .text.ButtonConfig_brdcst_func
                0x80002228       0xdc src/Application/app/app.o
                0x80002228                ButtonConfig_brdcst_func
 .text.ButtonConfig_reply_func
                0x80002304       0x44 src/Application/app/app.o
                0x80002304                ButtonConfig_reply_func
 .text.DataSession_brdcst_func
                0x80002348       0xcc src/Application/app/app.o
                0x80002348                DataSession_brdcst_func
 .text.DataSession_reply_func
                0x80002414       0x7c src/Application/app/app.o
                0x80002414                DataSession_reply_func
 .text.CallControl_brdcst_func
                0x80002490       0x44 src/Application/app/app.o
                0x80002490                CallControl_brdcst_func
 .text.TransmitControl_brdcst_func
                0x800024d4       0x48 src/Application/app/app.o
                0x800024d4                TransmitControl_brdcst_func
 .text.TransmitControl_reply_func
                0x8000251c       0x60 src/Application/app/app.o
                0x8000251c                TransmitControl_reply_func
 .text.AudioRoutingControl_reply_func
                0x8000257c       0x28 src/Application/app/app.o
                0x8000257c                AudioRoutingControl_reply_func
 .text.Volume_reply_func
                0x800025a4       0x64 src/Application/app/app.o
                0x800025a4                Volume_reply_func
 .text.spk_brdcst_func
                0x80002608       0x38 src/Application/app/app.o
                0x80002608                spk_brdcst_func
 .text.spk_reply_func
                0x80002640       0x48 src/Application/app/app.o
                0x80002640                spk_reply_func
 .text.mic_brdcst_func
                0x80002688       0x58 src/Application/app/app.o
                0x80002688                mic_brdcst_func
 .text.mic_reply_func
                0x800026e0       0x94 src/Application/app/app.o
                0x800026e0                mic_reply_func
 .text.dcm_brdcst_func
                0x80002774       0x48 src/Application/app/app.o
                0x80002774                dcm_brdcst_func
 .text.dcm_reply_func
                0x800027bc       0x68 src/Application/app/app.o
                0x800027bc                dcm_reply_func
 .text.ToneControl_reply_func
                0x80002824       0x28 src/Application/app/app.o
                0x80002824                ToneControl_reply_func
 .text.Phyuserinput_brdcst_func
                0x8000284c       0x58 src/Application/app/app.o
                0x8000284c                Phyuserinput_brdcst_func
 .text.DeviceInitializationStatus_brdcst_func
                0x800028a4       0x38 src/Application/app/app.o
                0x800028a4                DeviceInitializationStatus_brdcst_func
 .text.CalculateBurst
                0x800028dc       0x1c src/Application/radio/ambe.o
                0x800028dc                CalculateBurst
 .text.payload_init
                0x800028f8       0x38 src/Application/radio/payload.o
                0x800028f8                payload_init
 .text.payload_rx_process
                0x80002930       0x4c src/Application/radio/payload.o
 .text.set_idle_store_isr
                0x8000297c       0x1c src/Application/radio/physical.o
                0x8000297c                set_idle_store_isr
 .text.phy_rx   0x80002998       0x38 src/Application/radio/physical.o
                0x80002998                phy_rx
 .text.set_idle_store
                0x800029d0       0x20 src/Application/radio/physical.o
                0x800029d0                set_idle_store
 .text.phy_tx   0x800029f0       0x5c src/Application/radio/physical.o
                0x800029f0                phy_tx
 .text.get_idle_store_isr
                0x80002a4c       0x28 src/Application/radio/physical.o
                0x80002a4c                get_idle_store_isr
 .text.phy_tx_func
                0x80002a74      0x108 src/Application/radio/physical.o
 .text.get_idle_store
                0x80002b7c       0x28 src/Application/radio/physical.o
                0x80002b7c                get_idle_store
 .text.phy_init
                0x80002ba4       0x28 src/Application/radio/physical.o
                0x80002ba4                phy_init
 .text.payload_rx
                0x80002bcc       0x60 src/Application/radio/physical.o
 .text.phy_rx_func
                0x80002c2c      0xf24 src/Application/radio/physical.o
 .text.pdca_int_handler
                0x80003b50       0x74 src/Application/radio/ssc.o
 .text.local_start_SSC
                0x80003bc4       0x44 src/Application/radio/ssc.o
                0x80003bc4                local_start_SSC
 .text.local_start_PDC
                0x80003c08       0x6c src/Application/radio/ssc.o
                0x80003c08                local_start_PDC
 .text.register_rx_tx_func
                0x80003c74       0x14 src/Application/radio/ssc.o
                0x80003c74                register_rx_tx_func
 .text.ssc_init
                0x80003c88       0x70 src/Application/radio/ssc.o
                0x80003c88                ssc_init
 .text.xcmp_register_app_list
                0x80003cf8        0xc src/Application/radio/xcmp.o
                0x80003cf8                xcmp_register_app_list
 .text.xcmp_tx  0x80003d04       0x48 src/Application/radio/xcmp.o
 .text.xcmp_data_session_req
                0x80003d4c       0x8c src/Application/radio/xcmp.o
                0x80003d4c                xcmp_data_session_req
 .text.xcmp_DeviceInitializationStatus_request
                0x80003dd8       0x40 src/Application/radio/xcmp.o
                0x80003dd8                xcmp_DeviceInitializationStatus_request
 .text.xcmp_opcode_not_supported
                0x80003e18       0x24 src/Application/radio/xcmp.o
                0x80003e18                xcmp_opcode_not_supported
 .text.xcmp_exec_func
                0x80003e3c       0x48 src/Application/radio/xcmp.o
 .text.xcmp_IdleTestTone
                0x80003e84       0x60 src/Application/radio/xcmp.o
                0x80003e84                xcmp_IdleTestTone
 .text.xcmp_init
                0x80003ee4       0x54 src/Application/radio/xcmp.o
                0x80003ee4                xcmp_init
 .text.xcmp_rx_process
                0x80003f38       0xfc src/Application/radio/xcmp.o
 .text.xcmp_rx  0x80004034       0x4c src/Application/radio/xcmp.o
 .text.xnl_register_xcmp_func
                0x80004080        0xc src/Application/radio/xnl.o
                0x80004080                xnl_register_xcmp_func
 .text.xnl_get_msg_ack_func
                0x8000408c       0x2c src/Application/radio/xnl.o
                0x8000408c                xnl_get_msg_ack_func
 .text.xnl_init
                0x800040b8      0x12c src/Application/radio/xnl.o
                0x800040b8                xnl_init
 .text.xnl_rx_process
                0x800041e4       0x60 src/Application/radio/xnl.o
 .text.xnl_tx_process
                0x80004244       0xcc src/Application/radio/xnl.o
 .text.xnl_tx   0x80004310       0xe4 src/Application/radio/xnl.o
                0x80004310                xnl_tx
 .text.xnl_data_msg_func
                0x800043f4       0x60 src/Application/radio/xnl.o
                0x800043f4                xnl_data_msg_func
 .text.xnl_device_auth_reply_func
                0x80004454      0x120 src/Application/radio/xnl.o
                0x80004454                xnl_device_auth_reply_func
 .text.xnl_master_status_brdcst_func
                0x80004574       0x60 src/Application/radio/xnl.o
                0x80004574                xnl_master_status_brdcst_func
 .text.xnl_device_conn_reply_func
                0x800045d4       0x5c src/Application/radio/xnl.o
                0x800045d4                xnl_device_conn_reply_func
 .text.xnl_send_device_master_query
                0x80004630       0x30 src/Application/radio/xnl.o
                0x80004630                xnl_send_device_master_query
 .text.RC522_SPI_SetSpeed
                0x80004660       0x24 src/Application/RFID/MFRC522/rc522.o
                0x80004660                RC522_SPI_SetSpeed
 .text.RC522_SPI_SetSpeedLow
                0x80004684       0x10 src/Application/RFID/MFRC522/rc522.o
                0x80004684                RC522_SPI_SetSpeedLow
 .text.RC522_ReadByte
                0x80004694       0x44 src/Application/RFID/MFRC522/rc522.o
                0x80004694                RC522_ReadByte
 .text.RC522_WriteByte
                0x800046d8       0x4c src/Application/RFID/MFRC522/rc522.o
                0x800046d8                RC522_WriteByte
 .text.WriteRawRC
                0x80004724       0x38 src/Application/RFID/MFRC522/rc522.o
                0x80004724                WriteRawRC
 .text.PcdReset
                0x8000475c       0x80 src/Application/RFID/MFRC522/rc522.o
                0x8000475c                PcdReset
 .text.ReadRawRC
                0x800047dc       0x40 src/Application/RFID/MFRC522/rc522.o
                0x800047dc                ReadRawRC
 .text.SetBitMask
                0x8000481c       0x24 src/Application/RFID/MFRC522/rc522.o
                0x8000481c                SetBitMask
 .text.PcdAntennaOn
                0x80004840       0x20 src/Application/RFID/MFRC522/rc522.o
                0x80004840                PcdAntennaOn
 .text.ClearBitMask
                0x80004860       0x28 src/Application/RFID/MFRC522/rc522.o
                0x80004860                ClearBitMask
 .text.PcdAntennaOff
                0x80004888       0x10 src/Application/RFID/MFRC522/rc522.o
                0x80004888                PcdAntennaOff
 .text.M500PcdConfigISOType
                0x80004898       0x70 src/Application/RFID/MFRC522/rc522.o
                0x80004898                M500PcdConfigISOType
 .text.rc522_init
                0x80004908       0xd0 src/Application/RFID/MFRC522/rc522.o
                0x80004908                rc522_init
 .text.PcdComMF522
                0x800049d8      0x178 src/Application/RFID/MFRC522/rc522.o
                0x800049d8                PcdComMF522
 .text.PcdAnticoll
                0x80004b50       0x84 src/Application/RFID/MFRC522/rc522.o
                0x80004b50                PcdAnticoll
 .text.PcdRequest
                0x80004bd4       0x64 src/Application/RFID/MFRC522/rc522.o
                0x80004bd4                PcdRequest
 .text.CalulateCRC
                0x80004c38       0x8c src/Application/RFID/MFRC522/rc522.o
                0x80004c38                CalulateCRC
 .text.PcdSelect
                0x80004cc4       0x74 src/Application/RFID/MFRC522/rc522.o
                0x80004cc4                PcdSelect
 .text.rfid_auto_reader
                0x80004d38      0x120 src/Application/RFID/RFID.o
                0x80004d38                rfid_auto_reader
 .text.rfid_sendID_message
                0x80004e58      0x168 src/Application/RFID/RFID.o
                0x80004e58                rfid_sendID_message
 .text.rfid_init
                0x80004fc0        0xc src/Application/RFID/RFID.o
                0x80004fc0                rfid_init
 .text.local_start_pll0
                0x80004fcc       0x50 src/Application/timers/timer.o
                0x80004fcc                local_start_pll0
 .text.delay_ns
                0x8000501c       0x16 src/Application/timers/timer.o
                0x8000501c                delay_ns
 *fill*         0x80005032        0x2 d703d703
 .text.delay_us
                0x80005034       0x28 src/Application/timers/timer.o
                0x80005034                delay_us
 .text.delay_ms
                0x8000505c       0x28 src/Application/timers/timer.o
                0x8000505c                delay_ms
 .text.local_start_timer
                0x80005084       0x2c src/Application/timers/timer.o
                0x80005084                local_start_timer
 .text.xg_flashc_init
                0x800050b0      0x284 src/Application/xgflash/xgflash.o
                0x800050b0                xg_flashc_init
 .text.flashc_get_flash_size
                0x80005334       0x34 src/ASF/avr32/drivers/flashc/flashc.o
                0x80005334                flashc_get_flash_size
 .text.flashc_is_ready
                0x80005368        0xc src/ASF/avr32/drivers/flashc/flashc.o
                0x80005368                flashc_is_ready
 .text.flashc_default_wait_until_ready
                0x80005374       0x10 src/ASF/avr32/drivers/flashc/flashc.o
                0x80005374                flashc_default_wait_until_ready
 .text.flashc_is_lock_error
                0x80005384       0x10 src/ASF/avr32/drivers/flashc/flashc.o
                0x80005384                flashc_is_lock_error
 .text.flashc_is_programming_error
                0x80005394       0x10 src/ASF/avr32/drivers/flashc/flashc.o
                0x80005394                flashc_is_programming_error
 .text.flashc_get_page_number
                0x800053a4        0xc src/ASF/avr32/drivers/flashc/flashc.o
                0x800053a4                flashc_get_page_number
 .text.flashc_issue_command
                0x800053b0       0x48 src/ASF/avr32/drivers/flashc/flashc.o
                0x800053b0                flashc_issue_command
 .text.flashc_clear_page_buffer
                0x800053f8       0x10 src/ASF/avr32/drivers/flashc/flashc.o
                0x800053f8                flashc_clear_page_buffer
 .text.flashc_is_page_erased
                0x80005408        0xc src/ASF/avr32/drivers/flashc/flashc.o
                0x80005408                flashc_is_page_erased
 .text.flashc_quick_page_read
                0x80005414       0x18 src/ASF/avr32/drivers/flashc/flashc.o
                0x80005414                flashc_quick_page_read
 .text.flashc_erase_page
                0x8000542c       0x38 src/ASF/avr32/drivers/flashc/flashc.o
                0x8000542c                flashc_erase_page
 .text.flashc_write_page
                0x80005464       0x10 src/ASF/avr32/drivers/flashc/flashc.o
                0x80005464                flashc_write_page
 .text.flashc_quick_user_page_read
                0x80005474       0x18 src/ASF/avr32/drivers/flashc/flashc.o
                0x80005474                flashc_quick_user_page_read
 .text.flashc_erase_user_page
                0x8000548c       0x28 src/ASF/avr32/drivers/flashc/flashc.o
                0x8000548c                flashc_erase_user_page
 .text.flashc_write_user_page
                0x800054b4       0x10 src/ASF/avr32/drivers/flashc/flashc.o
                0x800054b4                flashc_write_user_page
 .text.flashc_memset64
                0x800054c4      0x238 src/ASF/avr32/drivers/flashc/flashc.o
                0x800054c4                flashc_memset64
 .text.flashc_memcpy
                0x800056fc       0xfc src/ASF/avr32/drivers/flashc/flashc.o
                0x800056fc                flashc_memcpy
 .text.gpio_enable_module_pin
                0x800057f8       0x52 src/ASF/avr32/drivers/gpio/gpio.o
                0x800057f8                gpio_enable_module_pin
 *fill*         0x8000584a        0x2 d703d703
 .text.gpio_enable_module
                0x8000584c       0x30 src/ASF/avr32/drivers/gpio/gpio.o
                0x8000584c                gpio_enable_module
 .text.gpio_enable_gpio_pin
                0x8000587c       0x18 src/ASF/avr32/drivers/gpio/gpio.o
                0x8000587c                gpio_enable_gpio_pin
 .text.gpio_set_gpio_pin
                0x80005894       0x1c src/ASF/avr32/drivers/gpio/gpio.o
                0x80005894                gpio_set_gpio_pin
 .text.gpio_clr_gpio_pin
                0x800058b0       0x1c src/ASF/avr32/drivers/gpio/gpio.o
                0x800058b0                gpio_clr_gpio_pin
 .text._unhandled_interrupt
                0x800058cc        0x2 src/ASF/avr32/drivers/intc/intc.o
 *fill*         0x800058ce        0x2 d703d703
 .text.INTC_register_interrupt
                0x800058d0       0x80 src/ASF/avr32/drivers/intc/intc.o
                0x800058d0                INTC_register_interrupt
 .text.INTC_init_interrupts
                0x80005950       0x54 src/ASF/avr32/drivers/intc/intc.o
                0x80005950                INTC_init_interrupts
 .text._get_interrupt_handler
                0x800059a4       0x38 src/ASF/avr32/drivers/intc/intc.o
                0x800059a4                _get_interrupt_handler
 .text.getBaudDiv
                0x800059dc       0x20 src/ASF/avr32/drivers/spi/spi.o
                0x800059dc                getBaudDiv
 .text.spi_initMaster
                0x800059fc       0x38 src/ASF/avr32/drivers/spi/spi.o
                0x800059fc                spi_initMaster
 .text.spi_selectionMode
                0x80005a34       0x2c src/ASF/avr32/drivers/spi/spi.o
                0x80005a34                spi_selectionMode
 .text.spi_enable
                0x80005a60        0x6 src/ASF/avr32/drivers/spi/spi.o
                0x80005a60                spi_enable
 .text.spi_write
                0x80005a66       0x1c src/ASF/avr32/drivers/spi/spi.o
                0x80005a66                spi_write
 .text.spi_read
                0x80005a82       0x20 src/ASF/avr32/drivers/spi/spi.o
                0x80005a82                spi_read
 *fill*         0x80005aa2        0x2 d703d703
 .text.spi_setupChipReg
                0x80005aa4       0xe8 src/ASF/avr32/drivers/spi/spi.o
                0x80005aa4                spi_setupChipReg
 .text.spi_unselectChip
                0x80005b8c       0x40 src/ASF/avr32/drivers/spi/spi.o
                0x80005b8c                spi_unselectChip
 .text.spi_selectChip
                0x80005bcc       0x78 src/ASF/avr32/drivers/spi/spi.o
                0x80005bcc                spi_selectChip
 .text.usart_set_async_baudrate
                0x80005c44       0x5a src/ASF/avr32/drivers/usart/usart.o
 .text.usart_write_char
                0x80005c9e       0x14 src/ASF/avr32/drivers/usart/usart.o
                0x80005c9e                usart_write_char
 *fill*         0x80005cb2        0x2 d703d703
 .text.usart_putchar
                0x80005cb4       0x2c src/ASF/avr32/drivers/usart/usart.o
                0x80005cb4                usart_putchar
 .text.usart_read_char
                0x80005ce0       0x22 src/ASF/avr32/drivers/usart/usart.o
                0x80005ce0                usart_read_char
 *fill*         0x80005d02        0x2 d703d703
 .text.usart_getchar
                0x80005d04       0x2c src/ASF/avr32/drivers/usart/usart.o
                0x80005d04                usart_getchar
 .text.usart_write_line
                0x80005d30       0x24 src/ASF/avr32/drivers/usart/usart.o
                0x80005d30                usart_write_line
 .text.usart_reset
                0x80005d54       0x2c src/ASF/avr32/drivers/usart/usart.o
                0x80005d54                usart_reset
 .text.usart_init_rs232
                0x80005d80       0xcc src/ASF/avr32/drivers/usart/usart.o
                0x80005d80                usart_init_rs232
 .text._stext   0x80005e4c       0x40 src/ASF/avr32/utils/startup/startup_uc3.o
                                 0x50 (size before relaxing)
                0x80005e4c                _stext
 .text.vListInitialise
                0x80005e8c       0x14 src/ASF/thirdparty/freertos/freertos-7.0.0/source/list.o
                0x80005e8c                vListInitialise
 .text.vListInitialiseItem
                0x80005ea0        0x6 src/ASF/thirdparty/freertos/freertos-7.0.0/source/list.o
                0x80005ea0                vListInitialiseItem
 .text.vListInsertEnd
                0x80005ea6       0x1c src/ASF/thirdparty/freertos/freertos-7.0.0/source/list.o
                0x80005ea6                vListInsertEnd
 .text.vListInsert
                0x80005ec2       0x34 src/ASF/thirdparty/freertos/freertos-7.0.0/source/list.o
                0x80005ec2                vListInsert
 .text.vListRemove
                0x80005ef6       0x26 src/ASF/thirdparty/freertos/freertos-7.0.0/source/list.o
                0x80005ef6                vListRemove
 .text.pxPortInitialiseStack
                0x80005f1c       0x92 src/ASF/thirdparty/freertos/freertos-7.0.0/source/portable/gcc/avr32_uc3/port.o
                0x80005f1c                pxPortInitialiseStack
 *fill*         0x80005fae        0x2 d703d703
 .text.vPortEnterCritical
                0x80005fb0       0x10 src/ASF/thirdparty/freertos/freertos-7.0.0/source/portable/gcc/avr32_uc3/port.o
                0x80005fb0                vPortEnterCritical
 .text.xPortStartScheduler
                0x80005fc0       0x58 src/ASF/thirdparty/freertos/freertos-7.0.0/source/portable/gcc/avr32_uc3/port.o
                0x80005fc0                xPortStartScheduler
 .text.SCALLYield
                0x80006018       0x98 src/ASF/thirdparty/freertos/freertos-7.0.0/source/portable/gcc/avr32_uc3/port.o
                0x80006018                SCALLYield
 .text.prvClearCcInt
                0x800060b0        0xa src/ASF/thirdparty/freertos/freertos-7.0.0/source/portable/gcc/avr32_uc3/port.o
 *fill*         0x800060ba        0x2 d703d703
 .text.vPortExitCritical
                0x800060bc       0x20 src/ASF/thirdparty/freertos/freertos-7.0.0/source/portable/gcc/avr32_uc3/port.o
                0x800060bc                vPortExitCritical
 .text.vTick    0x800060dc       0x84 src/ASF/thirdparty/freertos/freertos-7.0.0/source/portable/gcc/avr32_uc3/port.o
 .text.__malloc_lock
                0x80006160        0xc src/ASF/thirdparty/freertos/freertos-7.0.0/source/portable/gcc/avr32_uc3/port.o
                0x80006160                __malloc_lock
 .text.__malloc_unlock
                0x8000616c        0xc src/ASF/thirdparty/freertos/freertos-7.0.0/source/portable/gcc/avr32_uc3/port.o
                0x8000616c                __malloc_unlock
 .text._read    0x80006178       0x40 src/ASF/thirdparty/freertos/freertos-7.0.0/source/portable/gcc/avr32_uc3/read.o
                0x80006178                _read
 .text._write   0x800061b8       0x3c src/ASF/thirdparty/freertos/freertos-7.0.0/source/portable/gcc/avr32_uc3/write.o
                0x800061b8                _write
 .text.vPortFree
                0x800061f4       0x28 src/ASF/thirdparty/freertos/freertos-7.0.0/source/portable/memmang/heap_3.o
                0x800061f4                vPortFree
 .text.pvPortMalloc
                0x8000621c       0x28 src/ASF/thirdparty/freertos/freertos-7.0.0/source/portable/memmang/heap_3.o
                0x8000621c                pvPortMalloc
 .text.prvCopyDataFromQueue
                0x80006244       0x30 src/ASF/thirdparty/freertos/freertos-7.0.0/source/queue.o
 .text.xQueueReceiveFromISR
                0x80006274       0x50 src/ASF/thirdparty/freertos/freertos-7.0.0/source/queue.o
                0x80006274                xQueueReceiveFromISR
 .text.prvUnlockQueue
                0x800062c4       0xa0 src/ASF/thirdparty/freertos/freertos-7.0.0/source/queue.o
 .text.xQueueGenericReceive
                0x80006364      0x144 src/ASF/thirdparty/freertos/freertos-7.0.0/source/queue.o
                0x80006364                xQueueGenericReceive
 .text.prvCopyDataToQueue
                0x800064a8       0x78 src/ASF/thirdparty/freertos/freertos-7.0.0/source/queue.o
 .text.xQueueGenericSendFromISR
                0x80006520       0x50 src/ASF/thirdparty/freertos/freertos-7.0.0/source/queue.o
                0x80006520                xQueueGenericSendFromISR
 .text.xQueueGenericSend
                0x80006570      0x100 src/ASF/thirdparty/freertos/freertos-7.0.0/source/queue.o
                0x80006570                xQueueGenericSend
 .text.xQueueCreate
                0x80006670       0x74 src/ASF/thirdparty/freertos/freertos-7.0.0/source/queue.o
                0x80006670                xQueueCreate
 .text.vTaskSuspendAll
                0x800066e4       0x10 src/ASF/thirdparty/freertos/freertos-7.0.0/source/tasks.o
                0x800066e4                vTaskSuspendAll
 .text.vTaskSwitchContext
                0x800066f4       0x7c src/ASF/thirdparty/freertos/freertos-7.0.0/source/tasks.o
                0x800066f4                vTaskSwitchContext
 .text.vTaskSetTimeOutState
                0x80006770       0x18 src/ASF/thirdparty/freertos/freertos-7.0.0/source/tasks.o
                0x80006770                vTaskSetTimeOutState
 .text.vTaskMissedYield
                0x80006788        0xc src/ASF/thirdparty/freertos/freertos-7.0.0/source/tasks.o
                0x80006788                vTaskMissedYield
 .text.xTaskGetCurrentTaskHandle
                0x80006794        0xc src/ASF/thirdparty/freertos/freertos-7.0.0/source/tasks.o
                0x80006794                xTaskGetCurrentTaskHandle
 .text.vTaskPriorityDisinherit
                0x800067a0       0x58 src/ASF/thirdparty/freertos/freertos-7.0.0/source/tasks.o
                0x800067a0                vTaskPriorityDisinherit
 .text.vTaskPriorityInherit
                0x800067f8       0x84 src/ASF/thirdparty/freertos/freertos-7.0.0/source/tasks.o
                0x800067f8                vTaskPriorityInherit
 .text.xTaskRemoveFromEventList
                0x8000687c       0x7c src/ASF/thirdparty/freertos/freertos-7.0.0/source/tasks.o
                0x8000687c                xTaskRemoveFromEventList
 .text.vTaskIncrementTick
                0x800068f8      0x114 src/ASF/thirdparty/freertos/freertos-7.0.0/source/tasks.o
                0x800068f8                vTaskIncrementTick
 .text.xTaskCheckForTimeOut
                0x80006a0c       0x70 src/ASF/thirdparty/freertos/freertos-7.0.0/source/tasks.o
                0x80006a0c                xTaskCheckForTimeOut
 .text.xTaskGetTickCount
                0x80006a7c       0x24 src/ASF/thirdparty/freertos/freertos-7.0.0/source/tasks.o
                0x80006a7c                xTaskGetTickCount
 .text.xTaskResumeAll
                0x80006aa0       0xe8 src/ASF/thirdparty/freertos/freertos-7.0.0/source/tasks.o
                0x80006aa0                xTaskResumeAll
 .text.prvAddCurrentTaskToDelayedList
                0x80006b88       0x5c src/ASF/thirdparty/freertos/freertos-7.0.0/source/tasks.o
 .text.vTaskDelay
                0x80006be4       0x48 src/ASF/thirdparty/freertos/freertos-7.0.0/source/tasks.o
                0x80006be4                vTaskDelay
 .text.vTaskDelayUntil
                0x80006c2c       0x80 src/ASF/thirdparty/freertos/freertos-7.0.0/source/tasks.o
                0x80006c2c                vTaskDelayUntil
 .text.vTaskPlaceOnEventList
                0x80006cac       0x58 src/ASF/thirdparty/freertos/freertos-7.0.0/source/tasks.o
                0x80006cac                vTaskPlaceOnEventList
 .text.prvIdleTask
                0x80006d04       0x88 src/ASF/thirdparty/freertos/freertos-7.0.0/source/tasks.o
 .text.xTaskGenericCreate
                0x80006d8c      0x1e8 src/ASF/thirdparty/freertos/freertos-7.0.0/source/tasks.o
                0x80006d8c                xTaskGenericCreate
 .text.vTaskStartScheduler
                0x80006f74       0x4c src/ASF/thirdparty/freertos/freertos-7.0.0/source/tasks.o
                0x80006f74                vTaskStartScheduler
 .text.PrintChar
                0x80006fc0        0x4 src/Log/log.o
                0x80006fc0                PrintChar
 .text.PrintHex
                0x80006fc4       0xb2 src/Log/log.o
                0x80006fc4                PrintHex
 .text.PrintDec
                0x80007076       0xda src/Log/log.o
                0x80007076                PrintDec
 .text.log      0x80007150      0x18c src/Log/log.o
                0x80007150                log
 .text.logFromISR
                0x800072dc      0x180 src/Log/log.o
                0x800072dc                logFromISR
 .text.log_init
                0x8000745c       0x68 src/Log/log.o
                0x8000745c                log_init
 .text.task_log
                0x800074c4       0x44 src/Log/log.o
 .text.main     0x80007508       0x70 src/main.o
                0x80007508                main
 .text.free     0x80007578       0x10 e:/program x86/atmel/studio/7.0/toolchain/avr32/avr32-gnu-toolchain/bin/../lib/gcc/avr32/4.4.7/../../../../avr32/lib/ucr2\libc.a(lib_a-malloc.o)
                                 0x18 (size before relaxing)
                0x80007578                free
 .text.malloc   0x80007588       0x10 e:/program x86/atmel/studio/7.0/toolchain/avr32/avr32-gnu-toolchain/bin/../lib/gcc/avr32/4.4.7/../../../../avr32/lib/ucr2\libc.a(lib_a-malloc.o)
                                 0x18 (size before relaxing)
                0x80007588                malloc
 .text._malloc_r
                0x80007598      0x438 e:/program x86/atmel/studio/7.0/toolchain/avr32/avr32-gnu-toolchain/bin/../lib/gcc/avr32/4.4.7/../../../../avr32/lib/ucr2\libc.a(lib_a-mallocr.o)
                                0x450 (size before relaxing)
                0x80007598                _malloc_r
 .text.memcmp   0x800079d0       0x26 e:/program x86/atmel/studio/7.0/toolchain/avr32/avr32-gnu-toolchain/bin/../lib/gcc/avr32/4.4.7/../../../../avr32/lib/ucr2\libc.a(lib_a-memcmp.o)
                0x800079d0                memcmp
 .text          0x800079f6      0x148 e:/program x86/atmel/studio/7.0/toolchain/avr32/avr32-gnu-toolchain/bin/../lib/gcc/avr32/4.4.7/../../../../avr32/lib/ucr2\libc.a(lib_a-memcpy.o)
                0x800079f6                memcpy
 .text.memset   0x80007b3e        0xe e:/program x86/atmel/studio/7.0/toolchain/avr32/avr32-gnu-toolchain/bin/../lib/gcc/avr32/4.4.7/../../../../avr32/lib/ucr2\libc.a(lib_a-memset.o)
                0x80007b3e                memset
 .text._realloc_r
                0x80007b4c      0x2c0 e:/program x86/atmel/studio/7.0/toolchain/avr32/avr32-gnu-toolchain/bin/../lib/gcc/avr32/4.4.7/../../../../avr32/lib/ucr2\libc.a(lib_a-reallocr.o)
                                0x2e0 (size before relaxing)
                0x80007b4c                _realloc_r
 .text._sbrk_r  0x80007e0c       0x20 e:/program x86/atmel/studio/7.0/toolchain/avr32/avr32-gnu-toolchain/bin/../lib/gcc/avr32/4.4.7/../../../../avr32/lib/ucr2\libc.a(lib_a-sbrkr.o)
                                 0x28 (size before relaxing)
                0x80007e0c                _sbrk_r
 .text.sprintf  0x80007e2c       0x3c e:/program x86/atmel/studio/7.0/toolchain/avr32/avr32-gnu-toolchain/bin/../lib/gcc/avr32/4.4.7/../../../../avr32/lib/ucr2\libc.a(lib_a-sprintf.o)
                                 0x40 (size before relaxing)
                0x80007e2c                sprintf
 .text          0x80007e68       0x20 e:/program x86/atmel/studio/7.0/toolchain/avr32/avr32-gnu-toolchain/bin/../lib/gcc/avr32/4.4.7/../../../../avr32/lib/ucr2\libc.a(lib_a-strncpy.o)
                0x80007e68                strncpy
 .text._close   0x80007e88       0x14 e:/program x86/atmel/studio/7.0/toolchain/avr32/avr32-gnu-toolchain/bin/../lib/gcc/avr32/4.4.7/../../../../avr32/lib/ucr2\libc.a(lib_a-syscalls.o)
                                 0x18 (size before relaxing)
                0x80007e88                _close
 .text._lseek   0x80007e9c       0x14 e:/program x86/atmel/studio/7.0/toolchain/avr32/avr32-gnu-toolchain/bin/../lib/gcc/avr32/4.4.7/../../../../avr32/lib/ucr2\libc.a(lib_a-syscalls.o)
                                 0x18 (size before relaxing)
                0x80007e9c                _lseek
 .text.isatty   0x80007eb0       0x14 e:/program x86/atmel/studio/7.0/toolchain/avr32/avr32-gnu-toolchain/bin/../lib/gcc/avr32/4.4.7/../../../../avr32/lib/ucr2\libc.a(lib_a-syscalls.o)
                                 0x18 (size before relaxing)
                0x80007eb0                isatty
 .text._fstat_host
                0x80007ec4       0x14 e:/program x86/atmel/studio/7.0/toolchain/avr32/avr32-gnu-toolchain/bin/../lib/gcc/avr32/4.4.7/../../../../avr32/lib/ucr2\libc.a(lib_a-syscalls.o)
                                 0x18 (size before relaxing)
                0x80007ec4                _fstat_host
 .text._fstat   0x80007ed8       0x4c e:/program x86/atmel/studio/7.0/toolchain/avr32/avr32-gnu-toolchain/bin/../lib/gcc/avr32/4.4.7/../../../../avr32/lib/ucr2\libc.a(lib_a-syscalls.o)
                                 0x50 (size before relaxing)
                0x80007ed8                _fstat
 .text._sbrk    0x80007f24       0x38 e:/program x86/atmel/studio/7.0/toolchain/avr32/avr32-gnu-toolchain/bin/../lib/gcc/avr32/4.4.7/../../../../avr32/lib/ucr2\libc.a(lib_a-syscalls.o)
                                 0x40 (size before relaxing)
                0x80007f24                _sbrk
 .text.get_arg  0x80007f5c      0x314 e:/program x86/atmel/studio/7.0/toolchain/avr32/avr32-gnu-toolchain/bin/../lib/gcc/avr32/4.4.7/../../../../avr32/lib/ucr2\libc.a(lib_a-vfprintf.o)
                                0x324 (size before relaxing)
 .text.__sprint_r
                0x80008270       0x1c e:/program x86/atmel/studio/7.0/toolchain/avr32/avr32-gnu-toolchain/bin/../lib/gcc/avr32/4.4.7/../../../../avr32/lib/ucr2\libc.a(lib_a-vfprintf.o)
                                 0x20 (size before relaxing)
 .text._vfprintf_r
                0x8000828c     0x1f14 e:/program x86/atmel/studio/7.0/toolchain/avr32/avr32-gnu-toolchain/bin/../lib/gcc/avr32/4.4.7/../../../../avr32/lib/ucr2\libc.a(lib_a-vfprintf.o)
                               0x1f9c (size before relaxing)
                0x8000828c                _vfprintf_r
 .text.__swsetup_r
                0x8000a1a0       0xdc e:/program x86/atmel/studio/7.0/toolchain/avr32/avr32-gnu-toolchain/bin/../lib/gcc/avr32/4.4.7/../../../../avr32/lib/ucr2\libc.a(lib_a-wsetup.o)
                                 0xe8 (size before relaxing)
                0x8000a1a0                __swsetup_r
 .text.quorem   0x8000a27c      0x120 e:/program x86/atmel/studio/7.0/toolchain/avr32/avr32-gnu-toolchain/bin/../lib/gcc/avr32/4.4.7/../../../../avr32/lib/ucr2\libc.a(lib_a-dtoa.o)
                                0x124 (size before relaxing)
 .text._dtoa_r  0x8000a39c      0xbdc e:/program x86/atmel/studio/7.0/toolchain/avr32/avr32-gnu-toolchain/bin/../lib/gcc/avr32/4.4.7/../../../../avr32/lib/ucr2\libc.a(lib_a-dtoa.o)
                                0xc90 (size before relaxing)
                0x8000a39c                _dtoa_r
 .text.__errno  0x8000af78        0xc e:/program x86/atmel/studio/7.0/toolchain/avr32/avr32-gnu-toolchain/bin/../lib/gcc/avr32/4.4.7/../../../../avr32/lib/ucr2\libc.a(lib_a-errno.o)
                0x8000af78                __errno
 .text._fflush_r
                0x8000af84      0x10c e:/program x86/atmel/studio/7.0/toolchain/avr32/avr32-gnu-toolchain/bin/../lib/gcc/avr32/4.4.7/../../../../avr32/lib/ucr2\libc.a(lib_a-fflush.o)
                                0x118 (size before relaxing)
                0x8000af84                _fflush_r
 .text.__sfp_lock_acquire
                0x8000b090        0x2 e:/program x86/atmel/studio/7.0/toolchain/avr32/avr32-gnu-toolchain/bin/../lib/gcc/avr32/4.4.7/../../../../avr32/lib/ucr2\libc.a(lib_a-findfp.o)
                0x8000b090                __sfp_lock_acquire
 .text.__sfp_lock_release
                0x8000b092        0x2 e:/program x86/atmel/studio/7.0/toolchain/avr32/avr32-gnu-toolchain/bin/../lib/gcc/avr32/4.4.7/../../../../avr32/lib/ucr2\libc.a(lib_a-findfp.o)
                0x8000b092                __sfp_lock_release
 .text._cleanup_r
                0x8000b094        0xc e:/program x86/atmel/studio/7.0/toolchain/avr32/avr32-gnu-toolchain/bin/../lib/gcc/avr32/4.4.7/../../../../avr32/lib/ucr2\libc.a(lib_a-findfp.o)
                                 0x14 (size before relaxing)
                0x8000b094                _cleanup_r
 .text.__sfmoreglue
                0x8000b0a0       0x28 e:/program x86/atmel/studio/7.0/toolchain/avr32/avr32-gnu-toolchain/bin/../lib/gcc/avr32/4.4.7/../../../../avr32/lib/ucr2\libc.a(lib_a-findfp.o)
                                 0x30 (size before relaxing)
                0x8000b0a0                __sfmoreglue
 .text.__sfp    0x8000b0c8       0x6c e:/program x86/atmel/studio/7.0/toolchain/avr32/avr32-gnu-toolchain/bin/../lib/gcc/avr32/4.4.7/../../../../avr32/lib/ucr2\libc.a(lib_a-findfp.o)
                                 0x7c (size before relaxing)
                0x8000b0c8                __sfp
 .text.__sinit  0x8000b134       0x9c e:/program x86/atmel/studio/7.0/toolchain/avr32/avr32-gnu-toolchain/bin/../lib/gcc/avr32/4.4.7/../../../../avr32/lib/ucr2\libc.a(lib_a-findfp.o)
                                 0xb0 (size before relaxing)
                0x8000b134                __sinit
 .text._malloc_trim_r
                0x8000b1d0       0x98 e:/program x86/atmel/studio/7.0/toolchain/avr32/avr32-gnu-toolchain/bin/../lib/gcc/avr32/4.4.7/../../../../avr32/lib/ucr2\libc.a(lib_a-freer.o)
                                 0xa8 (size before relaxing)
                0x8000b1d0                _malloc_trim_r
 .text._free_r  0x8000b268      0x18c e:/program x86/atmel/studio/7.0/toolchain/avr32/avr32-gnu-toolchain/bin/../lib/gcc/avr32/4.4.7/../../../../avr32/lib/ucr2\libc.a(lib_a-freer.o)
                                0x1a0 (size before relaxing)
                0x8000b268                _free_r
 .text.__sfvwrite_r
                0x8000b3f4      0x294 e:/program x86/atmel/studio/7.0/toolchain/avr32/avr32-gnu-toolchain/bin/../lib/gcc/avr32/4.4.7/../../../../avr32/lib/ucr2\libc.a(lib_a-fvwrite.o)
                                0x2c4 (size before relaxing)
                0x8000b3f4                __sfvwrite_r
 .text._fwalk   0x8000b688       0x4c e:/program x86/atmel/studio/7.0/toolchain/avr32/avr32-gnu-toolchain/bin/../lib/gcc/avr32/4.4.7/../../../../avr32/lib/ucr2\libc.a(lib_a-fwalk.o)
                                 0x54 (size before relaxing)
                0x8000b688                _fwalk
 .text._localeconv_r
                0x8000b6d4        0x8 e:/program x86/atmel/studio/7.0/toolchain/avr32/avr32-gnu-toolchain/bin/../lib/gcc/avr32/4.4.7/../../../../avr32/lib/ucr2\libc.a(lib_a-locale.o)
                0x8000b6d4                _localeconv_r
 .text.__smakebuf_r
                0x8000b6dc       0xbc e:/program x86/atmel/studio/7.0/toolchain/avr32/avr32-gnu-toolchain/bin/../lib/gcc/avr32/4.4.7/../../../../avr32/lib/ucr2\libc.a(lib_a-makebuf.o)
                                 0xcc (size before relaxing)
                0x8000b6dc                __smakebuf_r
 .text.memchr   0x8000b798       0x16 e:/program x86/atmel/studio/7.0/toolchain/avr32/avr32-gnu-toolchain/bin/../lib/gcc/avr32/4.4.7/../../../../avr32/lib/ucr2\libc.a(lib_a-memchr.o)
                0x8000b798                memchr
 .text.memmove  0x8000b7ae       0x3e e:/program x86/atmel/studio/7.0/toolchain/avr32/avr32-gnu-toolchain/bin/../lib/gcc/avr32/4.4.7/../../../../avr32/lib/ucr2\libc.a(lib_a-memmove.o)
                0x8000b7ae                memmove
 .text.__hi0bits
                0x8000b7ec       0x60 e:/program x86/atmel/studio/7.0/toolchain/avr32/avr32-gnu-toolchain/bin/../lib/gcc/avr32/4.4.7/../../../../avr32/lib/ucr2\libc.a(lib_a-mprec.o)
                0x8000b7ec                __hi0bits
 .text.__lo0bits
                0x8000b84c       0x8e e:/program x86/atmel/studio/7.0/toolchain/avr32/avr32-gnu-toolchain/bin/../lib/gcc/avr32/4.4.7/../../../../avr32/lib/ucr2\libc.a(lib_a-mprec.o)
                0x8000b84c                __lo0bits
 .text.__mcmp   0x8000b8da       0x32 e:/program x86/atmel/studio/7.0/toolchain/avr32/avr32-gnu-toolchain/bin/../lib/gcc/avr32/4.4.7/../../../../avr32/lib/ucr2\libc.a(lib_a-mprec.o)
                0x8000b8da                __mcmp
 .text._Bfree   0x8000b90c       0x34 e:/program x86/atmel/studio/7.0/toolchain/avr32/avr32-gnu-toolchain/bin/../lib/gcc/avr32/4.4.7/../../../../avr32/lib/ucr2\libc.a(lib_a-mprec.o)
                                 0x38 (size before relaxing)
                0x8000b90c                _Bfree
 .text._Balloc  0x8000b940       0x70 e:/program x86/atmel/studio/7.0/toolchain/avr32/avr32-gnu-toolchain/bin/../lib/gcc/avr32/4.4.7/../../../../avr32/lib/ucr2\libc.a(lib_a-mprec.o)
                                 0x78 (size before relaxing)
                0x8000b940                _Balloc
 .text.__d2b    0x8000b9b0       0xa0 e:/program x86/atmel/studio/7.0/toolchain/avr32/avr32-gnu-toolchain/bin/../lib/gcc/avr32/4.4.7/../../../../avr32/lib/ucr2\libc.a(lib_a-mprec.o)
                                 0xb4 (size before relaxing)
                0x8000b9b0                __d2b
 .text.__mdiff  0x8000ba50       0xd0 e:/program x86/atmel/studio/7.0/toolchain/avr32/avr32-gnu-toolchain/bin/../lib/gcc/avr32/4.4.7/../../../../avr32/lib/ucr2\libc.a(lib_a-mprec.o)
                                 0xd8 (size before relaxing)
                0x8000ba50                __mdiff
 .text.__lshift
                0x8000bb20       0x88 e:/program x86/atmel/studio/7.0/toolchain/avr32/avr32-gnu-toolchain/bin/../lib/gcc/avr32/4.4.7/../../../../avr32/lib/ucr2\libc.a(lib_a-mprec.o)
                                 0x94 (size before relaxing)
                0x8000bb20                __lshift
 .text.__multiply
                0x8000bba8      0x100 e:/program x86/atmel/studio/7.0/toolchain/avr32/avr32-gnu-toolchain/bin/../lib/gcc/avr32/4.4.7/../../../../avr32/lib/ucr2\libc.a(lib_a-mprec.o)
                                0x108 (size before relaxing)
                0x8000bba8                __multiply
 .text.__i2b    0x8000bca8       0x10 e:/program x86/atmel/studio/7.0/toolchain/avr32/avr32-gnu-toolchain/bin/../lib/gcc/avr32/4.4.7/../../../../avr32/lib/ucr2\libc.a(lib_a-mprec.o)
                                 0x18 (size before relaxing)
                0x8000bca8                __i2b
 .text.__multadd
                0x8000bcb8       0x7c e:/program x86/atmel/studio/7.0/toolchain/avr32/avr32-gnu-toolchain/bin/../lib/gcc/avr32/4.4.7/../../../../avr32/lib/ucr2\libc.a(lib_a-mprec.o)
                                 0x88 (size before relaxing)
                0x8000bcb8                __multadd
 .text.__pow5mult
                0x8000bd34       0x8c e:/program x86/atmel/studio/7.0/toolchain/avr32/avr32-gnu-toolchain/bin/../lib/gcc/avr32/4.4.7/../../../../avr32/lib/ucr2\libc.a(lib_a-mprec.o)
                                 0xac (size before relaxing)
                0x8000bd34                __pow5mult
 .text.__isinfd
                0x8000bdc0       0x2a e:/program x86/atmel/studio/7.0/toolchain/avr32/avr32-gnu-toolchain/bin/../lib/gcc/avr32/4.4.7/../../../../avr32/lib/ucr2\libc.a(lib_a-s_isinfd.o)
                0x8000bdc0                __isinfd
 .text.__isnand
                0x8000bdea       0x1c e:/program x86/atmel/studio/7.0/toolchain/avr32/avr32-gnu-toolchain/bin/../lib/gcc/avr32/4.4.7/../../../../avr32/lib/ucr2\libc.a(lib_a-s_isnand.o)
                0x8000bdea                __isnand
 *fill*         0x8000be06        0x2 d703d703
 .text.__sclose
                0x8000be08        0x8 e:/program x86/atmel/studio/7.0/toolchain/avr32/avr32-gnu-toolchain/bin/../lib/gcc/avr32/4.4.7/../../../../avr32/lib/ucr2\libc.a(lib_a-stdio.o)
                                 0x10 (size before relaxing)
                0x8000be08                __sclose
 .text.__sseek  0x8000be10       0x20 e:/program x86/atmel/studio/7.0/toolchain/avr32/avr32-gnu-toolchain/bin/../lib/gcc/avr32/4.4.7/../../../../avr32/lib/ucr2\libc.a(lib_a-stdio.o)
                                 0x28 (size before relaxing)
                0x8000be10                __sseek
 .text.__swrite
                0x8000be30       0x2c e:/program x86/atmel/studio/7.0/toolchain/avr32/avr32-gnu-toolchain/bin/../lib/gcc/avr32/4.4.7/../../../../avr32/lib/ucr2\libc.a(lib_a-stdio.o)
                                 0x38 (size before relaxing)
                0x8000be30                __swrite
 .text.__sread  0x8000be5c       0x1c e:/program x86/atmel/studio/7.0/toolchain/avr32/avr32-gnu-toolchain/bin/../lib/gcc/avr32/4.4.7/../../../../avr32/lib/ucr2\libc.a(lib_a-stdio.o)
                                 0x24 (size before relaxing)
                0x8000be5c                __sread
 .text.strlen   0x8000be78       0x16 e:/program x86/atmel/studio/7.0/toolchain/avr32/avr32-gnu-toolchain/bin/../lib/gcc/avr32/4.4.7/../../../../avr32/lib/ucr2\libc.a(lib_a-strlen.o)
                0x8000be78                strlen
 *fill*         0x8000be8e        0x2 d703d703
 .text._write_r
                0x8000be90       0x28 e:/program x86/atmel/studio/7.0/toolchain/avr32/avr32-gnu-toolchain/bin/../lib/gcc/avr32/4.4.7/../../../../avr32/lib/ucr2\libc.a(lib_a-writer.o)
                                 0x2c (size before relaxing)
                0x8000be90                _write_r
 .text._calloc_r
                0x8000beb8       0x58 e:/program x86/atmel/studio/7.0/toolchain/avr32/avr32-gnu-toolchain/bin/../lib/gcc/avr32/4.4.7/../../../../avr32/lib/ucr2\libc.a(lib_a-callocr.o)
                                 0x60 (size before relaxing)
                0x8000beb8                _calloc_r
 .text._close_r
                0x8000bf10       0x20 e:/program x86/atmel/studio/7.0/toolchain/avr32/avr32-gnu-toolchain/bin/../lib/gcc/avr32/4.4.7/../../../../avr32/lib/ucr2\libc.a(lib_a-closer.o)
                                 0x28 (size before relaxing)
                0x8000bf10                _close_r
 .text._fclose_r
                0x8000bf30       0xb8 e:/program x86/atmel/studio/7.0/toolchain/avr32/avr32-gnu-toolchain/bin/../lib/gcc/avr32/4.4.7/../../../../avr32/lib/ucr2\libc.a(lib_a-fclose.o)
                                 0xd0 (size before relaxing)
                0x8000bf30                _fclose_r
 .text.fclose   0x8000bfe8       0x10 e:/program x86/atmel/studio/7.0/toolchain/avr32/avr32-gnu-toolchain/bin/../lib/gcc/avr32/4.4.7/../../../../avr32/lib/ucr2\libc.a(lib_a-fclose.o)
                                 0x18 (size before relaxing)
                0x8000bfe8                fclose
 .text._fstat_r
                0x8000bff8       0x24 e:/program x86/atmel/studio/7.0/toolchain/avr32/avr32-gnu-toolchain/bin/../lib/gcc/avr32/4.4.7/../../../../avr32/lib/ucr2\libc.a(lib_a-fstatr.o)
                                 0x2c (size before relaxing)
                0x8000bff8                _fstat_r
 .text._lseek_r
                0x8000c01c       0x28 e:/program x86/atmel/studio/7.0/toolchain/avr32/avr32-gnu-toolchain/bin/../lib/gcc/avr32/4.4.7/../../../../avr32/lib/ucr2\libc.a(lib_a-lseekr.o)
                                 0x2c (size before relaxing)
                0x8000c01c                _lseek_r
 .text._read_r  0x8000c044       0x28 e:/program x86/atmel/studio/7.0/toolchain/avr32/avr32-gnu-toolchain/bin/../lib/gcc/avr32/4.4.7/../../../../avr32/lib/ucr2\libc.a(lib_a-readr.o)
                                 0x2c (size before relaxing)
                0x8000c044                _read_r
 .text          0x8000c06c      0x1d4 e:/program x86/atmel/studio/7.0/toolchain/avr32/avr32-gnu-toolchain/bin/../lib/gcc/avr32/4.4.7/ucr2\libgcc.a(_avr32_f64_mul.o)
                0x8000c06c                __avr32_f64_mul
 .text          0x8000c240      0x2b0 e:/program x86/atmel/studio/7.0/toolchain/avr32/avr32-gnu-toolchain/bin/../lib/gcc/avr32/4.4.7/ucr2\libgcc.a(_avr32_f64_addsub.o)
                0x8000c244                __avr32_f64_sub
                0x8000c3e0                __avr32_f64_add
 .text          0x8000c4f0       0x2a e:/program x86/atmel/studio/7.0/toolchain/avr32/avr32-gnu-toolchain/bin/../lib/gcc/avr32/4.4.7/ucr2\libgcc.a(_avr32_f64_to_s32.o)
                0x8000c4f0                __avr32_f64_to_u32
                0x8000c4f4                __avr32_f64_to_s32
 .text          0x8000c51a       0xe8 e:/program x86/atmel/studio/7.0/toolchain/avr32/avr32-gnu-toolchain/bin/../lib/gcc/avr32/4.4.7/ucr2\libgcc.a(_avr32_s32_to_f64.o)
                0x8000c51a                __avr32_u32_to_f64
                0x8000c522                __avr32_s32_to_f64
 .text          0x8000c602       0x26 e:/program x86/atmel/studio/7.0/toolchain/avr32/avr32-gnu-toolchain/bin/../lib/gcc/avr32/4.4.7/ucr2\libgcc.a(_avr32_f64_cmp_eq.o)
                0x8000c602                __avr32_f64_cmp_eq
 .text          0x8000c628       0x68 e:/program x86/atmel/studio/7.0/toolchain/avr32/avr32-gnu-toolchain/bin/../lib/gcc/avr32/4.4.7/ucr2\libgcc.a(_avr32_f64_cmp_ge.o)
                0x8000c628                __avr32_f64_cmp_ge
 .text          0x8000c690       0x68 e:/program x86/atmel/studio/7.0/toolchain/avr32/avr32-gnu-toolchain/bin/../lib/gcc/avr32/4.4.7/ucr2\libgcc.a(_avr32_f64_cmp_lt.o)
                0x8000c690                __avr32_f64_cmp_lt
 .text          0x8000c6f8      0x318 e:/program x86/atmel/studio/7.0/toolchain/avr32/avr32-gnu-toolchain/bin/../lib/gcc/avr32/4.4.7/ucr2\libgcc.a(_avr32_f64_div.o)
                0x8000c6f8                __avr32_f64_div
 .text          0x8000ca10      0x264 e:/program x86/atmel/studio/7.0/toolchain/avr32/avr32-gnu-toolchain/bin/../lib/gcc/avr32/4.4.7/ucr2\libgcc.a(_udivdi3.o)
                0x8000ca10                __avr32_udiv64
                0x8000ca10                __udivdi3
 .text          0x8000cc74      0x20c e:/program x86/atmel/studio/7.0/toolchain/avr32/avr32-gnu-toolchain/bin/../lib/gcc/avr32/4.4.7/ucr2\libgcc.a(_umoddi3.o)
                0x8000cc74                __avr32_umod64
                0x8000cc74                __umoddi3
 *(.text.*personality*)
 *(.gnu.warning)

.exception      0x8000d000      0x200
 .exception     0x8000d000      0x200 src/ASF/thirdparty/freertos/freertos-7.0.0/source/portable/gcc/avr32_uc3/exception.o
                0x8000d000                _evba
                0x8000d104                _int0
                0x8000d112                _int1
                0x8000d120                _int2
                0x8000d12e                _int3
                0x8000d13c                ipr_val

.fini
 *(.fini)
                0x8000d200                PROVIDE (__etext, .)
                0x8000d200                PROVIDE (_etext, .)
                0x8000d200                PROVIDE (etext, .)

.rodata         0x8000d200     0x1230
 *(.rodata .rodata.* .gnu.linkonce.r.*)
 .rodata.str1.4
                0x8000d200      0x6a0 src/Application/app/app.o
 .rodata.CSWTCH.36
                0x8000d8a0       0x48 src/Application/radio/ambe.o
 .rodata.str1.4
                0x8000d8e8        0xb src/Application/radio/payload.o
                                  0xc (size before relaxing)
 *fill*         0x8000d8f3        0x1 
 .rodata.str1.4
                0x8000d8f4       0x48 src/Application/radio/physical.o
 .rodata.str1.4
                0x8000d93c        0x8 src/Application/radio/xcmp.o
 .rodata.str1.4
                0x8000d944        0x7 src/Application/radio/xnl.o
                                 0x10 (size before relaxing)
 *fill*         0x8000d94b        0x1 
 .rodata.RC522_SPI_GPIO_MAP.10477
                0x8000d94c       0x20 src/Application/RFID/MFRC522/rc522.o
 .rodata.CSWTCH.75
                0x8000d96c        0x4 src/Application/RFID/MFRC522/rc522.o
 .rodata.CSWTCH.76
                0x8000d970        0x4 src/Application/RFID/MFRC522/rc522.o
 .rodata.C.52.10479
                0x8000d974       0x10 src/Application/RFID/MFRC522/rc522.o
 .rodata.str1.4
                0x8000d984       0x85 src/Application/RFID/RFID.o
                                 0x88 (size before relaxing)
 *fill*         0x8000da09        0x3 
 .rodata.TC_GPIO_MAP.10364
                0x8000da0c       0x18 src/Application/timers/timer.o
 .rodata.str1.4
                0x8000da24       0xca src/Application/xgflash/xgflash.o
                                 0xcc (size before relaxing)
 .rodata.C.35.9834
                0x8000daee       0x10 src/ASF/avr32/drivers/flashc/flashc.o
 *fill*         0x8000dafe        0x2 
 .rodata._int_handler_table
                0x8000db00       0x98 src/ASF/avr32/drivers/intc/intc.o
 .rodata.str1.4
                0x8000db98        0x5 src/ASF/thirdparty/freertos/freertos-7.0.0/source/tasks.o
                                  0x8 (size before relaxing)
 *fill*         0x8000db9d        0x3 
 .rodata.log    0x8000dba0      0x150 src/Log/log.o
 .rodata.logFromISR
                0x8000dcf0      0x150 src/Log/log.o
 .rodata.USART_OPTIONS.11278
                0x8000de40        0xc src/Log/log.o
 .rodata.str1.4
                0x8000de4c       0x3c src/Log/log.o
 .rodata.USART_GPIO_MAP.11277
                0x8000de88       0x10 src/Log/log.o
 .rodata.str1.4
                0x8000de98       0x14 src/main.o
 .rodata.get_arg
                0x8000deac       0x3c e:/program x86/atmel/studio/7.0/toolchain/avr32/avr32-gnu-toolchain/bin/../lib/gcc/avr32/4.4.7/../../../../avr32/lib/ucr2\libc.a(lib_a-vfprintf.o)
 .rodata._vfprintf_r
                0x8000dee8      0x164 e:/program x86/atmel/studio/7.0/toolchain/avr32/avr32-gnu-toolchain/bin/../lib/gcc/avr32/4.4.7/../../../../avr32/lib/ucr2\libc.a(lib_a-vfprintf.o)
 .rodata.state_table
                0x8000e04c       0x6c e:/program x86/atmel/studio/7.0/toolchain/avr32/avr32-gnu-toolchain/bin/../lib/gcc/avr32/4.4.7/../../../../avr32/lib/ucr2\libc.a(lib_a-vfprintf.o)
 .rodata.action_table
                0x8000e0b8       0x6c e:/program x86/atmel/studio/7.0/toolchain/avr32/avr32-gnu-toolchain/bin/../lib/gcc/avr32/4.4.7/../../../../avr32/lib/ucr2\libc.a(lib_a-vfprintf.o)
 .rodata.str1.4
                0x8000e124       0x3a e:/program x86/atmel/studio/7.0/toolchain/avr32/avr32-gnu-toolchain/bin/../lib/gcc/avr32/4.4.7/../../../../avr32/lib/ucr2\libc.a(lib_a-vfprintf.o)
                                 0x3c (size before relaxing)
 *fill*         0x8000e15e        0x2 
 .rodata.blanks.3430
                0x8000e160       0x10 e:/program x86/atmel/studio/7.0/toolchain/avr32/avr32-gnu-toolchain/bin/../lib/gcc/avr32/4.4.7/../../../../avr32/lib/ucr2\libc.a(lib_a-vfprintf.o)
 .rodata.zeroes.3431
                0x8000e170       0x10 e:/program x86/atmel/studio/7.0/toolchain/avr32/avr32-gnu-toolchain/bin/../lib/gcc/avr32/4.4.7/../../../../avr32/lib/ucr2\libc.a(lib_a-vfprintf.o)
 .rodata.chclass
                0x8000e180      0x100 e:/program x86/atmel/studio/7.0/toolchain/avr32/avr32-gnu-toolchain/bin/../lib/gcc/avr32/4.4.7/../../../../avr32/lib/ucr2\libc.a(lib_a-vfprintf.o)
 .rodata.str1.4
                0x8000e280       0x10 e:/program x86/atmel/studio/7.0/toolchain/avr32/avr32-gnu-toolchain/bin/../lib/gcc/avr32/4.4.7/../../../../avr32/lib/ucr2\libc.a(lib_a-dtoa.o)
                                 0x14 (size before relaxing)
 .rodata.__sf_fake_stdin
                0x8000e290       0x20 e:/program x86/atmel/studio/7.0/toolchain/avr32/avr32-gnu-toolchain/bin/../lib/gcc/avr32/4.4.7/../../../../avr32/lib/ucr2\libc.a(lib_a-findfp.o)
                0x8000e290                __sf_fake_stdin
 .rodata.__sf_fake_stdout
                0x8000e2b0       0x20 e:/program x86/atmel/studio/7.0/toolchain/avr32/avr32-gnu-toolchain/bin/../lib/gcc/avr32/4.4.7/../../../../avr32/lib/ucr2\libc.a(lib_a-findfp.o)
                0x8000e2b0                __sf_fake_stdout
 .rodata.__sf_fake_stderr
                0x8000e2d0       0x20 e:/program x86/atmel/studio/7.0/toolchain/avr32/avr32-gnu-toolchain/bin/../lib/gcc/avr32/4.4.7/../../../../avr32/lib/ucr2\libc.a(lib_a-findfp.o)
                0x8000e2d0                __sf_fake_stderr
 .rodata.str1.4
                0x8000e2f0        0x2 e:/program x86/atmel/studio/7.0/toolchain/avr32/avr32-gnu-toolchain/bin/../lib/gcc/avr32/4.4.7/../../../../avr32/lib/ucr2\libc.a(lib_a-impure.o)
                                  0x4 (size before relaxing)
 *fill*         0x8000e2f2        0x2 
 .rodata._global_impure_ptr
                0x8000e2f4        0x4 e:/program x86/atmel/studio/7.0/toolchain/avr32/avr32-gnu-toolchain/bin/../lib/gcc/avr32/4.4.7/../../../../avr32/lib/ucr2\libc.a(lib_a-impure.o)
                0x8000e2f4                _global_impure_ptr
 .rodata.lconv  0x8000e2f8       0x30 e:/program x86/atmel/studio/7.0/toolchain/avr32/avr32-gnu-toolchain/bin/../lib/gcc/avr32/4.4.7/../../../../avr32/lib/ucr2\libc.a(lib_a-locale.o)
 .rodata.str1.4
                0x8000e328        0xc e:/program x86/atmel/studio/7.0/toolchain/avr32/avr32-gnu-toolchain/bin/../lib/gcc/avr32/4.4.7/../../../../avr32/lib/ucr2\libc.a(lib_a-locale.o)
                                 0x18 (size before relaxing)
 .rodata.p05.2471
                0x8000e334        0xc e:/program x86/atmel/studio/7.0/toolchain/avr32/avr32-gnu-toolchain/bin/../lib/gcc/avr32/4.4.7/../../../../avr32/lib/ucr2\libc.a(lib_a-mprec.o)
 .rodata.__mprec_tens
                0x8000e340       0xc8 e:/program x86/atmel/studio/7.0/toolchain/avr32/avr32-gnu-toolchain/bin/../lib/gcc/avr32/4.4.7/../../../../avr32/lib/ucr2\libc.a(lib_a-mprec.o)
                0x8000e340                __mprec_tens
 .rodata.__mprec_bigtens
                0x8000e408       0x28 e:/program x86/atmel/studio/7.0/toolchain/avr32/avr32-gnu-toolchain/bin/../lib/gcc/avr32/4.4.7/../../../../avr32/lib/ucr2\libc.a(lib_a-mprec.o)
                0x8000e408                __mprec_bigtens

.rodata1
 *(.rodata1)

.eh_frame_hdr
 *(.eh_frame_hdr)

.eh_frame
 *(.eh_frame)

.gcc_except_table
 *(.gcc_except_table)
 *(.gcc_except_table.*)

.dalign         0x8000e430        0x0
                0x8000e430                . = ALIGN (0x8)
                0x8000e430                PROVIDE (_data_lma, .)
                0x00000004                PROVIDE (_data, ORIGIN (CPUSRAM))
                0x00000004                . = ORIGIN (CPUSRAM)

.eh_frame
 *(.eh_frame)

.gcc_except_table
 *(.gcc_except_table)
 *(.gcc_except_table.*)

.tdata
 *(.tdata .tdata.* .gnu.linkonce.td.*)

.tbss
 *(.tbss .tbss.* .gnu.linkonce.tb.*)
 *(.tcommon)
                0x00000004                PROVIDE (__preinit_array_start, ALIGN (0x4))

.preinit_array
 *(.preinit_array)
                0x00000004                PROVIDE (__preinit_array_end, .)
                0x00000004                PROVIDE (__init_array_start, .)

.init_array
 *(.init_array)
                0x00000004                PROVIDE (__init_array_end, .)
                0x00000004                PROVIDE (__fini_array_start, .)

.fini_array
 *(.fini_array)
                0x00000004                PROVIDE (__fini_array_end, .)

.ctors
 *crtbegin*.o(.ctors)
 *(EXCLUDE_FILE(*crtend*.o) .ctors)
 *(SORT(.ctors.*))
 *(.ctors)

.dtors
 *crtbegin*.o(.dtors)
 *(EXCLUDE_FILE(*crtend*.o) .dtors)
 *(SORT(.dtors.*))
 *(.dtors)

.jcr
 *(.jcr)

.data.rel.ro
 *(.data.rel.ro.local)
 *(.data.rel.ro*)

.dynamic
 *(.dynamic)

.got
 *(.got.plt)
 *(.got)

.data           0x00000004      0xa48 load address 0x8000e430
 *(.data .data.* .gnu.linkonce.d.*)
 .data.the_app_list
                0x00000004      0x4ec src/Application/app/app.o
 .data.xnl_proc_list
                0x000004f0       0x34 src/Application/radio/xnl.o
 .data.unsure_data
                0x00000524        0x8 src/Application/RFID/RFID.o
                0x00000524                unsure_data
 .data.start_session.11220
                0x0000052c        0x1 src/Application/RFID/RFID.o
 *fill*         0x0000052d        0x3 
 .data.XGFlashLabel
                0x00000530        0x8 src/Application/xgflash/xgflash.o
                0x00000530                XGFlashLabel
 .data.current_save_message_offset
                0x00000538        0x4 src/Application/xgflash/xgflash.o
 .data.flashc_wait_until_ready
                0x0000053c        0x4 src/ASF/avr32/drivers/flashc/flashc.o
                0x0000053c                flashc_wait_until_ready
 .data.ulCriticalNesting
                0x00000540        0x4 src/ASF/thirdparty/freertos/freertos-7.0.0/source/portable/gcc/avr32_uc3/port.o
                0x00000540                ulCriticalNesting
 .data.xNextTaskUnblockTime
                0x00000544        0x4 src/ASF/thirdparty/freertos/freertos-7.0.0/source/tasks.o
 .data.__malloc_av_
                0x00000548      0x408 e:/program x86/atmel/studio/7.0/toolchain/avr32/avr32-gnu-toolchain/bin/../lib/gcc/avr32/4.4.7/../../../../avr32/lib/ucr2\libc.a(lib_a-mallocr.o)
                0x00000548                __malloc_av_
 .data.__malloc_trim_threshold
                0x00000950        0x4 e:/program x86/atmel/studio/7.0/toolchain/avr32/avr32-gnu-toolchain/bin/../lib/gcc/avr32/4.4.7/../../../../avr32/lib/ucr2\libc.a(lib_a-mallocr.o)
                0x00000950                __malloc_trim_threshold
 .data.__malloc_sbrk_base
                0x00000954        0x4 e:/program x86/atmel/studio/7.0/toolchain/avr32/avr32-gnu-toolchain/bin/../lib/gcc/avr32/4.4.7/../../../../avr32/lib/ucr2\libc.a(lib_a-mallocr.o)
                0x00000954                __malloc_sbrk_base
 .data.impure_data
                0x00000958       0xf0 e:/program x86/atmel/studio/7.0/toolchain/avr32/avr32-gnu-toolchain/bin/../lib/gcc/avr32/4.4.7/../../../../avr32/lib/ucr2\libc.a(lib_a-impure.o)
 .data._impure_ptr
                0x00000a48        0x4 e:/program x86/atmel/studio/7.0/toolchain/avr32/avr32-gnu-toolchain/bin/../lib/gcc/avr32/4.4.7/../../../../avr32/lib/ucr2\libc.a(lib_a-impure.o)
                0x00000a48                _impure_ptr
 *(.gnu.linkonce.d.*personality*)

.data1
 *(.data1)

.balign         0x00000a4c        0x4 load address 0x8000ee78
                0x00000a50                . = ALIGN (0x8)
 *fill*         0x00000a4c        0x4 
                0x00000a50                _edata = .
                0x00000a50                _edata = .
                0x00000a50                PROVIDE (edata, .)
                0x00000a50                __bss_start = .

.bss            0x00000a50     0x4748 load address 0x8000ee78
 *(.dynbss)
 *(.bss .bss.* .gnu.linkonce.b.*)
 .bss.Speaker_is_unmute
                0x00000a50        0x1 src/Application/app/app.o
                0x00000a50                Speaker_is_unmute
 .bss.AMBE_rx_flag
                0x00000a51        0x1 src/Application/app/app.o
                0x00000a51                AMBE_rx_flag
 *fill*         0x00000a52        0x2 
 .bss.xLastWakeTime.12004
                0x00000a54        0x4 src/Application/app/app.o
 .bss.Radio_Transmit_State
                0x00000a58        0x1 src/Application/app/app.o
                0x00000a58                Radio_Transmit_State
 *fill*         0x00000a59        0x3 
 .bss.res.11993
                0x00000a5c        0x4 src/Application/app/app.o
 .bss.AMBE_tx_flag
                0x00000a60        0x1 src/Application/app/app.o
                0x00000a60                AMBE_tx_flag
 .bss.times_counter.12024
                0x00000a61        0x1 src/Application/app/app.o
 .bss.Call_Begin
                0x00000a62        0x1 src/Application/app/app.o
                0x00000a62                Call_Begin
 .bss.AMBE_Media
                0x00000a63        0x1 src/Application/app/app.o
                0x00000a63                AMBE_Media
 .bss.connect_flag
                0x00000a64        0x1 src/Application/app/app.o
 .bss.Mic_is_Enabled
                0x00000a65        0x1 src/Application/app/app.o
                0x00000a65                Mic_is_Enabled
 .bss.VF_SN     0x00000a66        0x1 src/Application/app/app.o
                0x00000a66                VF_SN
 .bss.Terminator_Flag
                0x00000a67        0x1 src/Application/app/app.o
                0x00000a67                Terminator_Flag
 .bss.ulIdleCycleCount
                0x00000a68        0x4 src/Application/app/app.o
                0x00000a68                ulIdleCycleCount
 .bss.payload_rx_exec
                0x00000a6c        0x4 src/Application/radio/payload.o
                0x00000a6c                payload_rx_exec
 .bss.payload_tx_exec
                0x00000a70        0x4 src/Application/radio/payload.o
                0x00000a70                payload_tx_exec
 .bss.ArrayDiscLength.10968
                0x00000a74        0x4 src/Application/radio/physical.o
 .bss.phy_tx_index.10647
                0x00000a78        0x1 src/Application/radio/physical.o
 *fill*         0x00000a79        0x3 
 .bss.Item_Length.10973
                0x00000a7c        0x4 src/Application/radio/physical.o
 .bss.phy_rx_length.10690
                0x00000a80        0x2 src/Application/radio/physical.o
 *fill*         0x00000a82        0x2 
 .bss.AMBE_HT   0x00000a84        0x8 src/Application/radio/physical.o
 .bss.RxBytesWaiting.10967
                0x00000a8c        0x4 src/Application/radio/physical.o
 .bss.phy_rx_expexted_length.10689
                0x00000a90        0x2 src/Application/radio/physical.o
 *fill*         0x00000a92        0x2 
 .bss.phy_tx_state.10645
                0x00000a94        0x4 src/Application/radio/physical.o
 .bss.Item_ID.10972
                0x00000a98        0x1 src/Application/radio/physical.o
 *fill*         0x00000a99        0x3 
 .bss.AMBE_payload_ptr.10970
                0x00000a9c        0x4 src/Application/radio/physical.o
 .bss.phy_payload_frame_rx
                0x00000aa0        0x4 src/Application/radio/physical.o
                0x00000aa0                phy_payload_frame_rx
 .bss.xnl_store_idle
                0x00000aa4        0x4 src/Application/radio/physical.o
                0x00000aa4                xnl_store_idle
 .bss.RxMedia_IsFillingNext16.10964
                0x00000aa8        0x4 src/Application/radio/physical.o
 .bss.payload_store_idle
                0x00000aac        0x4 src/Application/radio/physical.o
                0x00000aac                payload_store_idle
 .bss.phy_rx_state.10692
                0x00000ab0        0x4 src/Application/radio/physical.o
 .bss.phy_check_sum.10691
                0x00000ab4        0x2 src/Application/radio/physical.o
 *fill*         0x00000ab6        0x2 
 .bss.phy_xnl_frame_rx
                0x00000ab8        0x4 src/Application/radio/physical.o
                0x00000ab8                phy_xnl_frame_rx
 .bss.phy_tx_expexted_length.10646
                0x00000abc        0x2 src/Application/radio/physical.o
 *fill*         0x00000abe        0x2 
 .bss.RxData_IsFillingNext16.10966
                0x00000ac0        0x4 src/Application/radio/physical.o
 .bss.m_RxBurstType
                0x00000ac4        0x4 src/Application/radio/physical.o
 .bss.payload_ptr.10969
                0x00000ac8        0x4 src/Application/radio/physical.o
 .bss.phy_payload_frame_tx
                0x00000acc        0x4 src/Application/radio/physical.o
                0x00000acc                phy_payload_frame_tx
 .bss.SDV_Index.10975
                0x00000ad0        0x1 src/Application/radio/physical.o
 *fill*         0x00000ad1        0x3 
 .bss.phy_rx_count.10693
                0x00000ad4        0x4 src/Application/radio/physical.o
 .bss.phy_frame_ptr.10688
                0x00000ad8        0x4 src/Application/radio/physical.o
 .bss.phy_xnl_frame_tx
                0x00000adc        0x4 src/Application/radio/physical.o
                0x00000adc                phy_xnl_frame_tx
 .bss.RxAMBE_IsFillingNext8.10965
                0x00000ae0        0x4 src/Application/radio/physical.o
 .bss.is_first.10971
                0x00000ae4        0x1 src/Application/radio/physical.o
 *fill*         0x00000ae5        0x3 
 .bss.phy_ptr.10644
                0x00000ae8        0x4 src/Application/radio/physical.o
 .bss.RxMediaState.10963
                0x00000aec        0x4 src/Application/radio/physical.o
 .bss.phy_rx_exec
                0x00000af0        0x4 src/Application/radio/ssc.o
                0x00000af0                phy_rx_exec
 .bss.phy_tx_exec
                0x00000af4        0x4 src/Application/radio/ssc.o
                0x00000af4                phy_tx_exec
 .bss.version_information
                0x00000af8        0xc src/Application/radio/xcmp.o
                0x00000af8                version_information
 .bss.clone_read
                0x00000b04        0xc src/Application/radio/xcmp.o
                0x00000b04                clone_read
 .bss.xcmp_frame_rx
                0x00000b10        0x4 src/Application/radio/xcmp.o
 .bss.clone_write
                0x00000b14        0xc src/Application/radio/xcmp.o
                0x00000b14                clone_write
 .bss.automatic_frequency_correction_control
                0x00000b20        0xc src/Application/radio/xcmp.o
                0x00000b20                automatic_frequency_correction_control
 .bss.language_pack_information
                0x00000b2c        0xc src/Application/radio/xcmp.o
                0x00000b2c                language_pack_information
 .bss.radio_status
                0x00000b38        0xc src/Application/radio/xcmp.o
                0x00000b38                radio_status
 .bss.xnl_timeout_semphr
                0x00000b44        0x4 src/Application/radio/xnl.o
 .bss.flags.10672
                0x00000b48        0x1 src/Application/radio/xnl.o
 *fill*         0x00000b49        0x1 
 .bss.xnl_information
                0x00000b4a        0xa src/Application/radio/xnl.o
 .bss.xnl_tx_state.10716
                0x00000b54        0x4 src/Application/radio/xnl.o
 .bss.xnl_frame_tx
                0x00000b58        0x4 src/Application/radio/xnl.o
 .bss.xnl_send_times.10717
                0x00000b5c        0x4 src/Application/radio/xnl.o
 .bss.ptr.10718
                0x00000b60        0x4 src/Application/radio/xnl.o
 .bss.xcmp_exec
                0x00000b64        0x4 src/Application/radio/xnl.o
                0x00000b64                xcmp_exec
 .bss.rc522_init_failure
                0x00000b68        0x1 src/Application/RFID/MFRC522/rc522.o
                0x00000b68                rc522_init_failure
 .bss.list_init_success_flag
                0x00000b69        0x1 src/Application/xgflash/xgflash.o
 *fill*         0x00000b6a        0x2 
 .bss.current_page_number.10820
                0x00000b6c        0x4 src/Application/xgflash/xgflash.o
 .bss.str.10823
                0x00000b70       0x50 src/Application/xgflash/xgflash.o
 .bss.current_message_index
                0x00000bc0        0x2 src/Application/xgflash/xgflash.o
 *fill*         0x00000bc2        0x2 
 .bss.Current_total_message_counter
                0x00000bc4        0x4 src/Application/xgflash/xgflash.o
                0x00000bc4                Current_total_message_counter
 .bss.flashc_error_status
                0x00000bc8        0x4 src/ASF/avr32/drivers/flashc/flashc.o
 .bss._int_line_handler_table_6
                0x00000bcc        0x4 src/ASF/avr32/drivers/intc/intc.o
 .bss._int_line_handler_table_7
                0x00000bd0        0x4 src/ASF/avr32/drivers/intc/intc.o
 .bss._int_line_handler_table_8
                0x00000bd4        0x4 src/ASF/avr32/drivers/intc/intc.o
 .bss._int_line_handler_table_9
                0x00000bd8        0x4 src/ASF/avr32/drivers/intc/intc.o
 .bss._int_line_handler_table_10
                0x00000bdc        0x4 src/ASF/avr32/drivers/intc/intc.o
 .bss._int_line_handler_table_11
                0x00000be0        0x4 src/ASF/avr32/drivers/intc/intc.o
 .bss._int_line_handler_table_12
                0x00000be4        0x4 src/ASF/avr32/drivers/intc/intc.o
 .bss._int_line_handler_table_13
                0x00000be8        0x4 src/ASF/avr32/drivers/intc/intc.o
 .bss._int_line_handler_table_14
                0x00000bec        0xc src/ASF/avr32/drivers/intc/intc.o
 .bss._int_line_handler_table_15
                0x00000bf8        0x4 src/ASF/avr32/drivers/intc/intc.o
 .bss._int_line_handler_table_16
                0x00000bfc        0x4 src/ASF/avr32/drivers/intc/intc.o
 .bss._int_line_handler_table_17
                0x00000c00        0x4 src/ASF/avr32/drivers/intc/intc.o
 .bss._int_line_handler_table_18
                0x00000c04        0x4 src/ASF/avr32/drivers/intc/intc.o
 .bss._int_line_handler_table_0
                0x00000c08        0x4 src/ASF/avr32/drivers/intc/intc.o
 .bss._int_line_handler_table_1
                0x00000c0c       0x2c src/ASF/avr32/drivers/intc/intc.o
 .bss._int_line_handler_table_2
                0x00000c38       0x18 src/ASF/avr32/drivers/intc/intc.o
 .bss._int_line_handler_table_3
                0x00000c50       0x1c src/ASF/avr32/drivers/intc/intc.o
 .bss._int_line_handler_table_4
                0x00000c6c        0x4 src/ASF/avr32/drivers/intc/intc.o
 .bss._int_line_handler_table_5
                0x00000c70        0x4 src/ASF/avr32/drivers/intc/intc.o
 .bss.uxMissedTicks
                0x00000c74        0x4 src/ASF/thirdparty/freertos/freertos-7.0.0/source/tasks.o
 .bss.uxTopUsedPriority
                0x00000c78        0x4 src/ASF/thirdparty/freertos/freertos-7.0.0/source/tasks.o
 .bss.pxDelayedTaskList
                0x00000c7c        0x4 src/ASF/thirdparty/freertos/freertos-7.0.0/source/tasks.o
 .bss.xSchedulerRunning
                0x00000c80        0x4 src/ASF/thirdparty/freertos/freertos-7.0.0/source/tasks.o
 .bss.uxTasksDeleted
                0x00000c84        0x4 src/ASF/thirdparty/freertos/freertos-7.0.0/source/tasks.o
 .bss.xNumOfOverflows
                0x00000c88        0x4 src/ASF/thirdparty/freertos/freertos-7.0.0/source/tasks.o
 .bss.pxOverflowDelayedTaskList
                0x00000c8c        0x4 src/ASF/thirdparty/freertos/freertos-7.0.0/source/tasks.o
 .bss.pxReadyTasksLists
                0x00000c90       0xa0 src/ASF/thirdparty/freertos/freertos-7.0.0/source/tasks.o
 .bss.xTasksWaitingTermination
                0x00000d30       0x14 src/ASF/thirdparty/freertos/freertos-7.0.0/source/tasks.o
 .bss.pxCurrentTCB
                0x00000d44        0x4 src/ASF/thirdparty/freertos/freertos-7.0.0/source/tasks.o
                0x00000d44                pxCurrentTCB
 .bss.xPendingReadyList
                0x00000d48       0x14 src/ASF/thirdparty/freertos/freertos-7.0.0/source/tasks.o
 .bss.xDelayedTaskList1
                0x00000d5c       0x14 src/ASF/thirdparty/freertos/freertos-7.0.0/source/tasks.o
 .bss.xTickCount
                0x00000d70        0x4 src/ASF/thirdparty/freertos/freertos-7.0.0/source/tasks.o
 .bss.uxSchedulerSuspended
                0x00000d74        0x4 src/ASF/thirdparty/freertos/freertos-7.0.0/source/tasks.o
 .bss.xDelayedTaskList2
                0x00000d78       0x14 src/ASF/thirdparty/freertos/freertos-7.0.0/source/tasks.o
 .bss.uxTaskNumber
                0x00000d8c        0x4 src/ASF/thirdparty/freertos/freertos-7.0.0/source/tasks.o
 .bss.uxCurrentNumberOfTasks
                0x00000d90        0x4 src/ASF/thirdparty/freertos/freertos-7.0.0/source/tasks.o
 .bss.xMissedYield
                0x00000d94        0x4 src/ASF/thirdparty/freertos/freertos-7.0.0/source/tasks.o
 .bss.xSuspendedTaskList
                0x00000d98       0x14 src/ASF/thirdparty/freertos/freertos-7.0.0/source/tasks.o
 .bss.uxTopReadyPriority
                0x00000dac        0x4 src/ASF/thirdparty/freertos/freertos-7.0.0/source/tasks.o
 .bss.lench.11294
                0x00000db0        0x1 src/Log/log.o
 .bss.lench.11364
                0x00000db1        0x1 src/Log/log.o
 *fill*         0x00000db2        0x2 
 .bss.__malloc_max_total_mem
                0x00000db4        0x4 e:/program x86/atmel/studio/7.0/toolchain/avr32/avr32-gnu-toolchain/bin/../lib/gcc/avr32/4.4.7/../../../../avr32/lib/ucr2\libc.a(lib_a-mallocr.o)
                0x00000db4                __malloc_max_total_mem
 .bss.__malloc_max_sbrked_mem
                0x00000db8        0x4 e:/program x86/atmel/studio/7.0/toolchain/avr32/avr32-gnu-toolchain/bin/../lib/gcc/avr32/4.4.7/../../../../avr32/lib/ucr2\libc.a(lib_a-mallocr.o)
                0x00000db8                __malloc_max_sbrked_mem
 .bss.__malloc_top_pad
                0x00000dbc        0x4 e:/program x86/atmel/studio/7.0/toolchain/avr32/avr32-gnu-toolchain/bin/../lib/gcc/avr32/4.4.7/../../../../avr32/lib/ucr2\libc.a(lib_a-mallocr.o)
                0x00000dbc                __malloc_top_pad
 .bss.__malloc_current_mallinfo
                0x00000dc0       0x28 e:/program x86/atmel/studio/7.0/toolchain/avr32/avr32-gnu-toolchain/bin/../lib/gcc/avr32/4.4.7/../../../../avr32/lib/ucr2\libc.a(lib_a-mallocr.o)
                0x00000dc0                __malloc_current_mallinfo
 .bss.cur_heap_pos.1869
                0x00000de8        0x4 e:/program x86/atmel/studio/7.0/toolchain/avr32/avr32-gnu-toolchain/bin/../lib/gcc/avr32/4.4.7/../../../../avr32/lib/ucr2\libc.a(lib_a-syscalls.o)
 *(COMMON)
 COMMON         0x00000dec        0xa src/Application/app/app.o
                0x00000dec                bunchofrandomstatusflags
                0x00000df0                Current_time
 *fill*         0x00000df6        0x2 
 COMMON         0x00000df8     0x1004 src/Application/flash/data_flash.o
                0x00000df8                FLASH_BUF
                0x00001df8                spi
 COMMON         0x00001dfc      0x122 src/Application/radio/ambe.o
                0x00001dfc                AMBEBurst_rawdata
                0x00001e04                Radio_Internal_Data
                0x00001e08                AMBE_DecryptionKey
                0x00001e10                SendAMBEBurst_EncryptionPackage
                0x00001f00                VBSP_data
                0x00001f04                Soft_Decision_Data
 COMMON         0x00001f1e     0x3200 src/Application/radio/physical.o
                0x00001f1e                payload_store
                0x0000331e                xnl_store
 *fill*         0x0000511e        0x2 
 COMMON         0x00005120       0x4c src/Application/radio/ssc.o
                0x00005120                intDuration
                0x00005124                BufferIndex
                0x00005128                intStartCount
                0x0000512c                RxBuffer
                0x0000514c                TxBuffer
 COMMON         0x0000516c        0x4 src/Application/radio/xcmp.o
                0x0000516c                app_list
 COMMON         0x00005170       0x18 src/Application/RFID/RFID.o
                0x00005170                RFID
                0x00005180                CT
                0x00005184                SN
 COMMON         0x00005188        0x4 src/ASF/avr32/drivers/spi/spi.o
                0x00005188                xSPIMutex
 COMMON         0x0000518c        0x4 src/ASF/thirdparty/freertos/freertos-7.0.0/source/portable/gcc/avr32_uc3/write.o
                0x0000518c                stdio_usart_base
 COMMON         0x00005190        0x4 src/Log/log.o
                0x00005190                logQueue
 COMMON         0x00005194        0x4 e:/program x86/atmel/studio/7.0/toolchain/avr32/avr32-gnu-toolchain/bin/../lib/gcc/avr32/4.4.7/../../../../avr32/lib/ucr2\libc.a(lib_a-reent.o)
                0x00005194                errno
                0x00005198                . = ALIGN (0x8)
                0x00005198                . = ALIGN (0x8)
                0x00005198                _end = .
                0x00005198                PROVIDE (end, .)
                0x00005198                __heap_start__ = ALIGN (0x8)
                0x00017000                . = ((ORIGIN (CPUSRAM) + 0x17ffc) - _stack_size)
                0x00017000                __heap_end__ = .

.stab
 *(.stab)

.stabstr
 *(.stabstr)

.stab.excl
 *(.stab.excl)

.stab.exclstr
 *(.stab.exclstr)

.stab.index
 *(.stab.index)

.stab.indexstr
 *(.stab.indexstr)

.comment        0x00000000       0x30
 *(.comment)
 .comment       0x00000000       0x30 src/Application/app/app.o
                                 0x31 (size before relaxing)
 .comment       0x00000000       0x31 src/Application/flash/data_flash.o
 .comment       0x00000000       0x31 src/Application/radio/ambe.o
 .comment       0x00000000       0x31 src/Application/radio/payload.o
 .comment       0x00000000       0x31 src/Application/radio/physical.o
 .comment       0x00000000       0x31 src/Application/radio/ssc.o
 .comment       0x00000000       0x31 src/Application/radio/xcmp.o
 .comment       0x00000000       0x31 src/Application/radio/xnl.o
 .comment       0x00000000       0x31 src/Application/RFID/MFRC522/rc522.o
 .comment       0x00000000       0x31 src/Application/RFID/RFID.o
 .comment       0x00000000       0x31 src/Application/timers/timer.o
 .comment       0x00000000       0x31 src/Application/xgflash/xgflash.o
 .comment       0x00000000       0x31 src/ASF/avr32/drivers/flashc/flashc.o
 .comment       0x00000000       0x31 src/ASF/avr32/drivers/gpio/gpio.o
 .comment       0x00000000       0x31 src/ASF/avr32/drivers/intc/intc.o
 .comment       0x00000000       0x31 src/ASF/avr32/drivers/spi/spi.o
 .comment       0x00000000       0x31 src/ASF/avr32/drivers/usart/usart.o
 .comment       0x00000000       0x31 src/ASF/thirdparty/freertos/freertos-7.0.0/source/list.o
 .comment       0x00000000       0x31 src/ASF/thirdparty/freertos/freertos-7.0.0/source/portable/gcc/avr32_uc3/port.o
 .comment       0x00000000       0x31 src/ASF/thirdparty/freertos/freertos-7.0.0/source/portable/gcc/avr32_uc3/read.o
 .comment       0x00000000       0x31 src/ASF/thirdparty/freertos/freertos-7.0.0/source/portable/gcc/avr32_uc3/write.o
 .comment       0x00000000       0x31 src/ASF/thirdparty/freertos/freertos-7.0.0/source/portable/memmang/heap_3.o
 .comment       0x00000000       0x31 src/ASF/thirdparty/freertos/freertos-7.0.0/source/queue.o
 .comment       0x00000000       0x31 src/ASF/thirdparty/freertos/freertos-7.0.0/source/tasks.o
 .comment       0x00000000       0x31 src/Log/log.o
 .comment       0x00000000       0x31 src/main.o
 .comment       0x00000000       0x31 e:/program x86/atmel/studio/7.0/toolchain/avr32/avr32-gnu-toolchain/bin/../lib/gcc/avr32/4.4.7/../../../../avr32/lib/ucr2\libc.a(lib_a-malloc.o)
 .comment       0x00000000       0x31 e:/program x86/atmel/studio/7.0/toolchain/avr32/avr32-gnu-toolchain/bin/../lib/gcc/avr32/4.4.7/../../../../avr32/lib/ucr2\libc.a(lib_a-mallocr.o)
 .comment       0x00000000       0x31 e:/program x86/atmel/studio/7.0/toolchain/avr32/avr32-gnu-toolchain/bin/../lib/gcc/avr32/4.4.7/../../../../avr32/lib/ucr2\libc.a(lib_a-memcmp.o)
 .comment       0x00000000       0x31 e:/program x86/atmel/studio/7.0/toolchain/avr32/avr32-gnu-toolchain/bin/../lib/gcc/avr32/4.4.7/../../../../avr32/lib/ucr2\libc.a(lib_a-memset.o)
 .comment       0x00000000       0x31 e:/program x86/atmel/studio/7.0/toolchain/avr32/avr32-gnu-toolchain/bin/../lib/gcc/avr32/4.4.7/../../../../avr32/lib/ucr2\libc.a(lib_a-reallocr.o)
 .comment       0x00000000       0x31 e:/program x86/atmel/studio/7.0/toolchain/avr32/avr32-gnu-toolchain/bin/../lib/gcc/avr32/4.4.7/../../../../avr32/lib/ucr2\libc.a(lib_a-sbrkr.o)
 .comment       0x00000000       0x31 e:/program x86/atmel/studio/7.0/toolchain/avr32/avr32-gnu-toolchain/bin/../lib/gcc/avr32/4.4.7/../../../../avr32/lib/ucr2\libc.a(lib_a-sprintf.o)
 .comment       0x00000000       0x31 e:/program x86/atmel/studio/7.0/toolchain/avr32/avr32-gnu-toolchain/bin/../lib/gcc/avr32/4.4.7/../../../../avr32/lib/ucr2\libc.a(lib_a-syscalls.o)
 .comment       0x00000000       0x31 e:/program x86/atmel/studio/7.0/toolchain/avr32/avr32-gnu-toolchain/bin/../lib/gcc/avr32/4.4.7/../../../../avr32/lib/ucr2\libc.a(lib_a-vfprintf.o)
 .comment       0x00000000       0x31 e:/program x86/atmel/studio/7.0/toolchain/avr32/avr32-gnu-toolchain/bin/../lib/gcc/avr32/4.4.7/../../../../avr32/lib/ucr2\libc.a(lib_a-wsetup.o)
 .comment       0x00000000       0x31 e:/program x86/atmel/studio/7.0/toolchain/avr32/avr32-gnu-toolchain/bin/../lib/gcc/avr32/4.4.7/../../../../avr32/lib/ucr2\libc.a(lib_a-dtoa.o)
 .comment       0x00000000       0x31 e:/program x86/atmel/studio/7.0/toolchain/avr32/avr32-gnu-toolchain/bin/../lib/gcc/avr32/4.4.7/../../../../avr32/lib/ucr2\libc.a(lib_a-errno.o)
 .comment       0x00000000       0x31 e:/program x86/atmel/studio/7.0/toolchain/avr32/avr32-gnu-toolchain/bin/../lib/gcc/avr32/4.4.7/../../../../avr32/lib/ucr2\libc.a(lib_a-fflush.o)
 .comment       0x00000000       0x31 e:/program x86/atmel/studio/7.0/toolchain/avr32/avr32-gnu-toolchain/bin/../lib/gcc/avr32/4.4.7/../../../../avr32/lib/ucr2\libc.a(lib_a-findfp.o)
 .comment       0x00000000       0x31 e:/program x86/atmel/studio/7.0/toolchain/avr32/avr32-gnu-toolchain/bin/../lib/gcc/avr32/4.4.7/../../../../avr32/lib/ucr2\libc.a(lib_a-freer.o)
 .comment       0x00000000       0x31 e:/program x86/atmel/studio/7.0/toolchain/avr32/avr32-gnu-toolchain/bin/../lib/gcc/avr32/4.4.7/../../../../avr32/lib/ucr2\libc.a(lib_a-fvwrite.o)
 .comment       0x00000000       0x31 e:/program x86/atmel/studio/7.0/toolchain/avr32/avr32-gnu-toolchain/bin/../lib/gcc/avr32/4.4.7/../../../../avr32/lib/ucr2\libc.a(lib_a-fwalk.o)
 .comment       0x00000000       0x31 e:/program x86/atmel/studio/7.0/toolchain/avr32/avr32-gnu-toolchain/bin/../lib/gcc/avr32/4.4.7/../../../../avr32/lib/ucr2\libc.a(lib_a-impure.o)
 .comment       0x00000000       0x31 e:/program x86/atmel/studio/7.0/toolchain/avr32/avr32-gnu-toolchain/bin/../lib/gcc/avr32/4.4.7/../../../../avr32/lib/ucr2\libc.a(lib_a-locale.o)
 .comment       0x00000000       0x31 e:/program x86/atmel/studio/7.0/toolchain/avr32/avr32-gnu-toolchain/bin/../lib/gcc/avr32/4.4.7/../../../../avr32/lib/ucr2\libc.a(lib_a-makebuf.o)
 .comment       0x00000000       0x31 e:/program x86/atmel/studio/7.0/toolchain/avr32/avr32-gnu-toolchain/bin/../lib/gcc/avr32/4.4.7/../../../../avr32/lib/ucr2\libc.a(lib_a-memchr.o)
 .comment       0x00000000       0x31 e:/program x86/atmel/studio/7.0/toolchain/avr32/avr32-gnu-toolchain/bin/../lib/gcc/avr32/4.4.7/../../../../avr32/lib/ucr2\libc.a(lib_a-memmove.o)
 .comment       0x00000000       0x31 e:/program x86/atmel/studio/7.0/toolchain/avr32/avr32-gnu-toolchain/bin/../lib/gcc/avr32/4.4.7/../../../../avr32/lib/ucr2\libc.a(lib_a-mprec.o)
 .comment       0x00000000       0x31 e:/program x86/atmel/studio/7.0/toolchain/avr32/avr32-gnu-toolchain/bin/../lib/gcc/avr32/4.4.7/../../../../avr32/lib/ucr2\libc.a(lib_a-reent.o)
 .comment       0x00000000       0x31 e:/program x86/atmel/studio/7.0/toolchain/avr32/avr32-gnu-toolchain/bin/../lib/gcc/avr32/4.4.7/../../../../avr32/lib/ucr2\libc.a(lib_a-s_isinfd.o)
 .comment       0x00000000       0x31 e:/program x86/atmel/studio/7.0/toolchain/avr32/avr32-gnu-toolchain/bin/../lib/gcc/avr32/4.4.7/../../../../avr32/lib/ucr2\libc.a(lib_a-s_isnand.o)
 .comment       0x00000000       0x31 e:/program x86/atmel/studio/7.0/toolchain/avr32/avr32-gnu-toolchain/bin/../lib/gcc/avr32/4.4.7/../../../../avr32/lib/ucr2\libc.a(lib_a-stdio.o)
 .comment       0x00000000       0x31 e:/program x86/atmel/studio/7.0/toolchain/avr32/avr32-gnu-toolchain/bin/../lib/gcc/avr32/4.4.7/../../../../avr32/lib/ucr2\libc.a(lib_a-strlen.o)
 .comment       0x00000000       0x31 e:/program x86/atmel/studio/7.0/toolchain/avr32/avr32-gnu-toolchain/bin/../lib/gcc/avr32/4.4.7/../../../../avr32/lib/ucr2\libc.a(lib_a-writer.o)
 .comment       0x00000000       0x31 e:/program x86/atmel/studio/7.0/toolchain/avr32/avr32-gnu-toolchain/bin/../lib/gcc/avr32/4.4.7/../../../../avr32/lib/ucr2\libc.a(lib_a-callocr.o)
 .comment       0x00000000       0x31 e:/program x86/atmel/studio/7.0/toolchain/avr32/avr32-gnu-toolchain/bin/../lib/gcc/avr32/4.4.7/../../../../avr32/lib/ucr2\libc.a(lib_a-closer.o)
 .comment       0x00000000       0x31 e:/program x86/atmel/studio/7.0/toolchain/avr32/avr32-gnu-toolchain/bin/../lib/gcc/avr32/4.4.7/../../../../avr32/lib/ucr2\libc.a(lib_a-fclose.o)
 .comment       0x00000000       0x31 e:/program x86/atmel/studio/7.0/toolchain/avr32/avr32-gnu-toolchain/bin/../lib/gcc/avr32/4.4.7/../../../../avr32/lib/ucr2\libc.a(lib_a-fstatr.o)
 .comment       0x00000000       0x31 e:/program x86/atmel/studio/7.0/toolchain/avr32/avr32-gnu-toolchain/bin/../lib/gcc/avr32/4.4.7/../../../../avr32/lib/ucr2\libc.a(lib_a-lseekr.o)
 .comment       0x00000000       0x31 e:/program x86/atmel/studio/7.0/toolchain/avr32/avr32-gnu-toolchain/bin/../lib/gcc/avr32/4.4.7/../../../../avr32/lib/ucr2\libc.a(lib_a-readr.o)
 .comment       0x00000000       0x31 e:/program x86/atmel/studio/7.0/toolchain/avr32/avr32-gnu-toolchain/bin/../lib/gcc/avr32/4.4.7/ucr2\libgcc.a(_udivdi3.o)