Archive member included because of file (symbol)

e:/program x86/atmel/studio/7.0/toolchain/avr32/avr32-gnu-toolchain/bin/../lib/gcc/avr32/4.4.7/../../../../avr32/lib/ucr2\libc.a(lib_a-malloc.o)
                              src/ASF/thirdparty/freertos/freertos-7.0.0/source/portable/memmang/heap_3.o (free)
e:/program x86/atmel/studio/7.0/toolchain/avr32/avr32-gnu-toolchain/bin/../lib/gcc/avr32/4.4.7/../../../../avr32/lib/ucr2\libc.a(lib_a-mallocr.o)
                              e:/program x86/atmel/studio/7.0/toolchain/avr32/avr32-gnu-toolchain/bin/../lib/gcc/avr32/4.4.7/../../../../avr32/lib/ucr2\libc.a(lib_a-malloc.o) (_malloc_r)
e:/program x86/atmel/studio/7.0/toolchain/avr32/avr32-gnu-toolchain/bin/../lib/gcc/avr32/4.4.7/../../../../avr32/lib/ucr2\libc.a(lib_a-memcmp.o)
                              src/Application/voice/voice.o (memcmp)
e:/program x86/atmel/studio/7.0/toolchain/avr32/avr32-gnu-toolchain/bin/../lib/gcc/avr32/4.4.7/../../../../avr32/lib/ucr2\libc.a(lib_a-memcpy.o)
                              src/Application/app/app.o (memcpy)
e:/program x86/atmel/studio/7.0/toolchain/avr32/avr32-gnu-toolchain/bin/../lib/gcc/avr32/4.4.7/../../../../avr32/lib/ucr2\libc.a(lib_a-memset.o)
                              src/Application/app/app.o (memset)
e:/program x86/atmel/studio/7.0/toolchain/avr32/avr32-gnu-toolchain/bin/../lib/gcc/avr32/4.4.7/../../../../avr32/lib/ucr2\libc.a(lib_a-realloc.o)
                              src/ASF/thirdparty/freertos/freertos-7.0.0/source/portable/gcc/avr32_uc3/port.o (realloc)
e:/program x86/atmel/studio/7.0/toolchain/avr32/avr32-gnu-toolchain/bin/../lib/gcc/avr32/4.4.7/../../../../avr32/lib/ucr2\libc.a(lib_a-reallocr.o)
                              e:/program x86/atmel/studio/7.0/toolchain/avr32/avr32-gnu-toolchain/bin/../lib/gcc/avr32/4.4.7/../../../../avr32/lib/ucr2\libc.a(lib_a-realloc.o) (_realloc_r)
e:/program x86/atmel/studio/7.0/toolchain/avr32/avr32-gnu-toolchain/bin/../lib/gcc/avr32/4.4.7/../../../../avr32/lib/ucr2\libc.a(lib_a-sbrkr.o)
                              e:/program x86/atmel/studio/7.0/toolchain/avr32/avr32-gnu-toolchain/bin/../lib/gcc/avr32/4.4.7/../../../../avr32/lib/ucr2\libc.a(lib_a-mallocr.o) (_sbrk_r)
e:/program x86/atmel/studio/7.0/toolchain/avr32/avr32-gnu-toolchain/bin/../lib/gcc/avr32/4.4.7/../../../../avr32/lib/ucr2\libc.a(lib_a-sprintf.o)
                              src/Log/log.o (sprintf)
e:/program x86/atmel/studio/7.0/toolchain/avr32/avr32-gnu-toolchain/bin/../lib/gcc/avr32/4.4.7/../../../../avr32/lib/ucr2\libc.a(lib_a-strncpy.o)
                              src/ASF/thirdparty/freertos/freertos-7.0.0/source/tasks.o (strncpy)
e:/program x86/atmel/studio/7.0/toolchain/avr32/avr32-gnu-toolchain/bin/../lib/gcc/avr32/4.4.7/../../../../avr32/lib/ucr2\libc.a(lib_a-syscalls.o)
                              e:/program x86/atmel/studio/7.0/toolchain/avr32/avr32-gnu-toolchain/bin/../lib/gcc/avr32/4.4.7/../../../../avr32/lib/ucr2\libc.a(lib_a-sbrkr.o) (_sbrk)
e:/program x86/atmel/studio/7.0/toolchain/avr32/avr32-gnu-toolchain/bin/../lib/gcc/avr32/4.4.7/../../../../avr32/lib/ucr2\libc.a(lib_a-vfprintf.o)
                              e:/program x86/atmel/studio/7.0/toolchain/avr32/avr32-gnu-toolchain/bin/../lib/gcc/avr32/4.4.7/../../../../avr32/lib/ucr2\libc.a(lib_a-sprintf.o) (_vfprintf_r)
e:/program x86/atmel/studio/7.0/toolchain/avr32/avr32-gnu-toolchain/bin/../lib/gcc/avr32/4.4.7/../../../../avr32/lib/ucr2\libc.a(lib_a-wsetup.o)
                              e:/program x86/atmel/studio/7.0/toolchain/avr32/avr32-gnu-toolchain/bin/../lib/gcc/avr32/4.4.7/../../../../avr32/lib/ucr2\libc.a(lib_a-vfprintf.o) (__swsetup_r)
e:/program x86/atmel/studio/7.0/toolchain/avr32/avr32-gnu-toolchain/bin/../lib/gcc/avr32/4.4.7/../../../../avr32/lib/ucr2\libc.a(lib_a-dtoa.o)
                              e:/program x86/atmel/studio/7.0/toolchain/avr32/avr32-gnu-toolchain/bin/../lib/gcc/avr32/4.4.7/../../../../avr32/lib/ucr2\libc.a(lib_a-vfprintf.o) (_dtoa_r)
e:/program x86/atmel/studio/7.0/toolchain/avr32/avr32-gnu-toolchain/bin/../lib/gcc/avr32/4.4.7/../../../../avr32/lib/ucr2\libc.a(lib_a-errno.o)
                              e:/program x86/atmel/studio/7.0/toolchain/avr32/avr32-gnu-toolchain/bin/../lib/gcc/avr32/4.4.7/../../../../avr32/lib/ucr2\libc.a(lib_a-syscalls.o) (__errno)
e:/program x86/atmel/studio/7.0/toolchain/avr32/avr32-gnu-toolchain/bin/../lib/gcc/avr32/4.4.7/../../../../avr32/lib/ucr2\libc.a(lib_a-fflush.o)
                              e:/program x86/atmel/studio/7.0/toolchain/avr32/avr32-gnu-toolchain/bin/../lib/gcc/avr32/4.4.7/../../../../avr32/lib/ucr2\libc.a(lib_a-vfprintf.o) (_fflush_r)
e:/program x86/atmel/studio/7.0/toolchain/avr32/avr32-gnu-toolchain/bin/../lib/gcc/avr32/4.4.7/../../../../avr32/lib/ucr2\libc.a(lib_a-findfp.o)
                              e:/program x86/atmel/studio/7.0/toolchain/avr32/avr32-gnu-toolchain/bin/../lib/gcc/avr32/4.4.7/../../../../avr32/lib/ucr2\libc.a(lib_a-vfprintf.o) (__sinit)
[...]
Memory Configuration

Name             Origin             Length             Attributes
FLASH            0x80000000         0x00080000         axrl !w
CPUSRAM          0x00000004         0x00017ffc         axw !rl
USERPAGE         0x80800000         0x00000200
FACTORYPAGE      0x80800200         0x00000200
*default*        0x00000000         0xffffffff

Linker script and memory map

                0x00001000                _stack_size = 0x1000
LOAD src/Application/app/app.o
LOAD src/Application/flash/data_flash.o
LOAD src/Application/myrtc/xgrtc.o
LOAD src/Application/radio/ambe.o
LOAD src/Application/radio/AMBE_audio.o
LOAD src/Application/radio/AMBE_audio_2.o
LOAD src/Application/radio/audio.o
LOAD src/Application/radio/payload.o
LOAD src/Application/radio/physical.o
LOAD src/Application/radio/ssc.o
LOAD src/Application/radio/xcmp.o
LOAD src/Application/radio/xnl.o
LOAD src/Application/RFID/MFRC522/rc522.o
LOAD src/Application/RFID/RFID.o
LOAD src/Application/timers/timer.o
LOAD src/Application/voice/voice.o
LOAD src/Application/xgflash/xgflash.o
LOAD src/ASF/avr32/drivers/flashc/flashc.o
LOAD src/ASF/avr32/drivers/gpio/gpio.o
LOAD src/ASF/avr32/drivers/intc/intc.o
LOAD src/ASF/avr32/drivers/pm/pm.o
LOAD src/ASF/avr32/drivers/pm/pm_conf_clocks.o
LOAD src/ASF/avr32/drivers/pm/power_clocks_lib.o
LOAD src/ASF/avr32/drivers/rtc/rtc.o
LOAD src/ASF/avr32/drivers/spi/spi.o
LOAD src/ASF/avr32/drivers/tc/tc.o
LOAD src/ASF/avr32/drivers/twi/twi.o
LOAD src/ASF/avr32/drivers/usart/usart.o
LOAD src/ASF/avr32/utils/startup/startup_uc3.o
LOAD src/ASF/avr32/utils/startup/trampoline_uc3.o
LOAD src/ASF/common/boards/user_board/init.o
LOAD src/ASF/common/services/clock/uc3b0_b1/sysclk.o
LOAD src/ASF/common/services/spi/uc3_spi/spi_master.o
LOAD src/ASF/common/services/spi/uc3_usart_spi/usart_spi.o
LOAD src/ASF/thirdparty/freertos/freertos-7.0.0/source/croutine.o
LOAD src/ASF/thirdparty/freertos/freertos-7.0.0/source/list.o
LOAD src/ASF/thirdparty/freertos/freertos-7.0.0/source/portable/gcc/avr32_uc3/exception.o
LOAD src/ASF/thirdparty/freertos/freertos-7.0.0/source/portable/gcc/avr32_uc3/port.o
LOAD src/ASF/thirdparty/freertos/freertos-7.0.0/source/portable/gcc/avr32_uc3/read.o
LOAD src/ASF/thirdparty/freertos/freertos-7.0.0/source/portable/gcc/avr32_uc3/write.o
LOAD src/ASF/thirdparty/freertos/freertos-7.0.0/source/portable/memmang/heap_3.o
LOAD src/ASF/thirdparty/freertos/freertos-7.0.0/source/queue.o
LOAD src/ASF/thirdparty/freertos/freertos-7.0.0/source/tasks.o
LOAD src/Log/log.o
LOAD src/main.o
START GROUP
LOAD e:/program x86/atmel/studio/7.0/toolchain/avr32/avr32-gnu-toolchain/bin/../lib/gcc/avr32/4.4.7/../../../../avr32/lib/ucr2\libm.a
END GROUP
LOAD e:/program x86/atmel/studio/7.0/toolchain/avr32/avr32-gnu-toolchain/bin/../lib/gcc/avr32/4.4.7/ucr2\libgcc.a
LOAD e:/program x86/atmel/studio/7.0/toolchain/avr32/avr32-gnu-toolchain/bin/../lib/gcc/avr32/4.4.7/../../../../avr32/lib/ucr2\libc.a
LOAD e:/program x86/atmel/studio/7.0/toolchain/avr32/avr32-gnu-toolchain/bin/../lib/gcc/avr32/4.4.7/ucr2\libgcc.a
                0x80000000                PROVIDE (__executable_start, 0x80000000)
                0x80000000                . = 0x80000000

.interp
 *(.interp)

.reset          0x80000000     0x2004
 *(.reset)
 .reset         0x80000000     0x2004 src/ASF/avr32/utils/startup/trampoline_uc3.o
                               0x2008 (size before relaxing)
                0x80000000                _trampoline

.hash
 *(.hash)

.dynsym
 *(.dynsym)

.dynstr
 *(.dynstr)

.gnu.version
 *(.gnu.version)

.gnu.version_d
 *(.gnu.version_d)

.gnu.version_r
 *(.gnu.version_r)

.rel.init
 *(.rel.init)

.rela.init
 *(.rela.init)

.rel.text
 *(.rel.text .rel.text.* .rel.gnu.linkonce.t.*)

.rela.text
 *(.rela.text .rela.text.* .rela.gnu.linkonce.t.*)

.rel.fini
 *(.rel.fini)

.rela.fini
 *(.rela.fini)

.rel.rodata
 *(.rel.rodata .rel.rodata.* .rel.gnu.linkonce.r.*)

.rela.rodata
 *(.rela.rodata .rela.rodata.* .rela.gnu.linkonce.r.*)

.rel.data.rel.ro
 *(.rel.data.rel.ro*)

.rela.data.rel.ro
 *(.rel.data.rel.ro*)

.rel.data
 *(.rel.data .rel.data.* .rel.gnu.linkonce.d.*)

.rela.data
 *(.rela.data .rela.data.* .rela.gnu.linkonce.d.*)

.rel.tdata
 *(.rel.tdata .rel.tdata.* .rel.gnu.linkonce.td.*)

.rela.tdata
 *(.rela.tdata .rela.tdata.* .rela.gnu.linkonce.td.*)

.rel.tbss
 *(.rel.tbss .rel.tbss.* .rel.gnu.linkonce.tb.*)

.rela.tbss
 *(.rela.tbss .rela.tbss.* .rela.gnu.linkonce.tb.*)

.rel.ctors
 *(.rel.ctors)

.rela.ctors
 *(.rela.ctors)

.rel.dtors
 *(.rel.dtors)

.rela.dtors
 *(.rela.dtors)

.rel.got
 *(.rel.got)

.rela.got       0x80002004        0x0
 *(.rela.got)
 .rela.got      0x80002004        0x0 src/Application/app/app.o

.rel.bss
 *(.rel.bss .rel.bss.* .rel.gnu.linkonce.b.*)

.rela.bss
 *(.rela.bss .rela.bss.* .rela.gnu.linkonce.b.*)

.rel.plt
 *(.rel.plt)

.rela.plt
 *(.rela.plt)

.init
 *(.init)

.plt
 *(.plt)

.text           0x80002004     0xaac4
 *(.text .stub .text.* .gnu.linkonce.t.*)
 .text.DeviceManagement_brdcst_func
                0x80002004       0x40 src/Application/app/app.o
                0x80002004                DeviceManagement_brdcst_func
 .text.Volume_brdcst_func
                0x80002044        0x2 src/Application/app/app.o
                0x80002044                Volume_brdcst_func
 .text.AudioRoutingControl_brdcst_func
                0x80002046        0x2 src/Application/app/app.o
                0x80002046                AudioRoutingControl_brdcst_func
 .text.vApplicationIdleHook
                0x80002048       0x10 src/Application/app/app.o
                0x80002048                vApplicationIdleHook
 .text.app_payload_tx_proc
                0x80002058       0x14 src/Application/app/app.o
 .text.app_payload_rx_proc
                0x8000206c       0x34 src/Application/app/app.o
 .text.FD_brdcst_func
                0x800020a0       0x14 src/Application/app/app.o
                0x800020a0                FD_brdcst_func
 .text.FD_reply_func
                0x800020b4       0x14 src/Application/app/app.o
                0x800020b4                FD_reply_func
 .text.FD_request_func
                0x800020c8       0x14 src/Application/app/app.o
                0x800020c8                FD_request_func
 .text.EnOB_brdcst_func
                0x800020dc       0x14 src/Application/app/app.o
                0x800020dc                EnOB_brdcst_func
 .text.EnOB_reply_func
                0x800020f0       0x70 src/Application/app/app.o
                0x800020f0                EnOB_reply_func
 .text.SingleDetection_brdcst_func
                0x80002160       0x4c src/Application/app/app.o
                0x80002160                SingleDetection_brdcst_func
 .text.ButtonConfig_brdcst_func
                0x800021ac       0xdc src/Application/app/app.o
                0x800021ac                ButtonConfig_brdcst_func
 .text.ButtonConfig_reply_func
                0x80002288       0x44 src/Application/app/app.o
                0x80002288                ButtonConfig_reply_func
 .text.BatteryLevel_brdcst_func
                0x800022cc       0x30 src/Application/app/app.o
                0x800022cc                BatteryLevel_brdcst_func
 .text.ShutDown_brdcst_func
                0x800022fc       0x30 src/Application/app/app.o
                0x800022fc                ShutDown_brdcst_func
 .text.DataSession_reply_func
                0x8000232c       0x5c src/Application/app/app.o
                0x8000232c                DataSession_reply_func
 .text.CallControl_brdcst_func
                0x80002388       0x44 src/Application/app/app.o
                0x80002388                CallControl_brdcst_func
 .text.TransmitControl_brdcst_func
                0x800023cc       0x48 src/Application/app/app.o
                0x800023cc                TransmitControl_brdcst_func
 .text.TransmitControl_reply_func
                0x80002414       0x60 src/Application/app/app.o
                0x80002414                TransmitControl_reply_func
 .text.AudioRoutingControl_reply_func
                0x80002474       0x28 src/Application/app/app.o
                0x80002474                AudioRoutingControl_reply_func
 .text.Volume_reply_func
                0x8000249c       0x64 src/Application/app/app.o
                0x8000249c                Volume_reply_func
 .text.spk_brdcst_func
                0x80002500       0x38 src/Application/app/app.o
                0x80002500                spk_brdcst_func
 .text.spk_reply_func
                0x80002538       0x48 src/Application/app/app.o
                0x80002538                spk_reply_func
 .text.mic_brdcst_func
                0x80002580       0x58 src/Application/app/app.o
                0x80002580                mic_brdcst_func
 .text.mic_reply_func
                0x800025d8       0x94 src/Application/app/app.o
                0x800025d8                mic_reply_func
 .text.dcm_brdcst_func
                0x8000266c       0x48 src/Application/app/app.o
                0x8000266c                dcm_brdcst_func
 .text.dcm_reply_func
                0x800026b4       0x68 src/Application/app/app.o
                0x800026b4                dcm_reply_func
 .text.ToneControl_reply_func
                0x8000271c       0x28 src/Application/app/app.o
                0x8000271c                ToneControl_reply_func
 .text.app_init
                0x80002744       0x78 src/Application/app/app.o
                0x80002744                app_init
 .text.app_cfg  0x800027bc      0x134 src/Application/app/app.o
 .text.DataSession_brdcst_func
                0x800028f0       0xa4 src/Application/app/app.o
                0x800028f0                DataSession_brdcst_func
 .text.Phyuserinput_brdcst_func
                0x80002994       0x58 src/Application/app/app.o
                0x80002994                Phyuserinput_brdcst_func
 .text.DeviceInitializationStatus_brdcst_func
                0x800029ec       0x50 src/Application/app/app.o
                0x800029ec                DeviceInitializationStatus_brdcst_func
 .text.CalculateBurst
                0x80002a3c       0x1c src/Application/radio/ambe.o
                0x80002a3c                CalculateBurst
 .text.payload_init
                0x80002a58       0x14 src/Application/radio/payload.o
                0x80002a58                payload_init
 .text.set_idle_store_isr
                0x80002a6c       0x1c src/Application/radio/physical.o
                0x80002a6c                set_idle_store_isr
 .text.payload_rx
                0x80002a88       0x18 src/Application/radio/physical.o
 .text.phy_rx   0x80002aa0       0x38 src/Application/radio/physical.o
                0x80002aa0                phy_rx
 .text.set_idle_store
                0x80002ad8       0x20 src/Application/radio/physical.o
                0x80002ad8                set_idle_store
 .text.phy_tx   0x80002af8       0x5c src/Application/radio/physical.o
                0x80002af8                phy_tx
 .text.get_idle_store_isr
                0x80002b54       0x28 src/Application/radio/physical.o
                0x80002b54                get_idle_store_isr
 .text.phy_tx_func
                0x80002b7c      0x108 src/Application/radio/physical.o
 .text.get_idle_store
                0x80002c84       0x28 src/Application/radio/physical.o
                0x80002c84                get_idle_store
 .text.phy_init
                0x80002cac       0x20 src/Application/radio/physical.o
                0x80002cac                phy_init
 .text.phy_rx_func
                0x80002ccc      0xf24 src/Application/radio/physical.o
 .text.pdca_int_handler
                0x80003bf0       0x80 src/Application/radio/ssc.o
 .text.local_start_SSC
                0x80003c70       0x44 src/Application/radio/ssc.o
                0x80003c70                local_start_SSC
 .text.local_start_PDC
                0x80003cb4       0x6c src/Application/radio/ssc.o
                0x80003cb4                local_start_PDC
 .text.register_rx_tx_func
                0x80003d20       0x14 src/Application/radio/ssc.o
                0x80003d20                register_rx_tx_func
 .text.ssc_init
                0x80003d34       0x74 src/Application/radio/ssc.o
                0x80003d34                ssc_init
 .text.xcmp_register_app_list
                0x80003da8        0xc src/Application/radio/xcmp.o
                0x80003da8                xcmp_register_app_list
 .text.xcmp_tx  0x80003db4       0x48 src/Application/radio/xcmp.o
 .text.xcmp_data_session_req
                0x80003dfc       0x90 src/Application/radio/xcmp.o
                0x80003dfc                xcmp_data_session_req
 .text.xcmp_DeviceInitializationStatus_request
                0x80003e8c       0x48 src/Application/radio/xcmp.o
                0x80003e8c                xcmp_DeviceInitializationStatus_request
 .text.xcmp_opcode_not_supported
                0x80003ed4       0x24 src/Application/radio/xcmp.o
                0x80003ed4                xcmp_opcode_not_supported
 .text.xcmp_exec_func
                0x80003ef8       0x48 src/Application/radio/xcmp.o
 .text.xcmp_IdleTestTone
                0x80003f40       0x60 src/Application/radio/xcmp.o
                0x80003f40                xcmp_IdleTestTone
 .text.xcmp_init
                0x80003fa0       0x54 src/Application/radio/xcmp.o
                0x80003fa0                xcmp_init
 .text.xcmp_rx_process
                0x80003ff4       0xfc src/Application/radio/xcmp.o
 .text.xcmp_rx  0x800040f0       0x4c src/Application/radio/xcmp.o
 .text.xnl_register_xcmp_func
                0x8000413c        0xc src/Application/radio/xnl.o
                0x8000413c                xnl_register_xcmp_func
 .text.xnl_get_msg_ack_func
                0x80004148       0x2c src/Application/radio/xnl.o
                0x80004148                xnl_get_msg_ack_func
 .text.xnl_init
                0x80004174      0x12c src/Application/radio/xnl.o
                0x80004174                xnl_init
 .text.xnl_rx_process
                0x800042a0       0x60 src/Application/radio/xnl.o
 .text.xnl_tx_process
                0x80004300       0xcc src/Application/radio/xnl.o
 .text.xnl_tx   0x800043cc       0xe4 src/Application/radio/xnl.o
                0x800043cc                xnl_tx
 .text.xnl_data_msg_func
                0x800044b0       0x60 src/Application/radio/xnl.o
                0x800044b0                xnl_data_msg_func
 .text.xnl_device_auth_reply_func
                0x80004510      0x120 src/Application/radio/xnl.o
                0x80004510                xnl_device_auth_reply_func
 .text.xnl_master_status_brdcst_func
                0x80004630       0x60 src/Application/radio/xnl.o
                0x80004630                xnl_master_status_brdcst_func
 .text.xnl_device_conn_reply_func
                0x80004690       0x5c src/Application/radio/xnl.o
                0x80004690                xnl_device_conn_reply_func
 .text.xnl_send_device_master_query
                0x800046ec       0x30 src/Application/radio/xnl.o
                0x800046ec                xnl_send_device_master_query
 .text.RC522_SPI_SetSpeed
                0x8000471c       0x24 src/Application/RFID/MFRC522/rc522.o
                0x8000471c                RC522_SPI_SetSpeed
 .text.RC522_SPI_SetSpeedLow
                0x80004740       0x10 src/Application/RFID/MFRC522/rc522.o
                0x80004740                RC522_SPI_SetSpeedLow
 .text.RC522_ReadByte
                0x80004750       0x2c src/Application/RFID/MFRC522/rc522.o
                0x80004750                RC522_ReadByte
 .text.RC522_WriteByte
                0x8000477c       0x30 src/Application/RFID/MFRC522/rc522.o
                0x8000477c                RC522_WriteByte
 .text.WriteRawRC
                0x800047ac       0x40 src/Application/RFID/MFRC522/rc522.o
                0x800047ac                WriteRawRC
 .text.PcdReset
                0x800047ec       0x80 src/Application/RFID/MFRC522/rc522.o
                0x800047ec                PcdReset
 .text.ReadRawRC
                0x8000486c       0x48 src/Application/RFID/MFRC522/rc522.o
                0x8000486c                ReadRawRC
 .text.Wait_Wakeup_RC522
                0x800048b4       0x10 src/Application/RFID/MFRC522/rc522.o
                0x800048b4                Wait_Wakeup_RC522
 .text.Powerdown_RC522
                0x800048c4       0x4c src/Application/RFID/MFRC522/rc522.o
                0x800048c4                Powerdown_RC522
 .text.SetBitMask
                0x80004910       0x24 src/Application/RFID/MFRC522/rc522.o
                0x80004910                SetBitMask
 .text.PcdAntennaOn
                0x80004934       0x20 src/Application/RFID/MFRC522/rc522.o
                0x80004934                PcdAntennaOn
 .text.ClearBitMask
                0x80004954       0x28 src/Application/RFID/MFRC522/rc522.o
                0x80004954                ClearBitMask
 .text.PcdAntennaOff
                0x8000497c       0x10 src/Application/RFID/MFRC522/rc522.o
                0x8000497c                PcdAntennaOff
 .text.M500PcdConfigISOType
                0x8000498c       0x70 src/Application/RFID/MFRC522/rc522.o
                0x8000498c                M500PcdConfigISOType
 .text.rc522_init
                0x800049fc       0xd8 src/Application/RFID/MFRC522/rc522.o
                0x800049fc                rc522_init
 .text.PcdComMF522
                0x80004ad4      0x178 src/Application/RFID/MFRC522/rc522.o
                0x80004ad4                PcdComMF522
 .text.PcdAnticoll
                0x80004c4c       0x84 src/Application/RFID/MFRC522/rc522.o
                0x80004c4c                PcdAnticoll
 .text.PcdRequest
                0x80004cd0       0x64 src/Application/RFID/MFRC522/rc522.o
                0x80004cd0                PcdRequest
 .text.CalulateCRC
                0x80004d34       0x8c src/Application/RFID/MFRC522/rc522.o
                0x80004d34                CalulateCRC
 .text.PcdSelect
                0x80004dc0       0x74 src/Application/RFID/MFRC522/rc522.o
                0x80004dc0                PcdSelect
 .text.rfid_auto_reader
                0x80004e34      0x114 src/Application/RFID/RFID.o
                0x80004e34                rfid_auto_reader
 .text.scan_patrol
                0x80004f48       0x50 src/Application/RFID/RFID.o
                0x80004f48                scan_patrol
 .text.rfid_sendID_message
                0x80004f98      0x158 src/Application/RFID/RFID.o
                0x80004f98                rfid_sendID_message
 .text.rfid_init
                0x800050f0        0xc src/Application/RFID/RFID.o
                0x800050f0                rfid_init
 .text.delay_ns
                0x800050fc       0x16 src/Application/timers/timer.o
                0x800050fc                delay_ns
 *fill*         0x80005112        0x2 d703d703
 .text.delay_us
                0x80005114       0x28 src/Application/timers/timer.o
                0x80005114                delay_us
 .text.delay_ms
                0x8000513c       0x28 src/Application/timers/timer.o
                0x8000513c                delay_ms
 .text.local_start_timer
                0x80005164       0x2c src/Application/timers/timer.o
                0x80005164                local_start_timer
 .text.local_start_pll0
                0x80005190       0x94 src/Application/timers/timer.o
                0x80005190                local_start_pll0
 .text.xg_flashc_init
                0x80005224       0x90 src/Application/xgflash/xgflash.o
                0x80005224                xg_flashc_init
 .text.flashc_set_wait_state
                0x800052b4        0xe src/ASF/avr32/drivers/flashc/flashc.o
                0x800052b4                flashc_set_wait_state
 .text.gpio_enable_module_pin
                0x800052c2       0x52 src/ASF/avr32/drivers/gpio/gpio.o
                0x800052c2                gpio_enable_module_pin
 .text.gpio_enable_module
                0x80005314       0x30 src/ASF/avr32/drivers/gpio/gpio.o
                0x80005314                gpio_enable_module
 .text.gpio_enable_gpio_pin
                0x80005344       0x18 src/ASF/avr32/drivers/gpio/gpio.o
                0x80005344                gpio_enable_gpio_pin
 .text.gpio_set_gpio_pin
                0x8000535c       0x1c src/ASF/avr32/drivers/gpio/gpio.o
                0x8000535c                gpio_set_gpio_pin
 .text.gpio_clr_gpio_pin
                0x80005378       0x1c src/ASF/avr32/drivers/gpio/gpio.o
                0x80005378                gpio_clr_gpio_pin
 .text._unhandled_interrupt
                0x80005394        0x2 src/ASF/avr32/drivers/intc/intc.o
 *fill*         0x80005396        0x2 d703d703
 .text.INTC_register_interrupt
                0x80005398       0x80 src/ASF/avr32/drivers/intc/intc.o
                0x80005398                INTC_register_interrupt
 .text.INTC_init_interrupts
                0x80005418       0x54 src/ASF/avr32/drivers/intc/intc.o
                0x80005418                INTC_init_interrupts
 .text._get_interrupt_handler
                0x8000546c       0x38 src/ASF/avr32/drivers/intc/intc.o
                0x8000546c                _get_interrupt_handler
 .text.pm_set_osc0_mode
                0x800054a4        0xa src/ASF/avr32/drivers/pm/pm.o
 *fill*         0x800054ae        0x2 d703d703
 .text.pm_enable_osc0_crystal
                0x800054b0       0x3c src/ASF/avr32/drivers/pm/pm.o
                0x800054b0                pm_enable_osc0_crystal
 .text.pm_enable_clk0_no_wait
                0x800054ec       0x10 src/ASF/avr32/drivers/pm/pm.o
                0x800054ec                pm_enable_clk0_no_wait
 .text.pm_wait_for_clk0_ready
                0x800054fc        0xa src/ASF/avr32/drivers/pm/pm.o
                0x800054fc                pm_wait_for_clk0_ready
 *fill*         0x80005506        0x2 d703d703
 .text.pm_enable_clk0
                0x80005508       0x1c src/ASF/avr32/drivers/pm/pm.o
                0x80005508                pm_enable_clk0
 .text.pm_cksel
                0x80005524       0x46 src/ASF/avr32/drivers/pm/pm.o
                0x80005524                pm_cksel
 .text.pm_pll_setup
                0x8000556a       0x22 src/ASF/avr32/drivers/pm/pm.o
                0x8000556a                pm_pll_setup
 .text.pm_pll_set_option
                0x8000558c       0x1a src/ASF/avr32/drivers/pm/pm.o
                0x8000558c                pm_pll_set_option
 .text.pm_pll_enable
                0x800055a6        0xe src/ASF/avr32/drivers/pm/pm.o
                0x800055a6                pm_pll_enable
 .text.pm_wait_for_pll0_locked
                0x800055b4        0xa src/ASF/avr32/drivers/pm/pm.o
                0x800055b4                pm_wait_for_pll0_locked
 .text.pm_switch_to_clock
                0x800055be        0xa src/ASF/avr32/drivers/pm/pm.o
                0x800055be                pm_switch_to_clock
 .text.pm_switch_to_osc0
                0x800055c8       0x2c src/ASF/avr32/drivers/pm/pm.o
                0x800055c8                pm_switch_to_osc0
 .text.getBaudDiv
                0x800055f4       0x20 src/ASF/avr32/drivers/spi/spi.o
                0x800055f4                getBaudDiv
 .text.spi_initMaster
                0x80005614       0x38 src/ASF/avr32/drivers/spi/spi.o
                0x80005614                spi_initMaster
 .text.spi_selectionMode
                0x8000564c       0x2c src/ASF/avr32/drivers/spi/spi.o
                0x8000564c                spi_selectionMode
 .text.spi_enable
                0x80005678        0x6 src/ASF/avr32/drivers/spi/spi.o
                0x80005678                spi_enable
 .text.spi_write
                0x8000567e       0x1c src/ASF/avr32/drivers/spi/spi.o
                0x8000567e                spi_write
 .text.spi_read
                0x8000569a       0x20 src/ASF/avr32/drivers/spi/spi.o
                0x8000569a                spi_read
 *fill*         0x800056ba        0x2 d703d703
 .text.spi_setupChipReg
                0x800056bc       0xe8 src/ASF/avr32/drivers/spi/spi.o
                0x800056bc                spi_setupChipReg
 .text.spi_unselectChip
                0x800057a4       0x40 src/ASF/avr32/drivers/spi/spi.o
                0x800057a4                spi_unselectChip
 .text.spi_selectChip
                0x800057e4       0x78 src/ASF/avr32/drivers/spi/spi.o
                0x800057e4                spi_selectChip
 .text.usart_set_async_baudrate
                0x8000585c       0x5a src/ASF/avr32/drivers/usart/usart.o
 .text.usart_write_char
                0x800058b6       0x14 src/ASF/avr32/drivers/usart/usart.o
                0x800058b6                usart_write_char
 *fill*         0x800058ca        0x2 d703d703
 .text.usart_putchar
                0x800058cc       0x2c src/ASF/avr32/drivers/usart/usart.o
                0x800058cc                usart_putchar
 .text.usart_read_char
                0x800058f8       0x22 src/ASF/avr32/drivers/usart/usart.o
                0x800058f8                usart_read_char
 *fill*         0x8000591a        0x2 d703d703
 .text.usart_getchar
                0x8000591c       0x2c src/ASF/avr32/drivers/usart/usart.o
                0x8000591c                usart_getchar
 .text.usart_write_line
                0x80005948       0x24 src/ASF/avr32/drivers/usart/usart.o
                0x80005948                usart_write_line
 .text.usart_reset
                0x8000596c       0x2c src/ASF/avr32/drivers/usart/usart.o
                0x8000596c                usart_reset
 .text.usart_init_rs232
                0x80005998       0xcc src/ASF/avr32/drivers/usart/usart.o
                0x80005998                usart_init_rs232
 .text._stext   0x80005a64       0x40 src/ASF/avr32/utils/startup/startup_uc3.o
                                 0x50 (size before relaxing)
                0x80005a64                _stext
 .text.vListInitialise
                0x80005aa4       0x14 src/ASF/thirdparty/freertos/freertos-7.0.0/source/list.o
                0x80005aa4                vListInitialise
 .text.vListInitialiseItem
                0x80005ab8        0x6 src/ASF/thirdparty/freertos/freertos-7.0.0/source/list.o
                0x80005ab8                vListInitialiseItem
 .text.vListInsertEnd
                0x80005abe       0x1c src/ASF/thirdparty/freertos/freertos-7.0.0/source/list.o
                0x80005abe                vListInsertEnd
 .text.vListInsert
                0x80005ada       0x34 src/ASF/thirdparty/freertos/freertos-7.0.0/source/list.o
                0x80005ada                vListInsert
 .text.vListRemove
                0x80005b0e       0x26 src/ASF/thirdparty/freertos/freertos-7.0.0/source/list.o
                0x80005b0e                vListRemove
 .text.pxPortInitialiseStack
                0x80005b34       0x92 src/ASF/thirdparty/freertos/freertos-7.0.0/source/portable/gcc/avr32_uc3/port.o
                0x80005b34                pxPortInitialiseStack
 *fill*         0x80005bc6        0x2 d703d703
 .text.vPortEnterCritical
                0x80005bc8       0x10 src/ASF/thirdparty/freertos/freertos-7.0.0/source/portable/gcc/avr32_uc3/port.o
                0x80005bc8                vPortEnterCritical
 .text.xPortStartScheduler
                0x80005bd8       0x58 src/ASF/thirdparty/freertos/freertos-7.0.0/source/portable/gcc/avr32_uc3/port.o
                0x80005bd8                xPortStartScheduler
 .text.SCALLYield
                0x80005c30       0x98 src/ASF/thirdparty/freertos/freertos-7.0.0/source/portable/gcc/avr32_uc3/port.o
                0x80005c30                SCALLYield
 .text.prvClearCcInt
                0x80005cc8        0xa src/ASF/thirdparty/freertos/freertos-7.0.0/source/portable/gcc/avr32_uc3/port.o
 *fill*         0x80005cd2        0x2 d703d703
 .text.vPortExitCritical
                0x80005cd4       0x20 src/ASF/thirdparty/freertos/freertos-7.0.0/source/portable/gcc/avr32_uc3/port.o
                0x80005cd4                vPortExitCritical
 .text.vTick    0x80005cf4       0x84 src/ASF/thirdparty/freertos/freertos-7.0.0/source/portable/gcc/avr32_uc3/port.o
 .text.__malloc_lock
                0x80005d78        0xc src/ASF/thirdparty/freertos/freertos-7.0.0/source/portable/gcc/avr32_uc3/port.o
                0x80005d78                __malloc_lock
 .text.__malloc_unlock
                0x80005d84        0xc src/ASF/thirdparty/freertos/freertos-7.0.0/source/portable/gcc/avr32_uc3/port.o
                0x80005d84                __malloc_unlock
 .text._read    0x80005d90       0x40 src/ASF/thirdparty/freertos/freertos-7.0.0/source/portable/gcc/avr32_uc3/read.o
                0x80005d90                _read
 .text._write   0x80005dd0       0x3c src/ASF/thirdparty/freertos/freertos-7.0.0/source/portable/gcc/avr32_uc3/write.o
                0x80005dd0                _write
 .text.vPortFree
                0x80005e0c       0x28 src/ASF/thirdparty/freertos/freertos-7.0.0/source/portable/memmang/heap_3.o
                0x80005e0c                vPortFree
 .text.pvPortMalloc
                0x80005e34       0x28 src/ASF/thirdparty/freertos/freertos-7.0.0/source/portable/memmang/heap_3.o
                0x80005e34                pvPortMalloc
 .text.prvCopyDataFromQueue
                0x80005e5c       0x30 src/ASF/thirdparty/freertos/freertos-7.0.0/source/queue.o
 .text.xQueueReceiveFromISR
                0x80005e8c       0x50 src/ASF/thirdparty/freertos/freertos-7.0.0/source/queue.o
                0x80005e8c                xQueueReceiveFromISR
 .text.prvUnlockQueue
                0x80005edc       0xa0 src/ASF/thirdparty/freertos/freertos-7.0.0/source/queue.o
 .text.xQueueGenericReceive
                0x80005f7c      0x144 src/ASF/thirdparty/freertos/freertos-7.0.0/source/queue.o
                0x80005f7c                xQueueGenericReceive
 .text.prvCopyDataToQueue
                0x800060c0       0x78 src/ASF/thirdparty/freertos/freertos-7.0.0/source/queue.o
 .text.xQueueGenericSendFromISR
                0x80006138       0x50 src/ASF/thirdparty/freertos/freertos-7.0.0/source/queue.o
                0x80006138                xQueueGenericSendFromISR
 .text.xQueueGenericSend
                0x80006188      0x100 src/ASF/thirdparty/freertos/freertos-7.0.0/source/queue.o
                0x80006188                xQueueGenericSend
 .text.xQueueCreateMutex
                0x80006288       0x58 src/ASF/thirdparty/freertos/freertos-7.0.0/source/queue.o
                0x80006288                xQueueCreateMutex
 .text.xQueueCreate
                0x800062e0       0x74 src/ASF/thirdparty/freertos/freertos-7.0.0/source/queue.o
                0x800062e0                xQueueCreate
 .text.vTaskSuspendAll
                0x80006354       0x10 src/ASF/thirdparty/freertos/freertos-7.0.0/source/tasks.o
                0x80006354                vTaskSuspendAll
 .text.vTaskSwitchContext
                0x80006364       0x7c src/ASF/thirdparty/freertos/freertos-7.0.0/source/tasks.o
                0x80006364                vTaskSwitchContext
 .text.vTaskSetTimeOutState
                0x800063e0       0x18 src/ASF/thirdparty/freertos/freertos-7.0.0/source/tasks.o
                0x800063e0                vTaskSetTimeOutState
 .text.vTaskMissedYield
                0x800063f8        0xc src/ASF/thirdparty/freertos/freertos-7.0.0/source/tasks.o
                0x800063f8                vTaskMissedYield
 .text.xTaskGetCurrentTaskHandle
                0x80006404        0xc src/ASF/thirdparty/freertos/freertos-7.0.0/source/tasks.o
                0x80006404                xTaskGetCurrentTaskHandle
 .text.vTaskPriorityDisinherit
                0x80006410       0x58 src/ASF/thirdparty/freertos/freertos-7.0.0/source/tasks.o
                0x80006410                vTaskPriorityDisinherit
 .text.vTaskPriorityInherit
                0x80006468       0x84 src/ASF/thirdparty/freertos/freertos-7.0.0/source/tasks.o
                0x80006468                vTaskPriorityInherit
 .text.xTaskRemoveFromEventList
                0x800064ec       0x7c src/ASF/thirdparty/freertos/freertos-7.0.0/source/tasks.o
                0x800064ec                xTaskRemoveFromEventList
 .text.vTaskIncrementTick
                0x80006568      0x114 src/ASF/thirdparty/freertos/freertos-7.0.0/source/tasks.o
                0x80006568                vTaskIncrementTick
 .text.xTaskCheckForTimeOut
                0x8000667c       0x70 src/ASF/thirdparty/freertos/freertos-7.0.0/source/tasks.o
                0x8000667c                xTaskCheckForTimeOut
 .text.xTaskGetTickCount
                0x800066ec       0x24 src/ASF/thirdparty/freertos/freertos-7.0.0/source/tasks.o
                0x800066ec                xTaskGetTickCount
 .text.xTaskResumeAll
                0x80006710       0xe8 src/ASF/thirdparty/freertos/freertos-7.0.0/source/tasks.o
                0x80006710                xTaskResumeAll
 .text.prvAddCurrentTaskToDelayedList
                0x800067f8       0x5c src/ASF/thirdparty/freertos/freertos-7.0.0/source/tasks.o
 .text.vTaskDelay
                0x80006854       0x48 src/ASF/thirdparty/freertos/freertos-7.0.0/source/tasks.o
                0x80006854                vTaskDelay
 .text.vTaskDelayUntil
                0x8000689c       0x80 src/ASF/thirdparty/freertos/freertos-7.0.0/source/tasks.o
                0x8000689c                vTaskDelayUntil
 .text.vTaskPlaceOnEventList
                0x8000691c       0x58 src/ASF/thirdparty/freertos/freertos-7.0.0/source/tasks.o
                0x8000691c                vTaskPlaceOnEventList
 .text.prvIdleTask
                0x80006974       0x88 src/ASF/thirdparty/freertos/freertos-7.0.0/source/tasks.o
 .text.xTaskGenericCreate
                0x800069fc      0x1e8 src/ASF/thirdparty/freertos/freertos-7.0.0/source/tasks.o
                0x800069fc                xTaskGenericCreate
 .text.vTaskStartScheduler
                0x80006be4       0x4c src/ASF/thirdparty/freertos/freertos-7.0.0/source/tasks.o
                0x80006be4                vTaskStartScheduler
 .text.PrintChar
                0x80006c30        0x4 src/Log/log.o
                0x80006c30                PrintChar
 .text.PrintHex
                0x80006c34       0xb2 src/Log/log.o
                0x80006c34                PrintHex
 .text.PrintDec
                0x80006ce6       0xda src/Log/log.o
                0x80006ce6                PrintDec
 .text.log      0x80006dc0      0x18c src/Log/log.o
                0x80006dc0                log
 .text.logFromISR
                0x80006f4c      0x180 src/Log/log.o
                0x80006f4c                logFromISR
 .text.log_init
                0x800070cc       0x64 src/Log/log.o
                0x800070cc                log_init
 .text.task_log
                0x80007130       0x44 src/Log/log.o
 .text.main     0x80007174       0x70 src/main.o
                0x80007174                main
 .text.free     0x800071e4       0x10 e:/program x86/atmel/studio/7.0/toolchain/avr32/avr32-gnu-toolchain/bin/../lib/gcc/avr32/4.4.7/../../../../avr32/lib/ucr2\libc.a(lib_a-malloc.o)
                                 0x18 (size before relaxing)
                0x800071e4                free
 .text.malloc   0x800071f4       0x10 e:/program x86/atmel/studio/7.0/toolchain/avr32/avr32-gnu-toolchain/bin/../lib/gcc/avr32/4.4.7/../../../../avr32/lib/ucr2\libc.a(lib_a-malloc.o)
                                 0x18 (size before relaxing)
                0x800071f4                malloc
 .text._malloc_r
                0x80007204      0x438 e:/program x86/atmel/studio/7.0/toolchain/avr32/avr32-gnu-toolchain/bin/../lib/gcc/avr32/4.4.7/../../../../avr32/lib/ucr2\libc.a(lib_a-mallocr.o)
                                0x450 (size before relaxing)
                0x80007204                _malloc_r
 .text          0x8000763c      0x148 e:/program x86/atmel/studio/7.0/toolchain/avr32/avr32-gnu-toolchain/bin/../lib/gcc/avr32/4.4.7/../../../../avr32/lib/ucr2\libc.a(lib_a-memcpy.o)
                0x8000763c                memcpy
 .text.memset   0x80007784        0xe e:/program x86/atmel/studio/7.0/toolchain/avr32/avr32-gnu-toolchain/bin/../lib/gcc/avr32/4.4.7/../../../../avr32/lib/ucr2\libc.a(lib_a-memset.o)
                0x80007784                memset
 *fill*         0x80007792        0x2 d703d703
 .text._realloc_r
                0x80007794      0x2c0 e:/program x86/atmel/studio/7.0/toolchain/avr32/avr32-gnu-toolchain/bin/../lib/gcc/avr32/4.4.7/../../../../avr32/lib/ucr2\libc.a(lib_a-reallocr.o)
                                0x2e0 (size before relaxing)
                0x80007794                _realloc_r
 .text._sbrk_r  0x80007a54       0x20 e:/program x86/atmel/studio/7.0/toolchain/avr32/avr32-gnu-toolchain/bin/../lib/gcc/avr32/4.4.7/../../../../avr32/lib/ucr2\libc.a(lib_a-sbrkr.o)
                                 0x28 (size before relaxing)
                0x80007a54                _sbrk_r
 .text.sprintf  0x80007a74       0x3c e:/program x86/atmel/studio/7.0/toolchain/avr32/avr32-gnu-toolchain/bin/../lib/gcc/avr32/4.4.7/../../../../avr32/lib/ucr2\libc.a(lib_a-sprintf.o)
                                 0x40 (size before relaxing)
                0x80007a74                sprintf
 .text          0x80007ab0       0x20 e:/program x86/atmel/studio/7.0/toolchain/avr32/avr32-gnu-toolchain/bin/../lib/gcc/avr32/4.4.7/../../../../avr32/lib/ucr2\libc.a(lib_a-strncpy.o)
                0x80007ab0                strncpy
 .text._close   0x80007ad0       0x14 e:/program x86/atmel/studio/7.0/toolchain/avr32/avr32-gnu-toolchain/bin/../lib/gcc/avr32/4.4.7/../../../../avr32/lib/ucr2\libc.a(lib_a-syscalls.o)
                                 0x18 (size before relaxing)
                0x80007ad0                _close
 .text._lseek   0x80007ae4       0x14 e:/program x86/atmel/studio/7.0/toolchain/avr32/avr32-gnu-toolchain/bin/../lib/gcc/avr32/4.4.7/../../../../avr32/lib/ucr2\libc.a(lib_a-syscalls.o)
                                 0x18 (size before relaxing)
                0x80007ae4                _lseek
 .text.isatty   0x80007af8       0x14 e:/program x86/atmel/studio/7.0/toolchain/avr32/avr32-gnu-toolchain/bin/../lib/gcc/avr32/4.4.7/../../../../avr32/lib/ucr2\libc.a(lib_a-syscalls.o)
                                 0x18 (size before relaxing)
                0x80007af8                isatty
 .text._fstat_host
                0x80007b0c       0x14 e:/program x86/atmel/studio/7.0/toolchain/avr32/avr32-gnu-toolchain/bin/../lib/gcc/avr32/4.4.7/../../../../avr32/lib/ucr2\libc.a(lib_a-syscalls.o)
                                 0x18 (size before relaxing)
                0x80007b0c                _fstat_host
 .text._fstat   0x80007b20       0x4c e:/program x86/atmel/studio/7.0/toolchain/avr32/avr32-gnu-toolchain/bin/../lib/gcc/avr32/4.4.7/../../../../avr32/lib/ucr2\libc.a(lib_a-syscalls.o)
                                 0x50 (size before relaxing)
                0x80007b20                _fstat
 .text._sbrk    0x80007b6c       0x38 e:/program x86/atmel/studio/7.0/toolchain/avr32/avr32-gnu-toolchain/bin/../lib/gcc/avr32/4.4.7/../../../../avr32/lib/ucr2\libc.a(lib_a-syscalls.o)
                                 0x40 (size before relaxing)
                0x80007b6c                _sbrk
 .text.get_arg  0x80007ba4      0x314 e:/program x86/atmel/studio/7.0/toolchain/avr32/avr32-gnu-toolchain/bin/../lib/gcc/avr32/4.4.7/../../../../avr32/lib/ucr2\libc.a(lib_a-vfprintf.o)
                                0x324 (size before relaxing)
 .text.__sprint_r
                0x80007eb8       0x1c e:/program x86/atmel/studio/7.0/toolchain/avr32/avr32-gnu-toolchain/bin/../lib/gcc/avr32/4.4.7/../../../../avr32/lib/ucr2\libc.a(lib_a-vfprintf.o)
                                 0x20 (size before relaxing)
 .text._vfprintf_r
                0x80007ed4     0x1f14 e:/program x86/atmel/studio/7.0/toolchain/avr32/avr32-gnu-toolchain/bin/../lib/gcc/avr32/4.4.7/../../../../avr32/lib/ucr2\libc.a(lib_a-vfprintf.o)
                               0x1f9c (size before relaxing)
                0x80007ed4                _vfprintf_r
 .text.__swsetup_r
                0x80009de8       0xdc e:/program x86/atmel/studio/7.0/toolchain/avr32/avr32-gnu-toolchain/bin/../lib/gcc/avr32/4.4.7/../../../../avr32/lib/ucr2\libc.a(lib_a-wsetup.o)
                                 0xe8 (size before relaxing)
                0x80009de8                __swsetup_r
 .text.quorem   0x80009ec4      0x120 e:/program x86/atmel/studio/7.0/toolchain/avr32/avr32-gnu-toolchain/bin/../lib/gcc/avr32/4.4.7/../../../../avr32/lib/ucr2\libc.a(lib_a-dtoa.o)
                                0x124 (size before relaxing)
 .text._dtoa_r  0x80009fe4      0xbdc e:/program x86/atmel/studio/7.0/toolchain/avr32/avr32-gnu-toolchain/bin/../lib/gcc/avr32/4.4.7/../../../../avr32/lib/ucr2\libc.a(lib_a-dtoa.o)
                                0xc90 (size before relaxing)
                0x80009fe4                _dtoa_r
 .text.__errno  0x8000abc0        0xc e:/program x86/atmel/studio/7.0/toolchain/avr32/avr32-gnu-toolchain/bin/../lib/gcc/avr32/4.4.7/../../../../avr32/lib/ucr2\libc.a(lib_a-errno.o)
                0x8000abc0                __errno
 .text._fflush_r
                0x8000abcc      0x10c e:/program x86/atmel/studio/7.0/toolchain/avr32/avr32-gnu-toolchain/bin/../lib/gcc/avr32/4.4.7/../../../../avr32/lib/ucr2\libc.a(lib_a-fflush.o)
                                0x118 (size before relaxing)
                0x8000abcc                _fflush_r
 .text.__sfp_lock_acquire
                0x8000acd8        0x2 e:/program x86/atmel/studio/7.0/toolchain/avr32/avr32-gnu-toolchain/bin/../lib/gcc/avr32/4.4.7/../../../../avr32/lib/ucr2\libc.a(lib_a-findfp.o)
                0x8000acd8                __sfp_lock_acquire
 .text.__sfp_lock_release
                0x8000acda        0x2 e:/program x86/atmel/studio/7.0/toolchain/avr32/avr32-gnu-toolchain/bin/../lib/gcc/avr32/4.4.7/../../../../avr32/lib/ucr2\libc.a(lib_a-findfp.o)
                0x8000acda                __sfp_lock_release
 .text._cleanup_r
                0x8000acdc        0xc e:/program x86/atmel/studio/7.0/toolchain/avr32/avr32-gnu-toolchain/bin/../lib/gcc/avr32/4.4.7/../../../../avr32/lib/ucr2\libc.a(lib_a-findfp.o)
                                 0x14 (size before relaxing)
                0x8000acdc                _cleanup_r
 .text.__sfmoreglue
                0x8000ace8       0x28 e:/program x86/atmel/studio/7.0/toolchain/avr32/avr32-gnu-toolchain/bin/../lib/gcc/avr32/4.4.7/../../../../avr32/lib/ucr2\libc.a(lib_a-findfp.o)
                                 0x30 (size before relaxing)
                0x8000ace8                __sfmoreglue
 .text.__sfp    0x8000ad10       0x6c e:/program x86/atmel/studio/7.0/toolchain/avr32/avr32-gnu-toolchain/bin/../lib/gcc/avr32/4.4.7/../../../../avr32/lib/ucr2\libc.a(lib_a-findfp.o)
                                 0x7c (size before relaxing)
                0x8000ad10                __sfp
 .text.__sinit  0x8000ad7c       0x9c e:/program x86/atmel/studio/7.0/toolchain/avr32/avr32-gnu-toolchain/bin/../lib/gcc/avr32/4.4.7/../../../../avr32/lib/ucr2\libc.a(lib_a-findfp.o)
                                 0xb0 (size before relaxing)
                0x8000ad7c                __sinit
 .text._malloc_trim_r
                0x8000ae18       0x98 e:/program x86/atmel/studio/7.0/toolchain/avr32/avr32-gnu-toolchain/bin/../lib/gcc/avr32/4.4.7/../../../../avr32/lib/ucr2\libc.a(lib_a-freer.o)
                                 0xa8 (size before relaxing)
                0x8000ae18                _malloc_trim_r
 .text._free_r  0x8000aeb0      0x18c e:/program x86/atmel/studio/7.0/toolchain/avr32/avr32-gnu-toolchain/bin/../lib/gcc/avr32/4.4.7/../../../../avr32/lib/ucr2\libc.a(lib_a-freer.o)
                                0x1a0 (size before relaxing)
                0x8000aeb0                _free_r
 .text.__sfvwrite_r
                0x8000b03c      0x294 e:/program x86/atmel/studio/7.0/toolchain/avr32/avr32-gnu-toolchain/bin/../lib/gcc/avr32/4.4.7/../../../../avr32/lib/ucr2\libc.a(lib_a-fvwrite.o)
                                0x2c4 (size before relaxing)
                0x8000b03c                __sfvwrite_r
 .text._fwalk   0x8000b2d0       0x4c e:/program x86/atmel/studio/7.0/toolchain/avr32/avr32-gnu-toolchain/bin/../lib/gcc/avr32/4.4.7/../../../../avr32/lib/ucr2\libc.a(lib_a-fwalk.o)
                                 0x54 (size before relaxing)
                0x8000b2d0                _fwalk
 .text._localeconv_r
                0x8000b31c        0x8 e:/program x86/atmel/studio/7.0/toolchain/avr32/avr32-gnu-toolchain/bin/../lib/gcc/avr32/4.4.7/../../../../avr32/lib/ucr2\libc.a(lib_a-locale.o)
                0x8000b31c                _localeconv_r
 .text.__smakebuf_r
                0x8000b324       0xbc e:/program x86/atmel/studio/7.0/toolchain/avr32/avr32-gnu-toolchain/bin/../lib/gcc/avr32/4.4.7/../../../../avr32/lib/ucr2\libc.a(lib_a-makebuf.o)
                                 0xcc (size before relaxing)
                0x8000b324                __smakebuf_r
 .text.memchr   0x8000b3e0       0x16 e:/program x86/atmel/studio/7.0/toolchain/avr32/avr32-gnu-toolchain/bin/../lib/gcc/avr32/4.4.7/../../../../avr32/lib/ucr2\libc.a(lib_a-memchr.o)
                0x8000b3e0                memchr
 .text.memmove  0x8000b3f6       0x3e e:/program x86/atmel/studio/7.0/toolchain/avr32/avr32-gnu-toolchain/bin/../lib/gcc/avr32/4.4.7/../../../../avr32/lib/ucr2\libc.a(lib_a-memmove.o)
                0x8000b3f6                memmove
 .text.__hi0bits
                0x8000b434       0x60 e:/program x86/atmel/studio/7.0/toolchain/avr32/avr32-gnu-toolchain/bin/../lib/gcc/avr32/4.4.7/../../../../avr32/lib/ucr2\libc.a(lib_a-mprec.o)
                0x8000b434                __hi0bits
 .text.__lo0bits
                0x8000b494       0x8e e:/program x86/atmel/studio/7.0/toolchain/avr32/avr32-gnu-toolchain/bin/../lib/gcc/avr32/4.4.7/../../../../avr32/lib/ucr2\libc.a(lib_a-mprec.o)
                0x8000b494                __lo0bits
 .text.__mcmp   0x8000b522       0x32 e:/program x86/atmel/studio/7.0/toolchain/avr32/avr32-gnu-toolchain/bin/../lib/gcc/avr32/4.4.7/../../../../avr32/lib/ucr2\libc.a(lib_a-mprec.o)
                0x8000b522                __mcmp
 .text._Bfree   0x8000b554       0x34 e:/program x86/atmel/studio/7.0/toolchain/avr32/avr32-gnu-toolchain/bin/../lib/gcc/avr32/4.4.7/../../../../avr32/lib/ucr2\libc.a(lib_a-mprec.o)
                                 0x38 (size before relaxing)
                0x8000b554                _Bfree
 .text._Balloc  0x8000b588       0x70 e:/program x86/atmel/studio/7.0/toolchain/avr32/avr32-gnu-toolchain/bin/../lib/gcc/avr32/4.4.7/../../../../avr32/lib/ucr2\libc.a(lib_a-mprec.o)
                                 0x78 (size before relaxing)
                0x8000b588                _Balloc
 .text.__d2b    0x8000b5f8       0xa0 e:/program x86/atmel/studio/7.0/toolchain/avr32/avr32-gnu-toolchain/bin/../lib/gcc/avr32/4.4.7/../../../../avr32/lib/ucr2\libc.a(lib_a-mprec.o)
                                 0xb4 (size before relaxing)
                0x8000b5f8                __d2b
 .text.__mdiff  0x8000b698       0xd0 e:/program x86/atmel/studio/7.0/toolchain/avr32/avr32-gnu-toolchain/bin/../lib/gcc/avr32/4.4.7/../../../../avr32/lib/ucr2\libc.a(lib_a-mprec.o)
                                 0xd8 (size before relaxing)
                0x8000b698                __mdiff
 .text.__lshift
                0x8000b768       0x88 e:/program x86/atmel/studio/7.0/toolchain/avr32/avr32-gnu-toolchain/bin/../lib/gcc/avr32/4.4.7/../../../../avr32/lib/ucr2\libc.a(lib_a-mprec.o)
                                 0x94 (size before relaxing)
                0x8000b768                __lshift
 .text.__multiply
                0x8000b7f0      0x100 e:/program x86/atmel/studio/7.0/toolchain/avr32/avr32-gnu-toolchain/bin/../lib/gcc/avr32/4.4.7/../../../../avr32/lib/ucr2\libc.a(lib_a-mprec.o)
                                0x108 (size before relaxing)
                0x8000b7f0                __multiply
 .text.__i2b    0x8000b8f0       0x10 e:/program x86/atmel/studio/7.0/toolchain/avr32/avr32-gnu-toolchain/bin/../lib/gcc/avr32/4.4.7/../../../../avr32/lib/ucr2\libc.a(lib_a-mprec.o)
                                 0x18 (size before relaxing)
                0x8000b8f0                __i2b
 .text.__multadd
                0x8000b900       0x7c e:/program x86/atmel/studio/7.0/toolchain/avr32/avr32-gnu-toolchain/bin/../lib/gcc/avr32/4.4.7/../../../../avr32/lib/ucr2\libc.a(lib_a-mprec.o)
                                 0x88 (size before relaxing)
                0x8000b900                __multadd
 .text.__pow5mult
                0x8000b97c       0x8c e:/program x86/atmel/studio/7.0/toolchain/avr32/avr32-gnu-toolchain/bin/../lib/gcc/avr32/4.4.7/../../../../avr32/lib/ucr2\libc.a(lib_a-mprec.o)
                                 0xac (size before relaxing)
                0x8000b97c                __pow5mult
 .text.__isinfd
                0x8000ba08       0x2a e:/program x86/atmel/studio/7.0/toolchain/avr32/avr32-gnu-toolchain/bin/../lib/gcc/avr32/4.4.7/../../../../avr32/lib/ucr2\libc.a(lib_a-s_isinfd.o)
                0x8000ba08                __isinfd
 .text.__isnand
                0x8000ba32       0x1c e:/program x86/atmel/studio/7.0/toolchain/avr32/avr32-gnu-toolchain/bin/../lib/gcc/avr32/4.4.7/../../../../avr32/lib/ucr2\libc.a(lib_a-s_isnand.o)
                0x8000ba32                __isnand
 *fill*         0x8000ba4e        0x2 d703d703
 .text.__sclose
                0x8000ba50        0x8 e:/program x86/atmel/studio/7.0/toolchain/avr32/avr32-gnu-toolchain/bin/../lib/gcc/avr32/4.4.7/../../../../avr32/lib/ucr2\libc.a(lib_a-stdio.o)
                                 0x10 (size before relaxing)
                0x8000ba50                __sclose
 .text.__sseek  0x8000ba58       0x20 e:/program x86/atmel/studio/7.0/toolchain/avr32/avr32-gnu-toolchain/bin/../lib/gcc/avr32/4.4.7/../../../../avr32/lib/ucr2\libc.a(lib_a-stdio.o)
                                 0x28 (size before relaxing)
                0x8000ba58                __sseek
 .text.__swrite
                0x8000ba78       0x2c e:/program x86/atmel/studio/7.0/toolchain/avr32/avr32-gnu-toolchain/bin/../lib/gcc/avr32/4.4.7/../../../../avr32/lib/ucr2\libc.a(lib_a-stdio.o)
                                 0x38 (size before relaxing)
                0x8000ba78                __swrite
 .text.__sread  0x8000baa4       0x1c e:/program x86/atmel/studio/7.0/toolchain/avr32/avr32-gnu-toolchain/bin/../lib/gcc/avr32/4.4.7/../../../../avr32/lib/ucr2\libc.a(lib_a-stdio.o)
                                 0x24 (size before relaxing)
                0x8000baa4                __sread
 .text.strlen   0x8000bac0       0x16 e:/program x86/atmel/studio/7.0/toolchain/avr32/avr32-gnu-toolchain/bin/../lib/gcc/avr32/4.4.7/../../../../avr32/lib/ucr2\libc.a(lib_a-strlen.o)
                0x8000bac0                strlen
 *fill*         0x8000bad6        0x2 d703d703
 .text._write_r
                0x8000bad8       0x28 e:/program x86/atmel/studio/7.0/toolchain/avr32/avr32-gnu-toolchain/bin/../lib/gcc/avr32/4.4.7/../../../../avr32/lib/ucr2\libc.a(lib_a-writer.o)
                                 0x2c (size before relaxing)
                0x8000bad8                _write_r
 .text._calloc_r
                0x8000bb00       0x58 e:/program x86/atmel/studio/7.0/toolchain/avr32/avr32-gnu-toolchain/bin/../lib/gcc/avr32/4.4.7/../../../../avr32/lib/ucr2\libc.a(lib_a-callocr.o)
                                 0x60 (size before relaxing)
                0x8000bb00                _calloc_r
 .text._close_r
                0x8000bb58       0x20 e:/program x86/atmel/studio/7.0/toolchain/avr32/avr32-gnu-toolchain/bin/../lib/gcc/avr32/4.4.7/../../../../avr32/lib/ucr2\libc.a(lib_a-closer.o)
                                 0x28 (size before relaxing)
                0x8000bb58                _close_r
 .text._fclose_r
                0x8000bb78       0xb8 e:/program x86/atmel/studio/7.0/toolchain/avr32/avr32-gnu-toolchain/bin/../lib/gcc/avr32/4.4.7/../../../../avr32/lib/ucr2\libc.a(lib_a-fclose.o)
                                 0xd0 (size before relaxing)
                0x8000bb78                _fclose_r
 .text.fclose   0x8000bc30       0x10 e:/program x86/atmel/studio/7.0/toolchain/avr32/avr32-gnu-toolchain/bin/../lib/gcc/avr32/4.4.7/../../../../avr32/lib/ucr2\libc.a(lib_a-fclose.o)
                                 0x18 (size before relaxing)
                0x8000bc30                fclose
 .text._fstat_r
                0x8000bc40       0x24 e:/program x86/atmel/studio/7.0/toolchain/avr32/avr32-gnu-toolchain/bin/../lib/gcc/avr32/4.4.7/../../../../avr32/lib/ucr2\libc.a(lib_a-fstatr.o)
                                 0x2c (size before relaxing)
                0x8000bc40                _fstat_r
 .text._lseek_r
                0x8000bc64       0x28 e:/program x86/atmel/studio/7.0/toolchain/avr32/avr32-gnu-toolchain/bin/../lib/gcc/avr32/4.4.7/../../../../avr32/lib/ucr2\libc.a(lib_a-lseekr.o)
                                 0x2c (size before relaxing)
                0x8000bc64                _lseek_r
 .text._read_r  0x8000bc8c       0x28 e:/program x86/atmel/studio/7.0/toolchain/avr32/avr32-gnu-toolchain/bin/../lib/gcc/avr32/4.4.7/../../../../avr32/lib/ucr2\libc.a(lib_a-readr.o)
                                 0x2c (size before relaxing)
                0x8000bc8c                _read_r
 .text          0x8000bcb4      0x1d4 e:/program x86/atmel/studio/7.0/toolchain/avr32/avr32-gnu-toolchain/bin/../lib/gcc/avr32/4.4.7/ucr2\libgcc.a(_avr32_f64_mul.o)
                0x8000bcb4                __avr32_f64_mul
 .text          0x8000be88      0x2b0 e:/program x86/atmel/studio/7.0/toolchain/avr32/avr32-gnu-toolchain/bin/../lib/gcc/avr32/4.4.7/ucr2\libgcc.a(_avr32_f64_addsub.o)
                0x8000be8c                __avr32_f64_sub
                0x8000c028                __avr32_f64_add
 .text          0x8000c138       0x2a e:/program x86/atmel/studio/7.0/toolchain/avr32/avr32-gnu-toolchain/bin/../lib/gcc/avr32/4.4.7/ucr2\libgcc.a(_avr32_f64_to_s32.o)
                0x8000c138                __avr32_f64_to_u32
                0x8000c13c                __avr32_f64_to_s32
 .text          0x8000c162       0xe8 e:/program x86/atmel/studio/7.0/toolchain/avr32/avr32-gnu-toolchain/bin/../lib/gcc/avr32/4.4.7/ucr2\libgcc.a(_avr32_s32_to_f64.o)
                0x8000c162                __avr32_u32_to_f64
                0x8000c16a                __avr32_s32_to_f64
 .text          0x8000c24a       0x26 e:/program x86/atmel/studio/7.0/toolchain/avr32/avr32-gnu-toolchain/bin/../lib/gcc/avr32/4.4.7/ucr2\libgcc.a(_avr32_f64_cmp_eq.o)
                0x8000c24a                __avr32_f64_cmp_eq
 .text          0x8000c270       0x68 e:/program x86/atmel/studio/7.0/toolchain/avr32/avr32-gnu-toolchain/bin/../lib/gcc/avr32/4.4.7/ucr2\libgcc.a(_avr32_f64_cmp_ge.o)
                0x8000c270                __avr32_f64_cmp_ge
 .text          0x8000c2d8       0x68 e:/program x86/atmel/studio/7.0/toolchain/avr32/avr32-gnu-toolchain/bin/../lib/gcc/avr32/4.4.7/ucr2\libgcc.a(_avr32_f64_cmp_lt.o)
                0x8000c2d8                __avr32_f64_cmp_lt
 .text          0x8000c340      0x318 e:/program x86/atmel/studio/7.0/toolchain/avr32/avr32-gnu-toolchain/bin/../lib/gcc/avr32/4.4.7/ucr2\libgcc.a(_avr32_f64_div.o)
                0x8000c340                __avr32_f64_div
 .text          0x8000c658      0x264 e:/program x86/atmel/studio/7.0/toolchain/avr32/avr32-gnu-toolchain/bin/../lib/gcc/avr32/4.4.7/ucr2\libgcc.a(_udivdi3.o)
                0x8000c658                __avr32_udiv64
                0x8000c658                __udivdi3
 .text          0x8000c8bc      0x20c e:/program x86/atmel/studio/7.0/toolchain/avr32/avr32-gnu-toolchain/bin/../lib/gcc/avr32/4.4.7/ucr2\libgcc.a(_umoddi3.o)
                0x8000c8bc                __avr32_umod64
                0x8000c8bc                __umoddi3
 *(.text.*personality*)
 *(.gnu.warning)

.exception      0x8000cc00      0x200
 .exception     0x8000cc00      0x200 src/ASF/thirdparty/freertos/freertos-7.0.0/source/portable/gcc/avr32_uc3/exception.o
                0x8000cc00                _evba
                0x8000cd04                _int0
                0x8000cd12                _int1
                0x8000cd20                _int2
                0x8000cd2e                _int3
                0x8000cd3c                ipr_val

.fini
 *(.fini)
                0x8000ce00                PROVIDE (__etext, .)
                0x8000ce00                PROVIDE (_etext, .)
                0x8000ce00                PROVIDE (etext, .)

.rodata         0x8000ce00     0x1290
 *(.rodata .rodata.* .gnu.linkonce.r.*)
 .rodata.str1.4
                0x8000ce00      0x780 src/Application/app/app.o
 .rodata.CSWTCH.36
                0x8000d580       0x48 src/Application/radio/ambe.o
 .rodata.str1.4
                0x8000d5c8       0x44 src/Application/radio/physical.o
 .rodata.str1.4
                0x8000d60c        0x8 src/Application/radio/xcmp.o
 .rodata.str1.4
                0x8000d614        0xf src/Application/radio/xnl.o
                                 0x10 (size before relaxing)
 *fill*         0x8000d623        0x1 
 .rodata.CSWTCH.97
                0x8000d624        0x4 src/Application/RFID/MFRC522/rc522.o
 .rodata.CSWTCH.98
                0x8000d628        0x4 src/Application/RFID/MFRC522/rc522.o
 .rodata.RC522_SPI_GPIO_MAP.12174
                0x8000d62c       0x20 src/Application/RFID/MFRC522/rc522.o
 .rodata.C.72.12176
                0x8000d64c       0x10 src/Application/RFID/MFRC522/rc522.o
 .rodata.str1.4
                0x8000d65c       0xad src/Application/RFID/RFID.o
                                 0xb0 (size before relaxing)
 *fill*         0x8000d709        0x3 
 .rodata.unsure_data
                0x8000d70c        0x4 src/Application/RFID/RFID.o
                0x8000d70c                unsure_data
 .rodata.TC_GPIO_MAP.11090
                0x8000d710       0x18 src/Application/timers/timer.o
 .rodata.str1.4
                0x8000d728       0x38 src/Application/xgflash/xgflash.o
 .rodata._int_handler_table
                0x8000d760       0x98 src/ASF/avr32/drivers/intc/intc.o
 .rodata.str1.4
                0x8000d7f8        0x5 src/ASF/thirdparty/freertos/freertos-7.0.0/source/tasks.o
                                  0x8 (size before relaxing)
 *fill*         0x8000d7fd        0x3 
 .rodata.log    0x8000d800      0x150 src/Log/log.o
 .rodata.logFromISR
                0x8000d950      0x150 src/Log/log.o
 .rodata.USART_OPTIONS.11278
                0x8000daa0        0xc src/Log/log.o
 .rodata.str1.4
                0x8000daac       0x3c src/Log/log.o
 .rodata.USART_GPIO_MAP.11277
                0x8000dae8       0x10 src/Log/log.o
 .rodata.str1.4
                0x8000daf8       0x14 src/main.o
 .rodata.get_arg
                0x8000db0c       0x3c e:/program x86/atmel/studio/7.0/toolchain/avr32/avr32-gnu-toolchain/bin/../lib/gcc/avr32/4.4.7/../../../../avr32/lib/ucr2\libc.a(lib_a-vfprintf.o)
 .rodata._vfprintf_r
                0x8000db48      0x164 e:/program x86/atmel/studio/7.0/toolchain/avr32/avr32-gnu-toolchain/bin/../lib/gcc/avr32/4.4.7/../../../../avr32/lib/ucr2\libc.a(lib_a-vfprintf.o)
 .rodata.state_table
                0x8000dcac       0x6c e:/program x86/atmel/studio/7.0/toolchain/avr32/avr32-gnu-toolchain/bin/../lib/gcc/avr32/4.4.7/../../../../avr32/lib/ucr2\libc.a(lib_a-vfprintf.o)
 .rodata.action_table
                0x8000dd18       0x6c e:/program x86/atmel/studio/7.0/toolchain/avr32/avr32-gnu-toolchain/bin/../lib/gcc/avr32/4.4.7/../../../../avr32/lib/ucr2\libc.a(lib_a-vfprintf.o)
 .rodata.str1.4
                0x8000dd84       0x3a e:/program x86/atmel/studio/7.0/toolchain/avr32/avr32-gnu-toolchain/bin/../lib/gcc/avr32/4.4.7/../../../../avr32/lib/ucr2\libc.a(lib_a-vfprintf.o)
                                 0x3c (size before relaxing)
 *fill*         0x8000ddbe        0x2 
 .rodata.blanks.3430
                0x8000ddc0       0x10 e:/program x86/atmel/studio/7.0/toolchain/avr32/avr32-gnu-toolchain/bin/../lib/gcc/avr32/4.4.7/../../../../avr32/lib/ucr2\libc.a(lib_a-vfprintf.o)
 .rodata.zeroes.3431
                0x8000ddd0       0x10 e:/program x86/atmel/studio/7.0/toolchain/avr32/avr32-gnu-toolchain/bin/../lib/gcc/avr32/4.4.7/../../../../avr32/lib/ucr2\libc.a(lib_a-vfprintf.o)
 .rodata.chclass
                0x8000dde0      0x100 e:/program x86/atmel/studio/7.0/toolchain/avr32/avr32-gnu-toolchain/bin/../lib/gcc/avr32/4.4.7/../../../../avr32/lib/ucr2\libc.a(lib_a-vfprintf.o)
 .rodata.str1.4
                0x8000dee0       0x10 e:/program x86/atmel/studio/7.0/toolchain/avr32/avr32-gnu-toolchain/bin/../lib/gcc/avr32/4.4.7/../../../../avr32/lib/ucr2\libc.a(lib_a-dtoa.o)
                                 0x14 (size before relaxing)
 .rodata.__sf_fake_stdin
                0x8000def0       0x20 e:/program x86/atmel/studio/7.0/toolchain/avr32/avr32-gnu-toolchain/bin/../lib/gcc/avr32/4.4.7/../../../../avr32/lib/ucr2\libc.a(lib_a-findfp.o)
                0x8000def0                __sf_fake_stdin
 .rodata.__sf_fake_stdout
                0x8000df10       0x20 e:/program x86/atmel/studio/7.0/toolchain/avr32/avr32-gnu-toolchain/bin/../lib/gcc/avr32/4.4.7/../../../../avr32/lib/ucr2\libc.a(lib_a-findfp.o)
                0x8000df10                __sf_fake_stdout
 .rodata.__sf_fake_stderr
                0x8000df30       0x20 e:/program x86/atmel/studio/7.0/toolchain/avr32/avr32-gnu-toolchain/bin/../lib/gcc/avr32/4.4.7/../../../../avr32/lib/ucr2\libc.a(lib_a-findfp.o)
                0x8000df30                __sf_fake_stderr
 .rodata.str1.4
                0x8000df50        0x2 e:/program x86/atmel/studio/7.0/toolchain/avr32/avr32-gnu-toolchain/bin/../lib/gcc/avr32/4.4.7/../../../../avr32/lib/ucr2\libc.a(lib_a-impure.o)
                                  0x4 (size before relaxing)
 *fill*         0x8000df52        0x2 
 .rodata._global_impure_ptr
                0x8000df54        0x4 e:/program x86/atmel/studio/7.0/toolchain/avr32/avr32-gnu-toolchain/bin/../lib/gcc/avr32/4.4.7/../../../../avr32/lib/ucr2\libc.a(lib_a-impure.o)
                0x8000df54                _global_impure_ptr
 .rodata.lconv  0x8000df58       0x30 e:/program x86/atmel/studio/7.0/toolchain/avr32/avr32-gnu-toolchain/bin/../lib/gcc/avr32/4.4.7/../../../../avr32/lib/ucr2\libc.a(lib_a-locale.o)
 .rodata.str1.4
                0x8000df88        0xc e:/program x86/atmel/studio/7.0/toolchain/avr32/avr32-gnu-toolchain/bin/../lib/gcc/avr32/4.4.7/../../../../avr32/lib/ucr2\libc.a(lib_a-locale.o)
                                 0x18 (size before relaxing)
 .rodata.p05.2471
                0x8000df94        0xc e:/program x86/atmel/studio/7.0/toolchain/avr32/avr32-gnu-toolchain/bin/../lib/gcc/avr32/4.4.7/../../../../avr32/lib/ucr2\libc.a(lib_a-mprec.o)
 .rodata.__mprec_tens
                0x8000dfa0       0xc8 e:/program x86/atmel/studio/7.0/toolchain/avr32/avr32-gnu-toolchain/bin/../lib/gcc/avr32/4.4.7/../../../../avr32/lib/ucr2\libc.a(lib_a-mprec.o)
                0x8000dfa0                __mprec_tens
 .rodata.__mprec_bigtens
                0x8000e068       0x28 e:/program x86/atmel/studio/7.0/toolchain/avr32/avr32-gnu-toolchain/bin/../lib/gcc/avr32/4.4.7/../../../../avr32/lib/ucr2\libc.a(lib_a-mprec.o)
                0x8000e068                __mprec_bigtens

.rodata1
 *(.rodata1)

.eh_frame_hdr
 *(.eh_frame_hdr)

.eh_frame
 *(.eh_frame)

.gcc_except_table
 *(.gcc_except_table)
 *(.gcc_except_table.*)

.dalign         0x8000e090        0x0
                0x8000e090                . = ALIGN (0x8)
                0x8000e090                PROVIDE (_data_lma, .)
                0x00000004                PROVIDE (_data, ORIGIN (CPUSRAM))
                0x00000004                . = ORIGIN (CPUSRAM)

.eh_frame
 *(.eh_frame)

.gcc_except_table
 *(.gcc_except_table)
 *(.gcc_except_table.*)

.tdata
 *(.tdata .tdata.* .gnu.linkonce.td.*)

.tbss
 *(.tbss .tbss.* .gnu.linkonce.tb.*)
 *(.tcommon)
                0x00000004                PROVIDE (__preinit_array_start, ALIGN (0x4))

.preinit_array
 *(.preinit_array)
                0x00000004                PROVIDE (__preinit_array_end, .)
                0x00000004                PROVIDE (__init_array_start, .)

.init_array
 *(.init_array)
                0x00000004                PROVIDE (__init_array_end, .)
                0x00000004                PROVIDE (__fini_array_start, .)

.fini_array
 *(.fini_array)
                0x00000004                PROVIDE (__fini_array_end, .)

.ctors
 *crtbegin*.o(.ctors)
 *(EXCLUDE_FILE(*crtend*.o) .ctors)
 *(SORT(.ctors.*))
 *(.ctors)

.dtors
 *crtbegin*.o(.dtors)
 *(EXCLUDE_FILE(*crtend*.o) .dtors)
 *(SORT(.dtors.*))
 *(.dtors)

.jcr
 *(.jcr)

.data.rel.ro
 *(.data.rel.ro.local)
 *(.data.rel.ro*)

.dynamic
 *(.dynamic)

.got
 *(.got.plt)
 *(.got)

.data           0x00000004      0xa30 load address 0x8000e090
 *(.data .data.* .gnu.linkonce.d.*)
 .data.get_time_okay
                0x00000004        0x1 src/Application/app/app.o
 *fill*         0x00000005        0x3 
 .data.the_app_list
                0x00000008      0x4ec src/Application/app/app.o
 .data.xnl_proc_list
                0x000004f4       0x34 src/Application/radio/xnl.o
 .data.ulCriticalNesting
                0x00000528        0x4 src/ASF/thirdparty/freertos/freertos-7.0.0/source/portable/gcc/avr32_uc3/port.o
                0x00000528                ulCriticalNesting
 .data.xNextTaskUnblockTime
                0x0000052c        0x4 src/ASF/thirdparty/freertos/freertos-7.0.0/source/tasks.o
 .data.__malloc_av_
                0x00000530      0x408 e:/program x86/atmel/studio/7.0/toolchain/avr32/avr32-gnu-toolchain/bin/../lib/gcc/avr32/4.4.7/../../../../avr32/lib/ucr2\libc.a(lib_a-mallocr.o)
                0x00000530                __malloc_av_
 .data.__malloc_trim_threshold
                0x00000938        0x4 e:/program x86/atmel/studio/7.0/toolchain/avr32/avr32-gnu-toolchain/bin/../lib/gcc/avr32/4.4.7/../../../../avr32/lib/ucr2\libc.a(lib_a-mallocr.o)
                0x00000938                __malloc_trim_threshold
 .data.__malloc_sbrk_base
                0x0000093c        0x4 e:/program x86/atmel/studio/7.0/toolchain/avr32/avr32-gnu-toolchain/bin/../lib/gcc/avr32/4.4.7/../../../../avr32/lib/ucr2\libc.a(lib_a-mallocr.o)
                0x0000093c                __malloc_sbrk_base
 .data.impure_data
                0x00000940       0xf0 e:/program x86/atmel/studio/7.0/toolchain/avr32/avr32-gnu-toolchain/bin/../lib/gcc/avr32/4.4.7/../../../../avr32/lib/ucr2\libc.a(lib_a-impure.o)
 .data._impure_ptr
                0x00000a30        0x4 e:/program x86/atmel/studio/7.0/toolchain/avr32/avr32-gnu-toolchain/bin/../lib/gcc/avr32/4.4.7/../../../../avr32/lib/ucr2\libc.a(lib_a-impure.o)
                0x00000a30                _impure_ptr
 *(.gnu.linkonce.d.*personality*)

.data1
 *(.data1)

.balign         0x00000a34        0x4 load address 0x8000eac0
                0x00000a38                . = ALIGN (0x8)
 *fill*         0x00000a34        0x4 
                0x00000a38                _edata = .
                0x00000a38                _edata = .
                0x00000a38                PROVIDE (edata, .)
                0x00000a38                __bss_start = .

.bss            0x00000a38     0xac48 load address 0x8000eac0
 *(.dynbss)
 *(.bss .bss.* .gnu.linkonce.b.*)
 .bss.Speaker_is_unmute
                0x00000a38        0x1 src/Application/app/app.o
                0x00000a38                Speaker_is_unmute
 .bss.Battery_Flag
                0x00000a39        0x1 src/Application/app/app.o
                0x00000a39                Battery_Flag
 .bss.VF_SN     0x00000a3a        0x1 src/Application/app/app.o
                0x00000a3a                VF_SN
 *fill*         0x00000a3b        0x1 
 .bss.res.12759
                0x00000a3c        0x4 src/Application/app/app.o
 .bss.AMBE_tx_flag
                0x00000a40        0x1 src/Application/app/app.o
                0x00000a40                AMBE_tx_flag
 .bss.Radio_Transmit_State
                0x00000a41        0x1 src/Application/app/app.o
                0x00000a41                Radio_Transmit_State
 .bss.Call_Begin
                0x00000a42        0x1 src/Application/app/app.o
                0x00000a42                Call_Begin
 .bss.AMBE_rx_flag
                0x00000a43        0x1 src/Application/app/app.o
                0x00000a43                AMBE_rx_flag
 .bss.AMBE_Media
                0x00000a44        0x1 src/Application/app/app.o
                0x00000a44                AMBE_Media
 .bss.connect_flag
                0x00000a45        0x1 src/Application/app/app.o
 .bss.Mic_is_Enabled
                0x00000a46        0x1 src/Application/app/app.o
                0x00000a46                Mic_is_Enabled
 *fill*         0x00000a47        0x1 
 .bss.OB_State.12785
                0x00000a48        0x4 src/Application/app/app.o
 .bss.count_mutex
                0x00000a4c        0x4 src/Application/app/app.o
                0x00000a4c                count_mutex
 .bss.xLastWakeTime.12779
                0x00000a50        0x4 src/Application/app/app.o
 .bss.times_counter.12826
                0x00000a54        0x1 src/Application/app/app.o
 .bss.Terminator_Flag
                0x00000a55        0x1 src/Application/app/app.o
                0x00000a55                Terminator_Flag
 *fill*         0x00000a56        0x2 
 .bss.ulIdleCycleCount
                0x00000a58        0x4 src/Application/app/app.o
                0x00000a58                ulIdleCycleCount
 .bss.payload_rx_exec
                0x00000a5c        0x4 src/Application/radio/payload.o
                0x00000a5c                payload_rx_exec
 .bss.payload_tx_exec
                0x00000a60        0x4 src/Application/radio/payload.o
                0x00000a60                payload_tx_exec
 .bss.phy_tx_index.10647
                0x00000a64        0x1 src/Application/radio/physical.o
 *fill*         0x00000a65        0x3 
 .bss.RxBytesWaiting.10956
                0x00000a68        0x4 src/Application/radio/physical.o
 .bss.phy_rx_length.10690
                0x00000a6c        0x2 src/Application/radio/physical.o
 *fill*         0x00000a6e        0x2 
 .bss.RxData_IsFillingNext16.10955
                0x00000a70        0x4 src/Application/radio/physical.o
 .bss.AMBE_HT   0x00000a74        0x8 src/Application/radio/physical.o
 .bss.Item_ID.10961
                0x00000a7c        0x1 src/Application/radio/physical.o
 .bss.is_first.10960
                0x00000a7d        0x1 src/Application/radio/physical.o
 .bss.phy_rx_expexted_length.10689
                0x00000a7e        0x2 src/Application/radio/physical.o
 .bss.AMBE_payload_ptr.10959
                0x00000a80        0x4 src/Application/radio/physical.o
 .bss.phy_tx_state.10645
                0x00000a84        0x4 src/Application/radio/physical.o
 .bss.RxMedia_IsFillingNext16.10953
                0x00000a88        0x4 src/Application/radio/physical.o
 .bss.phy_frame_ptr.10688
                0x00000a8c        0x4 src/Application/radio/physical.o
 .bss.phy_ptr.10644
                0x00000a90        0x4 src/Application/radio/physical.o
 .bss.xnl_store_idle
                0x00000a94        0x4 src/Application/radio/physical.o
                0x00000a94                xnl_store_idle
 .bss.payload_store_idle
                0x00000a98        0x4 src/Application/radio/physical.o
                0x00000a98                payload_store_idle
 .bss.phy_rx_state.10692
                0x00000a9c        0x4 src/Application/radio/physical.o
 .bss.phy_check_sum.10691
                0x00000aa0        0x2 src/Application/radio/physical.o
 *fill*         0x00000aa2        0x2 
 .bss.phy_xnl_frame_rx
                0x00000aa4        0x4 src/Application/radio/physical.o
                0x00000aa4                phy_xnl_frame_rx
 .bss.payload_ptr.10958
                0x00000aa8        0x4 src/Application/radio/physical.o
 .bss.phy_tx_expexted_length.10646
                0x00000aac        0x2 src/Application/radio/physical.o
 *fill*         0x00000aae        0x2 
 .bss.m_RxBurstType
                0x00000ab0        0x4 src/Application/radio/physical.o
 .bss.RxAMBE_IsFillingNext8.10954
                0x00000ab4        0x4 src/Application/radio/physical.o
 .bss.phy_payload_frame_tx
                0x00000ab8        0x4 src/Application/radio/physical.o
                0x00000ab8                phy_payload_frame_tx
 .bss.phy_rx_count.10693
                0x00000abc        0x4 src/Application/radio/physical.o
 .bss.SDV_Index.10964
                0x00000ac0        0x1 src/Application/radio/physical.o
 *fill*         0x00000ac1        0x3 
 .bss.phy_xnl_frame_tx
                0x00000ac4        0x4 src/Application/radio/physical.o
                0x00000ac4                phy_xnl_frame_tx
 .bss.RxMediaState.10952
                0x00000ac8        0x4 src/Application/radio/physical.o
 .bss.ArrayDiscLength.10957
                0x00000acc        0x4 src/Application/radio/physical.o
 .bss.phy_payload_frame_rx
                0x00000ad0        0x4 src/Application/radio/physical.o
                0x00000ad0                phy_payload_frame_rx
 .bss.Item_Length.10962
                0x00000ad4        0x4 src/Application/radio/physical.o
 .bss.phy_rx_exec
                0x00000ad8        0x4 src/Application/radio/ssc.o
                0x00000ad8                phy_rx_exec
 .bss.count.9823
                0x00000adc        0x4 src/Application/radio/ssc.o
 .bss.phy_tx_exec
                0x00000ae0        0x4 src/Application/radio/ssc.o
                0x00000ae0                phy_tx_exec
 .bss.version_information
                0x00000ae4        0xc src/Application/radio/xcmp.o
                0x00000ae4                version_information
 .bss.clone_read
                0x00000af0        0xc src/Application/radio/xcmp.o
                0x00000af0                clone_read
 .bss.xcmp_frame_rx
                0x00000afc        0x4 src/Application/radio/xcmp.o
 .bss.clone_write
                0x00000b00        0xc src/Application/radio/xcmp.o
                0x00000b00                clone_write
 .bss.automatic_frequency_correction_control
                0x00000b0c        0xc src/Application/radio/xcmp.o
                0x00000b0c                automatic_frequency_correction_control
 .bss.language_pack_information
                0x00000b18        0xc src/Application/radio/xcmp.o
                0x00000b18                language_pack_information
 .bss.radio_status
                0x00000b24        0xc src/Application/radio/xcmp.o
                0x00000b24                radio_status
 .bss.xnl_timeout_semphr
                0x00000b30        0x4 src/Application/radio/xnl.o
 .bss.flags.10672
                0x00000b34        0x1 src/Application/radio/xnl.o
 *fill*         0x00000b35        0x3 
 .bss.xnl_tx_state.10716
                0x00000b38        0x4 src/Application/radio/xnl.o
 .bss.xnl_frame_tx
                0x00000b3c        0x4 src/Application/radio/xnl.o
 .bss.xnl_send_times.10717
                0x00000b40        0x4 src/Application/radio/xnl.o
 .bss.ptr.10718
                0x00000b44        0x4 src/Application/radio/xnl.o
 .bss.xcmp_exec
                0x00000b48        0x4 src/Application/radio/xnl.o
                0x00000b48                xcmp_exec
 .bss.rc522_init_failure
                0x00000b4c        0x1 src/Application/RFID/MFRC522/rc522.o
                0x00000b4c                rc522_init_failure
 *fill*         0x00000b4d        0x3 
 .bss.xg_resend_queue
                0x00000b50        0x4 src/Application/xgflash/xgflash.o
                0x00000b50                xg_resend_queue
 .bss.message_storage_queue
                0x00000b54        0x4 src/Application/xgflash/xgflash.o
                0x00000b54                message_storage_queue
 .bss.xBinarySemaphore
                0x00000b58        0x4 src/Application/xgflash/xgflash.o
                0x00000b58                xBinarySemaphore
 .bss._int_line_handler_table_6
                0x00000b5c        0x4 src/ASF/avr32/drivers/intc/intc.o
 .bss._int_line_handler_table_7
                0x00000b60        0x4 src/ASF/avr32/drivers/intc/intc.o
 .bss._int_line_handler_table_8
                0x00000b64        0x4 src/ASF/avr32/drivers/intc/intc.o
 .bss._int_line_handler_table_9
                0x00000b68        0x4 src/ASF/avr32/drivers/intc/intc.o
 .bss._int_line_handler_table_10
                0x00000b6c        0x4 src/ASF/avr32/drivers/intc/intc.o
 .bss._int_line_handler_table_11
                0x00000b70        0x4 src/ASF/avr32/drivers/intc/intc.o
 .bss._int_line_handler_table_12
                0x00000b74        0x4 src/ASF/avr32/drivers/intc/intc.o
 .bss._int_line_handler_table_13
                0x00000b78        0x4 src/ASF/avr32/drivers/intc/intc.o
 .bss._int_line_handler_table_14
                0x00000b7c        0xc src/ASF/avr32/drivers/intc/intc.o
 .bss._int_line_handler_table_15
                0x00000b88        0x4 src/ASF/avr32/drivers/intc/intc.o
 .bss._int_line_handler_table_16
                0x00000b8c        0x4 src/ASF/avr32/drivers/intc/intc.o
 .bss._int_line_handler_table_17
                0x00000b90        0x4 src/ASF/avr32/drivers/intc/intc.o
 .bss._int_line_handler_table_18
                0x00000b94        0x4 src/ASF/avr32/drivers/intc/intc.o
 .bss._int_line_handler_table_0
                0x00000b98        0x4 src/ASF/avr32/drivers/intc/intc.o
 .bss._int_line_handler_table_1
                0x00000b9c       0x2c src/ASF/avr32/drivers/intc/intc.o
 .bss._int_line_handler_table_2
                0x00000bc8       0x18 src/ASF/avr32/drivers/intc/intc.o
 .bss._int_line_handler_table_3
                0x00000be0       0x1c src/ASF/avr32/drivers/intc/intc.o
 .bss._int_line_handler_table_4
                0x00000bfc        0x4 src/ASF/avr32/drivers/intc/intc.o
 .bss._int_line_handler_table_5
                0x00000c00        0x4 src/ASF/avr32/drivers/intc/intc.o
 .bss.uxMissedTicks
                0x00000c04        0x4 src/ASF/thirdparty/freertos/freertos-7.0.0/source/tasks.o
 .bss.uxTopUsedPriority
                0x00000c08        0x4 src/ASF/thirdparty/freertos/freertos-7.0.0/source/tasks.o
 .bss.pxDelayedTaskList
                0x00000c0c        0x4 src/ASF/thirdparty/freertos/freertos-7.0.0/source/tasks.o
 .bss.xSchedulerRunning
                0x00000c10        0x4 src/ASF/thirdparty/freertos/freertos-7.0.0/source/tasks.o
 .bss.uxTasksDeleted
                0x00000c14        0x4 src/ASF/thirdparty/freertos/freertos-7.0.0/source/tasks.o
 .bss.xNumOfOverflows
                0x00000c18        0x4 src/ASF/thirdparty/freertos/freertos-7.0.0/source/tasks.o
 .bss.pxOverflowDelayedTaskList
                0x00000c1c        0x4 src/ASF/thirdparty/freertos/freertos-7.0.0/source/tasks.o
 .bss.pxReadyTasksLists
                0x00000c20       0xa0 src/ASF/thirdparty/freertos/freertos-7.0.0/source/tasks.o
 .bss.xTasksWaitingTermination
                0x00000cc0       0x14 src/ASF/thirdparty/freertos/freertos-7.0.0/source/tasks.o
 .bss.pxCurrentTCB
                0x00000cd4        0x4 src/ASF/thirdparty/freertos/freertos-7.0.0/source/tasks.o
                0x00000cd4                pxCurrentTCB
 .bss.xPendingReadyList
                0x00000cd8       0x14 src/ASF/thirdparty/freertos/freertos-7.0.0/source/tasks.o
 .bss.xDelayedTaskList1
                0x00000cec       0x14 src/ASF/thirdparty/freertos/freertos-7.0.0/source/tasks.o
 .bss.xTickCount
                0x00000d00        0x4 src/ASF/thirdparty/freertos/freertos-7.0.0/source/tasks.o
 .bss.uxSchedulerSuspended
                0x00000d04        0x4 src/ASF/thirdparty/freertos/freertos-7.0.0/source/tasks.o
 .bss.xDelayedTaskList2
                0x00000d08       0x14 src/ASF/thirdparty/freertos/freertos-7.0.0/source/tasks.o
 .bss.uxTaskNumber
                0x00000d1c        0x4 src/ASF/thirdparty/freertos/freertos-7.0.0/source/tasks.o
 .bss.uxCurrentNumberOfTasks
                0x00000d20        0x4 src/ASF/thirdparty/freertos/freertos-7.0.0/source/tasks.o
 .bss.xMissedYield
                0x00000d24        0x4 src/ASF/thirdparty/freertos/freertos-7.0.0/source/tasks.o
 .bss.xSuspendedTaskList
                0x00000d28       0x14 src/ASF/thirdparty/freertos/freertos-7.0.0/source/tasks.o
 .bss.uxTopReadyPriority
                0x00000d3c        0x4 src/ASF/thirdparty/freertos/freertos-7.0.0/source/tasks.o
 .bss.lench.11294
                0x00000d40        0x1 src/Log/log.o
 .bss.lench.11364
                0x00000d41        0x1 src/Log/log.o
 *fill*         0x00000d42        0x2 
 .bss.__malloc_max_total_mem
                0x00000d44        0x4 e:/program x86/atmel/studio/7.0/toolchain/avr32/avr32-gnu-toolchain/bin/../lib/gcc/avr32/4.4.7/../../../../avr32/lib/ucr2\libc.a(lib_a-mallocr.o)
                0x00000d44                __malloc_max_total_mem
 .bss.__malloc_max_sbrked_mem
                0x00000d48        0x4 e:/program x86/atmel/studio/7.0/toolchain/avr32/avr32-gnu-toolchain/bin/../lib/gcc/avr32/4.4.7/../../../../avr32/lib/ucr2\libc.a(lib_a-mallocr.o)
                0x00000d48                __malloc_max_sbrked_mem
 .bss.__malloc_top_pad
                0x00000d4c        0x4 e:/program x86/atmel/studio/7.0/toolchain/avr32/avr32-gnu-toolchain/bin/../lib/gcc/avr32/4.4.7/../../../../avr32/lib/ucr2\libc.a(lib_a-mallocr.o)
                0x00000d4c                __malloc_top_pad
 .bss.__malloc_current_mallinfo
                0x00000d50       0x28 e:/program x86/atmel/studio/7.0/toolchain/avr32/avr32-gnu-toolchain/bin/../lib/gcc/avr32/4.4.7/../../../../avr32/lib/ucr2\libc.a(lib_a-mallocr.o)
                0x00000d50                __malloc_current_mallinfo
 .bss.cur_heap_pos.1869
                0x00000d78        0x4 e:/program x86/atmel/studio/7.0/toolchain/avr32/avr32-gnu-toolchain/bin/../lib/gcc/avr32/4.4.7/../../../../avr32/lib/ucr2\libc.a(lib_a-syscalls.o)
 *(COMMON)
 COMMON         0x00000d7c        0xe src/Application/app/app.o
                0x00000d7c                XCMP_Version
                0x00000d80                bunchofrandomstatusflags
                0x00000d84                Current_time
 *fill*         0x00000d8a        0x2 
 COMMON         0x00000d8c     0x1004 src/Application/flash/data_flash.o
                0x00000d8c                FLASH_BUF
                0x00001d8c                spi
 COMMON         0x00001d90      0x122 src/Application/radio/ambe.o
                0x00001d90                AMBEBurst_rawdata
                0x00001d98                Radio_Internal_Data
                0x00001d9c                AMBE_DecryptionKey
                0x00001da4                SendAMBEBurst_EncryptionPackage
                0x00001e94                VBSP_data
                0x00001e98                Soft_Decision_Data
 COMMON         0x00001eb2     0x7800 src/Application/radio/physical.o
                0x00001eb2                payload_store
                0x000032b2                xnl_store
 *fill*         0x000096b2        0x2 
 COMMON         0x000096b4       0x4c src/Application/radio/ssc.o
                0x000096b4                intDuration
                0x000096b8                BufferIndex
                0x000096bc                intStartCount
                0x000096c0                RxBuffer
                0x000096e0                TxBuffer
 COMMON         0x00009700        0x4 src/Application/radio/xcmp.o
                0x00009700                app_list
 COMMON         0x00009704        0xa src/Application/radio/xnl.o
                0x00009704                xnl_information
 *fill*         0x0000970e        0x2 
 COMMON         0x00009710       0x18 src/Application/RFID/RFID.o
                0x00009710                RFID
                0x00009720                CT
                0x00009724                SN
 COMMON         0x00009728     0x1f44 src/Application/xgflash/xgflash.o
                0x00009728                message_store
                0x0000b668                save_handle
 COMMON         0x0000b66c        0x4 src/ASF/avr32/drivers/spi/spi.o
                0x0000b66c                xSPIMutex
 COMMON         0x0000b670        0x4 src/ASF/thirdparty/freertos/freertos-7.0.0/source/portable/gcc/avr32_uc3/write.o
                0x0000b670                stdio_usart_base
 COMMON         0x0000b674        0x4 src/Log/log.o
                0x0000b674                logQueue
 COMMON         0x0000b678        0x4 e:/program x86/atmel/studio/7.0/toolchain/avr32/avr32-gnu-toolchain/bin/../lib/gcc/avr32/4.4.7/../../../../avr32/lib/ucr2\libc.a(lib_a-reent.o)
                0x0000b678                errno
                0x0000b680                . = ALIGN (0x8)
 *fill*         0x0000b67c        0x4 
                0x0000b680                . = ALIGN (0x8)
                0x0000b680                _end = .
                0x0000b680                PROVIDE (end, .)
                0x0000b680                __heap_start__ = ALIGN (0x8)
                0x00017000                . = ((ORIGIN (CPUSRAM) + 0x17ffc) - _stack_size)
                0x00017000                __heap_end__ = .

.stab
 *(.stab)

.stabstr
 *(.stabstr)

.stab.excl
 *(.stab.excl)

.stab.exclstr
 *(.stab.exclstr)

.stab.index
 *(.stab.index)

.stab.indexstr
 *(.stab.indexstr)

.comment        0x00000000       0x30
 *(.comment)
 .comment       0x00000000       0x30 src/Application/app/app.o
                                 0x31 (size before relaxing)
 .comment       0x00000000       0x31 src/Application/flash/data_flash.o
 .comment       0x00000000       0x31 src/Application/radio/ambe.o
 .comment       0x00000000       0x31 src/Application/radio/payload.o
 .comment       0x00000000       0x31 src/Application/radio/physical.o
 .comment       0x00000000       0x31 src/Application/radio/ssc.o
 .comment       0x00000000       0x31 src/Application/radio/xcmp.o
 .comment       0x00000000       0x31 src/Application/radio/xnl.o
 .comment       0x00000000       0x31 src/Application/RFID/MFRC522/rc522.o
 .comment       0x00000000       0x31 src/Application/RFID/RFID.o
 .comment       0x00000000       0x31 src/Application/timers/timer.o
 .comment       0x00000000       0x31 src/Application/xgflash/xgflash.o
 .comment       0x00000000       0x31 src/ASF/avr32/drivers/flashc/flashc.o
 .comment       0x00000000       0x31 src/ASF/avr32/drivers/gpio/gpio.o
 .comment       0x00000000       0x31 src/ASF/avr32/drivers/intc/intc.o
 .comment       0x00000000       0x31 src/ASF/avr32/drivers/pm/pm.o
 .comment       0x00000000       0x31 src/ASF/avr32/drivers/spi/spi.o
 .comment       0x00000000       0x31 src/ASF/avr32/drivers/usart/usart.o
 .comment       0x00000000       0x31 src/ASF/thirdparty/freertos/freertos-7.0.0/source/list.o
 .comment       0x00000000       0x31 src/ASF/thirdparty/freertos/freertos-7.0.0/source/portable/gcc/avr32_uc3/port.o
 .comment       0x00000000       0x31 src/ASF/thirdparty/freertos/freertos-7.0.0/source/portable/gcc/avr32_uc3/read.o
 .comment       0x00000000       0x31 src/ASF/thirdparty/freertos/freertos-7.0.0/source/portable/gcc/avr32_uc3/write.o
 .comment       0x00000000       0x31 src/ASF/thirdparty/freertos/freertos-7.0.0/source/portable/memmang/heap_3.o
 .comment       0x00000000       0x31 src/ASF/thirdparty/freertos/freertos-7.0.0/source/queue.o
 .comment       0x00000000       0x31 src/ASF/thirdparty/freertos/freertos-7.0.0/source/tasks.o
 .comment       0x00000000       0x31 src/Log/log.o
 .comment       0x00000000       0x31 src/main.o
 .comment       0x00000000       0x31 e:/program x86/atmel/studio/7.0/toolchain/avr32/avr32-gnu-toolchain/bin/../lib/gcc/avr32/4.4.7/../../../../avr32/lib/ucr2\libc.a(lib_a-malloc.o)
 .comment       0x00000000       0x31 e:/program x86/atmel/studio/7.0/toolchain/avr32/avr32-gnu-toolchain/bin/../lib/gcc/avr32/4.4.7/../../../../avr32/lib/ucr2\libc.a(lib_a-mallocr.o)
 .comment       0x00000000       0x31 e:/program x86/atmel/studio/7.0/toolchain/avr32/avr32-gnu-toolchain/bin/../lib/gcc/avr32/4.4.7/../../../../avr32/lib/ucr2\libc.a(lib_a-memset.o)
 .comment       0x00000000       0x31 e:/program x86/atmel/studio/7.0/toolchain/avr32/avr32-gnu-toolchain/bin/../lib/gcc/avr32/4.4.7/../../../../avr32/lib/ucr2\libc.a(lib_a-reallocr.o)
 .comment       0x00000000       0x31 e:/program x86/atmel/studio/7.0/toolchain/avr32/avr32-gnu-toolchain/bin/../lib/gcc/avr32/4.4.7/../../../../avr32/lib/ucr2\libc.a(lib_a-sbrkr.o)
 .comment       0x00000000       0x31 e:/program x86/atmel/studio/7.0/toolchain/avr32/avr32-gnu-toolchain/bin/../lib/gcc/avr32/4.4.7/../../../../avr32/lib/ucr2\libc.a(lib_a-sprintf.o)
 .comment       0x00000000       0x31 e:/program x86/atmel/studio/7.0/toolchain/avr32/avr32-gnu-toolchain/bin/../lib/gcc/avr32/4.4.7/../../../../avr32/lib/ucr2\libc.a(lib_a-syscalls.o)
 .comment       0x00000000       0x31 e:/program x86/atmel/studio/7.0/toolchain/avr32/avr32-gnu-toolchain/bin/../lib/gcc/avr32/4.4.7/../../../../avr32/lib/ucr2\libc.a(lib_a-vfprintf.o)
 .comment       0x00000000       0x31 e:/program x86/atmel/studio/7.0/toolchain/avr32/avr32-gnu-toolchain/bin/../lib/gcc/avr32/4.4.7/../../../../avr32/lib/ucr2\libc.a(lib_a-wsetup.o)
 .comment       0x00000000       0x31 e:/program x86/atmel/studio/7.0/toolchain/avr32/avr32-gnu-toolchain/bin/../lib/gcc/avr32/4.4.7/../../../../avr32/lib/ucr2\libc.a(lib_a-dtoa.o)
 .comment       0x00000000       0x31 e:/program x86/atmel/studio/7.0/toolchain/avr32/avr32-gnu-toolchain/bin/../lib/gcc/avr32/4.4.7/../../../../avr32/lib/ucr2\libc.a(lib_a-errno.o)
 .comment       0x00000000       0x31 e:/program x86/atmel/studio/7.0/toolchain/avr32/avr32-gnu-toolchain/bin/../lib/gcc/avr32/4.4.7/../../../../avr32/lib/ucr2\libc.a(lib_a-fflush.o)
 .comment       0x00000000       0x31 e:/program x86/atmel/studio/7.0/toolchain/avr32/avr32-gnu-toolchain/bin/../lib/gcc/avr32/4.4.7/../../../../avr32/lib/ucr2\libc.a(lib_a-findfp.o)
 .comment       0x00000000       0x31 e:/program x86/atmel/studio/7.0/toolchain/avr32/avr32-gnu-toolchain/bin/../lib/gcc/avr32/4.4.7/../../../../avr32/lib/ucr2\libc.a(lib_a-freer.o)
 .comment       0x00000000       0x31 e:/program x86/atmel/studio/7.0/toolchain/avr32/avr32-gnu-toolchain/bin/../lib/gcc/avr32/4.4.7/../../../../avr32/lib/ucr2\libc.a(lib_a-fvwrite.o)
 .comment       0x00000000       0x31 e:/program x86/atmel/studio/7.0/toolchain/avr32/avr32-gnu-toolchain/bin/../lib/gcc/avr32/4.4.7/../../../../avr32/lib/ucr2\libc.a(lib_a-fwalk.o)
 .comment       0x00000000       0x31 e:/program x86/atmel/studio/7.0/toolchain/avr32/avr32-gnu-toolchain/bin/../lib/gcc/avr32/4.4.7/../../../../avr32/lib/ucr2\libc.a(lib_a-impure.o)
 .comment       0x00000000       0x31 e:/program x86/atmel/studio/7.0/toolchain/avr32/avr32-gnu-toolchain/bin/../lib/gcc/avr32/4.4.7/../../../../avr32/lib/ucr2\libc.a(lib_a-locale.o)
 .comment       0x00000000       0x31 e:/program x86/atmel/studio/7.0/toolchain/avr32/avr32-gnu-toolchain/bin/../lib/gcc/avr32/4.4.7/../../../../avr32/lib/ucr2\libc.a(lib_a-makebuf.o)
 .comment       0x00000000       0x31 e:/program x86/atmel/studio/7.0/toolchain/avr32/avr32-gnu-toolchain/bin/../lib/gcc/avr32/4.4.7/../../../../avr32/lib/ucr2\libc.a(lib_a-memchr.o)
 .comment       0x00000000       0x31 e:/program x86/atmel/studio/7.0/toolchain/avr32/avr32-gnu-toolchain/bin/../lib/gcc/avr32/4.4.7/../../../../avr32/lib/ucr2\libc.a(lib_a-memmove.o)
 .comment       0x00000000       0x31 e:/program x86/atmel/studio/7.0/toolchain/avr32/avr32-gnu-toolchain/bin/../lib/gcc/avr32/4.4.7/../../../../avr32/lib/ucr2\libc.a(lib_a-mprec.o)
 .comment       0x00000000       0x31 e:/program x86/atmel/studio/7.0/toolchain/avr32/avr32-gnu-toolchain/bin/../lib/gcc/avr32/4.4.7/../../../../avr32/lib/ucr2\libc.a(lib_a-reent.o)
 .comment       0x00000000       0x31 e:/program x86/atmel/studio/7.0/toolchain/avr32/avr32-gnu-toolchain/bin/../lib/gcc/avr32/4.4.7/../../../../avr32/lib/ucr2\libc.a(lib_a-s_isinfd.o)
 .comment       0x00000000       0x31 e:/program x86/atmel/studio/7.0/toolchain/avr32/avr32-gnu-toolchain/bin/../lib/gcc/avr32/4.4.7/../../../../avr32/lib/ucr2\libc.a(lib_a-s_isnand.o)
 .comment       0x00000000       0x31 e:/program x86/atmel/studio/7.0/toolchain/avr32/avr32-gnu-toolchain/bin/../lib/gcc/avr32/4.4.7/../../../../avr32/lib/ucr2\libc.a(lib_a-stdio.o)
 .comment       0x00000000       0x31 e:/program x86/atmel/studio/7.0/toolchain/avr32/avr32-gnu-toolchain/bin/../lib/gcc/avr32/4.4.7/../../../../avr32/lib/ucr2\libc.a(lib_a-strlen.o)
 .comment       0x00000000       0x31 e:/program x86/atmel/studio/7.0/toolchain/avr32/avr32-gnu-toolchain/bin/../lib/gcc/avr32/4.4.7/../../../../avr32/lib/ucr2\libc.a(lib_a-writer.o)
 .comment       0x00000000       0x31 e:/program x86/atmel/studio/7.0/toolchain/avr32/avr32-gnu-toolchain/bin/../lib/gcc/avr32/4.4.7/../../../../avr32/lib/ucr2\libc.a(lib_a-callocr.o)
 .comment       0x00000000       0x31 e:/program x86/atmel/studio/7.0/toolchain/avr32/avr32-gnu-toolchain/bin/../lib/gcc/avr32/4.4.7/../../../../avr32/lib/ucr2\libc.a(lib_a-closer.o)
 .comment       0x00000000       0x31 e:/program x86/atmel/studio/7.0/toolchain/avr32/avr32-gnu-toolchain/bin/../lib/gcc/avr32/4.4.7/../../../../avr32/lib/ucr2\libc.a(lib_a-fclose.o)
 .comment       0x00000000       0x31 e:/program x86/atmel/studio/7.0/toolchain/avr32/avr32-gnu-toolchain/bin/../lib/gcc/avr32/4.4.7/../../../../avr32/lib/ucr2\libc.a(lib_a-fstatr.o)
 .comment       0x00000000       0x31 e:/program x86/atmel/studio/7.0/toolchain/avr32/avr32-gnu-toolchain/bin/../lib/gcc/avr32/4.4.7/../../../../avr32/lib/ucr2\libc.a(lib_a-lseekr.o)
 .comment       0x00000000       0x31 e:/program x86/atmel/studio/7.0/toolchain/avr32/avr32-gnu-toolchain/bin/../lib/gcc/avr32/4.4.7/../../../../avr32/lib/ucr2\libc.a(lib_a-readr.o)
 .comment       0x00000000       0x31 e:/program x86/atmel/studio/7.0/toolchain/avr32/avr32-gnu-toolchain/bin/../lib/gcc/avr32/4.4.7/ucr2\libgcc.a(_udivdi3.o)
 .comment       0x00000000       0x31 e:/program x86/atmel/studio/7.0/toolchain/avr32/avr32-gnu-toolchain/bin/../lib/gcc/avr32/4.4.7/ucr2\libgcc.a(_umoddi3.o)

.debug
 *(.debug)

.line
 *(.line)

.debug_srcinfo
 *(.debug_srcinfo)

.debug_sfnames
 *(.debug_sfnames)

.debug_aranges  0x00000000     0x1680
 *(.debug_aranges)
 .debug_aranges
                0x00000000      0x128 src/Application/app/app.o
 .debug_aranges
                0x00000128       0x90 src/Application/flash/data_flash.o
 .debug_aranges
                0x000001b8       0x20 src/Application/radio/ambe.o
 .debug_aranges
                0x000001d8       0x20 src/Application/radio/payload.o
 .debug_aranges
                0x000001f8       0x68 src/Application/radio/physical.o
 .debug_aranges