Archive member included because of file (symbol)

e:/program x86/atmel/studio/7.0/toolchain/avr32/avr32-gnu-toolchain/bin/../lib/gcc/avr32/4.4.7/../../../../avr32/lib/ucr2\libc.a(lib_a-malloc.o)
                              src/ASF/thirdparty/freertos/freertos-7.0.0/source/portable/memmang/heap_3.o (free)
e:/program x86/atmel/studio/7.0/toolchain/avr32/avr32-gnu-toolchain/bin/../lib/gcc/avr32/4.4.7/../../../../avr32/lib/ucr2\libc.a(lib_a-mallocr.o)
                              e:/program x86/atmel/studio/7.0/toolchain/avr32/avr32-gnu-toolchain/bin/../lib/gcc/avr32/4.4.7/../../../../avr32/lib/ucr2\libc.a(lib_a-malloc.o) (_malloc_r)
e:/program x86/atmel/studio/7.0/toolchain/avr32/avr32-gnu-toolchain/bin/../lib/gcc/avr32/4.4.7/../../../../avr32/lib/ucr2\libc.a(lib_a-memcmp.o)
                              src/Application/voice/voice.o (memcmp)
e:/program x86/atmel/studio/7.0/toolchain/avr32/avr32-gnu-toolchain/bin/../lib/gcc/avr32/4.4.7/../../../../avr32/lib/ucr2\libc.a(lib_a-memcpy.o)
                              src/Application/app/app.o (memcpy)
e:/program x86/atmel/studio/7.0/toolchain/avr32/avr32-gnu-toolchain/bin/../lib/gcc/avr32/4.4.7/../../../../avr32/lib/ucr2\libc.a(lib_a-memset.o)
                              src/Application/radio/physical.o (memset)
e:/program x86/atmel/studio/7.0/toolchain/avr32/avr32-gnu-toolchain/bin/../lib/gcc/avr32/4.4.7/../../../../avr32/lib/ucr2\libc.a(lib_a-realloc.o)
                              src/ASF/thirdparty/freertos/freertos-7.0.0/source/portable/gcc/avr32_uc3/port.o (realloc)
e:/program x86/atmel/studio/7.0/toolchain/avr32/avr32-gnu-toolchain/bin/../lib/gcc/avr32/4.4.7/../../../../avr32/lib/ucr2\libc.a(lib_a-reallocr.o)
                              e:/program x86/atmel/studio/7.0/toolchain/avr32/avr32-gnu-toolchain/bin/../lib/gcc/avr32/4.4.7/../../../../avr32/lib/ucr2\libc.a(lib_a-realloc.o) (_realloc_r)
e:/program x86/atmel/studio/7.0/toolchain/avr32/avr32-gnu-toolchain/bin/../lib/gcc/avr32/4.4.7/../../../../avr32/lib/ucr2\libc.a(lib_a-sbrkr.o)
                              e:/program x86/atmel/studio/7.0/toolchain/avr32/avr32-gnu-toolchain/bin/../lib/gcc/avr32/4.4.7/../../../../avr32/lib/ucr2\libc.a(lib_a-mallocr.o) (_sbrk_r)
e:/program x86/atmel/studio/7.0/toolchain/avr32/avr32-gnu-toolchain/bin/../lib/gcc/avr32/4.4.7/../../../../avr32/lib/ucr2\libc.a(lib_a-sprintf.o)
                              src/Log/log.o (sprintf)
e:/program x86/atmel/studio/7.0/toolchain/avr32/avr32-gnu-toolchain/bin/../lib/gcc/avr32/4.4.7/../../../../avr32/lib/ucr2\libc.a(lib_a-strncpy.o)
                              src/ASF/thirdparty/freertos/freertos-7.0.0/source/tasks.o (strncpy)
e:/program x86/atmel/studio/7.0/toolchain/avr32/avr32-gnu-toolchain/bin/../lib/gcc/avr32/4.4.7/../../../../avr32/lib/ucr2\libc.a(lib_a-syscalls.o)
                              e:/program x86/atmel/studio/7.0/toolchain/avr32/avr32-gnu-toolchain/bin/../lib/gcc/avr32/4.4.7/../../../../avr32/lib/ucr2\libc.a(lib_a-sbrkr.o) (_sbrk)
e:/program x86/atmel/studio/7.0/toolchain/avr32/avr32-gnu-toolchain/bin/../lib/gcc/avr32/4.4.7/../../../../avr32/lib/ucr2\libc.a(lib_a-vfprintf.o)
                              e:/program x86/atmel/studio/7.0/toolchain/avr32/avr32-gnu-toolchain/bin/../lib/gcc/avr32/4.4.7/../../../../avr32/lib/ucr2\libc.a(lib_a-sprintf.o) (_vfprintf_r)
e:/program x86/atmel/studio/7.0/toolchain/avr32/avr32-gnu-toolchain/bin/../lib/gcc/avr32/4.4.7/../../../../avr32/lib/ucr2\libc.a(lib_a-wsetup.o)
                              e:/program x86/atmel/studio/7.0/toolchain/avr32/avr32-gnu-toolchain/bin/../lib/gcc/avr32/4.4.7/../../../../avr32/lib/ucr2\libc.a(lib_a-vfprintf.o) (__swsetup_r)
e:/program x86/atmel/studio/7.0/toolchain/avr32/avr32-gnu-toolchain/bin/../lib/gcc/avr32/4.4.7/../../../../avr32/lib/ucr2\libc.a(lib_a-dtoa.o)
                              e:/program x86/atmel/studio/7.0/toolchain/avr32/avr32-gnu-toolchain/bin/../lib/gcc/avr32/4.4.7/../../../../avr32/lib/ucr2\libc.a(lib_a-vfprintf.o) (_dtoa_r)
e:/program x86/atmel/studio/7.0/toolchain/avr32/avr32-gnu-toolchain/bin/../lib/gcc/avr32/4.4.7/../../../../avr32/lib/ucr2\libc.a(lib_a-errno.o)
                              e:/program x86/atmel/studio/7.0/toolchain/avr32/avr32-gnu-toolchain/bin/../lib/gcc/avr32/4.4.7/../../../../avr32/lib/ucr2\libc.a(lib_a-syscalls.o) (__errno)
e:/program x86/atmel/studio/7.0/toolchain/avr32/avr32-gnu-toolchain/bin/../lib/gcc/avr32/4.4.7/../../../../avr32/lib/ucr2\libc.a(lib_a-fflush.o)
                              e:/program x86/atmel/studio/7.0/toolchain/avr32/avr32-gnu-toolchain/bin/../lib/gcc/avr32/4.4.7/../../../../avr32/lib/ucr2\libc.a(lib_a-vfprintf.o) (_fflush_r)
e:/program x86/atmel/studio/7.0/toolchain/avr32/avr32-gnu-toolchain/bin/../lib/gcc/avr32/4.4.7/../../../../avr32/lib/ucr2\libc.a(lib_a-findfp.o)
                              e:/program x86/atmel/studio/7.0/toolchain/avr32/avr32-gnu-toolchain/bin/../lib/gcc/avr32/4.4.7/../../../../avr32/lib/ucr2\libc.a(lib_a-vfprintf.o) (__sinit)
[...]
Memory Configuration

Name             Origin             Length             Attributes
FLASH            0x80000000         0x00080000         axrl !w
CPUSRAM          0x00000004         0x00017ffc         axw !rl
USERPAGE         0x80800000         0x00000200
FACTORYPAGE      0x80800200         0x00000200
*default*        0x00000000         0xffffffff

Linker script and memory map

                0x00001000                _stack_size = 0x1000
LOAD src/Application/app/app.o
LOAD src/Application/flash/data_flash.o
LOAD src/Application/myrtc/xgrtc.o
LOAD src/Application/radio/ambe.o
LOAD src/Application/radio/AMBE_audio.o
LOAD src/Application/radio/AMBE_audio_2.o
LOAD src/Application/radio/audio.o
LOAD src/Application/radio/payload.o
LOAD src/Application/radio/physical.o
LOAD src/Application/radio/ssc.o
LOAD src/Application/radio/xcmp.o
LOAD src/Application/radio/xnl.o
LOAD src/Application/RFID/MFRC522/rc522.o
LOAD src/Application/RFID/RFID.o
LOAD src/Application/timers/timer.o
LOAD src/Application/voice/voice.o
LOAD src/Application/xgflash/xgflash.o
LOAD src/ASF/avr32/drivers/flashc/flashc.o
LOAD src/ASF/avr32/drivers/gpio/gpio.o
LOAD src/ASF/avr32/drivers/intc/intc.o
LOAD src/ASF/avr32/drivers/pm/pm.o
LOAD src/ASF/avr32/drivers/pm/pm_conf_clocks.o
LOAD src/ASF/avr32/drivers/pm/power_clocks_lib.o
LOAD src/ASF/avr32/drivers/rtc/rtc.o
LOAD src/ASF/avr32/drivers/spi/spi.o
LOAD src/ASF/avr32/drivers/tc/tc.o
LOAD src/ASF/avr32/drivers/twi/twi.o
LOAD src/ASF/avr32/drivers/usart/usart.o
LOAD src/ASF/avr32/utils/startup/startup_uc3.o
LOAD src/ASF/avr32/utils/startup/trampoline_uc3.o
LOAD src/ASF/common/boards/user_board/init.o
LOAD src/ASF/common/services/clock/uc3b0_b1/sysclk.o
LOAD src/ASF/common/services/spi/uc3_spi/spi_master.o
LOAD src/ASF/common/services/spi/uc3_usart_spi/usart_spi.o
LOAD src/ASF/thirdparty/freertos/freertos-7.0.0/source/croutine.o
LOAD src/ASF/thirdparty/freertos/freertos-7.0.0/source/list.o
LOAD src/ASF/thirdparty/freertos/freertos-7.0.0/source/portable/gcc/avr32_uc3/exception.o
LOAD src/ASF/thirdparty/freertos/freertos-7.0.0/source/portable/gcc/avr32_uc3/port.o
LOAD src/ASF/thirdparty/freertos/freertos-7.0.0/source/portable/gcc/avr32_uc3/read.o
LOAD src/ASF/thirdparty/freertos/freertos-7.0.0/source/portable/gcc/avr32_uc3/write.o
LOAD src/ASF/thirdparty/freertos/freertos-7.0.0/source/portable/memmang/heap_3.o
LOAD src/ASF/thirdparty/freertos/freertos-7.0.0/source/queue.o
LOAD src/ASF/thirdparty/freertos/freertos-7.0.0/source/tasks.o
LOAD src/Log/log.o
LOAD src/main.o
START GROUP
LOAD e:/program x86/atmel/studio/7.0/toolchain/avr32/avr32-gnu-toolchain/bin/../lib/gcc/avr32/4.4.7/../../../../avr32/lib/ucr2\libm.a
END GROUP
LOAD e:/program x86/atmel/studio/7.0/toolchain/avr32/avr32-gnu-toolchain/bin/../lib/gcc/avr32/4.4.7/ucr2\libgcc.a
LOAD e:/program x86/atmel/studio/7.0/toolchain/avr32/avr32-gnu-toolchain/bin/../lib/gcc/avr32/4.4.7/../../../../avr32/lib/ucr2\libc.a
LOAD e:/program x86/atmel/studio/7.0/toolchain/avr32/avr32-gnu-toolchain/bin/../lib/gcc/avr32/4.4.7/ucr2\libgcc.a
                0x80000000                PROVIDE (__executable_start, 0x80000000)
                0x80000000                . = 0x80000000

.interp
 *(.interp)

.reset          0x80000000     0x2004
 *(.reset)
 .reset         0x80000000     0x2004 src/ASF/avr32/utils/startup/trampoline_uc3.o
                               0x2008 (size before relaxing)
                0x80000000                _trampoline

.hash
 *(.hash)

.dynsym
 *(.dynsym)

.dynstr
 *(.dynstr)

.gnu.version
 *(.gnu.version)

.gnu.version_d
 *(.gnu.version_d)

.gnu.version_r
 *(.gnu.version_r)

.rel.init
 *(.rel.init)

.rela.init
 *(.rela.init)

.rel.text
 *(.rel.text .rel.text.* .rel.gnu.linkonce.t.*)

.rela.text
 *(.rela.text .rela.text.* .rela.gnu.linkonce.t.*)

.rel.fini
 *(.rel.fini)

.rela.fini
 *(.rela.fini)

.rel.rodata
 *(.rel.rodata .rel.rodata.* .rel.gnu.linkonce.r.*)

.rela.rodata
 *(.rela.rodata .rela.rodata.* .rela.gnu.linkonce.r.*)

.rel.data.rel.ro
 *(.rel.data.rel.ro*)

.rela.data.rel.ro
 *(.rel.data.rel.ro*)

.rel.data
 *(.rel.data .rel.data.* .rel.gnu.linkonce.d.*)

.rela.data
 *(.rela.data .rela.data.* .rela.gnu.linkonce.d.*)

.rel.tdata
 *(.rel.tdata .rel.tdata.* .rel.gnu.linkonce.td.*)

.rela.tdata
 *(.rela.tdata .rela.tdata.* .rela.gnu.linkonce.td.*)

.rel.tbss
 *(.rel.tbss .rel.tbss.* .rel.gnu.linkonce.tb.*)

.rela.tbss
 *(.rela.tbss .rela.tbss.* .rela.gnu.linkonce.tb.*)

.rel.ctors
 *(.rel.ctors)

.rela.ctors
 *(.rela.ctors)

.rel.dtors
 *(.rel.dtors)

.rela.dtors
 *(.rela.dtors)

.rel.got
 *(.rel.got)

.rela.got       0x80002004        0x0
 *(.rela.got)
 .rela.got      0x80002004        0x0 src/Application/app/app.o

.rel.bss
 *(.rel.bss .rel.bss.* .rel.gnu.linkonce.b.*)

.rela.bss
 *(.rela.bss .rela.bss.* .rela.gnu.linkonce.b.*)

.rel.plt
 *(.rel.plt)

.rela.plt
 *(.rela.plt)

.init
 *(.init)

.plt
 *(.plt)

.text           0x80002004     0x9e60
 *(.text .stub .text.* .gnu.linkonce.t.*)
 .text.DeviceManagement_brdcst_func
                0x80002004       0x24 src/Application/app/app.o
                0x80002004                DeviceManagement_brdcst_func
 .text.Volume_brdcst_func
                0x80002028        0x2 src/Application/app/app.o
                0x80002028                Volume_brdcst_func
 .text.AudioRoutingControl_brdcst_func
                0x8000202a        0x2 src/Application/app/app.o
                0x8000202a                AudioRoutingControl_brdcst_func
 .text.vApplicationIdleHook
                0x8000202c       0x10 src/Application/app/app.o
                0x8000202c                vApplicationIdleHook
 .text.app_init
                0x8000203c       0x54 src/Application/app/app.o
                0x8000203c                app_init
 .text.app_payload_tx_proc
                0x80002090       0x14 src/Application/app/app.o
 .text.app_payload_rx_proc
                0x800020a4       0x34 src/Application/app/app.o
 .text.FD_brdcst_func
                0x800020d8       0x14 src/Application/app/app.o
                0x800020d8                FD_brdcst_func
 .text.FD_reply_func
                0x800020ec       0x14 src/Application/app/app.o
                0x800020ec                FD_reply_func
 .text.FD_request_func
                0x80002100       0x14 src/Application/app/app.o
                0x80002100                FD_request_func
 .text.EnOB_brdcst_func
                0x80002114       0x14 src/Application/app/app.o
                0x80002114                EnOB_brdcst_func
 .text.EnOB_reply_func
                0x80002128       0x70 src/Application/app/app.o
                0x80002128                EnOB_reply_func
 .text.SingleDetection_brdcst_func
                0x80002198       0x4c src/Application/app/app.o
                0x80002198                SingleDetection_brdcst_func
 .text.ButtonConfig_brdcst_func
                0x800021e4       0xdc src/Application/app/app.o
                0x800021e4                ButtonConfig_brdcst_func
 .text.ButtonConfig_reply_func
                0x800022c0       0x44 src/Application/app/app.o
                0x800022c0                ButtonConfig_reply_func
 .text.DataSession_reply_func
                0x80002304       0x7c src/Application/app/app.o
                0x80002304                DataSession_reply_func
 .text.CallControl_brdcst_func
                0x80002380       0x44 src/Application/app/app.o
                0x80002380                CallControl_brdcst_func
 .text.TransmitControl_brdcst_func
                0x800023c4       0x48 src/Application/app/app.o
                0x800023c4                TransmitControl_brdcst_func
 .text.TransmitControl_reply_func
                0x8000240c       0x60 src/Application/app/app.o
                0x8000240c                TransmitControl_reply_func
 .text.AudioRoutingControl_reply_func
                0x8000246c       0x28 src/Application/app/app.o
                0x8000246c                AudioRoutingControl_reply_func
 .text.Volume_reply_func
                0x80002494       0x64 src/Application/app/app.o
                0x80002494                Volume_reply_func
 .text.spk_brdcst_func
                0x800024f8       0x38 src/Application/app/app.o
                0x800024f8                spk_brdcst_func
 .text.spk_reply_func
                0x80002530       0x48 src/Application/app/app.o
                0x80002530                spk_reply_func
 .text.mic_brdcst_func
                0x80002578       0x58 src/Application/app/app.o
                0x80002578                mic_brdcst_func
 .text.mic_reply_func
                0x800025d0       0x94 src/Application/app/app.o
                0x800025d0                mic_reply_func
 .text.dcm_brdcst_func
                0x80002664       0x48 src/Application/app/app.o
                0x80002664                dcm_brdcst_func
 .text.dcm_reply_func
                0x800026ac       0x68 src/Application/app/app.o
                0x800026ac                dcm_reply_func
 .text.ToneControl_reply_func
                0x80002714       0x28 src/Application/app/app.o
                0x80002714                ToneControl_reply_func
 .text.app_cfg  0x8000273c      0x13c src/Application/app/app.o
 .text.Phyuserinput_brdcst_func
                0x80002878       0x58 src/Application/app/app.o
                0x80002878                Phyuserinput_brdcst_func
 .text.DataSession_brdcst_func
                0x800028d0       0xf8 src/Application/app/app.o
                0x800028d0                DataSession_brdcst_func
 .text.DeviceInitializationStatus_brdcst_func
                0x800029c8       0x38 src/Application/app/app.o
                0x800029c8                DeviceInitializationStatus_brdcst_func
 .text.send_flash_command
                0x80002a00      0x1c4 src/Application/flash/data_flash.o
                0x80002a00                send_flash_command
 .text.data_flash_read_block
                0x80002bc4       0x38 src/Application/flash/data_flash.o
                0x80002bc4                data_flash_read_block
 .text.data_flash_write_page
                0x80002bfc       0xa0 src/Application/flash/data_flash.o
                0x80002bfc                data_flash_write_page
 .text.data_flash_write_block
                0x80002c9c       0xc0 src/Application/flash/data_flash.o
                0x80002c9c                data_flash_write_block
 .text.data_flash_erase_block
                0x80002d5c       0xa0 src/Application/flash/data_flash.o
                0x80002d5c                data_flash_erase_block
 .text.data_flash_write
                0x80002dfc       0xf0 src/Application/flash/data_flash.o
                0x80002dfc                data_flash_write
 .text.W25Q64_SPI_SetSpeed
                0x80002eec       0x24 src/Application/flash/data_flash.o
                0x80002eec                W25Q64_SPI_SetSpeed
 .text.W25Q64_SPI_SetSpeedHi
                0x80002f10       0x10 src/Application/flash/data_flash.o
                0x80002f10                W25Q64_SPI_SetSpeedHi
 .text.data_flash_init
                0x80002f20      0x12c src/Application/flash/data_flash.o
                0x80002f20                data_flash_init
 .text.xg_rtc_init
                0x8000304c       0x80 src/Application/myrtc/xgrtc.o
                0x8000304c                xg_rtc_init
 .text.rtc_irq  0x800030cc       0xf0 src/Application/myrtc/xgrtc.o
                0x800030cc                rtc_irq
 .text.payload_init
                0x800031bc       0x14 src/Application/radio/payload.o
                0x800031bc                payload_init
 .text.set_idle_store
                0x800031d0       0x20 src/Application/radio/physical.o
                0x800031d0                set_idle_store
 .text.get_idle_store
                0x800031f0       0x28 src/Application/radio/physical.o
                0x800031f0                get_idle_store
 .text.xcmp_register_app_list
                0x80003218        0xc src/Application/radio/xcmp.o
                0x80003218                xcmp_register_app_list
 .text.xcmp_tx  0x80003224       0x48 src/Application/radio/xcmp.o
 .text.xcmp_data_session_req
                0x8000326c       0x8c src/Application/radio/xcmp.o
                0x8000326c                xcmp_data_session_req
 .text.xcmp_DeviceInitializationStatus_request
                0x800032f8       0x40 src/Application/radio/xcmp.o
                0x800032f8                xcmp_DeviceInitializationStatus_request
 .text.xcmp_IdleTestTone
                0x80003338       0x60 src/Application/radio/xcmp.o
                0x80003338                xcmp_IdleTestTone
 .text.xnl_tx   0x80003398       0xe4 src/Application/radio/xnl.o
                0x80003398                xnl_tx
 .text.RC522_SPI_SetSpeed
                0x8000347c       0x24 src/Application/RFID/MFRC522/rc522.o
                0x8000347c                RC522_SPI_SetSpeed
 .text.RC522_SPI_SetSpeedLow
                0x800034a0       0x10 src/Application/RFID/MFRC522/rc522.o
                0x800034a0                RC522_SPI_SetSpeedLow
 .text.RC522_ReadByte
                0x800034b0       0x2c src/Application/RFID/MFRC522/rc522.o
                0x800034b0                RC522_ReadByte
 .text.RC522_WriteByte
                0x800034dc       0x30 src/Application/RFID/MFRC522/rc522.o
                0x800034dc                RC522_WriteByte
 .text.WriteRawRC
                0x8000350c       0x40 src/Application/RFID/MFRC522/rc522.o
                0x8000350c                WriteRawRC
 .text.PcdReset
                0x8000354c       0x80 src/Application/RFID/MFRC522/rc522.o
                0x8000354c                PcdReset
 .text.ReadRawRC
                0x800035cc       0x48 src/Application/RFID/MFRC522/rc522.o
                0x800035cc                ReadRawRC
 .text.Wait_Wakeup_RC522
                0x80003614       0x10 src/Application/RFID/MFRC522/rc522.o
                0x80003614                Wait_Wakeup_RC522
 .text.Powerdown_RC522
                0x80003624       0x4c src/Application/RFID/MFRC522/rc522.o
                0x80003624                Powerdown_RC522
 .text.SetBitMask
                0x80003670       0x24 src/Application/RFID/MFRC522/rc522.o
                0x80003670                SetBitMask
 .text.PcdAntennaOn
                0x80003694       0x20 src/Application/RFID/MFRC522/rc522.o
                0x80003694                PcdAntennaOn
 .text.ClearBitMask
                0x800036b4       0x28 src/Application/RFID/MFRC522/rc522.o
                0x800036b4                ClearBitMask
 .text.PcdAntennaOff
                0x800036dc       0x10 src/Application/RFID/MFRC522/rc522.o
                0x800036dc                PcdAntennaOff
 .text.M500PcdConfigISOType
                0x800036ec       0x70 src/Application/RFID/MFRC522/rc522.o
                0x800036ec                M500PcdConfigISOType
 .text.rc522_init
                0x8000375c       0xb4 src/Application/RFID/MFRC522/rc522.o
                0x8000375c                rc522_init
 .text.PcdComMF522
                0x80003810      0x178 src/Application/RFID/MFRC522/rc522.o
                0x80003810                PcdComMF522
 .text.PcdAnticoll
                0x80003988       0x84 src/Application/RFID/MFRC522/rc522.o
                0x80003988                PcdAnticoll
 .text.PcdRequest
                0x80003a0c       0x64 src/Application/RFID/MFRC522/rc522.o
                0x80003a0c                PcdRequest
 .text.CalulateCRC
                0x80003a70       0x8c src/Application/RFID/MFRC522/rc522.o
                0x80003a70                CalulateCRC
 .text.PcdSelect
                0x80003afc       0x74 src/Application/RFID/MFRC522/rc522.o
                0x80003afc                PcdSelect
 .text.rfid_auto_reader
                0x80003b70      0x120 src/Application/RFID/RFID.o
                0x80003b70                rfid_auto_reader
 .text.scan_patrol
                0x80003c90       0x50 src/Application/RFID/RFID.o
                0x80003c90                scan_patrol
 .text.rfid_sendID_message
                0x80003ce0      0x168 src/Application/RFID/RFID.o
                0x80003ce0                rfid_sendID_message
 .text.rfid_init
                0x80003e48        0xc src/Application/RFID/RFID.o
                0x80003e48                rfid_init
 .text.delay_ns
                0x80003e54       0x16 src/Application/timers/timer.o
                0x80003e54                delay_ns
 *fill*         0x80003e6a        0x2 d703d703
 .text.delay_us
                0x80003e6c       0x28 src/Application/timers/timer.o
                0x80003e6c                delay_us
 .text.delay_ms
                0x80003e94       0x28 src/Application/timers/timer.o
                0x80003e94                delay_ms
 .text.local_start_timer
                0x80003ebc       0x2c src/Application/timers/timer.o
                0x80003ebc                local_start_timer
 .text.local_start_pll0
                0x80003ee8       0x94 src/Application/timers/timer.o
                0x80003ee8                local_start_pll0
 .text.create_xg_flash_test_task
                0x80003f7c       0x54 src/Application/xgflash/xgflash.o
                0x80003f7c                create_xg_flash_test_task
 .text.xg_flashc_init
                0x80003fd0      0x27c src/Application/xgflash/xgflash.o
                0x80003fd0                xg_flashc_init
 .text.xgflash_get_message_data
                0x8000424c      0x154 src/Application/xgflash/xgflash.o
                0x8000424c                xgflash_get_message_data
 .text.xgflash_message_save
                0x800043a0      0x168 src/Application/xgflash/xgflash.o
                0x800043a0                xgflash_message_save
 .text.runXGFlashTestSAVE
                0x80004508       0x7c src/Application/xgflash/xgflash.o
                0x80004508                runXGFlashTestSAVE
 .text.xgflash_get_message_count
                0x80004584       0x4c src/Application/xgflash/xgflash.o
                0x80004584                xgflash_get_message_count
 .text.runXGFlashTestREAD
                0x800045d0      0x10c src/Application/xgflash/xgflash.o
                0x800045d0                runXGFlashTestREAD
 .text.flashc_set_wait_state
                0x800046dc        0xe src/ASF/avr32/drivers/flashc/flashc.o
                0x800046dc                flashc_set_wait_state
 .text.gpio_enable_module_pin
                0x800046ea       0x52 src/ASF/avr32/drivers/gpio/gpio.o
                0x800046ea                gpio_enable_module_pin
 .text.gpio_enable_module
                0x8000473c       0x30 src/ASF/avr32/drivers/gpio/gpio.o
                0x8000473c                gpio_enable_module
 .text.gpio_enable_gpio_pin
                0x8000476c       0x18 src/ASF/avr32/drivers/gpio/gpio.o
                0x8000476c                gpio_enable_gpio_pin
 .text.gpio_set_gpio_pin
                0x80004784       0x1c src/ASF/avr32/drivers/gpio/gpio.o
                0x80004784                gpio_set_gpio_pin
 .text.gpio_clr_gpio_pin
                0x800047a0       0x1c src/ASF/avr32/drivers/gpio/gpio.o
                0x800047a0                gpio_clr_gpio_pin
 .text._unhandled_interrupt
                0x800047bc        0x2 src/ASF/avr32/drivers/intc/intc.o
 *fill*         0x800047be        0x2 d703d703
 .text.INTC_register_interrupt
                0x800047c0       0x80 src/ASF/avr32/drivers/intc/intc.o
                0x800047c0                INTC_register_interrupt
 .text.INTC_init_interrupts
                0x80004840       0x54 src/ASF/avr32/drivers/intc/intc.o
                0x80004840                INTC_init_interrupts
 .text._get_interrupt_handler
                0x80004894       0x38 src/ASF/avr32/drivers/intc/intc.o
                0x80004894                _get_interrupt_handler
 .text.pm_set_osc0_mode
                0x800048cc        0xa src/ASF/avr32/drivers/pm/pm.o
 *fill*         0x800048d6        0x2 d703d703
 .text.pm_enable_osc0_crystal
                0x800048d8       0x3c src/ASF/avr32/drivers/pm/pm.o
                0x800048d8                pm_enable_osc0_crystal
 .text.pm_enable_clk0_no_wait
                0x80004914       0x10 src/ASF/avr32/drivers/pm/pm.o
                0x80004914                pm_enable_clk0_no_wait
 .text.pm_wait_for_clk0_ready
                0x80004924        0xa src/ASF/avr32/drivers/pm/pm.o
                0x80004924                pm_wait_for_clk0_ready
 *fill*         0x8000492e        0x2 d703d703
 .text.pm_enable_clk0
                0x80004930       0x1c src/ASF/avr32/drivers/pm/pm.o
                0x80004930                pm_enable_clk0
 .text.pm_set_osc32_mode
                0x8000494c        0xa src/ASF/avr32/drivers/pm/pm.o
 *fill*         0x80004956        0x2 d703d703
 .text.pm_enable_osc32_crystal
                0x80004958       0x10 src/ASF/avr32/drivers/pm/pm.o
                0x80004958                pm_enable_osc32_crystal
 .text.pm_enable_clk32_no_wait
                0x80004968       0x10 src/ASF/avr32/drivers/pm/pm.o
                0x80004968                pm_enable_clk32_no_wait
 .text.pm_wait_for_clk32_ready
                0x80004978        0xa src/ASF/avr32/drivers/pm/pm.o
                0x80004978                pm_wait_for_clk32_ready
 *fill*         0x80004982        0x2 d703d703
 .text.pm_enable_clk32
                0x80004984       0x1c src/ASF/avr32/drivers/pm/pm.o
                0x80004984                pm_enable_clk32
 .text.pm_cksel
                0x800049a0       0x46 src/ASF/avr32/drivers/pm/pm.o
                0x800049a0                pm_cksel
 .text.pm_pll_setup
                0x800049e6       0x22 src/ASF/avr32/drivers/pm/pm.o
                0x800049e6                pm_pll_setup
 .text.pm_pll_set_option
                0x80004a08       0x1a src/ASF/avr32/drivers/pm/pm.o
                0x80004a08                pm_pll_set_option
 .text.pm_pll_enable
                0x80004a22        0xe src/ASF/avr32/drivers/pm/pm.o
                0x80004a22                pm_pll_enable
 .text.pm_wait_for_pll0_locked
                0x80004a30        0xa src/ASF/avr32/drivers/pm/pm.o
                0x80004a30                pm_wait_for_pll0_locked
 .text.pm_switch_to_clock
                0x80004a3a        0xa src/ASF/avr32/drivers/pm/pm.o
                0x80004a3a                pm_switch_to_clock
 .text.pm_switch_to_osc0
                0x80004a44       0x2c src/ASF/avr32/drivers/pm/pm.o
                0x80004a44                pm_switch_to_osc0
 .text.rtc_is_busy
                0x80004a70        0x8 src/ASF/avr32/drivers/rtc/rtc.o
                0x80004a70                rtc_is_busy
 .text.rtc_set_value
                0x80004a78       0x24 src/ASF/avr32/drivers/rtc/rtc.o
                0x80004a78                rtc_set_value
 .text.rtc_enable
                0x80004a9c       0x24 src/ASF/avr32/drivers/rtc/rtc.o
                0x80004a9c                rtc_enable
 .text.rtc_enable_interrupt
                0x80004ac0        0x6 src/ASF/avr32/drivers/rtc/rtc.o
                0x80004ac0                rtc_enable_interrupt
 *fill*         0x80004ac6        0x2 d703d703
 .text.rtc_set_top_value
                0x80004ac8       0x24 src/ASF/avr32/drivers/rtc/rtc.o
                0x80004ac8                rtc_set_top_value
 .text.rtc_clear_interrupt
                0x80004aec       0x1e src/ASF/avr32/drivers/rtc/rtc.o
                0x80004aec                rtc_clear_interrupt
 *fill*         0x80004b0a        0x2 d703d703
 .text.rtc_init
                0x80004b0c       0x80 src/ASF/avr32/drivers/rtc/rtc.o
                0x80004b0c                rtc_init
 .text.getBaudDiv
                0x80004b8c       0x20 src/ASF/avr32/drivers/spi/spi.o
                0x80004b8c                getBaudDiv
 .text.spi_initMaster
                0x80004bac       0x38 src/ASF/avr32/drivers/spi/spi.o
                0x80004bac                spi_initMaster
 .text.spi_selectionMode
                0x80004be4       0x2c src/ASF/avr32/drivers/spi/spi.o
                0x80004be4                spi_selectionMode
 .text.spi_enable
                0x80004c10        0x6 src/ASF/avr32/drivers/spi/spi.o
                0x80004c10                spi_enable
 .text.spi_write
                0x80004c16       0x1c src/ASF/avr32/drivers/spi/spi.o
                0x80004c16                spi_write
 .text.spi_read
                0x80004c32       0x20 src/ASF/avr32/drivers/spi/spi.o
                0x80004c32                spi_read
 *fill*         0x80004c52        0x2 d703d703
 .text.spi_setupChipReg
                0x80004c54       0xe8 src/ASF/avr32/drivers/spi/spi.o
                0x80004c54                spi_setupChipReg
 .text.spi_unselectChip
                0x80004d3c       0x40 src/ASF/avr32/drivers/spi/spi.o
                0x80004d3c                spi_unselectChip
 .text.spi_selectChip
                0x80004d7c       0x78 src/ASF/avr32/drivers/spi/spi.o
                0x80004d7c                spi_selectChip
 .text.usart_set_async_baudrate
                0x80004df4       0x5a src/ASF/avr32/drivers/usart/usart.o
 .text.usart_write_char
                0x80004e4e       0x14 src/ASF/avr32/drivers/usart/usart.o
                0x80004e4e                usart_write_char
 *fill*         0x80004e62        0x2 d703d703
 .text.usart_putchar
                0x80004e64       0x2c src/ASF/avr32/drivers/usart/usart.o
                0x80004e64                usart_putchar
 .text.usart_read_char
                0x80004e90       0x22 src/ASF/avr32/drivers/usart/usart.o
                0x80004e90                usart_read_char
 *fill*         0x80004eb2        0x2 d703d703
 .text.usart_getchar
                0x80004eb4       0x2c src/ASF/avr32/drivers/usart/usart.o
                0x80004eb4                usart_getchar
 .text.usart_write_line
                0x80004ee0       0x24 src/ASF/avr32/drivers/usart/usart.o
                0x80004ee0                usart_write_line
 .text.usart_reset
                0x80004f04       0x2c src/ASF/avr32/drivers/usart/usart.o
                0x80004f04                usart_reset
 .text.usart_init_rs232
                0x80004f30       0xcc src/ASF/avr32/drivers/usart/usart.o
                0x80004f30                usart_init_rs232
 .text._stext   0x80004ffc       0x40 src/ASF/avr32/utils/startup/startup_uc3.o
                                 0x50 (size before relaxing)
                0x80004ffc                _stext
 .text.vListInitialise
                0x8000503c       0x14 src/ASF/thirdparty/freertos/freertos-7.0.0/source/list.o
                0x8000503c                vListInitialise
 .text.vListInitialiseItem
                0x80005050        0x6 src/ASF/thirdparty/freertos/freertos-7.0.0/source/list.o
                0x80005050                vListInitialiseItem
 .text.vListInsertEnd
                0x80005056       0x1c src/ASF/thirdparty/freertos/freertos-7.0.0/source/list.o
                0x80005056                vListInsertEnd
 .text.vListInsert
                0x80005072       0x34 src/ASF/thirdparty/freertos/freertos-7.0.0/source/list.o
                0x80005072                vListInsert
 .text.vListRemove
                0x800050a6       0x26 src/ASF/thirdparty/freertos/freertos-7.0.0/source/list.o
                0x800050a6                vListRemove
 .text.pxPortInitialiseStack
                0x800050cc       0x92 src/ASF/thirdparty/freertos/freertos-7.0.0/source/portable/gcc/avr32_uc3/port.o
                0x800050cc                pxPortInitialiseStack
 *fill*         0x8000515e        0x2 d703d703
 .text.vPortEnterCritical
                0x80005160       0x10 src/ASF/thirdparty/freertos/freertos-7.0.0/source/portable/gcc/avr32_uc3/port.o
                0x80005160                vPortEnterCritical
 .text.xPortStartScheduler
                0x80005170       0x58 src/ASF/thirdparty/freertos/freertos-7.0.0/source/portable/gcc/avr32_uc3/port.o
                0x80005170                xPortStartScheduler
 .text.SCALLYield
                0x800051c8       0x98 src/ASF/thirdparty/freertos/freertos-7.0.0/source/portable/gcc/avr32_uc3/port.o
                0x800051c8                SCALLYield
 .text.prvClearCcInt
                0x80005260        0xa src/ASF/thirdparty/freertos/freertos-7.0.0/source/portable/gcc/avr32_uc3/port.o
 *fill*         0x8000526a        0x2 d703d703
 .text.vPortExitCritical
                0x8000526c       0x20 src/ASF/thirdparty/freertos/freertos-7.0.0/source/portable/gcc/avr32_uc3/port.o
                0x8000526c                vPortExitCritical
 .text.vTick    0x8000528c       0x84 src/ASF/thirdparty/freertos/freertos-7.0.0/source/portable/gcc/avr32_uc3/port.o
 .text.__malloc_lock
                0x80005310        0xc src/ASF/thirdparty/freertos/freertos-7.0.0/source/portable/gcc/avr32_uc3/port.o
                0x80005310                __malloc_lock
 .text.__malloc_unlock
                0x8000531c        0xc src/ASF/thirdparty/freertos/freertos-7.0.0/source/portable/gcc/avr32_uc3/port.o
                0x8000531c                __malloc_unlock
 .text._read    0x80005328       0x40 src/ASF/thirdparty/freertos/freertos-7.0.0/source/portable/gcc/avr32_uc3/read.o
                0x80005328                _read
 .text._write   0x80005368       0x3c src/ASF/thirdparty/freertos/freertos-7.0.0/source/portable/gcc/avr32_uc3/write.o
                0x80005368                _write
 .text.vPortFree
                0x800053a4       0x28 src/ASF/thirdparty/freertos/freertos-7.0.0/source/portable/memmang/heap_3.o
                0x800053a4                vPortFree
 .text.pvPortMalloc
                0x800053cc       0x28 src/ASF/thirdparty/freertos/freertos-7.0.0/source/portable/memmang/heap_3.o
                0x800053cc                pvPortMalloc
 .text.prvCopyDataFromQueue
                0x800053f4       0x30 src/ASF/thirdparty/freertos/freertos-7.0.0/source/queue.o
 .text.prvUnlockQueue
                0x80005424       0xa0 src/ASF/thirdparty/freertos/freertos-7.0.0/source/queue.o
 .text.xQueueGenericReceive
                0x800054c4      0x144 src/ASF/thirdparty/freertos/freertos-7.0.0/source/queue.o
                0x800054c4                xQueueGenericReceive
 .text.prvCopyDataToQueue
                0x80005608       0x78 src/ASF/thirdparty/freertos/freertos-7.0.0/source/queue.o
 .text.xQueueGenericSend
                0x80005680      0x100 src/ASF/thirdparty/freertos/freertos-7.0.0/source/queue.o
                0x80005680                xQueueGenericSend
 .text.xQueueCreateMutex
                0x80005780       0x58 src/ASF/thirdparty/freertos/freertos-7.0.0/source/queue.o
                0x80005780                xQueueCreateMutex
 .text.xQueueCreate
                0x800057d8       0x74 src/ASF/thirdparty/freertos/freertos-7.0.0/source/queue.o
                0x800057d8                xQueueCreate
 .text.vTaskSuspendAll
                0x8000584c       0x10 src/ASF/thirdparty/freertos/freertos-7.0.0/source/tasks.o
                0x8000584c                vTaskSuspendAll
 .text.vTaskSwitchContext
                0x8000585c       0x7c src/ASF/thirdparty/freertos/freertos-7.0.0/source/tasks.o
                0x8000585c                vTaskSwitchContext
 .text.vTaskSetTimeOutState
                0x800058d8       0x18 src/ASF/thirdparty/freertos/freertos-7.0.0/source/tasks.o
                0x800058d8                vTaskSetTimeOutState
 .text.vTaskMissedYield
                0x800058f0        0xc src/ASF/thirdparty/freertos/freertos-7.0.0/source/tasks.o
                0x800058f0                vTaskMissedYield
 .text.xTaskGetCurrentTaskHandle
                0x800058fc        0xc src/ASF/thirdparty/freertos/freertos-7.0.0/source/tasks.o
                0x800058fc                xTaskGetCurrentTaskHandle
 .text.vTaskPriorityDisinherit
                0x80005908       0x58 src/ASF/thirdparty/freertos/freertos-7.0.0/source/tasks.o
                0x80005908                vTaskPriorityDisinherit
 .text.vTaskPriorityInherit
                0x80005960       0x84 src/ASF/thirdparty/freertos/freertos-7.0.0/source/tasks.o
                0x80005960                vTaskPriorityInherit
 .text.xTaskRemoveFromEventList
                0x800059e4       0x7c src/ASF/thirdparty/freertos/freertos-7.0.0/source/tasks.o
                0x800059e4                xTaskRemoveFromEventList
 .text.vTaskIncrementTick
                0x80005a60      0x114 src/ASF/thirdparty/freertos/freertos-7.0.0/source/tasks.o
                0x80005a60                vTaskIncrementTick
 .text.xTaskCheckForTimeOut
                0x80005b74       0x70 src/ASF/thirdparty/freertos/freertos-7.0.0/source/tasks.o
                0x80005b74                xTaskCheckForTimeOut
 .text.xTaskGetTickCount
                0x80005be4       0x24 src/ASF/thirdparty/freertos/freertos-7.0.0/source/tasks.o
                0x80005be4                xTaskGetTickCount
 .text.xTaskResumeAll
                0x80005c08       0xe8 src/ASF/thirdparty/freertos/freertos-7.0.0/source/tasks.o
                0x80005c08                xTaskResumeAll
 .text.prvAddCurrentTaskToDelayedList
                0x80005cf0       0x5c src/ASF/thirdparty/freertos/freertos-7.0.0/source/tasks.o
 .text.vTaskDelay
                0x80005d4c       0x48 src/ASF/thirdparty/freertos/freertos-7.0.0/source/tasks.o
                0x80005d4c                vTaskDelay
 .text.vTaskDelayUntil
                0x80005d94       0x80 src/ASF/thirdparty/freertos/freertos-7.0.0/source/tasks.o
                0x80005d94                vTaskDelayUntil
 .text.vTaskPlaceOnEventList
                0x80005e14       0x58 src/ASF/thirdparty/freertos/freertos-7.0.0/source/tasks.o
                0x80005e14                vTaskPlaceOnEventList
 .text.prvIdleTask
                0x80005e6c       0x88 src/ASF/thirdparty/freertos/freertos-7.0.0/source/tasks.o
 .text.xTaskGenericCreate
                0x80005ef4      0x1e8 src/ASF/thirdparty/freertos/freertos-7.0.0/source/tasks.o
                0x80005ef4                xTaskGenericCreate
 .text.vTaskStartScheduler
                0x800060dc       0x4c src/ASF/thirdparty/freertos/freertos-7.0.0/source/tasks.o
                0x800060dc                vTaskStartScheduler
 .text.PrintChar
                0x80006128        0x4 src/Log/log.o
                0x80006128                PrintChar
 .text.PrintHex
                0x8000612c       0xb2 src/Log/log.o
                0x8000612c                PrintHex
 .text.PrintDec
                0x800061de       0xda src/Log/log.o
                0x800061de                PrintDec
 .text.log      0x800062b8      0x18c src/Log/log.o
                0x800062b8                log
 .text.log_init
                0x80006444       0x64 src/Log/log.o
                0x80006444                log_init
 .text.task_log
                0x800064a8       0x44 src/Log/log.o
 .text.main     0x800064ec       0x70 src/main.o
                0x800064ec                main
 .text.free     0x8000655c       0x10 e:/program x86/atmel/studio/7.0/toolchain/avr32/avr32-gnu-toolchain/bin/../lib/gcc/avr32/4.4.7/../../../../avr32/lib/ucr2\libc.a(lib_a-malloc.o)
                                 0x18 (size before relaxing)
                0x8000655c                free
 .text.malloc   0x8000656c       0x10 e:/program x86/atmel/studio/7.0/toolchain/avr32/avr32-gnu-toolchain/bin/../lib/gcc/avr32/4.4.7/../../../../avr32/lib/ucr2\libc.a(lib_a-malloc.o)
                                 0x18 (size before relaxing)
                0x8000656c                malloc
 .text._malloc_r
                0x8000657c      0x438 e:/program x86/atmel/studio/7.0/toolchain/avr32/avr32-gnu-toolchain/bin/../lib/gcc/avr32/4.4.7/../../../../avr32/lib/ucr2\libc.a(lib_a-mallocr.o)
                                0x450 (size before relaxing)
                0x8000657c                _malloc_r
 .text.memcmp   0x800069b4       0x26 e:/program x86/atmel/studio/7.0/toolchain/avr32/avr32-gnu-toolchain/bin/../lib/gcc/avr32/4.4.7/../../../../avr32/lib/ucr2\libc.a(lib_a-memcmp.o)
                0x800069b4                memcmp
 .text          0x800069da      0x148 e:/program x86/atmel/studio/7.0/toolchain/avr32/avr32-gnu-toolchain/bin/../lib/gcc/avr32/4.4.7/../../../../avr32/lib/ucr2\libc.a(lib_a-memcpy.o)
                0x800069da                memcpy
 .text.memset   0x80006b22        0xe e:/program x86/atmel/studio/7.0/toolchain/avr32/avr32-gnu-toolchain/bin/../lib/gcc/avr32/4.4.7/../../../../avr32/lib/ucr2\libc.a(lib_a-memset.o)
                0x80006b22                memset
 .text._realloc_r
                0x80006b30      0x2c0 e:/program x86/atmel/studio/7.0/toolchain/avr32/avr32-gnu-toolchain/bin/../lib/gcc/avr32/4.4.7/../../../../avr32/lib/ucr2\libc.a(lib_a-reallocr.o)
                                0x2e0 (size before relaxing)
                0x80006b30                _realloc_r
 .text._sbrk_r  0x80006df0       0x20 e:/program x86/atmel/studio/7.0/toolchain/avr32/avr32-gnu-toolchain/bin/../lib/gcc/avr32/4.4.7/../../../../avr32/lib/ucr2\libc.a(lib_a-sbrkr.o)
                                 0x28 (size before relaxing)
                0x80006df0                _sbrk_r
 .text.sprintf  0x80006e10       0x3c e:/program x86/atmel/studio/7.0/toolchain/avr32/avr32-gnu-toolchain/bin/../lib/gcc/avr32/4.4.7/../../../../avr32/lib/ucr2\libc.a(lib_a-sprintf.o)
                                 0x40 (size before relaxing)
                0x80006e10                sprintf
 .text          0x80006e4c       0x20 e:/program x86/atmel/studio/7.0/toolchain/avr32/avr32-gnu-toolchain/bin/../lib/gcc/avr32/4.4.7/../../../../avr32/lib/ucr2\libc.a(lib_a-strncpy.o)
                0x80006e4c                strncpy
 .text._close   0x80006e6c       0x14 e:/program x86/atmel/studio/7.0/toolchain/avr32/avr32-gnu-toolchain/bin/../lib/gcc/avr32/4.4.7/../../../../avr32/lib/ucr2\libc.a(lib_a-syscalls.o)
                                 0x18 (size before relaxing)
                0x80006e6c                _close
 .text._lseek   0x80006e80       0x14 e:/program x86/atmel/studio/7.0/toolchain/avr32/avr32-gnu-toolchain/bin/../lib/gcc/avr32/4.4.7/../../../../avr32/lib/ucr2\libc.a(lib_a-syscalls.o)
                                 0x18 (size before relaxing)
                0x80006e80                _lseek
 .text.isatty   0x80006e94       0x14 e:/program x86/atmel/studio/7.0/toolchain/avr32/avr32-gnu-toolchain/bin/../lib/gcc/avr32/4.4.7/../../../../avr32/lib/ucr2\libc.a(lib_a-syscalls.o)
                                 0x18 (size before relaxing)
                0x80006e94                isatty
 .text._fstat_host
                0x80006ea8       0x14 e:/program x86/atmel/studio/7.0/toolchain/avr32/avr32-gnu-toolchain/bin/../lib/gcc/avr32/4.4.7/../../../../avr32/lib/ucr2\libc.a(lib_a-syscalls.o)
                                 0x18 (size before relaxing)
                0x80006ea8                _fstat_host
 .text._fstat   0x80006ebc       0x4c e:/program x86/atmel/studio/7.0/toolchain/avr32/avr32-gnu-toolchain/bin/../lib/gcc/avr32/4.4.7/../../../../avr32/lib/ucr2\libc.a(lib_a-syscalls.o)
                                 0x50 (size before relaxing)
                0x80006ebc                _fstat
 .text._sbrk    0x80006f08       0x38 e:/program x86/atmel/studio/7.0/toolchain/avr32/avr32-gnu-toolchain/bin/../lib/gcc/avr32/4.4.7/../../../../avr32/lib/ucr2\libc.a(lib_a-syscalls.o)
                                 0x40 (size before relaxing)
                0x80006f08                _sbrk
 .text.get_arg  0x80006f40      0x314 e:/program x86/atmel/studio/7.0/toolchain/avr32/avr32-gnu-toolchain/bin/../lib/gcc/avr32/4.4.7/../../../../avr32/lib/ucr2\libc.a(lib_a-vfprintf.o)
                                0x324 (size before relaxing)
 .text.__sprint_r
                0x80007254       0x1c e:/program x86/atmel/studio/7.0/toolchain/avr32/avr32-gnu-toolchain/bin/../lib/gcc/avr32/4.4.7/../../../../avr32/lib/ucr2\libc.a(lib_a-vfprintf.o)
                                 0x20 (size before relaxing)
 .text._vfprintf_r
                0x80007270     0x1f14 e:/program x86/atmel/studio/7.0/toolchain/avr32/avr32-gnu-toolchain/bin/../lib/gcc/avr32/4.4.7/../../../../avr32/lib/ucr2\libc.a(lib_a-vfprintf.o)
                               0x1f9c (size before relaxing)
                0x80007270                _vfprintf_r
 .text.__swsetup_r
                0x80009184       0xdc e:/program x86/atmel/studio/7.0/toolchain/avr32/avr32-gnu-toolchain/bin/../lib/gcc/avr32/4.4.7/../../../../avr32/lib/ucr2\libc.a(lib_a-wsetup.o)
                                 0xe8 (size before relaxing)
                0x80009184                __swsetup_r
 .text.quorem   0x80009260      0x120 e:/program x86/atmel/studio/7.0/toolchain/avr32/avr32-gnu-toolchain/bin/../lib/gcc/avr32/4.4.7/../../../../avr32/lib/ucr2\libc.a(lib_a-dtoa.o)
                                0x124 (size before relaxing)
 .text._dtoa_r  0x80009380      0xbdc e:/program x86/atmel/studio/7.0/toolchain/avr32/avr32-gnu-toolchain/bin/../lib/gcc/avr32/4.4.7/../../../../avr32/lib/ucr2\libc.a(lib_a-dtoa.o)
                                0xc90 (size before relaxing)
                0x80009380                _dtoa_r
 .text.__errno  0x80009f5c        0xc e:/program x86/atmel/studio/7.0/toolchain/avr32/avr32-gnu-toolchain/bin/../lib/gcc/avr32/4.4.7/../../../../avr32/lib/ucr2\libc.a(lib_a-errno.o)
                0x80009f5c                __errno
 .text._fflush_r
                0x80009f68      0x10c e:/program x86/atmel/studio/7.0/toolchain/avr32/avr32-gnu-toolchain/bin/../lib/gcc/avr32/4.4.7/../../../../avr32/lib/ucr2\libc.a(lib_a-fflush.o)
                                0x118 (size before relaxing)
                0x80009f68                _fflush_r
 .text.__sfp_lock_acquire
                0x8000a074        0x2 e:/program x86/atmel/studio/7.0/toolchain/avr32/avr32-gnu-toolchain/bin/../lib/gcc/avr32/4.4.7/../../../../avr32/lib/ucr2\libc.a(lib_a-findfp.o)
                0x8000a074                __sfp_lock_acquire
 .text.__sfp_lock_release
                0x8000a076        0x2 e:/program x86/atmel/studio/7.0/toolchain/avr32/avr32-gnu-toolchain/bin/../lib/gcc/avr32/4.4.7/../../../../avr32/lib/ucr2\libc.a(lib_a-findfp.o)
                0x8000a076                __sfp_lock_release
 .text._cleanup_r
                0x8000a078        0xc e:/program x86/atmel/studio/7.0/toolchain/avr32/avr32-gnu-toolchain/bin/../lib/gcc/avr32/4.4.7/../../../../avr32/lib/ucr2\libc.a(lib_a-findfp.o)
                                 0x14 (size before relaxing)
                0x8000a078                _cleanup_r
 .text.__sfmoreglue
                0x8000a084       0x28 e:/program x86/atmel/studio/7.0/toolchain/avr32/avr32-gnu-toolchain/bin/../lib/gcc/avr32/4.4.7/../../../../avr32/lib/ucr2\libc.a(lib_a-findfp.o)
                                 0x30 (size before relaxing)
                0x8000a084                __sfmoreglue
 .text.__sfp    0x8000a0ac       0x6c e:/program x86/atmel/studio/7.0/toolchain/avr32/avr32-gnu-toolchain/bin/../lib/gcc/avr32/4.4.7/../../../../avr32/lib/ucr2\libc.a(lib_a-findfp.o)
                                 0x7c (size before relaxing)
                0x8000a0ac                __sfp
 .text.__sinit  0x8000a118       0x9c e:/program x86/atmel/studio/7.0/toolchain/avr32/avr32-gnu-toolchain/bin/../lib/gcc/avr32/4.4.7/../../../../avr32/lib/ucr2\libc.a(lib_a-findfp.o)
                                 0xb0 (size before relaxing)
                0x8000a118                __sinit
 .text._malloc_trim_r
                0x8000a1b4       0x98 e:/program x86/atmel/studio/7.0/toolchain/avr32/avr32-gnu-toolchain/bin/../lib/gcc/avr32/4.4.7/../../../../avr32/lib/ucr2\libc.a(lib_a-freer.o)
                                 0xa8 (size before relaxing)
                0x8000a1b4                _malloc_trim_r
 .text._free_r  0x8000a24c      0x18c e:/program x86/atmel/studio/7.0/toolchain/avr32/avr32-gnu-toolchain/bin/../lib/gcc/avr32/4.4.7/../../../../avr32/lib/ucr2\libc.a(lib_a-freer.o)
                                0x1a0 (size before relaxing)
                0x8000a24c                _free_r
 .text.__sfvwrite_r
                0x8000a3d8      0x294 e:/program x86/atmel/studio/7.0/toolchain/avr32/avr32-gnu-toolchain/bin/../lib/gcc/avr32/4.4.7/../../../../avr32/lib/ucr2\libc.a(lib_a-fvwrite.o)
                                0x2c4 (size before relaxing)
                0x8000a3d8                __sfvwrite_r
 .text._fwalk   0x8000a66c       0x4c e:/program x86/atmel/studio/7.0/toolchain/avr32/avr32-gnu-toolchain/bin/../lib/gcc/avr32/4.4.7/../../../../avr32/lib/ucr2\libc.a(lib_a-fwalk.o)
                                 0x54 (size before relaxing)
                0x8000a66c                _fwalk
 .text._localeconv_r
                0x8000a6b8        0x8 e:/program x86/atmel/studio/7.0/toolchain/avr32/avr32-gnu-toolchain/bin/../lib/gcc/avr32/4.4.7/../../../../avr32/lib/ucr2\libc.a(lib_a-locale.o)
                0x8000a6b8                _localeconv_r
 .text.__smakebuf_r
                0x8000a6c0       0xbc e:/program x86/atmel/studio/7.0/toolchain/avr32/avr32-gnu-toolchain/bin/../lib/gcc/avr32/4.4.7/../../../../avr32/lib/ucr2\libc.a(lib_a-makebuf.o)
                                 0xcc (size before relaxing)
                0x8000a6c0                __smakebuf_r
 .text.memchr   0x8000a77c       0x16 e:/program x86/atmel/studio/7.0/toolchain/avr32/avr32-gnu-toolchain/bin/../lib/gcc/avr32/4.4.7/../../../../avr32/lib/ucr2\libc.a(lib_a-memchr.o)
                0x8000a77c                memchr
 .text.memmove  0x8000a792       0x3e e:/program x86/atmel/studio/7.0/toolchain/avr32/avr32-gnu-toolchain/bin/../lib/gcc/avr32/4.4.7/../../../../avr32/lib/ucr2\libc.a(lib_a-memmove.o)
                0x8000a792                memmove
 .text.__hi0bits
                0x8000a7d0       0x60 e:/program x86/atmel/studio/7.0/toolchain/avr32/avr32-gnu-toolchain/bin/../lib/gcc/avr32/4.4.7/../../../../avr32/lib/ucr2\libc.a(lib_a-mprec.o)
                0x8000a7d0                __hi0bits
 .text.__lo0bits
                0x8000a830       0x8e e:/program x86/atmel/studio/7.0/toolchain/avr32/avr32-gnu-toolchain/bin/../lib/gcc/avr32/4.4.7/../../../../avr32/lib/ucr2\libc.a(lib_a-mprec.o)
                0x8000a830                __lo0bits
 .text.__mcmp   0x8000a8be       0x32 e:/program x86/atmel/studio/7.0/toolchain/avr32/avr32-gnu-toolchain/bin/../lib/gcc/avr32/4.4.7/../../../../avr32/lib/ucr2\libc.a(lib_a-mprec.o)
                0x8000a8be                __mcmp
 .text._Bfree   0x8000a8f0       0x34 e:/program x86/atmel/studio/7.0/toolchain/avr32/avr32-gnu-toolchain/bin/../lib/gcc/avr32/4.4.7/../../../../avr32/lib/ucr2\libc.a(lib_a-mprec.o)
                                 0x38 (size before relaxing)
                0x8000a8f0                _Bfree
 .text._Balloc  0x8000a924       0x70 e:/program x86/atmel/studio/7.0/toolchain/avr32/avr32-gnu-toolchain/bin/../lib/gcc/avr32/4.4.7/../../../../avr32/lib/ucr2\libc.a(lib_a-mprec.o)
                                 0x78 (size before relaxing)
                0x8000a924                _Balloc
 .text.__d2b    0x8000a994       0xa0 e:/program x86/atmel/studio/7.0/toolchain/avr32/avr32-gnu-toolchain/bin/../lib/gcc/avr32/4.4.7/../../../../avr32/lib/ucr2\libc.a(lib_a-mprec.o)
                                 0xb4 (size before relaxing)
                0x8000a994                __d2b
 .text.__mdiff  0x8000aa34       0xd0 e:/program x86/atmel/studio/7.0/toolchain/avr32/avr32-gnu-toolchain/bin/../lib/gcc/avr32/4.4.7/../../../../avr32/lib/ucr2\libc.a(lib_a-mprec.o)
                                 0xd8 (size before relaxing)
                0x8000aa34                __mdiff
 .text.__lshift
                0x8000ab04       0x88 e:/program x86/atmel/studio/7.0/toolchain/avr32/avr32-gnu-toolchain/bin/../lib/gcc/avr32/4.4.7/../../../../avr32/lib/ucr2\libc.a(lib_a-mprec.o)
                                 0x94 (size before relaxing)
                0x8000ab04                __lshift
 .text.__multiply
                0x8000ab8c      0x100 e:/program x86/atmel/studio/7.0/toolchain/avr32/avr32-gnu-toolchain/bin/../lib/gcc/avr32/4.4.7/../../../../avr32/lib/ucr2\libc.a(lib_a-mprec.o)
                                0x108 (size before relaxing)
                0x8000ab8c                __multiply
 .text.__i2b    0x8000ac8c       0x10 e:/program x86/atmel/studio/7.0/toolchain/avr32/avr32-gnu-toolchain/bin/../lib/gcc/avr32/4.4.7/../../../../avr32/lib/ucr2\libc.a(lib_a-mprec.o)
                                 0x18 (size before relaxing)
                0x8000ac8c                __i2b
 .text.__multadd
                0x8000ac9c       0x7c e:/program x86/atmel/studio/7.0/toolchain/avr32/avr32-gnu-toolchain/bin/../lib/gcc/avr32/4.4.7/../../../../avr32/lib/ucr2\libc.a(lib_a-mprec.o)
                                 0x88 (size before relaxing)
                0x8000ac9c                __multadd
 .text.__pow5mult
                0x8000ad18       0x8c e:/program x86/atmel/studio/7.0/toolchain/avr32/avr32-gnu-toolchain/bin/../lib/gcc/avr32/4.4.7/../../../../avr32/lib/ucr2\libc.a(lib_a-mprec.o)
                                 0xac (size before relaxing)
                0x8000ad18                __pow5mult
 .text.__isinfd
                0x8000ada4       0x2a e:/program x86/atmel/studio/7.0/toolchain/avr32/avr32-gnu-toolchain/bin/../lib/gcc/avr32/4.4.7/../../../../avr32/lib/ucr2\libc.a(lib_a-s_isinfd.o)
                0x8000ada4                __isinfd
 .text.__isnand
                0x8000adce       0x1c e:/program x86/atmel/studio/7.0/toolchain/avr32/avr32-gnu-toolchain/bin/../lib/gcc/avr32/4.4.7/../../../../avr32/lib/ucr2\libc.a(lib_a-s_isnand.o)
                0x8000adce                __isnand
 *fill*         0x8000adea        0x2 d703d703
 .text.__sclose
                0x8000adec        0x8 e:/program x86/atmel/studio/7.0/toolchain/avr32/avr32-gnu-toolchain/bin/../lib/gcc/avr32/4.4.7/../../../../avr32/lib/ucr2\libc.a(lib_a-stdio.o)
                                 0x10 (size before relaxing)
                0x8000adec                __sclose
 .text.__sseek  0x8000adf4       0x20 e:/program x86/atmel/studio/7.0/toolchain/avr32/avr32-gnu-toolchain/bin/../lib/gcc/avr32/4.4.7/../../../../avr32/lib/ucr2\libc.a(lib_a-stdio.o)
                                 0x28 (size before relaxing)
                0x8000adf4                __sseek
 .text.__swrite
                0x8000ae14       0x2c e:/program x86/atmel/studio/7.0/toolchain/avr32/avr32-gnu-toolchain/bin/../lib/gcc/avr32/4.4.7/../../../../avr32/lib/ucr2\libc.a(lib_a-stdio.o)
                                 0x38 (size before relaxing)
                0x8000ae14                __swrite
 .text.__sread  0x8000ae40       0x1c e:/program x86/atmel/studio/7.0/toolchain/avr32/avr32-gnu-toolchain/bin/../lib/gcc/avr32/4.4.7/../../../../avr32/lib/ucr2\libc.a(lib_a-stdio.o)
                                 0x24 (size before relaxing)
                0x8000ae40                __sread
 .text.strlen   0x8000ae5c       0x16 e:/program x86/atmel/studio/7.0/toolchain/avr32/avr32-gnu-toolchain/bin/../lib/gcc/avr32/4.4.7/../../../../avr32/lib/ucr2\libc.a(lib_a-strlen.o)
                0x8000ae5c                strlen
 *fill*         0x8000ae72        0x2 d703d703
 .text._write_r
                0x8000ae74       0x28 e:/program x86/atmel/studio/7.0/toolchain/avr32/avr32-gnu-toolchain/bin/../lib/gcc/avr32/4.4.7/../../../../avr32/lib/ucr2\libc.a(lib_a-writer.o)
                                 0x2c (size before relaxing)
                0x8000ae74                _write_r
 .text._calloc_r
                0x8000ae9c       0x58 e:/program x86/atmel/studio/7.0/toolchain/avr32/avr32-gnu-toolchain/bin/../lib/gcc/avr32/4.4.7/../../../../avr32/lib/ucr2\libc.a(lib_a-callocr.o)
                                 0x60 (size before relaxing)
                0x8000ae9c                _calloc_r
 .text._close_r
                0x8000aef4       0x20 e:/program x86/atmel/studio/7.0/toolchain/avr32/avr32-gnu-toolchain/bin/../lib/gcc/avr32/4.4.7/../../../../avr32/lib/ucr2\libc.a(lib_a-closer.o)
                                 0x28 (size before relaxing)
                0x8000aef4                _close_r
 .text._fclose_r
                0x8000af14       0xb8 e:/program x86/atmel/studio/7.0/toolchain/avr32/avr32-gnu-toolchain/bin/../lib/gcc/avr32/4.4.7/../../../../avr32/lib/ucr2\libc.a(lib_a-fclose.o)
                                 0xd0 (size before relaxing)
                0x8000af14                _fclose_r
 .text.fclose   0x8000afcc       0x10 e:/program x86/atmel/studio/7.0/toolchain/avr32/avr32-gnu-toolchain/bin/../lib/gcc/avr32/4.4.7/../../../../avr32/lib/ucr2\libc.a(lib_a-fclose.o)
                                 0x18 (size before relaxing)
                0x8000afcc                fclose
 .text._fstat_r
                0x8000afdc       0x24 e:/program x86/atmel/studio/7.0/toolchain/avr32/avr32-gnu-toolchain/bin/../lib/gcc/avr32/4.4.7/../../../../avr32/lib/ucr2\libc.a(lib_a-fstatr.o)
                                 0x2c (size before relaxing)
                0x8000afdc                _fstat_r
 .text._lseek_r
                0x8000b000       0x28 e:/program x86/atmel/studio/7.0/toolchain/avr32/avr32-gnu-toolchain/bin/../lib/gcc/avr32/4.4.7/../../../../avr32/lib/ucr2\libc.a(lib_a-lseekr.o)
                                 0x2c (size before relaxing)
                0x8000b000                _lseek_r
 .text._read_r  0x8000b028       0x28 e:/program x86/atmel/studio/7.0/toolchain/avr32/avr32-gnu-toolchain/bin/../lib/gcc/avr32/4.4.7/../../../../avr32/lib/ucr2\libc.a(lib_a-readr.o)
                                 0x2c (size before relaxing)
                0x8000b028                _read_r
 .text          0x8000b050      0x1d4 e:/program x86/atmel/studio/7.0/toolchain/avr32/avr32-gnu-toolchain/bin/../lib/gcc/avr32/4.4.7/ucr2\libgcc.a(_avr32_f64_mul.o)
                0x8000b050                __avr32_f64_mul
 .text          0x8000b224      0x2b0 e:/program x86/atmel/studio/7.0/toolchain/avr32/avr32-gnu-toolchain/bin/../lib/gcc/avr32/4.4.7/ucr2\libgcc.a(_avr32_f64_addsub.o)
                0x8000b228                __avr32_f64_sub
                0x8000b3c4                __avr32_f64_add
 .text          0x8000b4d4       0x2a e:/program x86/atmel/studio/7.0/toolchain/avr32/avr32-gnu-toolchain/bin/../lib/gcc/avr32/4.4.7/ucr2\libgcc.a(_avr32_f64_to_s32.o)
                0x8000b4d4                __avr32_f64_to_u32
                0x8000b4d8                __avr32_f64_to_s32
 .text          0x8000b4fe       0xe8 e:/program x86/atmel/studio/7.0/toolchain/avr32/avr32-gnu-toolchain/bin/../lib/gcc/avr32/4.4.7/ucr2\libgcc.a(_avr32_s32_to_f64.o)
                0x8000b4fe                __avr32_u32_to_f64
                0x8000b506                __avr32_s32_to_f64
 .text          0x8000b5e6       0x26 e:/program x86/atmel/studio/7.0/toolchain/avr32/avr32-gnu-toolchain/bin/../lib/gcc/avr32/4.4.7/ucr2\libgcc.a(_avr32_f64_cmp_eq.o)
                0x8000b5e6                __avr32_f64_cmp_eq
 .text          0x8000b60c       0x68 e:/program x86/atmel/studio/7.0/toolchain/avr32/avr32-gnu-toolchain/bin/../lib/gcc/avr32/4.4.7/ucr2\libgcc.a(_avr32_f64_cmp_ge.o)
                0x8000b60c                __avr32_f64_cmp_ge
 .text          0x8000b674       0x68 e:/program x86/atmel/studio/7.0/toolchain/avr32/avr32-gnu-toolchain/bin/../lib/gcc/avr32/4.4.7/ucr2\libgcc.a(_avr32_f64_cmp_lt.o)
                0x8000b674                __avr32_f64_cmp_lt
 .text          0x8000b6dc      0x318 e:/program x86/atmel/studio/7.0/toolchain/avr32/avr32-gnu-toolchain/bin/../lib/gcc/avr32/4.4.7/ucr2\libgcc.a(_avr32_f64_div.o)
                0x8000b6dc                __avr32_f64_div
 .text          0x8000b9f4      0x264 e:/program x86/atmel/studio/7.0/toolchain/avr32/avr32-gnu-toolchain/bin/../lib/gcc/avr32/4.4.7/ucr2\libgcc.a(_udivdi3.o)
                0x8000b9f4                __avr32_udiv64
                0x8000b9f4                __udivdi3
 .text          0x8000bc58      0x20c e:/program x86/atmel/studio/7.0/toolchain/avr32/avr32-gnu-toolchain/bin/../lib/gcc/avr32/4.4.7/ucr2\libgcc.a(_umoddi3.o)
                0x8000bc58                __avr32_umod64
                0x8000bc58                __umoddi3
 *(.text.*personality*)
 *(.gnu.warning)

.exception      0x8000c000      0x200
 .exception     0x8000c000      0x200 src/ASF/thirdparty/freertos/freertos-7.0.0/source/portable/gcc/avr32_uc3/exception.o
                0x8000c000                _evba
                0x8000c104                _int0
                0x8000c112                _int1
                0x8000c120                _int2
                0x8000c12e                _int3
                0x8000c13c                ipr_val

.fini
 *(.fini)
                0x8000c200                PROVIDE (__etext, .)
                0x8000c200                PROVIDE (_etext, .)
                0x8000c200                PROVIDE (etext, .)

.rodata         0x8000c200     0x125c
 *(.rodata .rodata.* .gnu.linkonce.r.*)
 .rodata.str1.4
                0x8000c200      0x739 src/Application/app/app.o
                                0x73c (size before relaxing)
 *fill*         0x8000c939        0x3 
 .rodata.DF_SPI_GPIO_MAP.11280
                0x8000c93c       0x20 src/Application/flash/data_flash.o
 .rodata.C.50.11282
                0x8000c95c       0x10 src/Application/flash/data_flash.o
 .rodata.C.52.11294
                0x8000c96c        0x4 src/Application/flash/data_flash.o
 .rodata.str1.4
                0x8000c970       0x1d src/Application/myrtc/xgrtc.o
                                 0x20 (size before relaxing)
 *fill*         0x8000c98d        0x3 
 .rodata.C.72.12134
                0x8000c990       0x10 src/Application/RFID/MFRC522/rc522.o
 .rodata.CSWTCH.98
                0x8000c9a0        0x4 src/Application/RFID/MFRC522/rc522.o
 .rodata.CSWTCH.97
                0x8000c9a4        0x4 src/Application/RFID/MFRC522/rc522.o
 .rodata.RC522_SPI_GPIO_MAP.12132
                0x8000c9a8        0x8 src/Application/RFID/MFRC522/rc522.o
 .rodata.str1.4
                0x8000c9b0       0xad src/Application/RFID/RFID.o
                                 0xb0 (size before relaxing)
 *fill*         0x8000ca5d        0x3 
 .rodata.TC_GPIO_MAP.11090
                0x8000ca60       0x18 src/Application/timers/timer.o
 .rodata.str1.4
                0x8000ca78      0x202 src/Application/xgflash/xgflash.o
                                0x220 (size before relaxing)
 *fill*         0x8000cc7a        0x2 
 .rodata._int_handler_table
                0x8000cc7c       0x98 src/ASF/avr32/drivers/intc/intc.o
 .rodata.str1.4
                0x8000cd14        0x5 src/ASF/thirdparty/freertos/freertos-7.0.0/source/tasks.o
                                  0x8 (size before relaxing)
 *fill*         0x8000cd19        0x3 
 .rodata.log    0x8000cd1c      0x150 src/Log/log.o
 .rodata.USART_OPTIONS.11278
                0x8000ce6c        0xc src/Log/log.o
 .rodata.str1.4
                0x8000ce78       0x3c src/Log/log.o
 .rodata.USART_GPIO_MAP.11277
                0x8000ceb4       0x10 src/Log/log.o
 .rodata.str1.4
                0x8000cec4       0x14 src/main.o
 .rodata.get_arg
                0x8000ced8       0x3c e:/program x86/atmel/studio/7.0/toolchain/avr32/avr32-gnu-toolchain/bin/../lib/gcc/avr32/4.4.7/../../../../avr32/lib/ucr2\libc.a(lib_a-vfprintf.o)
 .rodata._vfprintf_r
                0x8000cf14      0x164 e:/program x86/atmel/studio/7.0/toolchain/avr32/avr32-gnu-toolchain/bin/../lib/gcc/avr32/4.4.7/../../../../avr32/lib/ucr2\libc.a(lib_a-vfprintf.o)
 .rodata.state_table
                0x8000d078       0x6c e:/program x86/atmel/studio/7.0/toolchain/avr32/avr32-gnu-toolchain/bin/../lib/gcc/avr32/4.4.7/../../../../avr32/lib/ucr2\libc.a(lib_a-vfprintf.o)
 .rodata.action_table
                0x8000d0e4       0x6c e:/program x86/atmel/studio/7.0/toolchain/avr32/avr32-gnu-toolchain/bin/../lib/gcc/avr32/4.4.7/../../../../avr32/lib/ucr2\libc.a(lib_a-vfprintf.o)
 .rodata.str1.4
                0x8000d150       0x3a e:/program x86/atmel/studio/7.0/toolchain/avr32/avr32-gnu-toolchain/bin/../lib/gcc/avr32/4.4.7/../../../../avr32/lib/ucr2\libc.a(lib_a-vfprintf.o)
                                 0x3c (size before relaxing)
 *fill*         0x8000d18a        0x2 
 .rodata.blanks.3430
                0x8000d18c       0x10 e:/program x86/atmel/studio/7.0/toolchain/avr32/avr32-gnu-toolchain/bin/../lib/gcc/avr32/4.4.7/../../../../avr32/lib/ucr2\libc.a(lib_a-vfprintf.o)
 .rodata.zeroes.3431
                0x8000d19c       0x10 e:/program x86/atmel/studio/7.0/toolchain/avr32/avr32-gnu-toolchain/bin/../lib/gcc/avr32/4.4.7/../../../../avr32/lib/ucr2\libc.a(lib_a-vfprintf.o)
 .rodata.chclass
                0x8000d1ac      0x100 e:/program x86/atmel/studio/7.0/toolchain/avr32/avr32-gnu-toolchain/bin/../lib/gcc/avr32/4.4.7/../../../../avr32/lib/ucr2\libc.a(lib_a-vfprintf.o)
 .rodata.str1.4
                0x8000d2ac       0x10 e:/program x86/atmel/studio/7.0/toolchain/avr32/avr32-gnu-toolchain/bin/../lib/gcc/avr32/4.4.7/../../../../avr32/lib/ucr2\libc.a(lib_a-dtoa.o)
                                 0x14 (size before relaxing)
 .rodata.__sf_fake_stdin
                0x8000d2bc       0x20 e:/program x86/atmel/studio/7.0/toolchain/avr32/avr32-gnu-toolchain/bin/../lib/gcc/avr32/4.4.7/../../../../avr32/lib/ucr2\libc.a(lib_a-findfp.o)
                0x8000d2bc                __sf_fake_stdin
 .rodata.__sf_fake_stdout
                0x8000d2dc       0x20 e:/program x86/atmel/studio/7.0/toolchain/avr32/avr32-gnu-toolchain/bin/../lib/gcc/avr32/4.4.7/../../../../avr32/lib/ucr2\libc.a(lib_a-findfp.o)
                0x8000d2dc                __sf_fake_stdout
 .rodata.__sf_fake_stderr
                0x8000d2fc       0x20 e:/program x86/atmel/studio/7.0/toolchain/avr32/avr32-gnu-toolchain/bin/../lib/gcc/avr32/4.4.7/../../../../avr32/lib/ucr2\libc.a(lib_a-findfp.o)
                0x8000d2fc                __sf_fake_stderr
 .rodata.str1.4
                0x8000d31c        0x2 e:/program x86/atmel/studio/7.0/toolchain/avr32/avr32-gnu-toolchain/bin/../lib/gcc/avr32/4.4.7/../../../../avr32/lib/ucr2\libc.a(lib_a-impure.o)
                                  0x4 (size before relaxing)
 *fill*         0x8000d31e        0x2 
 .rodata._global_impure_ptr
                0x8000d320        0x4 e:/program x86/atmel/studio/7.0/toolchain/avr32/avr32-gnu-toolchain/bin/../lib/gcc/avr32/4.4.7/../../../../avr32/lib/ucr2\libc.a(lib_a-impure.o)
                0x8000d320                _global_impure_ptr
 .rodata.lconv  0x8000d324       0x30 e:/program x86/atmel/studio/7.0/toolchain/avr32/avr32-gnu-toolchain/bin/../lib/gcc/avr32/4.4.7/../../../../avr32/lib/ucr2\libc.a(lib_a-locale.o)
 .rodata.str1.4
                0x8000d354        0xc e:/program x86/atmel/studio/7.0/toolchain/avr32/avr32-gnu-toolchain/bin/../lib/gcc/avr32/4.4.7/../../../../avr32/lib/ucr2\libc.a(lib_a-locale.o)
                                 0x18 (size before relaxing)
 .rodata.p05.2471
                0x8000d360        0xc e:/program x86/atmel/studio/7.0/toolchain/avr32/avr32-gnu-toolchain/bin/../lib/gcc/avr32/4.4.7/../../../../avr32/lib/ucr2\libc.a(lib_a-mprec.o)
 .rodata.__mprec_tens
                0x8000d36c       0xc8 e:/program x86/atmel/studio/7.0/toolchain/avr32/avr32-gnu-toolchain/bin/../lib/gcc/avr32/4.4.7/../../../../avr32/lib/ucr2\libc.a(lib_a-mprec.o)
                0x8000d36c                __mprec_tens
 .rodata.__mprec_bigtens
                0x8000d434       0x28 e:/program x86/atmel/studio/7.0/toolchain/avr32/avr32-gnu-toolchain/bin/../lib/gcc/avr32/4.4.7/../../../../avr32/lib/ucr2\libc.a(lib_a-mprec.o)
                0x8000d434                __mprec_bigtens

.rodata1
 *(.rodata1)

.eh_frame_hdr
 *(.eh_frame_hdr)

.eh_frame
 *(.eh_frame)

.gcc_except_table
 *(.gcc_except_table)
 *(.gcc_except_table.*)

.dalign         0x8000d45c        0x4
                0x8000d460                . = ALIGN (0x8)
 *fill*         0x8000d45c        0x4 
                0x8000d460                PROVIDE (_data_lma, .)
                0x00000004                PROVIDE (_data, ORIGIN (CPUSRAM))
                0x00000004                . = ORIGIN (CPUSRAM)

.eh_frame
 *(.eh_frame)

.gcc_except_table
 *(.gcc_except_table)
 *(.gcc_except_table.*)

.tdata
 *(.tdata .tdata.* .gnu.linkonce.td.*)

.tbss
 *(.tbss .tbss.* .gnu.linkonce.tb.*)
 *(.tcommon)
                0x00000004                PROVIDE (__preinit_array_start, ALIGN (0x4))

.preinit_array
 *(.preinit_array)
                0x00000004                PROVIDE (__preinit_array_end, .)
                0x00000004                PROVIDE (__init_array_start, .)

.init_array
 *(.init_array)
                0x00000004                PROVIDE (__init_array_end, .)
                0x00000004                PROVIDE (__fini_array_start, .)

.fini_array
 *(.fini_array)
                0x00000004                PROVIDE (__fini_array_end, .)

.ctors
 *crtbegin*.o(.ctors)
 *(EXCLUDE_FILE(*crtend*.o) .ctors)
 *(SORT(.ctors.*))
 *(.ctors)

.dtors
 *crtbegin*.o(.dtors)
 *(EXCLUDE_FILE(*crtend*.o) .dtors)
 *(SORT(.dtors.*))
 *(.dtors)

.jcr
 *(.jcr)

.data.rel.ro
 *(.data.rel.ro.local)
 *(.data.rel.ro*)

.dynamic
 *(.dynamic)

.got
 *(.got.plt)
 *(.got)

.data           0x00000004      0xa20 load address 0x8000d460
 *(.data .data.* .gnu.linkonce.d.*)
 .data.get_time_okay
                0x00000004        0x1 src/Application/app/app.o
 *fill*         0x00000005        0x3 
 .data.the_app_list
                0x00000008      0x4ec src/Application/app/app.o
 .data.print_sec
                0x000004f4        0x4 src/Application/myrtc/xgrtc.o
 .data.unsure_data
                0x000004f8        0x8 src/Application/RFID/RFID.o
                0x000004f8                unsure_data
 .data.start_session.12205
                0x00000500        0x1 src/Application/RFID/RFID.o
 *fill*         0x00000501        0x3 
 .data.status.12405
                0x00000504        0x4 src/Application/xgflash/xgflash.o
 .data.status.12425
                0x00000508        0x4 src/Application/xgflash/xgflash.o
 .data.XGFlashLabel
                0x0000050c        0x8 src/Application/xgflash/xgflash.o
                0x0000050c                XGFlashLabel
 .data.current_save_message_offset
                0x00000514        0x4 src/Application/xgflash/xgflash.o
 .data.ulCriticalNesting
                0x00000518        0x4 src/ASF/thirdparty/freertos/freertos-7.0.0/source/portable/gcc/avr32_uc3/port.o
                0x00000518                ulCriticalNesting
 .data.xNextTaskUnblockTime
                0x0000051c        0x4 src/ASF/thirdparty/freertos/freertos-7.0.0/source/tasks.o
 .data.__malloc_av_
                0x00000520      0x408 e:/program x86/atmel/studio/7.0/toolchain/avr32/avr32-gnu-toolchain/bin/../lib/gcc/avr32/4.4.7/../../../../avr32/lib/ucr2\libc.a(lib_a-mallocr.o)
                0x00000520                __malloc_av_
 .data.__malloc_trim_threshold
                0x00000928        0x4 e:/program x86/atmel/studio/7.0/toolchain/avr32/avr32-gnu-toolchain/bin/../lib/gcc/avr32/4.4.7/../../../../avr32/lib/ucr2\libc.a(lib_a-mallocr.o)
                0x00000928                __malloc_trim_threshold
 .data.__malloc_sbrk_base
                0x0000092c        0x4 e:/program x86/atmel/studio/7.0/toolchain/avr32/avr32-gnu-toolchain/bin/../lib/gcc/avr32/4.4.7/../../../../avr32/lib/ucr2\libc.a(lib_a-mallocr.o)
                0x0000092c                __malloc_sbrk_base
 .data.impure_data
                0x00000930       0xf0 e:/program x86/atmel/studio/7.0/toolchain/avr32/avr32-gnu-toolchain/bin/../lib/gcc/avr32/4.4.7/../../../../avr32/lib/ucr2\libc.a(lib_a-impure.o)
 .data._impure_ptr
                0x00000a20        0x4 e:/program x86/atmel/studio/7.0/toolchain/avr32/avr32-gnu-toolchain/bin/../lib/gcc/avr32/4.4.7/../../../../avr32/lib/ucr2\libc.a(lib_a-impure.o)
                0x00000a20                _impure_ptr
 *(.gnu.linkonce.d.*personality*)

.data1
 *(.data1)

.balign         0x00000a24        0x4 load address 0x8000de80
                0x00000a28                . = ALIGN (0x8)
 *fill*         0x00000a24        0x4 
                0x00000a28                _edata = .
                0x00000a28                _edata = .
                0x00000a28                PROVIDE (edata, .)
                0x00000a28                __bss_start = .

.bss            0x00000a28     0x15b0 load address 0x8000de80
 *(.dynbss)
 *(.bss .bss.* .gnu.linkonce.b.*)
 .bss.Speaker_is_unmute
                0x00000a28        0x1 src/Application/app/app.o
                0x00000a28                Speaker_is_unmute
 .bss.AMBE_tx_flag
                0x00000a29        0x1 src/Application/app/app.o
                0x00000a29                AMBE_tx_flag
 .bss.Radio_Transmit_State
                0x00000a2a        0x1 src/Application/app/app.o
                0x00000a2a                Radio_Transmit_State
 .bss.Call_Begin
                0x00000a2b        0x1 src/Application/app/app.o
                0x00000a2b                Call_Begin
 .bss.times_counter.12752
                0x00000a2c        0x1 src/Application/app/app.o
 *fill*         0x00000a2d        0x3 
 .bss.OB_State.12709
                0x00000a30        0x4 src/Application/app/app.o
 .bss.connect_flag
                0x00000a34        0x1 src/Application/app/app.o
 .bss.Mic_is_Enabled
                0x00000a35        0x1 src/Application/app/app.o
                0x00000a35                Mic_is_Enabled
 *fill*         0x00000a36        0x2 
 .bss.xLastWakeTime.12704
                0x00000a38        0x4 src/Application/app/app.o
 .bss.res.12693
                0x00000a3c        0x4 src/Application/app/app.o
 .bss.ulIdleCycleCount
                0x00000a40        0x4 src/Application/app/app.o
                0x00000a40                ulIdleCycleCount
 .bss.data_flash_failure
                0x00000a44        0x1 src/Application/flash/data_flash.o
                0x00000a44                data_flash_failure
 *fill*         0x00000a45        0x3 
 .bss.payload_rx_exec
                0x00000a48        0x4 src/Application/radio/payload.o
                0x00000a48                payload_rx_exec
 .bss.payload_tx_exec
                0x00000a4c        0x4 src/Application/radio/payload.o
                0x00000a4c                payload_tx_exec
 .bss.xnl_store_idle
                0x00000a50        0x4 src/Application/radio/physical.o
                0x00000a50                xnl_store_idle
 .bss.flags.10672
                0x00000a54        0x1 src/Application/radio/xnl.o
 *fill*         0x00000a55        0x1 
 .bss.xnl_information
                0x00000a56        0xa src/Application/radio/xnl.o
 .bss.xnl_frame_tx
                0x00000a60        0x4 src/Application/radio/xnl.o
 .bss.rc522_init_failure
                0x00000a64        0x1 src/Application/RFID/MFRC522/rc522.o
                0x00000a64                rc522_init_failure
 *fill*         0x00000a65        0x3 
 .bss.SN.12200  0x00000a68        0xc src/Application/RFID/RFID.o
 .bss.xg_resend_queue
                0x00000a74        0x4 src/Application/xgflash/xgflash.o
                0x00000a74                xg_resend_queue
 .bss.list_init_success_flag
                0x00000a78        0x1 src/Application/xgflash/xgflash.o
 *fill*         0x00000a79        0x3 
 .bss.SN.12430  0x00000a7c        0xc src/Application/xgflash/xgflash.o
 .bss.xgflash_mutex
                0x00000a88        0x4 src/Application/xgflash/xgflash.o
 .bss.current_message_index
                0x00000a8c        0x2 src/Application/xgflash/xgflash.o
 *fill*         0x00000a8e        0x2 
 .bss.current_bytes_remained
                0x00000a90        0x4 src/Application/xgflash/xgflash.o
 .bss.message_storage_queue
                0x00000a94        0x4 src/Application/xgflash/xgflash.o
                0x00000a94                message_storage_queue
 .bss.xLastWakeTime.12424
                0x00000a98        0x4 src/Application/xgflash/xgflash.o
 .bss.message_count.12428
                0x00000a9c        0x2 src/Application/xgflash/xgflash.o
 *fill*         0x00000a9e        0x2 
 .bss.str.12222
                0x00000aa0       0x50 src/Application/xgflash/xgflash.o
 .bss.xLastWakeTime.12404
                0x00000af0        0x4 src/Application/xgflash/xgflash.o
 .bss._int_line_handler_table_6
                0x00000af4        0x4 src/ASF/avr32/drivers/intc/intc.o
 .bss._int_line_handler_table_7
                0x00000af8        0x4 src/ASF/avr32/drivers/intc/intc.o
 .bss._int_line_handler_table_8
                0x00000afc        0x4 src/ASF/avr32/drivers/intc/intc.o
 .bss._int_line_handler_table_9
                0x00000b00        0x4 src/ASF/avr32/drivers/intc/intc.o
 .bss._int_line_handler_table_10
                0x00000b04        0x4 src/ASF/avr32/drivers/intc/intc.o
 .bss._int_line_handler_table_11
                0x00000b08        0x4 src/ASF/avr32/drivers/intc/intc.o
 .bss._int_line_handler_table_12
                0x00000b0c        0x4 src/ASF/avr32/drivers/intc/intc.o
 .bss._int_line_handler_table_13
                0x00000b10        0x4 src/ASF/avr32/drivers/intc/intc.o
 .bss._int_line_handler_table_14
                0x00000b14        0xc src/ASF/avr32/drivers/intc/intc.o
 .bss._int_line_handler_table_15
                0x00000b20        0x4 src/ASF/avr32/drivers/intc/intc.o
 .bss._int_line_handler_table_16
                0x00000b24        0x4 src/ASF/avr32/drivers/intc/intc.o
 .bss._int_line_handler_table_17
                0x00000b28        0x4 src/ASF/avr32/drivers/intc/intc.o
 .bss._int_line_handler_table_18
                0x00000b2c        0x4 src/ASF/avr32/drivers/intc/intc.o
 .bss._int_line_handler_table_0
                0x00000b30        0x4 src/ASF/avr32/drivers/intc/intc.o
 .bss._int_line_handler_table_1
                0x00000b34       0x2c src/ASF/avr32/drivers/intc/intc.o
 .bss._int_line_handler_table_2
                0x00000b60       0x18 src/ASF/avr32/drivers/intc/intc.o
 .bss._int_line_handler_table_3
                0x00000b78       0x1c src/ASF/avr32/drivers/intc/intc.o
 .bss._int_line_handler_table_4
                0x00000b94        0x4 src/ASF/avr32/drivers/intc/intc.o
 .bss._int_line_handler_table_5
                0x00000b98        0x4 src/ASF/avr32/drivers/intc/intc.o
 .bss.uxMissedTicks
                0x00000b9c        0x4 src/ASF/thirdparty/freertos/freertos-7.0.0/source/tasks.o
 .bss.uxTopUsedPriority
                0x00000ba0        0x4 src/ASF/thirdparty/freertos/freertos-7.0.0/source/tasks.o
 .bss.pxDelayedTaskList
                0x00000ba4        0x4 src/ASF/thirdparty/freertos/freertos-7.0.0/source/tasks.o
 .bss.xSchedulerRunning
                0x00000ba8        0x4 src/ASF/thirdparty/freertos/freertos-7.0.0/source/tasks.o
 .bss.uxTasksDeleted
                0x00000bac        0x4 src/ASF/thirdparty/freertos/freertos-7.0.0/source/tasks.o
 .bss.xNumOfOverflows
                0x00000bb0        0x4 src/ASF/thirdparty/freertos/freertos-7.0.0/source/tasks.o
 .bss.pxOverflowDelayedTaskList
                0x00000bb4        0x4 src/ASF/thirdparty/freertos/freertos-7.0.0/source/tasks.o
 .bss.pxReadyTasksLists
                0x00000bb8       0xa0 src/ASF/thirdparty/freertos/freertos-7.0.0/source/tasks.o
 .bss.xTasksWaitingTermination
                0x00000c58       0x14 src/ASF/thirdparty/freertos/freertos-7.0.0/source/tasks.o
 .bss.pxCurrentTCB
                0x00000c6c        0x4 src/ASF/thirdparty/freertos/freertos-7.0.0/source/tasks.o
                0x00000c6c                pxCurrentTCB
 .bss.xPendingReadyList
                0x00000c70       0x14 src/ASF/thirdparty/freertos/freertos-7.0.0/source/tasks.o
 .bss.xDelayedTaskList1
                0x00000c84       0x14 src/ASF/thirdparty/freertos/freertos-7.0.0/source/tasks.o
 .bss.xTickCount
                0x00000c98        0x4 src/ASF/thirdparty/freertos/freertos-7.0.0/source/tasks.o
 .bss.uxSchedulerSuspended
                0x00000c9c        0x4 src/ASF/thirdparty/freertos/freertos-7.0.0/source/tasks.o
 .bss.xDelayedTaskList2
                0x00000ca0       0x14 src/ASF/thirdparty/freertos/freertos-7.0.0/source/tasks.o
 .bss.uxTaskNumber
                0x00000cb4        0x4 src/ASF/thirdparty/freertos/freertos-7.0.0/source/tasks.o
 .bss.uxCurrentNumberOfTasks
                0x00000cb8        0x4 src/ASF/thirdparty/freertos/freertos-7.0.0/source/tasks.o
 .bss.xMissedYield
                0x00000cbc        0x4 src/ASF/thirdparty/freertos/freertos-7.0.0/source/tasks.o
 .bss.xSuspendedTaskList
                0x00000cc0       0x14 src/ASF/thirdparty/freertos/freertos-7.0.0/source/tasks.o
 .bss.uxTopReadyPriority
                0x00000cd4        0x4 src/ASF/thirdparty/freertos/freertos-7.0.0/source/tasks.o
 .bss.lench.11294
                0x00000cd8        0x1 src/Log/log.o
 *fill*         0x00000cd9        0x3 
 .bss.__malloc_max_total_mem
                0x00000cdc        0x4 e:/program x86/atmel/studio/7.0/toolchain/avr32/avr32-gnu-toolchain/bin/../lib/gcc/avr32/4.4.7/../../../../avr32/lib/ucr2\libc.a(lib_a-mallocr.o)
                0x00000cdc                __malloc_max_total_mem
 .bss.__malloc_max_sbrked_mem
                0x00000ce0        0x4 e:/program x86/atmel/studio/7.0/toolchain/avr32/avr32-gnu-toolchain/bin/../lib/gcc/avr32/4.4.7/../../../../avr32/lib/ucr2\libc.a(lib_a-mallocr.o)
                0x00000ce0                __malloc_max_sbrked_mem
 .bss.__malloc_top_pad
                0x00000ce4        0x4 e:/program x86/atmel/studio/7.0/toolchain/avr32/avr32-gnu-toolchain/bin/../lib/gcc/avr32/4.4.7/../../../../avr32/lib/ucr2\libc.a(lib_a-mallocr.o)
                0x00000ce4                __malloc_top_pad
 .bss.__malloc_current_mallinfo
                0x00000ce8       0x28 e:/program x86/atmel/studio/7.0/toolchain/avr32/avr32-gnu-toolchain/bin/../lib/gcc/avr32/4.4.7/../../../../avr32/lib/ucr2\libc.a(lib_a-mallocr.o)
                0x00000ce8                __malloc_current_mallinfo
 .bss.cur_heap_pos.1869
                0x00000d10        0x4 e:/program x86/atmel/studio/7.0/toolchain/avr32/avr32-gnu-toolchain/bin/../lib/gcc/avr32/4.4.7/../../../../avr32/lib/ucr2\libc.a(lib_a-syscalls.o)
 *(COMMON)
 COMMON         0x00000d14      0x28a src/Application/app/app.o
                0x00000d14                bunchofrandomstatusflags
                0x00000d18                Current_time
                0x00000d1e                message_store
 *fill*         0x00000f9e        0x2 
 COMMON         0x00000fa0     0x1004 src/Application/flash/data_flash.o
                0x00000fa0                FLASH_BUF
                0x00001fa0                spi
 COMMON         0x00001fa4        0x4 src/Application/radio/xcmp.o
                0x00001fa4                app_list
 COMMON         0x00001fa8       0x18 src/Application/RFID/RFID.o
                0x00001fa8                RFID
                0x00001fb8                CT
                0x00001fbc                SN
 COMMON         0x00001fc0        0x8 src/Application/xgflash/xgflash.o
                0x00001fc0                xBinarySemaphore
                0x00001fc4                save_handle
 COMMON         0x00001fc8        0x4 src/ASF/avr32/drivers/spi/spi.o
                0x00001fc8                xSPIMutex
 COMMON         0x00001fcc        0x4 src/ASF/thirdparty/freertos/freertos-7.0.0/source/portable/gcc/avr32_uc3/write.o
                0x00001fcc                stdio_usart_base
 COMMON         0x00001fd0        0x4 src/Log/log.o
                0x00001fd0                logQueue
 COMMON         0x00001fd4        0x4 e:/program x86/atmel/studio/7.0/toolchain/avr32/avr32-gnu-toolchain/bin/../lib/gcc/avr32/4.4.7/../../../../avr32/lib/ucr2\libc.a(lib_a-reent.o)
                0x00001fd4                errno
                0x00001fd8                . = ALIGN (0x8)
                0x00001fd8                . = ALIGN (0x8)
                0x00001fd8                _end = .
                0x00001fd8                PROVIDE (end, .)
                0x00001fd8                __heap_start__ = ALIGN (0x8)
                0x00017000                . = ((ORIGIN (CPUSRAM) + 0x17ffc) - _stack_size)
                0x00017000                __heap_end__ = .

.stab
 *(.stab)

.stabstr
 *(.stabstr)

.stab.excl
 *(.stab.excl)

.stab.exclstr
 *(.stab.exclstr)

.stab.index
 *(.stab.index)

.stab.indexstr
 *(.stab.indexstr)

.comment        0x00000000       0x30
 *(.comment)
 .comment       0x00000000       0x30 src/Application/app/app.o
                                 0x31 (size before relaxing)
 .comment       0x00000000       0x31 src/Application/flash/data_flash.o
 .comment       0x00000000       0x31 src/Application/myrtc/xgrtc.o
 .comment       0x00000000       0x31 src/Application/radio/payload.o
 .comment       0x00000000       0x31 src/Application/radio/physical.o
 .comment       0x00000000       0x31 src/Application/radio/xcmp.o
 .comment       0x00000000       0x31 src/Application/radio/xnl.o
 .comment       0x00000000       0x31 src/Application/RFID/MFRC522/rc522.o
 .comment       0x00000000       0x31 src/Application/RFID/RFID.o
 .comment       0x00000000       0x31 src/Application/timers/timer.o
 .comment       0x00000000       0x31 src/Application/xgflash/xgflash.o
 .comment       0x00000000       0x31 src/ASF/avr32/drivers/flashc/flashc.o
 .comment       0x00000000       0x31 src/ASF/avr32/drivers/gpio/gpio.o
 .comment       0x00000000       0x31 src/ASF/avr32/drivers/intc/intc.o
 .comment       0x00000000       0x31 src/ASF/avr32/drivers/pm/pm.o
 .comment       0x00000000       0x31 src/ASF/avr32/drivers/rtc/rtc.o
 .comment       0x00000000       0x31 src/ASF/avr32/drivers/spi/spi.o
 .comment       0x00000000       0x31 src/ASF/avr32/drivers/usart/usart.o
 .comment       0x00000000       0x31 src/ASF/thirdparty/freertos/freertos-7.0.0/source/list.o
 .comment       0x00000000       0x31 src/ASF/thirdparty/freertos/freertos-7.0.0/source/portable/gcc/avr32_uc3/port.o
 .comment       0x00000000       0x31 src/ASF/thirdparty/freertos/freertos-7.0.0/source/portable/gcc/avr32_uc3/read.o
 .comment       0x00000000       0x31 src/ASF/thirdparty/freertos/freertos-7.0.0/source/portable/gcc/avr32_uc3/write.o
 .comment       0x00000000       0x31 src/ASF/thirdparty/freertos/freertos-7.0.0/source/portable/memmang/heap_3.o
 .comment       0x00000000       0x31 src/ASF/thirdparty/freertos/freertos-7.0.0/source/queue.o
 .comment       0x00000000       0x31 src/ASF/thirdparty/freertos/freertos-7.0.0/source/tasks.o
 .comment       0x00000000       0x31 src/Log/log.o
 .comment       0x00000000       0x31 src/main.o
 .comment       0x00000000       0x31 e:/program x86/atmel/studio/7.0/toolchain/avr32/avr32-gnu-toolchain/bin/../lib/gcc/avr32/4.4.7/../../../../avr32/lib/ucr2\libc.a(lib_a-malloc.o)
 .comment       0x00000000       0x31 e:/program x86/atmel/studio/7.0/toolchain/avr32/avr32-gnu-toolchain/bin/../lib/gcc/avr32/4.4.7/../../../../avr32/lib/ucr2\libc.a(lib_a-mallocr.o)
 .comment       0x00000000       0x31 e:/program x86/atmel/studio/7.0/toolchain/avr32/avr32-gnu-toolchain/bin/../lib/gcc/avr32/4.4.7/../../../../avr32/lib/ucr2\libc.a(lib_a-memcmp.o)
 .comment       0x00000000       0x31 e:/program x86/atmel/studio/7.0/toolchain/avr32/avr32-gnu-toolchain/bin/../lib/gcc/avr32/4.4.7/../../../../avr32/lib/ucr2\libc.a(lib_a-memset.o)
 .comment       0x00000000       0x31 e:/program x86/atmel/studio/7.0/toolchain/avr32/avr32-gnu-toolchain/bin/../lib/gcc/avr32/4.4.7/../../../../avr32/lib/ucr2\libc.a(lib_a-reallocr.o)
 .comment       0x00000000       0x31 e:/program x86/atmel/studio/7.0/toolchain/avr32/avr32-gnu-toolchain/bin/../lib/gcc/avr32/4.4.7/../../../../avr32/lib/ucr2\libc.a(lib_a-sbrkr.o)
 .comment       0x00000000       0x31 e:/program x86/atmel/studio/7.0/toolchain/avr32/avr32-gnu-toolchain/bin/../lib/gcc/avr32/4.4.7/../../../../avr32/lib/ucr2\libc.a(lib_a-sprintf.o)
 .comment       0x00000000       0x31 e:/program x86/atmel/studio/7.0/toolchain/avr32/avr32-gnu-toolchain/bin/../lib/gcc/avr32/4.4.7/../../../../avr32/lib/ucr2\libc.a(lib_a-syscalls.o)
 .comment       0x00000000       0x31 e:/program x86/atmel/studio/7.0/toolchain/avr32/avr32-gnu-toolchain/bin/../lib/gcc/avr32/4.4.7/../../../../avr32/lib/ucr2\libc.a(lib_a-vfprintf.o)
 .comment       0x00000000       0x31 e:/program x86/atmel/studio/7.0/toolchain/avr32/avr32-gnu-toolchain/bin/../lib/gcc/avr32/4.4.7/../../../../avr32/lib/ucr2\libc.a(lib_a-wsetup.o)
 .comment       0x00000000       0x31 e:/program x86/atmel/studio/7.0/toolchain/avr32/avr32-gnu-toolchain/bin/../lib/gcc/avr32/4.4.7/../../../../avr32/lib/ucr2\libc.a(lib_a-dtoa.o)
 .comment       0x00000000       0x31 e:/program x86/atmel/studio/7.0/toolchain/avr32/avr32-gnu-toolchain/bin/../lib/gcc/avr32/4.4.7/../../../../avr32/lib/ucr2\libc.a(lib_a-errno.o)
 .comment       0x00000000       0x31 e:/program x86/atmel/studio/7.0/toolchain/avr32/avr32-gnu-toolchain/bin/../lib/gcc/avr32/4.4.7/../../../../avr32/lib/ucr2\libc.a(lib_a-fflush.o)
 .comment       0x00000000       0x31 e:/program x86/atmel/studio/7.0/toolchain/avr32/avr32-gnu-toolchain/bin/../lib/gcc/avr32/4.4.7/../../../../avr32/lib/ucr2\libc.a(lib_a-findfp.o)
 .comment       0x00000000       0x31 e:/program x86/atmel/studio/7.0/toolchain/avr32/avr32-gnu-toolchain/bin/../lib/gcc/avr32/4.4.7/../../../../avr32/lib/ucr2\libc.a(lib_a-freer.o)
 .comment       0x00000000       0x31 e:/program x86/atmel/studio/7.0/toolchain/avr32/avr32-gnu-toolchain/bin/../lib/gcc/avr32/4.4.7/../../../../avr32/lib/ucr2\libc.a(lib_a-fvwrite.o)
 .comment       0x00000000       0x31 e:/program x86/atmel/studio/7.0/toolchain/avr32/avr32-gnu-toolchain/bin/../lib/gcc/avr32/4.4.7/../../../../avr32/lib/ucr2\libc.a(lib_a-fwalk.o)
 .comment       0x00000000       0x31 e:/program x86/atmel/studio/7.0/toolchain/avr32/avr32-gnu-toolchain/bin/../lib/gcc/avr32/4.4.7/../../../../avr32/lib/ucr2\libc.a(lib_a-impure.o)
 .comment       0x00000000       0x31 e:/program x86/atmel/studio/7.0/toolchain/avr32/avr32-gnu-toolchain/bin/../lib/gcc/avr32/4.4.7/../../../../avr32/lib/ucr2\libc.a(lib_a-locale.o)
 .comment       0x00000000       0x31 e:/program x86/atmel/studio/7.0/toolchain/avr32/avr32-gnu-toolchain/bin/../lib/gcc/avr32/4.4.7/../../../../avr32/lib/ucr2\libc.a(lib_a-makebuf.o)
 .comment       0x00000000       0x31 e:/program x86/atmel/studio/7.0/toolchain/avr32/avr32-gnu-toolchain/bin/../lib/gcc/avr32/4.4.7/../../../../avr32/lib/ucr2\libc.a(lib_a-memchr.o)
 .comment       0x00000000       0x31 e:/program x86/atmel/studio/7.0/toolchain/avr32/avr32-gnu-toolchain/bin/../lib/gcc/avr32/4.4.7/../../../../avr32/lib/ucr2\libc.a(lib_a-memmove.o)
 .comment       0x00000000       0x31 e:/program x86/atmel/studio/7.0/toolchain/avr32/avr32-gnu-toolchain/bin/../lib/gcc/avr32/4.4.7/../../../../avr32/lib/ucr2\libc.a(lib_a-mprec.o)
 .comment       0x00000000       0x31 e:/program x86/atmel/studio/7.0/toolchain/avr32/avr32-gnu-toolchain/bin/../lib/gcc/avr32/4.4.7/../../../../avr32/lib/ucr2\libc.a(lib_a-reent.o)
 .comment       0x00000000       0x31 e:/program x86/atmel/studio/7.0/toolchain/avr32/avr32-gnu-toolchain/bin/../lib/gcc/avr32/4.4.7/../../../../avr32/lib/ucr2\libc.a(lib_a-s_isinfd.o)
 .comment       0x00000000       0x31 e:/program x86/atmel/studio/7.0/toolchain/avr32/avr32-gnu-toolchain/bin/../lib/gcc/avr32/4.4.7/../../../../avr32/lib/ucr2\libc.a(lib_a-s_isnand.o)
 .comment       0x00000000       0x31 e:/program x86/atmel/studio/7.0/toolchain/avr32/avr32-gnu-toolchain/bin/../lib/gcc/avr32/4.4.7/../../../../avr32/lib/ucr2\libc.a(lib_a-stdio.o)
 .comment       0x00000000       0x31 e:/program x86/atmel/studio/7.0/toolchain/avr32/avr32-gnu-toolchain/bin/../lib/gcc/avr32/4.4.7/../../../../avr32/lib/ucr2\libc.a(lib_a-strlen.o)
 .comment       0x00000000       0x31 e:/program x86/atmel/studio/7.0/toolchain/avr32/avr32-gnu-toolchain/bin/../lib/gcc/avr32/4.4.7/../../../../avr32/lib/ucr2\libc.a(lib_a-writer.o)
 .comment       0x00000000       0x31 e:/program x86/atmel/studio/7.0/toolchain/avr32/avr32-gnu-toolchain/bin/../lib/gcc/avr32/4.4.7/../../../../avr32/lib/ucr2\libc.a(lib_a-callocr.o)
 .comment       0x00000000       0x31 e:/program x86/atmel/studio/7.0/toolchain/avr32/avr32-gnu-toolchain/bin/../lib/gcc/avr32/4.4.7/../../../../avr32/lib/ucr2\libc.a(lib_a-closer.o)
 .comment       0x00000000       0x31 e:/program x86/atmel/studio/7.0/toolchain/avr32/avr32-gnu-toolchain/bin/../lib/gcc/avr32/4.4.7/../../../../avr32/lib/ucr2\libc.a(lib_a-fclose.o)
 .comment       0x00000000       0x31 e:/program x86/atmel/studio/7.0/toolchain/avr32/avr32-gnu-toolchain/bin/../lib/gcc/avr32/4.4.7/../../../../avr32/lib/ucr2\libc.a(lib_a-fstatr.o)
 .comment       0x00000000       0x31 e:/program x86/atmel/studio/7.0/toolchain/avr32/avr32-gnu-toolchain/bin/../lib/gcc/avr32/4.4.7/../../../../avr32/lib/ucr2\libc.a(lib_a-lseekr.o)
 .comment       0x00000000       0x31 e:/program x86/atmel/studio/7.0/toolchain/avr32/avr32-gnu-toolchain/bin/../lib/gcc/avr32/4.4.7/../../../../avr32/lib/ucr2\libc.a(lib_a-readr.o)
 .comment       0x00000000       0x31 e:/program x86/atmel/studio/7.0/toolchain/avr32/avr32-gnu-toolchain/bin/../lib/gcc/avr32/4.4.7/ucr2\libgcc.a(_udivdi3.o)
 .comment       0x00000000       0x31 e:/program x86/atmel/studio/7.0/toolchain/avr32/avr32-gnu-toolchain/bin/../lib/gcc/avr32/4.4.7/ucr2\libgcc.a(_umoddi3.o)

.debug
 *(.debug)

.line
 *(.line)

.debug_srcinfo
 *(.debug_srcinfo)

.debug_sfnames
 *(.debug_sfnames)

.debug_aranges  0x00000000     0x1710
 *(.debug_aranges)
 .debug_aranges
                0x00000000      0x118 src/Application/app/app.o
 .debug_aranges
                0x00000118       0x90 src/Application/flash/data_flash.o
 .debug_aranges
                0x000001a8       0x48 src/Application/myrtc/xgrtc.o
 .debug_aranges
                0x000001f0       0x20 src/Application/radio/payload.o
 .debug_aranges
                0x00000210       0x68 src/Application/radio/physical.o
 .debug_aranges
                0x00000278       0xf8 src/Application/radio/xcmp.o
 .debug_aranges
                0x00000370       0x70 src/Application/radio/xnl.o
 .debug_aranges
                0x000003e0       0xe8 src/Application/RFID/MFRC522/rc522.o
 .debug_aranges
                0x000004c8       0x38 src/Application/RFID/RFID.o
 .debug_aranges
                0x00000500       0x50 src/Application/timers/timer.o
 .debug_aranges
                0x00000550       0x58 src/Application/xgflash/xgflash.o
 .debug_aranges
                0x000005a8      0x218 src/ASF/avr32/drivers/flashc/flashc.o
 .debug_aranges
                0x000007c0      0x100 src/ASF/avr32/drivers/gpio/gpio.o
 .debug_aranges
                0x000008c0       0x38 src/ASF/avr32/drivers/intc/intc.o
 .debug_aranges
                0x000008f8      0x190 src/ASF/avr32/drivers/pm/pm.o
 .debug_aranges
                0x00000a88       0x90 src/ASF/avr32/drivers/rtc/rtc.o
 .debug_aranges
                0x00000b18       0xa8 src/ASF/avr32/drivers/spi/spi.o
 .debug_aranges
                0x00000bc0       0xe0 src/ASF/avr32/drivers/usart/usart.o
 .debug_aranges
                0x00000ca0       0x28 src/ASF/avr32/utils/startup/startup_uc3.o
 .debug_aranges
                0x00000cc8       0x20 src/ASF/avr32/utils/startup/trampoline_uc3.o
 .debug_aranges
                0x00000ce8       0x40 src/ASF/thirdparty/freertos/freertos-7.0.0/source/list.o
 .debug_aranges
                0x00000d28       0x20 src/ASF/thirdparty/freertos/freertos-7.0.0/source/portable/gcc/avr32_uc3/exception.o
 .debug_aranges
                0x00000d48       0x78 src/ASF/thirdparty/freertos/freertos-7.0.0/source/portable/gcc/avr32_uc3/port.o
 .debug_aranges
                0x00000dc0       0x20 src/ASF/thirdparty/freertos/freertos-7.0.0/source/portable/gcc/avr32_uc3/read.o
 .debug_aranges
                0x00000de0       0x20 src/ASF/thirdparty/freertos/freertos-7.0.0/source/portable/gcc/avr32_uc3/write.o
 .debug_aranges
                0x00000e00       0x28 src/ASF/thirdparty/freertos/freertos-7.0.0/source/portable/memmang/heap_3.o
 .debug_aranges
                0x00000e28       0x88 src/ASF/thirdparty/freertos/freertos-7.0.0/source/queue.o
 .debug_aranges
                0x00000eb0      0x110 src/ASF/thirdparty/freertos/freertos-7.0.0/source/tasks.o
 .debug_aranges
                0x00000fc0       0x50 src/Log/log.o
 .debug_aranges
                0x00001010       0x20 src/main.o
 .debug_aranges
                0x00001030       0x28 e:/program x86/atmel/studio/7.0/toolchain/avr32/avr32-gnu-toolchain/bin/../lib/gcc/avr32/4.4.7/../../../../avr32/lib/ucr2\libc.a(lib_a-malloc.o)
 .debug_aranges
                0x00001058       0x20 e:/program x86/atmel/studio/7.0/toolchain/avr32/avr32-gnu-toolchain/bin/../lib/gcc/avr32/4.4.7/../../../../avr32/lib/ucr2\libc.a(lib_a-mallocr.o)
 .debug_aranges
                0x00001078       0x20 e:/program x86/atmel/studio/7.0/toolchain/avr32/avr32-gnu-toolchain/bin/../lib/gcc/avr32/4.4.7/../../../../avr32/lib/ucr2\libc.a(lib_a-memcmp.o)
 .debug_aranges
                0x00001098       0x20 e:/program x86/atmel/studio/7.0/toolchain/avr32/avr32-gnu-toolchain/bin/../lib/gcc/avr32/4.4.7/../../../../avr32/lib/ucr2\libc.a(lib_a-memset.o)
 .debug_aranges
                0x000010b8       0x20 e:/program x86/atmel/studio/7.0/toolchain/avr32/avr32-gnu-toolchain/bin/../lib/gcc/avr32/4.4.7/../../../../avr32/lib/ucr2\libc.a(lib_a-reallocr.o)
 .debug_aranges
                0x000010d8       0x20 e:/program x86/atmel/studio/7.0/toolchain/avr32/avr32-gnu-toolchain/bin/../lib/gcc/avr32/4.4.7/../../../../avr32/lib/ucr2\libc.a(lib_a-sbrkr.o)
 .debug_aranges
                0x000010f8       0x28 e:/program x86/atmel/studio/7.0/toolchain/avr32/avr32-gnu-toolchain/bin/../lib/gcc/avr32/4.4.7/../../../../avr32/lib/ucr2\libc.a(lib_a-sprintf.o)
 .debug_aranges
                0x00001120       0xf8 e:/program x86/atmel/studio/7.0/toolchain/avr32/avr32-gnu-toolchain/bin/../lib/gcc/avr32/4.4.7/../../../../avr32/lib/ucr2\libc.a(lib_a-syscalls.o)
 .debug_aranges
                0x00001218       0x38 e:/program x86/atmel/studio/7.0/toolchain/avr32/avr32-gnu-toolchain/bin/../lib/gcc/avr32/4.4.7/../../../../avr32/lib/ucr2\libc.a(lib_a-vfprintf.o)
 .debug_aranges
                0x00001250       0x20 e:/program x86/atmel/studio/7.0/toolchain/avr32/avr32-gnu-toolchain/bin/../lib/gcc/avr32/4.4.7/../../../../avr32/lib/ucr2\libc.a(lib_a-wsetup.o)
 .debug_aranges
                0x00001270       0x28 e:/program x86/atmel/studio/7.0/toolchain/avr32/avr32-gnu-toolchain/bin/../lib/gcc/avr32/4.4.7/../../../../avr32/lib/ucr2\libc.a(lib_a-dtoa.o)
 .debug_aranges
                0x00001298       0x20 e:/program x86/atmel/studio/7.0/toolchain/avr32/avr32-gnu-toolchain/bin/../lib/gcc/avr32/4.4.7/../../../../avr32/lib/ucr2\libc.a(lib_a-errno.o)
 .debug_aranges