Archive member included because of file (symbol)

e:/program x86/atmel/studio/7.0/toolchain/avr32/avr32-gnu-toolchain/bin/../lib/gcc/avr32/4.4.7/../../../../avr32/lib/ucr2\libc.a(lib_a-malloc.o)
                              src/ASF/thirdparty/freertos/freertos-7.0.0/source/portable/memmang/heap_3.o (free)
e:/program x86/atmel/studio/7.0/toolchain/avr32/avr32-gnu-toolchain/bin/../lib/gcc/avr32/4.4.7/../../../../avr32/lib/ucr2\libc.a(lib_a-mallocr.o)
                              e:/program x86/atmel/studio/7.0/toolchain/avr32/avr32-gnu-toolchain/bin/../lib/gcc/avr32/4.4.7/../../../../avr32/lib/ucr2\libc.a(lib_a-malloc.o) (_malloc_r)
e:/program x86/atmel/studio/7.0/toolchain/avr32/avr32-gnu-toolchain/bin/../lib/gcc/avr32/4.4.7/../../../../avr32/lib/ucr2\libc.a(lib_a-memcmp.o)
                              src/Application/voice/voice.o (memcmp)
e:/program x86/atmel/studio/7.0/toolchain/avr32/avr32-gnu-toolchain/bin/../lib/gcc/avr32/4.4.7/../../../../avr32/lib/ucr2\libc.a(lib_a-memcpy.o)
                              src/Application/flash/data_flash.o (memcpy)
e:/program x86/atmel/studio/7.0/toolchain/avr32/avr32-gnu-toolchain/bin/../lib/gcc/avr32/4.4.7/../../../../avr32/lib/ucr2\libc.a(lib_a-memset.o)
                              src/Application/radio/physical.o (memset)
e:/program x86/atmel/studio/7.0/toolchain/avr32/avr32-gnu-toolchain/bin/../lib/gcc/avr32/4.4.7/../../../../avr32/lib/ucr2\libc.a(lib_a-realloc.o)
                              src/ASF/thirdparty/freertos/freertos-7.0.0/source/portable/gcc/avr32_uc3/port.o (realloc)
e:/program x86/atmel/studio/7.0/toolchain/avr32/avr32-gnu-toolchain/bin/../lib/gcc/avr32/4.4.7/../../../../avr32/lib/ucr2\libc.a(lib_a-reallocr.o)
                              e:/program x86/atmel/studio/7.0/toolchain/avr32/avr32-gnu-toolchain/bin/../lib/gcc/avr32/4.4.7/../../../../avr32/lib/ucr2\libc.a(lib_a-realloc.o) (_realloc_r)
e:/program x86/atmel/studio/7.0/toolchain/avr32/avr32-gnu-toolchain/bin/../lib/gcc/avr32/4.4.7/../../../../avr32/lib/ucr2\libc.a(lib_a-sbrkr.o)
                              e:/program x86/atmel/studio/7.0/toolchain/avr32/avr32-gnu-toolchain/bin/../lib/gcc/avr32/4.4.7/../../../../avr32/lib/ucr2\libc.a(lib_a-mallocr.o) (_sbrk_r)
e:/program x86/atmel/studio/7.0/toolchain/avr32/avr32-gnu-toolchain/bin/../lib/gcc/avr32/4.4.7/../../../../avr32/lib/ucr2\libc.a(lib_a-sprintf.o)
                              src/Log/log.o (sprintf)
e:/program x86/atmel/studio/7.0/toolchain/avr32/avr32-gnu-toolchain/bin/../lib/gcc/avr32/4.4.7/../../../../avr32/lib/ucr2\libc.a(lib_a-strncpy.o)
                              src/ASF/thirdparty/freertos/freertos-7.0.0/source/tasks.o (strncpy)
e:/program x86/atmel/studio/7.0/toolchain/avr32/avr32-gnu-toolchain/bin/../lib/gcc/avr32/4.4.7/../../../../avr32/lib/ucr2\libc.a(lib_a-syscalls.o)
                              e:/program x86/atmel/studio/7.0/toolchain/avr32/avr32-gnu-toolchain/bin/../lib/gcc/avr32/4.4.7/../../../../avr32/lib/ucr2\libc.a(lib_a-sbrkr.o) (_sbrk)
e:/program x86/atmel/studio/7.0/toolchain/avr32/avr32-gnu-toolchain/bin/../lib/gcc/avr32/4.4.7/../../../../avr32/lib/ucr2\libc.a(lib_a-vfprintf.o)
                              e:/program x86/atmel/studio/7.0/toolchain/avr32/avr32-gnu-toolchain/bin/../lib/gcc/avr32/4.4.7/../../../../avr32/lib/ucr2\libc.a(lib_a-sprintf.o) (_vfprintf_r)
e:/program x86/atmel/studio/7.0/toolchain/avr32/avr32-gnu-toolchain/bin/../lib/gcc/avr32/4.4.7/../../../../avr32/lib/ucr2\libc.a(lib_a-wsetup.o)
                              e:/program x86/atmel/studio/7.0/toolchain/avr32/avr32-gnu-toolchain/bin/../lib/gcc/avr32/4.4.7/../../../../avr32/lib/ucr2\libc.a(lib_a-vfprintf.o) (__swsetup_r)
e:/program x86/atmel/studio/7.0/toolchain/avr32/avr32-gnu-toolchain/bin/../lib/gcc/avr32/4.4.7/../../../../avr32/lib/ucr2\libc.a(lib_a-dtoa.o)
                              e:/program x86/atmel/studio/7.0/toolchain/avr32/avr32-gnu-toolchain/bin/../lib/gcc/avr32/4.4.7/../../../../avr32/lib/ucr2\libc.a(lib_a-vfprintf.o) (_dtoa_r)
e:/program x86/atmel/studio/7.0/toolchain/avr32/avr32-gnu-toolchain/bin/../lib/gcc/avr32/4.4.7/../../../../avr32/lib/ucr2\libc.a(lib_a-errno.o)
                              e:/program x86/atmel/studio/7.0/toolchain/avr32/avr32-gnu-toolchain/bin/../lib/gcc/avr32/4.4.7/../../../../avr32/lib/ucr2\libc.a(lib_a-syscalls.o) (__errno)
e:/program x86/atmel/studio/7.0/toolchain/avr32/avr32-gnu-toolchain/bin/../lib/gcc/avr32/4.4.7/../../../../avr32/lib/ucr2\libc.a(lib_a-fflush.o)
                              e:/program x86/atmel/studio/7.0/toolchain/avr32/avr32-gnu-toolchain/bin/../lib/gcc/avr32/4.4.7/../../../../avr32/lib/ucr2\libc.a(lib_a-vfprintf.o) (_fflush_r)
e:/program x86/atmel/studio/7.0/toolchain/avr32/avr32-gnu-toolchain/bin/../lib/gcc/avr32/4.4.7/../../../../avr32/lib/ucr2\libc.a(lib_a-findfp.o)
                              e:/program x86/atmel/studio/7.0/toolchain/avr32/avr32-gnu-toolchain/bin/../lib/gcc/avr32/4.4.7/../../../../avr32/lib/ucr2\libc.a(lib_a-vfprintf.o) (__sinit)
[...]
Memory Configuration

Name             Origin             Length             Attributes
FLASH            0x80000000         0x00080000         axrl !w
CPUSRAM          0x00000004         0x00017ffc         axw !rl
USERPAGE         0x80800000         0x00000200
FACTORYPAGE      0x80800200         0x00000200
*default*        0x00000000         0xffffffff

Linker script and memory map

                0x00001000                _stack_size = 0x1000
LOAD src/Application/app/app.o
LOAD src/Application/flash/data_flash.o
LOAD src/Application/radio/ambe.o
LOAD src/Application/radio/AMBE_audio.o
LOAD src/Application/radio/AMBE_audio_2.o
LOAD src/Application/radio/audio.o
LOAD src/Application/radio/payload.o
LOAD src/Application/radio/physical.o
LOAD src/Application/radio/ssc.o
LOAD src/Application/radio/xcmp.o
LOAD src/Application/radio/xnl.o
LOAD src/Application/RFID/MFRC522/rc522.o
LOAD src/Application/RFID/RFID.o
LOAD src/Application/rtc/rtc.o
LOAD src/Application/timers/timer.o
LOAD src/Application/voice/voice.o
LOAD src/ASF/avr32/drivers/flashc/flashc.o
LOAD src/ASF/avr32/drivers/gpio/gpio.o
LOAD src/ASF/avr32/drivers/intc/intc.o
LOAD src/ASF/avr32/drivers/pm/pm.o
LOAD src/ASF/avr32/drivers/pm/pm_conf_clocks.o
LOAD src/ASF/avr32/drivers/pm/power_clocks_lib.o
LOAD src/ASF/avr32/drivers/spi/spi.o
LOAD src/ASF/avr32/drivers/tc/tc.o
LOAD src/ASF/avr32/drivers/twi/twi.o
LOAD src/ASF/avr32/drivers/usart/usart.o
LOAD src/ASF/avr32/utils/startup/startup_uc3.o
LOAD src/ASF/avr32/utils/startup/trampoline_uc3.o
LOAD src/ASF/common/boards/user_board/init.o
LOAD src/ASF/common/services/clock/uc3b0_b1/sysclk.o
LOAD src/ASF/common/services/spi/uc3_spi/spi_master.o
LOAD src/ASF/common/services/spi/uc3_usart_spi/usart_spi.o
LOAD src/ASF/thirdparty/freertos/freertos-7.0.0/source/croutine.o
LOAD src/ASF/thirdparty/freertos/freertos-7.0.0/source/list.o
LOAD src/ASF/thirdparty/freertos/freertos-7.0.0/source/portable/gcc/avr32_uc3/exception.o
LOAD src/ASF/thirdparty/freertos/freertos-7.0.0/source/portable/gcc/avr32_uc3/port.o
LOAD src/ASF/thirdparty/freertos/freertos-7.0.0/source/portable/gcc/avr32_uc3/read.o
LOAD src/ASF/thirdparty/freertos/freertos-7.0.0/source/portable/gcc/avr32_uc3/write.o
LOAD src/ASF/thirdparty/freertos/freertos-7.0.0/source/portable/memmang/heap_3.o
LOAD src/ASF/thirdparty/freertos/freertos-7.0.0/source/queue.o
LOAD src/ASF/thirdparty/freertos/freertos-7.0.0/source/tasks.o
LOAD src/Log/log.o
LOAD src/main.o
START GROUP
LOAD e:/program x86/atmel/studio/7.0/toolchain/avr32/avr32-gnu-toolchain/bin/../lib/gcc/avr32/4.4.7/../../../../avr32/lib/ucr2\libm.a
END GROUP
LOAD e:/program x86/atmel/studio/7.0/toolchain/avr32/avr32-gnu-toolchain/bin/../lib/gcc/avr32/4.4.7/ucr2\libgcc.a
LOAD e:/program x86/atmel/studio/7.0/toolchain/avr32/avr32-gnu-toolchain/bin/../lib/gcc/avr32/4.4.7/../../../../avr32/lib/ucr2\libc.a
LOAD e:/program x86/atmel/studio/7.0/toolchain/avr32/avr32-gnu-toolchain/bin/../lib/gcc/avr32/4.4.7/ucr2\libgcc.a
                0x80000000                PROVIDE (__executable_start, 0x80000000)
                0x80000000                . = 0x80000000

.interp
 *(.interp)

.reset          0x80000000     0x2004
 *(.reset)
 .reset         0x80000000     0x2004 src/ASF/avr32/utils/startup/trampoline_uc3.o
                               0x2008 (size before relaxing)
                0x80000000                _trampoline

.hash
 *(.hash)

.dynsym
 *(.dynsym)

.dynstr
 *(.dynstr)

.gnu.version
 *(.gnu.version)

.gnu.version_d
 *(.gnu.version_d)

.gnu.version_r
 *(.gnu.version_r)

.rel.init
 *(.rel.init)

.rela.init
 *(.rela.init)

.rel.text
 *(.rel.text .rel.text.* .rel.gnu.linkonce.t.*)

.rela.text
 *(.rela.text .rela.text.* .rela.gnu.linkonce.t.*)

.rel.fini
 *(.rel.fini)

.rela.fini
 *(.rela.fini)

.rel.rodata
 *(.rel.rodata .rel.rodata.* .rel.gnu.linkonce.r.*)

.rela.rodata
 *(.rela.rodata .rela.rodata.* .rela.gnu.linkonce.r.*)

.rel.data.rel.ro
 *(.rel.data.rel.ro*)

.rela.data.rel.ro
 *(.rel.data.rel.ro*)

.rel.data
 *(.rel.data .rel.data.* .rel.gnu.linkonce.d.*)

.rela.data
 *(.rela.data .rela.data.* .rela.gnu.linkonce.d.*)

.rel.tdata
 *(.rel.tdata .rel.tdata.* .rel.gnu.linkonce.td.*)

.rela.tdata
 *(.rela.tdata .rela.tdata.* .rela.gnu.linkonce.td.*)

.rel.tbss
 *(.rel.tbss .rel.tbss.* .rel.gnu.linkonce.tb.*)

.rela.tbss
 *(.rela.tbss .rela.tbss.* .rela.gnu.linkonce.tb.*)

.rel.ctors
 *(.rel.ctors)

.rela.ctors
 *(.rela.ctors)

.rel.dtors
 *(.rel.dtors)

.rela.dtors
 *(.rela.dtors)

.rel.got
 *(.rel.got)

.rela.got       0x80002004        0x0
 *(.rela.got)
 .rela.got      0x80002004        0x0 src/Application/app/app.o

.rel.bss
 *(.rel.bss .rel.bss.* .rel.gnu.linkonce.b.*)

.rela.bss
 *(.rela.bss .rela.bss.* .rela.gnu.linkonce.b.*)

.rel.plt
 *(.rel.plt)

.rela.plt
 *(.rela.plt)

.init
 *(.init)

.plt
 *(.plt)

.text           0x80002004     0xa438
 *(.text .stub .text.* .gnu.linkonce.t.*)
 .text.DeviceManagement_brdcst_func
                0x80002004       0x24 src/Application/app/app.o
                0x80002004                DeviceManagement_brdcst_func
 .text.Volume_brdcst_func
                0x80002028        0x2 src/Application/app/app.o
                0x80002028                Volume_brdcst_func
 .text.AudioRoutingControl_brdcst_func
                0x8000202a        0x2 src/Application/app/app.o
                0x8000202a                AudioRoutingControl_brdcst_func
 .text.vApplicationIdleHook
                0x8000202c       0x10 src/Application/app/app.o
                0x8000202c                vApplicationIdleHook
 .text.app_init
                0x8000203c       0x54 src/Application/app/app.o
                0x8000203c                app_init
 .text.app_cfg  0x80002090       0x58 src/Application/app/app.o
 .text.app_payload_tx_proc
                0x800020e8       0x14 src/Application/app/app.o
 .text.app_payload_rx_proc
                0x800020fc       0x34 src/Application/app/app.o
 .text.FD_brdcst_func
                0x80002130       0x14 src/Application/app/app.o
                0x80002130                FD_brdcst_func
 .text.FD_reply_func
                0x80002144       0x14 src/Application/app/app.o
                0x80002144                FD_reply_func
 .text.FD_request_func
                0x80002158       0x14 src/Application/app/app.o
                0x80002158                FD_request_func
 .text.EnOB_brdcst_func
                0x8000216c       0x14 src/Application/app/app.o
                0x8000216c                EnOB_brdcst_func
 .text.EnOB_reply_func
                0x80002180       0x70 src/Application/app/app.o
                0x80002180                EnOB_reply_func
 .text.SingleDetection_brdcst_func
                0x800021f0       0x1c src/Application/app/app.o
                0x800021f0                SingleDetection_brdcst_func
 .text.ButtonConfig_brdcst_func
                0x8000220c       0xdc src/Application/app/app.o
                0x8000220c                ButtonConfig_brdcst_func
 .text.Phyuserinput_brdcst_func
                0x800022e8       0x44 src/Application/app/app.o
                0x800022e8                Phyuserinput_brdcst_func
 .text.ButtonConfig_reply_func
                0x8000232c       0x44 src/Application/app/app.o
                0x8000232c                ButtonConfig_reply_func
 .text.DataSession_reply_func
                0x80002370       0x7c src/Application/app/app.o
                0x80002370                DataSession_reply_func
 .text.CallControl_brdcst_func
                0x800023ec       0x44 src/Application/app/app.o
                0x800023ec                CallControl_brdcst_func
 .text.TransmitControl_brdcst_func
                0x80002430       0x48 src/Application/app/app.o
                0x80002430                TransmitControl_brdcst_func
 .text.TransmitControl_reply_func
                0x80002478       0x60 src/Application/app/app.o
                0x80002478                TransmitControl_reply_func
 .text.AudioRoutingControl_reply_func
                0x800024d8       0x28 src/Application/app/app.o
                0x800024d8                AudioRoutingControl_reply_func
 .text.Volume_reply_func
                0x80002500       0x64 src/Application/app/app.o
                0x80002500                Volume_reply_func
 .text.spk_brdcst_func
                0x80002564       0x38 src/Application/app/app.o
                0x80002564                spk_brdcst_func
 .text.spk_reply_func
                0x8000259c       0x48 src/Application/app/app.o
                0x8000259c                spk_reply_func
 .text.mic_brdcst_func
                0x800025e4       0x58 src/Application/app/app.o
                0x800025e4                mic_brdcst_func
 .text.mic_reply_func
                0x8000263c       0x94 src/Application/app/app.o
                0x8000263c                mic_reply_func
 .text.dcm_brdcst_func
                0x800026d0       0x48 src/Application/app/app.o
                0x800026d0                dcm_brdcst_func
 .text.dcm_reply_func
                0x80002718       0x68 src/Application/app/app.o
                0x80002718                dcm_reply_func
 .text.ToneControl_reply_func
                0x80002780       0x28 src/Application/app/app.o
                0x80002780                ToneControl_reply_func
 .text.DataSession_brdcst_func
                0x800027a8       0xd8 src/Application/app/app.o
                0x800027a8                DataSession_brdcst_func
 .text.DeviceInitializationStatus_brdcst_func
                0x80002880       0x38 src/Application/app/app.o
                0x80002880                DeviceInitializationStatus_brdcst_func
 .text.send_flash_command
                0x800028b8      0x1bc src/Application/flash/data_flash.o
                0x800028b8                send_flash_command
 .text.data_flash_read_block
                0x80002a74       0x38 src/Application/flash/data_flash.o
                0x80002a74                data_flash_read_block
 .text.data_flash_write_page
                0x80002aac       0x9c src/Application/flash/data_flash.o
                0x80002aac                data_flash_write_page
 .text.data_flash_write_block
                0x80002b48       0xc0 src/Application/flash/data_flash.o
                0x80002b48                data_flash_write_block
 .text.data_flash_erase_block
                0x80002c08       0x9c src/Application/flash/data_flash.o
                0x80002c08                data_flash_erase_block
 .text.data_flash_write
                0x80002ca4       0xf0 src/Application/flash/data_flash.o
                0x80002ca4                data_flash_write
 .text.data_flash_init
                0x80002d94      0x148 src/Application/flash/data_flash.o
                0x80002d94                data_flash_init
 .text.CalculateBurst
                0x80002edc       0x1c src/Application/radio/ambe.o
                0x80002edc                CalculateBurst
 .text.payload_init
                0x80002ef8       0x38 src/Application/radio/payload.o
                0x80002ef8                payload_init
 .text.payload_rx_process
                0x80002f30       0x4c src/Application/radio/payload.o
 .text.set_idle_store_isr
                0x80002f7c       0x1c src/Application/radio/physical.o
                0x80002f7c                set_idle_store_isr
 .text.phy_rx   0x80002f98       0x38 src/Application/radio/physical.o
                0x80002f98                phy_rx
 .text.set_idle_store
                0x80002fd0       0x20 src/Application/radio/physical.o
                0x80002fd0                set_idle_store
 .text.phy_tx   0x80002ff0       0x5c src/Application/radio/physical.o
                0x80002ff0                phy_tx
 .text.get_idle_store_isr
                0x8000304c       0x28 src/Application/radio/physical.o
                0x8000304c                get_idle_store_isr
 .text.phy_tx_func
                0x80003074      0x108 src/Application/radio/physical.o
 .text.get_idle_store
                0x8000317c       0x28 src/Application/radio/physical.o
                0x8000317c                get_idle_store
 .text.phy_init
                0x800031a4       0x28 src/Application/radio/physical.o
                0x800031a4                phy_init
 .text.payload_rx
                0x800031cc       0x60 src/Application/radio/physical.o
 .text.phy_rx_func
                0x8000322c      0xf24 src/Application/radio/physical.o
 .text.pdca_int_handler
                0x80004150       0x74 src/Application/radio/ssc.o
 .text.local_start_SSC
                0x800041c4       0x44 src/Application/radio/ssc.o
                0x800041c4                local_start_SSC
 .text.local_start_PDC
                0x80004208       0x6c src/Application/radio/ssc.o
                0x80004208                local_start_PDC
 .text.register_rx_tx_func
                0x80004274       0x14 src/Application/radio/ssc.o
                0x80004274                register_rx_tx_func
 .text.ssc_init
                0x80004288       0x70 src/Application/radio/ssc.o
                0x80004288                ssc_init
 .text.xcmp_register_app_list
                0x800042f8        0xc src/Application/radio/xcmp.o
                0x800042f8                xcmp_register_app_list
 .text.xcmp_tx  0x80004304       0x48 src/Application/radio/xcmp.o
 .text.xcmp_DeviceInitializationStatus_request
                0x8000434c       0x40 src/Application/radio/xcmp.o
                0x8000434c                xcmp_DeviceInitializationStatus_request
 .text.xcmp_opcode_not_supported
                0x8000438c       0x24 src/Application/radio/xcmp.o
                0x8000438c                xcmp_opcode_not_supported
 .text.xcmp_exec_func
                0x800043b0       0x48 src/Application/radio/xcmp.o
 .text.xcmp_IdleTestTone
                0x800043f8       0x60 src/Application/radio/xcmp.o
                0x800043f8                xcmp_IdleTestTone
 .text.xcmp_init
                0x80004458       0x54 src/Application/radio/xcmp.o
                0x80004458                xcmp_init
 .text.xcmp_rx_process
                0x800044ac       0xfc src/Application/radio/xcmp.o
 .text.xcmp_rx  0x800045a8       0x4c src/Application/radio/xcmp.o
 .text.xnl_register_xcmp_func
                0x800045f4        0xc src/Application/radio/xnl.o
                0x800045f4                xnl_register_xcmp_func
 .text.xnl_get_msg_ack_func
                0x80004600       0x2c src/Application/radio/xnl.o
                0x80004600                xnl_get_msg_ack_func
 .text.xnl_init
                0x8000462c      0x12c src/Application/radio/xnl.o
                0x8000462c                xnl_init
 .text.xnl_rx_process
                0x80004758       0x60 src/Application/radio/xnl.o
 .text.xnl_tx_process
                0x800047b8       0xcc src/Application/radio/xnl.o
 .text.xnl_tx   0x80004884       0xe4 src/Application/radio/xnl.o
                0x80004884                xnl_tx
 .text.xnl_data_msg_func
                0x80004968       0x60 src/Application/radio/xnl.o
                0x80004968                xnl_data_msg_func
 .text.xnl_device_auth_reply_func
                0x800049c8      0x120 src/Application/radio/xnl.o
                0x800049c8                xnl_device_auth_reply_func
 .text.xnl_master_status_brdcst_func
                0x80004ae8       0x60 src/Application/radio/xnl.o
                0x80004ae8                xnl_master_status_brdcst_func
 .text.xnl_device_conn_reply_func
                0x80004b48       0x5c src/Application/radio/xnl.o
                0x80004b48                xnl_device_conn_reply_func
 .text.xnl_send_device_master_query
                0x80004ba4       0x30 src/Application/radio/xnl.o
                0x80004ba4                xnl_send_device_master_query
 .text.local_start_pll0
                0x80004bd4       0x50 src/Application/rtc/rtc.o
                0x80004bd4                local_start_pll0
 .text.local_start_timer
                0x80004c24       0x2c src/Application/timers/timer.o
                0x80004c24                local_start_timer
 .text.voc_init
                0x80004c50      0x1d0 src/Application/voice/voice.o
                0x80004c50                voc_init
 .text.gpio_enable_module_pin
                0x80004e20       0x52 src/ASF/avr32/drivers/gpio/gpio.o
                0x80004e20                gpio_enable_module_pin
 *fill*         0x80004e72        0x2 d703d703
 .text.gpio_enable_module
                0x80004e74       0x30 src/ASF/avr32/drivers/gpio/gpio.o
                0x80004e74                gpio_enable_module
 .text.gpio_enable_gpio_pin
                0x80004ea4       0x18 src/ASF/avr32/drivers/gpio/gpio.o
                0x80004ea4                gpio_enable_gpio_pin
 .text.gpio_set_gpio_pin
                0x80004ebc       0x1c src/ASF/avr32/drivers/gpio/gpio.o
                0x80004ebc                gpio_set_gpio_pin
 .text._unhandled_interrupt
                0x80004ed8        0x2 src/ASF/avr32/drivers/intc/intc.o
 *fill*         0x80004eda        0x2 d703d703
 .text.INTC_register_interrupt
                0x80004edc       0x80 src/ASF/avr32/drivers/intc/intc.o
                0x80004edc                INTC_register_interrupt
 .text.INTC_init_interrupts
                0x80004f5c       0x54 src/ASF/avr32/drivers/intc/intc.o
                0x80004f5c                INTC_init_interrupts
 .text._get_interrupt_handler
                0x80004fb0       0x38 src/ASF/avr32/drivers/intc/intc.o
                0x80004fb0                _get_interrupt_handler
 .text.getBaudDiv
                0x80004fe8       0x20 src/ASF/avr32/drivers/spi/spi.o
                0x80004fe8                getBaudDiv
 .text.spi_initMaster
                0x80005008       0x38 src/ASF/avr32/drivers/spi/spi.o
                0x80005008                spi_initMaster
 .text.spi_selectionMode
                0x80005040       0x2c src/ASF/avr32/drivers/spi/spi.o
                0x80005040                spi_selectionMode
 .text.spi_enable
                0x8000506c        0x6 src/ASF/avr32/drivers/spi/spi.o
                0x8000506c                spi_enable
 .text.spi_write
                0x80005072       0x1c src/ASF/avr32/drivers/spi/spi.o
                0x80005072                spi_write
 .text.spi_read
                0x8000508e       0x20 src/ASF/avr32/drivers/spi/spi.o
                0x8000508e                spi_read
 *fill*         0x800050ae        0x2 d703d703
 .text.spi_setupChipReg
                0x800050b0       0xe8 src/ASF/avr32/drivers/spi/spi.o
                0x800050b0                spi_setupChipReg
 .text.spi_unselectChip
                0x80005198       0x40 src/ASF/avr32/drivers/spi/spi.o
                0x80005198                spi_unselectChip
 .text.spi_selectChip
                0x800051d8       0x78 src/ASF/avr32/drivers/spi/spi.o
                0x800051d8                spi_selectChip
 .text.usart_set_async_baudrate
                0x80005250       0x5a src/ASF/avr32/drivers/usart/usart.o
 .text.usart_write_char
                0x800052aa       0x14 src/ASF/avr32/drivers/usart/usart.o
                0x800052aa                usart_write_char
 *fill*         0x800052be        0x2 d703d703
 .text.usart_putchar
                0x800052c0       0x2c src/ASF/avr32/drivers/usart/usart.o
                0x800052c0                usart_putchar
 .text.usart_read_char
                0x800052ec       0x22 src/ASF/avr32/drivers/usart/usart.o
                0x800052ec                usart_read_char
 *fill*         0x8000530e        0x2 d703d703
 .text.usart_getchar
                0x80005310       0x2c src/ASF/avr32/drivers/usart/usart.o
                0x80005310                usart_getchar
 .text.usart_write_line
                0x8000533c       0x24 src/ASF/avr32/drivers/usart/usart.o
                0x8000533c                usart_write_line
 .text.usart_reset
                0x80005360       0x2c src/ASF/avr32/drivers/usart/usart.o
                0x80005360                usart_reset
 .text.usart_init_rs232
                0x8000538c       0xcc src/ASF/avr32/drivers/usart/usart.o
                0x8000538c                usart_init_rs232
 .text._stext   0x80005458       0x40 src/ASF/avr32/utils/startup/startup_uc3.o
                                 0x50 (size before relaxing)
                0x80005458                _stext
 .text.vListInitialise
                0x80005498       0x14 src/ASF/thirdparty/freertos/freertos-7.0.0/source/list.o
                0x80005498                vListInitialise
 .text.vListInitialiseItem
                0x800054ac        0x6 src/ASF/thirdparty/freertos/freertos-7.0.0/source/list.o
                0x800054ac                vListInitialiseItem
 .text.vListInsertEnd
                0x800054b2       0x1c src/ASF/thirdparty/freertos/freertos-7.0.0/source/list.o
                0x800054b2                vListInsertEnd
 .text.vListInsert
                0x800054ce       0x34 src/ASF/thirdparty/freertos/freertos-7.0.0/source/list.o
                0x800054ce                vListInsert
 .text.vListRemove
                0x80005502       0x26 src/ASF/thirdparty/freertos/freertos-7.0.0/source/list.o
                0x80005502                vListRemove
 .text.pxPortInitialiseStack
                0x80005528       0x92 src/ASF/thirdparty/freertos/freertos-7.0.0/source/portable/gcc/avr32_uc3/port.o
                0x80005528                pxPortInitialiseStack
 *fill*         0x800055ba        0x2 d703d703
 .text.vPortEnterCritical
                0x800055bc       0x10 src/ASF/thirdparty/freertos/freertos-7.0.0/source/portable/gcc/avr32_uc3/port.o
                0x800055bc                vPortEnterCritical
 .text.xPortStartScheduler
                0x800055cc       0x58 src/ASF/thirdparty/freertos/freertos-7.0.0/source/portable/gcc/avr32_uc3/port.o
                0x800055cc                xPortStartScheduler
 .text.SCALLYield
                0x80005624       0x98 src/ASF/thirdparty/freertos/freertos-7.0.0/source/portable/gcc/avr32_uc3/port.o
                0x80005624                SCALLYield
 .text.prvClearCcInt
                0x800056bc        0xa src/ASF/thirdparty/freertos/freertos-7.0.0/source/portable/gcc/avr32_uc3/port.o
 *fill*         0x800056c6        0x2 d703d703
 .text.vPortExitCritical
                0x800056c8       0x20 src/ASF/thirdparty/freertos/freertos-7.0.0/source/portable/gcc/avr32_uc3/port.o
                0x800056c8                vPortExitCritical
 .text.vTick    0x800056e8       0x84 src/ASF/thirdparty/freertos/freertos-7.0.0/source/portable/gcc/avr32_uc3/port.o
 .text.__malloc_lock
                0x8000576c        0xc src/ASF/thirdparty/freertos/freertos-7.0.0/source/portable/gcc/avr32_uc3/port.o
                0x8000576c                __malloc_lock
 .text.__malloc_unlock
                0x80005778        0xc src/ASF/thirdparty/freertos/freertos-7.0.0/source/portable/gcc/avr32_uc3/port.o
                0x80005778                __malloc_unlock
 .text._read    0x80005784       0x40 src/ASF/thirdparty/freertos/freertos-7.0.0/source/portable/gcc/avr32_uc3/read.o
                0x80005784                _read
 .text._write   0x800057c4       0x3c src/ASF/thirdparty/freertos/freertos-7.0.0/source/portable/gcc/avr32_uc3/write.o
                0x800057c4                _write
 .text.vPortFree
                0x80005800       0x28 src/ASF/thirdparty/freertos/freertos-7.0.0/source/portable/memmang/heap_3.o
                0x80005800                vPortFree
 .text.pvPortMalloc
                0x80005828       0x28 src/ASF/thirdparty/freertos/freertos-7.0.0/source/portable/memmang/heap_3.o
                0x80005828                pvPortMalloc
 .text.prvCopyDataFromQueue
                0x80005850       0x30 src/ASF/thirdparty/freertos/freertos-7.0.0/source/queue.o
 .text.xQueueReceiveFromISR
                0x80005880       0x50 src/ASF/thirdparty/freertos/freertos-7.0.0/source/queue.o
                0x80005880                xQueueReceiveFromISR
 .text.prvUnlockQueue
                0x800058d0       0xa0 src/ASF/thirdparty/freertos/freertos-7.0.0/source/queue.o
 .text.xQueueGenericReceive
                0x80005970      0x144 src/ASF/thirdparty/freertos/freertos-7.0.0/source/queue.o
                0x80005970                xQueueGenericReceive
 .text.prvCopyDataToQueue
                0x80005ab4       0x78 src/ASF/thirdparty/freertos/freertos-7.0.0/source/queue.o
 .text.xQueueGenericSendFromISR
                0x80005b2c       0x50 src/ASF/thirdparty/freertos/freertos-7.0.0/source/queue.o
                0x80005b2c                xQueueGenericSendFromISR
 .text.xQueueGenericSend
                0x80005b7c      0x100 src/ASF/thirdparty/freertos/freertos-7.0.0/source/queue.o
                0x80005b7c                xQueueGenericSend
 .text.xQueueCreate
                0x80005c7c       0x74 src/ASF/thirdparty/freertos/freertos-7.0.0/source/queue.o
                0x80005c7c                xQueueCreate
 .text.vTaskSuspendAll
                0x80005cf0       0x10 src/ASF/thirdparty/freertos/freertos-7.0.0/source/tasks.o
                0x80005cf0                vTaskSuspendAll
 .text.vTaskSwitchContext
                0x80005d00       0x7c src/ASF/thirdparty/freertos/freertos-7.0.0/source/tasks.o
                0x80005d00                vTaskSwitchContext
 .text.vTaskSetTimeOutState
                0x80005d7c       0x18 src/ASF/thirdparty/freertos/freertos-7.0.0/source/tasks.o
                0x80005d7c                vTaskSetTimeOutState
 .text.vTaskMissedYield
                0x80005d94        0xc src/ASF/thirdparty/freertos/freertos-7.0.0/source/tasks.o
                0x80005d94                vTaskMissedYield
 .text.xTaskGetCurrentTaskHandle
                0x80005da0        0xc src/ASF/thirdparty/freertos/freertos-7.0.0/source/tasks.o
                0x80005da0                xTaskGetCurrentTaskHandle
 .text.vTaskPriorityDisinherit
                0x80005dac       0x58 src/ASF/thirdparty/freertos/freertos-7.0.0/source/tasks.o
                0x80005dac                vTaskPriorityDisinherit
 .text.vTaskPriorityInherit
                0x80005e04       0x84 src/ASF/thirdparty/freertos/freertos-7.0.0/source/tasks.o
                0x80005e04                vTaskPriorityInherit
 .text.xTaskRemoveFromEventList
                0x80005e88       0x7c src/ASF/thirdparty/freertos/freertos-7.0.0/source/tasks.o
                0x80005e88                xTaskRemoveFromEventList
 .text.vTaskIncrementTick
                0x80005f04      0x114 src/ASF/thirdparty/freertos/freertos-7.0.0/source/tasks.o
                0x80005f04                vTaskIncrementTick
 .text.xTaskCheckForTimeOut
                0x80006018       0x70 src/ASF/thirdparty/freertos/freertos-7.0.0/source/tasks.o
                0x80006018                xTaskCheckForTimeOut
 .text.xTaskGetTickCount
                0x80006088       0x24 src/ASF/thirdparty/freertos/freertos-7.0.0/source/tasks.o
                0x80006088                xTaskGetTickCount
 .text.xTaskResumeAll
                0x800060ac       0xe8 src/ASF/thirdparty/freertos/freertos-7.0.0/source/tasks.o
                0x800060ac                xTaskResumeAll
 .text.prvAddCurrentTaskToDelayedList
                0x80006194       0x5c src/ASF/thirdparty/freertos/freertos-7.0.0/source/tasks.o
 .text.vTaskDelayUntil
                0x800061f0       0x80 src/ASF/thirdparty/freertos/freertos-7.0.0/source/tasks.o
                0x800061f0                vTaskDelayUntil
 .text.vTaskPlaceOnEventList
                0x80006270       0x58 src/ASF/thirdparty/freertos/freertos-7.0.0/source/tasks.o
                0x80006270                vTaskPlaceOnEventList
 .text.prvIdleTask
                0x800062c8       0x88 src/ASF/thirdparty/freertos/freertos-7.0.0/source/tasks.o
 .text.xTaskGenericCreate
                0x80006350      0x1e8 src/ASF/thirdparty/freertos/freertos-7.0.0/source/tasks.o
                0x80006350                xTaskGenericCreate
 .text.vTaskStartScheduler
                0x80006538       0x4c src/ASF/thirdparty/freertos/freertos-7.0.0/source/tasks.o
                0x80006538                vTaskStartScheduler
 .text.PrintChar
                0x80006584        0x4 src/Log/log.o
                0x80006584                PrintChar
 .text.PrintHex
                0x80006588       0xb2 src/Log/log.o
                0x80006588                PrintHex
 .text.PrintDec
                0x8000663a       0xda src/Log/log.o
                0x8000663a                PrintDec
 .text.log      0x80006714      0x18c src/Log/log.o
                0x80006714                log
 .text.logFromISR
                0x800068a0      0x180 src/Log/log.o
                0x800068a0                logFromISR
 .text.log_init
                0x80006a20       0x68 src/Log/log.o
                0x80006a20                log_init
 .text.task_log
                0x80006a88       0x44 src/Log/log.o
 .text.main     0x80006acc       0x68 src/main.o
                0x80006acc                main
 .text.free     0x80006b34       0x10 e:/program x86/atmel/studio/7.0/toolchain/avr32/avr32-gnu-toolchain/bin/../lib/gcc/avr32/4.4.7/../../../../avr32/lib/ucr2\libc.a(lib_a-malloc.o)
                                 0x18 (size before relaxing)
                0x80006b34                free
 .text.malloc   0x80006b44       0x10 e:/program x86/atmel/studio/7.0/toolchain/avr32/avr32-gnu-toolchain/bin/../lib/gcc/avr32/4.4.7/../../../../avr32/lib/ucr2\libc.a(lib_a-malloc.o)
                                 0x18 (size before relaxing)
                0x80006b44                malloc
 .text._malloc_r
                0x80006b54      0x438 e:/program x86/atmel/studio/7.0/toolchain/avr32/avr32-gnu-toolchain/bin/../lib/gcc/avr32/4.4.7/../../../../avr32/lib/ucr2\libc.a(lib_a-mallocr.o)
                                0x450 (size before relaxing)
                0x80006b54                _malloc_r
 .text.memcmp   0x80006f8c       0x26 e:/program x86/atmel/studio/7.0/toolchain/avr32/avr32-gnu-toolchain/bin/../lib/gcc/avr32/4.4.7/../../../../avr32/lib/ucr2\libc.a(lib_a-memcmp.o)
                0x80006f8c                memcmp
 .text          0x80006fb2      0x148 e:/program x86/atmel/studio/7.0/toolchain/avr32/avr32-gnu-toolchain/bin/../lib/gcc/avr32/4.4.7/../../../../avr32/lib/ucr2\libc.a(lib_a-memcpy.o)
                0x80006fb2                memcpy
 .text.memset   0x800070fa        0xe e:/program x86/atmel/studio/7.0/toolchain/avr32/avr32-gnu-toolchain/bin/../lib/gcc/avr32/4.4.7/../../../../avr32/lib/ucr2\libc.a(lib_a-memset.o)
                0x800070fa                memset
 .text._realloc_r
                0x80007108      0x2c0 e:/program x86/atmel/studio/7.0/toolchain/avr32/avr32-gnu-toolchain/bin/../lib/gcc/avr32/4.4.7/../../../../avr32/lib/ucr2\libc.a(lib_a-reallocr.o)
                                0x2e0 (size before relaxing)
                0x80007108                _realloc_r
 .text._sbrk_r  0x800073c8       0x20 e:/program x86/atmel/studio/7.0/toolchain/avr32/avr32-gnu-toolchain/bin/../lib/gcc/avr32/4.4.7/../../../../avr32/lib/ucr2\libc.a(lib_a-sbrkr.o)
                                 0x28 (size before relaxing)
                0x800073c8                _sbrk_r
 .text.sprintf  0x800073e8       0x3c e:/program x86/atmel/studio/7.0/toolchain/avr32/avr32-gnu-toolchain/bin/../lib/gcc/avr32/4.4.7/../../../../avr32/lib/ucr2\libc.a(lib_a-sprintf.o)
                                 0x40 (size before relaxing)
                0x800073e8                sprintf
 .text          0x80007424       0x20 e:/program x86/atmel/studio/7.0/toolchain/avr32/avr32-gnu-toolchain/bin/../lib/gcc/avr32/4.4.7/../../../../avr32/lib/ucr2\libc.a(lib_a-strncpy.o)
                0x80007424                strncpy
 .text._close   0x80007444       0x14 e:/program x86/atmel/studio/7.0/toolchain/avr32/avr32-gnu-toolchain/bin/../lib/gcc/avr32/4.4.7/../../../../avr32/lib/ucr2\libc.a(lib_a-syscalls.o)
                                 0x18 (size before relaxing)
                0x80007444                _close
 .text._lseek   0x80007458       0x14 e:/program x86/atmel/studio/7.0/toolchain/avr32/avr32-gnu-toolchain/bin/../lib/gcc/avr32/4.4.7/../../../../avr32/lib/ucr2\libc.a(lib_a-syscalls.o)
                                 0x18 (size before relaxing)
                0x80007458                _lseek
 .text.isatty   0x8000746c       0x14 e:/program x86/atmel/studio/7.0/toolchain/avr32/avr32-gnu-toolchain/bin/../lib/gcc/avr32/4.4.7/../../../../avr32/lib/ucr2\libc.a(lib_a-syscalls.o)
                                 0x18 (size before relaxing)
                0x8000746c                isatty
 .text._fstat_host
                0x80007480       0x14 e:/program x86/atmel/studio/7.0/toolchain/avr32/avr32-gnu-toolchain/bin/../lib/gcc/avr32/4.4.7/../../../../avr32/lib/ucr2\libc.a(lib_a-syscalls.o)
                                 0x18 (size before relaxing)
                0x80007480                _fstat_host
 .text._fstat   0x80007494       0x4c e:/program x86/atmel/studio/7.0/toolchain/avr32/avr32-gnu-toolchain/bin/../lib/gcc/avr32/4.4.7/../../../../avr32/lib/ucr2\libc.a(lib_a-syscalls.o)
                                 0x50 (size before relaxing)
                0x80007494                _fstat
 .text._sbrk    0x800074e0       0x38 e:/program x86/atmel/studio/7.0/toolchain/avr32/avr32-gnu-toolchain/bin/../lib/gcc/avr32/4.4.7/../../../../avr32/lib/ucr2\libc.a(lib_a-syscalls.o)
                                 0x40 (size before relaxing)
                0x800074e0                _sbrk
 .text.get_arg  0x80007518      0x314 e:/program x86/atmel/studio/7.0/toolchain/avr32/avr32-gnu-toolchain/bin/../lib/gcc/avr32/4.4.7/../../../../avr32/lib/ucr2\libc.a(lib_a-vfprintf.o)
                                0x324 (size before relaxing)
 .text.__sprint_r
                0x8000782c       0x1c e:/program x86/atmel/studio/7.0/toolchain/avr32/avr32-gnu-toolchain/bin/../lib/gcc/avr32/4.4.7/../../../../avr32/lib/ucr2\libc.a(lib_a-vfprintf.o)
                                 0x20 (size before relaxing)
 .text._vfprintf_r
                0x80007848     0x1f14 e:/program x86/atmel/studio/7.0/toolchain/avr32/avr32-gnu-toolchain/bin/../lib/gcc/avr32/4.4.7/../../../../avr32/lib/ucr2\libc.a(lib_a-vfprintf.o)
                               0x1f9c (size before relaxing)
                0x80007848                _vfprintf_r
 .text.__swsetup_r
                0x8000975c       0xdc e:/program x86/atmel/studio/7.0/toolchain/avr32/avr32-gnu-toolchain/bin/../lib/gcc/avr32/4.4.7/../../../../avr32/lib/ucr2\libc.a(lib_a-wsetup.o)
                                 0xe8 (size before relaxing)
                0x8000975c                __swsetup_r
 .text.quorem   0x80009838      0x120 e:/program x86/atmel/studio/7.0/toolchain/avr32/avr32-gnu-toolchain/bin/../lib/gcc/avr32/4.4.7/../../../../avr32/lib/ucr2\libc.a(lib_a-dtoa.o)
                                0x124 (size before relaxing)
 .text._dtoa_r  0x80009958      0xbdc e:/program x86/atmel/studio/7.0/toolchain/avr32/avr32-gnu-toolchain/bin/../lib/gcc/avr32/4.4.7/../../../../avr32/lib/ucr2\libc.a(lib_a-dtoa.o)
                                0xc90 (size before relaxing)
                0x80009958                _dtoa_r
 .text.__errno  0x8000a534        0xc e:/program x86/atmel/studio/7.0/toolchain/avr32/avr32-gnu-toolchain/bin/../lib/gcc/avr32/4.4.7/../../../../avr32/lib/ucr2\libc.a(lib_a-errno.o)
                0x8000a534                __errno
 .text._fflush_r
                0x8000a540      0x10c e:/program x86/atmel/studio/7.0/toolchain/avr32/avr32-gnu-toolchain/bin/../lib/gcc/avr32/4.4.7/../../../../avr32/lib/ucr2\libc.a(lib_a-fflush.o)
                                0x118 (size before relaxing)
                0x8000a540                _fflush_r
 .text.__sfp_lock_acquire
                0x8000a64c        0x2 e:/program x86/atmel/studio/7.0/toolchain/avr32/avr32-gnu-toolchain/bin/../lib/gcc/avr32/4.4.7/../../../../avr32/lib/ucr2\libc.a(lib_a-findfp.o)
                0x8000a64c                __sfp_lock_acquire
 .text.__sfp_lock_release
                0x8000a64e        0x2 e:/program x86/atmel/studio/7.0/toolchain/avr32/avr32-gnu-toolchain/bin/../lib/gcc/avr32/4.4.7/../../../../avr32/lib/ucr2\libc.a(lib_a-findfp.o)
                0x8000a64e                __sfp_lock_release
 .text._cleanup_r
                0x8000a650        0xc e:/program x86/atmel/studio/7.0/toolchain/avr32/avr32-gnu-toolchain/bin/../lib/gcc/avr32/4.4.7/../../../../avr32/lib/ucr2\libc.a(lib_a-findfp.o)
                                 0x14 (size before relaxing)
                0x8000a650                _cleanup_r
 .text.__sfmoreglue
                0x8000a65c       0x28 e:/program x86/atmel/studio/7.0/toolchain/avr32/avr32-gnu-toolchain/bin/../lib/gcc/avr32/4.4.7/../../../../avr32/lib/ucr2\libc.a(lib_a-findfp.o)
                                 0x30 (size before relaxing)
                0x8000a65c                __sfmoreglue
 .text.__sfp    0x8000a684       0x6c e:/program x86/atmel/studio/7.0/toolchain/avr32/avr32-gnu-toolchain/bin/../lib/gcc/avr32/4.4.7/../../../../avr32/lib/ucr2\libc.a(lib_a-findfp.o)
                                 0x7c (size before relaxing)
                0x8000a684                __sfp
 .text.__sinit  0x8000a6f0       0x9c e:/program x86/atmel/studio/7.0/toolchain/avr32/avr32-gnu-toolchain/bin/../lib/gcc/avr32/4.4.7/../../../../avr32/lib/ucr2\libc.a(lib_a-findfp.o)
                                 0xb0 (size before relaxing)
                0x8000a6f0                __sinit
 .text._malloc_trim_r
                0x8000a78c       0x98 e:/program x86/atmel/studio/7.0/toolchain/avr32/avr32-gnu-toolchain/bin/../lib/gcc/avr32/4.4.7/../../../../avr32/lib/ucr2\libc.a(lib_a-freer.o)
                                 0xa8 (size before relaxing)
                0x8000a78c                _malloc_trim_r
 .text._free_r  0x8000a824      0x18c e:/program x86/atmel/studio/7.0/toolchain/avr32/avr32-gnu-toolchain/bin/../lib/gcc/avr32/4.4.7/../../../../avr32/lib/ucr2\libc.a(lib_a-freer.o)
                                0x1a0 (size before relaxing)
                0x8000a824                _free_r
 .text.__sfvwrite_r
                0x8000a9b0      0x294 e:/program x86/atmel/studio/7.0/toolchain/avr32/avr32-gnu-toolchain/bin/../lib/gcc/avr32/4.4.7/../../../../avr32/lib/ucr2\libc.a(lib_a-fvwrite.o)
                                0x2c4 (size before relaxing)
                0x8000a9b0                __sfvwrite_r
 .text._fwalk   0x8000ac44       0x4c e:/program x86/atmel/studio/7.0/toolchain/avr32/avr32-gnu-toolchain/bin/../lib/gcc/avr32/4.4.7/../../../../avr32/lib/ucr2\libc.a(lib_a-fwalk.o)
                                 0x54 (size before relaxing)
                0x8000ac44                _fwalk
 .text._localeconv_r
                0x8000ac90        0x8 e:/program x86/atmel/studio/7.0/toolchain/avr32/avr32-gnu-toolchain/bin/../lib/gcc/avr32/4.4.7/../../../../avr32/lib/ucr2\libc.a(lib_a-locale.o)
                0x8000ac90                _localeconv_r
 .text.__smakebuf_r
                0x8000ac98       0xbc e:/program x86/atmel/studio/7.0/toolchain/avr32/avr32-gnu-toolchain/bin/../lib/gcc/avr32/4.4.7/../../../../avr32/lib/ucr2\libc.a(lib_a-makebuf.o)
                                 0xcc (size before relaxing)
                0x8000ac98                __smakebuf_r
 .text.memchr   0x8000ad54       0x16 e:/program x86/atmel/studio/7.0/toolchain/avr32/avr32-gnu-toolchain/bin/../lib/gcc/avr32/4.4.7/../../../../avr32/lib/ucr2\libc.a(lib_a-memchr.o)
                0x8000ad54                memchr
 .text.memmove  0x8000ad6a       0x3e e:/program x86/atmel/studio/7.0/toolchain/avr32/avr32-gnu-toolchain/bin/../lib/gcc/avr32/4.4.7/../../../../avr32/lib/ucr2\libc.a(lib_a-memmove.o)
                0x8000ad6a                memmove
 .text.__hi0bits
                0x8000ada8       0x60 e:/program x86/atmel/studio/7.0/toolchain/avr32/avr32-gnu-toolchain/bin/../lib/gcc/avr32/4.4.7/../../../../avr32/lib/ucr2\libc.a(lib_a-mprec.o)
                0x8000ada8                __hi0bits
 .text.__lo0bits
                0x8000ae08       0x8e e:/program x86/atmel/studio/7.0/toolchain/avr32/avr32-gnu-toolchain/bin/../lib/gcc/avr32/4.4.7/../../../../avr32/lib/ucr2\libc.a(lib_a-mprec.o)
                0x8000ae08                __lo0bits
 .text.__mcmp   0x8000ae96       0x32 e:/program x86/atmel/studio/7.0/toolchain/avr32/avr32-gnu-toolchain/bin/../lib/gcc/avr32/4.4.7/../../../../avr32/lib/ucr2\libc.a(lib_a-mprec.o)
                0x8000ae96                __mcmp
 .text._Bfree   0x8000aec8       0x34 e:/program x86/atmel/studio/7.0/toolchain/avr32/avr32-gnu-toolchain/bin/../lib/gcc/avr32/4.4.7/../../../../avr32/lib/ucr2\libc.a(lib_a-mprec.o)
                                 0x38 (size before relaxing)
                0x8000aec8                _Bfree
 .text._Balloc  0x8000aefc       0x70 e:/program x86/atmel/studio/7.0/toolchain/avr32/avr32-gnu-toolchain/bin/../lib/gcc/avr32/4.4.7/../../../../avr32/lib/ucr2\libc.a(lib_a-mprec.o)
                                 0x78 (size before relaxing)
                0x8000aefc                _Balloc
 .text.__d2b    0x8000af6c       0xa0 e:/program x86/atmel/studio/7.0/toolchain/avr32/avr32-gnu-toolchain/bin/../lib/gcc/avr32/4.4.7/../../../../avr32/lib/ucr2\libc.a(lib_a-mprec.o)
                                 0xb4 (size before relaxing)
                0x8000af6c                __d2b
 .text.__mdiff  0x8000b00c       0xd0 e:/program x86/atmel/studio/7.0/toolchain/avr32/avr32-gnu-toolchain/bin/../lib/gcc/avr32/4.4.7/../../../../avr32/lib/ucr2\libc.a(lib_a-mprec.o)
                                 0xd8 (size before relaxing)
                0x8000b00c                __mdiff
 .text.__lshift
                0x8000b0dc       0x88 e:/program x86/atmel/studio/7.0/toolchain/avr32/avr32-gnu-toolchain/bin/../lib/gcc/avr32/4.4.7/../../../../avr32/lib/ucr2\libc.a(lib_a-mprec.o)
                                 0x94 (size before relaxing)
                0x8000b0dc                __lshift
 .text.__multiply
                0x8000b164      0x100 e:/program x86/atmel/studio/7.0/toolchain/avr32/avr32-gnu-toolchain/bin/../lib/gcc/avr32/4.4.7/../../../../avr32/lib/ucr2\libc.a(lib_a-mprec.o)
                                0x108 (size before relaxing)
                0x8000b164                __multiply
 .text.__i2b    0x8000b264       0x10 e:/program x86/atmel/studio/7.0/toolchain/avr32/avr32-gnu-toolchain/bin/../lib/gcc/avr32/4.4.7/../../../../avr32/lib/ucr2\libc.a(lib_a-mprec.o)
                                 0x18 (size before relaxing)
                0x8000b264                __i2b
 .text.__multadd
                0x8000b274       0x7c e:/program x86/atmel/studio/7.0/toolchain/avr32/avr32-gnu-toolchain/bin/../lib/gcc/avr32/4.4.7/../../../../avr32/lib/ucr2\libc.a(lib_a-mprec.o)
                                 0x88 (size before relaxing)
                0x8000b274                __multadd
 .text.__pow5mult
                0x8000b2f0       0x8c e:/program x86/atmel/studio/7.0/toolchain/avr32/avr32-gnu-toolchain/bin/../lib/gcc/avr32/4.4.7/../../../../avr32/lib/ucr2\libc.a(lib_a-mprec.o)
                                 0xac (size before relaxing)
                0x8000b2f0                __pow5mult
 .text.__isinfd
                0x8000b37c       0x2a e:/program x86/atmel/studio/7.0/toolchain/avr32/avr32-gnu-toolchain/bin/../lib/gcc/avr32/4.4.7/../../../../avr32/lib/ucr2\libc.a(lib_a-s_isinfd.o)
                0x8000b37c                __isinfd
 .text.__isnand
                0x8000b3a6       0x1c e:/program x86/atmel/studio/7.0/toolchain/avr32/avr32-gnu-toolchain/bin/../lib/gcc/avr32/4.4.7/../../../../avr32/lib/ucr2\libc.a(lib_a-s_isnand.o)
                0x8000b3a6                __isnand
 *fill*         0x8000b3c2        0x2 d703d703
 .text.__sclose
                0x8000b3c4        0x8 e:/program x86/atmel/studio/7.0/toolchain/avr32/avr32-gnu-toolchain/bin/../lib/gcc/avr32/4.4.7/../../../../avr32/lib/ucr2\libc.a(lib_a-stdio.o)
                                 0x10 (size before relaxing)
                0x8000b3c4                __sclose
 .text.__sseek  0x8000b3cc       0x20 e:/program x86/atmel/studio/7.0/toolchain/avr32/avr32-gnu-toolchain/bin/../lib/gcc/avr32/4.4.7/../../../../avr32/lib/ucr2\libc.a(lib_a-stdio.o)
                                 0x28 (size before relaxing)
                0x8000b3cc                __sseek
 .text.__swrite
                0x8000b3ec       0x2c e:/program x86/atmel/studio/7.0/toolchain/avr32/avr32-gnu-toolchain/bin/../lib/gcc/avr32/4.4.7/../../../../avr32/lib/ucr2\libc.a(lib_a-stdio.o)
                                 0x38 (size before relaxing)
                0x8000b3ec                __swrite
 .text.__sread  0x8000b418       0x1c e:/program x86/atmel/studio/7.0/toolchain/avr32/avr32-gnu-toolchain/bin/../lib/gcc/avr32/4.4.7/../../../../avr32/lib/ucr2\libc.a(lib_a-stdio.o)
                                 0x24 (size before relaxing)
                0x8000b418                __sread
 .text.strlen   0x8000b434       0x16 e:/program x86/atmel/studio/7.0/toolchain/avr32/avr32-gnu-toolchain/bin/../lib/gcc/avr32/4.4.7/../../../../avr32/lib/ucr2\libc.a(lib_a-strlen.o)
                0x8000b434                strlen
 *fill*         0x8000b44a        0x2 d703d703
 .text._write_r
                0x8000b44c       0x28 e:/program x86/atmel/studio/7.0/toolchain/avr32/avr32-gnu-toolchain/bin/../lib/gcc/avr32/4.4.7/../../../../avr32/lib/ucr2\libc.a(lib_a-writer.o)
                                 0x2c (size before relaxing)
                0x8000b44c                _write_r
 .text._calloc_r
                0x8000b474       0x58 e:/program x86/atmel/studio/7.0/toolchain/avr32/avr32-gnu-toolchain/bin/../lib/gcc/avr32/4.4.7/../../../../avr32/lib/ucr2\libc.a(lib_a-callocr.o)
                                 0x60 (size before relaxing)
                0x8000b474                _calloc_r
 .text._close_r
                0x8000b4cc       0x20 e:/program x86/atmel/studio/7.0/toolchain/avr32/avr32-gnu-toolchain/bin/../lib/gcc/avr32/4.4.7/../../../../avr32/lib/ucr2\libc.a(lib_a-closer.o)
                                 0x28 (size before relaxing)
                0x8000b4cc                _close_r
 .text._fclose_r
                0x8000b4ec       0xb8 e:/program x86/atmel/studio/7.0/toolchain/avr32/avr32-gnu-toolchain/bin/../lib/gcc/avr32/4.4.7/../../../../avr32/lib/ucr2\libc.a(lib_a-fclose.o)
                                 0xd0 (size before relaxing)
                0x8000b4ec                _fclose_r
 .text.fclose   0x8000b5a4       0x10 e:/program x86/atmel/studio/7.0/toolchain/avr32/avr32-gnu-toolchain/bin/../lib/gcc/avr32/4.4.7/../../../../avr32/lib/ucr2\libc.a(lib_a-fclose.o)
                                 0x18 (size before relaxing)
                0x8000b5a4                fclose
 .text._fstat_r
                0x8000b5b4       0x24 e:/program x86/atmel/studio/7.0/toolchain/avr32/avr32-gnu-toolchain/bin/../lib/gcc/avr32/4.4.7/../../../../avr32/lib/ucr2\libc.a(lib_a-fstatr.o)
                                 0x2c (size before relaxing)
                0x8000b5b4                _fstat_r
 .text._lseek_r
                0x8000b5d8       0x28 e:/program x86/atmel/studio/7.0/toolchain/avr32/avr32-gnu-toolchain/bin/../lib/gcc/avr32/4.4.7/../../../../avr32/lib/ucr2\libc.a(lib_a-lseekr.o)
                                 0x2c (size before relaxing)
                0x8000b5d8                _lseek_r
 .text._read_r  0x8000b600       0x28 e:/program x86/atmel/studio/7.0/toolchain/avr32/avr32-gnu-toolchain/bin/../lib/gcc/avr32/4.4.7/../../../../avr32/lib/ucr2\libc.a(lib_a-readr.o)
                                 0x2c (size before relaxing)
                0x8000b600                _read_r
 .text          0x8000b628      0x1d4 e:/program x86/atmel/studio/7.0/toolchain/avr32/avr32-gnu-toolchain/bin/../lib/gcc/avr32/4.4.7/ucr2\libgcc.a(_avr32_f64_mul.o)
                0x8000b628                __avr32_f64_mul
 .text          0x8000b7fc      0x2b0 e:/program x86/atmel/studio/7.0/toolchain/avr32/avr32-gnu-toolchain/bin/../lib/gcc/avr32/4.4.7/ucr2\libgcc.a(_avr32_f64_addsub.o)
                0x8000b800                __avr32_f64_sub
                0x8000b99c                __avr32_f64_add
 .text          0x8000baac       0x2a e:/program x86/atmel/studio/7.0/toolchain/avr32/avr32-gnu-toolchain/bin/../lib/gcc/avr32/4.4.7/ucr2\libgcc.a(_avr32_f64_to_s32.o)
                0x8000baac                __avr32_f64_to_u32
                0x8000bab0                __avr32_f64_to_s32
 .text          0x8000bad6       0xe8 e:/program x86/atmel/studio/7.0/toolchain/avr32/avr32-gnu-toolchain/bin/../lib/gcc/avr32/4.4.7/ucr2\libgcc.a(_avr32_s32_to_f64.o)
                0x8000bad6                __avr32_u32_to_f64
                0x8000bade                __avr32_s32_to_f64
 .text          0x8000bbbe       0x26 e:/program x86/atmel/studio/7.0/toolchain/avr32/avr32-gnu-toolchain/bin/../lib/gcc/avr32/4.4.7/ucr2\libgcc.a(_avr32_f64_cmp_eq.o)
                0x8000bbbe                __avr32_f64_cmp_eq
 .text          0x8000bbe4       0x68 e:/program x86/atmel/studio/7.0/toolchain/avr32/avr32-gnu-toolchain/bin/../lib/gcc/avr32/4.4.7/ucr2\libgcc.a(_avr32_f64_cmp_ge.o)
                0x8000bbe4                __avr32_f64_cmp_ge
 .text          0x8000bc4c       0x68 e:/program x86/atmel/studio/7.0/toolchain/avr32/avr32-gnu-toolchain/bin/../lib/gcc/avr32/4.4.7/ucr2\libgcc.a(_avr32_f64_cmp_lt.o)
                0x8000bc4c                __avr32_f64_cmp_lt
 .text          0x8000bcb4      0x318 e:/program x86/atmel/studio/7.0/toolchain/avr32/avr32-gnu-toolchain/bin/../lib/gcc/avr32/4.4.7/ucr2\libgcc.a(_avr32_f64_div.o)
                0x8000bcb4                __avr32_f64_div
 .text          0x8000bfcc      0x264 e:/program x86/atmel/studio/7.0/toolchain/avr32/avr32-gnu-toolchain/bin/../lib/gcc/avr32/4.4.7/ucr2\libgcc.a(_udivdi3.o)
                0x8000bfcc                __avr32_udiv64
                0x8000bfcc                __udivdi3
 .text          0x8000c230      0x20c e:/program x86/atmel/studio/7.0/toolchain/avr32/avr32-gnu-toolchain/bin/../lib/gcc/avr32/4.4.7/ucr2\libgcc.a(_umoddi3.o)
                0x8000c230                __avr32_umod64
                0x8000c230                __umoddi3
 *(.text.*personality*)
 *(.gnu.warning)

.exception      0x8000c600      0x200
 .exception     0x8000c600      0x200 src/ASF/thirdparty/freertos/freertos-7.0.0/source/portable/gcc/avr32_uc3/exception.o
                0x8000c600                _evba
                0x8000c704                _int0
                0x8000c712                _int1
                0x8000c720                _int2
                0x8000c72e                _int3
                0x8000c73c                ipr_val

.fini
 *(.fini)
                0x8000c800                PROVIDE (__etext, .)
                0x8000c800                PROVIDE (_etext, .)
                0x8000c800                PROVIDE (etext, .)

.rodata         0x8000c800     0x116c
 *(.rodata .rodata.* .gnu.linkonce.r.*)
 .rodata.str1.4
                0x8000c800      0x6af src/Application/app/app.o
                                0x6b0 (size before relaxing)
 *fill*         0x8000ceaf        0x1 
 .rodata.C.48.11267
                0x8000ceb0       0x10 src/Application/flash/data_flash.o
 .rodata.C.51.11280
                0x8000cec0        0x4 src/Application/flash/data_flash.o
 .rodata.DF_SPI_GPIO_MAP.11265
                0x8000cec4       0x20 src/Application/flash/data_flash.o
 .rodata.CSWTCH.35
                0x8000cee4       0x48 src/Application/radio/ambe.o
 .rodata.str1.4
                0x8000cf2c        0xb src/Application/radio/payload.o
                                  0xc (size before relaxing)
 *fill*         0x8000cf37        0x1 
 .rodata.str1.4
                0x8000cf38       0x48 src/Application/radio/physical.o
 .rodata.str1.4
                0x8000cf80        0x8 src/Application/radio/xcmp.o
 .rodata.str1.4
                0x8000cf88        0x7 src/Application/radio/xnl.o
                                 0x10 (size before relaxing)
 *fill*         0x8000cf8f        0x1 
 .rodata.TC_GPIO_MAP.10338
                0x8000cf90       0x18 src/Application/timers/timer.o
 .rodata.str1.4
                0x8000cfa8       0x92 src/Application/voice/voice.o
                                 0x94 (size before relaxing)
 *fill*         0x8000d03a        0x2 
 .rodata._int_handler_table
                0x8000d03c       0x98 src/ASF/avr32/drivers/intc/intc.o
 .rodata.str1.4
                0x8000d0d4        0x5 src/ASF/thirdparty/freertos/freertos-7.0.0/source/tasks.o
                                  0x8 (size before relaxing)
 *fill*         0x8000d0d9        0x3 
 .rodata.log    0x8000d0dc      0x150 src/Log/log.o
 .rodata.logFromISR
                0x8000d22c      0x150 src/Log/log.o
 .rodata.USART_OPTIONS.11277
                0x8000d37c        0xc src/Log/log.o
 .rodata.str1.4
                0x8000d388       0x3c src/Log/log.o
 .rodata.USART_GPIO_MAP.11276
                0x8000d3c4       0x10 src/Log/log.o
 .rodata.str1.4
                0x8000d3d4       0x14 src/main.o
 .rodata.get_arg
                0x8000d3e8       0x3c e:/program x86/atmel/studio/7.0/toolchain/avr32/avr32-gnu-toolchain/bin/../lib/gcc/avr32/4.4.7/../../../../avr32/lib/ucr2\libc.a(lib_a-vfprintf.o)
 .rodata._vfprintf_r
                0x8000d424      0x164 e:/program x86/atmel/studio/7.0/toolchain/avr32/avr32-gnu-toolchain/bin/../lib/gcc/avr32/4.4.7/../../../../avr32/lib/ucr2\libc.a(lib_a-vfprintf.o)
 .rodata.state_table
                0x8000d588       0x6c e:/program x86/atmel/studio/7.0/toolchain/avr32/avr32-gnu-toolchain/bin/../lib/gcc/avr32/4.4.7/../../../../avr32/lib/ucr2\libc.a(lib_a-vfprintf.o)
 .rodata.action_table
                0x8000d5f4       0x6c e:/program x86/atmel/studio/7.0/toolchain/avr32/avr32-gnu-toolchain/bin/../lib/gcc/avr32/4.4.7/../../../../avr32/lib/ucr2\libc.a(lib_a-vfprintf.o)
 .rodata.str1.4
                0x8000d660       0x3a e:/program x86/atmel/studio/7.0/toolchain/avr32/avr32-gnu-toolchain/bin/../lib/gcc/avr32/4.4.7/../../../../avr32/lib/ucr2\libc.a(lib_a-vfprintf.o)
                                 0x3c (size before relaxing)
 *fill*         0x8000d69a        0x2 
 .rodata.blanks.3430
                0x8000d69c       0x10 e:/program x86/atmel/studio/7.0/toolchain/avr32/avr32-gnu-toolchain/bin/../lib/gcc/avr32/4.4.7/../../../../avr32/lib/ucr2\libc.a(lib_a-vfprintf.o)
 .rodata.zeroes.3431
                0x8000d6ac       0x10 e:/program x86/atmel/studio/7.0/toolchain/avr32/avr32-gnu-toolchain/bin/../lib/gcc/avr32/4.4.7/../../../../avr32/lib/ucr2\libc.a(lib_a-vfprintf.o)
 .rodata.chclass
                0x8000d6bc      0x100 e:/program x86/atmel/studio/7.0/toolchain/avr32/avr32-gnu-toolchain/bin/../lib/gcc/avr32/4.4.7/../../../../avr32/lib/ucr2\libc.a(lib_a-vfprintf.o)
 .rodata.str1.4
                0x8000d7bc       0x10 e:/program x86/atmel/studio/7.0/toolchain/avr32/avr32-gnu-toolchain/bin/../lib/gcc/avr32/4.4.7/../../../../avr32/lib/ucr2\libc.a(lib_a-dtoa.o)
                                 0x14 (size before relaxing)
 .rodata.__sf_fake_stdin
                0x8000d7cc       0x20 e:/program x86/atmel/studio/7.0/toolchain/avr32/avr32-gnu-toolchain/bin/../lib/gcc/avr32/4.4.7/../../../../avr32/lib/ucr2\libc.a(lib_a-findfp.o)
                0x8000d7cc                __sf_fake_stdin
 .rodata.__sf_fake_stdout
                0x8000d7ec       0x20 e:/program x86/atmel/studio/7.0/toolchain/avr32/avr32-gnu-toolchain/bin/../lib/gcc/avr32/4.4.7/../../../../avr32/lib/ucr2\libc.a(lib_a-findfp.o)
                0x8000d7ec                __sf_fake_stdout
 .rodata.__sf_fake_stderr
                0x8000d80c       0x20 e:/program x86/atmel/studio/7.0/toolchain/avr32/avr32-gnu-toolchain/bin/../lib/gcc/avr32/4.4.7/../../../../avr32/lib/ucr2\libc.a(lib_a-findfp.o)
                0x8000d80c                __sf_fake_stderr
 .rodata.str1.4
                0x8000d82c        0x2 e:/program x86/atmel/studio/7.0/toolchain/avr32/avr32-gnu-toolchain/bin/../lib/gcc/avr32/4.4.7/../../../../avr32/lib/ucr2\libc.a(lib_a-impure.o)
                                  0x4 (size before relaxing)
 *fill*         0x8000d82e        0x2 
 .rodata._global_impure_ptr
                0x8000d830        0x4 e:/program x86/atmel/studio/7.0/toolchain/avr32/avr32-gnu-toolchain/bin/../lib/gcc/avr32/4.4.7/../../../../avr32/lib/ucr2\libc.a(lib_a-impure.o)
                0x8000d830                _global_impure_ptr
 .rodata.lconv  0x8000d834       0x30 e:/program x86/atmel/studio/7.0/toolchain/avr32/avr32-gnu-toolchain/bin/../lib/gcc/avr32/4.4.7/../../../../avr32/lib/ucr2\libc.a(lib_a-locale.o)
 .rodata.str1.4
                0x8000d864        0xc e:/program x86/atmel/studio/7.0/toolchain/avr32/avr32-gnu-toolchain/bin/../lib/gcc/avr32/4.4.7/../../../../avr32/lib/ucr2\libc.a(lib_a-locale.o)
                                 0x18 (size before relaxing)
 .rodata.p05.2471
                0x8000d870        0xc e:/program x86/atmel/studio/7.0/toolchain/avr32/avr32-gnu-toolchain/bin/../lib/gcc/avr32/4.4.7/../../../../avr32/lib/ucr2\libc.a(lib_a-mprec.o)
 .rodata.__mprec_tens
                0x8000d87c       0xc8 e:/program x86/atmel/studio/7.0/toolchain/avr32/avr32-gnu-toolchain/bin/../lib/gcc/avr32/4.4.7/../../../../avr32/lib/ucr2\libc.a(lib_a-mprec.o)
                0x8000d87c                __mprec_tens
 .rodata.__mprec_bigtens
                0x8000d944       0x28 e:/program x86/atmel/studio/7.0/toolchain/avr32/avr32-gnu-toolchain/bin/../lib/gcc/avr32/4.4.7/../../../../avr32/lib/ucr2\libc.a(lib_a-mprec.o)
                0x8000d944                __mprec_bigtens

.rodata1
 *(.rodata1)

.eh_frame_hdr
 *(.eh_frame_hdr)

.eh_frame
 *(.eh_frame)

.gcc_except_table
 *(.gcc_except_table)
 *(.gcc_except_table.*)

.dalign         0x8000d96c        0x4
                0x8000d970                . = ALIGN (0x8)
 *fill*         0x8000d96c        0x4 
                0x8000d970                PROVIDE (_data_lma, .)
                0x00000004                PROVIDE (_data, ORIGIN (CPUSRAM))
                0x00000004                . = ORIGIN (CPUSRAM)

.eh_frame
 *(.eh_frame)

.gcc_except_table
 *(.gcc_except_table)
 *(.gcc_except_table.*)

.tdata
 *(.tdata .tdata.* .gnu.linkonce.td.*)

.tbss
 *(.tbss .tbss.* .gnu.linkonce.tb.*)
 *(.tcommon)
                0x00000004                PROVIDE (__preinit_array_start, ALIGN (0x4))

.preinit_array
 *(.preinit_array)
                0x00000004                PROVIDE (__preinit_array_end, .)
                0x00000004                PROVIDE (__init_array_start, .)

.init_array
 *(.init_array)
                0x00000004                PROVIDE (__init_array_end, .)
                0x00000004                PROVIDE (__fini_array_start, .)

.fini_array
 *(.fini_array)
                0x00000004                PROVIDE (__fini_array_end, .)

.ctors
 *crtbegin*.o(.ctors)
 *(EXCLUDE_FILE(*crtend*.o) .ctors)
 *(SORT(.ctors.*))
 *(.ctors)

.dtors
 *crtbegin*.o(.dtors)
 *(EXCLUDE_FILE(*crtend*.o) .dtors)
 *(SORT(.dtors.*))
 *(.dtors)

.jcr
 *(.jcr)

.data.rel.ro
 *(.data.rel.ro.local)
 *(.data.rel.ro*)

.dynamic
 *(.dynamic)

.got
 *(.got.plt)
 *(.got)

.data           0x00000004      0xa38 load address 0x8000d970
 *(.data .data.* .gnu.linkonce.d.*)
 .data.the_app_list
                0x00000004      0x4ec src/Application/app/app.o
 .data.xnl_proc_list
                0x000004f0       0x34 src/Application/radio/xnl.o
 .data.FlashLabel
                0x00000524        0x8 src/Application/voice/voice.o
                0x00000524                FlashLabel
 .data.current_save_voice_offset
                0x0000052c        0x4 src/Application/voice/voice.o
 .data.ulCriticalNesting
                0x00000530        0x4 src/ASF/thirdparty/freertos/freertos-7.0.0/source/portable/gcc/avr32_uc3/port.o
                0x00000530                ulCriticalNesting
 .data.xNextTaskUnblockTime
                0x00000534        0x4 src/ASF/thirdparty/freertos/freertos-7.0.0/source/tasks.o
 .data.__malloc_av_
                0x00000538      0x408 e:/program x86/atmel/studio/7.0/toolchain/avr32/avr32-gnu-toolchain/bin/../lib/gcc/avr32/4.4.7/../../../../avr32/lib/ucr2\libc.a(lib_a-mallocr.o)
                0x00000538                __malloc_av_
 .data.__malloc_trim_threshold
                0x00000940        0x4 e:/program x86/atmel/studio/7.0/toolchain/avr32/avr32-gnu-toolchain/bin/../lib/gcc/avr32/4.4.7/../../../../avr32/lib/ucr2\libc.a(lib_a-mallocr.o)
                0x00000940                __malloc_trim_threshold
 .data.__malloc_sbrk_base
                0x00000944        0x4 e:/program x86/atmel/studio/7.0/toolchain/avr32/avr32-gnu-toolchain/bin/../lib/gcc/avr32/4.4.7/../../../../avr32/lib/ucr2\libc.a(lib_a-mallocr.o)
                0x00000944                __malloc_sbrk_base
 .data.impure_data
                0x00000948       0xf0 e:/program x86/atmel/studio/7.0/toolchain/avr32/avr32-gnu-toolchain/bin/../lib/gcc/avr32/4.4.7/../../../../avr32/lib/ucr2\libc.a(lib_a-impure.o)
 .data._impure_ptr
                0x00000a38        0x4 e:/program x86/atmel/studio/7.0/toolchain/avr32/avr32-gnu-toolchain/bin/../lib/gcc/avr32/4.4.7/../../../../avr32/lib/ucr2\libc.a(lib_a-impure.o)
                0x00000a38                _impure_ptr
 *(.gnu.linkonce.d.*personality*)

.data1
 *(.data1)

.balign         0x00000a3c        0x4 load address 0x8000e3a8
                0x00000a40                . = ALIGN (0x8)
 *fill*         0x00000a3c        0x4 
                0x00000a40                _edata = .
                0x00000a40                _edata = .
                0x00000a40                PROVIDE (edata, .)
                0x00000a40                __bss_start = .

.bss            0x00000a40     0x5960 load address 0x8000e3a8
 *(.dynbss)
 *(.bss .bss.* .gnu.linkonce.b.*)
 .bss.Speaker_is_unmute
                0x00000a40        0x1 src/Application/app/app.o
                0x00000a40                Speaker_is_unmute
 .bss.AMBE_rx_flag
                0x00000a41        0x1 src/Application/app/app.o
                0x00000a41                AMBE_rx_flag
 .bss.VF_SN     0x00000a42        0x1 src/Application/app/app.o
                0x00000a42                VF_SN
 *fill*         0x00000a43        0x1 
 .bss.xLastWakeTime.11810
                0x00000a44        0x4 src/Application/app/app.o
 .bss.Radio_Transmit_State
                0x00000a48        0x1 src/Application/app/app.o
                0x00000a48                Radio_Transmit_State
 .bss.Call_Begin
                0x00000a49        0x1 src/Application/app/app.o
                0x00000a49                Call_Begin
 .bss.AMBE_Media
                0x00000a4a        0x1 src/Application/app/app.o
                0x00000a4a                AMBE_Media
 .bss.connect_flag
                0x00000a4b        0x1 src/Application/app/app.o
 .bss.Mic_is_Enabled
                0x00000a4c        0x1 src/Application/app/app.o
                0x00000a4c                Mic_is_Enabled
 .bss.AMBE_tx_flag
                0x00000a4d        0x1 src/Application/app/app.o
                0x00000a4d                AMBE_tx_flag
 .bss.times_counter.11830
                0x00000a4e        0x1 src/Application/app/app.o
 *fill*         0x00000a4f        0x1 
 .bss.res.11800
                0x00000a50        0x4 src/Application/app/app.o
 .bss.Terminator_Flag
                0x00000a54        0x1 src/Application/app/app.o
                0x00000a54                Terminator_Flag
 *fill*         0x00000a55        0x3 
 .bss.ulIdleCycleCount
                0x00000a58        0x4 src/Application/app/app.o
                0x00000a58                ulIdleCycleCount
 .bss.data_flash_failure
                0x00000a5c        0x1 src/Application/flash/data_flash.o
                0x00000a5c                data_flash_failure
 *fill*         0x00000a5d        0x3 
 .bss.payload_rx_exec
                0x00000a60        0x4 src/Application/radio/payload.o
                0x00000a60                payload_rx_exec
 .bss.payload_tx_exec
                0x00000a64        0x4 src/Application/radio/payload.o
                0x00000a64                payload_tx_exec
 .bss.phy_tx_index.10646
                0x00000a68        0x1 src/Application/radio/physical.o
 *fill*         0x00000a69        0x3 
 .bss.m_RxBurstType
                0x00000a6c        0x4 src/Application/radio/physical.o
 .bss.phy_check_sum.10690
                0x00000a70        0x2 src/Application/radio/physical.o
 *fill*         0x00000a72        0x2 
 .bss.payload_store_idle
                0x00000a74        0x4 src/Application/radio/physical.o
                0x00000a74                payload_store_idle
 .bss.phy_rx_length.10689
                0x00000a78        0x2 src/Application/radio/physical.o
 *fill*         0x00000a7a        0x2 
 .bss.RxBytesWaiting.10966
                0x00000a7c        0x4 src/Application/radio/physical.o
 .bss.phy_rx_expexted_length.10688
                0x00000a80        0x2 src/Application/radio/physical.o
 *fill*         0x00000a82        0x2 
 .bss.phy_tx_state.10644
                0x00000a84        0x4 src/Application/radio/physical.o
 .bss.Item_ID.10971
                0x00000a88        0x1 src/Application/radio/physical.o
 .bss.is_first.10970
                0x00000a89        0x1 src/Application/radio/physical.o
 *fill*         0x00000a8a        0x2 
 .bss.phy_frame_ptr.10687
                0x00000a8c        0x4 src/Application/radio/physical.o
 .bss.phy_payload_frame_rx
                0x00000a90        0x4 src/Application/radio/physical.o
                0x00000a90                phy_payload_frame_rx
 .bss.Item_Length.10972
                0x00000a94        0x4 src/Application/radio/physical.o
 .bss.AMBE_payload_ptr.10969
                0x00000a98        0x4 src/Application/radio/physical.o
 .bss.RxMedia_IsFillingNext16.10963
                0x00000a9c        0x4 src/Application/radio/physical.o
 .bss.payload_ptr.10968
                0x00000aa0        0x4 src/Application/radio/physical.o
 .bss.phy_rx_state.10691
                0x00000aa4        0x4 src/Application/radio/physical.o
 .bss.RxAMBE_IsFillingNext8.10964
                0x00000aa8        0x4 src/Application/radio/physical.o
 .bss.phy_tx_expexted_length.10645
                0x00000aac        0x2 src/Application/radio/physical.o
 *fill*         0x00000aae        0x2 
 .bss.phy_payload_frame_tx
                0x00000ab0        0x4 src/Application/radio/physical.o
                0x00000ab0                phy_payload_frame_tx
 .bss.ArrayDiscLength.10967
                0x00000ab4        0x4 src/Application/radio/physical.o
 .bss.xnl_store_idle
                0x00000ab8        0x4 src/Application/radio/physical.o
                0x00000ab8                xnl_store_idle
 .bss.phy_xnl_frame_rx
                0x00000abc        0x4 src/Application/radio/physical.o
                0x00000abc                phy_xnl_frame_rx
 .bss.phy_rx_count.10692
                0x00000ac0        0x4 src/Application/radio/physical.o
 .bss.RxData_IsFillingNext16.10965
                0x00000ac4        0x4 src/Application/radio/physical.o
 .bss.phy_xnl_frame_tx
                0x00000ac8        0x4 src/Application/radio/physical.o
                0x00000ac8                phy_xnl_frame_tx
 .bss.SDV_Index.10974
                0x00000acc        0x1 src/Application/radio/physical.o
 *fill*         0x00000acd        0x3 
 .bss.phy_ptr.10643
                0x00000ad0        0x4 src/Application/radio/physical.o
 .bss.RxMediaState.10962
                0x00000ad4        0x4 src/Application/radio/physical.o
 .bss.AMBE_HT   0x00000ad8        0x8 src/Application/radio/physical.o
 .bss.phy_rx_exec
                0x00000ae0        0x4 src/Application/radio/ssc.o
                0x00000ae0                phy_rx_exec
 .bss.phy_tx_exec
                0x00000ae4        0x4 src/Application/radio/ssc.o
                0x00000ae4                phy_tx_exec
 .bss.version_information
                0x00000ae8        0xc src/Application/radio/xcmp.o
                0x00000ae8                version_information
 .bss.clone_read
                0x00000af4        0xc src/Application/radio/xcmp.o
                0x00000af4                clone_read
 .bss.xcmp_frame_rx
                0x00000b00        0x4 src/Application/radio/xcmp.o
 .bss.clone_write
                0x00000b04        0xc src/Application/radio/xcmp.o
                0x00000b04                clone_write
 .bss.automatic_frequency_correction_control
                0x00000b10        0xc src/Application/radio/xcmp.o
                0x00000b10                automatic_frequency_correction_control
 .bss.language_pack_information
                0x00000b1c        0xc src/Application/radio/xcmp.o
                0x00000b1c                language_pack_information
 .bss.radio_status
                0x00000b28        0xc src/Application/radio/xcmp.o
                0x00000b28                radio_status
 .bss.xnl_timeout_semphr
                0x00000b34        0x4 src/Application/radio/xnl.o
 .bss.xnl_information
                0x00000b38        0xa src/Application/radio/xnl.o
 *fill*         0x00000b42        0x2 
 .bss.xnl_frame_tx
                0x00000b44        0x4 src/Application/radio/xnl.o
 .bss.xnl_send_times.10716
                0x00000b48        0x4 src/Application/radio/xnl.o
 .bss.ptr.10717
                0x00000b4c        0x4 src/Application/radio/xnl.o
 .bss.flags.10671
                0x00000b50        0x1 src/Application/radio/xnl.o
 *fill*         0x00000b51        0x3 
 .bss.xnl_tx_state.10715
                0x00000b54        0x4 src/Application/radio/xnl.o
 .bss.xcmp_exec
                0x00000b58        0x4 src/Application/radio/xnl.o
                0x00000b58                xcmp_exec
 .bss.current_voice_index
                0x00000b5c        0x2 src/Application/voice/voice.o
 .bss.list_init_success_flag
                0x00000b5e        0x1 src/Application/voice/voice.o
 *fill*         0x00000b5f        0x1 
 .bss.Current_total_voice
                0x00000b60        0x4 src/Application/voice/voice.o
                0x00000b60                Current_total_voice
 .bss._int_line_handler_table_6
                0x00000b64        0x4 src/ASF/avr32/drivers/intc/intc.o
 .bss._int_line_handler_table_7
                0x00000b68        0x4 src/ASF/avr32/drivers/intc/intc.o
 .bss._int_line_handler_table_8
                0x00000b6c        0x4 src/ASF/avr32/drivers/intc/intc.o
 .bss._int_line_handler_table_9
                0x00000b70        0x4 src/ASF/avr32/drivers/intc/intc.o
 .bss._int_line_handler_table_10
                0x00000b74        0x4 src/ASF/avr32/drivers/intc/intc.o
 .bss._int_line_handler_table_11
                0x00000b78        0x4 src/ASF/avr32/drivers/intc/intc.o
 .bss._int_line_handler_table_12
                0x00000b7c        0x4 src/ASF/avr32/drivers/intc/intc.o
 .bss._int_line_handler_table_13
                0x00000b80        0x4 src/ASF/avr32/drivers/intc/intc.o
 .bss._int_line_handler_table_14
                0x00000b84        0xc src/ASF/avr32/drivers/intc/intc.o
 .bss._int_line_handler_table_15
                0x00000b90        0x4 src/ASF/avr32/drivers/intc/intc.o
 .bss._int_line_handler_table_16
                0x00000b94        0x4 src/ASF/avr32/drivers/intc/intc.o
 .bss._int_line_handler_table_17
                0x00000b98        0x4 src/ASF/avr32/drivers/intc/intc.o
 .bss._int_line_handler_table_18
                0x00000b9c        0x4 src/ASF/avr32/drivers/intc/intc.o
 .bss._int_line_handler_table_0
                0x00000ba0        0x4 src/ASF/avr32/drivers/intc/intc.o
 .bss._int_line_handler_table_1
                0x00000ba4       0x2c src/ASF/avr32/drivers/intc/intc.o
 .bss._int_line_handler_table_2
                0x00000bd0       0x18 src/ASF/avr32/drivers/intc/intc.o
 .bss._int_line_handler_table_3
                0x00000be8       0x1c src/ASF/avr32/drivers/intc/intc.o
 .bss._int_line_handler_table_4
                0x00000c04        0x4 src/ASF/avr32/drivers/intc/intc.o
 .bss._int_line_handler_table_5
                0x00000c08        0x4 src/ASF/avr32/drivers/intc/intc.o
 .bss.uxMissedTicks
                0x00000c0c        0x4 src/ASF/thirdparty/freertos/freertos-7.0.0/source/tasks.o
 .bss.uxTopUsedPriority
                0x00000c10        0x4 src/ASF/thirdparty/freertos/freertos-7.0.0/source/tasks.o
 .bss.pxDelayedTaskList
                0x00000c14        0x4 src/ASF/thirdparty/freertos/freertos-7.0.0/source/tasks.o
 .bss.xSchedulerRunning
                0x00000c18        0x4 src/ASF/thirdparty/freertos/freertos-7.0.0/source/tasks.o
 .bss.uxTasksDeleted
                0x00000c1c        0x4 src/ASF/thirdparty/freertos/freertos-7.0.0/source/tasks.o
 .bss.xNumOfOverflows
                0x00000c20        0x4 src/ASF/thirdparty/freertos/freertos-7.0.0/source/tasks.o
 .bss.pxOverflowDelayedTaskList
                0x00000c24        0x4 src/ASF/thirdparty/freertos/freertos-7.0.0/source/tasks.o
 .bss.pxReadyTasksLists
                0x00000c28       0xa0 src/ASF/thirdparty/freertos/freertos-7.0.0/source/tasks.o
 .bss.xTasksWaitingTermination
                0x00000cc8       0x14 src/ASF/thirdparty/freertos/freertos-7.0.0/source/tasks.o
 .bss.pxCurrentTCB
                0x00000cdc        0x4 src/ASF/thirdparty/freertos/freertos-7.0.0/source/tasks.o
                0x00000cdc                pxCurrentTCB
 .bss.xPendingReadyList
                0x00000ce0       0x14 src/ASF/thirdparty/freertos/freertos-7.0.0/source/tasks.o
 .bss.xDelayedTaskList1
                0x00000cf4       0x14 src/ASF/thirdparty/freertos/freertos-7.0.0/source/tasks.o
 .bss.xTickCount
                0x00000d08        0x4 src/ASF/thirdparty/freertos/freertos-7.0.0/source/tasks.o
 .bss.uxSchedulerSuspended
                0x00000d0c        0x4 src/ASF/thirdparty/freertos/freertos-7.0.0/source/tasks.o
 .bss.xDelayedTaskList2
                0x00000d10       0x14 src/ASF/thirdparty/freertos/freertos-7.0.0/source/tasks.o
 .bss.uxTaskNumber
                0x00000d24        0x4 src/ASF/thirdparty/freertos/freertos-7.0.0/source/tasks.o
 .bss.uxCurrentNumberOfTasks
                0x00000d28        0x4 src/ASF/thirdparty/freertos/freertos-7.0.0/source/tasks.o
 .bss.xMissedYield
                0x00000d2c        0x4 src/ASF/thirdparty/freertos/freertos-7.0.0/source/tasks.o
 .bss.xSuspendedTaskList
                0x00000d30       0x14 src/ASF/thirdparty/freertos/freertos-7.0.0/source/tasks.o
 .bss.uxTopReadyPriority
                0x00000d44        0x4 src/ASF/thirdparty/freertos/freertos-7.0.0/source/tasks.o
 .bss.lench.11293
                0x00000d48        0x1 src/Log/log.o
 .bss.lench.11363
                0x00000d49        0x1 src/Log/log.o
 *fill*         0x00000d4a        0x2 
 .bss.__malloc_max_total_mem
                0x00000d4c        0x4 e:/program x86/atmel/studio/7.0/toolchain/avr32/avr32-gnu-toolchain/bin/../lib/gcc/avr32/4.4.7/../../../../avr32/lib/ucr2\libc.a(lib_a-mallocr.o)
                0x00000d4c                __malloc_max_total_mem
 .bss.__malloc_max_sbrked_mem
                0x00000d50        0x4 e:/program x86/atmel/studio/7.0/toolchain/avr32/avr32-gnu-toolchain/bin/../lib/gcc/avr32/4.4.7/../../../../avr32/lib/ucr2\libc.a(lib_a-mallocr.o)
                0x00000d50                __malloc_max_sbrked_mem
 .bss.__malloc_top_pad
                0x00000d54        0x4 e:/program x86/atmel/studio/7.0/toolchain/avr32/avr32-gnu-toolchain/bin/../lib/gcc/avr32/4.4.7/../../../../avr32/lib/ucr2\libc.a(lib_a-mallocr.o)
                0x00000d54                __malloc_top_pad
 .bss.__malloc_current_mallinfo
                0x00000d58       0x28 e:/program x86/atmel/studio/7.0/toolchain/avr32/avr32-gnu-toolchain/bin/../lib/gcc/avr32/4.4.7/../../../../avr32/lib/ucr2\libc.a(lib_a-mallocr.o)
                0x00000d58                __malloc_current_mallinfo
 .bss.cur_heap_pos.1869
                0x00000d80        0x4 e:/program x86/atmel/studio/7.0/toolchain/avr32/avr32-gnu-toolchain/bin/../lib/gcc/avr32/4.4.7/../../../../avr32/lib/ucr2\libc.a(lib_a-syscalls.o)
 *(COMMON)
 COMMON         0x00000d84        0x4 src/Application/app/app.o
                0x00000d84                bunchofrandomstatusflags
 COMMON         0x00000d88     0x1004 src/Application/flash/data_flash.o
                0x00000d88                FLASH_BUF
                0x00001d88                spi
 COMMON         0x00001d8c      0x122 src/Application/radio/ambe.o
                0x00001d8c                AMBEBurst_rawdata
                0x00001d94                Radio_Internal_Data
                0x00001d98                AMBE_DecryptionKey
                0x00001da0                SendAMBEBurst_EncryptionPackage
                0x00001e90                VBSP_data
                0x00001e94                Soft_Decision_Data
 COMMON         0x00001eae     0x3200 src/Application/radio/physical.o
                0x00001eae                payload_store
                0x000032ae                xnl_store
 *fill*         0x000050ae        0x2 
 COMMON         0x000050b0       0x4c src/Application/radio/ssc.o
                0x000050b0                intDuration
                0x000050b4                BufferIndex
                0x000050b8                intStartCount
                0x000050bc                RxBuffer
                0x000050dc                TxBuffer
 COMMON         0x000050fc        0x4 src/Application/radio/xcmp.o
                0x000050fc                app_list
 COMMON         0x00005100     0x1290 src/Application/voice/voice.o
                0x00005100                TEMP_BUF
                0x00006100                PLAYBACK_BUF
                0x00006300                voice_ptr
                0x00006348                voice_temp
 COMMON         0x00006390        0x4 src/ASF/avr32/drivers/spi/spi.o
                0x00006390                xSPIMutex
 COMMON         0x00006394        0x4 src/ASF/thirdparty/freertos/freertos-7.0.0/source/portable/gcc/avr32_uc3/write.o
                0x00006394                stdio_usart_base
 COMMON         0x00006398        0x4 src/Log/log.o
                0x00006398                logQueue
 COMMON         0x0000639c        0x4 e:/program x86/atmel/studio/7.0/toolchain/avr32/avr32-gnu-toolchain/bin/../lib/gcc/avr32/4.4.7/../../../../avr32/lib/ucr2\libc.a(lib_a-reent.o)
                0x0000639c                errno
                0x000063a0                . = ALIGN (0x8)
                0x000063a0                . = ALIGN (0x8)
                0x000063a0                _end = .
                0x000063a0                PROVIDE (end, .)
                0x000063a0                __heap_start__ = ALIGN (0x8)
                0x00017000                . = ((ORIGIN (CPUSRAM) + 0x17ffc) - _stack_size)
                0x00017000                __heap_end__ = .

.stab
 *(.stab)

.stabstr
 *(.stabstr)

.stab.excl
 *(.stab.excl)

.stab.exclstr
 *(.stab.exclstr)

.stab.index
 *(.stab.index)

.stab.indexstr
 *(.stab.indexstr)

.comment        0x00000000       0x30
 *(.comment)
 .comment       0x00000000       0x30 src/Application/app/app.o
                                 0x31 (size before relaxing)
 .comment       0x00000000       0x31 src/Application/flash/data_flash.o
 .comment       0x00000000       0x31 src/Application/radio/ambe.o
 .comment       0x00000000       0x31 src/Application/radio/payload.o
 .comment       0x00000000       0x31 src/Application/radio/physical.o
 .comment       0x00000000       0x31 src/Application/radio/ssc.o
 .comment       0x00000000       0x31 src/Application/radio/xcmp.o
 .comment       0x00000000       0x31 src/Application/radio/xnl.o
 .comment       0x00000000       0x31 src/Application/rtc/rtc.o
 .comment       0x00000000       0x31 src/Application/timers/timer.o
 .comment       0x00000000       0x31 src/Application/voice/voice.o
 .comment       0x00000000       0x31 src/ASF/avr32/drivers/gpio/gpio.o
 .comment       0x00000000       0x31 src/ASF/avr32/drivers/intc/intc.o
 .comment       0x00000000       0x31 src/ASF/avr32/drivers/spi/spi.o
 .comment       0x00000000       0x31 src/ASF/avr32/drivers/usart/usart.o
 .comment       0x00000000       0x31 src/ASF/thirdparty/freertos/freertos-7.0.0/source/list.o
 .comment       0x00000000       0x31 src/ASF/thirdparty/freertos/freertos-7.0.0/source/portable/gcc/avr32_uc3/port.o
 .comment       0x00000000       0x31 src/ASF/thirdparty/freertos/freertos-7.0.0/source/portable/gcc/avr32_uc3/read.o
 .comment       0x00000000       0x31 src/ASF/thirdparty/freertos/freertos-7.0.0/source/portable/gcc/avr32_uc3/write.o
 .comment       0x00000000       0x31 src/ASF/thirdparty/freertos/freertos-7.0.0/source/portable/memmang/heap_3.o
 .comment       0x00000000       0x31 src/ASF/thirdparty/freertos/freertos-7.0.0/source/queue.o
 .comment       0x00000000       0x31 src/ASF/thirdparty/freertos/freertos-7.0.0/source/tasks.o
 .comment       0x00000000       0x31 src/Log/log.o
 .comment       0x00000000       0x31 src/main.o
 .comment       0x00000000       0x31 e:/program x86/atmel/studio/7.0/toolchain/avr32/avr32-gnu-toolchain/bin/../lib/gcc/avr32/4.4.7/../../../../avr32/lib/ucr2\libc.a(lib_a-malloc.o)
 .comment       0x00000000       0x31 e:/program x86/atmel/studio/7.0/toolchain/avr32/avr32-gnu-toolchain/bin/../lib/gcc/avr32/4.4.7/../../../../avr32/lib/ucr2\libc.a(lib_a-mallocr.o)
 .comment       0x00000000       0x31 e:/program x86/atmel/studio/7.0/toolchain/avr32/avr32-gnu-toolchain/bin/../lib/gcc/avr32/4.4.7/../../../../avr32/lib/ucr2\libc.a(lib_a-memcmp.o)
 .comment       0x00000000       0x31 e:/program x86/atmel/studio/7.0/toolchain/avr32/avr32-gnu-toolchain/bin/../lib/gcc/avr32/4.4.7/../../../../avr32/lib/ucr2\libc.a(lib_a-memset.o)
 .comment       0x00000000       0x31 e:/program x86/atmel/studio/7.0/toolchain/avr32/avr32-gnu-toolchain/bin/../lib/gcc/avr32/4.4.7/../../../../avr32/lib/ucr2\libc.a(lib_a-reallocr.o)
 .comment       0x00000000       0x31 e:/program x86/atmel/studio/7.0/toolchain/avr32/avr32-gnu-toolchain/bin/../lib/gcc/avr32/4.4.7/../../../../avr32/lib/ucr2\libc.a(lib_a-sbrkr.o)
 .comment       0x00000000       0x31 e:/program x86/atmel/studio/7.0/toolchain/avr32/avr32-gnu-toolchain/bin/../lib/gcc/avr32/4.4.7/../../../../avr32/lib/ucr2\libc.a(lib_a-sprintf.o)
 .comment       0x00000000       0x31 e:/program x86/atmel/studio/7.0/toolchain/avr32/avr32-gnu-toolchain/bin/../lib/gcc/avr32/4.4.7/../../../../avr32/lib/ucr2\libc.a(lib_a-syscalls.o)
 .comment       0x00000000       0x31 e:/program x86/atmel/studio/7.0/toolchain/avr32/avr32-gnu-toolchain/bin/../lib/gcc/avr32/4.4.7/../../../../avr32/lib/ucr2\libc.a(lib_a-vfprintf.o)
 .comment       0x00000000       0x31 e:/program x86/atmel/studio/7.0/toolchain/avr32/avr32-gnu-toolchain/bin/../lib/gcc/avr32/4.4.7/../../../../avr32/lib/ucr2\libc.a(lib_a-wsetup.o)
 .comment       0x00000000       0x31 e:/program x86/atmel/studio/7.0/toolchain/avr32/avr32-gnu-toolchain/bin/../lib/gcc/avr32/4.4.7/../../../../avr32/lib/ucr2\libc.a(lib_a-dtoa.o)
 .comment       0x00000000       0x31 e:/program x86/atmel/studio/7.0/toolchain/avr32/avr32-gnu-toolchain/bin/../lib/gcc/avr32/4.4.7/../../../../avr32/lib/ucr2\libc.a(lib_a-errno.o)
 .comment       0x00000000       0x31 e:/program x86/atmel/studio/7.0/toolchain/avr32/avr32-gnu-toolchain/bin/../lib/gcc/avr32/4.4.7/../../../../avr32/lib/ucr2\libc.a(lib_a-fflush.o)
 .comment       0x00000000       0x31 e:/program x86/atmel/studio/7.0/toolchain/avr32/avr32-gnu-toolchain/bin/../lib/gcc/avr32/4.4.7/../../../../avr32/lib/ucr2\libc.a(lib_a-findfp.o)
 .comment       0x00000000       0x31 e:/program x86/atmel/studio/7.0/toolchain/avr32/avr32-gnu-toolchain/bin/../lib/gcc/avr32/4.4.7/../../../../avr32/lib/ucr2\libc.a(lib_a-freer.o)
 .comment       0x00000000       0x31 e:/program x86/atmel/studio/7.0/toolchain/avr32/avr32-gnu-toolchain/bin/../lib/gcc/avr32/4.4.7/../../../../avr32/lib/ucr2\libc.a(lib_a-fvwrite.o)
 .comment       0x00000000       0x31 e:/program x86/atmel/studio/7.0/toolchain/avr32/avr32-gnu-toolchain/bin/../lib/gcc/avr32/4.4.7/../../../../avr32/lib/ucr2\libc.a(lib_a-fwalk.o)
 .comment       0x00000000       0x31 e:/program x86/atmel/studio/7.0/toolchain/avr32/avr32-gnu-toolchain/bin/../lib/gcc/avr32/4.4.7/../../../../avr32/lib/ucr2\libc.a(lib_a-impure.o)
 .comment       0x00000000       0x31 e:/program x86/atmel/studio/7.0/toolchain/avr32/avr32-gnu-toolchain/bin/../lib/gcc/avr32/4.4.7/../../../../avr32/lib/ucr2\libc.a(lib_a-locale.o)
 .comment       0x00000000       0x31 e:/program x86/atmel/studio/7.0/toolchain/avr32/avr32-gnu-toolchain/bin/../lib/gcc/avr32/4.4.7/../../../../avr32/lib/ucr2\libc.a(lib_a-makebuf.o)
 .comment       0x00000000       0x31 e:/program x86/atmel/studio/7.0/toolchain/avr32/avr32-gnu-toolchain/bin/../lib/gcc/avr32/4.4.7/../../../../avr32/lib/ucr2\libc.a(lib_a-memchr.o)
 .comment       0x00000000       0x31 e:/program x86/atmel/studio/7.0/toolchain/avr32/avr32-gnu-toolchain/bin/../lib/gcc/avr32/4.4.7/../../../../avr32/lib/ucr2\libc.a(lib_a-memmove.o)
 .comment       0x00000000       0x31 e:/program x86/atmel/studio/7.0/toolchain/avr32/avr32-gnu-toolchain/bin/../lib/gcc/avr32/4.4.7/../../../../avr32/lib/ucr2\libc.a(lib_a-mprec.o)
 .comment       0x00000000       0x31 e:/program x86/atmel/studio/7.0/toolchain/avr32/avr32-gnu-toolchain/bin/../lib/gcc/avr32/4.4.7/../../../../avr32/lib/ucr2\libc.a(lib_a-reent.o)
 .comment       0x00000000       0x31 e:/program x86/atmel/studio/7.0/toolchain/avr32/avr32-gnu-toolchain/bin/../lib/gcc/avr32/4.4.7/../../../../avr32/lib/ucr2\libc.a(lib_a-s_isinfd.o)
 .comment       0x00000000       0x31 e:/program x86/atmel/studio/7.0/toolchain/avr32/avr32-gnu-toolchain/bin/../lib/gcc/avr32/4.4.7/../../../../avr32/lib/ucr2\libc.a(lib_a-s_isnand.o)
 .comment       0x00000000       0x31 e:/program x86/atmel/studio/7.0/toolchain/avr32/avr32-gnu-toolchain/bin/../lib/gcc/avr32/4.4.7/../../../../avr32/lib/ucr2\libc.a(lib_a-stdio.o)
 .comment       0x00000000       0x31 e:/program x86/atmel/studio/7.0/toolchain/avr32/avr32-gnu-toolchain/bin/../lib/gcc/avr32/4.4.7/../../../../avr32/lib/ucr2\libc.a(lib_a-strlen.o)
 .comment       0x00000000       0x31 e:/program x86/atmel/studio/7.0/toolchain/avr32/avr32-gnu-toolchain/bin/../lib/gcc/avr32/4.4.7/../../../../avr32/lib/ucr2\libc.a(lib_a-writer.o)
 .comment       0x00000000       0x31 e:/program x86/atmel/studio/7.0/toolchain/avr32/avr32-gnu-toolchain/bin/../lib/gcc/avr32/4.4.7/../../../../avr32/lib/ucr2\libc.a(lib_a-callocr.o)
 .comment       0x00000000       0x31 e:/program x86/atmel/studio/7.0/toolchain/avr32/avr32-gnu-toolchain/bin/../lib/gcc/avr32/4.4.7/../../../../avr32/lib/ucr2\libc.a(lib_a-closer.o)
 .comment       0x00000000       0x31 e:/program x86/atmel/studio/7.0/toolchain/avr32/avr32-gnu-toolchain/bin/../lib/gcc/avr32/4.4.7/../../../../avr32/lib/ucr2\libc.a(lib_a-fclose.o)
 .comment       0x00000000       0x31 e:/program x86/atmel/studio/7.0/toolchain/avr32/avr32-gnu-toolchain/bin/../lib/gcc/avr32/4.4.7/../../../../avr32/lib/ucr2\libc.a(lib_a-fstatr.o)
 .comment       0x00000000       0x31 e:/program x86/atmel/studio/7.0/toolchain/avr32/avr32-gnu-toolchain/bin/../lib/gcc/avr32/4.4.7/../../../../avr32/lib/ucr2\libc.a(lib_a-lseekr.o)
 .comment       0x00000000       0x31 e:/program x86/atmel/studio/7.0/toolchain/avr32/avr32-gnu-toolchain/bin/../lib/gcc/avr32/4.4.7/../../../../avr32/lib/ucr2\libc.a(lib_a-readr.o)
 .comment       0x00000000       0x31 e:/program x86/atmel/studio/7.0/toolchain/avr32/avr32-gnu-toolchain/bin/../lib/gcc/avr32/4.4.7/ucr2\libgcc.a(_udivdi3.o)
 .comment       0x00000000       0x31 e:/program x86/atmel/studio/7.0/toolchain/avr32/avr32-gnu-toolchain/bin/../lib/gcc/avr32/4.4.7/ucr2\libgcc.a(_umoddi3.o)

.debug
 *(.debug)

.line
 *(.line)

.debug_srcinfo
 *(.debug_srcinfo)

.debug_sfnames
 *(.debug_sfnames)

.debug_aranges  0x00000000     0x11d8
 *(.debug_aranges)
 .debug_aranges
                0x00000000      0x118 src/Application/app/app.o
 .debug_aranges
                0x00000118       0x78 src/Application/flash/data_flash.o
 .debug_aranges
                0x00000190       0x20 src/Application/radio/ambe.o
 .debug_aranges
                0x000001b0       0x28 src/Application/radio/payload.o
 .debug_aranges
                0x000001d8       0x68 src/Application/radio/physical.o
 .debug_aranges
                0x00000240       0x40 src/Application/radio/ssc.o
 .debug_aranges
                0x00000280       0xf8 src/Application/radio/xcmp.o
 .debug_aranges
                0x00000378       0x70 src/Application/radio/xnl.o
 .debug_aranges
                0x000003e8       0x50 src/Application/rtc/rtc.o
 .debug_aranges
                0x00000438       0x30 src/Application/timers/timer.o
 .debug_aranges
                0x00000468       0x48 src/Application/voice/voice.o
 .debug_aranges
                0x000004b0      0x100 src/ASF/avr32/drivers/gpio/gpio.o
 .debug_aranges
                0x000005b0       0x38 src/ASF/avr32/drivers/intc/intc.o
 .debug_aranges
                0x000005e8       0xa8 src/ASF/avr32/drivers/spi/spi.o
 .debug_aranges
                0x00000690       0xe0 src/ASF/avr32/drivers/usart/usart.o
 .debug_aranges
                0x00000770       0x28 src/ASF/avr32/utils/startup/startup_uc3.o
 .debug_aranges
                0x00000798       0x20 src/ASF/avr32/utils/startup/trampoline_uc3.o
 .debug_aranges
                0x000007b8       0x40 src/ASF/thirdparty/freertos/freertos-7.0.0/source/list.o
 .debug_aranges
                0x000007f8       0x20 src/ASF/thirdparty/freertos/freertos-7.0.0/source/portable/gcc/avr32_uc3/exception.o
 .debug_aranges
                0x00000818       0x78 src/ASF/thirdparty/freertos/freertos-7.0.0/source/portable/gcc/avr32_uc3/port.o
 .debug_aranges
                0x00000890       0x20 src/ASF/thirdparty/freertos/freertos-7.0.0/source/portable/gcc/avr32_uc3/read.o
 .debug_aranges
                0x000008b0       0x20 src/ASF/thirdparty/freertos/freertos-7.0.0/source/portable/gcc/avr32_uc3/write.o
 .debug_aranges
                0x000008d0       0x28 src/ASF/thirdparty/freertos/freertos-7.0.0/source/portable/memmang/heap_3.o
 .debug_aranges
                0x000008f8       0x88 src/ASF/thirdparty/freertos/freertos-7.0.0/source/queue.o
 .debug_aranges
                0x00000980      0x108 src/ASF/thirdparty/freertos/freertos-7.0.0/source/tasks.o
 .debug_aranges
                0x00000a88       0x50 src/Log/log.o
 .debug_aranges
                0x00000ad8       0x20 src/main.o
 .debug_aranges
                0x00000af8       0x28 e:/program x86/atmel/studio/7.0/toolchain/avr32/avr32-gnu-toolchain/bin/../lib/gcc/avr32/4.4.7/../../../../avr32/lib/ucr2\libc.a(lib_a-malloc.o)
 .debug_aranges
                0x00000b20       0x20 e:/program x86/atmel/studio/7.0/toolchain/avr32/avr32-gnu-toolchain/bin/../lib/gcc/avr32/4.4.7/../../../../avr32/lib/ucr2\libc.a(lib_a-mallocr.o)
 .debug_aranges
                0x00000b40       0x20 e:/program x86/atmel/studio/7.0/toolchain/avr32/avr32-gnu-toolchain/bin/../lib/gcc/avr32/4.4.7/../../../../avr32/lib/ucr2\libc.a(lib_a-memcmp.o)
 .debug_aranges
                0x00000b60       0x20 e:/program x86/atmel/studio/7.0/toolchain/avr32/avr32-gnu-toolchain/bin/../lib/gcc/avr32/4.4.7/../../../../avr32/lib/ucr2\libc.a(lib_a-memset.o)
 .debug_aranges
                0x00000b80       0x20 e:/program x86/atmel/studio/7.0/toolchain/avr32/avr32-gnu-toolchain/bin/../lib/gcc/avr32/4.4.7/../../../../avr32/lib/ucr2\libc.a(lib_a-reallocr.o)
 .debug_aranges
                0x00000ba0       0x20 e:/program x86/atmel/studio/7.0/toolchain/avr32/avr32-gnu-toolchain/bin/../lib/gcc/avr32/4.4.7/../../../../avr32/lib/ucr2\libc.a(lib_a-sbrkr.o)
 .debug_aranges
                0x00000bc0       0x28 e:/program x86/atmel/studio/7.0/toolchain/avr32/avr32-gnu-toolchain/bin/../lib/gcc/avr32/4.4.7/../../../../avr32/lib/ucr2\libc.a(lib_a-sprintf.o)
 .debug_aranges
                0x00000be8       0xf8 e:/program x86/atmel/studio/7.0/toolchain/avr32/avr32-gnu-toolchain/bin/../lib/gcc/avr32/4.4.7/../../../../avr32/lib/ucr2\libc.a(lib_a-syscalls.o)
 .debug_aranges
                0x00000ce0       0x38 e:/program x86/atmel/studio/7.0/toolchain/avr32/avr32-gnu-toolchain/bin/../lib/gcc/avr32/4.4.7/../../../../avr32/lib/ucr2\libc.a(lib_a-vfprintf.o)
 .debug_aranges
                0x00000d18       0x20 e:/program x86/atmel/studio/7.0/toolchain/avr32/avr32-gnu-toolchain/bin/../lib/gcc/avr32/4.4.7/../../../../avr32/lib/ucr2\libc.a(lib_a-wsetup.o)
 .debug_aranges
                0x00000d38       0x28 e:/program x86/atmel/studio/7.0/toolchain/avr32/avr32-gnu-toolchain/bin/../lib/gcc/avr32/4.4.7/../../../../avr32/lib/ucr2\libc.a(lib_a-dtoa.o)
 .debug_aranges
                0x00000d60       0x20 e:/program x86/atmel/studio/7.0/toolchain/avr32/avr32-gnu-toolchain/bin/../lib/gcc/avr32/4.4.7/../../../../avr32/lib/ucr2\libc.a(lib_a-errno.o)
 .debug_aranges
                0x00000d80       0x28 e:/program x86/atmel/studio/7.0/toolchain/avr32/avr32-gnu-toolchain/bin/../lib/gcc/avr32/4.4.7/../../../../avr32/lib/ucr2\libc.a(lib_a-fflush.o)
 .debug_aranges
                0x00000da8       0x80 e:/program x86/atmel/studio/7.0/toolchain/avr32/avr32-gnu-toolchain/bin/../lib/gcc/avr32/4.4.7/../../../../avr32/lib/ucr2\libc.a(lib_a-findfp.o)
 .debug_aranges
                0x00000e28       0x28 e:/program x86/atmel/studio/7.0/toolchain/avr32/avr32-gnu-toolchain/bin/../lib/gcc/avr32/4.4.7/../../../../avr32/lib/ucr2\libc.a(lib_a-freer.o)
 .debug_aranges
                0x00000e50       0x20 e:/program x86/atmel/studio/7.0/toolchain/avr32/avr32-gnu-toolchain/bin/../lib/gcc/avr32/4.4.7/../../../../avr32/lib/ucr2\libc.a(lib_a-fvwrite.o)
 .debug_aranges
                0x00000e70       0x28 e:/program x86/atmel/studio/7.0/toolchain/avr32/avr32-gnu-toolchain/bin/../lib/gcc/avr32/4.4.7/../../../../avr32/lib/ucr2\libc.a(lib_a-fwalk.o)
 .debug_aranges
                0x00000e98       0x40 e:/program x86/atmel/studio/7.0/toolchain/avr32/avr32-gnu-toolchain/bin/../lib/gcc/avr32/4.4.7/../../../../avr32/lib/ucr2\libc.a(lib_a-locale.o)
 .debug_aranges
                0x00000ed8       0x20 e:/program x86/atmel/studio/7.0/toolchain/avr32/avr32-gnu-toolchain/bin/../lib/gcc/avr32/4.4.7/../../../../avr32/lib/ucr2\libc.a(lib_a-makebuf.o)
 .debug_aranges
                0x00000ef8       0x20 e:/program x86/atmel/studio/7.0/toolchain/avr32/avr32-gnu-toolchain/bin/../lib/gcc/avr32/4.4.7/../../../../avr32/lib/ucr2\libc.a(lib_a-memchr.o)
 .debug_aranges
                0x00000f18       0x20 e:/program x86/atmel/studio/7.0/toolchain/avr32/avr32-gnu-toolchain/bin/../lib/gcc/avr32/4.4.7/../../../../avr32/lib/ucr2\libc.a(lib_a-memmove.o)
 .debug_aranges