Archive member included because of file (symbol)

e:/program x86/atmel/studio/7.0/toolchain/avr32/avr32-gnu-toolchain/bin/../lib/gcc/avr32/4.4.7/../../../../avr32/lib/ucr2\libc.a(lib_a-malloc.o)
                              src/ASF/thirdparty/freertos/freertos-7.0.0/source/portable/memmang/heap_3.o (free)
e:/program x86/atmel/studio/7.0/toolchain/avr32/avr32-gnu-toolchain/bin/../lib/gcc/avr32/4.4.7/../../../../avr32/lib/ucr2\libc.a(lib_a-mallocr.o)
                              e:/program x86/atmel/studio/7.0/toolchain/avr32/avr32-gnu-toolchain/bin/../lib/gcc/avr32/4.4.7/../../../../avr32/lib/ucr2\libc.a(lib_a-malloc.o) (_malloc_r)
e:/program x86/atmel/studio/7.0/toolchain/avr32/avr32-gnu-toolchain/bin/../lib/gcc/avr32/4.4.7/../../../../avr32/lib/ucr2\libc.a(lib_a-memcmp.o)
                              src/Application/voice/voice.o (memcmp)
e:/program x86/atmel/studio/7.0/toolchain/avr32/avr32-gnu-toolchain/bin/../lib/gcc/avr32/4.4.7/../../../../avr32/lib/ucr2\libc.a(lib_a-memcpy.o)
                              src/Application/app/app.o (memcpy)
e:/program x86/atmel/studio/7.0/toolchain/avr32/avr32-gnu-toolchain/bin/../lib/gcc/avr32/4.4.7/../../../../avr32/lib/ucr2\libc.a(lib_a-memset.o)
                              src/Application/radio/physical.o (memset)
e:/program x86/atmel/studio/7.0/toolchain/avr32/avr32-gnu-toolchain/bin/../lib/gcc/avr32/4.4.7/../../../../avr32/lib/ucr2\libc.a(lib_a-realloc.o)
                              src/ASF/thirdparty/freertos/freertos-7.0.0/source/portable/gcc/avr32_uc3/port.o (realloc)
e:/program x86/atmel/studio/7.0/toolchain/avr32/avr32-gnu-toolchain/bin/../lib/gcc/avr32/4.4.7/../../../../avr32/lib/ucr2\libc.a(lib_a-reallocr.o)
                              e:/program x86/atmel/studio/7.0/toolchain/avr32/avr32-gnu-toolchain/bin/../lib/gcc/avr32/4.4.7/../../../../avr32/lib/ucr2\libc.a(lib_a-realloc.o) (_realloc_r)
e:/program x86/atmel/studio/7.0/toolchain/avr32/avr32-gnu-toolchain/bin/../lib/gcc/avr32/4.4.7/../../../../avr32/lib/ucr2\libc.a(lib_a-sbrkr.o)
                              e:/program x86/atmel/studio/7.0/toolchain/avr32/avr32-gnu-toolchain/bin/../lib/gcc/avr32/4.4.7/../../../../avr32/lib/ucr2\libc.a(lib_a-mallocr.o) (_sbrk_r)
e:/program x86/atmel/studio/7.0/toolchain/avr32/avr32-gnu-toolchain/bin/../lib/gcc/avr32/4.4.7/../../../../avr32/lib/ucr2\libc.a(lib_a-sprintf.o)
                              src/Log/log.o (sprintf)
e:/program x86/atmel/studio/7.0/toolchain/avr32/avr32-gnu-toolchain/bin/../lib/gcc/avr32/4.4.7/../../../../avr32/lib/ucr2\libc.a(lib_a-strncpy.o)
                              src/ASF/thirdparty/freertos/freertos-7.0.0/source/tasks.o (strncpy)
e:/program x86/atmel/studio/7.0/toolchain/avr32/avr32-gnu-toolchain/bin/../lib/gcc/avr32/4.4.7/../../../../avr32/lib/ucr2\libc.a(lib_a-syscalls.o)
                              e:/program x86/atmel/studio/7.0/toolchain/avr32/avr32-gnu-toolchain/bin/../lib/gcc/avr32/4.4.7/../../../../avr32/lib/ucr2\libc.a(lib_a-sbrkr.o) (_sbrk)
e:/program x86/atmel/studio/7.0/toolchain/avr32/avr32-gnu-toolchain/bin/../lib/gcc/avr32/4.4.7/../../../../avr32/lib/ucr2\libc.a(lib_a-vfprintf.o)
                              e:/program x86/atmel/studio/7.0/toolchain/avr32/avr32-gnu-toolchain/bin/../lib/gcc/avr32/4.4.7/../../../../avr32/lib/ucr2\libc.a(lib_a-sprintf.o) (_vfprintf_r)
e:/program x86/atmel/studio/7.0/toolchain/avr32/avr32-gnu-toolchain/bin/../lib/gcc/avr32/4.4.7/../../../../avr32/lib/ucr2\libc.a(lib_a-wsetup.o)
                              e:/program x86/atmel/studio/7.0/toolchain/avr32/avr32-gnu-toolchain/bin/../lib/gcc/avr32/4.4.7/../../../../avr32/lib/ucr2\libc.a(lib_a-vfprintf.o) (__swsetup_r)
e:/program x86/atmel/studio/7.0/toolchain/avr32/avr32-gnu-toolchain/bin/../lib/gcc/avr32/4.4.7/../../../../avr32/lib/ucr2\libc.a(lib_a-dtoa.o)
                              e:/program x86/atmel/studio/7.0/toolchain/avr32/avr32-gnu-toolchain/bin/../lib/gcc/avr32/4.4.7/../../../../avr32/lib/ucr2\libc.a(lib_a-vfprintf.o) (_dtoa_r)
e:/program x86/atmel/studio/7.0/toolchain/avr32/avr32-gnu-toolchain/bin/../lib/gcc/avr32/4.4.7/../../../../avr32/lib/ucr2\libc.a(lib_a-errno.o)
                              e:/program x86/atmel/studio/7.0/toolchain/avr32/avr32-gnu-toolchain/bin/../lib/gcc/avr32/4.4.7/../../../../avr32/lib/ucr2\libc.a(lib_a-syscalls.o) (__errno)
e:/program x86/atmel/studio/7.0/toolchain/avr32/avr32-gnu-toolchain/bin/../lib/gcc/avr32/4.4.7/../../../../avr32/lib/ucr2\libc.a(lib_a-fflush.o)
                              e:/program x86/atmel/studio/7.0/toolchain/avr32/avr32-gnu-toolchain/bin/../lib/gcc/avr32/4.4.7/../../../../avr32/lib/ucr2\libc.a(lib_a-vfprintf.o) (_fflush_r)
e:/program x86/atmel/studio/7.0/toolchain/avr32/avr32-gnu-toolchain/bin/../lib/gcc/avr32/4.4.7/../../../../avr32/lib/ucr2\libc.a(lib_a-findfp.o)
                              e:/program x86/atmel/studio/7.0/toolchain/avr32/avr32-gnu-toolchain/bin/../lib/gcc/avr32/4.4.7/../../../../avr32/lib/ucr2\libc.a(lib_a-vfprintf.o) (__sinit)
[...]
Memory Configuration

Name             Origin             Length             Attributes
FLASH            0x80000000         0x00080000         axrl !w
CPUSRAM          0x00000004         0x00017ffc         axw !rl
USERPAGE         0x80800000         0x00000200
FACTORYPAGE      0x80800200         0x00000200
*default*        0x00000000         0xffffffff

Linker script and memory map

                0x00001000                _stack_size = 0x1000
LOAD src/Application/app/app.o
LOAD src/Application/flash/data_flash.o
LOAD src/Application/myrtc/xgrtc.o
LOAD src/Application/radio/ambe.o
LOAD src/Application/radio/AMBE_audio.o
LOAD src/Application/radio/AMBE_audio_2.o
LOAD src/Application/radio/audio.o
LOAD src/Application/radio/payload.o
LOAD src/Application/radio/physical.o
LOAD src/Application/radio/ssc.o
LOAD src/Application/radio/xcmp.o
LOAD src/Application/radio/xnl.o
LOAD src/Application/RFID/MFRC522/rc522.o
LOAD src/Application/RFID/RFID.o
LOAD src/Application/timers/timer.o
LOAD src/Application/voice/voice.o
LOAD src/Application/xgflash/xgflash.o
LOAD src/ASF/avr32/drivers/flashc/flashc.o
LOAD src/ASF/avr32/drivers/gpio/gpio.o
LOAD src/ASF/avr32/drivers/intc/intc.o
LOAD src/ASF/avr32/drivers/pm/pm.o
LOAD src/ASF/avr32/drivers/pm/pm_conf_clocks.o
LOAD src/ASF/avr32/drivers/pm/power_clocks_lib.o
LOAD src/ASF/avr32/drivers/rtc/rtc.o
LOAD src/ASF/avr32/drivers/spi/spi.o
LOAD src/ASF/avr32/drivers/tc/tc.o
LOAD src/ASF/avr32/drivers/twi/twi.o
LOAD src/ASF/avr32/drivers/usart/usart.o
LOAD src/ASF/avr32/utils/startup/startup_uc3.o
LOAD src/ASF/avr32/utils/startup/trampoline_uc3.o
LOAD src/ASF/common/boards/user_board/init.o
LOAD src/ASF/common/services/clock/uc3b0_b1/sysclk.o
LOAD src/ASF/common/services/spi/uc3_spi/spi_master.o
LOAD src/ASF/common/services/spi/uc3_usart_spi/usart_spi.o
LOAD src/ASF/thirdparty/freertos/freertos-7.0.0/source/croutine.o
LOAD src/ASF/thirdparty/freertos/freertos-7.0.0/source/list.o
LOAD src/ASF/thirdparty/freertos/freertos-7.0.0/source/portable/gcc/avr32_uc3/exception.o
LOAD src/ASF/thirdparty/freertos/freertos-7.0.0/source/portable/gcc/avr32_uc3/port.o
LOAD src/ASF/thirdparty/freertos/freertos-7.0.0/source/portable/gcc/avr32_uc3/read.o
LOAD src/ASF/thirdparty/freertos/freertos-7.0.0/source/portable/gcc/avr32_uc3/write.o
LOAD src/ASF/thirdparty/freertos/freertos-7.0.0/source/portable/memmang/heap_3.o
LOAD src/ASF/thirdparty/freertos/freertos-7.0.0/source/queue.o
LOAD src/ASF/thirdparty/freertos/freertos-7.0.0/source/tasks.o
LOAD src/Log/log.o
LOAD src/main.o
START GROUP
LOAD e:/program x86/atmel/studio/7.0/toolchain/avr32/avr32-gnu-toolchain/bin/../lib/gcc/avr32/4.4.7/../../../../avr32/lib/ucr2\libm.a
END GROUP
LOAD e:/program x86/atmel/studio/7.0/toolchain/avr32/avr32-gnu-toolchain/bin/../lib/gcc/avr32/4.4.7/ucr2\libgcc.a
LOAD e:/program x86/atmel/studio/7.0/toolchain/avr32/avr32-gnu-toolchain/bin/../lib/gcc/avr32/4.4.7/../../../../avr32/lib/ucr2\libc.a
LOAD e:/program x86/atmel/studio/7.0/toolchain/avr32/avr32-gnu-toolchain/bin/../lib/gcc/avr32/4.4.7/ucr2\libgcc.a
                0x80000000                PROVIDE (__executable_start, 0x80000000)
                0x80000000                . = 0x80000000

.interp
 *(.interp)

.reset          0x80000000     0x2004
 *(.reset)
 .reset         0x80000000     0x2004 src/ASF/avr32/utils/startup/trampoline_uc3.o
                               0x2008 (size before relaxing)
                0x80000000                _trampoline

.hash
 *(.hash)

.dynsym
 *(.dynsym)

.dynstr
 *(.dynstr)

.gnu.version
 *(.gnu.version)

.gnu.version_d
 *(.gnu.version_d)

.gnu.version_r
 *(.gnu.version_r)

.rel.init
 *(.rel.init)

.rela.init
 *(.rela.init)

.rel.text
 *(.rel.text .rel.text.* .rel.gnu.linkonce.t.*)

.rela.text
 *(.rela.text .rela.text.* .rela.gnu.linkonce.t.*)

.rel.fini
 *(.rel.fini)

.rela.fini
 *(.rela.fini)

.rel.rodata
 *(.rel.rodata .rel.rodata.* .rel.gnu.linkonce.r.*)

.rela.rodata
 *(.rela.rodata .rela.rodata.* .rela.gnu.linkonce.r.*)

.rel.data.rel.ro
 *(.rel.data.rel.ro*)

.rela.data.rel.ro
 *(.rel.data.rel.ro*)

.rel.data
 *(.rel.data .rel.data.* .rel.gnu.linkonce.d.*)

.rela.data
 *(.rela.data .rela.data.* .rela.gnu.linkonce.d.*)

.rel.tdata
 *(.rel.tdata .rel.tdata.* .rel.gnu.linkonce.td.*)

.rela.tdata
 *(.rela.tdata .rela.tdata.* .rela.gnu.linkonce.td.*)

.rel.tbss
 *(.rel.tbss .rel.tbss.* .rel.gnu.linkonce.tb.*)

.rela.tbss
 *(.rela.tbss .rela.tbss.* .rela.gnu.linkonce.tb.*)

.rel.ctors
 *(.rel.ctors)

.rela.ctors
 *(.rela.ctors)

.rel.dtors
 *(.rel.dtors)

.rela.dtors
 *(.rela.dtors)

.rel.got
 *(.rel.got)

.rela.got       0x80002004        0x0
 *(.rela.got)
 .rela.got      0x80002004        0x0 src/Application/app/app.o

.rel.bss
 *(.rel.bss .rel.bss.* .rel.gnu.linkonce.b.*)

.rela.bss
 *(.rela.bss .rela.bss.* .rela.gnu.linkonce.b.*)

.rel.plt
 *(.rel.plt)

.rela.plt
 *(.rela.plt)

.init
 *(.init)

.plt
 *(.plt)

.text           0x80002004     0xad7c
 *(.text .stub .text.* .gnu.linkonce.t.*)
 .text.DeviceManagement_brdcst_func
                0x80002004       0x24 src/Application/app/app.o
                0x80002004                DeviceManagement_brdcst_func
 .text.Volume_brdcst_func
                0x80002028        0x2 src/Application/app/app.o
                0x80002028                Volume_brdcst_func
 .text.AudioRoutingControl_brdcst_func
                0x8000202a        0x2 src/Application/app/app.o
                0x8000202a                AudioRoutingControl_brdcst_func
 .text.vApplicationIdleHook
                0x8000202c       0x10 src/Application/app/app.o
                0x8000202c                vApplicationIdleHook
 .text.app_init
                0x8000203c       0x54 src/Application/app/app.o
                0x8000203c                app_init
 .text.app_payload_tx_proc
                0x80002090       0x14 src/Application/app/app.o
 .text.app_payload_rx_proc
                0x800020a4       0x34 src/Application/app/app.o
 .text.FD_brdcst_func
                0x800020d8       0x14 src/Application/app/app.o
                0x800020d8                FD_brdcst_func
 .text.FD_reply_func
                0x800020ec       0x14 src/Application/app/app.o
                0x800020ec                FD_reply_func
 .text.FD_request_func
                0x80002100       0x14 src/Application/app/app.o
                0x80002100                FD_request_func
 .text.EnOB_brdcst_func
                0x80002114       0x14 src/Application/app/app.o
                0x80002114                EnOB_brdcst_func
 .text.EnOB_reply_func
                0x80002128       0x70 src/Application/app/app.o
                0x80002128                EnOB_reply_func
 .text.SingleDetection_brdcst_func
                0x80002198       0x4c src/Application/app/app.o
                0x80002198                SingleDetection_brdcst_func
 .text.ButtonConfig_brdcst_func
                0x800021e4       0xdc src/Application/app/app.o
                0x800021e4                ButtonConfig_brdcst_func
 .text.ButtonConfig_reply_func
                0x800022c0       0x44 src/Application/app/app.o
                0x800022c0                ButtonConfig_reply_func
 .text.DataSession_reply_func
                0x80002304       0x7c src/Application/app/app.o
                0x80002304                DataSession_reply_func
 .text.CallControl_brdcst_func
                0x80002380       0x44 src/Application/app/app.o
                0x80002380                CallControl_brdcst_func
 .text.TransmitControl_brdcst_func
                0x800023c4       0x48 src/Application/app/app.o
                0x800023c4                TransmitControl_brdcst_func
 .text.TransmitControl_reply_func
                0x8000240c       0x60 src/Application/app/app.o
                0x8000240c                TransmitControl_reply_func
 .text.AudioRoutingControl_reply_func
                0x8000246c       0x28 src/Application/app/app.o
                0x8000246c                AudioRoutingControl_reply_func
 .text.Volume_reply_func
                0x80002494       0x64 src/Application/app/app.o
                0x80002494                Volume_reply_func
 .text.spk_brdcst_func
                0x800024f8       0x38 src/Application/app/app.o
                0x800024f8                spk_brdcst_func
 .text.spk_reply_func
                0x80002530       0x48 src/Application/app/app.o
                0x80002530                spk_reply_func
 .text.mic_brdcst_func
                0x80002578       0x58 src/Application/app/app.o
                0x80002578                mic_brdcst_func
 .text.mic_reply_func
                0x800025d0       0x94 src/Application/app/app.o
                0x800025d0                mic_reply_func
 .text.dcm_brdcst_func
                0x80002664       0x48 src/Application/app/app.o
                0x80002664                dcm_brdcst_func
 .text.dcm_reply_func
                0x800026ac       0x68 src/Application/app/app.o
                0x800026ac                dcm_reply_func
 .text.ToneControl_reply_func
                0x80002714       0x28 src/Application/app/app.o
                0x80002714                ToneControl_reply_func
 .text.app_cfg  0x8000273c      0x13c src/Application/app/app.o
 .text.Phyuserinput_brdcst_func
                0x80002878       0x58 src/Application/app/app.o
                0x80002878                Phyuserinput_brdcst_func
 .text.DataSession_brdcst_func
                0x800028d0       0xf8 src/Application/app/app.o
                0x800028d0                DataSession_brdcst_func
 .text.DeviceInitializationStatus_brdcst_func
                0x800029c8       0x38 src/Application/app/app.o
                0x800029c8                DeviceInitializationStatus_brdcst_func
 .text.xg_rtc_init
                0x80002a00       0x80 src/Application/myrtc/xgrtc.o
                0x80002a00                xg_rtc_init
 .text.rtc_irq  0x80002a80       0xf0 src/Application/myrtc/xgrtc.o
                0x80002a80                rtc_irq
 .text.CalculateBurst
                0x80002b70       0x1c src/Application/radio/ambe.o
                0x80002b70                CalculateBurst
 .text.payload_init
                0x80002b8c       0x14 src/Application/radio/payload.o
                0x80002b8c                payload_init
 .text.set_idle_store_isr
                0x80002ba0       0x1c src/Application/radio/physical.o
                0x80002ba0                set_idle_store_isr
 .text.payload_rx
                0x80002bbc       0x18 src/Application/radio/physical.o
 .text.phy_rx   0x80002bd4       0x38 src/Application/radio/physical.o
                0x80002bd4                phy_rx
 .text.set_idle_store
                0x80002c0c       0x20 src/Application/radio/physical.o
                0x80002c0c                set_idle_store
 .text.phy_tx   0x80002c2c       0x5c src/Application/radio/physical.o
                0x80002c2c                phy_tx
 .text.get_idle_store_isr
                0x80002c88       0x28 src/Application/radio/physical.o
                0x80002c88                get_idle_store_isr
 .text.phy_tx_func
                0x80002cb0      0x108 src/Application/radio/physical.o
 .text.get_idle_store
                0x80002db8       0x28 src/Application/radio/physical.o
                0x80002db8                get_idle_store
 .text.phy_init
                0x80002de0       0x28 src/Application/radio/physical.o
                0x80002de0                phy_init
 .text.phy_rx_func
                0x80002e08      0xf24 src/Application/radio/physical.o
 .text.pdca_int_handler
                0x80003d2c       0x8c src/Application/radio/ssc.o
 .text.local_start_SSC
                0x80003db8       0x44 src/Application/radio/ssc.o
                0x80003db8                local_start_SSC
 .text.local_start_PDC
                0x80003dfc       0x6c src/Application/radio/ssc.o
                0x80003dfc                local_start_PDC
 .text.register_rx_tx_func
                0x80003e68       0x14 src/Application/radio/ssc.o
                0x80003e68                register_rx_tx_func
 .text.ssc_init
                0x80003e7c       0x74 src/Application/radio/ssc.o
                0x80003e7c                ssc_init
 .text.xcmp_register_app_list
                0x80003ef0        0xc src/Application/radio/xcmp.o
                0x80003ef0                xcmp_register_app_list
 .text.xcmp_tx  0x80003efc       0x48 src/Application/radio/xcmp.o
 .text.xcmp_data_session_req
                0x80003f44       0x8c src/Application/radio/xcmp.o
                0x80003f44                xcmp_data_session_req
 .text.xcmp_DeviceInitializationStatus_request
                0x80003fd0       0x40 src/Application/radio/xcmp.o
                0x80003fd0                xcmp_DeviceInitializationStatus_request
 .text.xcmp_opcode_not_supported
                0x80004010       0x24 src/Application/radio/xcmp.o
                0x80004010                xcmp_opcode_not_supported
 .text.xcmp_exec_func
                0x80004034       0x48 src/Application/radio/xcmp.o
 .text.xcmp_IdleTestTone
                0x8000407c       0x60 src/Application/radio/xcmp.o
                0x8000407c                xcmp_IdleTestTone
 .text.xcmp_init
                0x800040dc       0x54 src/Application/radio/xcmp.o
                0x800040dc                xcmp_init
 .text.xcmp_rx_process
                0x80004130       0xfc src/Application/radio/xcmp.o
 .text.xcmp_rx  0x8000422c       0x4c src/Application/radio/xcmp.o
 .text.xnl_register_xcmp_func
                0x80004278        0xc src/Application/radio/xnl.o
                0x80004278                xnl_register_xcmp_func
 .text.xnl_get_msg_ack_func
                0x80004284       0x2c src/Application/radio/xnl.o
                0x80004284                xnl_get_msg_ack_func
 .text.xnl_init
                0x800042b0      0x12c src/Application/radio/xnl.o
                0x800042b0                xnl_init
 .text.xnl_rx_process
                0x800043dc       0x60 src/Application/radio/xnl.o
 .text.xnl_tx_process
                0x8000443c       0xcc src/Application/radio/xnl.o
 .text.xnl_tx   0x80004508       0xe4 src/Application/radio/xnl.o
                0x80004508                xnl_tx
 .text.xnl_data_msg_func
                0x800045ec       0x60 src/Application/radio/xnl.o
                0x800045ec                xnl_data_msg_func
 .text.xnl_device_auth_reply_func
                0x8000464c      0x120 src/Application/radio/xnl.o
                0x8000464c                xnl_device_auth_reply_func
 .text.xnl_master_status_brdcst_func
                0x8000476c       0x60 src/Application/radio/xnl.o
                0x8000476c                xnl_master_status_brdcst_func
 .text.xnl_device_conn_reply_func
                0x800047cc       0x5c src/Application/radio/xnl.o
                0x800047cc                xnl_device_conn_reply_func
 .text.xnl_send_device_master_query
                0x80004828       0x30 src/Application/radio/xnl.o
                0x80004828                xnl_send_device_master_query
 .text.RC522_SPI_SetSpeed
                0x80004858       0x24 src/Application/RFID/MFRC522/rc522.o
                0x80004858                RC522_SPI_SetSpeed
 .text.RC522_SPI_SetSpeedLow
                0x8000487c       0x10 src/Application/RFID/MFRC522/rc522.o
                0x8000487c                RC522_SPI_SetSpeedLow
 .text.RC522_ReadByte
                0x8000488c       0x2c src/Application/RFID/MFRC522/rc522.o
                0x8000488c                RC522_ReadByte
 .text.RC522_WriteByte
                0x800048b8       0x30 src/Application/RFID/MFRC522/rc522.o
                0x800048b8                RC522_WriteByte
 .text.WriteRawRC
                0x800048e8       0x40 src/Application/RFID/MFRC522/rc522.o
                0x800048e8                WriteRawRC
 .text.PcdReset
                0x80004928       0x80 src/Application/RFID/MFRC522/rc522.o
                0x80004928                PcdReset
 .text.ReadRawRC
                0x800049a8       0x48 src/Application/RFID/MFRC522/rc522.o
                0x800049a8                ReadRawRC
 .text.Wait_Wakeup_RC522
                0x800049f0       0x10 src/Application/RFID/MFRC522/rc522.o
                0x800049f0                Wait_Wakeup_RC522
 .text.Powerdown_RC522
                0x80004a00       0x4c src/Application/RFID/MFRC522/rc522.o
                0x80004a00                Powerdown_RC522
 .text.SetBitMask
                0x80004a4c       0x24 src/Application/RFID/MFRC522/rc522.o
                0x80004a4c                SetBitMask
 .text.PcdAntennaOn
                0x80004a70       0x20 src/Application/RFID/MFRC522/rc522.o
                0x80004a70                PcdAntennaOn
 .text.ClearBitMask
                0x80004a90       0x28 src/Application/RFID/MFRC522/rc522.o
                0x80004a90                ClearBitMask
 .text.PcdAntennaOff
                0x80004ab8       0x10 src/Application/RFID/MFRC522/rc522.o
                0x80004ab8                PcdAntennaOff
 .text.M500PcdConfigISOType
                0x80004ac8       0x70 src/Application/RFID/MFRC522/rc522.o
                0x80004ac8                M500PcdConfigISOType
 .text.rc522_init
                0x80004b38       0xd8 src/Application/RFID/MFRC522/rc522.o
                0x80004b38                rc522_init
 .text.PcdComMF522
                0x80004c10      0x178 src/Application/RFID/MFRC522/rc522.o
                0x80004c10                PcdComMF522
 .text.PcdAnticoll
                0x80004d88       0x84 src/Application/RFID/MFRC522/rc522.o
                0x80004d88                PcdAnticoll
 .text.PcdRequest
                0x80004e0c       0x64 src/Application/RFID/MFRC522/rc522.o
                0x80004e0c                PcdRequest
 .text.CalulateCRC
                0x80004e70       0x8c src/Application/RFID/MFRC522/rc522.o
                0x80004e70                CalulateCRC
 .text.PcdSelect
                0x80004efc       0x74 src/Application/RFID/MFRC522/rc522.o
                0x80004efc                PcdSelect
 .text.rfid_auto_reader
                0x80004f70      0x120 src/Application/RFID/RFID.o
                0x80004f70                rfid_auto_reader
 .text.scan_patrol
                0x80005090       0x30 src/Application/RFID/RFID.o
                0x80005090                scan_patrol
 .text.rfid_sendID_message
                0x800050c0      0x168 src/Application/RFID/RFID.o
                0x800050c0                rfid_sendID_message
 .text.rfid_init
                0x80005228        0xc src/Application/RFID/RFID.o
                0x80005228                rfid_init
 .text.delay_ns
                0x80005234       0x16 src/Application/timers/timer.o
                0x80005234                delay_ns
 *fill*         0x8000524a        0x2 d703d703
 .text.delay_us
                0x8000524c       0x28 src/Application/timers/timer.o
                0x8000524c                delay_us
 .text.delay_ms
                0x80005274       0x28 src/Application/timers/timer.o
                0x80005274                delay_ms
 .text.local_start_timer
                0x8000529c       0x2c src/Application/timers/timer.o
                0x8000529c                local_start_timer
 .text.local_start_pll0
                0x800052c8       0x94 src/Application/timers/timer.o
                0x800052c8                local_start_pll0
 .text.xg_flashc_init
                0x8000535c       0x98 src/Application/xgflash/xgflash.o
                0x8000535c                xg_flashc_init
 .text.flashc_set_wait_state
                0x800053f4        0xe src/ASF/avr32/drivers/flashc/flashc.o
                0x800053f4                flashc_set_wait_state
 .text.gpio_enable_module_pin
                0x80005402       0x52 src/ASF/avr32/drivers/gpio/gpio.o
                0x80005402                gpio_enable_module_pin
 .text.gpio_enable_module
                0x80005454       0x30 src/ASF/avr32/drivers/gpio/gpio.o
                0x80005454                gpio_enable_module
 .text.gpio_enable_gpio_pin
                0x80005484       0x18 src/ASF/avr32/drivers/gpio/gpio.o
                0x80005484                gpio_enable_gpio_pin
 .text.gpio_set_gpio_pin
                0x8000549c       0x1c src/ASF/avr32/drivers/gpio/gpio.o
                0x8000549c                gpio_set_gpio_pin
 .text.gpio_clr_gpio_pin
                0x800054b8       0x1c src/ASF/avr32/drivers/gpio/gpio.o
                0x800054b8                gpio_clr_gpio_pin
 .text._unhandled_interrupt
                0x800054d4        0x2 src/ASF/avr32/drivers/intc/intc.o
 *fill*         0x800054d6        0x2 d703d703
 .text.INTC_register_interrupt
                0x800054d8       0x80 src/ASF/avr32/drivers/intc/intc.o
                0x800054d8                INTC_register_interrupt
 .text.INTC_init_interrupts
                0x80005558       0x54 src/ASF/avr32/drivers/intc/intc.o
                0x80005558                INTC_init_interrupts
 .text._get_interrupt_handler
                0x800055ac       0x38 src/ASF/avr32/drivers/intc/intc.o
                0x800055ac                _get_interrupt_handler
 .text.pm_set_osc0_mode
                0x800055e4        0xa src/ASF/avr32/drivers/pm/pm.o
 *fill*         0x800055ee        0x2 d703d703
 .text.pm_enable_osc0_crystal
                0x800055f0       0x3c src/ASF/avr32/drivers/pm/pm.o
                0x800055f0                pm_enable_osc0_crystal
 .text.pm_enable_clk0_no_wait
                0x8000562c       0x10 src/ASF/avr32/drivers/pm/pm.o
                0x8000562c                pm_enable_clk0_no_wait
 .text.pm_wait_for_clk0_ready
                0x8000563c        0xa src/ASF/avr32/drivers/pm/pm.o
                0x8000563c                pm_wait_for_clk0_ready
 *fill*         0x80005646        0x2 d703d703
 .text.pm_enable_clk0
                0x80005648       0x1c src/ASF/avr32/drivers/pm/pm.o
                0x80005648                pm_enable_clk0
 .text.pm_set_osc32_mode
                0x80005664        0xa src/ASF/avr32/drivers/pm/pm.o
 *fill*         0x8000566e        0x2 d703d703
 .text.pm_enable_osc32_crystal
                0x80005670       0x10 src/ASF/avr32/drivers/pm/pm.o
                0x80005670                pm_enable_osc32_crystal
 .text.pm_enable_clk32_no_wait
                0x80005680       0x10 src/ASF/avr32/drivers/pm/pm.o
                0x80005680                pm_enable_clk32_no_wait
 .text.pm_wait_for_clk32_ready
                0x80005690        0xa src/ASF/avr32/drivers/pm/pm.o
                0x80005690                pm_wait_for_clk32_ready
 *fill*         0x8000569a        0x2 d703d703
 .text.pm_enable_clk32
                0x8000569c       0x1c src/ASF/avr32/drivers/pm/pm.o
                0x8000569c                pm_enable_clk32
 .text.pm_cksel
                0x800056b8       0x46 src/ASF/avr32/drivers/pm/pm.o
                0x800056b8                pm_cksel
 .text.pm_pll_setup
                0x800056fe       0x22 src/ASF/avr32/drivers/pm/pm.o
                0x800056fe                pm_pll_setup
 .text.pm_pll_set_option
                0x80005720       0x1a src/ASF/avr32/drivers/pm/pm.o
                0x80005720                pm_pll_set_option
 .text.pm_pll_enable
                0x8000573a        0xe src/ASF/avr32/drivers/pm/pm.o
                0x8000573a                pm_pll_enable
 .text.pm_wait_for_pll0_locked
                0x80005748        0xa src/ASF/avr32/drivers/pm/pm.o
                0x80005748                pm_wait_for_pll0_locked
 .text.pm_switch_to_clock
                0x80005752        0xa src/ASF/avr32/drivers/pm/pm.o
                0x80005752                pm_switch_to_clock
 .text.pm_switch_to_osc0
                0x8000575c       0x2c src/ASF/avr32/drivers/pm/pm.o
                0x8000575c                pm_switch_to_osc0
 .text.rtc_is_busy
                0x80005788        0x8 src/ASF/avr32/drivers/rtc/rtc.o
                0x80005788                rtc_is_busy
 .text.rtc_set_value
                0x80005790       0x24 src/ASF/avr32/drivers/rtc/rtc.o
                0x80005790                rtc_set_value
 .text.rtc_enable
                0x800057b4       0x24 src/ASF/avr32/drivers/rtc/rtc.o
                0x800057b4                rtc_enable
 .text.rtc_enable_interrupt
                0x800057d8        0x6 src/ASF/avr32/drivers/rtc/rtc.o
                0x800057d8                rtc_enable_interrupt
 *fill*         0x800057de        0x2 d703d703
 .text.rtc_set_top_value
                0x800057e0       0x24 src/ASF/avr32/drivers/rtc/rtc.o
                0x800057e0                rtc_set_top_value
 .text.rtc_clear_interrupt
                0x80005804       0x1e src/ASF/avr32/drivers/rtc/rtc.o
                0x80005804                rtc_clear_interrupt
 *fill*         0x80005822        0x2 d703d703
 .text.rtc_init
                0x80005824       0x80 src/ASF/avr32/drivers/rtc/rtc.o
                0x80005824                rtc_init
 .text.getBaudDiv
                0x800058a4       0x20 src/ASF/avr32/drivers/spi/spi.o
                0x800058a4                getBaudDiv
 .text.spi_initMaster
                0x800058c4       0x38 src/ASF/avr32/drivers/spi/spi.o
                0x800058c4                spi_initMaster
 .text.spi_selectionMode
                0x800058fc       0x2c src/ASF/avr32/drivers/spi/spi.o
                0x800058fc                spi_selectionMode
 .text.spi_enable
                0x80005928        0x6 src/ASF/avr32/drivers/spi/spi.o
                0x80005928                spi_enable
 .text.spi_write
                0x8000592e       0x1c src/ASF/avr32/drivers/spi/spi.o
                0x8000592e                spi_write
 .text.spi_read
                0x8000594a       0x20 src/ASF/avr32/drivers/spi/spi.o
                0x8000594a                spi_read
 *fill*         0x8000596a        0x2 d703d703
 .text.spi_setupChipReg
                0x8000596c       0xe8 src/ASF/avr32/drivers/spi/spi.o
                0x8000596c                spi_setupChipReg
 .text.spi_unselectChip
                0x80005a54       0x40 src/ASF/avr32/drivers/spi/spi.o
                0x80005a54                spi_unselectChip
 .text.spi_selectChip
                0x80005a94       0x78 src/ASF/avr32/drivers/spi/spi.o
                0x80005a94                spi_selectChip
 .text.usart_set_async_baudrate
                0x80005b0c       0x5a src/ASF/avr32/drivers/usart/usart.o
 .text.usart_write_char
                0x80005b66       0x14 src/ASF/avr32/drivers/usart/usart.o
                0x80005b66                usart_write_char
 *fill*         0x80005b7a        0x2 d703d703
 .text.usart_putchar
                0x80005b7c       0x2c src/ASF/avr32/drivers/usart/usart.o
                0x80005b7c                usart_putchar
 .text.usart_read_char
                0x80005ba8       0x22 src/ASF/avr32/drivers/usart/usart.o
                0x80005ba8                usart_read_char
 *fill*         0x80005bca        0x2 d703d703
 .text.usart_getchar
                0x80005bcc       0x2c src/ASF/avr32/drivers/usart/usart.o
                0x80005bcc                usart_getchar
 .text.usart_write_line
                0x80005bf8       0x24 src/ASF/avr32/drivers/usart/usart.o
                0x80005bf8                usart_write_line
 .text.usart_reset
                0x80005c1c       0x2c src/ASF/avr32/drivers/usart/usart.o
                0x80005c1c                usart_reset
 .text.usart_init_rs232
                0x80005c48       0xcc src/ASF/avr32/drivers/usart/usart.o
                0x80005c48                usart_init_rs232
 .text._stext   0x80005d14       0x40 src/ASF/avr32/utils/startup/startup_uc3.o
                                 0x50 (size before relaxing)
                0x80005d14                _stext
 .text.vListInitialise
                0x80005d54       0x14 src/ASF/thirdparty/freertos/freertos-7.0.0/source/list.o
                0x80005d54                vListInitialise
 .text.vListInitialiseItem
                0x80005d68        0x6 src/ASF/thirdparty/freertos/freertos-7.0.0/source/list.o
                0x80005d68                vListInitialiseItem
 .text.vListInsertEnd
                0x80005d6e       0x1c src/ASF/thirdparty/freertos/freertos-7.0.0/source/list.o
                0x80005d6e                vListInsertEnd
 .text.vListInsert
                0x80005d8a       0x34 src/ASF/thirdparty/freertos/freertos-7.0.0/source/list.o
                0x80005d8a                vListInsert
 .text.vListRemove
                0x80005dbe       0x26 src/ASF/thirdparty/freertos/freertos-7.0.0/source/list.o
                0x80005dbe                vListRemove
 .text.pxPortInitialiseStack
                0x80005de4       0x92 src/ASF/thirdparty/freertos/freertos-7.0.0/source/portable/gcc/avr32_uc3/port.o
                0x80005de4                pxPortInitialiseStack
 *fill*         0x80005e76        0x2 d703d703
 .text.vPortEnterCritical
                0x80005e78       0x10 src/ASF/thirdparty/freertos/freertos-7.0.0/source/portable/gcc/avr32_uc3/port.o
                0x80005e78                vPortEnterCritical
 .text.xPortStartScheduler
                0x80005e88       0x58 src/ASF/thirdparty/freertos/freertos-7.0.0/source/portable/gcc/avr32_uc3/port.o
                0x80005e88                xPortStartScheduler
 .text.SCALLYield
                0x80005ee0       0x98 src/ASF/thirdparty/freertos/freertos-7.0.0/source/portable/gcc/avr32_uc3/port.o
                0x80005ee0                SCALLYield
 .text.prvClearCcInt
                0x80005f78        0xa src/ASF/thirdparty/freertos/freertos-7.0.0/source/portable/gcc/avr32_uc3/port.o
 *fill*         0x80005f82        0x2 d703d703
 .text.vPortExitCritical
                0x80005f84       0x20 src/ASF/thirdparty/freertos/freertos-7.0.0/source/portable/gcc/avr32_uc3/port.o
                0x80005f84                vPortExitCritical
 .text.vTick    0x80005fa4       0x84 src/ASF/thirdparty/freertos/freertos-7.0.0/source/portable/gcc/avr32_uc3/port.o
 .text.__malloc_lock
                0x80006028        0xc src/ASF/thirdparty/freertos/freertos-7.0.0/source/portable/gcc/avr32_uc3/port.o
                0x80006028                __malloc_lock
 .text.__malloc_unlock
                0x80006034        0xc src/ASF/thirdparty/freertos/freertos-7.0.0/source/portable/gcc/avr32_uc3/port.o
                0x80006034                __malloc_unlock
 .text._read    0x80006040       0x40 src/ASF/thirdparty/freertos/freertos-7.0.0/source/portable/gcc/avr32_uc3/read.o
                0x80006040                _read
 .text._write   0x80006080       0x3c src/ASF/thirdparty/freertos/freertos-7.0.0/source/portable/gcc/avr32_uc3/write.o
                0x80006080                _write
 .text.vPortFree
                0x800060bc       0x28 src/ASF/thirdparty/freertos/freertos-7.0.0/source/portable/memmang/heap_3.o
                0x800060bc                vPortFree
 .text.pvPortMalloc
                0x800060e4       0x28 src/ASF/thirdparty/freertos/freertos-7.0.0/source/portable/memmang/heap_3.o
                0x800060e4                pvPortMalloc
 .text.prvCopyDataFromQueue
                0x8000610c       0x30 src/ASF/thirdparty/freertos/freertos-7.0.0/source/queue.o
 .text.xQueueReceiveFromISR
                0x8000613c       0x50 src/ASF/thirdparty/freertos/freertos-7.0.0/source/queue.o
                0x8000613c                xQueueReceiveFromISR
 .text.prvUnlockQueue
                0x8000618c       0xa0 src/ASF/thirdparty/freertos/freertos-7.0.0/source/queue.o
 .text.xQueueGenericReceive
                0x8000622c      0x144 src/ASF/thirdparty/freertos/freertos-7.0.0/source/queue.o
                0x8000622c                xQueueGenericReceive
 .text.prvCopyDataToQueue
                0x80006370       0x78 src/ASF/thirdparty/freertos/freertos-7.0.0/source/queue.o
 .text.xQueueGenericSendFromISR
                0x800063e8       0x50 src/ASF/thirdparty/freertos/freertos-7.0.0/source/queue.o
                0x800063e8                xQueueGenericSendFromISR
 .text.xQueueGenericSend
                0x80006438      0x100 src/ASF/thirdparty/freertos/freertos-7.0.0/source/queue.o
                0x80006438                xQueueGenericSend
 .text.xQueueCreateMutex
                0x80006538       0x58 src/ASF/thirdparty/freertos/freertos-7.0.0/source/queue.o
                0x80006538                xQueueCreateMutex
 .text.xQueueCreate
                0x80006590       0x74 src/ASF/thirdparty/freertos/freertos-7.0.0/source/queue.o
                0x80006590                xQueueCreate
 .text.vTaskSuspendAll
                0x80006604       0x10 src/ASF/thirdparty/freertos/freertos-7.0.0/source/tasks.o
                0x80006604                vTaskSuspendAll
 .text.vTaskSwitchContext
                0x80006614       0x7c src/ASF/thirdparty/freertos/freertos-7.0.0/source/tasks.o
                0x80006614                vTaskSwitchContext
 .text.vTaskSetTimeOutState
                0x80006690       0x18 src/ASF/thirdparty/freertos/freertos-7.0.0/source/tasks.o
                0x80006690                vTaskSetTimeOutState
 .text.vTaskMissedYield
                0x800066a8        0xc src/ASF/thirdparty/freertos/freertos-7.0.0/source/tasks.o
                0x800066a8                vTaskMissedYield
 .text.xTaskGetCurrentTaskHandle
                0x800066b4        0xc src/ASF/thirdparty/freertos/freertos-7.0.0/source/tasks.o
                0x800066b4                xTaskGetCurrentTaskHandle
 .text.vTaskPriorityDisinherit
                0x800066c0       0x58 src/ASF/thirdparty/freertos/freertos-7.0.0/source/tasks.o
                0x800066c0                vTaskPriorityDisinherit
 .text.vTaskPriorityInherit
                0x80006718       0x84 src/ASF/thirdparty/freertos/freertos-7.0.0/source/tasks.o
                0x80006718                vTaskPriorityInherit
 .text.xTaskRemoveFromEventList
                0x8000679c       0x7c src/ASF/thirdparty/freertos/freertos-7.0.0/source/tasks.o
                0x8000679c                xTaskRemoveFromEventList
 .text.vTaskIncrementTick
                0x80006818      0x114 src/ASF/thirdparty/freertos/freertos-7.0.0/source/tasks.o
                0x80006818                vTaskIncrementTick
 .text.xTaskCheckForTimeOut
                0x8000692c       0x70 src/ASF/thirdparty/freertos/freertos-7.0.0/source/tasks.o
                0x8000692c                xTaskCheckForTimeOut
 .text.xTaskGetTickCount
                0x8000699c       0x24 src/ASF/thirdparty/freertos/freertos-7.0.0/source/tasks.o
                0x8000699c                xTaskGetTickCount
 .text.xTaskResumeAll
                0x800069c0       0xe8 src/ASF/thirdparty/freertos/freertos-7.0.0/source/tasks.o
                0x800069c0                xTaskResumeAll
 .text.prvAddCurrentTaskToDelayedList
                0x80006aa8       0x5c src/ASF/thirdparty/freertos/freertos-7.0.0/source/tasks.o
 .text.vTaskDelay
                0x80006b04       0x48 src/ASF/thirdparty/freertos/freertos-7.0.0/source/tasks.o
                0x80006b04                vTaskDelay
 .text.vTaskDelayUntil
                0x80006b4c       0x80 src/ASF/thirdparty/freertos/freertos-7.0.0/source/tasks.o
                0x80006b4c                vTaskDelayUntil
 .text.vTaskPlaceOnEventList
                0x80006bcc       0x58 src/ASF/thirdparty/freertos/freertos-7.0.0/source/tasks.o
                0x80006bcc                vTaskPlaceOnEventList
 .text.prvIdleTask
                0x80006c24       0x88 src/ASF/thirdparty/freertos/freertos-7.0.0/source/tasks.o
 .text.xTaskGenericCreate
                0x80006cac      0x1e8 src/ASF/thirdparty/freertos/freertos-7.0.0/source/tasks.o
                0x80006cac                xTaskGenericCreate
 .text.vTaskStartScheduler
                0x80006e94       0x4c src/ASF/thirdparty/freertos/freertos-7.0.0/source/tasks.o
                0x80006e94                vTaskStartScheduler
 .text.PrintChar
                0x80006ee0        0x4 src/Log/log.o
                0x80006ee0                PrintChar
 .text.PrintHex
                0x80006ee4       0xb2 src/Log/log.o
                0x80006ee4                PrintHex
 .text.PrintDec
                0x80006f96       0xda src/Log/log.o
                0x80006f96                PrintDec
 .text.log      0x80007070      0x18c src/Log/log.o
                0x80007070                log
 .text.logFromISR
                0x800071fc      0x180 src/Log/log.o
                0x800071fc                logFromISR
 .text.log_init
                0x8000737c       0x64 src/Log/log.o
                0x8000737c                log_init
 .text.task_log
                0x800073e0       0x44 src/Log/log.o
 .text.main     0x80007424       0x78 src/main.o
                0x80007424                main
 .text.free     0x8000749c       0x10 e:/program x86/atmel/studio/7.0/toolchain/avr32/avr32-gnu-toolchain/bin/../lib/gcc/avr32/4.4.7/../../../../avr32/lib/ucr2\libc.a(lib_a-malloc.o)
                                 0x18 (size before relaxing)
                0x8000749c                free
 .text.malloc   0x800074ac       0x10 e:/program x86/atmel/studio/7.0/toolchain/avr32/avr32-gnu-toolchain/bin/../lib/gcc/avr32/4.4.7/../../../../avr32/lib/ucr2\libc.a(lib_a-malloc.o)
                                 0x18 (size before relaxing)
                0x800074ac                malloc
 .text._malloc_r
                0x800074bc      0x438 e:/program x86/atmel/studio/7.0/toolchain/avr32/avr32-gnu-toolchain/bin/../lib/gcc/avr32/4.4.7/../../../../avr32/lib/ucr2\libc.a(lib_a-mallocr.o)
                                0x450 (size before relaxing)
                0x800074bc                _malloc_r
 .text          0x800078f4      0x148 e:/program x86/atmel/studio/7.0/toolchain/avr32/avr32-gnu-toolchain/bin/../lib/gcc/avr32/4.4.7/../../../../avr32/lib/ucr2\libc.a(lib_a-memcpy.o)
                0x800078f4                memcpy
 .text.memset   0x80007a3c        0xe e:/program x86/atmel/studio/7.0/toolchain/avr32/avr32-gnu-toolchain/bin/../lib/gcc/avr32/4.4.7/../../../../avr32/lib/ucr2\libc.a(lib_a-memset.o)
                0x80007a3c                memset
 *fill*         0x80007a4a        0x2 d703d703
 .text._realloc_r
                0x80007a4c      0x2c0 e:/program x86/atmel/studio/7.0/toolchain/avr32/avr32-gnu-toolchain/bin/../lib/gcc/avr32/4.4.7/../../../../avr32/lib/ucr2\libc.a(lib_a-reallocr.o)
                                0x2e0 (size before relaxing)
                0x80007a4c                _realloc_r
 .text._sbrk_r  0x80007d0c       0x20 e:/program x86/atmel/studio/7.0/toolchain/avr32/avr32-gnu-toolchain/bin/../lib/gcc/avr32/4.4.7/../../../../avr32/lib/ucr2\libc.a(lib_a-sbrkr.o)
                                 0x28 (size before relaxing)
                0x80007d0c                _sbrk_r
 .text.sprintf  0x80007d2c       0x3c e:/program x86/atmel/studio/7.0/toolchain/avr32/avr32-gnu-toolchain/bin/../lib/gcc/avr32/4.4.7/../../../../avr32/lib/ucr2\libc.a(lib_a-sprintf.o)
                                 0x40 (size before relaxing)
                0x80007d2c                sprintf
 .text          0x80007d68       0x20 e:/program x86/atmel/studio/7.0/toolchain/avr32/avr32-gnu-toolchain/bin/../lib/gcc/avr32/4.4.7/../../../../avr32/lib/ucr2\libc.a(lib_a-strncpy.o)
                0x80007d68                strncpy
 .text._close   0x80007d88       0x14 e:/program x86/atmel/studio/7.0/toolchain/avr32/avr32-gnu-toolchain/bin/../lib/gcc/avr32/4.4.7/../../../../avr32/lib/ucr2\libc.a(lib_a-syscalls.o)
                                 0x18 (size before relaxing)
                0x80007d88                _close
 .text._lseek   0x80007d9c       0x14 e:/program x86/atmel/studio/7.0/toolchain/avr32/avr32-gnu-toolchain/bin/../lib/gcc/avr32/4.4.7/../../../../avr32/lib/ucr2\libc.a(lib_a-syscalls.o)
                                 0x18 (size before relaxing)
                0x80007d9c                _lseek
 .text.isatty   0x80007db0       0x14 e:/program x86/atmel/studio/7.0/toolchain/avr32/avr32-gnu-toolchain/bin/../lib/gcc/avr32/4.4.7/../../../../avr32/lib/ucr2\libc.a(lib_a-syscalls.o)
                                 0x18 (size before relaxing)
                0x80007db0                isatty
 .text._fstat_host
                0x80007dc4       0x14 e:/program x86/atmel/studio/7.0/toolchain/avr32/avr32-gnu-toolchain/bin/../lib/gcc/avr32/4.4.7/../../../../avr32/lib/ucr2\libc.a(lib_a-syscalls.o)
                                 0x18 (size before relaxing)
                0x80007dc4                _fstat_host
 .text._fstat   0x80007dd8       0x4c e:/program x86/atmel/studio/7.0/toolchain/avr32/avr32-gnu-toolchain/bin/../lib/gcc/avr32/4.4.7/../../../../avr32/lib/ucr2\libc.a(lib_a-syscalls.o)
                                 0x50 (size before relaxing)
                0x80007dd8                _fstat
 .text._sbrk    0x80007e24       0x38 e:/program x86/atmel/studio/7.0/toolchain/avr32/avr32-gnu-toolchain/bin/../lib/gcc/avr32/4.4.7/../../../../avr32/lib/ucr2\libc.a(lib_a-syscalls.o)
                                 0x40 (size before relaxing)
                0x80007e24                _sbrk
 .text.get_arg  0x80007e5c      0x314 e:/program x86/atmel/studio/7.0/toolchain/avr32/avr32-gnu-toolchain/bin/../lib/gcc/avr32/4.4.7/../../../../avr32/lib/ucr2\libc.a(lib_a-vfprintf.o)
                                0x324 (size before relaxing)
 .text.__sprint_r
                0x80008170       0x1c e:/program x86/atmel/studio/7.0/toolchain/avr32/avr32-gnu-toolchain/bin/../lib/gcc/avr32/4.4.7/../../../../avr32/lib/ucr2\libc.a(lib_a-vfprintf.o)
                                 0x20 (size before relaxing)
 .text._vfprintf_r
                0x8000818c     0x1f14 e:/program x86/atmel/studio/7.0/toolchain/avr32/avr32-gnu-toolchain/bin/../lib/gcc/avr32/4.4.7/../../../../avr32/lib/ucr2\libc.a(lib_a-vfprintf.o)
                               0x1f9c (size before relaxing)
                0x8000818c                _vfprintf_r
 .text.__swsetup_r
                0x8000a0a0       0xdc e:/program x86/atmel/studio/7.0/toolchain/avr32/avr32-gnu-toolchain/bin/../lib/gcc/avr32/4.4.7/../../../../avr32/lib/ucr2\libc.a(lib_a-wsetup.o)
                                 0xe8 (size before relaxing)
                0x8000a0a0                __swsetup_r
 .text.quorem   0x8000a17c      0x120 e:/program x86/atmel/studio/7.0/toolchain/avr32/avr32-gnu-toolchain/bin/../lib/gcc/avr32/4.4.7/../../../../avr32/lib/ucr2\libc.a(lib_a-dtoa.o)
                                0x124 (size before relaxing)
 .text._dtoa_r  0x8000a29c      0xbdc e:/program x86/atmel/studio/7.0/toolchain/avr32/avr32-gnu-toolchain/bin/../lib/gcc/avr32/4.4.7/../../../../avr32/lib/ucr2\libc.a(lib_a-dtoa.o)
                                0xc90 (size before relaxing)
                0x8000a29c                _dtoa_r
 .text.__errno  0x8000ae78        0xc e:/program x86/atmel/studio/7.0/toolchain/avr32/avr32-gnu-toolchain/bin/../lib/gcc/avr32/4.4.7/../../../../avr32/lib/ucr2\libc.a(lib_a-errno.o)
                0x8000ae78                __errno
 .text._fflush_r
                0x8000ae84      0x10c e:/program x86/atmel/studio/7.0/toolchain/avr32/avr32-gnu-toolchain/bin/../lib/gcc/avr32/4.4.7/../../../../avr32/lib/ucr2\libc.a(lib_a-fflush.o)
                                0x118 (size before relaxing)
                0x8000ae84                _fflush_r
 .text.__sfp_lock_acquire
                0x8000af90        0x2 e:/program x86/atmel/studio/7.0/toolchain/avr32/avr32-gnu-toolchain/bin/../lib/gcc/avr32/4.4.7/../../../../avr32/lib/ucr2\libc.a(lib_a-findfp.o)
                0x8000af90                __sfp_lock_acquire
 .text.__sfp_lock_release
                0x8000af92        0x2 e:/program x86/atmel/studio/7.0/toolchain/avr32/avr32-gnu-toolchain/bin/../lib/gcc/avr32/4.4.7/../../../../avr32/lib/ucr2\libc.a(lib_a-findfp.o)
                0x8000af92                __sfp_lock_release
 .text._cleanup_r
                0x8000af94        0xc e:/program x86/atmel/studio/7.0/toolchain/avr32/avr32-gnu-toolchain/bin/../lib/gcc/avr32/4.4.7/../../../../avr32/lib/ucr2\libc.a(lib_a-findfp.o)
                                 0x14 (size before relaxing)
                0x8000af94                _cleanup_r
 .text.__sfmoreglue
                0x8000afa0       0x28 e:/program x86/atmel/studio/7.0/toolchain/avr32/avr32-gnu-toolchain/bin/../lib/gcc/avr32/4.4.7/../../../../avr32/lib/ucr2\libc.a(lib_a-findfp.o)
                                 0x30 (size before relaxing)
                0x8000afa0                __sfmoreglue
 .text.__sfp    0x8000afc8       0x6c e:/program x86/atmel/studio/7.0/toolchain/avr32/avr32-gnu-toolchain/bin/../lib/gcc/avr32/4.4.7/../../../../avr32/lib/ucr2\libc.a(lib_a-findfp.o)
                                 0x7c (size before relaxing)
                0x8000afc8                __sfp
 .text.__sinit  0x8000b034       0x9c e:/program x86/atmel/studio/7.0/toolchain/avr32/avr32-gnu-toolchain/bin/../lib/gcc/avr32/4.4.7/../../../../avr32/lib/ucr2\libc.a(lib_a-findfp.o)
                                 0xb0 (size before relaxing)
                0x8000b034                __sinit
 .text._malloc_trim_r
                0x8000b0d0       0x98 e:/program x86/atmel/studio/7.0/toolchain/avr32/avr32-gnu-toolchain/bin/../lib/gcc/avr32/4.4.7/../../../../avr32/lib/ucr2\libc.a(lib_a-freer.o)
                                 0xa8 (size before relaxing)
                0x8000b0d0                _malloc_trim_r
 .text._free_r  0x8000b168      0x18c e:/program x86/atmel/studio/7.0/toolchain/avr32/avr32-gnu-toolchain/bin/../lib/gcc/avr32/4.4.7/../../../../avr32/lib/ucr2\libc.a(lib_a-freer.o)
                                0x1a0 (size before relaxing)
                0x8000b168                _free_r
 .text.__sfvwrite_r
                0x8000b2f4      0x294 e:/program x86/atmel/studio/7.0/toolchain/avr32/avr32-gnu-toolchain/bin/../lib/gcc/avr32/4.4.7/../../../../avr32/lib/ucr2\libc.a(lib_a-fvwrite.o)
                                0x2c4 (size before relaxing)
                0x8000b2f4                __sfvwrite_r
 .text._fwalk   0x8000b588       0x4c e:/program x86/atmel/studio/7.0/toolchain/avr32/avr32-gnu-toolchain/bin/../lib/gcc/avr32/4.4.7/../../../../avr32/lib/ucr2\libc.a(lib_a-fwalk.o)
                                 0x54 (size before relaxing)
                0x8000b588                _fwalk
 .text._localeconv_r
                0x8000b5d4        0x8 e:/program x86/atmel/studio/7.0/toolchain/avr32/avr32-gnu-toolchain/bin/../lib/gcc/avr32/4.4.7/../../../../avr32/lib/ucr2\libc.a(lib_a-locale.o)
                0x8000b5d4                _localeconv_r
 .text.__smakebuf_r
                0x8000b5dc       0xbc e:/program x86/atmel/studio/7.0/toolchain/avr32/avr32-gnu-toolchain/bin/../lib/gcc/avr32/4.4.7/../../../../avr32/lib/ucr2\libc.a(lib_a-makebuf.o)
                                 0xcc (size before relaxing)
                0x8000b5dc                __smakebuf_r
 .text.memchr   0x8000b698       0x16 e:/program x86/atmel/studio/7.0/toolchain/avr32/avr32-gnu-toolchain/bin/../lib/gcc/avr32/4.4.7/../../../../avr32/lib/ucr2\libc.a(lib_a-memchr.o)
                0x8000b698                memchr
 .text.memmove  0x8000b6ae       0x3e e:/program x86/atmel/studio/7.0/toolchain/avr32/avr32-gnu-toolchain/bin/../lib/gcc/avr32/4.4.7/../../../../avr32/lib/ucr2\libc.a(lib_a-memmove.o)
                0x8000b6ae                memmove
 .text.__hi0bits
                0x8000b6ec       0x60 e:/program x86/atmel/studio/7.0/toolchain/avr32/avr32-gnu-toolchain/bin/../lib/gcc/avr32/4.4.7/../../../../avr32/lib/ucr2\libc.a(lib_a-mprec.o)
                0x8000b6ec                __hi0bits
 .text.__lo0bits
                0x8000b74c       0x8e e:/program x86/atmel/studio/7.0/toolchain/avr32/avr32-gnu-toolchain/bin/../lib/gcc/avr32/4.4.7/../../../../avr32/lib/ucr2\libc.a(lib_a-mprec.o)
                0x8000b74c                __lo0bits
 .text.__mcmp   0x8000b7da       0x32 e:/program x86/atmel/studio/7.0/toolchain/avr32/avr32-gnu-toolchain/bin/../lib/gcc/avr32/4.4.7/../../../../avr32/lib/ucr2\libc.a(lib_a-mprec.o)
                0x8000b7da                __mcmp
 .text._Bfree   0x8000b80c       0x34 e:/program x86/atmel/studio/7.0/toolchain/avr32/avr32-gnu-toolchain/bin/../lib/gcc/avr32/4.4.7/../../../../avr32/lib/ucr2\libc.a(lib_a-mprec.o)
                                 0x38 (size before relaxing)
                0x8000b80c                _Bfree
 .text._Balloc  0x8000b840       0x70 e:/program x86/atmel/studio/7.0/toolchain/avr32/avr32-gnu-toolchain/bin/../lib/gcc/avr32/4.4.7/../../../../avr32/lib/ucr2\libc.a(lib_a-mprec.o)
                                 0x78 (size before relaxing)
                0x8000b840                _Balloc
 .text.__d2b    0x8000b8b0       0xa0 e:/program x86/atmel/studio/7.0/toolchain/avr32/avr32-gnu-toolchain/bin/../lib/gcc/avr32/4.4.7/../../../../avr32/lib/ucr2\libc.a(lib_a-mprec.o)
                                 0xb4 (size before relaxing)
                0x8000b8b0                __d2b
 .text.__mdiff  0x8000b950       0xd0 e:/program x86/atmel/studio/7.0/toolchain/avr32/avr32-gnu-toolchain/bin/../lib/gcc/avr32/4.4.7/../../../../avr32/lib/ucr2\libc.a(lib_a-mprec.o)
                                 0xd8 (size before relaxing)
                0x8000b950                __mdiff
 .text.__lshift
                0x8000ba20       0x88 e:/program x86/atmel/studio/7.0/toolchain/avr32/avr32-gnu-toolchain/bin/../lib/gcc/avr32/4.4.7/../../../../avr32/lib/ucr2\libc.a(lib_a-mprec.o)
                                 0x94 (size before relaxing)
                0x8000ba20                __lshift
 .text.__multiply
                0x8000baa8      0x100 e:/program x86/atmel/studio/7.0/toolchain/avr32/avr32-gnu-toolchain/bin/../lib/gcc/avr32/4.4.7/../../../../avr32/lib/ucr2\libc.a(lib_a-mprec.o)
                                0x108 (size before relaxing)
                0x8000baa8                __multiply
 .text.__i2b    0x8000bba8       0x10 e:/program x86/atmel/studio/7.0/toolchain/avr32/avr32-gnu-toolchain/bin/../lib/gcc/avr32/4.4.7/../../../../avr32/lib/ucr2\libc.a(lib_a-mprec.o)
                                 0x18 (size before relaxing)
                0x8000bba8                __i2b
 .text.__multadd
                0x8000bbb8       0x7c e:/program x86/atmel/studio/7.0/toolchain/avr32/avr32-gnu-toolchain/bin/../lib/gcc/avr32/4.4.7/../../../../avr32/lib/ucr2\libc.a(lib_a-mprec.o)
                                 0x88 (size before relaxing)
                0x8000bbb8                __multadd
 .text.__pow5mult
                0x8000bc34       0x8c e:/program x86/atmel/studio/7.0/toolchain/avr32/avr32-gnu-toolchain/bin/../lib/gcc/avr32/4.4.7/../../../../avr32/lib/ucr2\libc.a(lib_a-mprec.o)
                                 0xac (size before relaxing)
                0x8000bc34                __pow5mult
 .text.__isinfd
                0x8000bcc0       0x2a e:/program x86/atmel/studio/7.0/toolchain/avr32/avr32-gnu-toolchain/bin/../lib/gcc/avr32/4.4.7/../../../../avr32/lib/ucr2\libc.a(lib_a-s_isinfd.o)
                0x8000bcc0                __isinfd
 .text.__isnand
                0x8000bcea       0x1c e:/program x86/atmel/studio/7.0/toolchain/avr32/avr32-gnu-toolchain/bin/../lib/gcc/avr32/4.4.7/../../../../avr32/lib/ucr2\libc.a(lib_a-s_isnand.o)
                0x8000bcea                __isnand
 *fill*         0x8000bd06        0x2 d703d703
 .text.__sclose
                0x8000bd08        0x8 e:/program x86/atmel/studio/7.0/toolchain/avr32/avr32-gnu-toolchain/bin/../lib/gcc/avr32/4.4.7/../../../../avr32/lib/ucr2\libc.a(lib_a-stdio.o)
                                 0x10 (size before relaxing)
                0x8000bd08                __sclose
 .text.__sseek  0x8000bd10       0x20 e:/program x86/atmel/studio/7.0/toolchain/avr32/avr32-gnu-toolchain/bin/../lib/gcc/avr32/4.4.7/../../../../avr32/lib/ucr2\libc.a(lib_a-stdio.o)
                                 0x28 (size before relaxing)
                0x8000bd10                __sseek
 .text.__swrite
                0x8000bd30       0x2c e:/program x86/atmel/studio/7.0/toolchain/avr32/avr32-gnu-toolchain/bin/../lib/gcc/avr32/4.4.7/../../../../avr32/lib/ucr2\libc.a(lib_a-stdio.o)
                                 0x38 (size before relaxing)
                0x8000bd30                __swrite
 .text.__sread  0x8000bd5c       0x1c e:/program x86/atmel/studio/7.0/toolchain/avr32/avr32-gnu-toolchain/bin/../lib/gcc/avr32/4.4.7/../../../../avr32/lib/ucr2\libc.a(lib_a-stdio.o)
                                 0x24 (size before relaxing)
                0x8000bd5c                __sread
 .text.strlen   0x8000bd78       0x16 e:/program x86/atmel/studio/7.0/toolchain/avr32/avr32-gnu-toolchain/bin/../lib/gcc/avr32/4.4.7/../../../../avr32/lib/ucr2\libc.a(lib_a-strlen.o)
                0x8000bd78                strlen
 *fill*         0x8000bd8e        0x2 d703d703
 .text._write_r
                0x8000bd90       0x28 e:/program x86/atmel/studio/7.0/toolchain/avr32/avr32-gnu-toolchain/bin/../lib/gcc/avr32/4.4.7/../../../../avr32/lib/ucr2\libc.a(lib_a-writer.o)
                                 0x2c (size before relaxing)
                0x8000bd90                _write_r
 .text._calloc_r
                0x8000bdb8       0x58 e:/program x86/atmel/studio/7.0/toolchain/avr32/avr32-gnu-toolchain/bin/../lib/gcc/avr32/4.4.7/../../../../avr32/lib/ucr2\libc.a(lib_a-callocr.o)
                                 0x60 (size before relaxing)
                0x8000bdb8                _calloc_r
 .text._close_r
                0x8000be10       0x20 e:/program x86/atmel/studio/7.0/toolchain/avr32/avr32-gnu-toolchain/bin/../lib/gcc/avr32/4.4.7/../../../../avr32/lib/ucr2\libc.a(lib_a-closer.o)
                                 0x28 (size before relaxing)
                0x8000be10                _close_r
 .text._fclose_r
                0x8000be30       0xb8 e:/program x86/atmel/studio/7.0/toolchain/avr32/avr32-gnu-toolchain/bin/../lib/gcc/avr32/4.4.7/../../../../avr32/lib/ucr2\libc.a(lib_a-fclose.o)
                                 0xd0 (size before relaxing)
                0x8000be30                _fclose_r
 .text.fclose   0x8000bee8       0x10 e:/program x86/atmel/studio/7.0/toolchain/avr32/avr32-gnu-toolchain/bin/../lib/gcc/avr32/4.4.7/../../../../avr32/lib/ucr2\libc.a(lib_a-fclose.o)
                                 0x18 (size before relaxing)
                0x8000bee8                fclose
 .text._fstat_r
                0x8000bef8       0x24 e:/program x86/atmel/studio/7.0/toolchain/avr32/avr32-gnu-toolchain/bin/../lib/gcc/avr32/4.4.7/../../../../avr32/lib/ucr2\libc.a(lib_a-fstatr.o)
                                 0x2c (size before relaxing)
                0x8000bef8                _fstat_r
 .text._lseek_r
                0x8000bf1c       0x28 e:/program x86/atmel/studio/7.0/toolchain/avr32/avr32-gnu-toolchain/bin/../lib/gcc/avr32/4.4.7/../../../../avr32/lib/ucr2\libc.a(lib_a-lseekr.o)
                                 0x2c (size before relaxing)
                0x8000bf1c                _lseek_r
 .text._read_r  0x8000bf44       0x28 e:/program x86/atmel/studio/7.0/toolchain/avr32/avr32-gnu-toolchain/bin/../lib/gcc/avr32/4.4.7/../../../../avr32/lib/ucr2\libc.a(lib_a-readr.o)
                                 0x2c (size before relaxing)
                0x8000bf44                _read_r
 .text          0x8000bf6c      0x1d4 e:/program x86/atmel/studio/7.0/toolchain/avr32/avr32-gnu-toolchain/bin/../lib/gcc/avr32/4.4.7/ucr2\libgcc.a(_avr32_f64_mul.o)
                0x8000bf6c                __avr32_f64_mul
 .text          0x8000c140      0x2b0 e:/program x86/atmel/studio/7.0/toolchain/avr32/avr32-gnu-toolchain/bin/../lib/gcc/avr32/4.4.7/ucr2\libgcc.a(_avr32_f64_addsub.o)
                0x8000c144                __avr32_f64_sub
                0x8000c2e0                __avr32_f64_add
 .text          0x8000c3f0       0x2a e:/program x86/atmel/studio/7.0/toolchain/avr32/avr32-gnu-toolchain/bin/../lib/gcc/avr32/4.4.7/ucr2\libgcc.a(_avr32_f64_to_s32.o)
                0x8000c3f0                __avr32_f64_to_u32
                0x8000c3f4                __avr32_f64_to_s32
 .text          0x8000c41a       0xe8 e:/program x86/atmel/studio/7.0/toolchain/avr32/avr32-gnu-toolchain/bin/../lib/gcc/avr32/4.4.7/ucr2\libgcc.a(_avr32_s32_to_f64.o)
                0x8000c41a                __avr32_u32_to_f64
                0x8000c422                __avr32_s32_to_f64
 .text          0x8000c502       0x26 e:/program x86/atmel/studio/7.0/toolchain/avr32/avr32-gnu-toolchain/bin/../lib/gcc/avr32/4.4.7/ucr2\libgcc.a(_avr32_f64_cmp_eq.o)
                0x8000c502                __avr32_f64_cmp_eq
 .text          0x8000c528       0x68 e:/program x86/atmel/studio/7.0/toolchain/avr32/avr32-gnu-toolchain/bin/../lib/gcc/avr32/4.4.7/ucr2\libgcc.a(_avr32_f64_cmp_ge.o)
                0x8000c528                __avr32_f64_cmp_ge
 .text          0x8000c590       0x68 e:/program x86/atmel/studio/7.0/toolchain/avr32/avr32-gnu-toolchain/bin/../lib/gcc/avr32/4.4.7/ucr2\libgcc.a(_avr32_f64_cmp_lt.o)
                0x8000c590                __avr32_f64_cmp_lt
 .text          0x8000c5f8      0x318 e:/program x86/atmel/studio/7.0/toolchain/avr32/avr32-gnu-toolchain/bin/../lib/gcc/avr32/4.4.7/ucr2\libgcc.a(_avr32_f64_div.o)
                0x8000c5f8                __avr32_f64_div
 .text          0x8000c910      0x264 e:/program x86/atmel/studio/7.0/toolchain/avr32/avr32-gnu-toolchain/bin/../lib/gcc/avr32/4.4.7/ucr2\libgcc.a(_udivdi3.o)
                0x8000c910                __avr32_udiv64
                0x8000c910                __udivdi3
 .text          0x8000cb74      0x20c e:/program x86/atmel/studio/7.0/toolchain/avr32/avr32-gnu-toolchain/bin/../lib/gcc/avr32/4.4.7/ucr2\libgcc.a(_umoddi3.o)
                0x8000cb74                __avr32_umod64
                0x8000cb74                __umoddi3
 *(.text.*personality*)
 *(.gnu.warning)

.exception      0x8000ce00      0x200
 .exception     0x8000ce00      0x200 src/ASF/thirdparty/freertos/freertos-7.0.0/source/portable/gcc/avr32_uc3/exception.o
                0x8000ce00                _evba
                0x8000cf04                _int0
                0x8000cf12                _int1
                0x8000cf20                _int2
                0x8000cf2e                _int3
                0x8000cf3c                ipr_val

.fini
 *(.fini)
                0x8000d000                PROVIDE (__etext, .)
                0x8000d000                PROVIDE (_etext, .)
                0x8000d000                PROVIDE (etext, .)

.rodata         0x8000d000     0x12b8
 *(.rodata .rodata.* .gnu.linkonce.r.*)
 .rodata.str1.4
                0x8000d000      0x739 src/Application/app/app.o
                                0x73c (size before relaxing)
 *fill*         0x8000d739        0x3 
 .rodata.str1.4
                0x8000d73c       0x1d src/Application/myrtc/xgrtc.o
                                 0x20 (size before relaxing)
 *fill*         0x8000d759        0x3 
 .rodata.CSWTCH.36
                0x8000d75c       0x48 src/Application/radio/ambe.o
 .rodata.str1.4
                0x8000d7a4       0x44 src/Application/radio/physical.o
 .rodata.str1.4
                0x8000d7e8        0x8 src/Application/radio/xcmp.o
 .rodata.str1.4
                0x8000d7f0        0xf src/Application/radio/xnl.o
                                 0x10 (size before relaxing)
 *fill*         0x8000d7ff        0x1 
 .rodata.C.72.12134
                0x8000d800       0x10 src/Application/RFID/MFRC522/rc522.o
 .rodata.CSWTCH.98
                0x8000d810        0x4 src/Application/RFID/MFRC522/rc522.o
 .rodata.CSWTCH.97
                0x8000d814        0x4 src/Application/RFID/MFRC522/rc522.o
 .rodata.RC522_SPI_GPIO_MAP.12132
                0x8000d818       0x20 src/Application/RFID/MFRC522/rc522.o
 .rodata.str1.4
                0x8000d838       0x85 src/Application/RFID/RFID.o
                                 0x88 (size before relaxing)
 *fill*         0x8000d8bd        0x3 
 .rodata.TC_GPIO_MAP.11090
                0x8000d8c0       0x18 src/Application/timers/timer.o
 .rodata.str1.4
                0x8000d8d8       0xae src/Application/xgflash/xgflash.o
                                 0xb0 (size before relaxing)
 *fill*         0x8000d986        0x2 
 .rodata._int_handler_table
                0x8000d988       0x98 src/ASF/avr32/drivers/intc/intc.o
 .rodata.str1.4
                0x8000da20        0x5 src/ASF/thirdparty/freertos/freertos-7.0.0/source/tasks.o
                                  0x8 (size before relaxing)
 *fill*         0x8000da25        0x3 
 .rodata.log    0x8000da28      0x150 src/Log/log.o
 .rodata.logFromISR
                0x8000db78      0x150 src/Log/log.o
 .rodata.USART_OPTIONS.11278
                0x8000dcc8        0xc src/Log/log.o
 .rodata.str1.4
                0x8000dcd4       0x3c src/Log/log.o
 .rodata.USART_GPIO_MAP.11277
                0x8000dd10       0x10 src/Log/log.o
 .rodata.str1.4
                0x8000dd20       0x14 src/main.o
 .rodata.get_arg
                0x8000dd34       0x3c e:/program x86/atmel/studio/7.0/toolchain/avr32/avr32-gnu-toolchain/bin/../lib/gcc/avr32/4.4.7/../../../../avr32/lib/ucr2\libc.a(lib_a-vfprintf.o)
 .rodata._vfprintf_r
                0x8000dd70      0x164 e:/program x86/atmel/studio/7.0/toolchain/avr32/avr32-gnu-toolchain/bin/../lib/gcc/avr32/4.4.7/../../../../avr32/lib/ucr2\libc.a(lib_a-vfprintf.o)
 .rodata.state_table
                0x8000ded4       0x6c e:/program x86/atmel/studio/7.0/toolchain/avr32/avr32-gnu-toolchain/bin/../lib/gcc/avr32/4.4.7/../../../../avr32/lib/ucr2\libc.a(lib_a-vfprintf.o)
 .rodata.action_table
                0x8000df40       0x6c e:/program x86/atmel/studio/7.0/toolchain/avr32/avr32-gnu-toolchain/bin/../lib/gcc/avr32/4.4.7/../../../../avr32/lib/ucr2\libc.a(lib_a-vfprintf.o)
 .rodata.str1.4
                0x8000dfac       0x3a e:/program x86/atmel/studio/7.0/toolchain/avr32/avr32-gnu-toolchain/bin/../lib/gcc/avr32/4.4.7/../../../../avr32/lib/ucr2\libc.a(lib_a-vfprintf.o)
                                 0x3c (size before relaxing)
 *fill*         0x8000dfe6        0x2 
 .rodata.blanks.3430
                0x8000dfe8       0x10 e:/program x86/atmel/studio/7.0/toolchain/avr32/avr32-gnu-toolchain/bin/../lib/gcc/avr32/4.4.7/../../../../avr32/lib/ucr2\libc.a(lib_a-vfprintf.o)
 .rodata.zeroes.3431
                0x8000dff8       0x10 e:/program x86/atmel/studio/7.0/toolchain/avr32/avr32-gnu-toolchain/bin/../lib/gcc/avr32/4.4.7/../../../../avr32/lib/ucr2\libc.a(lib_a-vfprintf.o)
 .rodata.chclass
                0x8000e008      0x100 e:/program x86/atmel/studio/7.0/toolchain/avr32/avr32-gnu-toolchain/bin/../lib/gcc/avr32/4.4.7/../../../../avr32/lib/ucr2\libc.a(lib_a-vfprintf.o)
 .rodata.str1.4
                0x8000e108       0x10 e:/program x86/atmel/studio/7.0/toolchain/avr32/avr32-gnu-toolchain/bin/../lib/gcc/avr32/4.4.7/../../../../avr32/lib/ucr2\libc.a(lib_a-dtoa.o)
                                 0x14 (size before relaxing)
 .rodata.__sf_fake_stdin
                0x8000e118       0x20 e:/program x86/atmel/studio/7.0/toolchain/avr32/avr32-gnu-toolchain/bin/../lib/gcc/avr32/4.4.7/../../../../avr32/lib/ucr2\libc.a(lib_a-findfp.o)
                0x8000e118                __sf_fake_stdin
 .rodata.__sf_fake_stdout
                0x8000e138       0x20 e:/program x86/atmel/studio/7.0/toolchain/avr32/avr32-gnu-toolchain/bin/../lib/gcc/avr32/4.4.7/../../../../avr32/lib/ucr2\libc.a(lib_a-findfp.o)
                0x8000e138                __sf_fake_stdout
 .rodata.__sf_fake_stderr
                0x8000e158       0x20 e:/program x86/atmel/studio/7.0/toolchain/avr32/avr32-gnu-toolchain/bin/../lib/gcc/avr32/4.4.7/../../../../avr32/lib/ucr2\libc.a(lib_a-findfp.o)
                0x8000e158                __sf_fake_stderr
 .rodata.str1.4
                0x8000e178        0x2 e:/program x86/atmel/studio/7.0/toolchain/avr32/avr32-gnu-toolchain/bin/../lib/gcc/avr32/4.4.7/../../../../avr32/lib/ucr2\libc.a(lib_a-impure.o)
                                  0x4 (size before relaxing)
 *fill*         0x8000e17a        0x2 
 .rodata._global_impure_ptr
                0x8000e17c        0x4 e:/program x86/atmel/studio/7.0/toolchain/avr32/avr32-gnu-toolchain/bin/../lib/gcc/avr32/4.4.7/../../../../avr32/lib/ucr2\libc.a(lib_a-impure.o)
                0x8000e17c                _global_impure_ptr
 .rodata.lconv  0x8000e180       0x30 e:/program x86/atmel/studio/7.0/toolchain/avr32/avr32-gnu-toolchain/bin/../lib/gcc/avr32/4.4.7/../../../../avr32/lib/ucr2\libc.a(lib_a-locale.o)
 .rodata.str1.4
                0x8000e1b0        0xc e:/program x86/atmel/studio/7.0/toolchain/avr32/avr32-gnu-toolchain/bin/../lib/gcc/avr32/4.4.7/../../../../avr32/lib/ucr2\libc.a(lib_a-locale.o)
                                 0x18 (size before relaxing)
 .rodata.p05.2471
                0x8000e1bc        0xc e:/program x86/atmel/studio/7.0/toolchain/avr32/avr32-gnu-toolchain/bin/../lib/gcc/avr32/4.4.7/../../../../avr32/lib/ucr2\libc.a(lib_a-mprec.o)
 .rodata.__mprec_tens
                0x8000e1c8       0xc8 e:/program x86/atmel/studio/7.0/toolchain/avr32/avr32-gnu-toolchain/bin/../lib/gcc/avr32/4.4.7/../../../../avr32/lib/ucr2\libc.a(lib_a-mprec.o)
                0x8000e1c8                __mprec_tens
 .rodata.__mprec_bigtens
                0x8000e290       0x28 e:/program x86/atmel/studio/7.0/toolchain/avr32/avr32-gnu-toolchain/bin/../lib/gcc/avr32/4.4.7/../../../../avr32/lib/ucr2\libc.a(lib_a-mprec.o)
                0x8000e290                __mprec_bigtens

.rodata1
 *(.rodata1)

.eh_frame_hdr
 *(.eh_frame_hdr)

.eh_frame
 *(.eh_frame)

.gcc_except_table
 *(.gcc_except_table)
 *(.gcc_except_table.*)

.dalign         0x8000e2b8        0x0
                0x8000e2b8                . = ALIGN (0x8)
                0x8000e2b8                PROVIDE (_data_lma, .)
                0x00000004                PROVIDE (_data, ORIGIN (CPUSRAM))
                0x00000004                . = ORIGIN (CPUSRAM)

.eh_frame
 *(.eh_frame)

.gcc_except_table
 *(.gcc_except_table)
 *(.gcc_except_table.*)

.tdata
 *(.tdata .tdata.* .gnu.linkonce.td.*)

.tbss
 *(.tbss .tbss.* .gnu.linkonce.tb.*)
 *(.tcommon)
                0x00000004                PROVIDE (__preinit_array_start, ALIGN (0x4))

.preinit_array
 *(.preinit_array)
                0x00000004                PROVIDE (__preinit_array_end, .)
                0x00000004                PROVIDE (__init_array_start, .)

.init_array
 *(.init_array)
                0x00000004                PROVIDE (__init_array_end, .)
                0x00000004                PROVIDE (__fini_array_start, .)

.fini_array
 *(.fini_array)
                0x00000004                PROVIDE (__fini_array_end, .)

.ctors
 *crtbegin*.o(.ctors)
 *(EXCLUDE_FILE(*crtend*.o) .ctors)
 *(SORT(.ctors.*))
 *(.ctors)

.dtors
 *crtbegin*.o(.dtors)
 *(EXCLUDE_FILE(*crtend*.o) .dtors)
 *(SORT(.dtors.*))
 *(.dtors)

.jcr
 *(.jcr)

.data.rel.ro
 *(.data.rel.ro.local)
 *(.data.rel.ro*)

.dynamic
 *(.dynamic)

.got
 *(.got.plt)
 *(.got)

.data           0x00000004      0xa40 load address 0x8000e2b8
 *(.data .data.* .gnu.linkonce.d.*)
 .data.get_time_okay
                0x00000004        0x1 src/Application/app/app.o
 *fill*         0x00000005        0x3 
 .data.the_app_list
                0x00000008      0x4ec src/Application/app/app.o
 .data.print_sec
                0x000004f4        0x4 src/Application/myrtc/xgrtc.o
 .data.xnl_proc_list
                0x000004f8       0x34 src/Application/radio/xnl.o
 .data.unsure_data
                0x0000052c        0x8 src/Application/RFID/RFID.o
                0x0000052c                unsure_data
 .data.start_session.12205
                0x00000534        0x1 src/Application/RFID/RFID.o
 *fill*         0x00000535        0x3 
 .data.ulCriticalNesting
                0x00000538        0x4 src/ASF/thirdparty/freertos/freertos-7.0.0/source/portable/gcc/avr32_uc3/port.o
                0x00000538                ulCriticalNesting
 .data.xNextTaskUnblockTime
                0x0000053c        0x4 src/ASF/thirdparty/freertos/freertos-7.0.0/source/tasks.o
 .data.__malloc_av_
                0x00000540      0x408 e:/program x86/atmel/studio/7.0/toolchain/avr32/avr32-gnu-toolchain/bin/../lib/gcc/avr32/4.4.7/../../../../avr32/lib/ucr2\libc.a(lib_a-mallocr.o)
                0x00000540                __malloc_av_
 .data.__malloc_trim_threshold
                0x00000948        0x4 e:/program x86/atmel/studio/7.0/toolchain/avr32/avr32-gnu-toolchain/bin/../lib/gcc/avr32/4.4.7/../../../../avr32/lib/ucr2\libc.a(lib_a-mallocr.o)
                0x00000948                __malloc_trim_threshold
 .data.__malloc_sbrk_base
                0x0000094c        0x4 e:/program x86/atmel/studio/7.0/toolchain/avr32/avr32-gnu-toolchain/bin/../lib/gcc/avr32/4.4.7/../../../../avr32/lib/ucr2\libc.a(lib_a-mallocr.o)
                0x0000094c                __malloc_sbrk_base
 .data.impure_data
                0x00000950       0xf0 e:/program x86/atmel/studio/7.0/toolchain/avr32/avr32-gnu-toolchain/bin/../lib/gcc/avr32/4.4.7/../../../../avr32/lib/ucr2\libc.a(lib_a-impure.o)
 .data._impure_ptr
                0x00000a40        0x4 e:/program x86/atmel/studio/7.0/toolchain/avr32/avr32-gnu-toolchain/bin/../lib/gcc/avr32/4.4.7/../../../../avr32/lib/ucr2\libc.a(lib_a-impure.o)
                0x00000a40                _impure_ptr
 *(.gnu.linkonce.d.*personality*)

.data1
 *(.data1)

.balign         0x00000a44        0x4 load address 0x8000ecf8
                0x00000a48                . = ALIGN (0x8)
 *fill*         0x00000a44        0x4 
                0x00000a48                _edata = .
                0x00000a48                _edata = .
                0x00000a48                PROVIDE (edata, .)
                0x00000a48                __bss_start = .

.bss            0x00000a48     0x4990 load address 0x8000ecf8
 *(.dynbss)
 *(.bss .bss.* .gnu.linkonce.b.*)
 .bss.Speaker_is_unmute
                0x00000a48        0x1 src/Application/app/app.o
                0x00000a48                Speaker_is_unmute
 .bss.AMBE_rx_flag
                0x00000a49        0x1 src/Application/app/app.o
                0x00000a49                AMBE_rx_flag
 .bss.VF_SN     0x00000a4a        0x1 src/Application/app/app.o
                0x00000a4a                VF_SN
 .bss.AMBE_tx_flag
                0x00000a4b        0x1 src/Application/app/app.o
                0x00000a4b                AMBE_tx_flag
 .bss.Radio_Transmit_State
                0x00000a4c        0x1 src/Application/app/app.o
                0x00000a4c                Radio_Transmit_State
 .bss.Call_Begin
                0x00000a4d        0x1 src/Application/app/app.o
                0x00000a4d                Call_Begin
 .bss.times_counter.12752
                0x00000a4e        0x1 src/Application/app/app.o
 .bss.AMBE_Media
                0x00000a4f        0x1 src/Application/app/app.o
                0x00000a4f                AMBE_Media
 .bss.OB_State.12709
                0x00000a50        0x4 src/Application/app/app.o
 .bss.connect_flag
                0x00000a54        0x1 src/Application/app/app.o
 .bss.Mic_is_Enabled
                0x00000a55        0x1 src/Application/app/app.o
                0x00000a55                Mic_is_Enabled
 *fill*         0x00000a56        0x2 
 .bss.xLastWakeTime.12704
                0x00000a58        0x4 src/Application/app/app.o
 .bss.res.12693
                0x00000a5c        0x4 src/Application/app/app.o
 .bss.Terminator_Flag
                0x00000a60        0x1 src/Application/app/app.o
                0x00000a60                Terminator_Flag
 *fill*         0x00000a61        0x3 
 .bss.ulIdleCycleCount
                0x00000a64        0x4 src/Application/app/app.o
                0x00000a64                ulIdleCycleCount
 .bss.payload_rx_exec
                0x00000a68        0x4 src/Application/radio/payload.o
                0x00000a68                payload_rx_exec
 .bss.payload_tx_exec
                0x00000a6c        0x4 src/Application/radio/payload.o
                0x00000a6c                payload_tx_exec
 .bss.phy_tx_index.10647
                0x00000a70        0x1 src/Application/radio/physical.o
 *fill*         0x00000a71        0x3 
 .bss.RxBytesWaiting.10956
                0x00000a74        0x4 src/Application/radio/physical.o
 .bss.phy_rx_length.10690
                0x00000a78        0x2 src/Application/radio/physical.o
 *fill*         0x00000a7a        0x2 
 .bss.RxData_IsFillingNext16.10955
                0x00000a7c        0x4 src/Application/radio/physical.o
 .bss.AMBE_HT   0x00000a80        0x8 src/Application/radio/physical.o
 .bss.Item_ID.10961
                0x00000a88        0x1 src/Application/radio/physical.o
 .bss.is_first.10960
                0x00000a89        0x1 src/Application/radio/physical.o
 .bss.phy_rx_expexted_length.10689
                0x00000a8a        0x2 src/Application/radio/physical.o
 .bss.AMBE_payload_ptr.10959
                0x00000a8c        0x4 src/Application/radio/physical.o
 .bss.phy_tx_state.10645
                0x00000a90        0x4 src/Application/radio/physical.o
 .bss.RxMedia_IsFillingNext16.10953
                0x00000a94        0x4 src/Application/radio/physical.o
 .bss.phy_frame_ptr.10688
                0x00000a98        0x4 src/Application/radio/physical.o
 .bss.phy_ptr.10644
                0x00000a9c        0x4 src/Application/radio/physical.o
 .bss.xnl_store_idle
                0x00000aa0        0x4 src/Application/radio/physical.o
                0x00000aa0                xnl_store_idle
 .bss.payload_store_idle
                0x00000aa4        0x4 src/Application/radio/physical.o
                0x00000aa4                payload_store_idle
 .bss.phy_rx_state.10692
                0x00000aa8        0x4 src/Application/radio/physical.o
 .bss.phy_check_sum.10691
                0x00000aac        0x2 src/Application/radio/physical.o
 *fill*         0x00000aae        0x2 
 .bss.phy_xnl_frame_rx
                0x00000ab0        0x4 src/Application/radio/physical.o
                0x00000ab0                phy_xnl_frame_rx
 .bss.payload_ptr.10958
                0x00000ab4        0x4 src/Application/radio/physical.o
 .bss.phy_tx_expexted_length.10646
                0x00000ab8        0x2 src/Application/radio/physical.o
 *fill*         0x00000aba        0x2 
 .bss.m_RxBurstType
                0x00000abc        0x4 src/Application/radio/physical.o
 .bss.RxAMBE_IsFillingNext8.10954
                0x00000ac0        0x4 src/Application/radio/physical.o
 .bss.phy_payload_frame_tx
                0x00000ac4        0x4 src/Application/radio/physical.o
                0x00000ac4                phy_payload_frame_tx
 .bss.phy_rx_count.10693
                0x00000ac8        0x4 src/Application/radio/physical.o
 .bss.SDV_Index.10964
                0x00000acc        0x1 src/Application/radio/physical.o
 *fill*         0x00000acd        0x3 
 .bss.phy_xnl_frame_tx
                0x00000ad0        0x4 src/Application/radio/physical.o
                0x00000ad0                phy_xnl_frame_tx
 .bss.RxMediaState.10952
                0x00000ad4        0x4 src/Application/radio/physical.o
 .bss.ArrayDiscLength.10957
                0x00000ad8        0x4 src/Application/radio/physical.o
 .bss.phy_payload_frame_rx
                0x00000adc        0x4 src/Application/radio/physical.o
                0x00000adc                phy_payload_frame_rx
 .bss.Item_Length.10962
                0x00000ae0        0x4 src/Application/radio/physical.o
 .bss.phy_rx_exec
                0x00000ae4        0x4 src/Application/radio/ssc.o
                0x00000ae4                phy_rx_exec
 .bss.xHigherPriorityTaskWoken.9824
                0x00000ae8        0x4 src/Application/radio/ssc.o
 .bss.count.9825
                0x00000aec        0x4 src/Application/radio/ssc.o
 .bss.phy_tx_exec
                0x00000af0        0x4 src/Application/radio/ssc.o
                0x00000af0                phy_tx_exec
 .bss.version_information
                0x00000af4        0xc src/Application/radio/xcmp.o
                0x00000af4                version_information
 .bss.clone_read
                0x00000b00        0xc src/Application/radio/xcmp.o
                0x00000b00                clone_read
 .bss.xcmp_frame_rx
                0x00000b0c        0x4 src/Application/radio/xcmp.o
 .bss.clone_write
                0x00000b10        0xc src/Application/radio/xcmp.o
                0x00000b10                clone_write
 .bss.automatic_frequency_correction_control
                0x00000b1c        0xc src/Application/radio/xcmp.o
                0x00000b1c                automatic_frequency_correction_control
 .bss.language_pack_information
                0x00000b28        0xc src/Application/radio/xcmp.o
                0x00000b28                language_pack_information
 .bss.radio_status
                0x00000b34        0xc src/Application/radio/xcmp.o
                0x00000b34                radio_status
 .bss.xnl_timeout_semphr
                0x00000b40        0x4 src/Application/radio/xnl.o
 .bss.flags.10672
                0x00000b44        0x1 src/Application/radio/xnl.o
 *fill*         0x00000b45        0x1 
 .bss.xnl_information
                0x00000b46        0xa src/Application/radio/xnl.o
 .bss.xnl_tx_state.10716
                0x00000b50        0x4 src/Application/radio/xnl.o
 .bss.xnl_frame_tx
                0x00000b54        0x4 src/Application/radio/xnl.o
 .bss.xnl_send_times.10717
                0x00000b58        0x4 src/Application/radio/xnl.o
 .bss.ptr.10718
                0x00000b5c        0x4 src/Application/radio/xnl.o
 .bss.xcmp_exec
                0x00000b60        0x4 src/Application/radio/xnl.o
                0x00000b60                xcmp_exec
 .bss.rc522_init_failure
                0x00000b64        0x1 src/Application/RFID/MFRC522/rc522.o
                0x00000b64                rc522_init_failure
 *fill*         0x00000b65        0x3 
 .bss.SN.12200  0x00000b68        0xc src/Application/RFID/RFID.o
 .bss.xg_resend_queue
                0x00000b74        0x4 src/Application/xgflash/xgflash.o
                0x00000b74                xg_resend_queue
 .bss.xgflash_mutex
                0x00000b78        0x4 src/Application/xgflash/xgflash.o
 .bss.message_storage_queue
                0x00000b7c        0x4 src/Application/xgflash/xgflash.o
                0x00000b7c                message_storage_queue
 .bss._int_line_handler_table_6
                0x00000b80        0x4 src/ASF/avr32/drivers/intc/intc.o
 .bss._int_line_handler_table_7
                0x00000b84        0x4 src/ASF/avr32/drivers/intc/intc.o
 .bss._int_line_handler_table_8
                0x00000b88        0x4 src/ASF/avr32/drivers/intc/intc.o
 .bss._int_line_handler_table_9
                0x00000b8c        0x4 src/ASF/avr32/drivers/intc/intc.o
 .bss._int_line_handler_table_10
                0x00000b90        0x4 src/ASF/avr32/drivers/intc/intc.o
 .bss._int_line_handler_table_11
                0x00000b94        0x4 src/ASF/avr32/drivers/intc/intc.o
 .bss._int_line_handler_table_12
                0x00000b98        0x4 src/ASF/avr32/drivers/intc/intc.o
 .bss._int_line_handler_table_13
                0x00000b9c        0x4 src/ASF/avr32/drivers/intc/intc.o
 .bss._int_line_handler_table_14
                0x00000ba0        0xc src/ASF/avr32/drivers/intc/intc.o
 .bss._int_line_handler_table_15
                0x00000bac        0x4 src/ASF/avr32/drivers/intc/intc.o
 .bss._int_line_handler_table_16
                0x00000bb0        0x4 src/ASF/avr32/drivers/intc/intc.o
 .bss._int_line_handler_table_17
                0x00000bb4        0x4 src/ASF/avr32/drivers/intc/intc.o
 .bss._int_line_handler_table_18
                0x00000bb8        0x4 src/ASF/avr32/drivers/intc/intc.o
 .bss._int_line_handler_table_0
                0x00000bbc        0x4 src/ASF/avr32/drivers/intc/intc.o
 .bss._int_line_handler_table_1
                0x00000bc0       0x2c src/ASF/avr32/drivers/intc/intc.o
 .bss._int_line_handler_table_2
                0x00000bec       0x18 src/ASF/avr32/drivers/intc/intc.o
 .bss._int_line_handler_table_3
                0x00000c04       0x1c src/ASF/avr32/drivers/intc/intc.o
 .bss._int_line_handler_table_4
                0x00000c20        0x4 src/ASF/avr32/drivers/intc/intc.o
 .bss._int_line_handler_table_5
                0x00000c24        0x4 src/ASF/avr32/drivers/intc/intc.o
 .bss.uxMissedTicks
                0x00000c28        0x4 src/ASF/thirdparty/freertos/freertos-7.0.0/source/tasks.o
 .bss.uxTopUsedPriority
                0x00000c2c        0x4 src/ASF/thirdparty/freertos/freertos-7.0.0/source/tasks.o
 .bss.pxDelayedTaskList
                0x00000c30        0x4 src/ASF/thirdparty/freertos/freertos-7.0.0/source/tasks.o
 .bss.xSchedulerRunning
                0x00000c34        0x4 src/ASF/thirdparty/freertos/freertos-7.0.0/source/tasks.o
 .bss.uxTasksDeleted
                0x00000c38        0x4 src/ASF/thirdparty/freertos/freertos-7.0.0/source/tasks.o
 .bss.xNumOfOverflows
                0x00000c3c        0x4 src/ASF/thirdparty/freertos/freertos-7.0.0/source/tasks.o
 .bss.pxOverflowDelayedTaskList
                0x00000c40        0x4 src/ASF/thirdparty/freertos/freertos-7.0.0/source/tasks.o
 .bss.pxReadyTasksLists
                0x00000c44       0xa0 src/ASF/thirdparty/freertos/freertos-7.0.0/source/tasks.o
 .bss.xTasksWaitingTermination
                0x00000ce4       0x14 src/ASF/thirdparty/freertos/freertos-7.0.0/source/tasks.o
 .bss.pxCurrentTCB
                0x00000cf8        0x4 src/ASF/thirdparty/freertos/freertos-7.0.0/source/tasks.o
                0x00000cf8                pxCurrentTCB
 .bss.xPendingReadyList
                0x00000cfc       0x14 src/ASF/thirdparty/freertos/freertos-7.0.0/source/tasks.o
 .bss.xDelayedTaskList1
                0x00000d10       0x14 src/ASF/thirdparty/freertos/freertos-7.0.0/source/tasks.o
 .bss.xTickCount
                0x00000d24        0x4 src/ASF/thirdparty/freertos/freertos-7.0.0/source/tasks.o
 .bss.uxSchedulerSuspended
                0x00000d28        0x4 src/ASF/thirdparty/freertos/freertos-7.0.0/source/tasks.o
 .bss.xDelayedTaskList2
                0x00000d2c       0x14 src/ASF/thirdparty/freertos/freertos-7.0.0/source/tasks.o
 .bss.uxTaskNumber
                0x00000d40        0x4 src/ASF/thirdparty/freertos/freertos-7.0.0/source/tasks.o
 .bss.uxCurrentNumberOfTasks
                0x00000d44        0x4 src/ASF/thirdparty/freertos/freertos-7.0.0/source/tasks.o
 .bss.xMissedYield
                0x00000d48        0x4 src/ASF/thirdparty/freertos/freertos-7.0.0/source/tasks.o
 .bss.xSuspendedTaskList
                0x00000d4c       0x14 src/ASF/thirdparty/freertos/freertos-7.0.0/source/tasks.o
 .bss.uxTopReadyPriority
                0x00000d60        0x4 src/ASF/thirdparty/freertos/freertos-7.0.0/source/tasks.o
 .bss.lench.11294
                0x00000d64        0x1 src/Log/log.o
 .bss.lench.11364
                0x00000d65        0x1 src/Log/log.o
 *fill*         0x00000d66        0x2 
 .bss.__malloc_max_total_mem
                0x00000d68        0x4 e:/program x86/atmel/studio/7.0/toolchain/avr32/avr32-gnu-toolchain/bin/../lib/gcc/avr32/4.4.7/../../../../avr32/lib/ucr2\libc.a(lib_a-mallocr.o)
                0x00000d68                __malloc_max_total_mem
 .bss.__malloc_max_sbrked_mem
                0x00000d6c        0x4 e:/program x86/atmel/studio/7.0/toolchain/avr32/avr32-gnu-toolchain/bin/../lib/gcc/avr32/4.4.7/../../../../avr32/lib/ucr2\libc.a(lib_a-mallocr.o)
                0x00000d6c                __malloc_max_sbrked_mem
 .bss.__malloc_top_pad
                0x00000d70        0x4 e:/program x86/atmel/studio/7.0/toolchain/avr32/avr32-gnu-toolchain/bin/../lib/gcc/avr32/4.4.7/../../../../avr32/lib/ucr2\libc.a(lib_a-mallocr.o)
                0x00000d70                __malloc_top_pad
 .bss.__malloc_current_mallinfo
                0x00000d74       0x28 e:/program x86/atmel/studio/7.0/toolchain/avr32/avr32-gnu-toolchain/bin/../lib/gcc/avr32/4.4.7/../../../../avr32/lib/ucr2\libc.a(lib_a-mallocr.o)
                0x00000d74                __malloc_current_mallinfo
 .bss.cur_heap_pos.1869
                0x00000d9c        0x4 e:/program x86/atmel/studio/7.0/toolchain/avr32/avr32-gnu-toolchain/bin/../lib/gcc/avr32/4.4.7/../../../../avr32/lib/ucr2\libc.a(lib_a-syscalls.o)
 *(COMMON)
 COMMON         0x00000da0      0x28a src/Application/app/app.o
                0x00000da0                bunchofrandomstatusflags
                0x00000da4                Current_time
                0x00000daa                message_store
 *fill*         0x0000102a        0x2 
 COMMON         0x0000102c     0x1004 src/Application/flash/data_flash.o
                0x0000102c                FLASH_BUF
                0x0000202c                spi
 COMMON         0x00002030      0x122 src/Application/radio/ambe.o
                0x00002030                AMBEBurst_rawdata
                0x00002038                Radio_Internal_Data
                0x0000203c                AMBE_DecryptionKey
                0x00002044                SendAMBEBurst_EncryptionPackage
                0x00002134                VBSP_data
                0x00002138                Soft_Decision_Data
 COMMON         0x00002152     0x3200 src/Application/radio/physical.o
                0x00002152                payload_store
                0x00003552                xnl_store
 *fill*         0x00005352        0x2 
 COMMON         0x00005354       0x4c src/Application/radio/ssc.o
                0x00005354                intDuration
                0x00005358                BufferIndex
                0x0000535c                intStartCount
                0x00005360                RxBuffer
                0x00005380                TxBuffer
 COMMON         0x000053a0        0x4 src/Application/radio/xcmp.o
                0x000053a0                app_list
 COMMON         0x000053a4       0x18 src/Application/RFID/RFID.o
                0x000053a4                RFID
                0x000053b4                CT
                0x000053b8                SN
 COMMON         0x000053bc        0x8 src/Application/xgflash/xgflash.o
                0x000053bc                xBinarySemaphore
                0x000053c0                save_handle
 COMMON         0x000053c4        0x4 src/ASF/avr32/drivers/spi/spi.o
                0x000053c4                xSPIMutex
 COMMON         0x000053c8        0x4 src/ASF/thirdparty/freertos/freertos-7.0.0/source/portable/gcc/avr32_uc3/write.o
                0x000053c8                stdio_usart_base
 COMMON         0x000053cc        0x4 src/Log/log.o
                0x000053cc                logQueue
 COMMON         0x000053d0        0x4 e:/program x86/atmel/studio/7.0/toolchain/avr32/avr32-gnu-toolchain/bin/../lib/gcc/avr32/4.4.7/../../../../avr32/lib/ucr2\libc.a(lib_a-reent.o)
                0x000053d0                errno
                0x000053d8                . = ALIGN (0x8)
 *fill*         0x000053d4        0x4 
                0x000053d8                . = ALIGN (0x8)
                0x000053d8                _end = .
                0x000053d8                PROVIDE (end, .)
                0x000053d8                __heap_start__ = ALIGN (0x8)
                0x00017000                . = ((ORIGIN (CPUSRAM) + 0x17ffc) - _stack_size)
                0x00017000                __heap_end__ = .

.stab
 *(.stab)

.stabstr
 *(.stabstr)

.stab.excl
 *(.stab.excl)

.stab.exclstr
 *(.stab.exclstr)

.stab.index
 *(.stab.index)

.stab.indexstr
 *(.stab.indexstr)

.comment        0x00000000       0x30
 *(.comment)
 .comment       0x00000000       0x30 src/Application/app/app.o
                                 0x31 (size before relaxing)
 .comment       0x00000000       0x31 src/Application/flash/data_flash.o
 .comment       0x00000000       0x31 src/Application/myrtc/xgrtc.o
 .comment       0x00000000       0x31 src/Application/radio/ambe.o
 .comment       0x00000000       0x31 src/Application/radio/payload.o
 .comment       0x00000000       0x31 src/Application/radio/physical.o
 .comment       0x00000000       0x31 src/Application/radio/ssc.o
 .comment       0x00000000       0x31 src/Application/radio/xcmp.o
 .comment       0x00000000       0x31 src/Application/radio/xnl.o
 .comment       0x00000000       0x31 src/Application/RFID/MFRC522/rc522.o
 .comment       0x00000000       0x31 src/Application/RFID/RFID.o
 .comment       0x00000000       0x31 src/Application/timers/timer.o
 .comment       0x00000000       0x31 src/Application/xgflash/xgflash.o
 .comment       0x00000000       0x31 src/ASF/avr32/drivers/flashc/flashc.o
 .comment       0x00000000       0x31 src/ASF/avr32/drivers/gpio/gpio.o
 .comment       0x00000000       0x31 src/ASF/avr32/drivers/intc/intc.o
 .comment       0x00000000       0x31 src/ASF/avr32/drivers/pm/pm.o
 .comment       0x00000000       0x31 src/ASF/avr32/drivers/rtc/rtc.o
 .comment       0x00000000       0x31 src/ASF/avr32/drivers/spi/spi.o
 .comment       0x00000000       0x31 src/ASF/avr32/drivers/usart/usart.o
 .comment       0x00000000       0x31 src/ASF/thirdparty/freertos/freertos-7.0.0/source/list.o
 .comment       0x00000000       0x31 src/ASF/thirdparty/freertos/freertos-7.0.0/source/portable/gcc/avr32_uc3/port.o
 .comment       0x00000000       0x31 src/ASF/thirdparty/freertos/freertos-7.0.0/source/portable/gcc/avr32_uc3/read.o
 .comment       0x00000000       0x31 src/ASF/thirdparty/freertos/freertos-7.0.0/source/portable/gcc/avr32_uc3/write.o
 .comment       0x00000000       0x31 src/ASF/thirdparty/freertos/freertos-7.0.0/source/portable/memmang/heap_3.o
 .comment       0x00000000       0x31 src/ASF/thirdparty/freertos/freertos-7.0.0/source/queue.o
 .comment       0x00000000       0x31 src/ASF/thirdparty/freertos/freertos-7.0.0/source/tasks.o
 .comment       0x00000000       0x31 src/Log/log.o
 .comment       0x00000000       0x31 src/main.o
 .comment       0x00000000       0x31 e:/program x86/atmel/studio/7.0/toolchain/avr32/avr32-gnu-toolchain/bin/../lib/gcc/avr32/4.4.7/../../../../avr32/lib/ucr2\libc.a(lib_a-malloc.o)
 .comment       0x00000000       0x31 e:/program x86/atmel/studio/7.0/toolchain/avr32/avr32-gnu-toolchain/bin/../lib/gcc/avr32/4.4.7/../../../../avr32/lib/ucr2\libc.a(lib_a-mallocr.o)
 .comment       0x00000000       0x31 e:/program x86/atmel/studio/7.0/toolchain/avr32/avr32-gnu-toolchain/bin/../lib/gcc/avr32/4.4.7/../../../../avr32/lib/ucr2\libc.a(lib_a-memset.o)
 .comment       0x00000000       0x31 e:/program x86/atmel/studio/7.0/toolchain/avr32/avr32-gnu-toolchain/bin/../lib/gcc/avr32/4.4.7/../../../../avr32/lib/ucr2\libc.a(lib_a-reallocr.o)
 .comment       0x00000000       0x31 e:/program x86/atmel/studio/7.0/toolchain/avr32/avr32-gnu-toolchain/bin/../lib/gcc/avr32/4.4.7/../../../../avr32/lib/ucr2\libc.a(lib_a-sbrkr.o)
 .comment       0x00000000       0x31 e:/program x86/atmel/studio/7.0/toolchain/avr32/avr32-gnu-toolchain/bin/../lib/gcc/avr32/4.4.7/../../../../avr32/lib/ucr2\libc.a(lib_a-sprintf.o)
 .comment       0x00000000       0x31 e:/program x86/atmel/studio/7.0/toolchain/avr32/avr32-gnu-toolchain/bin/../lib/gcc/avr32/4.4.7/../../../../avr32/lib/ucr2\libc.a(lib_a-syscalls.o)
 .comment       0x00000000       0x31 e:/program x86/atmel/studio/7.0/toolchain/avr32/avr32-gnu-toolchain/bin/../lib/gcc/avr32/4.4.7/../../../../avr32/lib/ucr2\libc.a(lib_a-vfprintf.o)
 .comment       0x00000000       0x31 e:/program x86/atmel/studio/7.0/toolchain/avr32/avr32-gnu-toolchain/bin/../lib/gcc/avr32/4.4.7/../../../../avr32/lib/ucr2\libc.a(lib_a-wsetup.o)
 .comment       0x00000000       0x31 e:/program x86/atmel/studio/7.0/toolchain/avr32/avr32-gnu-toolchain/bin/../lib/gcc/avr32/4.4.7/../../../../avr32/lib/ucr2\libc.a(lib_a-dtoa.o)
 .comment       0x00000000       0x31 e:/program x86/atmel/studio/7.0/toolchain/avr32/avr32-gnu-toolchain/bin/../lib/gcc/avr32/4.4.7/../../../../avr32/lib/ucr2\libc.a(lib_a-errno.o)
 .comment       0x00000000       0x31 e:/program x86/atmel/studio/7.0/toolchain/avr32/avr32-gnu-toolchain/bin/../lib/gcc/avr32/4.4.7/../../../../avr32/lib/ucr2\libc.a(lib_a-fflush.o)
 .comment       0x00000000       0x31 e:/program x86/atmel/studio/7.0/toolchain/avr32/avr32-gnu-toolchain/bin/../lib/gcc/avr32/4.4.7/../../../../avr32/lib/ucr2\libc.a(lib_a-findfp.o)
 .comment       0x00000000       0x31 e:/program x86/atmel/studio/7.0/toolchain/avr32/avr32-gnu-toolchain/bin/../lib/gcc/avr32/4.4.7/../../../../avr32/lib/ucr2\libc.a(lib_a-freer.o)
 .comment       0x00000000       0x31 e:/program x86/atmel/studio/7.0/toolchain/avr32/avr32-gnu-toolchain/bin/../lib/gcc/avr32/4.4.7/../../../../avr32/lib/ucr2\libc.a(lib_a-fvwrite.o)
 .comment       0x00000000       0x31 e:/program x86/atmel/studio/7.0/toolchain/avr32/avr32-gnu-toolchain/bin/../lib/gcc/avr32/4.4.7/../../../../avr32/lib/ucr2\libc.a(lib_a-fwalk.o)
 .comment       0x00000000       0x31 e:/program x86/atmel/studio/7.0/toolchain/avr32/avr32-gnu-toolchain/bin/../lib/gcc/avr32/4.4.7/../../../../avr32/lib/ucr2\libc.a(lib_a-impure.o)
 .comment       0x00000000       0x31 e:/program x86/atmel/studio/7.0/toolchain/avr32/avr32-gnu-toolchain/bin/../lib/gcc/avr32/4.4.7/../../../../avr32/lib/ucr2\libc.a(lib_a-locale.o)
 .comment       0x00000000       0x31 e:/program x86/atmel/studio/7.0/toolchain/avr32/avr32-gnu-toolchain/bin/../lib/gcc/avr32/4.4.7/../../../../avr32/lib/ucr2\libc.a(lib_a-makebuf.o)
 .comment       0x00000000       0x31 e:/program x86/atmel/studio/7.0/toolchain/avr32/avr32-gnu-toolchain/bin/../lib/gcc/avr32/4.4.7/../../../../avr32/lib/ucr2\libc.a(lib_a-memchr.o)
 .comment       0x00000000       0x31 e:/program x86/atmel/studio/7.0/toolchain/avr32/avr32-gnu-toolchain/bin/../lib/gcc/avr32/4.4.7/../../../../avr32/lib/ucr2\libc.a(lib_a-memmove.o)
 .comment       0x00000000       0x31 e:/program x86/atmel/studio/7.0/toolchain/avr32/avr32-gnu-toolchain/bin/../lib/gcc/avr32/4.4.7/../../../../avr32/lib/ucr2\libc.a(lib_a-mprec.o)
 .comment       0x00000000       0x31 e:/program x86/atmel/studio/7.0/toolchain/avr32/avr32-gnu-toolchain/bin/../lib/gcc/avr32/4.4.7/../../../../avr32/lib/ucr2\libc.a(lib_a-reent.o)
 .comment       0x00000000       0x31 e:/program x86/atmel/studio/7.0/toolchain/avr32/avr32-gnu-toolchain/bin/../lib/gcc/avr32/4.4.7/../../../../avr32/lib/ucr2\libc.a(lib_a-s_isinfd.o)
 .comment       0x00000000       0x31 e:/program x86/atmel/studio/7.0/toolchain/avr32/avr32-gnu-toolchain/bin/../lib/gcc/avr32/4.4.7/../../../../avr32/lib/ucr2\libc.a(lib_a-s_isnand.o)
 .comment       0x00000000       0x31 e:/program x86/atmel/studio/7.0/toolchain/avr32/avr32-gnu-toolchain/bin/../lib/gcc/avr32/4.4.7/../../../../avr32/lib/ucr2\libc.a(lib_a-stdio.o)