Archive member included because of file (symbol)

e:/program x86/atmel/studio/7.0/toolchain/avr32/avr32-gnu-toolchain/bin/../lib/gcc/avr32/4.4.7/../../../../avr32/lib/ucr2\libc.a(lib_a-malloc.o)
                              src/ASF/thirdparty/freertos/freertos-7.0.0/source/portable/memmang/heap_3.o (free)
e:/program x86/atmel/studio/7.0/toolchain/avr32/avr32-gnu-toolchain/bin/../lib/gcc/avr32/4.4.7/../../../../avr32/lib/ucr2\libc.a(lib_a-mallocr.o)
                              e:/program x86/atmel/studio/7.0/toolchain/avr32/avr32-gnu-toolchain/bin/../lib/gcc/avr32/4.4.7/../../../../avr32/lib/ucr2\libc.a(lib_a-malloc.o) (_malloc_r)
e:/program x86/atmel/studio/7.0/toolchain/avr32/avr32-gnu-toolchain/bin/../lib/gcc/avr32/4.4.7/../../../../avr32/lib/ucr2\libc.a(lib_a-memcmp.o)
                              src/Application/voice/voice.o (memcmp)
e:/program x86/atmel/studio/7.0/toolchain/avr32/avr32-gnu-toolchain/bin/../lib/gcc/avr32/4.4.7/../../../../avr32/lib/ucr2\libc.a(lib_a-memcpy.o)
                              src/Application/app/app.o (memcpy)
e:/program x86/atmel/studio/7.0/toolchain/avr32/avr32-gnu-toolchain/bin/../lib/gcc/avr32/4.4.7/../../../../avr32/lib/ucr2\libc.a(lib_a-memset.o)
                              src/Application/radio/physical.o (memset)
e:/program x86/atmel/studio/7.0/toolchain/avr32/avr32-gnu-toolchain/bin/../lib/gcc/avr32/4.4.7/../../../../avr32/lib/ucr2\libc.a(lib_a-realloc.o)
                              src/ASF/thirdparty/freertos/freertos-7.0.0/source/portable/gcc/avr32_uc3/port.o (realloc)
e:/program x86/atmel/studio/7.0/toolchain/avr32/avr32-gnu-toolchain/bin/../lib/gcc/avr32/4.4.7/../../../../avr32/lib/ucr2\libc.a(lib_a-reallocr.o)
                              e:/program x86/atmel/studio/7.0/toolchain/avr32/avr32-gnu-toolchain/bin/../lib/gcc/avr32/4.4.7/../../../../avr32/lib/ucr2\libc.a(lib_a-realloc.o) (_realloc_r)
e:/program x86/atmel/studio/7.0/toolchain/avr32/avr32-gnu-toolchain/bin/../lib/gcc/avr32/4.4.7/../../../../avr32/lib/ucr2\libc.a(lib_a-sbrkr.o)
                              e:/program x86/atmel/studio/7.0/toolchain/avr32/avr32-gnu-toolchain/bin/../lib/gcc/avr32/4.4.7/../../../../avr32/lib/ucr2\libc.a(lib_a-mallocr.o) (_sbrk_r)
e:/program x86/atmel/studio/7.0/toolchain/avr32/avr32-gnu-toolchain/bin/../lib/gcc/avr32/4.4.7/../../../../avr32/lib/ucr2\libc.a(lib_a-sprintf.o)
                              src/Log/log.o (sprintf)
e:/program x86/atmel/studio/7.0/toolchain/avr32/avr32-gnu-toolchain/bin/../lib/gcc/avr32/4.4.7/../../../../avr32/lib/ucr2\libc.a(lib_a-strncpy.o)
                              src/ASF/thirdparty/freertos/freertos-7.0.0/source/tasks.o (strncpy)
e:/program x86/atmel/studio/7.0/toolchain/avr32/avr32-gnu-toolchain/bin/../lib/gcc/avr32/4.4.7/../../../../avr32/lib/ucr2\libc.a(lib_a-syscalls.o)
                              e:/program x86/atmel/studio/7.0/toolchain/avr32/avr32-gnu-toolchain/bin/../lib/gcc/avr32/4.4.7/../../../../avr32/lib/ucr2\libc.a(lib_a-sbrkr.o) (_sbrk)
e:/program x86/atmel/studio/7.0/toolchain/avr32/avr32-gnu-toolchain/bin/../lib/gcc/avr32/4.4.7/../../../../avr32/lib/ucr2\libc.a(lib_a-vfprintf.o)
                              e:/program x86/atmel/studio/7.0/toolchain/avr32/avr32-gnu-toolchain/bin/../lib/gcc/avr32/4.4.7/../../../../avr32/lib/ucr2\libc.a(lib_a-sprintf.o) (_vfprintf_r)
e:/program x86/atmel/studio/7.0/toolchain/avr32/avr32-gnu-toolchain/bin/../lib/gcc/avr32/4.4.7/../../../../avr32/lib/ucr2\libc.a(lib_a-wsetup.o)
                              e:/program x86/atmel/studio/7.0/toolchain/avr32/avr32-gnu-toolchain/bin/../lib/gcc/avr32/4.4.7/../../../../avr32/lib/ucr2\libc.a(lib_a-vfprintf.o) (__swsetup_r)
e:/program x86/atmel/studio/7.0/toolchain/avr32/avr32-gnu-toolchain/bin/../lib/gcc/avr32/4.4.7/../../../../avr32/lib/ucr2\libc.a(lib_a-dtoa.o)
                              e:/program x86/atmel/studio/7.0/toolchain/avr32/avr32-gnu-toolchain/bin/../lib/gcc/avr32/4.4.7/../../../../avr32/lib/ucr2\libc.a(lib_a-vfprintf.o) (_dtoa_r)
e:/program x86/atmel/studio/7.0/toolchain/avr32/avr32-gnu-toolchain/bin/../lib/gcc/avr32/4.4.7/../../../../avr32/lib/ucr2\libc.a(lib_a-errno.o)
                              e:/program x86/atmel/studio/7.0/toolchain/avr32/avr32-gnu-toolchain/bin/../lib/gcc/avr32/4.4.7/../../../../avr32/lib/ucr2\libc.a(lib_a-syscalls.o) (__errno)
e:/program x86/atmel/studio/7.0/toolchain/avr32/avr32-gnu-toolchain/bin/../lib/gcc/avr32/4.4.7/../../../../avr32/lib/ucr2\libc.a(lib_a-fflush.o)
                              e:/program x86/atmel/studio/7.0/toolchain/avr32/avr32-gnu-toolchain/bin/../lib/gcc/avr32/4.4.7/../../../../avr32/lib/ucr2\libc.a(lib_a-vfprintf.o) (_fflush_r)
e:/program x86/atmel/studio/7.0/toolchain/avr32/avr32-gnu-toolchain/bin/../lib/gcc/avr32/4.4.7/../../../../avr32/lib/ucr2\libc.a(lib_a-findfp.o)
                              e:/program x86/atmel/studio/7.0/toolchain/avr32/avr32-gnu-toolchain/bin/../lib/gcc/avr32/4.4.7/../../../../avr32/lib/ucr2\libc.a(lib_a-vfprintf.o) (__sinit)
[...]
Memory Configuration

Name             Origin             Length             Attributes
FLASH            0x80000000         0x00080000         axrl !w
CPUSRAM          0x00000004         0x00017ffc         axw !rl
USERPAGE         0x80800000         0x00000200
FACTORYPAGE      0x80800200         0x00000200
*default*        0x00000000         0xffffffff

Linker script and memory map

                0x00001000                _stack_size = 0x1000
LOAD src/Application/app/app.o
LOAD src/Application/flash/data_flash.o
LOAD src/Application/myrtc/xgrtc.o
LOAD src/Application/radio/ambe.o
LOAD src/Application/radio/AMBE_audio.o
LOAD src/Application/radio/AMBE_audio_2.o
LOAD src/Application/radio/audio.o
LOAD src/Application/radio/payload.o
LOAD src/Application/radio/physical.o
LOAD src/Application/radio/ssc.o
LOAD src/Application/radio/xcmp.o
LOAD src/Application/radio/xnl.o
LOAD src/Application/RFID/MFRC522/rc522.o
LOAD src/Application/RFID/RFID.o
LOAD src/Application/timers/timer.o
LOAD src/Application/voice/voice.o
LOAD src/Application/xgflash/xgflash.o
LOAD src/ASF/avr32/drivers/flashc/flashc.o
LOAD src/ASF/avr32/drivers/gpio/gpio.o
LOAD src/ASF/avr32/drivers/intc/intc.o
LOAD src/ASF/avr32/drivers/pm/pm.o
LOAD src/ASF/avr32/drivers/pm/pm_conf_clocks.o
LOAD src/ASF/avr32/drivers/pm/power_clocks_lib.o
LOAD src/ASF/avr32/drivers/rtc/rtc.o
LOAD src/ASF/avr32/drivers/spi/spi.o
LOAD src/ASF/avr32/drivers/tc/tc.o
LOAD src/ASF/avr32/drivers/twi/twi.o
LOAD src/ASF/avr32/drivers/usart/usart.o
LOAD src/ASF/avr32/utils/startup/startup_uc3.o
LOAD src/ASF/avr32/utils/startup/trampoline_uc3.o
LOAD src/ASF/common/boards/user_board/init.o
LOAD src/ASF/common/services/clock/uc3b0_b1/sysclk.o
LOAD src/ASF/common/services/spi/uc3_spi/spi_master.o
LOAD src/ASF/common/services/spi/uc3_usart_spi/usart_spi.o
LOAD src/ASF/thirdparty/freertos/freertos-7.0.0/source/croutine.o
LOAD src/ASF/thirdparty/freertos/freertos-7.0.0/source/list.o
LOAD src/ASF/thirdparty/freertos/freertos-7.0.0/source/portable/gcc/avr32_uc3/exception.o
LOAD src/ASF/thirdparty/freertos/freertos-7.0.0/source/portable/gcc/avr32_uc3/port.o
LOAD src/ASF/thirdparty/freertos/freertos-7.0.0/source/portable/gcc/avr32_uc3/read.o
LOAD src/ASF/thirdparty/freertos/freertos-7.0.0/source/portable/gcc/avr32_uc3/write.o
LOAD src/ASF/thirdparty/freertos/freertos-7.0.0/source/portable/memmang/heap_3.o
LOAD src/ASF/thirdparty/freertos/freertos-7.0.0/source/queue.o
LOAD src/ASF/thirdparty/freertos/freertos-7.0.0/source/tasks.o
LOAD src/Log/log.o
LOAD src/main.o
START GROUP
LOAD e:/program x86/atmel/studio/7.0/toolchain/avr32/avr32-gnu-toolchain/bin/../lib/gcc/avr32/4.4.7/../../../../avr32/lib/ucr2\libm.a
END GROUP
LOAD e:/program x86/atmel/studio/7.0/toolchain/avr32/avr32-gnu-toolchain/bin/../lib/gcc/avr32/4.4.7/ucr2\libgcc.a
LOAD e:/program x86/atmel/studio/7.0/toolchain/avr32/avr32-gnu-toolchain/bin/../lib/gcc/avr32/4.4.7/../../../../avr32/lib/ucr2\libc.a
LOAD e:/program x86/atmel/studio/7.0/toolchain/avr32/avr32-gnu-toolchain/bin/../lib/gcc/avr32/4.4.7/ucr2\libgcc.a
                0x80000000                PROVIDE (__executable_start, 0x80000000)
                0x80000000                . = 0x80000000

.interp
 *(.interp)

.reset          0x80000000     0x2004
 *(.reset)
 .reset         0x80000000     0x2004 src/ASF/avr32/utils/startup/trampoline_uc3.o
                               0x2008 (size before relaxing)
                0x80000000                _trampoline

.hash
 *(.hash)

.dynsym
 *(.dynsym)

.dynstr
 *(.dynstr)

.gnu.version
 *(.gnu.version)

.gnu.version_d
 *(.gnu.version_d)

.gnu.version_r
 *(.gnu.version_r)

.rel.init
 *(.rel.init)

.rela.init
 *(.rela.init)

.rel.text
 *(.rel.text .rel.text.* .rel.gnu.linkonce.t.*)

.rela.text
 *(.rela.text .rela.text.* .rela.gnu.linkonce.t.*)

.rel.fini
 *(.rel.fini)

.rela.fini
 *(.rela.fini)

.rel.rodata
 *(.rel.rodata .rel.rodata.* .rel.gnu.linkonce.r.*)

.rela.rodata
 *(.rela.rodata .rela.rodata.* .rela.gnu.linkonce.r.*)

.rel.data.rel.ro
 *(.rel.data.rel.ro*)

.rela.data.rel.ro
 *(.rel.data.rel.ro*)

.rel.data
 *(.rel.data .rel.data.* .rel.gnu.linkonce.d.*)

.rela.data
 *(.rela.data .rela.data.* .rela.gnu.linkonce.d.*)

.rel.tdata
 *(.rel.tdata .rel.tdata.* .rel.gnu.linkonce.td.*)

.rela.tdata
 *(.rela.tdata .rela.tdata.* .rela.gnu.linkonce.td.*)

.rel.tbss
 *(.rel.tbss .rel.tbss.* .rel.gnu.linkonce.tb.*)

.rela.tbss
 *(.rela.tbss .rela.tbss.* .rela.gnu.linkonce.tb.*)

.rel.ctors
 *(.rel.ctors)

.rela.ctors
 *(.rela.ctors)

.rel.dtors
 *(.rel.dtors)

.rela.dtors
 *(.rela.dtors)

.rel.got
 *(.rel.got)

.rela.got       0x80002004        0x0
 *(.rela.got)
 .rela.got      0x80002004        0x0 src/Application/app/app.o

.rel.bss
 *(.rel.bss .rel.bss.* .rel.gnu.linkonce.b.*)

.rela.bss
 *(.rela.bss .rela.bss.* .rela.gnu.linkonce.b.*)

.rel.plt
 *(.rel.plt)

.rela.plt
 *(.rela.plt)

.init
 *(.init)

.plt
 *(.plt)

.text           0x80002004     0xbc2c
 *(.text .stub .text.* .gnu.linkonce.t.*)
 .text.DeviceManagement_brdcst_func
                0x80002004       0x24 src/Application/app/app.o
                0x80002004                DeviceManagement_brdcst_func
 .text.Volume_brdcst_func
                0x80002028        0x2 src/Application/app/app.o
                0x80002028                Volume_brdcst_func
 .text.AudioRoutingControl_brdcst_func
                0x8000202a        0x2 src/Application/app/app.o
                0x8000202a                AudioRoutingControl_brdcst_func
 .text.vApplicationIdleHook
                0x8000202c       0x10 src/Application/app/app.o
                0x8000202c                vApplicationIdleHook
 .text.app_init
                0x8000203c       0x78 src/Application/app/app.o
                0x8000203c                app_init
 .text.app_payload_tx_proc
                0x800020b4       0x14 src/Application/app/app.o
 .text.app_payload_rx_proc
                0x800020c8       0x34 src/Application/app/app.o
 .text.FD_brdcst_func
                0x800020fc       0x14 src/Application/app/app.o
                0x800020fc                FD_brdcst_func
 .text.FD_reply_func
                0x80002110       0x14 src/Application/app/app.o
                0x80002110                FD_reply_func
 .text.FD_request_func
                0x80002124       0x14 src/Application/app/app.o
                0x80002124                FD_request_func
 .text.EnOB_brdcst_func
                0x80002138       0x14 src/Application/app/app.o
                0x80002138                EnOB_brdcst_func
 .text.EnOB_reply_func
                0x8000214c       0x70 src/Application/app/app.o
                0x8000214c                EnOB_reply_func
 .text.SingleDetection_brdcst_func
                0x800021bc       0x4c src/Application/app/app.o
                0x800021bc                SingleDetection_brdcst_func
 .text.ButtonConfig_brdcst_func
                0x80002208       0xdc src/Application/app/app.o
                0x80002208                ButtonConfig_brdcst_func
 .text.ButtonConfig_reply_func
                0x800022e4       0x44 src/Application/app/app.o
                0x800022e4                ButtonConfig_reply_func
 .text.BatteryLevel_brdcst_func
                0x80002328       0x58 src/Application/app/app.o
                0x80002328                BatteryLevel_brdcst_func
 .text.ShutDown_brdcst_func
                0x80002380       0x30 src/Application/app/app.o
                0x80002380                ShutDown_brdcst_func
 .text.DataSession_reply_func
                0x800023b0       0x5c src/Application/app/app.o
                0x800023b0                DataSession_reply_func
 .text.CallControl_brdcst_func
                0x8000240c       0x44 src/Application/app/app.o
                0x8000240c                CallControl_brdcst_func
 .text.TransmitControl_brdcst_func
                0x80002450       0x48 src/Application/app/app.o
                0x80002450                TransmitControl_brdcst_func
 .text.TransmitControl_reply_func
                0x80002498       0x60 src/Application/app/app.o
                0x80002498                TransmitControl_reply_func
 .text.AudioRoutingControl_reply_func
                0x800024f8       0x28 src/Application/app/app.o
                0x800024f8                AudioRoutingControl_reply_func
 .text.Volume_reply_func
                0x80002520       0x64 src/Application/app/app.o
                0x80002520                Volume_reply_func
 .text.spk_brdcst_func
                0x80002584       0x38 src/Application/app/app.o
                0x80002584                spk_brdcst_func
 .text.spk_reply_func
                0x800025bc       0x48 src/Application/app/app.o
                0x800025bc                spk_reply_func
 .text.mic_brdcst_func
                0x80002604       0x58 src/Application/app/app.o
                0x80002604                mic_brdcst_func
 .text.mic_reply_func
                0x8000265c       0x94 src/Application/app/app.o
                0x8000265c                mic_reply_func
 .text.dcm_brdcst_func
                0x800026f0       0x48 src/Application/app/app.o
                0x800026f0                dcm_brdcst_func
 .text.dcm_reply_func
                0x80002738       0x68 src/Application/app/app.o
                0x80002738                dcm_reply_func
 .text.ToneControl_reply_func
                0x800027a0       0x28 src/Application/app/app.o
                0x800027a0                ToneControl_reply_func
 .text.send_message
                0x800027c8      0x130 src/Application/app/app.o
 .text.app_cfg  0x800028f8      0x170 src/Application/app/app.o
 .text.Phyuserinput_brdcst_func
                0x80002a68       0x58 src/Application/app/app.o
                0x80002a68                Phyuserinput_brdcst_func
 .text.DataSession_brdcst_func
                0x80002ac0      0x16c src/Application/app/app.o
                0x80002ac0                DataSession_brdcst_func
 .text.DeviceInitializationStatus_brdcst_func
                0x80002c2c       0x38 src/Application/app/app.o
                0x80002c2c                DeviceInitializationStatus_brdcst_func
 .text.send_flash_command
                0x80002c64      0x1c4 src/Application/flash/data_flash.o
                0x80002c64                send_flash_command
 .text.data_flash_read_block
                0x80002e28       0x38 src/Application/flash/data_flash.o
                0x80002e28                data_flash_read_block
 .text.data_flash_write_page
                0x80002e60       0xa0 src/Application/flash/data_flash.o
                0x80002e60                data_flash_write_page
 .text.data_flash_write_block
                0x80002f00       0xc0 src/Application/flash/data_flash.o
                0x80002f00                data_flash_write_block
 .text.data_flash_erase_block
                0x80002fc0       0xa0 src/Application/flash/data_flash.o
                0x80002fc0                data_flash_erase_block
 .text.data_flash_write
                0x80003060       0xf0 src/Application/flash/data_flash.o
                0x80003060                data_flash_write
 .text.W25Q64_SPI_SetSpeed
                0x80003150       0x24 src/Application/flash/data_flash.o
                0x80003150                W25Q64_SPI_SetSpeed
 .text.W25Q64_SPI_SetSpeedHi
                0x80003174       0x10 src/Application/flash/data_flash.o
                0x80003174                W25Q64_SPI_SetSpeedHi
 .text.data_flash_init
                0x80003184      0x12c src/Application/flash/data_flash.o
                0x80003184                data_flash_init
 .text.xg_rtc_init
                0x800032b0       0x80 src/Application/myrtc/xgrtc.o
                0x800032b0                xg_rtc_init
 .text.rtc_irq  0x80003330       0xf0 src/Application/myrtc/xgrtc.o
                0x80003330                rtc_irq
 .text.CalculateBurst
                0x80003420       0x1c src/Application/radio/ambe.o
                0x80003420                CalculateBurst
 .text.payload_init
                0x8000343c       0x14 src/Application/radio/payload.o
                0x8000343c                payload_init
 .text.set_idle_store_isr
                0x80003450       0x1c src/Application/radio/physical.o
                0x80003450                set_idle_store_isr
 .text.payload_rx
                0x8000346c       0x18 src/Application/radio/physical.o
 .text.phy_rx   0x80003484       0x38 src/Application/radio/physical.o
                0x80003484                phy_rx
 .text.set_idle_store
                0x800034bc       0x20 src/Application/radio/physical.o
                0x800034bc                set_idle_store
 .text.phy_tx   0x800034dc       0x5c src/Application/radio/physical.o
                0x800034dc                phy_tx
 .text.get_idle_store_isr
                0x80003538       0x28 src/Application/radio/physical.o
                0x80003538                get_idle_store_isr
 .text.phy_tx_func
                0x80003560      0x108 src/Application/radio/physical.o
 .text.get_idle_store
                0x80003668       0x28 src/Application/radio/physical.o
                0x80003668                get_idle_store
 .text.phy_init
                0x80003690       0x28 src/Application/radio/physical.o
                0x80003690                phy_init
 .text.phy_rx_func
                0x800036b8      0xf24 src/Application/radio/physical.o
 .text.pdca_int_handler
                0x800045dc       0x80 src/Application/radio/ssc.o
 .text.local_start_SSC
                0x8000465c       0x44 src/Application/radio/ssc.o
                0x8000465c                local_start_SSC
 .text.local_start_PDC
                0x800046a0       0x6c src/Application/radio/ssc.o
                0x800046a0                local_start_PDC
 .text.register_rx_tx_func
                0x8000470c       0x14 src/Application/radio/ssc.o
                0x8000470c                register_rx_tx_func
 .text.ssc_init
                0x80004720       0x74 src/Application/radio/ssc.o
                0x80004720                ssc_init
 .text.xcmp_register_app_list
                0x80004794        0xc src/Application/radio/xcmp.o
                0x80004794                xcmp_register_app_list
 .text.xcmp_tx  0x800047a0       0x48 src/Application/radio/xcmp.o
 .text.xcmp_data_session_req
                0x800047e8       0x90 src/Application/radio/xcmp.o
                0x800047e8                xcmp_data_session_req
 .text.xcmp_DeviceInitializationStatus_request
                0x80004878       0x40 src/Application/radio/xcmp.o
                0x80004878                xcmp_DeviceInitializationStatus_request
 .text.xcmp_opcode_not_supported
                0x800048b8       0x24 src/Application/radio/xcmp.o
                0x800048b8                xcmp_opcode_not_supported
 .text.xcmp_exec_func
                0x800048dc       0x48 src/Application/radio/xcmp.o
 .text.xcmp_IdleTestTone
                0x80004924       0x60 src/Application/radio/xcmp.o
                0x80004924                xcmp_IdleTestTone
 .text.xcmp_init
                0x80004984       0x54 src/Application/radio/xcmp.o
                0x80004984                xcmp_init
 .text.xcmp_rx_process
                0x800049d8       0xfc src/Application/radio/xcmp.o
 .text.xcmp_rx  0x80004ad4       0x4c src/Application/radio/xcmp.o
 .text.xnl_register_xcmp_func
                0x80004b20        0xc src/Application/radio/xnl.o
                0x80004b20                xnl_register_xcmp_func
 .text.xnl_get_msg_ack_func
                0x80004b2c       0x2c src/Application/radio/xnl.o
                0x80004b2c                xnl_get_msg_ack_func
 .text.xnl_init
                0x80004b58      0x12c src/Application/radio/xnl.o
                0x80004b58                xnl_init
 .text.xnl_rx_process
                0x80004c84       0x60 src/Application/radio/xnl.o
 .text.xnl_tx_process
                0x80004ce4       0xcc src/Application/radio/xnl.o
 .text.xnl_tx   0x80004db0       0xe4 src/Application/radio/xnl.o
                0x80004db0                xnl_tx
 .text.xnl_data_msg_func
                0x80004e94       0x60 src/Application/radio/xnl.o
                0x80004e94                xnl_data_msg_func
 .text.xnl_device_auth_reply_func
                0x80004ef4      0x120 src/Application/radio/xnl.o
                0x80004ef4                xnl_device_auth_reply_func
 .text.xnl_master_status_brdcst_func
                0x80005014       0x60 src/Application/radio/xnl.o
                0x80005014                xnl_master_status_brdcst_func
 .text.xnl_device_conn_reply_func
                0x80005074       0x5c src/Application/radio/xnl.o
                0x80005074                xnl_device_conn_reply_func
 .text.xnl_send_device_master_query
                0x800050d0       0x30 src/Application/radio/xnl.o
                0x800050d0                xnl_send_device_master_query
 .text.RC522_SPI_SetSpeed
                0x80005100       0x24 src/Application/RFID/MFRC522/rc522.o
                0x80005100                RC522_SPI_SetSpeed
 .text.RC522_SPI_SetSpeedLow
                0x80005124       0x10 src/Application/RFID/MFRC522/rc522.o
                0x80005124                RC522_SPI_SetSpeedLow
 .text.RC522_ReadByte
                0x80005134       0x2c src/Application/RFID/MFRC522/rc522.o
                0x80005134                RC522_ReadByte
 .text.RC522_WriteByte
                0x80005160       0x30 src/Application/RFID/MFRC522/rc522.o
                0x80005160                RC522_WriteByte
 .text.WriteRawRC
                0x80005190       0x40 src/Application/RFID/MFRC522/rc522.o
                0x80005190                WriteRawRC
 .text.PcdReset
                0x800051d0       0x80 src/Application/RFID/MFRC522/rc522.o
                0x800051d0                PcdReset
 .text.ReadRawRC
                0x80005250       0x48 src/Application/RFID/MFRC522/rc522.o
                0x80005250                ReadRawRC
 .text.Wait_Wakeup_RC522
                0x80005298       0x10 src/Application/RFID/MFRC522/rc522.o
                0x80005298                Wait_Wakeup_RC522
 .text.Powerdown_RC522
                0x800052a8       0x4c src/Application/RFID/MFRC522/rc522.o
                0x800052a8                Powerdown_RC522
 .text.SetBitMask
                0x800052f4       0x24 src/Application/RFID/MFRC522/rc522.o
                0x800052f4                SetBitMask
 .text.PcdAntennaOn
                0x80005318       0x20 src/Application/RFID/MFRC522/rc522.o
                0x80005318                PcdAntennaOn
 .text.ClearBitMask
                0x80005338       0x28 src/Application/RFID/MFRC522/rc522.o
                0x80005338                ClearBitMask
 .text.PcdAntennaOff
                0x80005360       0x10 src/Application/RFID/MFRC522/rc522.o
                0x80005360                PcdAntennaOff
 .text.M500PcdConfigISOType
                0x80005370       0x70 src/Application/RFID/MFRC522/rc522.o
                0x80005370                M500PcdConfigISOType
 .text.rc522_init
                0x800053e0       0xb4 src/Application/RFID/MFRC522/rc522.o
                0x800053e0                rc522_init
 .text.PcdComMF522
                0x80005494      0x178 src/Application/RFID/MFRC522/rc522.o
                0x80005494                PcdComMF522
 .text.PcdAnticoll
                0x8000560c       0x84 src/Application/RFID/MFRC522/rc522.o
                0x8000560c                PcdAnticoll
 .text.PcdRequest
                0x80005690       0x64 src/Application/RFID/MFRC522/rc522.o
                0x80005690                PcdRequest
 .text.CalulateCRC
                0x800056f4       0x8c src/Application/RFID/MFRC522/rc522.o
                0x800056f4                CalulateCRC
 .text.PcdSelect
                0x80005780       0x74 src/Application/RFID/MFRC522/rc522.o
                0x80005780                PcdSelect
 .text.rfid_auto_reader
                0x800057f4      0x120 src/Application/RFID/RFID.o
                0x800057f4                rfid_auto_reader
 .text.scan_patrol
                0x80005914       0x50 src/Application/RFID/RFID.o
                0x80005914                scan_patrol
 .text.scan_rfid_save_message
                0x80005964      0x1c8 src/Application/RFID/RFID.o
                0x80005964                scan_rfid_save_message
 .text.rfid_init
                0x80005b2c        0xc src/Application/RFID/RFID.o
                0x80005b2c                rfid_init
 .text.delay_ns
                0x80005b38       0x16 src/Application/timers/timer.o
                0x80005b38                delay_ns
 *fill*         0x80005b4e        0x2 d703d703
 .text.delay_us
                0x80005b50       0x28 src/Application/timers/timer.o
                0x80005b50                delay_us
 .text.delay_ms
                0x80005b78       0x28 src/Application/timers/timer.o
                0x80005b78                delay_ms
 .text.local_start_timer
                0x80005ba0       0x2c src/Application/timers/timer.o
                0x80005ba0                local_start_timer
 .text.local_start_pll0
                0x80005bcc       0x94 src/Application/timers/timer.o
                0x80005bcc                local_start_pll0
 .text.xg_flashc_init
                0x80005c60      0x280 src/Application/xgflash/xgflash.o
                0x80005c60                xg_flashc_init
 .text.xgflash_get_message_data
                0x80005ee0      0x1ac src/Application/xgflash/xgflash.o
                0x80005ee0                xgflash_get_message_data
 .text.xgflash_message_save
                0x8000608c      0x190 src/Application/xgflash/xgflash.o
                0x8000608c                xgflash_message_save
 .text.xgflash_get_message_count
                0x8000621c       0x4c src/Application/xgflash/xgflash.o
                0x8000621c                xgflash_get_message_count
 .text.flashc_set_wait_state
                0x80006268        0xe src/ASF/avr32/drivers/flashc/flashc.o
                0x80006268                flashc_set_wait_state
 .text.gpio_enable_module_pin
                0x80006276       0x52 src/ASF/avr32/drivers/gpio/gpio.o
                0x80006276                gpio_enable_module_pin
 .text.gpio_enable_module
                0x800062c8       0x30 src/ASF/avr32/drivers/gpio/gpio.o
                0x800062c8                gpio_enable_module
 .text.gpio_enable_gpio_pin
                0x800062f8       0x18 src/ASF/avr32/drivers/gpio/gpio.o
                0x800062f8                gpio_enable_gpio_pin
 .text.gpio_set_gpio_pin
                0x80006310       0x1c src/ASF/avr32/drivers/gpio/gpio.o
                0x80006310                gpio_set_gpio_pin
 .text.gpio_clr_gpio_pin
                0x8000632c       0x1c src/ASF/avr32/drivers/gpio/gpio.o
                0x8000632c                gpio_clr_gpio_pin
 .text._unhandled_interrupt
                0x80006348        0x2 src/ASF/avr32/drivers/intc/intc.o
 *fill*         0x8000634a        0x2 d703d703
 .text.INTC_register_interrupt
                0x8000634c       0x80 src/ASF/avr32/drivers/intc/intc.o
                0x8000634c                INTC_register_interrupt
 .text.INTC_init_interrupts
                0x800063cc       0x54 src/ASF/avr32/drivers/intc/intc.o
                0x800063cc                INTC_init_interrupts
 .text._get_interrupt_handler
                0x80006420       0x38 src/ASF/avr32/drivers/intc/intc.o
                0x80006420                _get_interrupt_handler
 .text.pm_set_osc0_mode
                0x80006458        0xa src/ASF/avr32/drivers/pm/pm.o
 *fill*         0x80006462        0x2 d703d703
 .text.pm_enable_osc0_crystal
                0x80006464       0x3c src/ASF/avr32/drivers/pm/pm.o
                0x80006464                pm_enable_osc0_crystal
 .text.pm_enable_clk0_no_wait
                0x800064a0       0x10 src/ASF/avr32/drivers/pm/pm.o
                0x800064a0                pm_enable_clk0_no_wait
 .text.pm_wait_for_clk0_ready
                0x800064b0        0xa src/ASF/avr32/drivers/pm/pm.o
                0x800064b0                pm_wait_for_clk0_ready
 *fill*         0x800064ba        0x2 d703d703
 .text.pm_enable_clk0
                0x800064bc       0x1c src/ASF/avr32/drivers/pm/pm.o
                0x800064bc                pm_enable_clk0
 .text.pm_set_osc32_mode
                0x800064d8        0xa src/ASF/avr32/drivers/pm/pm.o
 *fill*         0x800064e2        0x2 d703d703
 .text.pm_enable_osc32_crystal
                0x800064e4       0x10 src/ASF/avr32/drivers/pm/pm.o
                0x800064e4                pm_enable_osc32_crystal
 .text.pm_enable_clk32_no_wait
                0x800064f4       0x10 src/ASF/avr32/drivers/pm/pm.o
                0x800064f4                pm_enable_clk32_no_wait
 .text.pm_wait_for_clk32_ready
                0x80006504        0xa src/ASF/avr32/drivers/pm/pm.o
                0x80006504                pm_wait_for_clk32_ready
 *fill*         0x8000650e        0x2 d703d703
 .text.pm_enable_clk32
                0x80006510       0x1c src/ASF/avr32/drivers/pm/pm.o
                0x80006510                pm_enable_clk32
 .text.pm_cksel
                0x8000652c       0x46 src/ASF/avr32/drivers/pm/pm.o
                0x8000652c                pm_cksel
 .text.pm_pll_setup
                0x80006572       0x22 src/ASF/avr32/drivers/pm/pm.o
                0x80006572                pm_pll_setup
 .text.pm_pll_set_option
                0x80006594       0x1a src/ASF/avr32/drivers/pm/pm.o
                0x80006594                pm_pll_set_option
 .text.pm_pll_enable
                0x800065ae        0xe src/ASF/avr32/drivers/pm/pm.o
                0x800065ae                pm_pll_enable
 .text.pm_wait_for_pll0_locked
                0x800065bc        0xa src/ASF/avr32/drivers/pm/pm.o
                0x800065bc                pm_wait_for_pll0_locked
 .text.pm_switch_to_clock
                0x800065c6        0xa src/ASF/avr32/drivers/pm/pm.o
                0x800065c6                pm_switch_to_clock
 .text.pm_switch_to_osc0
                0x800065d0       0x2c src/ASF/avr32/drivers/pm/pm.o
                0x800065d0                pm_switch_to_osc0
 .text.rtc_is_busy
                0x800065fc        0x8 src/ASF/avr32/drivers/rtc/rtc.o
                0x800065fc                rtc_is_busy
 .text.rtc_set_value
                0x80006604       0x24 src/ASF/avr32/drivers/rtc/rtc.o
                0x80006604                rtc_set_value
 .text.rtc_enable
                0x80006628       0x24 src/ASF/avr32/drivers/rtc/rtc.o
                0x80006628                rtc_enable
 .text.rtc_enable_interrupt
                0x8000664c        0x6 src/ASF/avr32/drivers/rtc/rtc.o
                0x8000664c                rtc_enable_interrupt
 *fill*         0x80006652        0x2 d703d703
 .text.rtc_set_top_value
                0x80006654       0x24 src/ASF/avr32/drivers/rtc/rtc.o
                0x80006654                rtc_set_top_value
 .text.rtc_clear_interrupt
                0x80006678       0x1e src/ASF/avr32/drivers/rtc/rtc.o
                0x80006678                rtc_clear_interrupt
 *fill*         0x80006696        0x2 d703d703
 .text.rtc_init
                0x80006698       0x80 src/ASF/avr32/drivers/rtc/rtc.o
                0x80006698                rtc_init
 .text.getBaudDiv
                0x80006718       0x20 src/ASF/avr32/drivers/spi/spi.o
                0x80006718                getBaudDiv
 .text.spi_initMaster
                0x80006738       0x38 src/ASF/avr32/drivers/spi/spi.o
                0x80006738                spi_initMaster
 .text.spi_selectionMode
                0x80006770       0x2c src/ASF/avr32/drivers/spi/spi.o
                0x80006770                spi_selectionMode
 .text.spi_enable
                0x8000679c        0x6 src/ASF/avr32/drivers/spi/spi.o
                0x8000679c                spi_enable
 .text.spi_write
                0x800067a2       0x1c src/ASF/avr32/drivers/spi/spi.o
                0x800067a2                spi_write
 .text.spi_read
                0x800067be       0x20 src/ASF/avr32/drivers/spi/spi.o
                0x800067be                spi_read
 *fill*         0x800067de        0x2 d703d703
 .text.spi_setupChipReg
                0x800067e0       0xe8 src/ASF/avr32/drivers/spi/spi.o
                0x800067e0                spi_setupChipReg
 .text.spi_unselectChip
                0x800068c8       0x40 src/ASF/avr32/drivers/spi/spi.o
                0x800068c8                spi_unselectChip
 .text.spi_selectChip
                0x80006908       0x78 src/ASF/avr32/drivers/spi/spi.o
                0x80006908                spi_selectChip
 .text.usart_set_async_baudrate
                0x80006980       0x5a src/ASF/avr32/drivers/usart/usart.o
 .text.usart_write_char
                0x800069da       0x14 src/ASF/avr32/drivers/usart/usart.o
                0x800069da                usart_write_char
 *fill*         0x800069ee        0x2 d703d703
 .text.usart_putchar
                0x800069f0       0x2c src/ASF/avr32/drivers/usart/usart.o
                0x800069f0                usart_putchar
 .text.usart_read_char
                0x80006a1c       0x22 src/ASF/avr32/drivers/usart/usart.o
                0x80006a1c                usart_read_char
 *fill*         0x80006a3e        0x2 d703d703
 .text.usart_getchar
                0x80006a40       0x2c src/ASF/avr32/drivers/usart/usart.o
                0x80006a40                usart_getchar
 .text.usart_write_line
                0x80006a6c       0x24 src/ASF/avr32/drivers/usart/usart.o
                0x80006a6c                usart_write_line
 .text.usart_reset
                0x80006a90       0x2c src/ASF/avr32/drivers/usart/usart.o
                0x80006a90                usart_reset
 .text.usart_init_rs232
                0x80006abc       0xcc src/ASF/avr32/drivers/usart/usart.o
                0x80006abc                usart_init_rs232
 .text._stext   0x80006b88       0x40 src/ASF/avr32/utils/startup/startup_uc3.o
                                 0x50 (size before relaxing)
                0x80006b88                _stext
 .text.vListInitialise
                0x80006bc8       0x14 src/ASF/thirdparty/freertos/freertos-7.0.0/source/list.o
                0x80006bc8                vListInitialise
 .text.vListInitialiseItem
                0x80006bdc        0x6 src/ASF/thirdparty/freertos/freertos-7.0.0/source/list.o
                0x80006bdc                vListInitialiseItem
 .text.vListInsertEnd
                0x80006be2       0x1c src/ASF/thirdparty/freertos/freertos-7.0.0/source/list.o
                0x80006be2                vListInsertEnd
 .text.vListInsert
                0x80006bfe       0x34 src/ASF/thirdparty/freertos/freertos-7.0.0/source/list.o
                0x80006bfe                vListInsert
 .text.vListRemove
                0x80006c32       0x26 src/ASF/thirdparty/freertos/freertos-7.0.0/source/list.o
                0x80006c32                vListRemove
 .text.pxPortInitialiseStack
                0x80006c58       0x92 src/ASF/thirdparty/freertos/freertos-7.0.0/source/portable/gcc/avr32_uc3/port.o
                0x80006c58                pxPortInitialiseStack
 *fill*         0x80006cea        0x2 d703d703
 .text.vPortEnterCritical
                0x80006cec       0x10 src/ASF/thirdparty/freertos/freertos-7.0.0/source/portable/gcc/avr32_uc3/port.o
                0x80006cec                vPortEnterCritical
 .text.xPortStartScheduler
                0x80006cfc       0x58 src/ASF/thirdparty/freertos/freertos-7.0.0/source/portable/gcc/avr32_uc3/port.o
                0x80006cfc                xPortStartScheduler
 .text.SCALLYield
                0x80006d54       0x98 src/ASF/thirdparty/freertos/freertos-7.0.0/source/portable/gcc/avr32_uc3/port.o
                0x80006d54                SCALLYield
 .text.prvClearCcInt
                0x80006dec        0xa src/ASF/thirdparty/freertos/freertos-7.0.0/source/portable/gcc/avr32_uc3/port.o
 *fill*         0x80006df6        0x2 d703d703
 .text.vPortExitCritical
                0x80006df8       0x20 src/ASF/thirdparty/freertos/freertos-7.0.0/source/portable/gcc/avr32_uc3/port.o
                0x80006df8                vPortExitCritical
 .text.vTick    0x80006e18       0x84 src/ASF/thirdparty/freertos/freertos-7.0.0/source/portable/gcc/avr32_uc3/port.o
 .text.__malloc_lock
                0x80006e9c        0xc src/ASF/thirdparty/freertos/freertos-7.0.0/source/portable/gcc/avr32_uc3/port.o
                0x80006e9c                __malloc_lock
 .text.__malloc_unlock
                0x80006ea8        0xc src/ASF/thirdparty/freertos/freertos-7.0.0/source/portable/gcc/avr32_uc3/port.o
                0x80006ea8                __malloc_unlock
 .text._read    0x80006eb4       0x40 src/ASF/thirdparty/freertos/freertos-7.0.0/source/portable/gcc/avr32_uc3/read.o
                0x80006eb4                _read
 .text._write   0x80006ef4       0x3c src/ASF/thirdparty/freertos/freertos-7.0.0/source/portable/gcc/avr32_uc3/write.o
                0x80006ef4                _write
 .text.vPortFree
                0x80006f30       0x28 src/ASF/thirdparty/freertos/freertos-7.0.0/source/portable/memmang/heap_3.o
                0x80006f30                vPortFree
 .text.pvPortMalloc
                0x80006f58       0x28 src/ASF/thirdparty/freertos/freertos-7.0.0/source/portable/memmang/heap_3.o
                0x80006f58                pvPortMalloc
 .text.prvCopyDataFromQueue
                0x80006f80       0x30 src/ASF/thirdparty/freertos/freertos-7.0.0/source/queue.o
 .text.xQueueReceiveFromISR
                0x80006fb0       0x50 src/ASF/thirdparty/freertos/freertos-7.0.0/source/queue.o
                0x80006fb0                xQueueReceiveFromISR
 .text.prvUnlockQueue
                0x80007000       0xa0 src/ASF/thirdparty/freertos/freertos-7.0.0/source/queue.o
 .text.xQueueGenericReceive
                0x800070a0      0x144 src/ASF/thirdparty/freertos/freertos-7.0.0/source/queue.o
                0x800070a0                xQueueGenericReceive
 .text.prvCopyDataToQueue
                0x800071e4       0x78 src/ASF/thirdparty/freertos/freertos-7.0.0/source/queue.o
 .text.xQueueGenericSendFromISR
                0x8000725c       0x50 src/ASF/thirdparty/freertos/freertos-7.0.0/source/queue.o
                0x8000725c                xQueueGenericSendFromISR
 .text.xQueueGenericSend
                0x800072ac      0x100 src/ASF/thirdparty/freertos/freertos-7.0.0/source/queue.o
                0x800072ac                xQueueGenericSend
 .text.xQueueCreateMutex
                0x800073ac       0x58 src/ASF/thirdparty/freertos/freertos-7.0.0/source/queue.o
                0x800073ac                xQueueCreateMutex
 .text.xQueueCreate
                0x80007404       0x74 src/ASF/thirdparty/freertos/freertos-7.0.0/source/queue.o
                0x80007404                xQueueCreate
 .text.xQueueCreateCountingSemaphore
                0x80007478       0x18 src/ASF/thirdparty/freertos/freertos-7.0.0/source/queue.o
                0x80007478                xQueueCreateCountingSemaphore
 .text.vTaskSuspendAll
                0x80007490       0x10 src/ASF/thirdparty/freertos/freertos-7.0.0/source/tasks.o
                0x80007490                vTaskSuspendAll
 .text.vTaskSwitchContext
                0x800074a0       0x7c src/ASF/thirdparty/freertos/freertos-7.0.0/source/tasks.o
                0x800074a0                vTaskSwitchContext
 .text.vTaskSetTimeOutState
                0x8000751c       0x18 src/ASF/thirdparty/freertos/freertos-7.0.0/source/tasks.o
                0x8000751c                vTaskSetTimeOutState
 .text.vTaskMissedYield
                0x80007534        0xc src/ASF/thirdparty/freertos/freertos-7.0.0/source/tasks.o
                0x80007534                vTaskMissedYield
 .text.xTaskGetCurrentTaskHandle
                0x80007540        0xc src/ASF/thirdparty/freertos/freertos-7.0.0/source/tasks.o
                0x80007540                xTaskGetCurrentTaskHandle
 .text.vTaskPriorityDisinherit
                0x8000754c       0x58 src/ASF/thirdparty/freertos/freertos-7.0.0/source/tasks.o
                0x8000754c                vTaskPriorityDisinherit
 .text.vTaskPriorityInherit
                0x800075a4       0x84 src/ASF/thirdparty/freertos/freertos-7.0.0/source/tasks.o
                0x800075a4                vTaskPriorityInherit
 .text.xTaskRemoveFromEventList
                0x80007628       0x7c src/ASF/thirdparty/freertos/freertos-7.0.0/source/tasks.o
                0x80007628                xTaskRemoveFromEventList
 .text.vTaskIncrementTick
                0x800076a4      0x114 src/ASF/thirdparty/freertos/freertos-7.0.0/source/tasks.o
                0x800076a4                vTaskIncrementTick
 .text.xTaskCheckForTimeOut
                0x800077b8       0x70 src/ASF/thirdparty/freertos/freertos-7.0.0/source/tasks.o
                0x800077b8                xTaskCheckForTimeOut
 .text.xTaskGetTickCount
                0x80007828       0x24 src/ASF/thirdparty/freertos/freertos-7.0.0/source/tasks.o
                0x80007828                xTaskGetTickCount
 .text.xTaskResumeAll
                0x8000784c       0xe8 src/ASF/thirdparty/freertos/freertos-7.0.0/source/tasks.o
                0x8000784c                xTaskResumeAll
 .text.prvAddCurrentTaskToDelayedList
                0x80007934       0x5c src/ASF/thirdparty/freertos/freertos-7.0.0/source/tasks.o
 .text.vTaskDelay
                0x80007990       0x48 src/ASF/thirdparty/freertos/freertos-7.0.0/source/tasks.o
                0x80007990                vTaskDelay
 .text.vTaskDelayUntil
                0x800079d8       0x80 src/ASF/thirdparty/freertos/freertos-7.0.0/source/tasks.o
                0x800079d8                vTaskDelayUntil
 .text.vTaskPlaceOnEventList
                0x80007a58       0x58 src/ASF/thirdparty/freertos/freertos-7.0.0/source/tasks.o
                0x80007a58                vTaskPlaceOnEventList
 .text.prvIdleTask
                0x80007ab0       0x88 src/ASF/thirdparty/freertos/freertos-7.0.0/source/tasks.o
 .text.xTaskGenericCreate
                0x80007b38      0x1e8 src/ASF/thirdparty/freertos/freertos-7.0.0/source/tasks.o
                0x80007b38                xTaskGenericCreate
 .text.vTaskStartScheduler
                0x80007d20       0x4c src/ASF/thirdparty/freertos/freertos-7.0.0/source/tasks.o
                0x80007d20                vTaskStartScheduler
 .text.PrintChar
                0x80007d6c        0x4 src/Log/log.o
                0x80007d6c                PrintChar
 .text.PrintHex
                0x80007d70       0xb2 src/Log/log.o
                0x80007d70                PrintHex
 .text.PrintDec
                0x80007e22       0xda src/Log/log.o
                0x80007e22                PrintDec
 .text.log      0x80007efc      0x18c src/Log/log.o
                0x80007efc                log
 .text.logFromISR
                0x80008088      0x180 src/Log/log.o
                0x80008088                logFromISR
 .text.log_init
                0x80008208       0x64 src/Log/log.o
                0x80008208                log_init
 .text.task_log
                0x8000826c       0x44 src/Log/log.o
 .text.main     0x800082b0       0x78 src/main.o
                0x800082b0                main
 .text.free     0x80008328       0x10 e:/program x86/atmel/studio/7.0/toolchain/avr32/avr32-gnu-toolchain/bin/../lib/gcc/avr32/4.4.7/../../../../avr32/lib/ucr2\libc.a(lib_a-malloc.o)
                                 0x18 (size before relaxing)
                0x80008328                free
 .text.malloc   0x80008338       0x10 e:/program x86/atmel/studio/7.0/toolchain/avr32/avr32-gnu-toolchain/bin/../lib/gcc/avr32/4.4.7/../../../../avr32/lib/ucr2\libc.a(lib_a-malloc.o)
                                 0x18 (size before relaxing)
                0x80008338                malloc
 .text._malloc_r
                0x80008348      0x438 e:/program x86/atmel/studio/7.0/toolchain/avr32/avr32-gnu-toolchain/bin/../lib/gcc/avr32/4.4.7/../../../../avr32/lib/ucr2\libc.a(lib_a-mallocr.o)
                                0x450 (size before relaxing)
                0x80008348                _malloc_r
 .text.memcmp   0x80008780       0x26 e:/program x86/atmel/studio/7.0/toolchain/avr32/avr32-gnu-toolchain/bin/../lib/gcc/avr32/4.4.7/../../../../avr32/lib/ucr2\libc.a(lib_a-memcmp.o)
                0x80008780                memcmp
 .text          0x800087a6      0x148 e:/program x86/atmel/studio/7.0/toolchain/avr32/avr32-gnu-toolchain/bin/../lib/gcc/avr32/4.4.7/../../../../avr32/lib/ucr2\libc.a(lib_a-memcpy.o)
                0x800087a6                memcpy
 .text.memset   0x800088ee        0xe e:/program x86/atmel/studio/7.0/toolchain/avr32/avr32-gnu-toolchain/bin/../lib/gcc/avr32/4.4.7/../../../../avr32/lib/ucr2\libc.a(lib_a-memset.o)
                0x800088ee                memset
 .text._realloc_r
                0x800088fc      0x2c0 e:/program x86/atmel/studio/7.0/toolchain/avr32/avr32-gnu-toolchain/bin/../lib/gcc/avr32/4.4.7/../../../../avr32/lib/ucr2\libc.a(lib_a-reallocr.o)
                                0x2e0 (size before relaxing)
                0x800088fc                _realloc_r
 .text._sbrk_r  0x80008bbc       0x20 e:/program x86/atmel/studio/7.0/toolchain/avr32/avr32-gnu-toolchain/bin/../lib/gcc/avr32/4.4.7/../../../../avr32/lib/ucr2\libc.a(lib_a-sbrkr.o)
                                 0x28 (size before relaxing)
                0x80008bbc                _sbrk_r
 .text.sprintf  0x80008bdc       0x3c e:/program x86/atmel/studio/7.0/toolchain/avr32/avr32-gnu-toolchain/bin/../lib/gcc/avr32/4.4.7/../../../../avr32/lib/ucr2\libc.a(lib_a-sprintf.o)
                                 0x40 (size before relaxing)
                0x80008bdc                sprintf
 .text          0x80008c18       0x20 e:/program x86/atmel/studio/7.0/toolchain/avr32/avr32-gnu-toolchain/bin/../lib/gcc/avr32/4.4.7/../../../../avr32/lib/ucr2\libc.a(lib_a-strncpy.o)
                0x80008c18                strncpy
 .text._close   0x80008c38       0x14 e:/program x86/atmel/studio/7.0/toolchain/avr32/avr32-gnu-toolchain/bin/../lib/gcc/avr32/4.4.7/../../../../avr32/lib/ucr2\libc.a(lib_a-syscalls.o)
                                 0x18 (size before relaxing)
                0x80008c38                _close
 .text._lseek   0x80008c4c       0x14 e:/program x86/atmel/studio/7.0/toolchain/avr32/avr32-gnu-toolchain/bin/../lib/gcc/avr32/4.4.7/../../../../avr32/lib/ucr2\libc.a(lib_a-syscalls.o)
                                 0x18 (size before relaxing)
                0x80008c4c                _lseek
 .text.isatty   0x80008c60       0x14 e:/program x86/atmel/studio/7.0/toolchain/avr32/avr32-gnu-toolchain/bin/../lib/gcc/avr32/4.4.7/../../../../avr32/lib/ucr2\libc.a(lib_a-syscalls.o)
                                 0x18 (size before relaxing)
                0x80008c60                isatty
 .text._fstat_host
                0x80008c74       0x14 e:/program x86/atmel/studio/7.0/toolchain/avr32/avr32-gnu-toolchain/bin/../lib/gcc/avr32/4.4.7/../../../../avr32/lib/ucr2\libc.a(lib_a-syscalls.o)
                                 0x18 (size before relaxing)
                0x80008c74                _fstat_host
 .text._fstat   0x80008c88       0x4c e:/program x86/atmel/studio/7.0/toolchain/avr32/avr32-gnu-toolchain/bin/../lib/gcc/avr32/4.4.7/../../../../avr32/lib/ucr2\libc.a(lib_a-syscalls.o)
                                 0x50 (size before relaxing)
                0x80008c88                _fstat
 .text._sbrk    0x80008cd4       0x38 e:/program x86/atmel/studio/7.0/toolchain/avr32/avr32-gnu-toolchain/bin/../lib/gcc/avr32/4.4.7/../../../../avr32/lib/ucr2\libc.a(lib_a-syscalls.o)
                                 0x40 (size before relaxing)
                0x80008cd4                _sbrk
 .text.get_arg  0x80008d0c      0x314 e:/program x86/atmel/studio/7.0/toolchain/avr32/avr32-gnu-toolchain/bin/../lib/gcc/avr32/4.4.7/../../../../avr32/lib/ucr2\libc.a(lib_a-vfprintf.o)
                                0x324 (size before relaxing)
 .text.__sprint_r
                0x80009020       0x1c e:/program x86/atmel/studio/7.0/toolchain/avr32/avr32-gnu-toolchain/bin/../lib/gcc/avr32/4.4.7/../../../../avr32/lib/ucr2\libc.a(lib_a-vfprintf.o)
                                 0x20 (size before relaxing)
 .text._vfprintf_r
                0x8000903c     0x1f14 e:/program x86/atmel/studio/7.0/toolchain/avr32/avr32-gnu-toolchain/bin/../lib/gcc/avr32/4.4.7/../../../../avr32/lib/ucr2\libc.a(lib_a-vfprintf.o)
                               0x1f9c (size before relaxing)
                0x8000903c                _vfprintf_r
 .text.__swsetup_r
                0x8000af50       0xdc e:/program x86/atmel/studio/7.0/toolchain/avr32/avr32-gnu-toolchain/bin/../lib/gcc/avr32/4.4.7/../../../../avr32/lib/ucr2\libc.a(lib_a-wsetup.o)
                                 0xe8 (size before relaxing)
                0x8000af50                __swsetup_r
 .text.quorem   0x8000b02c      0x120 e:/program x86/atmel/studio/7.0/toolchain/avr32/avr32-gnu-toolchain/bin/../lib/gcc/avr32/4.4.7/../../../../avr32/lib/ucr2\libc.a(lib_a-dtoa.o)
                                0x124 (size before relaxing)
 .text._dtoa_r  0x8000b14c      0xbdc e:/program x86/atmel/studio/7.0/toolchain/avr32/avr32-gnu-toolchain/bin/../lib/gcc/avr32/4.4.7/../../../../avr32/lib/ucr2\libc.a(lib_a-dtoa.o)
                                0xc90 (size before relaxing)
                0x8000b14c                _dtoa_r
 .text.__errno  0x8000bd28        0xc e:/program x86/atmel/studio/7.0/toolchain/avr32/avr32-gnu-toolchain/bin/../lib/gcc/avr32/4.4.7/../../../../avr32/lib/ucr2\libc.a(lib_a-errno.o)
                0x8000bd28                __errno
 .text._fflush_r
                0x8000bd34      0x10c e:/program x86/atmel/studio/7.0/toolchain/avr32/avr32-gnu-toolchain/bin/../lib/gcc/avr32/4.4.7/../../../../avr32/lib/ucr2\libc.a(lib_a-fflush.o)
                                0x118 (size before relaxing)
                0x8000bd34                _fflush_r
 .text.__sfp_lock_acquire
                0x8000be40        0x2 e:/program x86/atmel/studio/7.0/toolchain/avr32/avr32-gnu-toolchain/bin/../lib/gcc/avr32/4.4.7/../../../../avr32/lib/ucr2\libc.a(lib_a-findfp.o)
                0x8000be40                __sfp_lock_acquire
 .text.__sfp_lock_release
                0x8000be42        0x2 e:/program x86/atmel/studio/7.0/toolchain/avr32/avr32-gnu-toolchain/bin/../lib/gcc/avr32/4.4.7/../../../../avr32/lib/ucr2\libc.a(lib_a-findfp.o)
                0x8000be42                __sfp_lock_release
 .text._cleanup_r
                0x8000be44        0xc e:/program x86/atmel/studio/7.0/toolchain/avr32/avr32-gnu-toolchain/bin/../lib/gcc/avr32/4.4.7/../../../../avr32/lib/ucr2\libc.a(lib_a-findfp.o)
                                 0x14 (size before relaxing)
                0x8000be44                _cleanup_r
 .text.__sfmoreglue
                0x8000be50       0x28 e:/program x86/atmel/studio/7.0/toolchain/avr32/avr32-gnu-toolchain/bin/../lib/gcc/avr32/4.4.7/../../../../avr32/lib/ucr2\libc.a(lib_a-findfp.o)
                                 0x30 (size before relaxing)
                0x8000be50                __sfmoreglue
 .text.__sfp    0x8000be78       0x6c e:/program x86/atmel/studio/7.0/toolchain/avr32/avr32-gnu-toolchain/bin/../lib/gcc/avr32/4.4.7/../../../../avr32/lib/ucr2\libc.a(lib_a-findfp.o)
                                 0x7c (size before relaxing)
                0x8000be78                __sfp
 .text.__sinit  0x8000bee4       0x9c e:/program x86/atmel/studio/7.0/toolchain/avr32/avr32-gnu-toolchain/bin/../lib/gcc/avr32/4.4.7/../../../../avr32/lib/ucr2\libc.a(lib_a-findfp.o)
                                 0xb0 (size before relaxing)
                0x8000bee4                __sinit
 .text._malloc_trim_r
                0x8000bf80       0x98 e:/program x86/atmel/studio/7.0/toolchain/avr32/avr32-gnu-toolchain/bin/../lib/gcc/avr32/4.4.7/../../../../avr32/lib/ucr2\libc.a(lib_a-freer.o)
                                 0xa8 (size before relaxing)
                0x8000bf80                _malloc_trim_r
 .text._free_r  0x8000c018      0x18c e:/program x86/atmel/studio/7.0/toolchain/avr32/avr32-gnu-toolchain/bin/../lib/gcc/avr32/4.4.7/../../../../avr32/lib/ucr2\libc.a(lib_a-freer.o)
                                0x1a0 (size before relaxing)
                0x8000c018                _free_r
 .text.__sfvwrite_r
                0x8000c1a4      0x294 e:/program x86/atmel/studio/7.0/toolchain/avr32/avr32-gnu-toolchain/bin/../lib/gcc/avr32/4.4.7/../../../../avr32/lib/ucr2\libc.a(lib_a-fvwrite.o)
                                0x2c4 (size before relaxing)
                0x8000c1a4                __sfvwrite_r
 .text._fwalk   0x8000c438       0x4c e:/program x86/atmel/studio/7.0/toolchain/avr32/avr32-gnu-toolchain/bin/../lib/gcc/avr32/4.4.7/../../../../avr32/lib/ucr2\libc.a(lib_a-fwalk.o)
                                 0x54 (size before relaxing)
                0x8000c438                _fwalk
 .text._localeconv_r
                0x8000c484        0x8 e:/program x86/atmel/studio/7.0/toolchain/avr32/avr32-gnu-toolchain/bin/../lib/gcc/avr32/4.4.7/../../../../avr32/lib/ucr2\libc.a(lib_a-locale.o)
                0x8000c484                _localeconv_r
 .text.__smakebuf_r
                0x8000c48c       0xbc e:/program x86/atmel/studio/7.0/toolchain/avr32/avr32-gnu-toolchain/bin/../lib/gcc/avr32/4.4.7/../../../../avr32/lib/ucr2\libc.a(lib_a-makebuf.o)
                                 0xcc (size before relaxing)
                0x8000c48c                __smakebuf_r
 .text.memchr   0x8000c548       0x16 e:/program x86/atmel/studio/7.0/toolchain/avr32/avr32-gnu-toolchain/bin/../lib/gcc/avr32/4.4.7/../../../../avr32/lib/ucr2\libc.a(lib_a-memchr.o)
                0x8000c548                memchr
 .text.memmove  0x8000c55e       0x3e e:/program x86/atmel/studio/7.0/toolchain/avr32/avr32-gnu-toolchain/bin/../lib/gcc/avr32/4.4.7/../../../../avr32/lib/ucr2\libc.a(lib_a-memmove.o)
                0x8000c55e                memmove
 .text.__hi0bits
                0x8000c59c       0x60 e:/program x86/atmel/studio/7.0/toolchain/avr32/avr32-gnu-toolchain/bin/../lib/gcc/avr32/4.4.7/../../../../avr32/lib/ucr2\libc.a(lib_a-mprec.o)
                0x8000c59c                __hi0bits
 .text.__lo0bits
                0x8000c5fc       0x8e e:/program x86/atmel/studio/7.0/toolchain/avr32/avr32-gnu-toolchain/bin/../lib/gcc/avr32/4.4.7/../../../../avr32/lib/ucr2\libc.a(lib_a-mprec.o)
                0x8000c5fc                __lo0bits
 .text.__mcmp   0x8000c68a       0x32 e:/program x86/atmel/studio/7.0/toolchain/avr32/avr32-gnu-toolchain/bin/../lib/gcc/avr32/4.4.7/../../../../avr32/lib/ucr2\libc.a(lib_a-mprec.o)
                0x8000c68a                __mcmp
 .text._Bfree   0x8000c6bc       0x34 e:/program x86/atmel/studio/7.0/toolchain/avr32/avr32-gnu-toolchain/bin/../lib/gcc/avr32/4.4.7/../../../../avr32/lib/ucr2\libc.a(lib_a-mprec.o)
                                 0x38 (size before relaxing)
                0x8000c6bc                _Bfree
 .text._Balloc  0x8000c6f0       0x70 e:/program x86/atmel/studio/7.0/toolchain/avr32/avr32-gnu-toolchain/bin/../lib/gcc/avr32/4.4.7/../../../../avr32/lib/ucr2\libc.a(lib_a-mprec.o)
                                 0x78 (size before relaxing)
                0x8000c6f0                _Balloc
 .text.__d2b    0x8000c760       0xa0 e:/program x86/atmel/studio/7.0/toolchain/avr32/avr32-gnu-toolchain/bin/../lib/gcc/avr32/4.4.7/../../../../avr32/lib/ucr2\libc.a(lib_a-mprec.o)
                                 0xb4 (size before relaxing)
                0x8000c760                __d2b
 .text.__mdiff  0x8000c800       0xd0 e:/program x86/atmel/studio/7.0/toolchain/avr32/avr32-gnu-toolchain/bin/../lib/gcc/avr32/4.4.7/../../../../avr32/lib/ucr2\libc.a(lib_a-mprec.o)
                                 0xd8 (size before relaxing)
                0x8000c800                __mdiff
 .text.__lshift
                0x8000c8d0       0x88 e:/program x86/atmel/studio/7.0/toolchain/avr32/avr32-gnu-toolchain/bin/../lib/gcc/avr32/4.4.7/../../../../avr32/lib/ucr2\libc.a(lib_a-mprec.o)
                                 0x94 (size before relaxing)
                0x8000c8d0                __lshift
 .text.__multiply
                0x8000c958      0x100 e:/program x86/atmel/studio/7.0/toolchain/avr32/avr32-gnu-toolchain/bin/../lib/gcc/avr32/4.4.7/../../../../avr32/lib/ucr2\libc.a(lib_a-mprec.o)
                                0x108 (size before relaxing)
                0x8000c958                __multiply
 .text.__i2b    0x8000ca58       0x10 e:/program x86/atmel/studio/7.0/toolchain/avr32/avr32-gnu-toolchain/bin/../lib/gcc/avr32/4.4.7/../../../../avr32/lib/ucr2\libc.a(lib_a-mprec.o)
                                 0x18 (size before relaxing)
                0x8000ca58                __i2b
 .text.__multadd
                0x8000ca68       0x7c e:/program x86/atmel/studio/7.0/toolchain/avr32/avr32-gnu-toolchain/bin/../lib/gcc/avr32/4.4.7/../../../../avr32/lib/ucr2\libc.a(lib_a-mprec.o)
                                 0x88 (size before relaxing)
                0x8000ca68                __multadd
 .text.__pow5mult
                0x8000cae4       0x8c e:/program x86/atmel/studio/7.0/toolchain/avr32/avr32-gnu-toolchain/bin/../lib/gcc/avr32/4.4.7/../../../../avr32/lib/ucr2\libc.a(lib_a-mprec.o)
                                 0xac (size before relaxing)
                0x8000cae4                __pow5mult
 .text.__isinfd
                0x8000cb70       0x2a e:/program x86/atmel/studio/7.0/toolchain/avr32/avr32-gnu-toolchain/bin/../lib/gcc/avr32/4.4.7/../../../../avr32/lib/ucr2\libc.a(lib_a-s_isinfd.o)
                0x8000cb70                __isinfd
 .text.__isnand
                0x8000cb9a       0x1c e:/program x86/atmel/studio/7.0/toolchain/avr32/avr32-gnu-toolchain/bin/../lib/gcc/avr32/4.4.7/../../../../avr32/lib/ucr2\libc.a(lib_a-s_isnand.o)
                0x8000cb9a                __isnand
 *fill*         0x8000cbb6        0x2 d703d703
 .text.__sclose
                0x8000cbb8        0x8 e:/program x86/atmel/studio/7.0/toolchain/avr32/avr32-gnu-toolchain/bin/../lib/gcc/avr32/4.4.7/../../../../avr32/lib/ucr2\libc.a(lib_a-stdio.o)
                                 0x10 (size before relaxing)
                0x8000cbb8                __sclose
 .text.__sseek  0x8000cbc0       0x20 e:/program x86/atmel/studio/7.0/toolchain/avr32/avr32-gnu-toolchain/bin/../lib/gcc/avr32/4.4.7/../../../../avr32/lib/ucr2\libc.a(lib_a-stdio.o)
                                 0x28 (size before relaxing)
                0x8000cbc0                __sseek
 .text.__swrite
                0x8000cbe0       0x2c e:/program x86/atmel/studio/7.0/toolchain/avr32/avr32-gnu-toolchain/bin/../lib/gcc/avr32/4.4.7/../../../../avr32/lib/ucr2\libc.a(lib_a-stdio.o)
                                 0x38 (size before relaxing)
                0x8000cbe0                __swrite
 .text.__sread  0x8000cc0c       0x1c e:/program x86/atmel/studio/7.0/toolchain/avr32/avr32-gnu-toolchain/bin/../lib/gcc/avr32/4.4.7/../../../../avr32/lib/ucr2\libc.a(lib_a-stdio.o)
                                 0x24 (size before relaxing)
                0x8000cc0c                __sread
 .text.strlen   0x8000cc28       0x16 e:/program x86/atmel/studio/7.0/toolchain/avr32/avr32-gnu-toolchain/bin/../lib/gcc/avr32/4.4.7/../../../../avr32/lib/ucr2\libc.a(lib_a-strlen.o)
                0x8000cc28                strlen
 *fill*         0x8000cc3e        0x2 d703d703
 .text._write_r
                0x8000cc40       0x28 e:/program x86/atmel/studio/7.0/toolchain/avr32/avr32-gnu-toolchain/bin/../lib/gcc/avr32/4.4.7/../../../../avr32/lib/ucr2\libc.a(lib_a-writer.o)
                                 0x2c (size before relaxing)
                0x8000cc40                _write_r
 .text._calloc_r
                0x8000cc68       0x58 e:/program x86/atmel/studio/7.0/toolchain/avr32/avr32-gnu-toolchain/bin/../lib/gcc/avr32/4.4.7/../../../../avr32/lib/ucr2\libc.a(lib_a-callocr.o)
                                 0x60 (size before relaxing)
                0x8000cc68                _calloc_r
 .text._close_r
                0x8000ccc0       0x20 e:/program x86/atmel/studio/7.0/toolchain/avr32/avr32-gnu-toolchain/bin/../lib/gcc/avr32/4.4.7/../../../../avr32/lib/ucr2\libc.a(lib_a-closer.o)
                                 0x28 (size before relaxing)
                0x8000ccc0                _close_r
 .text._fclose_r
                0x8000cce0       0xb8 e:/program x86/atmel/studio/7.0/toolchain/avr32/avr32-gnu-toolchain/bin/../lib/gcc/avr32/4.4.7/../../../../avr32/lib/ucr2\libc.a(lib_a-fclose.o)
                                 0xd0 (size before relaxing)
                0x8000cce0                _fclose_r
 .text.fclose   0x8000cd98       0x10 e:/program x86/atmel/studio/7.0/toolchain/avr32/avr32-gnu-toolchain/bin/../lib/gcc/avr32/4.4.7/../../../../avr32/lib/ucr2\libc.a(lib_a-fclose.o)
                                 0x18 (size before relaxing)
                0x8000cd98                fclose
 .text._fstat_r
                0x8000cda8       0x24 e:/program x86/atmel/studio/7.0/toolchain/avr32/avr32-gnu-toolchain/bin/../lib/gcc/avr32/4.4.7/../../../../avr32/lib/ucr2\libc.a(lib_a-fstatr.o)
                                 0x2c (size before relaxing)
                0x8000cda8                _fstat_r
 .text._lseek_r
                0x8000cdcc       0x28 e:/program x86/atmel/studio/7.0/toolchain/avr32/avr32-gnu-toolchain/bin/../lib/gcc/avr32/4.4.7/../../../../avr32/lib/ucr2\libc.a(lib_a-lseekr.o)
                                 0x2c (size before relaxing)
                0x8000cdcc                _lseek_r
 .text._read_r  0x8000cdf4       0x28 e:/program x86/atmel/studio/7.0/toolchain/avr32/avr32-gnu-toolchain/bin/../lib/gcc/avr32/4.4.7/../../../../avr32/lib/ucr2\libc.a(lib_a-readr.o)
                                 0x2c (size before relaxing)
                0x8000cdf4                _read_r
 .text          0x8000ce1c      0x1d4 e:/program x86/atmel/studio/7.0/toolchain/avr32/avr32-gnu-toolchain/bin/../lib/gcc/avr32/4.4.7/ucr2\libgcc.a(_avr32_f64_mul.o)
                0x8000ce1c                __avr32_f64_mul
 .text          0x8000cff0      0x2b0 e:/program x86/atmel/studio/7.0/toolchain/avr32/avr32-gnu-toolchain/bin/../lib/gcc/avr32/4.4.7/ucr2\libgcc.a(_avr32_f64_addsub.o)
                0x8000cff4                __avr32_f64_sub
                0x8000d190                __avr32_f64_add
 .text          0x8000d2a0       0x2a e:/program x86/atmel/studio/7.0/toolchain/avr32/avr32-gnu-toolchain/bin/../lib/gcc/avr32/4.4.7/ucr2\libgcc.a(_avr32_f64_to_s32.o)
                0x8000d2a0                __avr32_f64_to_u32
                0x8000d2a4                __avr32_f64_to_s32
 .text          0x8000d2ca       0xe8 e:/program x86/atmel/studio/7.0/toolchain/avr32/avr32-gnu-toolchain/bin/../lib/gcc/avr32/4.4.7/ucr2\libgcc.a(_avr32_s32_to_f64.o)
                0x8000d2ca                __avr32_u32_to_f64
                0x8000d2d2                __avr32_s32_to_f64
 .text          0x8000d3b2       0x26 e:/program x86/atmel/studio/7.0/toolchain/avr32/avr32-gnu-toolchain/bin/../lib/gcc/avr32/4.4.7/ucr2\libgcc.a(_avr32_f64_cmp_eq.o)
                0x8000d3b2                __avr32_f64_cmp_eq
 .text          0x8000d3d8       0x68 e:/program x86/atmel/studio/7.0/toolchain/avr32/avr32-gnu-toolchain/bin/../lib/gcc/avr32/4.4.7/ucr2\libgcc.a(_avr32_f64_cmp_ge.o)
                0x8000d3d8                __avr32_f64_cmp_ge
 .text          0x8000d440       0x68 e:/program x86/atmel/studio/7.0/toolchain/avr32/avr32-gnu-toolchain/bin/../lib/gcc/avr32/4.4.7/ucr2\libgcc.a(_avr32_f64_cmp_lt.o)
                0x8000d440                __avr32_f64_cmp_lt
 .text          0x8000d4a8      0x318 e:/program x86/atmel/studio/7.0/toolchain/avr32/avr32-gnu-toolchain/bin/../lib/gcc/avr32/4.4.7/ucr2\libgcc.a(_avr32_f64_div.o)
                0x8000d4a8                __avr32_f64_div
 .text          0x8000d7c0      0x264 e:/program x86/atmel/studio/7.0/toolchain/avr32/avr32-gnu-toolchain/bin/../lib/gcc/avr32/4.4.7/ucr2\libgcc.a(_udivdi3.o)
                0x8000d7c0                __avr32_udiv64
                0x8000d7c0                __udivdi3
 .text          0x8000da24      0x20c e:/program x86/atmel/studio/7.0/toolchain/avr32/avr32-gnu-toolchain/bin/../lib/gcc/avr32/4.4.7/ucr2\libgcc.a(_umoddi3.o)
                0x8000da24                __avr32_umod64
                0x8000da24                __umoddi3
 *(.text.*personality*)
 *(.gnu.warning)

.exception      0x8000de00      0x200
 .exception     0x8000de00      0x200 src/ASF/thirdparty/freertos/freertos-7.0.0/source/portable/gcc/avr32_uc3/exception.o
                0x8000de00                _evba
                0x8000df04                _int0
                0x8000df12                _int1
                0x8000df20                _int2
                0x8000df2e                _int3
                0x8000df3c                ipr_val

.fini
 *(.fini)
                0x8000e000                PROVIDE (__etext, .)
                0x8000e000                PROVIDE (_etext, .)
                0x8000e000                PROVIDE (etext, .)

.rodata         0x8000e000     0x1610
 *(.rodata .rodata.* .gnu.linkonce.r.*)
 .rodata.str1.4
                0x8000e000      0x892 src/Application/app/app.o
                                0x894 (size before relaxing)
 *fill*         0x8000e892        0x2 
 .rodata.DF_SPI_GPIO_MAP.11285
                0x8000e894       0x20 src/Application/flash/data_flash.o
 .rodata.C.52.11299
                0x8000e8b4        0x4 src/Application/flash/data_flash.o
 .rodata.C.50.11287
                0x8000e8b8       0x10 src/Application/flash/data_flash.o
 .rodata.str1.4
                0x8000e8c8       0x1d src/Application/myrtc/xgrtc.o
                                 0x20 (size before relaxing)
 *fill*         0x8000e8e5        0x3 
 .rodata.CSWTCH.36
                0x8000e8e8       0x48 src/Application/radio/ambe.o
 .rodata.str1.4
                0x8000e930       0x44 src/Application/radio/physical.o
 .rodata.str1.4
                0x8000e974        0x8 src/Application/radio/xcmp.o
 .rodata.str1.4
                0x8000e97c        0xf src/Application/radio/xnl.o
                                 0x10 (size before relaxing)
 *fill*         0x8000e98b        0x1 
 .rodata.CSWTCH.97
                0x8000e98c        0x4 src/Application/RFID/MFRC522/rc522.o
 .rodata.CSWTCH.98
                0x8000e990        0x4 src/Application/RFID/MFRC522/rc522.o
 .rodata.C.72.12139
                0x8000e994       0x10 src/Application/RFID/MFRC522/rc522.o
 .rodata.RC522_SPI_GPIO_MAP.12137
                0x8000e9a4        0x8 src/Application/RFID/MFRC522/rc522.o
 .rodata.str1.4
                0x8000e9ac       0xad src/Application/RFID/RFID.o
                                 0xd8 (size before relaxing)
 *fill*         0x8000ea59        0x3 
 .rodata.TC_GPIO_MAP.11090
                0x8000ea5c       0x18 src/Application/timers/timer.o
 .rodata.str1.4
                0x8000ea74      0x26a src/Application/xgflash/xgflash.o
                                0x2b8 (size before relaxing)
 *fill*         0x8000ecde        0x2 
 .rodata._int_handler_table
                0x8000ece0       0x98 src/ASF/avr32/drivers/intc/intc.o
 .rodata.str1.4
                0x8000ed78        0x5 src/ASF/thirdparty/freertos/freertos-7.0.0/source/tasks.o
                                  0x8 (size before relaxing)
 *fill*         0x8000ed7d        0x3 
 .rodata.log    0x8000ed80      0x150 src/Log/log.o
 .rodata.logFromISR
                0x8000eed0      0x150 src/Log/log.o
 .rodata.USART_OPTIONS.11278
                0x8000f020        0xc src/Log/log.o
 .rodata.str1.4
                0x8000f02c       0x3c src/Log/log.o
 .rodata.USART_GPIO_MAP.11277
                0x8000f068       0x10 src/Log/log.o
 .rodata.str1.4
                0x8000f078       0x14 src/main.o
 .rodata.get_arg
                0x8000f08c       0x3c e:/program x86/atmel/studio/7.0/toolchain/avr32/avr32-gnu-toolchain/bin/../lib/gcc/avr32/4.4.7/../../../../avr32/lib/ucr2\libc.a(lib_a-vfprintf.o)
 .rodata._vfprintf_r
                0x8000f0c8      0x164 e:/program x86/atmel/studio/7.0/toolchain/avr32/avr32-gnu-toolchain/bin/../lib/gcc/avr32/4.4.7/../../../../avr32/lib/ucr2\libc.a(lib_a-vfprintf.o)
 .rodata.state_table
                0x8000f22c       0x6c e:/program x86/atmel/studio/7.0/toolchain/avr32/avr32-gnu-toolchain/bin/../lib/gcc/avr32/4.4.7/../../../../avr32/lib/ucr2\libc.a(lib_a-vfprintf.o)
 .rodata.action_table
                0x8000f298       0x6c e:/program x86/atmel/studio/7.0/toolchain/avr32/avr32-gnu-toolchain/bin/../lib/gcc/avr32/4.4.7/../../../../avr32/lib/ucr2\libc.a(lib_a-vfprintf.o)
 .rodata.str1.4
                0x8000f304       0x3a e:/program x86/atmel/studio/7.0/toolchain/avr32/avr32-gnu-toolchain/bin/../lib/gcc/avr32/4.4.7/../../../../avr32/lib/ucr2\libc.a(lib_a-vfprintf.o)
                                 0x3c (size before relaxing)
 *fill*         0x8000f33e        0x2 
 .rodata.blanks.3430
                0x8000f340       0x10 e:/program x86/atmel/studio/7.0/toolchain/avr32/avr32-gnu-toolchain/bin/../lib/gcc/avr32/4.4.7/../../../../avr32/lib/ucr2\libc.a(lib_a-vfprintf.o)
 .rodata.zeroes.3431
                0x8000f350       0x10 e:/program x86/atmel/studio/7.0/toolchain/avr32/avr32-gnu-toolchain/bin/../lib/gcc/avr32/4.4.7/../../../../avr32/lib/ucr2\libc.a(lib_a-vfprintf.o)
 .rodata.chclass
                0x8000f360      0x100 e:/program x86/atmel/studio/7.0/toolchain/avr32/avr32-gnu-toolchain/bin/../lib/gcc/avr32/4.4.7/../../../../avr32/lib/ucr2\libc.a(lib_a-vfprintf.o)
 .rodata.str1.4
                0x8000f460       0x10 e:/program x86/atmel/studio/7.0/toolchain/avr32/avr32-gnu-toolchain/bin/../lib/gcc/avr32/4.4.7/../../../../avr32/lib/ucr2\libc.a(lib_a-dtoa.o)
                                 0x14 (size before relaxing)
 .rodata.__sf_fake_stdin
                0x8000f470       0x20 e:/program x86/atmel/studio/7.0/toolchain/avr32/avr32-gnu-toolchain/bin/../lib/gcc/avr32/4.4.7/../../../../avr32/lib/ucr2\libc.a(lib_a-findfp.o)
                0x8000f470                __sf_fake_stdin
 .rodata.__sf_fake_stdout
                0x8000f490       0x20 e:/program x86/atmel/studio/7.0/toolchain/avr32/avr32-gnu-toolchain/bin/../lib/gcc/avr32/4.4.7/../../../../avr32/lib/ucr2\libc.a(lib_a-findfp.o)
                0x8000f490                __sf_fake_stdout
 .rodata.__sf_fake_stderr
                0x8000f4b0       0x20 e:/program x86/atmel/studio/7.0/toolchain/avr32/avr32-gnu-toolchain/bin/../lib/gcc/avr32/4.4.7/../../../../avr32/lib/ucr2\libc.a(lib_a-findfp.o)
                0x8000f4b0                __sf_fake_stderr
 .rodata.str1.4
                0x8000f4d0        0x2 e:/program x86/atmel/studio/7.0/toolchain/avr32/avr32-gnu-toolchain/bin/../lib/gcc/avr32/4.4.7/../../../../avr32/lib/ucr2\libc.a(lib_a-impure.o)
                                  0x4 (size before relaxing)
 *fill*         0x8000f4d2        0x2 
 .rodata._global_impure_ptr
                0x8000f4d4        0x4 e:/program x86/atmel/studio/7.0/toolchain/avr32/avr32-gnu-toolchain/bin/../lib/gcc/avr32/4.4.7/../../../../avr32/lib/ucr2\libc.a(lib_a-impure.o)
                0x8000f4d4                _global_impure_ptr
 .rodata.lconv  0x8000f4d8       0x30 e:/program x86/atmel/studio/7.0/toolchain/avr32/avr32-gnu-toolchain/bin/../lib/gcc/avr32/4.4.7/../../../../avr32/lib/ucr2\libc.a(lib_a-locale.o)
 .rodata.str1.4
                0x8000f508        0xc e:/program x86/atmel/studio/7.0/toolchain/avr32/avr32-gnu-toolchain/bin/../lib/gcc/avr32/4.4.7/../../../../avr32/lib/ucr2\libc.a(lib_a-locale.o)
                                 0x18 (size before relaxing)
 .rodata.p05.2471
                0x8000f514        0xc e:/program x86/atmel/studio/7.0/toolchain/avr32/avr32-gnu-toolchain/bin/../lib/gcc/avr32/4.4.7/../../../../avr32/lib/ucr2\libc.a(lib_a-mprec.o)
 .rodata.__mprec_tens
                0x8000f520       0xc8 e:/program x86/atmel/studio/7.0/toolchain/avr32/avr32-gnu-toolchain/bin/../lib/gcc/avr32/4.4.7/../../../../avr32/lib/ucr2\libc.a(lib_a-mprec.o)
                0x8000f520                __mprec_tens
 .rodata.__mprec_bigtens
                0x8000f5e8       0x28 e:/program x86/atmel/studio/7.0/toolchain/avr32/avr32-gnu-toolchain/bin/../lib/gcc/avr32/4.4.7/../../../../avr32/lib/ucr2\libc.a(lib_a-mprec.o)
                0x8000f5e8                __mprec_bigtens

.rodata1
 *(.rodata1)

.eh_frame_hdr
 *(.eh_frame_hdr)

.eh_frame
 *(.eh_frame)

.gcc_except_table
 *(.gcc_except_table)
 *(.gcc_except_table.*)

.dalign         0x8000f610        0x0
                0x8000f610                . = ALIGN (0x8)
                0x8000f610                PROVIDE (_data_lma, .)
                0x00000004                PROVIDE (_data, ORIGIN (CPUSRAM))
                0x00000004                . = ORIGIN (CPUSRAM)

.eh_frame
 *(.eh_frame)

.gcc_except_table
 *(.gcc_except_table)
 *(.gcc_except_table.*)

.tdata
 *(.tdata .tdata.* .gnu.linkonce.td.*)

.tbss
 *(.tbss .tbss.* .gnu.linkonce.tb.*)
 *(.tcommon)
                0x00000004                PROVIDE (__preinit_array_start, ALIGN (0x4))

.preinit_array
 *(.preinit_array)
                0x00000004                PROVIDE (__preinit_array_end, .)
                0x00000004                PROVIDE (__init_array_start, .)

.init_array
 *(.init_array)
                0x00000004                PROVIDE (__init_array_end, .)
                0x00000004                PROVIDE (__fini_array_start, .)

.fini_array
 *(.fini_array)
                0x00000004                PROVIDE (__fini_array_end, .)

.ctors
 *crtbegin*.o(.ctors)
 *(EXCLUDE_FILE(*crtend*.o) .ctors)
 *(SORT(.ctors.*))
 *(.ctors)

.dtors
 *crtbegin*.o(.dtors)
 *(EXCLUDE_FILE(*crtend*.o) .dtors)
 *(SORT(.dtors.*))
 *(.dtors)

.jcr
 *(.jcr)

.data.rel.ro
 *(.data.rel.ro.local)
 *(.data.rel.ro*)

.dynamic
 *(.dynamic)

.got
 *(.got.plt)
 *(.got)

.data           0x00000004      0xa54 load address 0x8000f610
 *(.data .data.* .gnu.linkonce.d.*)
 .data.get_time_okay
                0x00000004        0x1 src/Application/app/app.o
 *fill*         0x00000005        0x3 
 .data.status.12799
                0x00000008        0x4 src/Application/app/app.o
 .data.status.12753
                0x0000000c        0x4 src/Application/app/app.o
 .data.the_app_list
                0x00000010      0x4ec src/Application/app/app.o
 .data.print_sec
                0x000004fc        0x4 src/Application/myrtc/xgrtc.o
 .data.xnl_proc_list
                0x00000500       0x34 src/Application/radio/xnl.o
 .data.unsure_data
                0x00000534        0x8 src/Application/RFID/RFID.o
                0x00000534                unsure_data
 .data.start_session.12261
                0x0000053c        0x1 src/Application/RFID/RFID.o
 *fill*         0x0000053d        0x3 
 .data.XGFlashLabel
                0x00000540        0x8 src/Application/xgflash/xgflash.o
                0x00000540                XGFlashLabel
 .data.current_save_message_offset
                0x00000548        0x4 src/Application/xgflash/xgflash.o
 .data.ulCriticalNesting
                0x0000054c        0x4 src/ASF/thirdparty/freertos/freertos-7.0.0/source/portable/gcc/avr32_uc3/port.o
                0x0000054c                ulCriticalNesting
 .data.xNextTaskUnblockTime
                0x00000550        0x4 src/ASF/thirdparty/freertos/freertos-7.0.0/source/tasks.o
 .data.__malloc_av_
                0x00000554      0x408 e:/program x86/atmel/studio/7.0/toolchain/avr32/avr32-gnu-toolchain/bin/../lib/gcc/avr32/4.4.7/../../../../avr32/lib/ucr2\libc.a(lib_a-mallocr.o)
                0x00000554                __malloc_av_
 .data.__malloc_trim_threshold
                0x0000095c        0x4 e:/program x86/atmel/studio/7.0/toolchain/avr32/avr32-gnu-toolchain/bin/../lib/gcc/avr32/4.4.7/../../../../avr32/lib/ucr2\libc.a(lib_a-mallocr.o)
                0x0000095c                __malloc_trim_threshold
 .data.__malloc_sbrk_base
                0x00000960        0x4 e:/program x86/atmel/studio/7.0/toolchain/avr32/avr32-gnu-toolchain/bin/../lib/gcc/avr32/4.4.7/../../../../avr32/lib/ucr2\libc.a(lib_a-mallocr.o)
                0x00000960                __malloc_sbrk_base
 .data.impure_data
                0x00000964       0xf0 e:/program x86/atmel/studio/7.0/toolchain/avr32/avr32-gnu-toolchain/bin/../lib/gcc/avr32/4.4.7/../../../../avr32/lib/ucr2\libc.a(lib_a-impure.o)
 .data._impure_ptr
                0x00000a54        0x4 e:/program x86/atmel/studio/7.0/toolchain/avr32/avr32-gnu-toolchain/bin/../lib/gcc/avr32/4.4.7/../../../../avr32/lib/ucr2\libc.a(lib_a-impure.o)
                0x00000a54                _impure_ptr
 *(.gnu.linkonce.d.*personality*)

.data1
 *(.data1)

.balign         0x00000a58        0x0 load address 0x80010064
                0x00000a58                . = ALIGN (0x8)
                0x00000a58                _edata = .
                0x00000a58                _edata = .
                0x00000a58                PROVIDE (edata, .)
                0x00000a58                __bss_start = .

.bss            0x00000a58     0x93b8 load address 0x80010064
 *(.dynbss)
 *(.bss .bss.* .gnu.linkonce.b.*)
 .bss.AMBE_tx_flag
                0x00000a58        0x1 src/Application/app/app.o
                0x00000a58                AMBE_tx_flag
 *fill*         0x00000a59        0x3 
 .bss.res.12735
                0x00000a5c        0x4 src/Application/app/app.o
 .bss.Radio_Transmit_State
                0x00000a60        0x1 src/Application/app/app.o
                0x00000a60                Radio_Transmit_State
 .bss.times_counter.12849
                0x00000a61        0x1 src/Application/app/app.o
 .bss.VF_SN     0x00000a62        0x1 src/Application/app/app.o
                0x00000a62                VF_SN
 *fill*         0x00000a63        0x1 
 .bss.OB_State.12798
                0x00000a64        0x4 src/Application/app/app.o
 .bss.AMBE_rx_flag
                0x00000a68        0x1 src/Application/app/app.o
                0x00000a68                AMBE_rx_flag
 *fill*         0x00000a69        0x1 
 .bss.message_count.12747
                0x00000a6a        0x2 src/Application/app/app.o
 .bss.xLastWakeTime.12749
                0x00000a6c        0x4 src/Application/app/app.o
 .bss.connect_flag
                0x00000a70        0x1 src/Application/app/app.o
 *fill*         0x00000a71        0x3 
 .bss.ulIdleCycleCount
                0x00000a74        0x4 src/Application/app/app.o
                0x00000a74                ulIdleCycleCount
 .bss.Mic_is_Enabled
                0x00000a78        0x1 src/Application/app/app.o
                0x00000a78                Mic_is_Enabled
 .bss.Speaker_is_unmute
                0x00000a79        0x1 src/Application/app/app.o
                0x00000a79                Speaker_is_unmute
 *fill*         0x00000a7a        0x2 
 .bss.xLastWakeTime.12793
                0x00000a7c        0x4 src/Application/app/app.o
 .bss.AMBE_Media
                0x00000a80        0x1 src/Application/app/app.o
                0x00000a80                AMBE_Media
 .bss.Battery_Flag
                0x00000a81        0x1 src/Application/app/app.o
                0x00000a81                Battery_Flag
 .bss.Terminator_Flag
                0x00000a82        0x1 src/Application/app/app.o
                0x00000a82                Terminator_Flag
 .bss.Call_Begin
                0x00000a83        0x1 src/Application/app/app.o
                0x00000a83                Call_Begin
 .bss.data_flash_failure
                0x00000a84        0x1 src/Application/flash/data_flash.o
                0x00000a84                data_flash_failure
 *fill*         0x00000a85        0x3 
 .bss.payload_rx_exec
                0x00000a88        0x4 src/Application/radio/payload.o
                0x00000a88                payload_rx_exec
 .bss.payload_tx_exec
                0x00000a8c        0x4 src/Application/radio/payload.o
                0x00000a8c                payload_tx_exec
 .bss.phy_tx_index.10647
                0x00000a90        0x1 src/Application/radio/physical.o
 *fill*         0x00000a91        0x3 
 .bss.RxBytesWaiting.10956
                0x00000a94        0x4 src/Application/radio/physical.o
 .bss.phy_rx_length.10690
                0x00000a98        0x2 src/Application/radio/physical.o
 *fill*         0x00000a9a        0x2 
 .bss.RxData_IsFillingNext16.10955
                0x00000a9c        0x4 src/Application/radio/physical.o
 .bss.AMBE_HT   0x00000aa0        0x8 src/Application/radio/physical.o
 .bss.Item_ID.10961
                0x00000aa8        0x1 src/Application/radio/physical.o
 .bss.is_first.10960
                0x00000aa9        0x1 src/Application/radio/physical.o
 .bss.phy_rx_expexted_length.10689
                0x00000aaa        0x2 src/Application/radio/physical.o
 .bss.AMBE_payload_ptr.10959
                0x00000aac        0x4 src/Application/radio/physical.o
 .bss.phy_tx_state.10645
                0x00000ab0        0x4 src/Application/radio/physical.o
 .bss.RxMedia_IsFillingNext16.10953
                0x00000ab4        0x4 src/Application/radio/physical.o
 .bss.phy_frame_ptr.10688
                0x00000ab8        0x4 src/Application/radio/physical.o
 .bss.phy_ptr.10644
                0x00000abc        0x4 src/Application/radio/physical.o
 .bss.xnl_store_idle
                0x00000ac0        0x4 src/Application/radio/physical.o
                0x00000ac0                xnl_store_idle
 .bss.payload_store_idle
                0x00000ac4        0x4 src/Application/radio/physical.o
                0x00000ac4                payload_store_idle
 .bss.phy_rx_state.10692
                0x00000ac8        0x4 src/Application/radio/physical.o
 .bss.phy_check_sum.10691
                0x00000acc        0x2 src/Application/radio/physical.o
 *fill*         0x00000ace        0x2 
 .bss.phy_xnl_frame_rx
                0x00000ad0        0x4 src/Application/radio/physical.o
                0x00000ad0                phy_xnl_frame_rx
 .bss.payload_ptr.10958
                0x00000ad4        0x4 src/Application/radio/physical.o
 .bss.phy_tx_expexted_length.10646
                0x00000ad8        0x2 src/Application/radio/physical.o
 *fill*         0x00000ada        0x2 
 .bss.m_RxBurstType
                0x00000adc        0x4 src/Application/radio/physical.o
 .bss.RxAMBE_IsFillingNext8.10954
                0x00000ae0        0x4 src/Application/radio/physical.o
 .bss.phy_payload_frame_tx
                0x00000ae4        0x4 src/Application/radio/physical.o
                0x00000ae4                phy_payload_frame_tx
 .bss.phy_rx_count.10693
                0x00000ae8        0x4 src/Application/radio/physical.o
 .bss.SDV_Index.10964
                0x00000aec        0x1 src/Application/radio/physical.o
 *fill*         0x00000aed        0x3 
 .bss.phy_xnl_frame_tx
                0x00000af0        0x4 src/Application/radio/physical.o
                0x00000af0                phy_xnl_frame_tx
 .bss.RxMediaState.10952
                0x00000af4        0x4 src/Application/radio/physical.o
 .bss.ArrayDiscLength.10957
                0x00000af8        0x4 src/Application/radio/physical.o
 .bss.phy_payload_frame_rx
                0x00000afc        0x4 src/Application/radio/physical.o
                0x00000afc                phy_payload_frame_rx
 .bss.Item_Length.10962
                0x00000b00        0x4 src/Application/radio/physical.o
 .bss.phy_rx_exec
                0x00000b04        0x4 src/Application/radio/ssc.o
                0x00000b04                phy_rx_exec
 .bss.count.9823
                0x00000b08        0x4 src/Application/radio/ssc.o
 .bss.phy_tx_exec
                0x00000b0c        0x4 src/Application/radio/ssc.o
                0x00000b0c                phy_tx_exec
 .bss.version_information
                0x00000b10        0xc src/Application/radio/xcmp.o
                0x00000b10                version_information
 .bss.clone_read
                0x00000b1c        0xc src/Application/radio/xcmp.o
                0x00000b1c                clone_read
 .bss.xcmp_frame_rx
                0x00000b28        0x4 src/Application/radio/xcmp.o
 .bss.clone_write
                0x00000b2c        0xc src/Application/radio/xcmp.o
                0x00000b2c                clone_write
 .bss.automatic_frequency_correction_control
                0x00000b38        0xc src/Application/radio/xcmp.o
                0x00000b38                automatic_frequency_correction_control
 .bss.language_pack_information
                0x00000b44        0xc src/Application/radio/xcmp.o
                0x00000b44                language_pack_information
 .bss.radio_status
                0x00000b50        0xc src/Application/radio/xcmp.o
                0x00000b50                radio_status
 .bss.xnl_timeout_semphr
                0x00000b5c        0x4 src/Application/radio/xnl.o
 .bss.flags.10672
                0x00000b60        0x1 src/Application/radio/xnl.o
 *fill*         0x00000b61        0x1 
 .bss.xnl_information
                0x00000b62        0xa src/Application/radio/xnl.o
 .bss.xnl_tx_state.10716
                0x00000b6c        0x4 src/Application/radio/xnl.o
 .bss.xnl_frame_tx
                0x00000b70        0x4 src/Application/radio/xnl.o
 .bss.xnl_send_times.10717
                0x00000b74        0x4 src/Application/radio/xnl.o
 .bss.ptr.10718
                0x00000b78        0x4 src/Application/radio/xnl.o
 .bss.xcmp_exec
                0x00000b7c        0x4 src/Application/radio/xnl.o
                0x00000b7c                xcmp_exec
 .bss.rc522_init_failure
                0x00000b80        0x1 src/Application/RFID/MFRC522/rc522.o
                0x00000b80                rc522_init_failure
 *fill*         0x00000b81        0x3 
 .bss.SN.12256  0x00000b84        0xc src/Application/RFID/RFID.o
 .bss.xg_resend_queue
                0x00000b90        0x4 src/Application/xgflash/xgflash.o
                0x00000b90                xg_resend_queue
 .bss.list_init_success_flag
                0x00000b94        0x1 src/Application/xgflash/xgflash.o
 *fill*         0x00000b95        0x3 
 .bss.xgflash_mutex
                0x00000b98        0x4 src/Application/xgflash/xgflash.o
 .bss.message_storage_queue
                0x00000b9c        0x4 src/Application/xgflash/xgflash.o
                0x00000b9c                message_storage_queue
 .bss.current_bytes_remained.12292
                0x00000ba0        0x4 src/Application/xgflash/xgflash.o
 .bss.current_message_index
                0x00000ba4        0x2 src/Application/xgflash/xgflash.o
 *fill*         0x00000ba6        0x2 
 .bss.SendM_CountingSemaphore
                0x00000ba8        0x4 src/Application/xgflash/xgflash.o
                0x00000ba8                SendM_CountingSemaphore
 .bss.str.12229
                0x00000bac       0x50 src/Application/xgflash/xgflash.o
 .bss._int_line_handler_table_6
                0x00000bfc        0x4 src/ASF/avr32/drivers/intc/intc.o
 .bss._int_line_handler_table_7
                0x00000c00        0x4 src/ASF/avr32/drivers/intc/intc.o
 .bss._int_line_handler_table_8
                0x00000c04        0x4 src/ASF/avr32/drivers/intc/intc.o
 .bss._int_line_handler_table_9
                0x00000c08        0x4 src/ASF/avr32/drivers/intc/intc.o
 .bss._int_line_handler_table_10
                0x00000c0c        0x4 src/ASF/avr32/drivers/intc/intc.o
 .bss._int_line_handler_table_11
                0x00000c10        0x4 src/ASF/avr32/drivers/intc/intc.o
 .bss._int_line_handler_table_12
                0x00000c14        0x4 src/ASF/avr32/drivers/intc/intc.o
 .bss._int_line_handler_table_13
                0x00000c18        0x4 src/ASF/avr32/drivers/intc/intc.o
 .bss._int_line_handler_table_14
                0x00000c1c        0xc src/ASF/avr32/drivers/intc/intc.o
 .bss._int_line_handler_table_15
                0x00000c28        0x4 src/ASF/avr32/drivers/intc/intc.o
 .bss._int_line_handler_table_16
                0x00000c2c        0x4 src/ASF/avr32/drivers/intc/intc.o
 .bss._int_line_handler_table_17
                0x00000c30        0x4 src/ASF/avr32/drivers/intc/intc.o
 .bss._int_line_handler_table_18
                0x00000c34        0x4 src/ASF/avr32/drivers/intc/intc.o
 .bss._int_line_handler_table_0
                0x00000c38        0x4 src/ASF/avr32/drivers/intc/intc.o
 .bss._int_line_handler_table_1
                0x00000c3c       0x2c src/ASF/avr32/drivers/intc/intc.o
 .bss._int_line_handler_table_2
                0x00000c68       0x18 src/ASF/avr32/drivers/intc/intc.o
 .bss._int_line_handler_table_3
                0x00000c80       0x1c src/ASF/avr32/drivers/intc/intc.o
 .bss._int_line_handler_table_4
                0x00000c9c        0x4 src/ASF/avr32/drivers/intc/intc.o
 .bss._int_line_handler_table_5
                0x00000ca0        0x4 src/ASF/avr32/drivers/intc/intc.o
 .bss.uxMissedTicks
                0x00000ca4        0x4 src/ASF/thirdparty/freertos/freertos-7.0.0/source/tasks.o
 .bss.uxTopUsedPriority
                0x00000ca8        0x4 src/ASF/thirdparty/freertos/freertos-7.0.0/source/tasks.o
 .bss.pxDelayedTaskList
                0x00000cac        0x4 src/ASF/thirdparty/freertos/freertos-7.0.0/source/tasks.o
 .bss.xSchedulerRunning
                0x00000cb0        0x4 src/ASF/thirdparty/freertos/freertos-7.0.0/source/tasks.o
 .bss.uxTasksDeleted
                0x00000cb4        0x4 src/ASF/thirdparty/freertos/freertos-7.0.0/source/tasks.o
 .bss.xNumOfOverflows
                0x00000cb8        0x4 src/ASF/thirdparty/freertos/freertos-7.0.0/source/tasks.o
 .bss.pxOverflowDelayedTaskList
                0x00000cbc        0x4 src/ASF/thirdparty/freertos/freertos-7.0.0/source/tasks.o
 .bss.pxReadyTasksLists
                0x00000cc0       0xa0 src/ASF/thirdparty/freertos/freertos-7.0.0/source/tasks.o
 .bss.xTasksWaitingTermination
                0x00000d60       0x14 src/ASF/thirdparty/freertos/freertos-7.0.0/source/tasks.o
 .bss.pxCurrentTCB
                0x00000d74        0x4 src/ASF/thirdparty/freertos/freertos-7.0.0/source/tasks.o
                0x00000d74                pxCurrentTCB
 .bss.xPendingReadyList
                0x00000d78       0x14 src/ASF/thirdparty/freertos/freertos-7.0.0/source/tasks.o
 .bss.xDelayedTaskList1
                0x00000d8c       0x14 src/ASF/thirdparty/freertos/freertos-7.0.0/source/tasks.o
 .bss.xTickCount
                0x00000da0        0x4 src/ASF/thirdparty/freertos/freertos-7.0.0/source/tasks.o
 .bss.uxSchedulerSuspended
                0x00000da4        0x4 src/ASF/thirdparty/freertos/freertos-7.0.0/source/tasks.o
 .bss.xDelayedTaskList2
                0x00000da8       0x14 src/ASF/thirdparty/freertos/freertos-7.0.0/source/tasks.o
 .bss.uxTaskNumber
                0x00000dbc        0x4 src/ASF/thirdparty/freertos/freertos-7.0.0/source/tasks.o
 .bss.uxCurrentNumberOfTasks
                0x00000dc0        0x4 src/ASF/thirdparty/freertos/freertos-7.0.0/source/tasks.o
 .bss.xMissedYield
                0x00000dc4        0x4 src/ASF/thirdparty/freertos/freertos-7.0.0/source/tasks.o
 .bss.xSuspendedTaskList
                0x00000dc8       0x14 src/ASF/thirdparty/freertos/freertos-7.0.0/source/tasks.o
 .bss.uxTopReadyPriority
                0x00000ddc        0x4 src/ASF/thirdparty/freertos/freertos-7.0.0/source/tasks.o
 .bss.lench.11294
                0x00000de0        0x1 src/Log/log.o
 .bss.lench.11364
                0x00000de1        0x1 src/Log/log.o
 *fill*         0x00000de2        0x2 
 .bss.__malloc_max_total_mem
                0x00000de4        0x4 e:/program x86/atmel/studio/7.0/toolchain/avr32/avr32-gnu-toolchain/bin/../lib/gcc/avr32/4.4.7/../../../../avr32/lib/ucr2\libc.a(lib_a-mallocr.o)
                0x00000de4                __malloc_max_total_mem
 .bss.__malloc_max_sbrked_mem
                0x00000de8        0x4 e:/program x86/atmel/studio/7.0/toolchain/avr32/avr32-gnu-toolchain/bin/../lib/gcc/avr32/4.4.7/../../../../avr32/lib/ucr2\libc.a(lib_a-mallocr.o)
                0x00000de8                __malloc_max_sbrked_mem
 .bss.__malloc_top_pad
                0x00000dec        0x4 e:/program x86/atmel/studio/7.0/toolchain/avr32/avr32-gnu-toolchain/bin/../lib/gcc/avr32/4.4.7/../../../../avr32/lib/ucr2\libc.a(lib_a-mallocr.o)
                0x00000dec                __malloc_top_pad
 .bss.__malloc_current_mallinfo
                0x00000df0       0x28 e:/program x86/atmel/studio/7.0/toolchain/avr32/avr32-gnu-toolchain/bin/../lib/gcc/avr32/4.4.7/../../../../avr32/lib/ucr2\libc.a(lib_a-mallocr.o)
                0x00000df0                __malloc_current_mallinfo
 .bss.cur_heap_pos.1869
                0x00000e18        0x4 e:/program x86/atmel/studio/7.0/toolchain/avr32/avr32-gnu-toolchain/bin/../lib/gcc/avr32/4.4.7/../../../../avr32/lib/ucr2\libc.a(lib_a-syscalls.o)
 *(COMMON)
 COMMON         0x00000e1c        0xa src/Application/app/app.o
                0x00000e1c                bunchofrandomstatusflags
                0x00000e20                Current_time
 *fill*         0x00000e26        0x2 
 COMMON         0x00000e28     0x1004 src/Application/flash/data_flash.o
                0x00000e28                FLASH_BUF
                0x00001e28                spi
 COMMON         0x00001e2c      0x122 src/Application/radio/ambe.o
                0x00001e2c                AMBEBurst_rawdata
                0x00001e34                Radio_Internal_Data
                0x00001e38                AMBE_DecryptionKey
                0x00001e40                SendAMBEBurst_EncryptionPackage
                0x00001f30                VBSP_data
                0x00001f34                Soft_Decision_Data
 COMMON         0x00001f4e     0x7800 src/Application/radio/physical.o
                0x00001f4e                payload_store
                0x0000334e                xnl_store
 *fill*         0x0000974e        0x2 
 COMMON         0x00009750       0x4c src/Application/radio/ssc.o
                0x00009750                intDuration
                0x00009754                BufferIndex
                0x00009758                intStartCount
                0x0000975c                RxBuffer
                0x0000977c                TxBuffer
 COMMON         0x0000979c        0x4 src/Application/radio/xcmp.o
                0x0000979c                app_list
 COMMON         0x000097a0       0x18 src/Application/RFID/RFID.o
                0x000097a0                RFID
                0x000097b0                CT
                0x000097b4                SN
 COMMON         0x000097b8      0x644 src/Application/xgflash/xgflash.o
                0x000097b8                message_store
                0x00009df8                save_handle
 COMMON         0x00009dfc        0x4 src/ASF/avr32/drivers/spi/spi.o
                0x00009dfc                xSPIMutex
 COMMON         0x00009e00        0x4 src/ASF/thirdparty/freertos/freertos-7.0.0/source/portable/gcc/avr32_uc3/write.o
                0x00009e00                stdio_usart_base
 COMMON         0x00009e04        0x4 src/Log/log.o
                0x00009e04                logQueue
 COMMON         0x00009e08        0x4 e:/program x86/atmel/studio/7.0/toolchain/avr32/avr32-gnu-toolchain/bin/../lib/gcc/avr32/4.4.7/../../../../avr32/lib/ucr2\libc.a(lib_a-reent.o)
                0x00009e08                errno
                0x00009e10                . = ALIGN (0x8)
 *fill*         0x00009e0c        0x4 
                0x00009e10                . = ALIGN (0x8)
                0x00009e10                _end = .
                0x00009e10                PROVIDE (end, .)
                0x00009e10                __heap_start__ = ALIGN (0x8)
                0x00017000                . = ((ORIGIN (CPUSRAM) + 0x17ffc) - _stack_size)
                0x00017000                __heap_end__ = .

.stab
 *(.stab)

.stabstr
 *(.stabstr)

.stab.excl
 *(.stab.excl)

.stab.exclstr
 *(.stab.exclstr)

.stab.index
 *(.stab.index)

.stab.indexstr
 *(.stab.indexstr)

.comment        0x00000000       0x30
 *(.comment)
 .comment       0x00000000       0x30 src/Application/app/app.o
                                 0x31 (size before relaxing)
 .comment       0x00000000       0x31 src/Application/flash/data_flash.o
 .comment       0x00000000       0x31 src/Application/myrtc/xgrtc.o
 .comment       0x00000000       0x31 src/Application/radio/ambe.o
 .comment       0x00000000       0x31 src/Application/radio/payload.o
 .comment       0x00000000       0x31 src/Application/radio/physical.o
 .comment       0x00000000       0x31 src/Application/radio/ssc.o
 .comment       0x00000000       0x31 src/Application/radio/xcmp.o
 .comment       0x00000000       0x31 src/Application/radio/xnl.o
 .comment       0x00000000       0x31 src/Application/RFID/MFRC522/rc522.o
 .comment       0x00000000       0x31 src/Application/RFID/RFID.o
 .comment       0x00000000       0x31 src/Application/timers/timer.o
 .comment       0x00000000       0x31 src/Application/xgflash/xgflash.o
 .comment       0x00000000       0x31 src/ASF/avr32/drivers/flashc/flashc.o
 .comment       0x00000000       0x31 src/ASF/avr32/drivers/gpio/gpio.o
 .comment       0x00000000       0x31 src/ASF/avr32/drivers/intc/intc.o
 .comment       0x00000000       0x31 src/ASF/avr32/drivers/pm/pm.o
 .comment       0x00000000       0x31 src/ASF/avr32/drivers/rtc/rtc.o
 .comment       0x00000000       0x31 src/ASF/avr32/drivers/spi/spi.o
 .comment       0x00000000       0x31 src/ASF/avr32/drivers/usart/usart.o
 .comment       0x00000000       0x31 src/ASF/thirdparty/freertos/freertos-7.0.0/source/list.o
 .comment       0x00000000       0x31 src/ASF/thirdparty/freertos/freertos-7.0.0/source/portable/gcc/avr32_uc3/port.o
 .comment       0x00000000       0x31 src/ASF/thirdparty/freertos/freertos-7.0.0/source/portable/gcc/avr32_uc3/read.o
 .comment       0x00000000       0x31 src/ASF/thirdparty/freertos/freertos-7.0.0/source/portable/gcc/avr32_uc3/write.o
 .comment       0x00000000       0x31 src/ASF/thirdparty/freertos/freertos-7.0.0/source/portable/memmang/heap_3.o
 .comment       0x00000000       0x31 src/ASF/thirdparty/freertos/freertos-7.0.0/source/queue.o
 .comment       0x00000000       0x31 src/ASF/thirdparty/freertos/freertos-7.0.0/source/tasks.o
 .comment       0x00000000       0x31 src/Log/log.o
 .comment       0x00000000       0x31 src/main.o
 .comment       0x00000000       0x31 e:/program x86/atmel/studio/7.0/toolchain/avr32/avr32-gnu-toolchain/bin/../lib/gcc/avr32/4.4.7/../../../../avr32/lib/ucr2\libc.a(lib_a-malloc.o)