Archive member included because of file (symbol)

e:/program x86/atmel/studio/7.0/toolchain/avr32/avr32-gnu-toolchain/bin/../lib/gcc/avr32/4.4.7/../../../../avr32/lib/ucr2\libc.a(lib_a-malloc.o)
                              src/ASF/thirdparty/freertos/freertos-7.0.0/source/portable/memmang/heap_3.o (free)
e:/program x86/atmel/studio/7.0/toolchain/avr32/avr32-gnu-toolchain/bin/../lib/gcc/avr32/4.4.7/../../../../avr32/lib/ucr2\libc.a(lib_a-mallocr.o)
                              e:/program x86/atmel/studio/7.0/toolchain/avr32/avr32-gnu-toolchain/bin/../lib/gcc/avr32/4.4.7/../../../../avr32/lib/ucr2\libc.a(lib_a-malloc.o) (_malloc_r)
e:/program x86/atmel/studio/7.0/toolchain/avr32/avr32-gnu-toolchain/bin/../lib/gcc/avr32/4.4.7/../../../../avr32/lib/ucr2\libc.a(lib_a-memcpy.o)
                              src/Application/radio/xcmp.o (memcpy)
e:/program x86/atmel/studio/7.0/toolchain/avr32/avr32-gnu-toolchain/bin/../lib/gcc/avr32/4.4.7/../../../../avr32/lib/ucr2\libc.a(lib_a-memset.o)
                              src/Application/radio/physical.o (memset)
e:/program x86/atmel/studio/7.0/toolchain/avr32/avr32-gnu-toolchain/bin/../lib/gcc/avr32/4.4.7/../../../../avr32/lib/ucr2\libc.a(lib_a-realloc.o)
                              src/ASF/thirdparty/freertos/freertos-7.0.0/source/portable/gcc/avr32_uc3/port.o (realloc)
e:/program x86/atmel/studio/7.0/toolchain/avr32/avr32-gnu-toolchain/bin/../lib/gcc/avr32/4.4.7/../../../../avr32/lib/ucr2\libc.a(lib_a-reallocr.o)
                              e:/program x86/atmel/studio/7.0/toolchain/avr32/avr32-gnu-toolchain/bin/../lib/gcc/avr32/4.4.7/../../../../avr32/lib/ucr2\libc.a(lib_a-realloc.o) (_realloc_r)
e:/program x86/atmel/studio/7.0/toolchain/avr32/avr32-gnu-toolchain/bin/../lib/gcc/avr32/4.4.7/../../../../avr32/lib/ucr2\libc.a(lib_a-sbrkr.o)
                              e:/program x86/atmel/studio/7.0/toolchain/avr32/avr32-gnu-toolchain/bin/../lib/gcc/avr32/4.4.7/../../../../avr32/lib/ucr2\libc.a(lib_a-mallocr.o) (_sbrk_r)
e:/program x86/atmel/studio/7.0/toolchain/avr32/avr32-gnu-toolchain/bin/../lib/gcc/avr32/4.4.7/../../../../avr32/lib/ucr2\libc.a(lib_a-sprintf.o)
                              src/Log/log.o (sprintf)
e:/program x86/atmel/studio/7.0/toolchain/avr32/avr32-gnu-toolchain/bin/../lib/gcc/avr32/4.4.7/../../../../avr32/lib/ucr2\libc.a(lib_a-strncpy.o)
                              src/ASF/thirdparty/freertos/freertos-7.0.0/source/tasks.o (strncpy)
e:/program x86/atmel/studio/7.0/toolchain/avr32/avr32-gnu-toolchain/bin/../lib/gcc/avr32/4.4.7/../../../../avr32/lib/ucr2\libc.a(lib_a-syscalls.o)
                              e:/program x86/atmel/studio/7.0/toolchain/avr32/avr32-gnu-toolchain/bin/../lib/gcc/avr32/4.4.7/../../../../avr32/lib/ucr2\libc.a(lib_a-sbrkr.o) (_sbrk)
e:/program x86/atmel/studio/7.0/toolchain/avr32/avr32-gnu-toolchain/bin/../lib/gcc/avr32/4.4.7/../../../../avr32/lib/ucr2\libc.a(lib_a-vfprintf.o)
                              e:/program x86/atmel/studio/7.0/toolchain/avr32/avr32-gnu-toolchain/bin/../lib/gcc/avr32/4.4.7/../../../../avr32/lib/ucr2\libc.a(lib_a-sprintf.o) (_vfprintf_r)
e:/program x86/atmel/studio/7.0/toolchain/avr32/avr32-gnu-toolchain/bin/../lib/gcc/avr32/4.4.7/../../../../avr32/lib/ucr2\libc.a(lib_a-wsetup.o)
                              e:/program x86/atmel/studio/7.0/toolchain/avr32/avr32-gnu-toolchain/bin/../lib/gcc/avr32/4.4.7/../../../../avr32/lib/ucr2\libc.a(lib_a-vfprintf.o) (__swsetup_r)
e:/program x86/atmel/studio/7.0/toolchain/avr32/avr32-gnu-toolchain/bin/../lib/gcc/avr32/4.4.7/../../../../avr32/lib/ucr2\libc.a(lib_a-dtoa.o)
                              e:/program x86/atmel/studio/7.0/toolchain/avr32/avr32-gnu-toolchain/bin/../lib/gcc/avr32/4.4.7/../../../../avr32/lib/ucr2\libc.a(lib_a-vfprintf.o) (_dtoa_r)
e:/program x86/atmel/studio/7.0/toolchain/avr32/avr32-gnu-toolchain/bin/../lib/gcc/avr32/4.4.7/../../../../avr32/lib/ucr2\libc.a(lib_a-errno.o)
                              e:/program x86/atmel/studio/7.0/toolchain/avr32/avr32-gnu-toolchain/bin/../lib/gcc/avr32/4.4.7/../../../../avr32/lib/ucr2\libc.a(lib_a-syscalls.o) (__errno)
e:/program x86/atmel/studio/7.0/toolchain/avr32/avr32-gnu-toolchain/bin/../lib/gcc/avr32/4.4.7/../../../../avr32/lib/ucr2\libc.a(lib_a-fflush.o)
                              e:/program x86/atmel/studio/7.0/toolchain/avr32/avr32-gnu-toolchain/bin/../lib/gcc/avr32/4.4.7/../../../../avr32/lib/ucr2\libc.a(lib_a-vfprintf.o) (_fflush_r)
e:/program x86/atmel/studio/7.0/toolchain/avr32/avr32-gnu-toolchain/bin/../lib/gcc/avr32/4.4.7/../../../../avr32/lib/ucr2\libc.a(lib_a-findfp.o)
                              e:/program x86/atmel/studio/7.0/toolchain/avr32/avr32-gnu-toolchain/bin/../lib/gcc/avr32/4.4.7/../../../../avr32/lib/ucr2\libc.a(lib_a-vfprintf.o) (__sinit)
e:/program x86/atmel/studio/7.0/toolchain/avr32/avr32-gnu-toolchain/bin/../lib/gcc/avr32/4.4.7/../../../../avr32/lib/ucr2\libc.a(lib_a-freer.o)
[...]
Memory Configuration

Name             Origin             Length             Attributes
FLASH            0x80000000         0x00080000         axrl !w
CPUSRAM          0x00000004         0x00017ffc         axw !rl
USERPAGE         0x80800000         0x00000200
FACTORYPAGE      0x80800200         0x00000200
*default*        0x00000000         0xffffffff

Linker script and memory map

                0x00001000                _stack_size = 0x1000
LOAD src/Application/app/app.o
LOAD src/Application/radio/ambe.o
LOAD src/Application/radio/AMBE_audio.o
LOAD src/Application/radio/AMBE_audio_2.o
LOAD src/Application/radio/audio.o
LOAD src/Application/radio/payload.o
LOAD src/Application/radio/physical.o
LOAD src/Application/radio/ssc.o
LOAD src/Application/radio/xcmp.o
LOAD src/Application/radio/xnl.o
LOAD src/Application/RFID/MFRC522/rc522.o
LOAD src/Application/RFID/RFID.o
LOAD src/Application/rtc/rtc.o
LOAD src/Application/timers/timer.o
LOAD src/ASF/avr32/drivers/flashc/flashc.o
LOAD src/ASF/avr32/drivers/gpio/gpio.o
LOAD src/ASF/avr32/drivers/intc/intc.o
LOAD src/ASF/avr32/drivers/pm/pm.o
LOAD src/ASF/avr32/drivers/pm/pm_conf_clocks.o
LOAD src/ASF/avr32/drivers/pm/power_clocks_lib.o
LOAD src/ASF/avr32/drivers/spi/spi.o
LOAD src/ASF/avr32/drivers/tc/tc.o
LOAD src/ASF/avr32/drivers/twi/twi.o
LOAD src/ASF/avr32/drivers/usart/usart.o
LOAD src/ASF/avr32/utils/startup/startup_uc3.o
LOAD src/ASF/avr32/utils/startup/trampoline_uc3.o
LOAD src/ASF/common/boards/user_board/init.o
LOAD src/ASF/common/services/clock/uc3b0_b1/sysclk.o
LOAD src/ASF/common/services/spi/uc3_spi/spi_master.o
LOAD src/ASF/common/services/spi/uc3_usart_spi/usart_spi.o
LOAD src/ASF/thirdparty/freertos/freertos-7.0.0/source/croutine.o
LOAD src/ASF/thirdparty/freertos/freertos-7.0.0/source/list.o
LOAD src/ASF/thirdparty/freertos/freertos-7.0.0/source/portable/gcc/avr32_uc3/exception.o
LOAD src/ASF/thirdparty/freertos/freertos-7.0.0/source/portable/gcc/avr32_uc3/port.o
LOAD src/ASF/thirdparty/freertos/freertos-7.0.0/source/portable/gcc/avr32_uc3/read.o
LOAD src/ASF/thirdparty/freertos/freertos-7.0.0/source/portable/gcc/avr32_uc3/write.o
LOAD src/ASF/thirdparty/freertos/freertos-7.0.0/source/portable/memmang/heap_3.o
LOAD src/ASF/thirdparty/freertos/freertos-7.0.0/source/queue.o
LOAD src/ASF/thirdparty/freertos/freertos-7.0.0/source/tasks.o
LOAD src/Log/log.o
LOAD src/main.o
START GROUP
LOAD e:/program x86/atmel/studio/7.0/toolchain/avr32/avr32-gnu-toolchain/bin/../lib/gcc/avr32/4.4.7/../../../../avr32/lib/ucr2\libm.a
END GROUP
LOAD e:/program x86/atmel/studio/7.0/toolchain/avr32/avr32-gnu-toolchain/bin/../lib/gcc/avr32/4.4.7/ucr2\libgcc.a
LOAD e:/program x86/atmel/studio/7.0/toolchain/avr32/avr32-gnu-toolchain/bin/../lib/gcc/avr32/4.4.7/../../../../avr32/lib/ucr2\libc.a
LOAD e:/program x86/atmel/studio/7.0/toolchain/avr32/avr32-gnu-toolchain/bin/../lib/gcc/avr32/4.4.7/ucr2\libgcc.a
                0x80000000                PROVIDE (__executable_start, 0x80000000)
                0x80000000                . = 0x80000000

.interp
 *(.interp)

.reset          0x80000000     0x2004
 *(.reset)
 .reset         0x80000000     0x2004 src/ASF/avr32/utils/startup/trampoline_uc3.o
                               0x2008 (size before relaxing)
                0x80000000                _trampoline

.hash
 *(.hash)

.dynsym
 *(.dynsym)

.dynstr
 *(.dynstr)

.gnu.version
 *(.gnu.version)

.gnu.version_d
 *(.gnu.version_d)

.gnu.version_r
 *(.gnu.version_r)

.rel.init
 *(.rel.init)

.rela.init
 *(.rela.init)

.rel.text
 *(.rel.text .rel.text.* .rel.gnu.linkonce.t.*)

.rela.text
 *(.rela.text .rela.text.* .rela.gnu.linkonce.t.*)

.rel.fini
 *(.rel.fini)

.rela.fini
 *(.rela.fini)

.rel.rodata
 *(.rel.rodata .rel.rodata.* .rel.gnu.linkonce.r.*)

.rela.rodata
 *(.rela.rodata .rela.rodata.* .rela.gnu.linkonce.r.*)

.rel.data.rel.ro
 *(.rel.data.rel.ro*)

.rela.data.rel.ro
 *(.rel.data.rel.ro*)

.rel.data
 *(.rel.data .rel.data.* .rel.gnu.linkonce.d.*)

.rela.data
 *(.rela.data .rela.data.* .rela.gnu.linkonce.d.*)

.rel.tdata
 *(.rel.tdata .rel.tdata.* .rel.gnu.linkonce.td.*)

.rela.tdata
 *(.rela.tdata .rela.tdata.* .rela.gnu.linkonce.td.*)

.rel.tbss
 *(.rel.tbss .rel.tbss.* .rel.gnu.linkonce.tb.*)

.rela.tbss
 *(.rela.tbss .rela.tbss.* .rela.gnu.linkonce.tb.*)

.rel.ctors
 *(.rel.ctors)

.rela.ctors
 *(.rela.ctors)

.rel.dtors
 *(.rel.dtors)

.rela.dtors
 *(.rela.dtors)

.rel.got
 *(.rel.got)

.rela.got       0x80002004        0x0
 *(.rela.got)
 .rela.got      0x80002004        0x0 src/Application/app/app.o

.rel.bss
 *(.rel.bss .rel.bss.* .rel.gnu.linkonce.b.*)

.rela.bss
 *(.rela.bss .rela.bss.* .rela.gnu.linkonce.b.*)

.rel.plt
 *(.rel.plt)

.rela.plt
 *(.rela.plt)

.init
 *(.init)

.plt
 *(.plt)

.text           0x80002004     0x9990
 *(.text .stub .text.* .gnu.linkonce.t.*)
 .text.DeviceManagement_brdcst_func
                0x80002004       0x24 src/Application/app/app.o
                0x80002004                DeviceManagement_brdcst_func
 .text.Volume_brdcst_func
                0x80002028        0x2 src/Application/app/app.o
                0x80002028                Volume_brdcst_func
 .text.AudioRoutingControl_brdcst_func
                0x8000202a        0x2 src/Application/app/app.o
                0x8000202a                AudioRoutingControl_brdcst_func
 .text.vApplicationIdleHook
                0x8000202c       0x10 src/Application/app/app.o
                0x8000202c                vApplicationIdleHook
 .text.app_init
                0x8000203c       0x54 src/Application/app/app.o
                0x8000203c                app_init
 .text.app_cfg  0x80002090       0x64 src/Application/app/app.o
 .text.app_payload_tx_proc
                0x800020f4       0x14 src/Application/app/app.o
 .text.app_payload_rx_proc
                0x80002108       0x34 src/Application/app/app.o
 .text.FD_brdcst_func
                0x8000213c       0x14 src/Application/app/app.o
                0x8000213c                FD_brdcst_func
 .text.FD_reply_func
                0x80002150       0x14 src/Application/app/app.o
                0x80002150                FD_reply_func
 .text.FD_request_func
                0x80002164       0x14 src/Application/app/app.o
                0x80002164                FD_request_func
 .text.EnOB_brdcst_func
                0x80002178       0x14 src/Application/app/app.o
                0x80002178                EnOB_brdcst_func
 .text.EnOB_reply_func
                0x8000218c       0x70 src/Application/app/app.o
                0x8000218c                EnOB_reply_func
 .text.SingleDetection_brdcst_func
                0x800021fc       0x1c src/Application/app/app.o
                0x800021fc                SingleDetection_brdcst_func
 .text.ButtonConfig_brdcst_func
                0x80002218       0xdc src/Application/app/app.o
                0x80002218                ButtonConfig_brdcst_func
 .text.Phyuserinput_brdcst_func
                0x800022f4       0x44 src/Application/app/app.o
                0x800022f4                Phyuserinput_brdcst_func
 .text.ButtonConfig_reply_func
                0x80002338       0x44 src/Application/app/app.o
                0x80002338                ButtonConfig_reply_func
 .text.DataSession_brdcst_func
                0x8000237c       0xe0 src/Application/app/app.o
                0x8000237c                DataSession_brdcst_func
 .text.DataSession_reply_func
                0x8000245c       0x7c src/Application/app/app.o
                0x8000245c                DataSession_reply_func
 .text.CallControl_brdcst_func
                0x800024d8       0x44 src/Application/app/app.o
                0x800024d8                CallControl_brdcst_func
 .text.TransmitControl_brdcst_func
                0x8000251c       0x48 src/Application/app/app.o
                0x8000251c                TransmitControl_brdcst_func
 .text.TransmitControl_reply_func
                0x80002564       0x60 src/Application/app/app.o
                0x80002564                TransmitControl_reply_func
 .text.AudioRoutingControl_reply_func
                0x800025c4       0x28 src/Application/app/app.o
                0x800025c4                AudioRoutingControl_reply_func
 .text.Volume_reply_func
                0x800025ec       0x64 src/Application/app/app.o
                0x800025ec                Volume_reply_func
 .text.spk_brdcst_func
                0x80002650       0x38 src/Application/app/app.o
                0x80002650                spk_brdcst_func
 .text.spk_reply_func
                0x80002688       0x48 src/Application/app/app.o
                0x80002688                spk_reply_func
 .text.mic_brdcst_func
                0x800026d0       0x58 src/Application/app/app.o
                0x800026d0                mic_brdcst_func
 .text.mic_reply_func
                0x80002728       0x94 src/Application/app/app.o
                0x80002728                mic_reply_func
 .text.dcm_brdcst_func
                0x800027bc       0x48 src/Application/app/app.o
                0x800027bc                dcm_brdcst_func
 .text.dcm_reply_func
                0x80002804       0x68 src/Application/app/app.o
                0x80002804                dcm_reply_func
 .text.ToneControl_reply_func
                0x8000286c       0x28 src/Application/app/app.o
                0x8000286c                ToneControl_reply_func
 .text.DeviceInitializationStatus_brdcst_func
                0x80002894       0x38 src/Application/app/app.o
                0x80002894                DeviceInitializationStatus_brdcst_func
 .text.CalculateBurst
                0x800028cc       0x1c src/Application/radio/ambe.o
                0x800028cc                CalculateBurst
 .text.payload_init
                0x800028e8       0x38 src/Application/radio/payload.o
                0x800028e8                payload_init
 .text.payload_rx_process
                0x80002920       0x4c src/Application/radio/payload.o
 .text.set_idle_store_isr
                0x8000296c       0x1c src/Application/radio/physical.o
                0x8000296c                set_idle_store_isr
 .text.phy_rx   0x80002988       0x38 src/Application/radio/physical.o
                0x80002988                phy_rx
 .text.set_idle_store
                0x800029c0       0x20 src/Application/radio/physical.o
                0x800029c0                set_idle_store
 .text.phy_tx   0x800029e0       0x5c src/Application/radio/physical.o
                0x800029e0                phy_tx
 .text.get_idle_store_isr
                0x80002a3c       0x28 src/Application/radio/physical.o
                0x80002a3c                get_idle_store_isr
 .text.phy_tx_func
                0x80002a64      0x108 src/Application/radio/physical.o
 .text.get_idle_store
                0x80002b6c       0x28 src/Application/radio/physical.o
                0x80002b6c                get_idle_store
 .text.phy_init
                0x80002b94       0x28 src/Application/radio/physical.o
                0x80002b94                phy_init
 .text.payload_rx
                0x80002bbc       0x60 src/Application/radio/physical.o
 .text.phy_rx_func
                0x80002c1c      0xf24 src/Application/radio/physical.o
 .text.pdca_int_handler
                0x80003b40       0x74 src/Application/radio/ssc.o
 .text.local_start_SSC
                0x80003bb4       0x44 src/Application/radio/ssc.o
                0x80003bb4                local_start_SSC
 .text.local_start_PDC
                0x80003bf8       0x6c src/Application/radio/ssc.o
                0x80003bf8                local_start_PDC
 .text.register_rx_tx_func
                0x80003c64       0x14 src/Application/radio/ssc.o
                0x80003c64                register_rx_tx_func
 .text.ssc_init
                0x80003c78       0x70 src/Application/radio/ssc.o
                0x80003c78                ssc_init
 .text.xcmp_register_app_list
                0x80003ce8        0xc src/Application/radio/xcmp.o
                0x80003ce8                xcmp_register_app_list
 .text.xcmp_tx  0x80003cf4       0x48 src/Application/radio/xcmp.o
 .text.xcmp_DeviceInitializationStatus_request
                0x80003d3c       0x40 src/Application/radio/xcmp.o
                0x80003d3c                xcmp_DeviceInitializationStatus_request
 .text.xcmp_opcode_not_supported
                0x80003d7c       0x24 src/Application/radio/xcmp.o
                0x80003d7c                xcmp_opcode_not_supported
 .text.xcmp_exec_func
                0x80003da0       0x48 src/Application/radio/xcmp.o
 .text.xcmp_IdleTestTone
                0x80003de8       0x60 src/Application/radio/xcmp.o
                0x80003de8                xcmp_IdleTestTone
 .text.xcmp_init
                0x80003e48       0x54 src/Application/radio/xcmp.o
                0x80003e48                xcmp_init
 .text.xcmp_rx_process
                0x80003e9c       0xfc src/Application/radio/xcmp.o
 .text.xcmp_rx  0x80003f98       0x4c src/Application/radio/xcmp.o
 .text.xnl_register_xcmp_func
                0x80003fe4        0xc src/Application/radio/xnl.o
                0x80003fe4                xnl_register_xcmp_func
 .text.xnl_get_msg_ack_func
                0x80003ff0       0x2c src/Application/radio/xnl.o
                0x80003ff0                xnl_get_msg_ack_func
 .text.xnl_init
                0x8000401c      0x12c src/Application/radio/xnl.o
                0x8000401c                xnl_init
 .text.xnl_rx_process
                0x80004148       0x60 src/Application/radio/xnl.o
 .text.xnl_tx_process
                0x800041a8       0xcc src/Application/radio/xnl.o
 .text.xnl_tx   0x80004274       0xe4 src/Application/radio/xnl.o
                0x80004274                xnl_tx
 .text.xnl_data_msg_func
                0x80004358       0x60 src/Application/radio/xnl.o
                0x80004358                xnl_data_msg_func
 .text.xnl_device_auth_reply_func
                0x800043b8      0x120 src/Application/radio/xnl.o
                0x800043b8                xnl_device_auth_reply_func
 .text.xnl_master_status_brdcst_func
                0x800044d8       0x60 src/Application/radio/xnl.o
                0x800044d8                xnl_master_status_brdcst_func
 .text.xnl_device_conn_reply_func
                0x80004538       0x5c src/Application/radio/xnl.o
                0x80004538                xnl_device_conn_reply_func
 .text.xnl_send_device_master_query
                0x80004594       0x30 src/Application/radio/xnl.o
                0x80004594                xnl_send_device_master_query
 .text.local_start_pll0
                0x800045c4       0x50 src/Application/rtc/rtc.o
                0x800045c4                local_start_pll0
 .text.local_start_timer
                0x80004614       0x2c src/Application/timers/timer.o
                0x80004614                local_start_timer
 .text.gpio_enable_module_pin
                0x80004640       0x52 src/ASF/avr32/drivers/gpio/gpio.o
                0x80004640                gpio_enable_module_pin
 *fill*         0x80004692        0x2 d703d703
 .text.gpio_enable_module
                0x80004694       0x30 src/ASF/avr32/drivers/gpio/gpio.o
                0x80004694                gpio_enable_module
 .text._unhandled_interrupt
                0x800046c4        0x2 src/ASF/avr32/drivers/intc/intc.o
 *fill*         0x800046c6        0x2 d703d703
 .text.INTC_register_interrupt
                0x800046c8       0x80 src/ASF/avr32/drivers/intc/intc.o
                0x800046c8                INTC_register_interrupt
 .text.INTC_init_interrupts
                0x80004748       0x54 src/ASF/avr32/drivers/intc/intc.o
                0x80004748                INTC_init_interrupts
 .text._get_interrupt_handler
                0x8000479c       0x38 src/ASF/avr32/drivers/intc/intc.o
                0x8000479c                _get_interrupt_handler
 .text.usart_set_async_baudrate
                0x800047d4       0x5a src/ASF/avr32/drivers/usart/usart.o
 .text.usart_write_char
                0x8000482e       0x14 src/ASF/avr32/drivers/usart/usart.o
                0x8000482e                usart_write_char
 *fill*         0x80004842        0x2 d703d703
 .text.usart_putchar
                0x80004844       0x2c src/ASF/avr32/drivers/usart/usart.o
                0x80004844                usart_putchar
 .text.usart_read_char
                0x80004870       0x22 src/ASF/avr32/drivers/usart/usart.o
                0x80004870                usart_read_char
 *fill*         0x80004892        0x2 d703d703
 .text.usart_getchar
                0x80004894       0x2c src/ASF/avr32/drivers/usart/usart.o
                0x80004894                usart_getchar
 .text.usart_write_line
                0x800048c0       0x24 src/ASF/avr32/drivers/usart/usart.o
                0x800048c0                usart_write_line
 .text.usart_reset
                0x800048e4       0x2c src/ASF/avr32/drivers/usart/usart.o
                0x800048e4                usart_reset
 .text.usart_init_rs232
                0x80004910       0xcc src/ASF/avr32/drivers/usart/usart.o
                0x80004910                usart_init_rs232
 .text._stext   0x800049dc       0x40 src/ASF/avr32/utils/startup/startup_uc3.o
                                 0x50 (size before relaxing)
                0x800049dc                _stext
 .text.vListInitialise
                0x80004a1c       0x14 src/ASF/thirdparty/freertos/freertos-7.0.0/source/list.o
                0x80004a1c                vListInitialise
 .text.vListInitialiseItem
                0x80004a30        0x6 src/ASF/thirdparty/freertos/freertos-7.0.0/source/list.o
                0x80004a30                vListInitialiseItem
 .text.vListInsertEnd
                0x80004a36       0x1c src/ASF/thirdparty/freertos/freertos-7.0.0/source/list.o
                0x80004a36                vListInsertEnd
 .text.vListInsert
                0x80004a52       0x34 src/ASF/thirdparty/freertos/freertos-7.0.0/source/list.o
                0x80004a52                vListInsert
 .text.vListRemove
                0x80004a86       0x26 src/ASF/thirdparty/freertos/freertos-7.0.0/source/list.o
                0x80004a86                vListRemove
 .text.pxPortInitialiseStack
                0x80004aac       0x92 src/ASF/thirdparty/freertos/freertos-7.0.0/source/portable/gcc/avr32_uc3/port.o
                0x80004aac                pxPortInitialiseStack
 *fill*         0x80004b3e        0x2 d703d703
 .text.vPortEnterCritical
                0x80004b40       0x10 src/ASF/thirdparty/freertos/freertos-7.0.0/source/portable/gcc/avr32_uc3/port.o
                0x80004b40                vPortEnterCritical
 .text.xPortStartScheduler
                0x80004b50       0x58 src/ASF/thirdparty/freertos/freertos-7.0.0/source/portable/gcc/avr32_uc3/port.o
                0x80004b50                xPortStartScheduler
 .text.SCALLYield
                0x80004ba8       0x98 src/ASF/thirdparty/freertos/freertos-7.0.0/source/portable/gcc/avr32_uc3/port.o
                0x80004ba8                SCALLYield
 .text.prvClearCcInt
                0x80004c40        0xa src/ASF/thirdparty/freertos/freertos-7.0.0/source/portable/gcc/avr32_uc3/port.o
 *fill*         0x80004c4a        0x2 d703d703
 .text.vPortExitCritical
                0x80004c4c       0x20 src/ASF/thirdparty/freertos/freertos-7.0.0/source/portable/gcc/avr32_uc3/port.o
                0x80004c4c                vPortExitCritical
 .text.vTick    0x80004c6c       0x84 src/ASF/thirdparty/freertos/freertos-7.0.0/source/portable/gcc/avr32_uc3/port.o
 .text.__malloc_lock
                0x80004cf0        0xc src/ASF/thirdparty/freertos/freertos-7.0.0/source/portable/gcc/avr32_uc3/port.o
                0x80004cf0                __malloc_lock
 .text.__malloc_unlock
                0x80004cfc        0xc src/ASF/thirdparty/freertos/freertos-7.0.0/source/portable/gcc/avr32_uc3/port.o
                0x80004cfc                __malloc_unlock
 .text._read    0x80004d08       0x40 src/ASF/thirdparty/freertos/freertos-7.0.0/source/portable/gcc/avr32_uc3/read.o
                0x80004d08                _read
 .text._write   0x80004d48       0x3c src/ASF/thirdparty/freertos/freertos-7.0.0/source/portable/gcc/avr32_uc3/write.o
                0x80004d48                _write
 .text.vPortFree
                0x80004d84       0x28 src/ASF/thirdparty/freertos/freertos-7.0.0/source/portable/memmang/heap_3.o
                0x80004d84                vPortFree
 .text.pvPortMalloc
                0x80004dac       0x28 src/ASF/thirdparty/freertos/freertos-7.0.0/source/portable/memmang/heap_3.o
                0x80004dac                pvPortMalloc
 .text.prvCopyDataFromQueue
                0x80004dd4       0x30 src/ASF/thirdparty/freertos/freertos-7.0.0/source/queue.o
 .text.xQueueReceiveFromISR
                0x80004e04       0x50 src/ASF/thirdparty/freertos/freertos-7.0.0/source/queue.o
                0x80004e04                xQueueReceiveFromISR
 .text.prvUnlockQueue
                0x80004e54       0xa0 src/ASF/thirdparty/freertos/freertos-7.0.0/source/queue.o
 .text.xQueueGenericReceive
                0x80004ef4      0x144 src/ASF/thirdparty/freertos/freertos-7.0.0/source/queue.o
                0x80004ef4                xQueueGenericReceive
 .text.prvCopyDataToQueue
                0x80005038       0x78 src/ASF/thirdparty/freertos/freertos-7.0.0/source/queue.o
 .text.xQueueGenericSendFromISR
                0x800050b0       0x50 src/ASF/thirdparty/freertos/freertos-7.0.0/source/queue.o
                0x800050b0                xQueueGenericSendFromISR
 .text.xQueueGenericSend
                0x80005100      0x100 src/ASF/thirdparty/freertos/freertos-7.0.0/source/queue.o
                0x80005100                xQueueGenericSend
 .text.xQueueCreate
                0x80005200       0x74 src/ASF/thirdparty/freertos/freertos-7.0.0/source/queue.o
                0x80005200                xQueueCreate
 .text.vTaskSuspendAll
                0x80005274       0x10 src/ASF/thirdparty/freertos/freertos-7.0.0/source/tasks.o
                0x80005274                vTaskSuspendAll
 .text.vTaskSwitchContext
                0x80005284       0x7c src/ASF/thirdparty/freertos/freertos-7.0.0/source/tasks.o
                0x80005284                vTaskSwitchContext
 .text.vTaskSetTimeOutState
                0x80005300       0x18 src/ASF/thirdparty/freertos/freertos-7.0.0/source/tasks.o
                0x80005300                vTaskSetTimeOutState
 .text.vTaskMissedYield
                0x80005318        0xc src/ASF/thirdparty/freertos/freertos-7.0.0/source/tasks.o
                0x80005318                vTaskMissedYield
 .text.xTaskGetCurrentTaskHandle
                0x80005324        0xc src/ASF/thirdparty/freertos/freertos-7.0.0/source/tasks.o
                0x80005324                xTaskGetCurrentTaskHandle
 .text.vTaskPriorityDisinherit
                0x80005330       0x58 src/ASF/thirdparty/freertos/freertos-7.0.0/source/tasks.o
                0x80005330                vTaskPriorityDisinherit
 .text.vTaskPriorityInherit
                0x80005388       0x84 src/ASF/thirdparty/freertos/freertos-7.0.0/source/tasks.o
                0x80005388                vTaskPriorityInherit
 .text.xTaskRemoveFromEventList
                0x8000540c       0x7c src/ASF/thirdparty/freertos/freertos-7.0.0/source/tasks.o
                0x8000540c                xTaskRemoveFromEventList
 .text.vTaskIncrementTick
                0x80005488      0x114 src/ASF/thirdparty/freertos/freertos-7.0.0/source/tasks.o
                0x80005488                vTaskIncrementTick
 .text.xTaskCheckForTimeOut
                0x8000559c       0x70 src/ASF/thirdparty/freertos/freertos-7.0.0/source/tasks.o
                0x8000559c                xTaskCheckForTimeOut
 .text.xTaskGetTickCount
                0x8000560c       0x24 src/ASF/thirdparty/freertos/freertos-7.0.0/source/tasks.o
                0x8000560c                xTaskGetTickCount
 .text.xTaskResumeAll
                0x80005630       0xe8 src/ASF/thirdparty/freertos/freertos-7.0.0/source/tasks.o
                0x80005630                xTaskResumeAll
 .text.prvAddCurrentTaskToDelayedList
                0x80005718       0x5c src/ASF/thirdparty/freertos/freertos-7.0.0/source/tasks.o
 .text.vTaskDelayUntil
                0x80005774       0x80 src/ASF/thirdparty/freertos/freertos-7.0.0/source/tasks.o
                0x80005774                vTaskDelayUntil
 .text.vTaskPlaceOnEventList
                0x800057f4       0x58 src/ASF/thirdparty/freertos/freertos-7.0.0/source/tasks.o
                0x800057f4                vTaskPlaceOnEventList
 .text.prvIdleTask
                0x8000584c       0x88 src/ASF/thirdparty/freertos/freertos-7.0.0/source/tasks.o
 .text.xTaskGenericCreate
                0x800058d4      0x1e8 src/ASF/thirdparty/freertos/freertos-7.0.0/source/tasks.o
                0x800058d4                xTaskGenericCreate
 .text.vTaskStartScheduler
                0x80005abc       0x4c src/ASF/thirdparty/freertos/freertos-7.0.0/source/tasks.o
                0x80005abc                vTaskStartScheduler
 .text.PrintChar
                0x80005b08        0x4 src/Log/log.o
                0x80005b08                PrintChar
 .text.PrintHex
                0x80005b0c       0xb2 src/Log/log.o
                0x80005b0c                PrintHex
 .text.PrintDec
                0x80005bbe       0xda src/Log/log.o
                0x80005bbe                PrintDec
 .text.log      0x80005c98      0x18c src/Log/log.o
                0x80005c98                log
 .text.logFromISR
                0x80005e24      0x180 src/Log/log.o
                0x80005e24                logFromISR
 .text.log_init
                0x80005fa4       0x68 src/Log/log.o
                0x80005fa4                log_init
 .text.task_log
                0x8000600c       0x44 src/Log/log.o
 .text.main     0x80006050       0x60 src/main.o
                0x80006050                main
 .text.free     0x800060b0       0x10 e:/program x86/atmel/studio/7.0/toolchain/avr32/avr32-gnu-toolchain/bin/../lib/gcc/avr32/4.4.7/../../../../avr32/lib/ucr2\libc.a(lib_a-malloc.o)
                                 0x18 (size before relaxing)
                0x800060b0                free
 .text.malloc   0x800060c0       0x10 e:/program x86/atmel/studio/7.0/toolchain/avr32/avr32-gnu-toolchain/bin/../lib/gcc/avr32/4.4.7/../../../../avr32/lib/ucr2\libc.a(lib_a-malloc.o)
                                 0x18 (size before relaxing)
                0x800060c0                malloc
 .text._malloc_r
                0x800060d0      0x438 e:/program x86/atmel/studio/7.0/toolchain/avr32/avr32-gnu-toolchain/bin/../lib/gcc/avr32/4.4.7/../../../../avr32/lib/ucr2\libc.a(lib_a-mallocr.o)
                                0x450 (size before relaxing)
                0x800060d0                _malloc_r
 .text          0x80006508      0x148 e:/program x86/atmel/studio/7.0/toolchain/avr32/avr32-gnu-toolchain/bin/../lib/gcc/avr32/4.4.7/../../../../avr32/lib/ucr2\libc.a(lib_a-memcpy.o)
                0x80006508                memcpy
 .text.memset   0x80006650        0xe e:/program x86/atmel/studio/7.0/toolchain/avr32/avr32-gnu-toolchain/bin/../lib/gcc/avr32/4.4.7/../../../../avr32/lib/ucr2\libc.a(lib_a-memset.o)
                0x80006650                memset
 *fill*         0x8000665e        0x2 d703d703
 .text._realloc_r
                0x80006660      0x2c0 e:/program x86/atmel/studio/7.0/toolchain/avr32/avr32-gnu-toolchain/bin/../lib/gcc/avr32/4.4.7/../../../../avr32/lib/ucr2\libc.a(lib_a-reallocr.o)
                                0x2e0 (size before relaxing)
                0x80006660                _realloc_r
 .text._sbrk_r  0x80006920       0x20 e:/program x86/atmel/studio/7.0/toolchain/avr32/avr32-gnu-toolchain/bin/../lib/gcc/avr32/4.4.7/../../../../avr32/lib/ucr2\libc.a(lib_a-sbrkr.o)
                                 0x28 (size before relaxing)
                0x80006920                _sbrk_r
 .text.sprintf  0x80006940       0x3c e:/program x86/atmel/studio/7.0/toolchain/avr32/avr32-gnu-toolchain/bin/../lib/gcc/avr32/4.4.7/../../../../avr32/lib/ucr2\libc.a(lib_a-sprintf.o)
                                 0x40 (size before relaxing)
                0x80006940                sprintf
 .text          0x8000697c       0x20 e:/program x86/atmel/studio/7.0/toolchain/avr32/avr32-gnu-toolchain/bin/../lib/gcc/avr32/4.4.7/../../../../avr32/lib/ucr2\libc.a(lib_a-strncpy.o)
                0x8000697c                strncpy
 .text._close   0x8000699c       0x14 e:/program x86/atmel/studio/7.0/toolchain/avr32/avr32-gnu-toolchain/bin/../lib/gcc/avr32/4.4.7/../../../../avr32/lib/ucr2\libc.a(lib_a-syscalls.o)
                                 0x18 (size before relaxing)
                0x8000699c                _close
 .text._lseek   0x800069b0       0x14 e:/program x86/atmel/studio/7.0/toolchain/avr32/avr32-gnu-toolchain/bin/../lib/gcc/avr32/4.4.7/../../../../avr32/lib/ucr2\libc.a(lib_a-syscalls.o)
                                 0x18 (size before relaxing)
                0x800069b0                _lseek
 .text.isatty   0x800069c4       0x14 e:/program x86/atmel/studio/7.0/toolchain/avr32/avr32-gnu-toolchain/bin/../lib/gcc/avr32/4.4.7/../../../../avr32/lib/ucr2\libc.a(lib_a-syscalls.o)
                                 0x18 (size before relaxing)
                0x800069c4                isatty
 .text._fstat_host
                0x800069d8       0x14 e:/program x86/atmel/studio/7.0/toolchain/avr32/avr32-gnu-toolchain/bin/../lib/gcc/avr32/4.4.7/../../../../avr32/lib/ucr2\libc.a(lib_a-syscalls.o)
                                 0x18 (size before relaxing)
                0x800069d8                _fstat_host
 .text._fstat   0x800069ec       0x4c e:/program x86/atmel/studio/7.0/toolchain/avr32/avr32-gnu-toolchain/bin/../lib/gcc/avr32/4.4.7/../../../../avr32/lib/ucr2\libc.a(lib_a-syscalls.o)
                                 0x50 (size before relaxing)
                0x800069ec                _fstat
 .text._sbrk    0x80006a38       0x38 e:/program x86/atmel/studio/7.0/toolchain/avr32/avr32-gnu-toolchain/bin/../lib/gcc/avr32/4.4.7/../../../../avr32/lib/ucr2\libc.a(lib_a-syscalls.o)
                                 0x40 (size before relaxing)
                0x80006a38                _sbrk
 .text.get_arg  0x80006a70      0x314 e:/program x86/atmel/studio/7.0/toolchain/avr32/avr32-gnu-toolchain/bin/../lib/gcc/avr32/4.4.7/../../../../avr32/lib/ucr2\libc.a(lib_a-vfprintf.o)
                                0x324 (size before relaxing)
 .text.__sprint_r
                0x80006d84       0x1c e:/program x86/atmel/studio/7.0/toolchain/avr32/avr32-gnu-toolchain/bin/../lib/gcc/avr32/4.4.7/../../../../avr32/lib/ucr2\libc.a(lib_a-vfprintf.o)
                                 0x20 (size before relaxing)
 .text._vfprintf_r
                0x80006da0     0x1f14 e:/program x86/atmel/studio/7.0/toolchain/avr32/avr32-gnu-toolchain/bin/../lib/gcc/avr32/4.4.7/../../../../avr32/lib/ucr2\libc.a(lib_a-vfprintf.o)
                               0x1f9c (size before relaxing)
                0x80006da0                _vfprintf_r
 .text.__swsetup_r
                0x80008cb4       0xdc e:/program x86/atmel/studio/7.0/toolchain/avr32/avr32-gnu-toolchain/bin/../lib/gcc/avr32/4.4.7/../../../../avr32/lib/ucr2\libc.a(lib_a-wsetup.o)
                                 0xe8 (size before relaxing)
                0x80008cb4                __swsetup_r
 .text.quorem   0x80008d90      0x120 e:/program x86/atmel/studio/7.0/toolchain/avr32/avr32-gnu-toolchain/bin/../lib/gcc/avr32/4.4.7/../../../../avr32/lib/ucr2\libc.a(lib_a-dtoa.o)
                                0x124 (size before relaxing)
 .text._dtoa_r  0x80008eb0      0xbdc e:/program x86/atmel/studio/7.0/toolchain/avr32/avr32-gnu-toolchain/bin/../lib/gcc/avr32/4.4.7/../../../../avr32/lib/ucr2\libc.a(lib_a-dtoa.o)
                                0xc90 (size before relaxing)
                0x80008eb0                _dtoa_r
 .text.__errno  0x80009a8c        0xc e:/program x86/atmel/studio/7.0/toolchain/avr32/avr32-gnu-toolchain/bin/../lib/gcc/avr32/4.4.7/../../../../avr32/lib/ucr2\libc.a(lib_a-errno.o)
                0x80009a8c                __errno
 .text._fflush_r
                0x80009a98      0x10c e:/program x86/atmel/studio/7.0/toolchain/avr32/avr32-gnu-toolchain/bin/../lib/gcc/avr32/4.4.7/../../../../avr32/lib/ucr2\libc.a(lib_a-fflush.o)
                                0x118 (size before relaxing)
                0x80009a98                _fflush_r
 .text.__sfp_lock_acquire
                0x80009ba4        0x2 e:/program x86/atmel/studio/7.0/toolchain/avr32/avr32-gnu-toolchain/bin/../lib/gcc/avr32/4.4.7/../../../../avr32/lib/ucr2\libc.a(lib_a-findfp.o)
                0x80009ba4                __sfp_lock_acquire
 .text.__sfp_lock_release
                0x80009ba6        0x2 e:/program x86/atmel/studio/7.0/toolchain/avr32/avr32-gnu-toolchain/bin/../lib/gcc/avr32/4.4.7/../../../../avr32/lib/ucr2\libc.a(lib_a-findfp.o)
                0x80009ba6                __sfp_lock_release
 .text._cleanup_r
                0x80009ba8        0xc e:/program x86/atmel/studio/7.0/toolchain/avr32/avr32-gnu-toolchain/bin/../lib/gcc/avr32/4.4.7/../../../../avr32/lib/ucr2\libc.a(lib_a-findfp.o)
                                 0x14 (size before relaxing)
                0x80009ba8                _cleanup_r
 .text.__sfmoreglue
                0x80009bb4       0x28 e:/program x86/atmel/studio/7.0/toolchain/avr32/avr32-gnu-toolchain/bin/../lib/gcc/avr32/4.4.7/../../../../avr32/lib/ucr2\libc.a(lib_a-findfp.o)
                                 0x30 (size before relaxing)
                0x80009bb4                __sfmoreglue
 .text.__sfp    0x80009bdc       0x6c e:/program x86/atmel/studio/7.0/toolchain/avr32/avr32-gnu-toolchain/bin/../lib/gcc/avr32/4.4.7/../../../../avr32/lib/ucr2\libc.a(lib_a-findfp.o)
                                 0x7c (size before relaxing)
                0x80009bdc                __sfp
 .text.__sinit  0x80009c48       0x9c e:/program x86/atmel/studio/7.0/toolchain/avr32/avr32-gnu-toolchain/bin/../lib/gcc/avr32/4.4.7/../../../../avr32/lib/ucr2\libc.a(lib_a-findfp.o)
                                 0xb0 (size before relaxing)
                0x80009c48                __sinit
 .text._malloc_trim_r
                0x80009ce4       0x98 e:/program x86/atmel/studio/7.0/toolchain/avr32/avr32-gnu-toolchain/bin/../lib/gcc/avr32/4.4.7/../../../../avr32/lib/ucr2\libc.a(lib_a-freer.o)
                                 0xa8 (size before relaxing)
                0x80009ce4                _malloc_trim_r
 .text._free_r  0x80009d7c      0x18c e:/program x86/atmel/studio/7.0/toolchain/avr32/avr32-gnu-toolchain/bin/../lib/gcc/avr32/4.4.7/../../../../avr32/lib/ucr2\libc.a(lib_a-freer.o)
                                0x1a0 (size before relaxing)
                0x80009d7c                _free_r
 .text.__sfvwrite_r
                0x80009f08      0x294 e:/program x86/atmel/studio/7.0/toolchain/avr32/avr32-gnu-toolchain/bin/../lib/gcc/avr32/4.4.7/../../../../avr32/lib/ucr2\libc.a(lib_a-fvwrite.o)
                                0x2c4 (size before relaxing)
                0x80009f08                __sfvwrite_r
 .text._fwalk   0x8000a19c       0x4c e:/program x86/atmel/studio/7.0/toolchain/avr32/avr32-gnu-toolchain/bin/../lib/gcc/avr32/4.4.7/../../../../avr32/lib/ucr2\libc.a(lib_a-fwalk.o)
                                 0x54 (size before relaxing)
                0x8000a19c                _fwalk
 .text._localeconv_r
                0x8000a1e8        0x8 e:/program x86/atmel/studio/7.0/toolchain/avr32/avr32-gnu-toolchain/bin/../lib/gcc/avr32/4.4.7/../../../../avr32/lib/ucr2\libc.a(lib_a-locale.o)
                0x8000a1e8                _localeconv_r
 .text.__smakebuf_r
                0x8000a1f0       0xbc e:/program x86/atmel/studio/7.0/toolchain/avr32/avr32-gnu-toolchain/bin/../lib/gcc/avr32/4.4.7/../../../../avr32/lib/ucr2\libc.a(lib_a-makebuf.o)
                                 0xcc (size before relaxing)
                0x8000a1f0                __smakebuf_r
 .text.memchr   0x8000a2ac       0x16 e:/program x86/atmel/studio/7.0/toolchain/avr32/avr32-gnu-toolchain/bin/../lib/gcc/avr32/4.4.7/../../../../avr32/lib/ucr2\libc.a(lib_a-memchr.o)
                0x8000a2ac                memchr
 .text.memmove  0x8000a2c2       0x3e e:/program x86/atmel/studio/7.0/toolchain/avr32/avr32-gnu-toolchain/bin/../lib/gcc/avr32/4.4.7/../../../../avr32/lib/ucr2\libc.a(lib_a-memmove.o)
                0x8000a2c2                memmove
 .text.__hi0bits
                0x8000a300       0x60 e:/program x86/atmel/studio/7.0/toolchain/avr32/avr32-gnu-toolchain/bin/../lib/gcc/avr32/4.4.7/../../../../avr32/lib/ucr2\libc.a(lib_a-mprec.o)
                0x8000a300                __hi0bits
 .text.__lo0bits
                0x8000a360       0x8e e:/program x86/atmel/studio/7.0/toolchain/avr32/avr32-gnu-toolchain/bin/../lib/gcc/avr32/4.4.7/../../../../avr32/lib/ucr2\libc.a(lib_a-mprec.o)
                0x8000a360                __lo0bits
 .text.__mcmp   0x8000a3ee       0x32 e:/program x86/atmel/studio/7.0/toolchain/avr32/avr32-gnu-toolchain/bin/../lib/gcc/avr32/4.4.7/../../../../avr32/lib/ucr2\libc.a(lib_a-mprec.o)
                0x8000a3ee                __mcmp
 .text._Bfree   0x8000a420       0x34 e:/program x86/atmel/studio/7.0/toolchain/avr32/avr32-gnu-toolchain/bin/../lib/gcc/avr32/4.4.7/../../../../avr32/lib/ucr2\libc.a(lib_a-mprec.o)
                                 0x38 (size before relaxing)
                0x8000a420                _Bfree
 .text._Balloc  0x8000a454       0x70 e:/program x86/atmel/studio/7.0/toolchain/avr32/avr32-gnu-toolchain/bin/../lib/gcc/avr32/4.4.7/../../../../avr32/lib/ucr2\libc.a(lib_a-mprec.o)
                                 0x78 (size before relaxing)
                0x8000a454                _Balloc
 .text.__d2b    0x8000a4c4       0xa0 e:/program x86/atmel/studio/7.0/toolchain/avr32/avr32-gnu-toolchain/bin/../lib/gcc/avr32/4.4.7/../../../../avr32/lib/ucr2\libc.a(lib_a-mprec.o)
                                 0xb4 (size before relaxing)
                0x8000a4c4                __d2b
 .text.__mdiff  0x8000a564       0xd0 e:/program x86/atmel/studio/7.0/toolchain/avr32/avr32-gnu-toolchain/bin/../lib/gcc/avr32/4.4.7/../../../../avr32/lib/ucr2\libc.a(lib_a-mprec.o)
                                 0xd8 (size before relaxing)
                0x8000a564                __mdiff
 .text.__lshift
                0x8000a634       0x88 e:/program x86/atmel/studio/7.0/toolchain/avr32/avr32-gnu-toolchain/bin/../lib/gcc/avr32/4.4.7/../../../../avr32/lib/ucr2\libc.a(lib_a-mprec.o)
                                 0x94 (size before relaxing)
                0x8000a634                __lshift
 .text.__multiply
                0x8000a6bc      0x100 e:/program x86/atmel/studio/7.0/toolchain/avr32/avr32-gnu-toolchain/bin/../lib/gcc/avr32/4.4.7/../../../../avr32/lib/ucr2\libc.a(lib_a-mprec.o)
                                0x108 (size before relaxing)
                0x8000a6bc                __multiply
 .text.__i2b    0x8000a7bc       0x10 e:/program x86/atmel/studio/7.0/toolchain/avr32/avr32-gnu-toolchain/bin/../lib/gcc/avr32/4.4.7/../../../../avr32/lib/ucr2\libc.a(lib_a-mprec.o)
                                 0x18 (size before relaxing)
                0x8000a7bc                __i2b
 .text.__multadd
                0x8000a7cc       0x7c e:/program x86/atmel/studio/7.0/toolchain/avr32/avr32-gnu-toolchain/bin/../lib/gcc/avr32/4.4.7/../../../../avr32/lib/ucr2\libc.a(lib_a-mprec.o)
                                 0x88 (size before relaxing)
                0x8000a7cc                __multadd
 .text.__pow5mult
                0x8000a848       0x8c e:/program x86/atmel/studio/7.0/toolchain/avr32/avr32-gnu-toolchain/bin/../lib/gcc/avr32/4.4.7/../../../../avr32/lib/ucr2\libc.a(lib_a-mprec.o)
                                 0xac (size before relaxing)
                0x8000a848                __pow5mult
 .text.__isinfd
                0x8000a8d4       0x2a e:/program x86/atmel/studio/7.0/toolchain/avr32/avr32-gnu-toolchain/bin/../lib/gcc/avr32/4.4.7/../../../../avr32/lib/ucr2\libc.a(lib_a-s_isinfd.o)
                0x8000a8d4                __isinfd
 .text.__isnand
                0x8000a8fe       0x1c e:/program x86/atmel/studio/7.0/toolchain/avr32/avr32-gnu-toolchain/bin/../lib/gcc/avr32/4.4.7/../../../../avr32/lib/ucr2\libc.a(lib_a-s_isnand.o)
                0x8000a8fe                __isnand
 *fill*         0x8000a91a        0x2 d703d703
 .text.__sclose
                0x8000a91c        0x8 e:/program x86/atmel/studio/7.0/toolchain/avr32/avr32-gnu-toolchain/bin/../lib/gcc/avr32/4.4.7/../../../../avr32/lib/ucr2\libc.a(lib_a-stdio.o)
                                 0x10 (size before relaxing)
                0x8000a91c                __sclose
 .text.__sseek  0x8000a924       0x20 e:/program x86/atmel/studio/7.0/toolchain/avr32/avr32-gnu-toolchain/bin/../lib/gcc/avr32/4.4.7/../../../../avr32/lib/ucr2\libc.a(lib_a-stdio.o)
                                 0x28 (size before relaxing)
                0x8000a924                __sseek
 .text.__swrite
                0x8000a944       0x2c e:/program x86/atmel/studio/7.0/toolchain/avr32/avr32-gnu-toolchain/bin/../lib/gcc/avr32/4.4.7/../../../../avr32/lib/ucr2\libc.a(lib_a-stdio.o)
                                 0x38 (size before relaxing)
                0x8000a944                __swrite
 .text.__sread  0x8000a970       0x1c e:/program x86/atmel/studio/7.0/toolchain/avr32/avr32-gnu-toolchain/bin/../lib/gcc/avr32/4.4.7/../../../../avr32/lib/ucr2\libc.a(lib_a-stdio.o)
                                 0x24 (size before relaxing)
                0x8000a970                __sread
 .text.strlen   0x8000a98c       0x16 e:/program x86/atmel/studio/7.0/toolchain/avr32/avr32-gnu-toolchain/bin/../lib/gcc/avr32/4.4.7/../../../../avr32/lib/ucr2\libc.a(lib_a-strlen.o)
                0x8000a98c                strlen
 *fill*         0x8000a9a2        0x2 d703d703
 .text._write_r
                0x8000a9a4       0x28 e:/program x86/atmel/studio/7.0/toolchain/avr32/avr32-gnu-toolchain/bin/../lib/gcc/avr32/4.4.7/../../../../avr32/lib/ucr2\libc.a(lib_a-writer.o)
                                 0x2c (size before relaxing)
                0x8000a9a4                _write_r
 .text._calloc_r
                0x8000a9cc       0x58 e:/program x86/atmel/studio/7.0/toolchain/avr32/avr32-gnu-toolchain/bin/../lib/gcc/avr32/4.4.7/../../../../avr32/lib/ucr2\libc.a(lib_a-callocr.o)
                                 0x60 (size before relaxing)
                0x8000a9cc                _calloc_r
 .text._close_r
                0x8000aa24       0x20 e:/program x86/atmel/studio/7.0/toolchain/avr32/avr32-gnu-toolchain/bin/../lib/gcc/avr32/4.4.7/../../../../avr32/lib/ucr2\libc.a(lib_a-closer.o)
                                 0x28 (size before relaxing)
                0x8000aa24                _close_r
 .text._fclose_r
                0x8000aa44       0xb8 e:/program x86/atmel/studio/7.0/toolchain/avr32/avr32-gnu-toolchain/bin/../lib/gcc/avr32/4.4.7/../../../../avr32/lib/ucr2\libc.a(lib_a-fclose.o)
                                 0xd0 (size before relaxing)
                0x8000aa44                _fclose_r
 .text.fclose   0x8000aafc       0x10 e:/program x86/atmel/studio/7.0/toolchain/avr32/avr32-gnu-toolchain/bin/../lib/gcc/avr32/4.4.7/../../../../avr32/lib/ucr2\libc.a(lib_a-fclose.o)
                                 0x18 (size before relaxing)
                0x8000aafc                fclose
 .text._fstat_r
                0x8000ab0c       0x24 e:/program x86/atmel/studio/7.0/toolchain/avr32/avr32-gnu-toolchain/bin/../lib/gcc/avr32/4.4.7/../../../../avr32/lib/ucr2\libc.a(lib_a-fstatr.o)
                                 0x2c (size before relaxing)
                0x8000ab0c                _fstat_r
 .text._lseek_r
                0x8000ab30       0x28 e:/program x86/atmel/studio/7.0/toolchain/avr32/avr32-gnu-toolchain/bin/../lib/gcc/avr32/4.4.7/../../../../avr32/lib/ucr2\libc.a(lib_a-lseekr.o)
                                 0x2c (size before relaxing)
                0x8000ab30                _lseek_r
 .text._read_r  0x8000ab58       0x28 e:/program x86/atmel/studio/7.0/toolchain/avr32/avr32-gnu-toolchain/bin/../lib/gcc/avr32/4.4.7/../../../../avr32/lib/ucr2\libc.a(lib_a-readr.o)
                                 0x2c (size before relaxing)
                0x8000ab58                _read_r
 .text          0x8000ab80      0x1d4 e:/program x86/atmel/studio/7.0/toolchain/avr32/avr32-gnu-toolchain/bin/../lib/gcc/avr32/4.4.7/ucr2\libgcc.a(_avr32_f64_mul.o)
                0x8000ab80                __avr32_f64_mul
 .text          0x8000ad54      0x2b0 e:/program x86/atmel/studio/7.0/toolchain/avr32/avr32-gnu-toolchain/bin/../lib/gcc/avr32/4.4.7/ucr2\libgcc.a(_avr32_f64_addsub.o)
                0x8000ad58                __avr32_f64_sub
                0x8000aef4                __avr32_f64_add
 .text          0x8000b004       0x2a e:/program x86/atmel/studio/7.0/toolchain/avr32/avr32-gnu-toolchain/bin/../lib/gcc/avr32/4.4.7/ucr2\libgcc.a(_avr32_f64_to_s32.o)
                0x8000b004                __avr32_f64_to_u32
                0x8000b008                __avr32_f64_to_s32
 .text          0x8000b02e       0xe8 e:/program x86/atmel/studio/7.0/toolchain/avr32/avr32-gnu-toolchain/bin/../lib/gcc/avr32/4.4.7/ucr2\libgcc.a(_avr32_s32_to_f64.o)
                0x8000b02e                __avr32_u32_to_f64
                0x8000b036                __avr32_s32_to_f64
 .text          0x8000b116       0x26 e:/program x86/atmel/studio/7.0/toolchain/avr32/avr32-gnu-toolchain/bin/../lib/gcc/avr32/4.4.7/ucr2\libgcc.a(_avr32_f64_cmp_eq.o)
                0x8000b116                __avr32_f64_cmp_eq
 .text          0x8000b13c       0x68 e:/program x86/atmel/studio/7.0/toolchain/avr32/avr32-gnu-toolchain/bin/../lib/gcc/avr32/4.4.7/ucr2\libgcc.a(_avr32_f64_cmp_ge.o)
                0x8000b13c                __avr32_f64_cmp_ge
 .text          0x8000b1a4       0x68 e:/program x86/atmel/studio/7.0/toolchain/avr32/avr32-gnu-toolchain/bin/../lib/gcc/avr32/4.4.7/ucr2\libgcc.a(_avr32_f64_cmp_lt.o)
                0x8000b1a4                __avr32_f64_cmp_lt
 .text          0x8000b20c      0x318 e:/program x86/atmel/studio/7.0/toolchain/avr32/avr32-gnu-toolchain/bin/../lib/gcc/avr32/4.4.7/ucr2\libgcc.a(_avr32_f64_div.o)
                0x8000b20c                __avr32_f64_div
 .text          0x8000b524      0x264 e:/program x86/atmel/studio/7.0/toolchain/avr32/avr32-gnu-toolchain/bin/../lib/gcc/avr32/4.4.7/ucr2\libgcc.a(_udivdi3.o)
                0x8000b524                __avr32_udiv64
                0x8000b524                __udivdi3
 .text          0x8000b788      0x20c e:/program x86/atmel/studio/7.0/toolchain/avr32/avr32-gnu-toolchain/bin/../lib/gcc/avr32/4.4.7/ucr2\libgcc.a(_umoddi3.o)
                0x8000b788                __avr32_umod64
                0x8000b788                __umoddi3
 *(.text.*personality*)
 *(.gnu.warning)

.exception      0x8000ba00      0x200
 .exception     0x8000ba00      0x200 src/ASF/thirdparty/freertos/freertos-7.0.0/source/portable/gcc/avr32_uc3/exception.o
                0x8000ba00                _evba
                0x8000bb04                _int0
                0x8000bb12                _int1
                0x8000bb20                _int2
                0x8000bb2e                _int3
                0x8000bb3c                ipr_val

.fini
 *(.fini)
                0x8000bc00                PROVIDE (__etext, .)
                0x8000bc00                PROVIDE (_etext, .)
                0x8000bc00                PROVIDE (etext, .)

.rodata         0x8000bc00     0x1090
 *(.rodata .rodata.* .gnu.linkonce.r.*)
 .rodata.str1.4
                0x8000bc00      0x69b src/Application/app/app.o
                                0x69c (size before relaxing)
 *fill*         0x8000c29b        0x1 
 .rodata.CSWTCH.35
                0x8000c29c       0x48 src/Application/radio/ambe.o
 .rodata.str1.4
                0x8000c2e4        0xb src/Application/radio/payload.o
                                  0xc (size before relaxing)
 *fill*         0x8000c2ef        0x1 
 .rodata.str1.4
                0x8000c2f0       0x48 src/Application/radio/physical.o
 .rodata.str1.4
                0x8000c338        0x8 src/Application/radio/xcmp.o
 .rodata.str1.4
                0x8000c340        0x7 src/Application/radio/xnl.o
                                 0x10 (size before relaxing)
 *fill*         0x8000c347        0x1 
 .rodata.TC_GPIO_MAP.10338
                0x8000c348       0x18 src/Application/timers/timer.o
 .rodata._int_handler_table
                0x8000c360       0x98 src/ASF/avr32/drivers/intc/intc.o
 .rodata.str1.4
                0x8000c3f8        0x5 src/ASF/thirdparty/freertos/freertos-7.0.0/source/tasks.o
                                  0x8 (size before relaxing)
 *fill*         0x8000c3fd        0x3 
 .rodata.log    0x8000c400      0x150 src/Log/log.o
 .rodata.logFromISR
                0x8000c550      0x150 src/Log/log.o
 .rodata.USART_OPTIONS.11277
                0x8000c6a0        0xc src/Log/log.o
 .rodata.str1.4
                0x8000c6ac       0x3c src/Log/log.o
 .rodata.USART_GPIO_MAP.11276
                0x8000c6e8       0x10 src/Log/log.o
 .rodata.str1.4
                0x8000c6f8       0x14 src/main.o
 .rodata.get_arg
                0x8000c70c       0x3c e:/program x86/atmel/studio/7.0/toolchain/avr32/avr32-gnu-toolchain/bin/../lib/gcc/avr32/4.4.7/../../../../avr32/lib/ucr2\libc.a(lib_a-vfprintf.o)
 .rodata._vfprintf_r
                0x8000c748      0x164 e:/program x86/atmel/studio/7.0/toolchain/avr32/avr32-gnu-toolchain/bin/../lib/gcc/avr32/4.4.7/../../../../avr32/lib/ucr2\libc.a(lib_a-vfprintf.o)
 .rodata.state_table
                0x8000c8ac       0x6c e:/program x86/atmel/studio/7.0/toolchain/avr32/avr32-gnu-toolchain/bin/../lib/gcc/avr32/4.4.7/../../../../avr32/lib/ucr2\libc.a(lib_a-vfprintf.o)
 .rodata.action_table
                0x8000c918       0x6c e:/program x86/atmel/studio/7.0/toolchain/avr32/avr32-gnu-toolchain/bin/../lib/gcc/avr32/4.4.7/../../../../avr32/lib/ucr2\libc.a(lib_a-vfprintf.o)
 .rodata.str1.4
                0x8000c984       0x3a e:/program x86/atmel/studio/7.0/toolchain/avr32/avr32-gnu-toolchain/bin/../lib/gcc/avr32/4.4.7/../../../../avr32/lib/ucr2\libc.a(lib_a-vfprintf.o)
                                 0x3c (size before relaxing)
 *fill*         0x8000c9be        0x2 
 .rodata.blanks.3430
                0x8000c9c0       0x10 e:/program x86/atmel/studio/7.0/toolchain/avr32/avr32-gnu-toolchain/bin/../lib/gcc/avr32/4.4.7/../../../../avr32/lib/ucr2\libc.a(lib_a-vfprintf.o)
 .rodata.zeroes.3431
                0x8000c9d0       0x10 e:/program x86/atmel/studio/7.0/toolchain/avr32/avr32-gnu-toolchain/bin/../lib/gcc/avr32/4.4.7/../../../../avr32/lib/ucr2\libc.a(lib_a-vfprintf.o)
 .rodata.chclass
                0x8000c9e0      0x100 e:/program x86/atmel/studio/7.0/toolchain/avr32/avr32-gnu-toolchain/bin/../lib/gcc/avr32/4.4.7/../../../../avr32/lib/ucr2\libc.a(lib_a-vfprintf.o)
 .rodata.str1.4
                0x8000cae0       0x10 e:/program x86/atmel/studio/7.0/toolchain/avr32/avr32-gnu-toolchain/bin/../lib/gcc/avr32/4.4.7/../../../../avr32/lib/ucr2\libc.a(lib_a-dtoa.o)
                                 0x14 (size before relaxing)
 .rodata.__sf_fake_stdin
                0x8000caf0       0x20 e:/program x86/atmel/studio/7.0/toolchain/avr32/avr32-gnu-toolchain/bin/../lib/gcc/avr32/4.4.7/../../../../avr32/lib/ucr2\libc.a(lib_a-findfp.o)
                0x8000caf0                __sf_fake_stdin
 .rodata.__sf_fake_stdout
                0x8000cb10       0x20 e:/program x86/atmel/studio/7.0/toolchain/avr32/avr32-gnu-toolchain/bin/../lib/gcc/avr32/4.4.7/../../../../avr32/lib/ucr2\libc.a(lib_a-findfp.o)
                0x8000cb10                __sf_fake_stdout
 .rodata.__sf_fake_stderr
                0x8000cb30       0x20 e:/program x86/atmel/studio/7.0/toolchain/avr32/avr32-gnu-toolchain/bin/../lib/gcc/avr32/4.4.7/../../../../avr32/lib/ucr2\libc.a(lib_a-findfp.o)
                0x8000cb30                __sf_fake_stderr
 .rodata.str1.4
                0x8000cb50        0x2 e:/program x86/atmel/studio/7.0/toolchain/avr32/avr32-gnu-toolchain/bin/../lib/gcc/avr32/4.4.7/../../../../avr32/lib/ucr2\libc.a(lib_a-impure.o)
                                  0x4 (size before relaxing)
 *fill*         0x8000cb52        0x2 
 .rodata._global_impure_ptr
                0x8000cb54        0x4 e:/program x86/atmel/studio/7.0/toolchain/avr32/avr32-gnu-toolchain/bin/../lib/gcc/avr32/4.4.7/../../../../avr32/lib/ucr2\libc.a(lib_a-impure.o)
                0x8000cb54                _global_impure_ptr
 .rodata.lconv  0x8000cb58       0x30 e:/program x86/atmel/studio/7.0/toolchain/avr32/avr32-gnu-toolchain/bin/../lib/gcc/avr32/4.4.7/../../../../avr32/lib/ucr2\libc.a(lib_a-locale.o)
 .rodata.str1.4
                0x8000cb88        0xc e:/program x86/atmel/studio/7.0/toolchain/avr32/avr32-gnu-toolchain/bin/../lib/gcc/avr32/4.4.7/../../../../avr32/lib/ucr2\libc.a(lib_a-locale.o)
                                 0x18 (size before relaxing)
 .rodata.p05.2471
                0x8000cb94        0xc e:/program x86/atmel/studio/7.0/toolchain/avr32/avr32-gnu-toolchain/bin/../lib/gcc/avr32/4.4.7/../../../../avr32/lib/ucr2\libc.a(lib_a-mprec.o)
 .rodata.__mprec_tens
                0x8000cba0       0xc8 e:/program x86/atmel/studio/7.0/toolchain/avr32/avr32-gnu-toolchain/bin/../lib/gcc/avr32/4.4.7/../../../../avr32/lib/ucr2\libc.a(lib_a-mprec.o)
                0x8000cba0                __mprec_tens
 .rodata.__mprec_bigtens
                0x8000cc68       0x28 e:/program x86/atmel/studio/7.0/toolchain/avr32/avr32-gnu-toolchain/bin/../lib/gcc/avr32/4.4.7/../../../../avr32/lib/ucr2\libc.a(lib_a-mprec.o)
                0x8000cc68                __mprec_bigtens

.rodata1
 *(.rodata1)

.eh_frame_hdr
 *(.eh_frame_hdr)

.eh_frame
 *(.eh_frame)

.gcc_except_table
 *(.gcc_except_table)
 *(.gcc_except_table.*)

.dalign         0x8000cc90        0x0
                0x8000cc90                . = ALIGN (0x8)
                0x8000cc90                PROVIDE (_data_lma, .)
                0x00000004                PROVIDE (_data, ORIGIN (CPUSRAM))
                0x00000004                . = ORIGIN (CPUSRAM)

.eh_frame
 *(.eh_frame)

.gcc_except_table
 *(.gcc_except_table)
 *(.gcc_except_table.*)

.tdata
 *(.tdata .tdata.* .gnu.linkonce.td.*)

.tbss
 *(.tbss .tbss.* .gnu.linkonce.tb.*)
 *(.tcommon)
                0x00000004                PROVIDE (__preinit_array_start, ALIGN (0x4))

.preinit_array
 *(.preinit_array)
                0x00000004                PROVIDE (__preinit_array_end, .)
                0x00000004                PROVIDE (__init_array_start, .)

.init_array
 *(.init_array)
                0x00000004                PROVIDE (__init_array_end, .)
                0x00000004                PROVIDE (__fini_array_start, .)

.fini_array
 *(.fini_array)
                0x00000004                PROVIDE (__fini_array_end, .)

.ctors
 *crtbegin*.o(.ctors)
 *(EXCLUDE_FILE(*crtend*.o) .ctors)
 *(SORT(.ctors.*))
 *(.ctors)

.dtors
 *crtbegin*.o(.dtors)
 *(EXCLUDE_FILE(*crtend*.o) .dtors)
 *(SORT(.dtors.*))
 *(.dtors)

.jcr
 *(.jcr)

.data.rel.ro
 *(.data.rel.ro.local)
 *(.data.rel.ro*)

.dynamic
 *(.dynamic)

.got
 *(.got.plt)
 *(.got)

.data           0x00000004      0xa2c load address 0x8000cc90
 *(.data .data.* .gnu.linkonce.d.*)
 .data.the_app_list
                0x00000004      0x4ec src/Application/app/app.o
 .data.xnl_proc_list
                0x000004f0       0x34 src/Application/radio/xnl.o
 .data.ulCriticalNesting
                0x00000524        0x4 src/ASF/thirdparty/freertos/freertos-7.0.0/source/portable/gcc/avr32_uc3/port.o
                0x00000524                ulCriticalNesting
 .data.xNextTaskUnblockTime
                0x00000528        0x4 src/ASF/thirdparty/freertos/freertos-7.0.0/source/tasks.o
 .data.__malloc_av_
                0x0000052c      0x408 e:/program x86/atmel/studio/7.0/toolchain/avr32/avr32-gnu-toolchain/bin/../lib/gcc/avr32/4.4.7/../../../../avr32/lib/ucr2\libc.a(lib_a-mallocr.o)
                0x0000052c                __malloc_av_
 .data.__malloc_trim_threshold
                0x00000934        0x4 e:/program x86/atmel/studio/7.0/toolchain/avr32/avr32-gnu-toolchain/bin/../lib/gcc/avr32/4.4.7/../../../../avr32/lib/ucr2\libc.a(lib_a-mallocr.o)
                0x00000934                __malloc_trim_threshold
 .data.__malloc_sbrk_base
                0x00000938        0x4 e:/program x86/atmel/studio/7.0/toolchain/avr32/avr32-gnu-toolchain/bin/../lib/gcc/avr32/4.4.7/../../../../avr32/lib/ucr2\libc.a(lib_a-mallocr.o)
                0x00000938                __malloc_sbrk_base
 .data.impure_data
                0x0000093c       0xf0 e:/program x86/atmel/studio/7.0/toolchain/avr32/avr32-gnu-toolchain/bin/../lib/gcc/avr32/4.4.7/../../../../avr32/lib/ucr2\libc.a(lib_a-impure.o)
 .data._impure_ptr
                0x00000a2c        0x4 e:/program x86/atmel/studio/7.0/toolchain/avr32/avr32-gnu-toolchain/bin/../lib/gcc/avr32/4.4.7/../../../../avr32/lib/ucr2\libc.a(lib_a-impure.o)
                0x00000a2c                _impure_ptr
 *(.gnu.linkonce.d.*personality*)

.data1
 *(.data1)

.balign         0x00000a30        0x0 load address 0x8000d6bc
                0x00000a30                . = ALIGN (0x8)
                0x00000a30                _edata = .
                0x00000a30                _edata = .
                0x00000a30                PROVIDE (edata, .)
                0x00000a30                __bss_start = .

.bss            0x00000a30     0x36b8 load address 0x8000d6bc
 *(.dynbss)
 *(.bss .bss.* .gnu.linkonce.b.*)
 .bss.Speaker_is_unmute
                0x00000a30        0x1 src/Application/app/app.o
                0x00000a30                Speaker_is_unmute
 .bss.AMBE_rx_flag
                0x00000a31        0x1 src/Application/app/app.o
                0x00000a31                AMBE_rx_flag
 .bss.VF_SN     0x00000a32        0x1 src/Application/app/app.o
                0x00000a32                VF_SN
 *fill*         0x00000a33        0x1 
 .bss.res.11787
                0x00000a34        0x4 src/Application/app/app.o
 .bss.xLastWakeTime.11797
                0x00000a38        0x4 src/Application/app/app.o
 .bss.Radio_Transmit_State
                0x00000a3c        0x1 src/Application/app/app.o
                0x00000a3c                Radio_Transmit_State
 .bss.Call_Begin
                0x00000a3d        0x1 src/Application/app/app.o
                0x00000a3d                Call_Begin
 .bss.AMBE_tx_flag
                0x00000a3e        0x1 src/Application/app/app.o
                0x00000a3e                AMBE_tx_flag
 .bss.AMBE_Media
                0x00000a3f        0x1 src/Application/app/app.o
                0x00000a3f                AMBE_Media
 .bss.connect_flag
                0x00000a40        0x1 src/Application/app/app.o
 .bss.Mic_is_Enabled
                0x00000a41        0x1 src/Application/app/app.o
                0x00000a41                Mic_is_Enabled
 .bss.times_counter.11817
                0x00000a42        0x1 src/Application/app/app.o
 .bss.Terminator_Flag
                0x00000a43        0x1 src/Application/app/app.o
                0x00000a43                Terminator_Flag
 .bss.ulIdleCycleCount
                0x00000a44        0x4 src/Application/app/app.o
                0x00000a44                ulIdleCycleCount
 .bss.payload_rx_exec
                0x00000a48        0x4 src/Application/radio/payload.o
                0x00000a48                payload_rx_exec
 .bss.payload_tx_exec
                0x00000a4c        0x4 src/Application/radio/payload.o
                0x00000a4c                payload_tx_exec
 .bss.phy_tx_index.10646
                0x00000a50        0x1 src/Application/radio/physical.o
 *fill*         0x00000a51        0x3 
 .bss.m_RxBurstType
                0x00000a54        0x4 src/Application/radio/physical.o
 .bss.phy_check_sum.10690
                0x00000a58        0x2 src/Application/radio/physical.o
 *fill*         0x00000a5a        0x2 
 .bss.payload_store_idle
                0x00000a5c        0x4 src/Application/radio/physical.o
                0x00000a5c                payload_store_idle
 .bss.phy_rx_length.10689
                0x00000a60        0x2 src/Application/radio/physical.o
 *fill*         0x00000a62        0x2 
 .bss.RxBytesWaiting.10966
                0x00000a64        0x4 src/Application/radio/physical.o
 .bss.phy_rx_expexted_length.10688
                0x00000a68        0x2 src/Application/radio/physical.o
 *fill*         0x00000a6a        0x2 
 .bss.phy_tx_state.10644
                0x00000a6c        0x4 src/Application/radio/physical.o
 .bss.Item_ID.10971
                0x00000a70        0x1 src/Application/radio/physical.o
 .bss.is_first.10970
                0x00000a71        0x1 src/Application/radio/physical.o
 *fill*         0x00000a72        0x2 
 .bss.phy_frame_ptr.10687
                0x00000a74        0x4 src/Application/radio/physical.o
 .bss.phy_payload_frame_rx
                0x00000a78        0x4 src/Application/radio/physical.o
                0x00000a78                phy_payload_frame_rx
 .bss.Item_Length.10972
                0x00000a7c        0x4 src/Application/radio/physical.o
 .bss.AMBE_payload_ptr.10969
                0x00000a80        0x4 src/Application/radio/physical.o
 .bss.RxMedia_IsFillingNext16.10963
                0x00000a84        0x4 src/Application/radio/physical.o
 .bss.payload_ptr.10968
                0x00000a88        0x4 src/Application/radio/physical.o
 .bss.phy_rx_state.10691
                0x00000a8c        0x4 src/Application/radio/physical.o
 .bss.RxAMBE_IsFillingNext8.10964
                0x00000a90        0x4 src/Application/radio/physical.o
 .bss.phy_tx_expexted_length.10645
                0x00000a94        0x2 src/Application/radio/physical.o
 *fill*         0x00000a96        0x2 
 .bss.phy_payload_frame_tx
                0x00000a98        0x4 src/Application/radio/physical.o
                0x00000a98                phy_payload_frame_tx
 .bss.ArrayDiscLength.10967
                0x00000a9c        0x4 src/Application/radio/physical.o
 .bss.xnl_store_idle
                0x00000aa0        0x4 src/Application/radio/physical.o
                0x00000aa0                xnl_store_idle
 .bss.phy_xnl_frame_rx
                0x00000aa4        0x4 src/Application/radio/physical.o
                0x00000aa4                phy_xnl_frame_rx
 .bss.phy_rx_count.10692
                0x00000aa8        0x4 src/Application/radio/physical.o
 .bss.RxData_IsFillingNext16.10965
                0x00000aac        0x4 src/Application/radio/physical.o
 .bss.phy_xnl_frame_tx
                0x00000ab0        0x4 src/Application/radio/physical.o
                0x00000ab0                phy_xnl_frame_tx
 .bss.SDV_Index.10974
                0x00000ab4        0x1 src/Application/radio/physical.o
 *fill*         0x00000ab5        0x3 
 .bss.phy_ptr.10643
                0x00000ab8        0x4 src/Application/radio/physical.o
 .bss.RxMediaState.10962
                0x00000abc        0x4 src/Application/radio/physical.o
 .bss.AMBE_HT   0x00000ac0        0x8 src/Application/radio/physical.o
 .bss.phy_rx_exec
                0x00000ac8        0x4 src/Application/radio/ssc.o
                0x00000ac8                phy_rx_exec
 .bss.phy_tx_exec
                0x00000acc        0x4 src/Application/radio/ssc.o
                0x00000acc                phy_tx_exec
 .bss.version_information
                0x00000ad0        0xc src/Application/radio/xcmp.o
                0x00000ad0                version_information
 .bss.clone_read
                0x00000adc        0xc src/Application/radio/xcmp.o
                0x00000adc                clone_read
 .bss.xcmp_frame_rx
                0x00000ae8        0x4 src/Application/radio/xcmp.o
 .bss.clone_write
                0x00000aec        0xc src/Application/radio/xcmp.o
                0x00000aec                clone_write
 .bss.automatic_frequency_correction_control
                0x00000af8        0xc src/Application/radio/xcmp.o
                0x00000af8                automatic_frequency_correction_control
 .bss.language_pack_information
                0x00000b04        0xc src/Application/radio/xcmp.o
                0x00000b04                language_pack_information
 .bss.radio_status
                0x00000b10        0xc src/Application/radio/xcmp.o
                0x00000b10                radio_status
 .bss.xnl_timeout_semphr
                0x00000b1c        0x4 src/Application/radio/xnl.o
 .bss.xnl_information
                0x00000b20        0xa src/Application/radio/xnl.o
 *fill*         0x00000b2a        0x2 
 .bss.xnl_frame_tx
                0x00000b2c        0x4 src/Application/radio/xnl.o
 .bss.xnl_send_times.10716
                0x00000b30        0x4 src/Application/radio/xnl.o
 .bss.ptr.10717
                0x00000b34        0x4 src/Application/radio/xnl.o
 .bss.flags.10671
                0x00000b38        0x1 src/Application/radio/xnl.o
 *fill*         0x00000b39        0x3 
 .bss.xnl_tx_state.10715
                0x00000b3c        0x4 src/Application/radio/xnl.o
 .bss.xcmp_exec
                0x00000b40        0x4 src/Application/radio/xnl.o
                0x00000b40                xcmp_exec
 .bss._int_line_handler_table_6
                0x00000b44        0x4 src/ASF/avr32/drivers/intc/intc.o
 .bss._int_line_handler_table_7
                0x00000b48        0x4 src/ASF/avr32/drivers/intc/intc.o
 .bss._int_line_handler_table_8
                0x00000b4c        0x4 src/ASF/avr32/drivers/intc/intc.o
 .bss._int_line_handler_table_9
                0x00000b50        0x4 src/ASF/avr32/drivers/intc/intc.o
 .bss._int_line_handler_table_10
                0x00000b54        0x4 src/ASF/avr32/drivers/intc/intc.o
 .bss._int_line_handler_table_11
                0x00000b58        0x4 src/ASF/avr32/drivers/intc/intc.o
 .bss._int_line_handler_table_12
                0x00000b5c        0x4 src/ASF/avr32/drivers/intc/intc.o
 .bss._int_line_handler_table_13
                0x00000b60        0x4 src/ASF/avr32/drivers/intc/intc.o
 .bss._int_line_handler_table_14
                0x00000b64        0xc src/ASF/avr32/drivers/intc/intc.o
 .bss._int_line_handler_table_15
                0x00000b70        0x4 src/ASF/avr32/drivers/intc/intc.o
 .bss._int_line_handler_table_16
                0x00000b74        0x4 src/ASF/avr32/drivers/intc/intc.o
 .bss._int_line_handler_table_17
                0x00000b78        0x4 src/ASF/avr32/drivers/intc/intc.o
 .bss._int_line_handler_table_18
                0x00000b7c        0x4 src/ASF/avr32/drivers/intc/intc.o
 .bss._int_line_handler_table_0
                0x00000b80        0x4 src/ASF/avr32/drivers/intc/intc.o
 .bss._int_line_handler_table_1
                0x00000b84       0x2c src/ASF/avr32/drivers/intc/intc.o
 .bss._int_line_handler_table_2
                0x00000bb0       0x18 src/ASF/avr32/drivers/intc/intc.o
 .bss._int_line_handler_table_3
                0x00000bc8       0x1c src/ASF/avr32/drivers/intc/intc.o
 .bss._int_line_handler_table_4
                0x00000be4        0x4 src/ASF/avr32/drivers/intc/intc.o
 .bss._int_line_handler_table_5
                0x00000be8        0x4 src/ASF/avr32/drivers/intc/intc.o
 .bss.uxMissedTicks
                0x00000bec        0x4 src/ASF/thirdparty/freertos/freertos-7.0.0/source/tasks.o
 .bss.uxTopUsedPriority
                0x00000bf0        0x4 src/ASF/thirdparty/freertos/freertos-7.0.0/source/tasks.o
 .bss.pxDelayedTaskList
                0x00000bf4        0x4 src/ASF/thirdparty/freertos/freertos-7.0.0/source/tasks.o
 .bss.xSchedulerRunning
                0x00000bf8        0x4 src/ASF/thirdparty/freertos/freertos-7.0.0/source/tasks.o
 .bss.uxTasksDeleted
                0x00000bfc        0x4 src/ASF/thirdparty/freertos/freertos-7.0.0/source/tasks.o
 .bss.xNumOfOverflows
                0x00000c00        0x4 src/ASF/thirdparty/freertos/freertos-7.0.0/source/tasks.o
 .bss.pxOverflowDelayedTaskList
                0x00000c04        0x4 src/ASF/thirdparty/freertos/freertos-7.0.0/source/tasks.o
 .bss.pxReadyTasksLists
                0x00000c08       0xa0 src/ASF/thirdparty/freertos/freertos-7.0.0/source/tasks.o
 .bss.xTasksWaitingTermination
                0x00000ca8       0x14 src/ASF/thirdparty/freertos/freertos-7.0.0/source/tasks.o
 .bss.pxCurrentTCB
                0x00000cbc        0x4 src/ASF/thirdparty/freertos/freertos-7.0.0/source/tasks.o
                0x00000cbc                pxCurrentTCB
 .bss.xPendingReadyList
                0x00000cc0       0x14 src/ASF/thirdparty/freertos/freertos-7.0.0/source/tasks.o
 .bss.xDelayedTaskList1
                0x00000cd4       0x14 src/ASF/thirdparty/freertos/freertos-7.0.0/source/tasks.o
 .bss.xTickCount
                0x00000ce8        0x4 src/ASF/thirdparty/freertos/freertos-7.0.0/source/tasks.o
 .bss.uxSchedulerSuspended
                0x00000cec        0x4 src/ASF/thirdparty/freertos/freertos-7.0.0/source/tasks.o
 .bss.xDelayedTaskList2
                0x00000cf0       0x14 src/ASF/thirdparty/freertos/freertos-7.0.0/source/tasks.o
 .bss.uxTaskNumber
                0x00000d04        0x4 src/ASF/thirdparty/freertos/freertos-7.0.0/source/tasks.o
 .bss.uxCurrentNumberOfTasks
                0x00000d08        0x4 src/ASF/thirdparty/freertos/freertos-7.0.0/source/tasks.o
 .bss.xMissedYield
                0x00000d0c        0x4 src/ASF/thirdparty/freertos/freertos-7.0.0/source/tasks.o
 .bss.xSuspendedTaskList
                0x00000d10       0x14 src/ASF/thirdparty/freertos/freertos-7.0.0/source/tasks.o
 .bss.uxTopReadyPriority
                0x00000d24        0x4 src/ASF/thirdparty/freertos/freertos-7.0.0/source/tasks.o
 .bss.lench.11293
                0x00000d28        0x1 src/Log/log.o
 .bss.lench.11363
                0x00000d29        0x1 src/Log/log.o
 *fill*         0x00000d2a        0x2 
 .bss.__malloc_max_total_mem
                0x00000d2c        0x4 e:/program x86/atmel/studio/7.0/toolchain/avr32/avr32-gnu-toolchain/bin/../lib/gcc/avr32/4.4.7/../../../../avr32/lib/ucr2\libc.a(lib_a-mallocr.o)
                0x00000d2c                __malloc_max_total_mem
 .bss.__malloc_max_sbrked_mem
                0x00000d30        0x4 e:/program x86/atmel/studio/7.0/toolchain/avr32/avr32-gnu-toolchain/bin/../lib/gcc/avr32/4.4.7/../../../../avr32/lib/ucr2\libc.a(lib_a-mallocr.o)
                0x00000d30                __malloc_max_sbrked_mem
 .bss.__malloc_top_pad
                0x00000d34        0x4 e:/program x86/atmel/studio/7.0/toolchain/avr32/avr32-gnu-toolchain/bin/../lib/gcc/avr32/4.4.7/../../../../avr32/lib/ucr2\libc.a(lib_a-mallocr.o)
                0x00000d34                __malloc_top_pad
 .bss.__malloc_current_mallinfo
                0x00000d38       0x28 e:/program x86/atmel/studio/7.0/toolchain/avr32/avr32-gnu-toolchain/bin/../lib/gcc/avr32/4.4.7/../../../../avr32/lib/ucr2\libc.a(lib_a-mallocr.o)
                0x00000d38                __malloc_current_mallinfo
 .bss.cur_heap_pos.1869
                0x00000d60        0x4 e:/program x86/atmel/studio/7.0/toolchain/avr32/avr32-gnu-toolchain/bin/../lib/gcc/avr32/4.4.7/../../../../avr32/lib/ucr2\libc.a(lib_a-syscalls.o)
 *(COMMON)
 COMMON         0x00000d64        0x4 src/Application/app/app.o
                0x00000d64                bunchofrandomstatusflags
 COMMON         0x00000d68      0x122 src/Application/radio/ambe.o
                0x00000d68                AMBEBurst_rawdata
                0x00000d70                Radio_Internal_Data
                0x00000d74                AMBE_DecryptionKey
                0x00000d7c                SendAMBEBurst_EncryptionPackage
                0x00000e6c                VBSP_data
                0x00000e70                Soft_Decision_Data
 COMMON         0x00000e8a     0x3200 src/Application/radio/physical.o
                0x00000e8a                payload_store
                0x0000228a                xnl_store
 *fill*         0x0000408a        0x2 
 COMMON         0x0000408c       0x4c src/Application/radio/ssc.o
                0x0000408c                intDuration
                0x00004090                BufferIndex
                0x00004094                intStartCount
                0x00004098                RxBuffer
                0x000040b8                TxBuffer
 COMMON         0x000040d8        0x4 src/Application/radio/xcmp.o
                0x000040d8                app_list
 COMMON         0x000040dc        0x4 src/ASF/thirdparty/freertos/freertos-7.0.0/source/portable/gcc/avr32_uc3/write.o
                0x000040dc                stdio_usart_base
 COMMON         0x000040e0        0x4 src/Log/log.o
                0x000040e0                logQueue
 COMMON         0x000040e4        0x4 e:/program x86/atmel/studio/7.0/toolchain/avr32/avr32-gnu-toolchain/bin/../lib/gcc/avr32/4.4.7/../../../../avr32/lib/ucr2\libc.a(lib_a-reent.o)
                0x000040e4                errno
                0x000040e8                . = ALIGN (0x8)
                0x000040e8                . = ALIGN (0x8)
                0x000040e8                _end = .
                0x000040e8                PROVIDE (end, .)
                0x000040e8                __heap_start__ = ALIGN (0x8)
                0x00017000                . = ((ORIGIN (CPUSRAM) + 0x17ffc) - _stack_size)
                0x00017000                __heap_end__ = .

.stab
 *(.stab)

.stabstr
 *(.stabstr)

.stab.excl
 *(.stab.excl)

.stab.exclstr
 *(.stab.exclstr)

.stab.index
 *(.stab.index)

.stab.indexstr
 *(.stab.indexstr)

.comment        0x00000000       0x30
 *(.comment)
 .comment       0x00000000       0x30 src/Application/app/app.o
                                 0x31 (size before relaxing)
 .comment       0x00000000       0x31 src/Application/radio/ambe.o
 .comment       0x00000000       0x31 src/Application/radio/payload.o
 .comment       0x00000000       0x31 src/Application/radio/physical.o
 .comment       0x00000000       0x31 src/Application/radio/ssc.o
 .comment       0x00000000       0x31 src/Application/radio/xcmp.o
 .comment       0x00000000       0x31 src/Application/radio/xnl.o
 .comment       0x00000000       0x31 src/Application/rtc/rtc.o
 .comment       0x00000000       0x31 src/Application/timers/timer.o
 .comment       0x00000000       0x31 src/ASF/avr32/drivers/gpio/gpio.o
 .comment       0x00000000       0x31 src/ASF/avr32/drivers/intc/intc.o
 .comment       0x00000000       0x31 src/ASF/avr32/drivers/usart/usart.o
 .comment       0x00000000       0x31 src/ASF/thirdparty/freertos/freertos-7.0.0/source/list.o
 .comment       0x00000000       0x31 src/ASF/thirdparty/freertos/freertos-7.0.0/source/portable/gcc/avr32_uc3/port.o
 .comment       0x00000000       0x31 src/ASF/thirdparty/freertos/freertos-7.0.0/source/portable/gcc/avr32_uc3/read.o
 .comment       0x00000000       0x31 src/ASF/thirdparty/freertos/freertos-7.0.0/source/portable/gcc/avr32_uc3/write.o
 .comment       0x00000000       0x31 src/ASF/thirdparty/freertos/freertos-7.0.0/source/portable/memmang/heap_3.o
 .comment       0x00000000       0x31 src/ASF/thirdparty/freertos/freertos-7.0.0/source/queue.o
 .comment       0x00000000       0x31 src/ASF/thirdparty/freertos/freertos-7.0.0/source/tasks.o
 .comment       0x00000000       0x31 src/Log/log.o
 .comment       0x00000000       0x31 src/main.o
 .comment       0x00000000       0x31 e:/program x86/atmel/studio/7.0/toolchain/avr32/avr32-gnu-toolchain/bin/../lib/gcc/avr32/4.4.7/../../../../avr32/lib/ucr2\libc.a(lib_a-malloc.o)
 .comment       0x00000000       0x31 e:/program x86/atmel/studio/7.0/toolchain/avr32/avr32-gnu-toolchain/bin/../lib/gcc/avr32/4.4.7/../../../../avr32/lib/ucr2\libc.a(lib_a-mallocr.o)
 .comment       0x00000000       0x31 e:/program x86/atmel/studio/7.0/toolchain/avr32/avr32-gnu-toolchain/bin/../lib/gcc/avr32/4.4.7/../../../../avr32/lib/ucr2\libc.a(lib_a-memset.o)
 .comment       0x00000000       0x31 e:/program x86/atmel/studio/7.0/toolchain/avr32/avr32-gnu-toolchain/bin/../lib/gcc/avr32/4.4.7/../../../../avr32/lib/ucr2\libc.a(lib_a-reallocr.o)
 .comment       0x00000000       0x31 e:/program x86/atmel/studio/7.0/toolchain/avr32/avr32-gnu-toolchain/bin/../lib/gcc/avr32/4.4.7/../../../../avr32/lib/ucr2\libc.a(lib_a-sbrkr.o)
 .comment       0x00000000       0x31 e:/program x86/atmel/studio/7.0/toolchain/avr32/avr32-gnu-toolchain/bin/../lib/gcc/avr32/4.4.7/../../../../avr32/lib/ucr2\libc.a(lib_a-sprintf.o)
 .comment       0x00000000       0x31 e:/program x86/atmel/studio/7.0/toolchain/avr32/avr32-gnu-toolchain/bin/../lib/gcc/avr32/4.4.7/../../../../avr32/lib/ucr2\libc.a(lib_a-syscalls.o)
 .comment       0x00000000       0x31 e:/program x86/atmel/studio/7.0/toolchain/avr32/avr32-gnu-toolchain/bin/../lib/gcc/avr32/4.4.7/../../../../avr32/lib/ucr2\libc.a(lib_a-vfprintf.o)
 .comment       0x00000000       0x31 e:/program x86/atmel/studio/7.0/toolchain/avr32/avr32-gnu-toolchain/bin/../lib/gcc/avr32/4.4.7/../../../../avr32/lib/ucr2\libc.a(lib_a-wsetup.o)
 .comment       0x00000000       0x31 e:/program x86/atmel/studio/7.0/toolchain/avr32/avr32-gnu-toolchain/bin/../lib/gcc/avr32/4.4.7/../../../../avr32/lib/ucr2\libc.a(lib_a-dtoa.o)
 .comment       0x00000000       0x31 e:/program x86/atmel/studio/7.0/toolchain/avr32/avr32-gnu-toolchain/bin/../lib/gcc/avr32/4.4.7/../../../../avr32/lib/ucr2\libc.a(lib_a-errno.o)
 .comment       0x00000000       0x31 e:/program x86/atmel/studio/7.0/toolchain/avr32/avr32-gnu-toolchain/bin/../lib/gcc/avr32/4.4.7/../../../../avr32/lib/ucr2\libc.a(lib_a-fflush.o)
 .comment       0x00000000       0x31 e:/program x86/atmel/studio/7.0/toolchain/avr32/avr32-gnu-toolchain/bin/../lib/gcc/avr32/4.4.7/../../../../avr32/lib/ucr2\libc.a(lib_a-findfp.o)
 .comment       0x00000000       0x31 e:/program x86/atmel/studio/7.0/toolchain/avr32/avr32-gnu-toolchain/bin/../lib/gcc/avr32/4.4.7/../../../../avr32/lib/ucr2\libc.a(lib_a-freer.o)
 .comment       0x00000000       0x31 e:/program x86/atmel/studio/7.0/toolchain/avr32/avr32-gnu-toolchain/bin/../lib/gcc/avr32/4.4.7/../../../../avr32/lib/ucr2\libc.a(lib_a-fvwrite.o)
 .comment       0x00000000       0x31 e:/program x86/atmel/studio/7.0/toolchain/avr32/avr32-gnu-toolchain/bin/../lib/gcc/avr32/4.4.7/../../../../avr32/lib/ucr2\libc.a(lib_a-fwalk.o)
 .comment       0x00000000       0x31 e:/program x86/atmel/studio/7.0/toolchain/avr32/avr32-gnu-toolchain/bin/../lib/gcc/avr32/4.4.7/../../../../avr32/lib/ucr2\libc.a(lib_a-impure.o)
 .comment       0x00000000       0x31 e:/program x86/atmel/studio/7.0/toolchain/avr32/avr32-gnu-toolchain/bin/../lib/gcc/avr32/4.4.7/../../../../avr32/lib/ucr2\libc.a(lib_a-locale.o)
 .comment       0x00000000       0x31 e:/program x86/atmel/studio/7.0/toolchain/avr32/avr32-gnu-toolchain/bin/../lib/gcc/avr32/4.4.7/../../../../avr32/lib/ucr2\libc.a(lib_a-makebuf.o)
 .comment       0x00000000       0x31 e:/program x86/atmel/studio/7.0/toolchain/avr32/avr32-gnu-toolchain/bin/../lib/gcc/avr32/4.4.7/../../../../avr32/lib/ucr2\libc.a(lib_a-memchr.o)
 .comment       0x00000000       0x31 e:/program x86/atmel/studio/7.0/toolchain/avr32/avr32-gnu-toolchain/bin/../lib/gcc/avr32/4.4.7/../../../../avr32/lib/ucr2\libc.a(lib_a-memmove.o)
 .comment       0x00000000       0x31 e:/program x86/atmel/studio/7.0/toolchain/avr32/avr32-gnu-toolchain/bin/../lib/gcc/avr32/4.4.7/../../../../avr32/lib/ucr2\libc.a(lib_a-mprec.o)
 .comment       0x00000000       0x31 e:/program x86/atmel/studio/7.0/toolchain/avr32/avr32-gnu-toolchain/bin/../lib/gcc/avr32/4.4.7/../../../../avr32/lib/ucr2\libc.a(lib_a-reent.o)
 .comment       0x00000000       0x31 e:/program x86/atmel/studio/7.0/toolchain/avr32/avr32-gnu-toolchain/bin/../lib/gcc/avr32/4.4.7/../../../../avr32/lib/ucr2\libc.a(lib_a-s_isinfd.o)
 .comment       0x00000000       0x31 e:/program x86/atmel/studio/7.0/toolchain/avr32/avr32-gnu-toolchain/bin/../lib/gcc/avr32/4.4.7/../../../../avr32/lib/ucr2\libc.a(lib_a-s_isnand.o)
 .comment       0x00000000       0x31 e:/program x86/atmel/studio/7.0/toolchain/avr32/avr32-gnu-toolchain/bin/../lib/gcc/avr32/4.4.7/../../../../avr32/lib/ucr2\libc.a(lib_a-stdio.o)
 .comment       0x00000000       0x31 e:/program x86/atmel/studio/7.0/toolchain/avr32/avr32-gnu-toolchain/bin/../lib/gcc/avr32/4.4.7/../../../../avr32/lib/ucr2\libc.a(lib_a-strlen.o)
 .comment       0x00000000       0x31 e:/program x86/atmel/studio/7.0/toolchain/avr32/avr32-gnu-toolchain/bin/../lib/gcc/avr32/4.4.7/../../../../avr32/lib/ucr2\libc.a(lib_a-writer.o)
 .comment       0x00000000       0x31 e:/program x86/atmel/studio/7.0/toolchain/avr32/avr32-gnu-toolchain/bin/../lib/gcc/avr32/4.4.7/../../../../avr32/lib/ucr2\libc.a(lib_a-callocr.o)
 .comment       0x00000000       0x31 e:/program x86/atmel/studio/7.0/toolchain/avr32/avr32-gnu-toolchain/bin/../lib/gcc/avr32/4.4.7/../../../../avr32/lib/ucr2\libc.a(lib_a-closer.o)
 .comment       0x00000000       0x31 e:/program x86/atmel/studio/7.0/toolchain/avr32/avr32-gnu-toolchain/bin/../lib/gcc/avr32/4.4.7/../../../../avr32/lib/ucr2\libc.a(lib_a-fclose.o)
 .comment       0x00000000       0x31 e:/program x86/atmel/studio/7.0/toolchain/avr32/avr32-gnu-toolchain/bin/../lib/gcc/avr32/4.4.7/../../../../avr32/lib/ucr2\libc.a(lib_a-fstatr.o)
 .comment       0x00000000       0x31 e:/program x86/atmel/studio/7.0/toolchain/avr32/avr32-gnu-toolchain/bin/../lib/gcc/avr32/4.4.7/../../../../avr32/lib/ucr2\libc.a(lib_a-lseekr.o)
 .comment       0x00000000       0x31 e:/program x86/atmel/studio/7.0/toolchain/avr32/avr32-gnu-toolchain/bin/../lib/gcc/avr32/4.4.7/../../../../avr32/lib/ucr2\libc.a(lib_a-readr.o)
 .comment       0x00000000       0x31 e:/program x86/atmel/studio/7.0/toolchain/avr32/avr32-gnu-toolchain/bin/../lib/gcc/avr32/4.4.7/ucr2\libgcc.a(_udivdi3.o)
 .comment       0x00000000       0x31 e:/program x86/atmel/studio/7.0/toolchain/avr32/avr32-gnu-toolchain/bin/../lib/gcc/avr32/4.4.7/ucr2\libgcc.a(_umoddi3.o)

.debug
 *(.debug)

.line
 *(.line)

.debug_srcinfo
 *(.debug_srcinfo)

.debug_sfnames
 *(.debug_sfnames)

.debug_aranges  0x00000000     0x1050
 *(.debug_aranges)
 .debug_aranges
                0x00000000      0x118 src/Application/app/app.o
 .debug_aranges
                0x00000118       0x20 src/Application/radio/ambe.o
 .debug_aranges
                0x00000138       0x28 src/Application/radio/payload.o
 .debug_aranges
                0x00000160       0x68 src/Application/radio/physical.o
 .debug_aranges
                0x000001c8       0x40 src/Application/radio/ssc.o
 .debug_aranges
                0x00000208       0xf8 src/Application/radio/xcmp.o
 .debug_aranges
                0x00000300       0x70 src/Application/radio/xnl.o
 .debug_aranges
                0x00000370       0x50 src/Application/rtc/rtc.o
 .debug_aranges
                0x000003c0       0x30 src/Application/timers/timer.o
 .debug_aranges
                0x000003f0      0x100 src/ASF/avr32/drivers/gpio/gpio.o
 .debug_aranges
                0x000004f0       0x38 src/ASF/avr32/drivers/intc/intc.o
 .debug_aranges
                0x00000528       0xe0 src/ASF/avr32/drivers/usart/usart.o
 .debug_aranges
                0x00000608       0x28 src/ASF/avr32/utils/startup/startup_uc3.o
 .debug_aranges
                0x00000630       0x20 src/ASF/avr32/utils/startup/trampoline_uc3.o
 .debug_aranges
                0x00000650       0x40 src/ASF/thirdparty/freertos/freertos-7.0.0/source/list.o
 .debug_aranges
                0x00000690       0x20 src/ASF/thirdparty/freertos/freertos-7.0.0/source/portable/gcc/avr32_uc3/exception.o
 .debug_aranges
                0x000006b0       0x78 src/ASF/thirdparty/freertos/freertos-7.0.0/source/portable/gcc/avr32_uc3/port.o
 .debug_aranges
                0x00000728       0x20 src/ASF/thirdparty/freertos/freertos-7.0.0/source/portable/gcc/avr32_uc3/read.o
 .debug_aranges
                0x00000748       0x20 src/ASF/thirdparty/freertos/freertos-7.0.0/source/portable/gcc/avr32_uc3/write.o
 .debug_aranges
                0x00000768       0x28 src/ASF/thirdparty/freertos/freertos-7.0.0/source/portable/memmang/heap_3.o
 .debug_aranges
                0x00000790       0x88 src/ASF/thirdparty/freertos/freertos-7.0.0/source/queue.o
 .debug_aranges
                0x00000818      0x108 src/ASF/thirdparty/freertos/freertos-7.0.0/source/tasks.o
 .debug_aranges
                0x00000920       0x50 src/Log/log.o
 .debug_aranges
                0x00000970       0x20 src/main.o
 .debug_aranges
                0x00000990       0x28 e:/program x86/atmel/studio/7.0/toolchain/avr32/avr32-gnu-toolchain/bin/../lib/gcc/avr32/4.4.7/../../../../avr32/lib/ucr2\libc.a(lib_a-malloc.o)
 .debug_aranges
                0x000009b8       0x20 e:/program x86/atmel/studio/7.0/toolchain/avr32/avr32-gnu-toolchain/bin/../lib/gcc/avr32/4.4.7/../../../../avr32/lib/ucr2\libc.a(lib_a-mallocr.o)
 .debug_aranges
                0x000009d8       0x20 e:/program x86/atmel/studio/7.0/toolchain/avr32/avr32-gnu-toolchain/bin/../lib/gcc/avr32/4.4.7/../../../../avr32/lib/ucr2\libc.a(lib_a-memset.o)
 .debug_aranges
                0x000009f8       0x20 e:/program x86/atmel/studio/7.0/toolchain/avr32/avr32-gnu-toolchain/bin/../lib/gcc/avr32/4.4.7/../../../../avr32/lib/ucr2\libc.a(lib_a-reallocr.o)
 .debug_aranges
                0x00000a18       0x20 e:/program x86/atmel/studio/7.0/toolchain/avr32/avr32-gnu-toolchain/bin/../lib/gcc/avr32/4.4.7/../../../../avr32/lib/ucr2\libc.a(lib_a-sbrkr.o)
 .debug_aranges
                0x00000a38       0x28 e:/program x86/atmel/studio/7.0/toolchain/avr32/avr32-gnu-toolchain/bin/../lib/gcc/avr32/4.4.7/../../../../avr32/lib/ucr2\libc.a(lib_a-sprintf.o)
 .debug_aranges
                0x00000a60       0xf8 e:/program x86/atmel/studio/7.0/toolchain/avr32/avr32-gnu-toolchain/bin/../lib/gcc/avr32/4.4.7/../../../../avr32/lib/ucr2\libc.a(lib_a-syscalls.o)
 .debug_aranges
                0x00000b58       0x38 e:/program x86/atmel/studio/7.0/toolchain/avr32/avr32-gnu-toolchain/bin/../lib/gcc/avr32/4.4.7/../../../../avr32/lib/ucr2\libc.a(lib_a-vfprintf.o)
 .debug_aranges
                0x00000b90       0x20 e:/program x86/atmel/studio/7.0/toolchain/avr32/avr32-gnu-toolchain/bin/../lib/gcc/avr32/4.4.7/../../../../avr32/lib/ucr2\libc.a(lib_a-wsetup.o)
 .debug_aranges
                0x00000bb0       0x28 e:/program x86/atmel/studio/7.0/toolchain/avr32/avr32-gnu-toolchain/bin/../lib/gcc/avr32/4.4.7/../../../../avr32/lib/ucr2\libc.a(lib_a-dtoa.o)
 .debug_aranges
                0x00000bd8       0x20 e:/program x86/atmel/studio/7.0/toolchain/avr32/avr32-gnu-toolchain/bin/../lib/gcc/avr32/4.4.7/../../../../avr32/lib/ucr2\libc.a(lib_a-errno.o)
 .debug_aranges
                0x00000bf8       0x28 e:/program x86/atmel/studio/7.0/toolchain/avr32/avr32-gnu-toolchain/bin/../lib/gcc/avr32/4.4.7/../../../../avr32/lib/ucr2\libc.a(lib_a-fflush.o)
 .debug_aranges
                0x00000c20       0x80 e:/program x86/atmel/studio/7.0/toolchain/avr32/avr32-gnu-toolchain/bin/../lib/gcc/avr32/4.4.7/../../../../avr32/lib/ucr2\libc.a(lib_a-findfp.o)
 .debug_aranges
                0x00000ca0       0x28 e:/program x86/atmel/studio/7.0/toolchain/avr32/avr32-gnu-toolchain/bin/../lib/gcc/avr32/4.4.7/../../../../avr32/lib/ucr2\libc.a(lib_a-freer.o)
 .debug_aranges
                0x00000cc8       0x20 e:/program x86/atmel/studio/7.0/toolchain/avr32/avr32-gnu-toolchain/bin/../lib/gcc/avr32/4.4.7/../../../../avr32/lib/ucr2\libc.a(lib_a-fvwrite.o)
 .debug_aranges
                0x00000ce8       0x28 e:/program x86/atmel/studio/7.0/toolchain/avr32/avr32-gnu-toolchain/bin/../lib/gcc/avr32/4.4.7/../../../../avr32/lib/ucr2\libc.a(lib_a-fwalk.o)
 .debug_aranges
                0x00000d10       0x40 e:/program x86/atmel/studio/7.0/toolchain/avr32/avr32-gnu-toolchain/bin/../lib/gcc/avr32/4.4.7/../../../../avr32/lib/ucr2\libc.a(lib_a-locale.o)
 .debug_aranges
                0x00000d50       0x20 e:/program x86/atmel/studio/7.0/toolchain/avr32/avr32-gnu-toolchain/bin/../lib/gcc/avr32/4.4.7/../../../../avr32/lib/ucr2\libc.a(lib_a-makebuf.o)
 .debug_aranges
                0x00000d70       0x20 e:/program x86/atmel/studio/7.0/toolchain/avr32/avr32-gnu-toolchain/bin/../lib/gcc/avr32/4.4.7/../../../../avr32/lib/ucr2\libc.a(lib_a-memchr.o)
 .debug_aranges
                0x00000d90       0x20 e:/program x86/atmel/studio/7.0/toolchain/avr32/avr32-gnu-toolchain/bin/../lib/gcc/avr32/4.4.7/../../../../avr32/lib/ucr2\libc.a(lib_a-memmove.o)
 .debug_aranges
                0x00000db0       0xb0 e:/program x86/atmel/studio/7.0/toolchain/avr32/avr32-gnu-toolchain/bin/../lib/gcc/avr32/4.4.7/../../../../avr32/lib/ucr2\libc.a(lib_a-mprec.o)
 .debug_aranges
                0x00000e60       0x30 e:/program x86/atmel/studio/7.0/toolchain/avr32/avr32-gnu-toolchain/bin/../lib/gcc/avr32/4.4.7/../../../../avr32/lib/ucr2\libc.a(lib_a-reent.o)
 .debug_aranges
                0x00000e90       0x20 e:/program x86/atmel/studio/7.0/toolchain/avr32/avr32-gnu-toolchain/bin/../lib/gcc/avr32/4.4.7/../../../../avr32/lib/ucr2\libc.a(lib_a-s_isinfd.o)
 .debug_aranges
                0x00000eb0       0x20 e:/program x86/atmel/studio/7.0/toolchain/avr32/avr32-gnu-toolchain/bin/../lib/gcc/avr32/4.4.7/../../../../avr32/lib/ucr2\libc.a(lib_a-s_isnand.o)
 .debug_aranges
                0x00000ed0       0x38 e:/program x86/atmel/studio/7.0/toolchain/avr32/avr32-gnu-toolchain/bin/../lib/gcc/avr32/4.4.7/../../../../avr32/lib/ucr2\libc.a(lib_a-stdio.o)
 .debug_aranges
                0x00000f08       0x20 e:/program x86/atmel/studio/7.0/toolchain/avr32/avr32-gnu-toolchain/bin/../lib/gcc/avr32/4.4.7/../../../../avr32/lib/ucr2\libc.a(lib_a-strlen.o)
 .debug_aranges
                0x00000f28       0x20 e:/program x86/atmel/studio/7.0/toolchain/avr32/avr32-gnu-toolchain/bin/../lib/gcc/avr32/4.4.7/../../../../avr32/lib/ucr2\libc.a(lib_a-writer.o)
 .debug_aranges
                0x00000f48       0x20 e:/program x86/atmel/studio/7.0/toolchain/avr32/avr32-gnu-toolchain/bin/../lib/gcc/avr32/4.4.7/../../../../avr32/lib/ucr2\libc.a(lib_a-callocr.o)
 .debug_aranges
                0x00000f68       0x20 e:/program x86/atmel/studio/7.0/toolchain/avr32/avr32-gnu-toolchain/bin/../lib/gcc/avr32/4.4.7/../../../../avr32/lib/ucr2\libc.a(lib_a-closer.o)
 .debug_aranges
                0x00000f88       0x28 e:/program x86/atmel/studio/7.0/toolchain/avr32/avr32-gnu-toolchain/bin/../lib/gcc/avr32/4.4.7/../../../../avr32/lib/ucr2\libc.a(lib_a-fclose.o)
 .debug_aranges
                0x00000fb0       0x20 e:/program x86/atmel/studio/7.0/toolchain/avr32/avr32-gnu-toolchain/bin/../lib/gcc/avr32/4.4.7/../../../../avr32/lib/ucr2\libc.a(lib_a-fstatr.o)
 .debug_aranges
                0x00000fd0       0x20 e:/program x86/atmel/studio/7.0/toolchain/avr32/avr32-gnu-toolchain/bin/../lib/gcc/avr32/4.4.7/../../../../avr32/lib/ucr2\libc.a(lib_a-lseekr.o)
 .debug_aranges
                0x00000ff0       0x20 e:/program x86/atmel/studio/7.0/toolchain/avr32/avr32-gnu-toolchain/bin/../lib/gcc/avr32/4.4.7/../../../../avr32/lib/ucr2\libc.a(lib_a-readr.o)
 .debug_aranges
                0x00001010       0x20 e:/program x86/atmel/studio/7.0/toolchain/avr32/avr32-gnu-toolchain/bin/../lib/gcc/avr32/4.4.7/ucr2\libgcc.a(_udivdi3.o)
 .debug_aranges
                0x00001030       0x20 e:/program x86/atmel/studio/7.0/toolchain/avr32/avr32-gnu-toolchain/bin/../lib/gcc/avr32/4.4.7/ucr2\libgcc.a(_umoddi3.o)

.debug_pubnames
                0x00000000     0x2347
 *(.debug_pubnames)
 .debug_pubnames
                0x00000000      0x3f9 src/Application/app/app.o
 .debug_pubnames
                0x000003f9       0xc6 src/Application/radio/ambe.o
 .debug_pubnames
                0x000004bf       0x4b src/Application/radio/payload.o
 .debug_pubnames
                0x0000050a      0x1c9 src/Application/radio/physical.o
 .debug_pubnames
                0x000006d3      0x159 src/Application/radio/ssc.o
 .debug_pubnames
                0x0000082c      0x35d src/Application/radio/xcmp.o
 .debug_pubnames
                0x00000b89      0x11d src/Application/radio/xnl.o
 .debug_pubnames
                0x00000ca6       0x84 src/Application/rtc/rtc.o
 .debug_pubnames
                0x00000d2a       0x40 src/Application/timers/timer.o
 .debug_pubnames
                0x00000d6a      0x330 src/ASF/avr32/drivers/gpio/gpio.o
 .debug_pubnames
                0x0000109a       0x62 src/ASF/avr32/drivers/intc/intc.o
 .debug_pubnames
                0x000010fc      0x227 src/ASF/avr32/drivers/usart/usart.o
 .debug_pubnames
                0x00001323       0x71 src/ASF/thirdparty/freertos/freertos-7.0.0/source/list.o
 .debug_pubnames
                0x00001394       0xf6 src/ASF/thirdparty/freertos/freertos-7.0.0/source/portable/gcc/avr32_uc3/port.o
 .debug_pubnames
                0x0000148a       0x1c src/ASF/thirdparty/freertos/freertos-7.0.0/source/portable/gcc/avr32_uc3/read.o
 .debug_pubnames
                0x000014a6       0x32 src/ASF/thirdparty/freertos/freertos-7.0.0/source/portable/gcc/avr32_uc3/write.o
 .debug_pubnames
                0x000014d8       0x31 src/ASF/thirdparty/freertos/freertos-7.0.0/source/portable/memmang/heap_3.o
 .debug_pubnames
                0x00001509      0x127 src/ASF/thirdparty/freertos/freertos-7.0.0/source/queue.o
 .debug_pubnames
                0x00001630      0x2a6 src/ASF/thirdparty/freertos/freertos-7.0.0/source/tasks.o
 .debug_pubnames
                0x000018d6       0x6b src/Log/log.o
 .debug_pubnames
                0x00001941       0x1b src/main.o
 .debug_pubnames
                0x0000195c       0x26 e:/program x86/atmel/studio/7.0/toolchain/avr32/avr32-gnu-toolchain/bin/../lib/gcc/avr32/4.4.7/../../../../avr32/lib/ucr2\libc.a(lib_a-malloc.o)
 .debug_pubnames
                0x00001982       0xce e:/program x86/atmel/studio/7.0/toolchain/avr32/avr32-gnu-toolchain/bin/../lib/gcc/avr32/4.4.7/../../../../avr32/lib/ucr2\libc.a(lib_a-mallocr.o)
 .debug_pubnames
                0x00001a50       0x1d e:/program x86/atmel/studio/7.0/toolchain/avr32/avr32-gnu-toolchain/bin/../lib/gcc/avr32/4.4.7/../../../../avr32/lib/ucr2\libc.a(lib_a-memset.o)
 .debug_pubnames
                0x00001a6d       0x21 e:/program x86/atmel/studio/7.0/toolchain/avr32/avr32-gnu-toolchain/bin/../lib/gcc/avr32/4.4.7/../../../../avr32/lib/ucr2\libc.a(lib_a-reallocr.o)
 .debug_pubnames
                0x00001a8e       0x1e e:/program x86/atmel/studio/7.0/toolchain/avr32/avr32-gnu-toolchain/bin/../lib/gcc/avr32/4.4.7/../../../../avr32/lib/ucr2\libc.a(lib_a-sbrkr.o)
 .debug_pubnames