Archive member included because of file (symbol)

e:/program x86/atmel/studio/7.0/toolchain/avr32/avr32-gnu-toolchain/bin/../lib/gcc/avr32/4.4.7/../../../../avr32/lib/ucr2\libc.a(lib_a-malloc.o)
                              src/ASF/thirdparty/freertos/freertos-7.0.0/source/portable/memmang/heap_3.o (free)
e:/program x86/atmel/studio/7.0/toolchain/avr32/avr32-gnu-toolchain/bin/../lib/gcc/avr32/4.4.7/../../../../avr32/lib/ucr2\libc.a(lib_a-mallocr.o)
                              e:/program x86/atmel/studio/7.0/toolchain/avr32/avr32-gnu-toolchain/bin/../lib/gcc/avr32/4.4.7/../../../../avr32/lib/ucr2\libc.a(lib_a-malloc.o) (_malloc_r)
e:/program x86/atmel/studio/7.0/toolchain/avr32/avr32-gnu-toolchain/bin/../lib/gcc/avr32/4.4.7/../../../../avr32/lib/ucr2\libc.a(lib_a-memcmp.o)
                              src/Application/voice/voice.o (memcmp)
e:/program x86/atmel/studio/7.0/toolchain/avr32/avr32-gnu-toolchain/bin/../lib/gcc/avr32/4.4.7/../../../../avr32/lib/ucr2\libc.a(lib_a-memcpy.o)
                              src/Application/app/app.o (memcpy)
e:/program x86/atmel/studio/7.0/toolchain/avr32/avr32-gnu-toolchain/bin/../lib/gcc/avr32/4.4.7/../../../../avr32/lib/ucr2\libc.a(lib_a-memset.o)
                              src/Application/radio/physical.o (memset)
e:/program x86/atmel/studio/7.0/toolchain/avr32/avr32-gnu-toolchain/bin/../lib/gcc/avr32/4.4.7/../../../../avr32/lib/ucr2\libc.a(lib_a-realloc.o)
                              src/ASF/thirdparty/freertos/freertos-7.0.0/source/portable/gcc/avr32_uc3/port.o (realloc)
e:/program x86/atmel/studio/7.0/toolchain/avr32/avr32-gnu-toolchain/bin/../lib/gcc/avr32/4.4.7/../../../../avr32/lib/ucr2\libc.a(lib_a-reallocr.o)
                              e:/program x86/atmel/studio/7.0/toolchain/avr32/avr32-gnu-toolchain/bin/../lib/gcc/avr32/4.4.7/../../../../avr32/lib/ucr2\libc.a(lib_a-realloc.o) (_realloc_r)
e:/program x86/atmel/studio/7.0/toolchain/avr32/avr32-gnu-toolchain/bin/../lib/gcc/avr32/4.4.7/../../../../avr32/lib/ucr2\libc.a(lib_a-sbrkr.o)
                              e:/program x86/atmel/studio/7.0/toolchain/avr32/avr32-gnu-toolchain/bin/../lib/gcc/avr32/4.4.7/../../../../avr32/lib/ucr2\libc.a(lib_a-mallocr.o) (_sbrk_r)
e:/program x86/atmel/studio/7.0/toolchain/avr32/avr32-gnu-toolchain/bin/../lib/gcc/avr32/4.4.7/../../../../avr32/lib/ucr2\libc.a(lib_a-sprintf.o)
                              src/Log/log.o (sprintf)
e:/program x86/atmel/studio/7.0/toolchain/avr32/avr32-gnu-toolchain/bin/../lib/gcc/avr32/4.4.7/../../../../avr32/lib/ucr2\libc.a(lib_a-strncpy.o)
                              src/ASF/thirdparty/freertos/freertos-7.0.0/source/tasks.o (strncpy)
e:/program x86/atmel/studio/7.0/toolchain/avr32/avr32-gnu-toolchain/bin/../lib/gcc/avr32/4.4.7/../../../../avr32/lib/ucr2\libc.a(lib_a-syscalls.o)
                              e:/program x86/atmel/studio/7.0/toolchain/avr32/avr32-gnu-toolchain/bin/../lib/gcc/avr32/4.4.7/../../../../avr32/lib/ucr2\libc.a(lib_a-sbrkr.o) (_sbrk)
e:/program x86/atmel/studio/7.0/toolchain/avr32/avr32-gnu-toolchain/bin/../lib/gcc/avr32/4.4.7/../../../../avr32/lib/ucr2\libc.a(lib_a-vfprintf.o)
                              e:/program x86/atmel/studio/7.0/toolchain/avr32/avr32-gnu-toolchain/bin/../lib/gcc/avr32/4.4.7/../../../../avr32/lib/ucr2\libc.a(lib_a-sprintf.o) (_vfprintf_r)
e:/program x86/atmel/studio/7.0/toolchain/avr32/avr32-gnu-toolchain/bin/../lib/gcc/avr32/4.4.7/../../../../avr32/lib/ucr2\libc.a(lib_a-wsetup.o)
                              e:/program x86/atmel/studio/7.0/toolchain/avr32/avr32-gnu-toolchain/bin/../lib/gcc/avr32/4.4.7/../../../../avr32/lib/ucr2\libc.a(lib_a-vfprintf.o) (__swsetup_r)
e:/program x86/atmel/studio/7.0/toolchain/avr32/avr32-gnu-toolchain/bin/../lib/gcc/avr32/4.4.7/../../../../avr32/lib/ucr2\libc.a(lib_a-dtoa.o)
                              e:/program x86/atmel/studio/7.0/toolchain/avr32/avr32-gnu-toolchain/bin/../lib/gcc/avr32/4.4.7/../../../../avr32/lib/ucr2\libc.a(lib_a-vfprintf.o) (_dtoa_r)
e:/program x86/atmel/studio/7.0/toolchain/avr32/avr32-gnu-toolchain/bin/../lib/gcc/avr32/4.4.7/../../../../avr32/lib/ucr2\libc.a(lib_a-errno.o)
                              e:/program x86/atmel/studio/7.0/toolchain/avr32/avr32-gnu-toolchain/bin/../lib/gcc/avr32/4.4.7/../../../../avr32/lib/ucr2\libc.a(lib_a-syscalls.o) (__errno)
e:/program x86/atmel/studio/7.0/toolchain/avr32/avr32-gnu-toolchain/bin/../lib/gcc/avr32/4.4.7/../../../../avr32/lib/ucr2\libc.a(lib_a-fflush.o)
                              e:/program x86/atmel/studio/7.0/toolchain/avr32/avr32-gnu-toolchain/bin/../lib/gcc/avr32/4.4.7/../../../../avr32/lib/ucr2\libc.a(lib_a-vfprintf.o) (_fflush_r)
e:/program x86/atmel/studio/7.0/toolchain/avr32/avr32-gnu-toolchain/bin/../lib/gcc/avr32/4.4.7/../../../../avr32/lib/ucr2\libc.a(lib_a-findfp.o)
                              e:/program x86/atmel/studio/7.0/toolchain/avr32/avr32-gnu-toolchain/bin/../lib/gcc/avr32/4.4.7/../../../../avr32/lib/ucr2\libc.a(lib_a-vfprintf.o) (__sinit)
[...]
Memory Configuration

Name             Origin             Length             Attributes
FLASH            0x80000000         0x00080000         axrl !w
CPUSRAM          0x00000004         0x00017ffc         axw !rl
USERPAGE         0x80800000         0x00000200
FACTORYPAGE      0x80800200         0x00000200
*default*        0x00000000         0xffffffff

Linker script and memory map

                0x00001000                _stack_size = 0x1000
LOAD src/Application/app/app.o
LOAD src/Application/flash/data_flash.o
LOAD src/Application/myrtc/xgrtc.o
LOAD src/Application/radio/ambe.o
LOAD src/Application/radio/AMBE_audio.o
LOAD src/Application/radio/AMBE_audio_2.o
LOAD src/Application/radio/audio.o
LOAD src/Application/radio/payload.o
LOAD src/Application/radio/physical.o
LOAD src/Application/radio/ssc.o
LOAD src/Application/radio/xcmp.o
LOAD src/Application/radio/xnl.o
LOAD src/Application/RFID/MFRC522/rc522.o
LOAD src/Application/RFID/RFID.o
LOAD src/Application/timers/timer.o
LOAD src/Application/voice/voice.o
LOAD src/Application/xgflash/xgflash.o
LOAD src/ASF/avr32/drivers/flashc/flashc.o
LOAD src/ASF/avr32/drivers/gpio/gpio.o
LOAD src/ASF/avr32/drivers/intc/intc.o
LOAD src/ASF/avr32/drivers/pm/pm.o
LOAD src/ASF/avr32/drivers/pm/pm_conf_clocks.o
LOAD src/ASF/avr32/drivers/pm/power_clocks_lib.o
LOAD src/ASF/avr32/drivers/rtc/rtc.o
LOAD src/ASF/avr32/drivers/spi/spi.o
LOAD src/ASF/avr32/drivers/tc/tc.o
LOAD src/ASF/avr32/drivers/twi/twi.o
LOAD src/ASF/avr32/drivers/usart/usart.o
LOAD src/ASF/avr32/utils/startup/startup_uc3.o
LOAD src/ASF/avr32/utils/startup/trampoline_uc3.o
LOAD src/ASF/common/boards/user_board/init.o
LOAD src/ASF/common/services/clock/uc3b0_b1/sysclk.o
LOAD src/ASF/common/services/spi/uc3_spi/spi_master.o
LOAD src/ASF/common/services/spi/uc3_usart_spi/usart_spi.o
LOAD src/ASF/thirdparty/freertos/freertos-7.0.0/source/croutine.o
LOAD src/ASF/thirdparty/freertos/freertos-7.0.0/source/list.o
LOAD src/ASF/thirdparty/freertos/freertos-7.0.0/source/portable/gcc/avr32_uc3/exception.o
LOAD src/ASF/thirdparty/freertos/freertos-7.0.0/source/portable/gcc/avr32_uc3/port.o
LOAD src/ASF/thirdparty/freertos/freertos-7.0.0/source/portable/gcc/avr32_uc3/read.o
LOAD src/ASF/thirdparty/freertos/freertos-7.0.0/source/portable/gcc/avr32_uc3/write.o
LOAD src/ASF/thirdparty/freertos/freertos-7.0.0/source/portable/memmang/heap_3.o
LOAD src/ASF/thirdparty/freertos/freertos-7.0.0/source/queue.o
LOAD src/ASF/thirdparty/freertos/freertos-7.0.0/source/tasks.o
LOAD src/Log/log.o
LOAD src/main.o
START GROUP
LOAD e:/program x86/atmel/studio/7.0/toolchain/avr32/avr32-gnu-toolchain/bin/../lib/gcc/avr32/4.4.7/../../../../avr32/lib/ucr2\libm.a
END GROUP
LOAD e:/program x86/atmel/studio/7.0/toolchain/avr32/avr32-gnu-toolchain/bin/../lib/gcc/avr32/4.4.7/ucr2\libgcc.a
LOAD e:/program x86/atmel/studio/7.0/toolchain/avr32/avr32-gnu-toolchain/bin/../lib/gcc/avr32/4.4.7/../../../../avr32/lib/ucr2\libc.a
LOAD e:/program x86/atmel/studio/7.0/toolchain/avr32/avr32-gnu-toolchain/bin/../lib/gcc/avr32/4.4.7/ucr2\libgcc.a
                0x80000000                PROVIDE (__executable_start, 0x80000000)
                0x80000000                . = 0x80000000

.interp
 *(.interp)

.reset          0x80000000     0x2004
 *(.reset)
 .reset         0x80000000     0x2004 src/ASF/avr32/utils/startup/trampoline_uc3.o
                               0x2008 (size before relaxing)
                0x80000000                _trampoline

.hash
 *(.hash)

.dynsym
 *(.dynsym)

.dynstr
 *(.dynstr)

.gnu.version
 *(.gnu.version)

.gnu.version_d
 *(.gnu.version_d)

.gnu.version_r
 *(.gnu.version_r)

.rel.init
 *(.rel.init)

.rela.init
 *(.rela.init)

.rel.text
 *(.rel.text .rel.text.* .rel.gnu.linkonce.t.*)

.rela.text
 *(.rela.text .rela.text.* .rela.gnu.linkonce.t.*)

.rel.fini
 *(.rel.fini)

.rela.fini
 *(.rela.fini)

.rel.rodata
 *(.rel.rodata .rel.rodata.* .rel.gnu.linkonce.r.*)

.rela.rodata
 *(.rela.rodata .rela.rodata.* .rela.gnu.linkonce.r.*)

.rel.data.rel.ro
 *(.rel.data.rel.ro*)

.rela.data.rel.ro
 *(.rel.data.rel.ro*)

.rel.data
 *(.rel.data .rel.data.* .rel.gnu.linkonce.d.*)

.rela.data
 *(.rela.data .rela.data.* .rela.gnu.linkonce.d.*)

.rel.tdata
 *(.rel.tdata .rel.tdata.* .rel.gnu.linkonce.td.*)

.rela.tdata
 *(.rela.tdata .rela.tdata.* .rela.gnu.linkonce.td.*)

.rel.tbss
 *(.rel.tbss .rel.tbss.* .rel.gnu.linkonce.tb.*)

.rela.tbss
 *(.rela.tbss .rela.tbss.* .rela.gnu.linkonce.tb.*)

.rel.ctors
 *(.rel.ctors)

.rela.ctors
 *(.rela.ctors)

.rel.dtors
 *(.rel.dtors)

.rela.dtors
 *(.rela.dtors)

.rel.got
 *(.rel.got)

.rela.got       0x80002004        0x0
 *(.rela.got)
 .rela.got      0x80002004        0x0 src/Application/app/app.o

.rel.bss
 *(.rel.bss .rel.bss.* .rel.gnu.linkonce.b.*)

.rela.bss
 *(.rela.bss .rela.bss.* .rela.gnu.linkonce.b.*)

.rel.plt
 *(.rel.plt)

.rela.plt
 *(.rela.plt)

.init
 *(.init)

.plt
 *(.plt)

.text           0x80002004     0xacdc
 *(.text .stub .text.* .gnu.linkonce.t.*)
 .text.DeviceManagement_brdcst_func
                0x80002004       0x24 src/Application/app/app.o
                0x80002004                DeviceManagement_brdcst_func
 .text.Volume_brdcst_func
                0x80002028        0x2 src/Application/app/app.o
                0x80002028                Volume_brdcst_func
 .text.AudioRoutingControl_brdcst_func
                0x8000202a        0x2 src/Application/app/app.o
                0x8000202a                AudioRoutingControl_brdcst_func
 .text.vApplicationIdleHook
                0x8000202c       0x10 src/Application/app/app.o
                0x8000202c                vApplicationIdleHook
 .text.app_init
                0x8000203c       0x54 src/Application/app/app.o
                0x8000203c                app_init
 .text.app_payload_tx_proc
                0x80002090       0x14 src/Application/app/app.o
 .text.app_payload_rx_proc
                0x800020a4       0x34 src/Application/app/app.o
 .text.FD_brdcst_func
                0x800020d8       0x14 src/Application/app/app.o
                0x800020d8                FD_brdcst_func
 .text.FD_reply_func
                0x800020ec       0x14 src/Application/app/app.o
                0x800020ec                FD_reply_func
 .text.FD_request_func
                0x80002100       0x14 src/Application/app/app.o
                0x80002100                FD_request_func
 .text.EnOB_brdcst_func
                0x80002114       0x14 src/Application/app/app.o
                0x80002114                EnOB_brdcst_func
 .text.EnOB_reply_func
                0x80002128       0x70 src/Application/app/app.o
                0x80002128                EnOB_reply_func
 .text.SingleDetection_brdcst_func
                0x80002198       0x1c src/Application/app/app.o
                0x80002198                SingleDetection_brdcst_func
 .text.ButtonConfig_brdcst_func
                0x800021b4       0xdc src/Application/app/app.o
                0x800021b4                ButtonConfig_brdcst_func
 .text.ButtonConfig_reply_func
                0x80002290       0x44 src/Application/app/app.o
                0x80002290                ButtonConfig_reply_func
 .text.DataSession_reply_func
                0x800022d4       0x7c src/Application/app/app.o
                0x800022d4                DataSession_reply_func
 .text.CallControl_brdcst_func
                0x80002350       0x44 src/Application/app/app.o
                0x80002350                CallControl_brdcst_func
 .text.TransmitControl_brdcst_func
                0x80002394       0x48 src/Application/app/app.o
                0x80002394                TransmitControl_brdcst_func
 .text.TransmitControl_reply_func
                0x800023dc       0x60 src/Application/app/app.o
                0x800023dc                TransmitControl_reply_func
 .text.AudioRoutingControl_reply_func
                0x8000243c       0x28 src/Application/app/app.o
                0x8000243c                AudioRoutingControl_reply_func
 .text.Volume_reply_func
                0x80002464       0x64 src/Application/app/app.o
                0x80002464                Volume_reply_func
 .text.spk_brdcst_func
                0x800024c8       0x38 src/Application/app/app.o
                0x800024c8                spk_brdcst_func
 .text.spk_reply_func
                0x80002500       0x48 src/Application/app/app.o
                0x80002500                spk_reply_func
 .text.mic_brdcst_func
                0x80002548       0x58 src/Application/app/app.o
                0x80002548                mic_brdcst_func
 .text.mic_reply_func
                0x800025a0       0x94 src/Application/app/app.o
                0x800025a0                mic_reply_func
 .text.dcm_brdcst_func
                0x80002634       0x48 src/Application/app/app.o
                0x80002634                dcm_brdcst_func
 .text.dcm_reply_func
                0x8000267c       0x68 src/Application/app/app.o
                0x8000267c                dcm_reply_func
 .text.ToneControl_reply_func
                0x800026e4       0x28 src/Application/app/app.o
                0x800026e4                ToneControl_reply_func
 .text.app_cfg  0x8000270c       0xcc src/Application/app/app.o
 .text.Phyuserinput_brdcst_func
                0x800027d8       0x58 src/Application/app/app.o
                0x800027d8                Phyuserinput_brdcst_func
 .text.DataSession_brdcst_func
                0x80002830      0x160 src/Application/app/app.o
                0x80002830                DataSession_brdcst_func
 .text.DeviceInitializationStatus_brdcst_func
                0x80002990       0x38 src/Application/app/app.o
                0x80002990                DeviceInitializationStatus_brdcst_func
 .text.xg_rtc_init
                0x800029c8       0x80 src/Application/myrtc/xgrtc.o
                0x800029c8                xg_rtc_init
 .text.rtc_irq  0x80002a48       0xf0 src/Application/myrtc/xgrtc.o
                0x80002a48                rtc_irq
 .text.CalculateBurst
                0x80002b38       0x1c src/Application/radio/ambe.o
                0x80002b38                CalculateBurst
 .text.payload_init
                0x80002b54       0x14 src/Application/radio/payload.o
                0x80002b54                payload_init
 .text.set_idle_store_isr
                0x80002b68       0x1c src/Application/radio/physical.o
                0x80002b68                set_idle_store_isr
 .text.payload_rx
                0x80002b84       0x18 src/Application/radio/physical.o
 .text.phy_rx   0x80002b9c       0x38 src/Application/radio/physical.o
                0x80002b9c                phy_rx
 .text.set_idle_store
                0x80002bd4       0x20 src/Application/radio/physical.o
                0x80002bd4                set_idle_store
 .text.phy_tx   0x80002bf4       0x5c src/Application/radio/physical.o
                0x80002bf4                phy_tx
 .text.get_idle_store_isr
                0x80002c50       0x28 src/Application/radio/physical.o
                0x80002c50                get_idle_store_isr
 .text.phy_tx_func
                0x80002c78      0x108 src/Application/radio/physical.o
 .text.get_idle_store
                0x80002d80       0x28 src/Application/radio/physical.o
                0x80002d80                get_idle_store
 .text.phy_init
                0x80002da8       0x28 src/Application/radio/physical.o
                0x80002da8                phy_init
 .text.phy_rx_func
                0x80002dd0      0xf24 src/Application/radio/physical.o
 .text.pdca_int_handler
                0x80003cf4       0x8c src/Application/radio/ssc.o
 .text.local_start_SSC
                0x80003d80       0x44 src/Application/radio/ssc.o
                0x80003d80                local_start_SSC
 .text.local_start_PDC
                0x80003dc4       0x6c src/Application/radio/ssc.o
                0x80003dc4                local_start_PDC
 .text.register_rx_tx_func
                0x80003e30       0x14 src/Application/radio/ssc.o
                0x80003e30                register_rx_tx_func
 .text.ssc_init
                0x80003e44       0x74 src/Application/radio/ssc.o
                0x80003e44                ssc_init
 .text.xcmp_register_app_list
                0x80003eb8        0xc src/Application/radio/xcmp.o
                0x80003eb8                xcmp_register_app_list
 .text.xcmp_tx  0x80003ec4       0x48 src/Application/radio/xcmp.o
 .text.xcmp_data_session_req
                0x80003f0c       0x8c src/Application/radio/xcmp.o
                0x80003f0c                xcmp_data_session_req
 .text.xcmp_DeviceInitializationStatus_request
                0x80003f98       0x40 src/Application/radio/xcmp.o
                0x80003f98                xcmp_DeviceInitializationStatus_request
 .text.xcmp_opcode_not_supported
                0x80003fd8       0x24 src/Application/radio/xcmp.o
                0x80003fd8                xcmp_opcode_not_supported
 .text.xcmp_exec_func
                0x80003ffc       0x48 src/Application/radio/xcmp.o
 .text.xcmp_IdleTestTone
                0x80004044       0x60 src/Application/radio/xcmp.o
                0x80004044                xcmp_IdleTestTone
 .text.xcmp_init
                0x800040a4       0x54 src/Application/radio/xcmp.o
                0x800040a4                xcmp_init
 .text.xcmp_rx_process
                0x800040f8       0xfc src/Application/radio/xcmp.o
 .text.xcmp_rx  0x800041f4       0x4c src/Application/radio/xcmp.o
 .text.xnl_register_xcmp_func
                0x80004240        0xc src/Application/radio/xnl.o
                0x80004240                xnl_register_xcmp_func
 .text.xnl_get_msg_ack_func
                0x8000424c       0x2c src/Application/radio/xnl.o
                0x8000424c                xnl_get_msg_ack_func
 .text.xnl_init
                0x80004278      0x12c src/Application/radio/xnl.o
                0x80004278                xnl_init
 .text.xnl_rx_process
                0x800043a4       0x60 src/Application/radio/xnl.o
 .text.xnl_tx_process
                0x80004404       0xcc src/Application/radio/xnl.o
 .text.xnl_tx   0x800044d0       0xe4 src/Application/radio/xnl.o
                0x800044d0                xnl_tx
 .text.xnl_data_msg_func
                0x800045b4       0x60 src/Application/radio/xnl.o
                0x800045b4                xnl_data_msg_func
 .text.xnl_device_auth_reply_func
                0x80004614      0x120 src/Application/radio/xnl.o
                0x80004614                xnl_device_auth_reply_func
 .text.xnl_master_status_brdcst_func
                0x80004734       0x60 src/Application/radio/xnl.o
                0x80004734                xnl_master_status_brdcst_func
 .text.xnl_device_conn_reply_func
                0x80004794       0x5c src/Application/radio/xnl.o
                0x80004794                xnl_device_conn_reply_func
 .text.xnl_send_device_master_query
                0x800047f0       0x30 src/Application/radio/xnl.o
                0x800047f0                xnl_send_device_master_query
 .text.RC522_SPI_SetSpeed
                0x80004820       0x24 src/Application/RFID/MFRC522/rc522.o
                0x80004820                RC522_SPI_SetSpeed
 .text.RC522_SPI_SetSpeedLow
                0x80004844       0x10 src/Application/RFID/MFRC522/rc522.o
                0x80004844                RC522_SPI_SetSpeedLow
 .text.RC522_ReadByte
                0x80004854       0x44 src/Application/RFID/MFRC522/rc522.o
                0x80004854                RC522_ReadByte
 .text.RC522_WriteByte
                0x80004898       0x4c src/Application/RFID/MFRC522/rc522.o
                0x80004898                RC522_WriteByte
 .text.WriteRawRC
                0x800048e4       0x38 src/Application/RFID/MFRC522/rc522.o
                0x800048e4                WriteRawRC
 .text.PcdReset
                0x8000491c       0x80 src/Application/RFID/MFRC522/rc522.o
                0x8000491c                PcdReset
 .text.ReadRawRC
                0x8000499c       0x40 src/Application/RFID/MFRC522/rc522.o
                0x8000499c                ReadRawRC
 .text.SetBitMask
                0x800049dc       0x24 src/Application/RFID/MFRC522/rc522.o
                0x800049dc                SetBitMask
 .text.PcdAntennaOn
                0x80004a00       0x20 src/Application/RFID/MFRC522/rc522.o
                0x80004a00                PcdAntennaOn
 .text.ClearBitMask
                0x80004a20       0x28 src/Application/RFID/MFRC522/rc522.o
                0x80004a20                ClearBitMask
 .text.PcdAntennaOff
                0x80004a48       0x10 src/Application/RFID/MFRC522/rc522.o
                0x80004a48                PcdAntennaOff
 .text.M500PcdConfigISOType
                0x80004a58       0x70 src/Application/RFID/MFRC522/rc522.o
                0x80004a58                M500PcdConfigISOType
 .text.rc522_init
                0x80004ac8       0xd0 src/Application/RFID/MFRC522/rc522.o
                0x80004ac8                rc522_init
 .text.PcdComMF522
                0x80004b98      0x178 src/Application/RFID/MFRC522/rc522.o
                0x80004b98                PcdComMF522
 .text.PcdAnticoll
                0x80004d10       0x84 src/Application/RFID/MFRC522/rc522.o
                0x80004d10                PcdAnticoll
 .text.PcdRequest
                0x80004d94       0x64 src/Application/RFID/MFRC522/rc522.o
                0x80004d94                PcdRequest
 .text.CalulateCRC
                0x80004df8       0x8c src/Application/RFID/MFRC522/rc522.o
                0x80004df8                CalulateCRC
 .text.PcdSelect
                0x80004e84       0x74 src/Application/RFID/MFRC522/rc522.o
                0x80004e84                PcdSelect
 .text.rfid_auto_reader
                0x80004ef8      0x120 src/Application/RFID/RFID.o
                0x80004ef8                rfid_auto_reader
 .text.rfid_sendID_message
                0x80005018      0x170 src/Application/RFID/RFID.o
                0x80005018                rfid_sendID_message
 .text.rfid_init
                0x80005188        0xc src/Application/RFID/RFID.o
                0x80005188                rfid_init
 .text.delay_ns
                0x80005194       0x16 src/Application/timers/timer.o
                0x80005194                delay_ns
 *fill*         0x800051aa        0x2 d703d703
 .text.delay_us
                0x800051ac       0x28 src/Application/timers/timer.o
                0x800051ac                delay_us
 .text.delay_ms
                0x800051d4       0x28 src/Application/timers/timer.o
                0x800051d4                delay_ms
 .text.local_start_timer
                0x800051fc       0x2c src/Application/timers/timer.o
                0x800051fc                local_start_timer
 .text.local_start_pll0
                0x80005228       0x94 src/Application/timers/timer.o
                0x80005228                local_start_pll0
 .text.xg_flashc_init
                0x800052bc       0x98 src/Application/xgflash/xgflash.o
                0x800052bc                xg_flashc_init
 .text.flashc_set_wait_state
                0x80005354        0xe src/ASF/avr32/drivers/flashc/flashc.o
                0x80005354                flashc_set_wait_state
 .text.gpio_enable_module_pin
                0x80005362       0x52 src/ASF/avr32/drivers/gpio/gpio.o
                0x80005362                gpio_enable_module_pin
 .text.gpio_enable_module
                0x800053b4       0x30 src/ASF/avr32/drivers/gpio/gpio.o
                0x800053b4                gpio_enable_module
 .text.gpio_enable_gpio_pin
                0x800053e4       0x18 src/ASF/avr32/drivers/gpio/gpio.o
                0x800053e4                gpio_enable_gpio_pin
 .text.gpio_set_gpio_pin
                0x800053fc       0x1c src/ASF/avr32/drivers/gpio/gpio.o
                0x800053fc                gpio_set_gpio_pin
 .text.gpio_clr_gpio_pin
                0x80005418       0x1c src/ASF/avr32/drivers/gpio/gpio.o
                0x80005418                gpio_clr_gpio_pin
 .text._unhandled_interrupt
                0x80005434        0x2 src/ASF/avr32/drivers/intc/intc.o
 *fill*         0x80005436        0x2 d703d703
 .text.INTC_register_interrupt
                0x80005438       0x80 src/ASF/avr32/drivers/intc/intc.o
                0x80005438                INTC_register_interrupt
 .text.INTC_init_interrupts
                0x800054b8       0x54 src/ASF/avr32/drivers/intc/intc.o
                0x800054b8                INTC_init_interrupts
 .text._get_interrupt_handler
                0x8000550c       0x38 src/ASF/avr32/drivers/intc/intc.o
                0x8000550c                _get_interrupt_handler
 .text.pm_set_osc0_mode
                0x80005544        0xa src/ASF/avr32/drivers/pm/pm.o
 *fill*         0x8000554e        0x2 d703d703
 .text.pm_enable_osc0_crystal
                0x80005550       0x3c src/ASF/avr32/drivers/pm/pm.o
                0x80005550                pm_enable_osc0_crystal
 .text.pm_enable_clk0_no_wait
                0x8000558c       0x10 src/ASF/avr32/drivers/pm/pm.o
                0x8000558c                pm_enable_clk0_no_wait
 .text.pm_wait_for_clk0_ready
                0x8000559c        0xa src/ASF/avr32/drivers/pm/pm.o
                0x8000559c                pm_wait_for_clk0_ready
 *fill*         0x800055a6        0x2 d703d703
 .text.pm_enable_clk0
                0x800055a8       0x1c src/ASF/avr32/drivers/pm/pm.o
                0x800055a8                pm_enable_clk0
 .text.pm_set_osc32_mode
                0x800055c4        0xa src/ASF/avr32/drivers/pm/pm.o
 *fill*         0x800055ce        0x2 d703d703
 .text.pm_enable_osc32_crystal
                0x800055d0       0x10 src/ASF/avr32/drivers/pm/pm.o
                0x800055d0                pm_enable_osc32_crystal
 .text.pm_enable_clk32_no_wait
                0x800055e0       0x10 src/ASF/avr32/drivers/pm/pm.o
                0x800055e0                pm_enable_clk32_no_wait
 .text.pm_wait_for_clk32_ready
                0x800055f0        0xa src/ASF/avr32/drivers/pm/pm.o
                0x800055f0                pm_wait_for_clk32_ready
 *fill*         0x800055fa        0x2 d703d703
 .text.pm_enable_clk32
                0x800055fc       0x1c src/ASF/avr32/drivers/pm/pm.o
                0x800055fc                pm_enable_clk32
 .text.pm_cksel
                0x80005618       0x46 src/ASF/avr32/drivers/pm/pm.o
                0x80005618                pm_cksel
 .text.pm_pll_setup
                0x8000565e       0x22 src/ASF/avr32/drivers/pm/pm.o
                0x8000565e                pm_pll_setup
 .text.pm_pll_set_option
                0x80005680       0x1a src/ASF/avr32/drivers/pm/pm.o
                0x80005680                pm_pll_set_option
 .text.pm_pll_enable
                0x8000569a        0xe src/ASF/avr32/drivers/pm/pm.o
                0x8000569a                pm_pll_enable
 .text.pm_wait_for_pll0_locked
                0x800056a8        0xa src/ASF/avr32/drivers/pm/pm.o
                0x800056a8                pm_wait_for_pll0_locked
 .text.pm_switch_to_clock
                0x800056b2        0xa src/ASF/avr32/drivers/pm/pm.o
                0x800056b2                pm_switch_to_clock
 .text.pm_switch_to_osc0
                0x800056bc       0x2c src/ASF/avr32/drivers/pm/pm.o
                0x800056bc                pm_switch_to_osc0
 .text.rtc_is_busy
                0x800056e8        0x8 src/ASF/avr32/drivers/rtc/rtc.o
                0x800056e8                rtc_is_busy
 .text.rtc_set_value
                0x800056f0       0x24 src/ASF/avr32/drivers/rtc/rtc.o
                0x800056f0                rtc_set_value
 .text.rtc_enable
                0x80005714       0x24 src/ASF/avr32/drivers/rtc/rtc.o
                0x80005714                rtc_enable
 .text.rtc_enable_interrupt
                0x80005738        0x6 src/ASF/avr32/drivers/rtc/rtc.o
                0x80005738                rtc_enable_interrupt
 *fill*         0x8000573e        0x2 d703d703
 .text.rtc_set_top_value
                0x80005740       0x24 src/ASF/avr32/drivers/rtc/rtc.o
                0x80005740                rtc_set_top_value
 .text.rtc_clear_interrupt
                0x80005764       0x1e src/ASF/avr32/drivers/rtc/rtc.o
                0x80005764                rtc_clear_interrupt
 *fill*         0x80005782        0x2 d703d703
 .text.rtc_init
                0x80005784       0x80 src/ASF/avr32/drivers/rtc/rtc.o
                0x80005784                rtc_init
 .text.getBaudDiv
                0x80005804       0x20 src/ASF/avr32/drivers/spi/spi.o
                0x80005804                getBaudDiv
 .text.spi_initMaster
                0x80005824       0x38 src/ASF/avr32/drivers/spi/spi.o
                0x80005824                spi_initMaster
 .text.spi_selectionMode
                0x8000585c       0x2c src/ASF/avr32/drivers/spi/spi.o
                0x8000585c                spi_selectionMode
 .text.spi_enable
                0x80005888        0x6 src/ASF/avr32/drivers/spi/spi.o
                0x80005888                spi_enable
 .text.spi_write
                0x8000588e       0x1c src/ASF/avr32/drivers/spi/spi.o
                0x8000588e                spi_write
 .text.spi_read
                0x800058aa       0x20 src/ASF/avr32/drivers/spi/spi.o
                0x800058aa                spi_read
 *fill*         0x800058ca        0x2 d703d703
 .text.spi_setupChipReg
                0x800058cc       0xe8 src/ASF/avr32/drivers/spi/spi.o
                0x800058cc                spi_setupChipReg
 .text.spi_unselectChip
                0x800059b4       0x40 src/ASF/avr32/drivers/spi/spi.o
                0x800059b4                spi_unselectChip
 .text.spi_selectChip
                0x800059f4       0x78 src/ASF/avr32/drivers/spi/spi.o
                0x800059f4                spi_selectChip
 .text.usart_set_async_baudrate
                0x80005a6c       0x5a src/ASF/avr32/drivers/usart/usart.o
 .text.usart_write_char
                0x80005ac6       0x14 src/ASF/avr32/drivers/usart/usart.o
                0x80005ac6                usart_write_char
 *fill*         0x80005ada        0x2 d703d703
 .text.usart_putchar
                0x80005adc       0x2c src/ASF/avr32/drivers/usart/usart.o
                0x80005adc                usart_putchar
 .text.usart_read_char
                0x80005b08       0x22 src/ASF/avr32/drivers/usart/usart.o
                0x80005b08                usart_read_char
 *fill*         0x80005b2a        0x2 d703d703
 .text.usart_getchar
                0x80005b2c       0x2c src/ASF/avr32/drivers/usart/usart.o
                0x80005b2c                usart_getchar
 .text.usart_write_line
                0x80005b58       0x24 src/ASF/avr32/drivers/usart/usart.o
                0x80005b58                usart_write_line
 .text.usart_reset
                0x80005b7c       0x2c src/ASF/avr32/drivers/usart/usart.o
                0x80005b7c                usart_reset
 .text.usart_init_rs232
                0x80005ba8       0xcc src/ASF/avr32/drivers/usart/usart.o
                0x80005ba8                usart_init_rs232
 .text._stext   0x80005c74       0x40 src/ASF/avr32/utils/startup/startup_uc3.o
                                 0x50 (size before relaxing)
                0x80005c74                _stext
 .text.vListInitialise
                0x80005cb4       0x14 src/ASF/thirdparty/freertos/freertos-7.0.0/source/list.o
                0x80005cb4                vListInitialise
 .text.vListInitialiseItem
                0x80005cc8        0x6 src/ASF/thirdparty/freertos/freertos-7.0.0/source/list.o
                0x80005cc8                vListInitialiseItem
 .text.vListInsertEnd
                0x80005cce       0x1c src/ASF/thirdparty/freertos/freertos-7.0.0/source/list.o
                0x80005cce                vListInsertEnd
 .text.vListInsert
                0x80005cea       0x34 src/ASF/thirdparty/freertos/freertos-7.0.0/source/list.o
                0x80005cea                vListInsert
 .text.vListRemove
                0x80005d1e       0x26 src/ASF/thirdparty/freertos/freertos-7.0.0/source/list.o
                0x80005d1e                vListRemove
 .text.pxPortInitialiseStack
                0x80005d44       0x92 src/ASF/thirdparty/freertos/freertos-7.0.0/source/portable/gcc/avr32_uc3/port.o
                0x80005d44                pxPortInitialiseStack
 *fill*         0x80005dd6        0x2 d703d703
 .text.vPortEnterCritical
                0x80005dd8       0x10 src/ASF/thirdparty/freertos/freertos-7.0.0/source/portable/gcc/avr32_uc3/port.o
                0x80005dd8                vPortEnterCritical
 .text.xPortStartScheduler
                0x80005de8       0x58 src/ASF/thirdparty/freertos/freertos-7.0.0/source/portable/gcc/avr32_uc3/port.o
                0x80005de8                xPortStartScheduler
 .text.SCALLYield
                0x80005e40       0x98 src/ASF/thirdparty/freertos/freertos-7.0.0/source/portable/gcc/avr32_uc3/port.o
                0x80005e40                SCALLYield
 .text.prvClearCcInt
                0x80005ed8        0xa src/ASF/thirdparty/freertos/freertos-7.0.0/source/portable/gcc/avr32_uc3/port.o
 *fill*         0x80005ee2        0x2 d703d703
 .text.vPortExitCritical
                0x80005ee4       0x20 src/ASF/thirdparty/freertos/freertos-7.0.0/source/portable/gcc/avr32_uc3/port.o
                0x80005ee4                vPortExitCritical
 .text.vTick    0x80005f04       0x84 src/ASF/thirdparty/freertos/freertos-7.0.0/source/portable/gcc/avr32_uc3/port.o
 .text.__malloc_lock
                0x80005f88        0xc src/ASF/thirdparty/freertos/freertos-7.0.0/source/portable/gcc/avr32_uc3/port.o
                0x80005f88                __malloc_lock
 .text.__malloc_unlock
                0x80005f94        0xc src/ASF/thirdparty/freertos/freertos-7.0.0/source/portable/gcc/avr32_uc3/port.o
                0x80005f94                __malloc_unlock
 .text._read    0x80005fa0       0x40 src/ASF/thirdparty/freertos/freertos-7.0.0/source/portable/gcc/avr32_uc3/read.o
                0x80005fa0                _read
 .text._write   0x80005fe0       0x3c src/ASF/thirdparty/freertos/freertos-7.0.0/source/portable/gcc/avr32_uc3/write.o
                0x80005fe0                _write
 .text.vPortFree
                0x8000601c       0x28 src/ASF/thirdparty/freertos/freertos-7.0.0/source/portable/memmang/heap_3.o
                0x8000601c                vPortFree
 .text.pvPortMalloc
                0x80006044       0x28 src/ASF/thirdparty/freertos/freertos-7.0.0/source/portable/memmang/heap_3.o
                0x80006044                pvPortMalloc
 .text.prvCopyDataFromQueue
                0x8000606c       0x30 src/ASF/thirdparty/freertos/freertos-7.0.0/source/queue.o
 .text.xQueueReceiveFromISR
                0x8000609c       0x50 src/ASF/thirdparty/freertos/freertos-7.0.0/source/queue.o
                0x8000609c                xQueueReceiveFromISR
 .text.prvUnlockQueue
                0x800060ec       0xa0 src/ASF/thirdparty/freertos/freertos-7.0.0/source/queue.o
 .text.xQueueGenericReceive
                0x8000618c      0x144 src/ASF/thirdparty/freertos/freertos-7.0.0/source/queue.o
                0x8000618c                xQueueGenericReceive
 .text.prvCopyDataToQueue
                0x800062d0       0x78 src/ASF/thirdparty/freertos/freertos-7.0.0/source/queue.o
 .text.xQueueGenericSendFromISR
                0x80006348       0x50 src/ASF/thirdparty/freertos/freertos-7.0.0/source/queue.o
                0x80006348                xQueueGenericSendFromISR
 .text.xQueueGenericSend
                0x80006398      0x100 src/ASF/thirdparty/freertos/freertos-7.0.0/source/queue.o
                0x80006398                xQueueGenericSend
 .text.xQueueCreateMutex
                0x80006498       0x58 src/ASF/thirdparty/freertos/freertos-7.0.0/source/queue.o
                0x80006498                xQueueCreateMutex
 .text.xQueueCreate
                0x800064f0       0x74 src/ASF/thirdparty/freertos/freertos-7.0.0/source/queue.o
                0x800064f0                xQueueCreate
 .text.vTaskSuspendAll
                0x80006564       0x10 src/ASF/thirdparty/freertos/freertos-7.0.0/source/tasks.o
                0x80006564                vTaskSuspendAll
 .text.vTaskSwitchContext
                0x80006574       0x7c src/ASF/thirdparty/freertos/freertos-7.0.0/source/tasks.o
                0x80006574                vTaskSwitchContext
 .text.vTaskSetTimeOutState
                0x800065f0       0x18 src/ASF/thirdparty/freertos/freertos-7.0.0/source/tasks.o
                0x800065f0                vTaskSetTimeOutState
 .text.vTaskMissedYield
                0x80006608        0xc src/ASF/thirdparty/freertos/freertos-7.0.0/source/tasks.o
                0x80006608                vTaskMissedYield
 .text.xTaskGetCurrentTaskHandle
                0x80006614        0xc src/ASF/thirdparty/freertos/freertos-7.0.0/source/tasks.o
                0x80006614                xTaskGetCurrentTaskHandle
 .text.vTaskPriorityDisinherit
                0x80006620       0x58 src/ASF/thirdparty/freertos/freertos-7.0.0/source/tasks.o
                0x80006620                vTaskPriorityDisinherit
 .text.vTaskPriorityInherit
                0x80006678       0x84 src/ASF/thirdparty/freertos/freertos-7.0.0/source/tasks.o
                0x80006678                vTaskPriorityInherit
 .text.xTaskRemoveFromEventList
                0x800066fc       0x7c src/ASF/thirdparty/freertos/freertos-7.0.0/source/tasks.o
                0x800066fc                xTaskRemoveFromEventList
 .text.vTaskIncrementTick
                0x80006778      0x114 src/ASF/thirdparty/freertos/freertos-7.0.0/source/tasks.o
                0x80006778                vTaskIncrementTick
 .text.xTaskCheckForTimeOut
                0x8000688c       0x70 src/ASF/thirdparty/freertos/freertos-7.0.0/source/tasks.o
                0x8000688c                xTaskCheckForTimeOut
 .text.xTaskGetTickCount
                0x800068fc       0x24 src/ASF/thirdparty/freertos/freertos-7.0.0/source/tasks.o
                0x800068fc                xTaskGetTickCount
 .text.xTaskResumeAll
                0x80006920       0xe8 src/ASF/thirdparty/freertos/freertos-7.0.0/source/tasks.o
                0x80006920                xTaskResumeAll
 .text.prvAddCurrentTaskToDelayedList
                0x80006a08       0x5c src/ASF/thirdparty/freertos/freertos-7.0.0/source/tasks.o
 .text.vTaskDelay
                0x80006a64       0x48 src/ASF/thirdparty/freertos/freertos-7.0.0/source/tasks.o
                0x80006a64                vTaskDelay
 .text.vTaskDelayUntil
                0x80006aac       0x80 src/ASF/thirdparty/freertos/freertos-7.0.0/source/tasks.o
                0x80006aac                vTaskDelayUntil
 .text.vTaskPlaceOnEventList
                0x80006b2c       0x58 src/ASF/thirdparty/freertos/freertos-7.0.0/source/tasks.o
                0x80006b2c                vTaskPlaceOnEventList
 .text.prvIdleTask
                0x80006b84       0x88 src/ASF/thirdparty/freertos/freertos-7.0.0/source/tasks.o
 .text.xTaskGenericCreate
                0x80006c0c      0x1e8 src/ASF/thirdparty/freertos/freertos-7.0.0/source/tasks.o
                0x80006c0c                xTaskGenericCreate
 .text.vTaskStartScheduler
                0x80006df4       0x4c src/ASF/thirdparty/freertos/freertos-7.0.0/source/tasks.o
                0x80006df4                vTaskStartScheduler
 .text.PrintChar
                0x80006e40        0x4 src/Log/log.o
                0x80006e40                PrintChar
 .text.PrintHex
                0x80006e44       0xb2 src/Log/log.o
                0x80006e44                PrintHex
 .text.PrintDec
                0x80006ef6       0xda src/Log/log.o
                0x80006ef6                PrintDec
 .text.log      0x80006fd0      0x18c src/Log/log.o
                0x80006fd0                log
 .text.logFromISR
                0x8000715c      0x180 src/Log/log.o
                0x8000715c                logFromISR
 .text.log_init
                0x800072dc       0x64 src/Log/log.o
                0x800072dc                log_init
 .text.task_log
                0x80007340       0x44 src/Log/log.o
 .text.main     0x80007384       0x78 src/main.o
                0x80007384                main
 .text.free     0x800073fc       0x10 e:/program x86/atmel/studio/7.0/toolchain/avr32/avr32-gnu-toolchain/bin/../lib/gcc/avr32/4.4.7/../../../../avr32/lib/ucr2\libc.a(lib_a-malloc.o)
                                 0x18 (size before relaxing)
                0x800073fc                free
 .text.malloc   0x8000740c       0x10 e:/program x86/atmel/studio/7.0/toolchain/avr32/avr32-gnu-toolchain/bin/../lib/gcc/avr32/4.4.7/../../../../avr32/lib/ucr2\libc.a(lib_a-malloc.o)
                                 0x18 (size before relaxing)
                0x8000740c                malloc
 .text._malloc_r
                0x8000741c      0x438 e:/program x86/atmel/studio/7.0/toolchain/avr32/avr32-gnu-toolchain/bin/../lib/gcc/avr32/4.4.7/../../../../avr32/lib/ucr2\libc.a(lib_a-mallocr.o)
                                0x450 (size before relaxing)
                0x8000741c                _malloc_r
 .text          0x80007854      0x148 e:/program x86/atmel/studio/7.0/toolchain/avr32/avr32-gnu-toolchain/bin/../lib/gcc/avr32/4.4.7/../../../../avr32/lib/ucr2\libc.a(lib_a-memcpy.o)
                0x80007854                memcpy
 .text.memset   0x8000799c        0xe e:/program x86/atmel/studio/7.0/toolchain/avr32/avr32-gnu-toolchain/bin/../lib/gcc/avr32/4.4.7/../../../../avr32/lib/ucr2\libc.a(lib_a-memset.o)
                0x8000799c                memset
 *fill*         0x800079aa        0x2 d703d703
 .text._realloc_r
                0x800079ac      0x2c0 e:/program x86/atmel/studio/7.0/toolchain/avr32/avr32-gnu-toolchain/bin/../lib/gcc/avr32/4.4.7/../../../../avr32/lib/ucr2\libc.a(lib_a-reallocr.o)
                                0x2e0 (size before relaxing)
                0x800079ac                _realloc_r
 .text._sbrk_r  0x80007c6c       0x20 e:/program x86/atmel/studio/7.0/toolchain/avr32/avr32-gnu-toolchain/bin/../lib/gcc/avr32/4.4.7/../../../../avr32/lib/ucr2\libc.a(lib_a-sbrkr.o)
                                 0x28 (size before relaxing)
                0x80007c6c                _sbrk_r
 .text.sprintf  0x80007c8c       0x3c e:/program x86/atmel/studio/7.0/toolchain/avr32/avr32-gnu-toolchain/bin/../lib/gcc/avr32/4.4.7/../../../../avr32/lib/ucr2\libc.a(lib_a-sprintf.o)
                                 0x40 (size before relaxing)
                0x80007c8c                sprintf
 .text          0x80007cc8       0x20 e:/program x86/atmel/studio/7.0/toolchain/avr32/avr32-gnu-toolchain/bin/../lib/gcc/avr32/4.4.7/../../../../avr32/lib/ucr2\libc.a(lib_a-strncpy.o)
                0x80007cc8                strncpy
 .text._close   0x80007ce8       0x14 e:/program x86/atmel/studio/7.0/toolchain/avr32/avr32-gnu-toolchain/bin/../lib/gcc/avr32/4.4.7/../../../../avr32/lib/ucr2\libc.a(lib_a-syscalls.o)
                                 0x18 (size before relaxing)
                0x80007ce8                _close
 .text._lseek   0x80007cfc       0x14 e:/program x86/atmel/studio/7.0/toolchain/avr32/avr32-gnu-toolchain/bin/../lib/gcc/avr32/4.4.7/../../../../avr32/lib/ucr2\libc.a(lib_a-syscalls.o)
                                 0x18 (size before relaxing)
                0x80007cfc                _lseek
 .text.isatty   0x80007d10       0x14 e:/program x86/atmel/studio/7.0/toolchain/avr32/avr32-gnu-toolchain/bin/../lib/gcc/avr32/4.4.7/../../../../avr32/lib/ucr2\libc.a(lib_a-syscalls.o)
                                 0x18 (size before relaxing)
                0x80007d10                isatty
 .text._fstat_host
                0x80007d24       0x14 e:/program x86/atmel/studio/7.0/toolchain/avr32/avr32-gnu-toolchain/bin/../lib/gcc/avr32/4.4.7/../../../../avr32/lib/ucr2\libc.a(lib_a-syscalls.o)
                                 0x18 (size before relaxing)
                0x80007d24                _fstat_host
 .text._fstat   0x80007d38       0x4c e:/program x86/atmel/studio/7.0/toolchain/avr32/avr32-gnu-toolchain/bin/../lib/gcc/avr32/4.4.7/../../../../avr32/lib/ucr2\libc.a(lib_a-syscalls.o)
                                 0x50 (size before relaxing)
                0x80007d38                _fstat
 .text._sbrk    0x80007d84       0x38 e:/program x86/atmel/studio/7.0/toolchain/avr32/avr32-gnu-toolchain/bin/../lib/gcc/avr32/4.4.7/../../../../avr32/lib/ucr2\libc.a(lib_a-syscalls.o)
                                 0x40 (size before relaxing)
                0x80007d84                _sbrk
 .text.get_arg  0x80007dbc      0x314 e:/program x86/atmel/studio/7.0/toolchain/avr32/avr32-gnu-toolchain/bin/../lib/gcc/avr32/4.4.7/../../../../avr32/lib/ucr2\libc.a(lib_a-vfprintf.o)
                                0x324 (size before relaxing)
 .text.__sprint_r
                0x800080d0       0x1c e:/program x86/atmel/studio/7.0/toolchain/avr32/avr32-gnu-toolchain/bin/../lib/gcc/avr32/4.4.7/../../../../avr32/lib/ucr2\libc.a(lib_a-vfprintf.o)
                                 0x20 (size before relaxing)
 .text._vfprintf_r
                0x800080ec     0x1f14 e:/program x86/atmel/studio/7.0/toolchain/avr32/avr32-gnu-toolchain/bin/../lib/gcc/avr32/4.4.7/../../../../avr32/lib/ucr2\libc.a(lib_a-vfprintf.o)
                               0x1f9c (size before relaxing)
                0x800080ec                _vfprintf_r
 .text.__swsetup_r
                0x8000a000       0xdc e:/program x86/atmel/studio/7.0/toolchain/avr32/avr32-gnu-toolchain/bin/../lib/gcc/avr32/4.4.7/../../../../avr32/lib/ucr2\libc.a(lib_a-wsetup.o)
                                 0xe8 (size before relaxing)
                0x8000a000                __swsetup_r
 .text.quorem   0x8000a0dc      0x120 e:/program x86/atmel/studio/7.0/toolchain/avr32/avr32-gnu-toolchain/bin/../lib/gcc/avr32/4.4.7/../../../../avr32/lib/ucr2\libc.a(lib_a-dtoa.o)
                                0x124 (size before relaxing)
 .text._dtoa_r  0x8000a1fc      0xbdc e:/program x86/atmel/studio/7.0/toolchain/avr32/avr32-gnu-toolchain/bin/../lib/gcc/avr32/4.4.7/../../../../avr32/lib/ucr2\libc.a(lib_a-dtoa.o)
                                0xc90 (size before relaxing)
                0x8000a1fc                _dtoa_r
 .text.__errno  0x8000add8        0xc e:/program x86/atmel/studio/7.0/toolchain/avr32/avr32-gnu-toolchain/bin/../lib/gcc/avr32/4.4.7/../../../../avr32/lib/ucr2\libc.a(lib_a-errno.o)
                0x8000add8                __errno
 .text._fflush_r
                0x8000ade4      0x10c e:/program x86/atmel/studio/7.0/toolchain/avr32/avr32-gnu-toolchain/bin/../lib/gcc/avr32/4.4.7/../../../../avr32/lib/ucr2\libc.a(lib_a-fflush.o)
                                0x118 (size before relaxing)
                0x8000ade4                _fflush_r
 .text.__sfp_lock_acquire
                0x8000aef0        0x2 e:/program x86/atmel/studio/7.0/toolchain/avr32/avr32-gnu-toolchain/bin/../lib/gcc/avr32/4.4.7/../../../../avr32/lib/ucr2\libc.a(lib_a-findfp.o)
                0x8000aef0                __sfp_lock_acquire
 .text.__sfp_lock_release
                0x8000aef2        0x2 e:/program x86/atmel/studio/7.0/toolchain/avr32/avr32-gnu-toolchain/bin/../lib/gcc/avr32/4.4.7/../../../../avr32/lib/ucr2\libc.a(lib_a-findfp.o)
                0x8000aef2                __sfp_lock_release
 .text._cleanup_r
                0x8000aef4        0xc e:/program x86/atmel/studio/7.0/toolchain/avr32/avr32-gnu-toolchain/bin/../lib/gcc/avr32/4.4.7/../../../../avr32/lib/ucr2\libc.a(lib_a-findfp.o)
                                 0x14 (size before relaxing)
                0x8000aef4                _cleanup_r
 .text.__sfmoreglue
                0x8000af00       0x28 e:/program x86/atmel/studio/7.0/toolchain/avr32/avr32-gnu-toolchain/bin/../lib/gcc/avr32/4.4.7/../../../../avr32/lib/ucr2\libc.a(lib_a-findfp.o)
                                 0x30 (size before relaxing)
                0x8000af00                __sfmoreglue
 .text.__sfp    0x8000af28       0x6c e:/program x86/atmel/studio/7.0/toolchain/avr32/avr32-gnu-toolchain/bin/../lib/gcc/avr32/4.4.7/../../../../avr32/lib/ucr2\libc.a(lib_a-findfp.o)
                                 0x7c (size before relaxing)
                0x8000af28                __sfp
 .text.__sinit  0x8000af94       0x9c e:/program x86/atmel/studio/7.0/toolchain/avr32/avr32-gnu-toolchain/bin/../lib/gcc/avr32/4.4.7/../../../../avr32/lib/ucr2\libc.a(lib_a-findfp.o)
                                 0xb0 (size before relaxing)
                0x8000af94                __sinit
 .text._malloc_trim_r
                0x8000b030       0x98 e:/program x86/atmel/studio/7.0/toolchain/avr32/avr32-gnu-toolchain/bin/../lib/gcc/avr32/4.4.7/../../../../avr32/lib/ucr2\libc.a(lib_a-freer.o)
                                 0xa8 (size before relaxing)
                0x8000b030                _malloc_trim_r
 .text._free_r  0x8000b0c8      0x18c e:/program x86/atmel/studio/7.0/toolchain/avr32/avr32-gnu-toolchain/bin/../lib/gcc/avr32/4.4.7/../../../../avr32/lib/ucr2\libc.a(lib_a-freer.o)
                                0x1a0 (size before relaxing)
                0x8000b0c8                _free_r
 .text.__sfvwrite_r
                0x8000b254      0x294 e:/program x86/atmel/studio/7.0/toolchain/avr32/avr32-gnu-toolchain/bin/../lib/gcc/avr32/4.4.7/../../../../avr32/lib/ucr2\libc.a(lib_a-fvwrite.o)
                                0x2c4 (size before relaxing)
                0x8000b254                __sfvwrite_r
 .text._fwalk   0x8000b4e8       0x4c e:/program x86/atmel/studio/7.0/toolchain/avr32/avr32-gnu-toolchain/bin/../lib/gcc/avr32/4.4.7/../../../../avr32/lib/ucr2\libc.a(lib_a-fwalk.o)
                                 0x54 (size before relaxing)
                0x8000b4e8                _fwalk
 .text._localeconv_r
                0x8000b534        0x8 e:/program x86/atmel/studio/7.0/toolchain/avr32/avr32-gnu-toolchain/bin/../lib/gcc/avr32/4.4.7/../../../../avr32/lib/ucr2\libc.a(lib_a-locale.o)
                0x8000b534                _localeconv_r
 .text.__smakebuf_r
                0x8000b53c       0xbc e:/program x86/atmel/studio/7.0/toolchain/avr32/avr32-gnu-toolchain/bin/../lib/gcc/avr32/4.4.7/../../../../avr32/lib/ucr2\libc.a(lib_a-makebuf.o)
                                 0xcc (size before relaxing)
                0x8000b53c                __smakebuf_r
 .text.memchr   0x8000b5f8       0x16 e:/program x86/atmel/studio/7.0/toolchain/avr32/avr32-gnu-toolchain/bin/../lib/gcc/avr32/4.4.7/../../../../avr32/lib/ucr2\libc.a(lib_a-memchr.o)
                0x8000b5f8                memchr
 .text.memmove  0x8000b60e       0x3e e:/program x86/atmel/studio/7.0/toolchain/avr32/avr32-gnu-toolchain/bin/../lib/gcc/avr32/4.4.7/../../../../avr32/lib/ucr2\libc.a(lib_a-memmove.o)
                0x8000b60e                memmove
 .text.__hi0bits
                0x8000b64c       0x60 e:/program x86/atmel/studio/7.0/toolchain/avr32/avr32-gnu-toolchain/bin/../lib/gcc/avr32/4.4.7/../../../../avr32/lib/ucr2\libc.a(lib_a-mprec.o)
                0x8000b64c                __hi0bits
 .text.__lo0bits
                0x8000b6ac       0x8e e:/program x86/atmel/studio/7.0/toolchain/avr32/avr32-gnu-toolchain/bin/../lib/gcc/avr32/4.4.7/../../../../avr32/lib/ucr2\libc.a(lib_a-mprec.o)
                0x8000b6ac                __lo0bits
 .text.__mcmp   0x8000b73a       0x32 e:/program x86/atmel/studio/7.0/toolchain/avr32/avr32-gnu-toolchain/bin/../lib/gcc/avr32/4.4.7/../../../../avr32/lib/ucr2\libc.a(lib_a-mprec.o)
                0x8000b73a                __mcmp
 .text._Bfree   0x8000b76c       0x34 e:/program x86/atmel/studio/7.0/toolchain/avr32/avr32-gnu-toolchain/bin/../lib/gcc/avr32/4.4.7/../../../../avr32/lib/ucr2\libc.a(lib_a-mprec.o)
                                 0x38 (size before relaxing)
                0x8000b76c                _Bfree
 .text._Balloc  0x8000b7a0       0x70 e:/program x86/atmel/studio/7.0/toolchain/avr32/avr32-gnu-toolchain/bin/../lib/gcc/avr32/4.4.7/../../../../avr32/lib/ucr2\libc.a(lib_a-mprec.o)
                                 0x78 (size before relaxing)
                0x8000b7a0                _Balloc
 .text.__d2b    0x8000b810       0xa0 e:/program x86/atmel/studio/7.0/toolchain/avr32/avr32-gnu-toolchain/bin/../lib/gcc/avr32/4.4.7/../../../../avr32/lib/ucr2\libc.a(lib_a-mprec.o)
                                 0xb4 (size before relaxing)
                0x8000b810                __d2b
 .text.__mdiff  0x8000b8b0       0xd0 e:/program x86/atmel/studio/7.0/toolchain/avr32/avr32-gnu-toolchain/bin/../lib/gcc/avr32/4.4.7/../../../../avr32/lib/ucr2\libc.a(lib_a-mprec.o)
                                 0xd8 (size before relaxing)
                0x8000b8b0                __mdiff
 .text.__lshift
                0x8000b980       0x88 e:/program x86/atmel/studio/7.0/toolchain/avr32/avr32-gnu-toolchain/bin/../lib/gcc/avr32/4.4.7/../../../../avr32/lib/ucr2\libc.a(lib_a-mprec.o)
                                 0x94 (size before relaxing)
                0x8000b980                __lshift
 .text.__multiply
                0x8000ba08      0x100 e:/program x86/atmel/studio/7.0/toolchain/avr32/avr32-gnu-toolchain/bin/../lib/gcc/avr32/4.4.7/../../../../avr32/lib/ucr2\libc.a(lib_a-mprec.o)
                                0x108 (size before relaxing)
                0x8000ba08                __multiply
 .text.__i2b    0x8000bb08       0x10 e:/program x86/atmel/studio/7.0/toolchain/avr32/avr32-gnu-toolchain/bin/../lib/gcc/avr32/4.4.7/../../../../avr32/lib/ucr2\libc.a(lib_a-mprec.o)
                                 0x18 (size before relaxing)
                0x8000bb08                __i2b
 .text.__multadd
                0x8000bb18       0x7c e:/program x86/atmel/studio/7.0/toolchain/avr32/avr32-gnu-toolchain/bin/../lib/gcc/avr32/4.4.7/../../../../avr32/lib/ucr2\libc.a(lib_a-mprec.o)
                                 0x88 (size before relaxing)
                0x8000bb18                __multadd
 .text.__pow5mult
                0x8000bb94       0x8c e:/program x86/atmel/studio/7.0/toolchain/avr32/avr32-gnu-toolchain/bin/../lib/gcc/avr32/4.4.7/../../../../avr32/lib/ucr2\libc.a(lib_a-mprec.o)
                                 0xac (size before relaxing)
                0x8000bb94                __pow5mult
 .text.__isinfd
                0x8000bc20       0x2a e:/program x86/atmel/studio/7.0/toolchain/avr32/avr32-gnu-toolchain/bin/../lib/gcc/avr32/4.4.7/../../../../avr32/lib/ucr2\libc.a(lib_a-s_isinfd.o)
                0x8000bc20                __isinfd
 .text.__isnand
                0x8000bc4a       0x1c e:/program x86/atmel/studio/7.0/toolchain/avr32/avr32-gnu-toolchain/bin/../lib/gcc/avr32/4.4.7/../../../../avr32/lib/ucr2\libc.a(lib_a-s_isnand.o)
                0x8000bc4a                __isnand
 *fill*         0x8000bc66        0x2 d703d703
 .text.__sclose
                0x8000bc68        0x8 e:/program x86/atmel/studio/7.0/toolchain/avr32/avr32-gnu-toolchain/bin/../lib/gcc/avr32/4.4.7/../../../../avr32/lib/ucr2\libc.a(lib_a-stdio.o)
                                 0x10 (size before relaxing)
                0x8000bc68                __sclose
 .text.__sseek  0x8000bc70       0x20 e:/program x86/atmel/studio/7.0/toolchain/avr32/avr32-gnu-toolchain/bin/../lib/gcc/avr32/4.4.7/../../../../avr32/lib/ucr2\libc.a(lib_a-stdio.o)
                                 0x28 (size before relaxing)
                0x8000bc70                __sseek
 .text.__swrite
                0x8000bc90       0x2c e:/program x86/atmel/studio/7.0/toolchain/avr32/avr32-gnu-toolchain/bin/../lib/gcc/avr32/4.4.7/../../../../avr32/lib/ucr2\libc.a(lib_a-stdio.o)
                                 0x38 (size before relaxing)
                0x8000bc90                __swrite
 .text.__sread  0x8000bcbc       0x1c e:/program x86/atmel/studio/7.0/toolchain/avr32/avr32-gnu-toolchain/bin/../lib/gcc/avr32/4.4.7/../../../../avr32/lib/ucr2\libc.a(lib_a-stdio.o)
                                 0x24 (size before relaxing)
                0x8000bcbc                __sread
 .text.strlen   0x8000bcd8       0x16 e:/program x86/atmel/studio/7.0/toolchain/avr32/avr32-gnu-toolchain/bin/../lib/gcc/avr32/4.4.7/../../../../avr32/lib/ucr2\libc.a(lib_a-strlen.o)
                0x8000bcd8                strlen
 *fill*         0x8000bcee        0x2 d703d703
 .text._write_r
                0x8000bcf0       0x28 e:/program x86/atmel/studio/7.0/toolchain/avr32/avr32-gnu-toolchain/bin/../lib/gcc/avr32/4.4.7/../../../../avr32/lib/ucr2\libc.a(lib_a-writer.o)
                                 0x2c (size before relaxing)
                0x8000bcf0                _write_r
 .text._calloc_r
                0x8000bd18       0x58 e:/program x86/atmel/studio/7.0/toolchain/avr32/avr32-gnu-toolchain/bin/../lib/gcc/avr32/4.4.7/../../../../avr32/lib/ucr2\libc.a(lib_a-callocr.o)
                                 0x60 (size before relaxing)
                0x8000bd18                _calloc_r
 .text._close_r
                0x8000bd70       0x20 e:/program x86/atmel/studio/7.0/toolchain/avr32/avr32-gnu-toolchain/bin/../lib/gcc/avr32/4.4.7/../../../../avr32/lib/ucr2\libc.a(lib_a-closer.o)
                                 0x28 (size before relaxing)
                0x8000bd70                _close_r
 .text._fclose_r
                0x8000bd90       0xb8 e:/program x86/atmel/studio/7.0/toolchain/avr32/avr32-gnu-toolchain/bin/../lib/gcc/avr32/4.4.7/../../../../avr32/lib/ucr2\libc.a(lib_a-fclose.o)
                                 0xd0 (size before relaxing)
                0x8000bd90                _fclose_r
 .text.fclose   0x8000be48       0x10 e:/program x86/atmel/studio/7.0/toolchain/avr32/avr32-gnu-toolchain/bin/../lib/gcc/avr32/4.4.7/../../../../avr32/lib/ucr2\libc.a(lib_a-fclose.o)
                                 0x18 (size before relaxing)
                0x8000be48                fclose
 .text._fstat_r
                0x8000be58       0x24 e:/program x86/atmel/studio/7.0/toolchain/avr32/avr32-gnu-toolchain/bin/../lib/gcc/avr32/4.4.7/../../../../avr32/lib/ucr2\libc.a(lib_a-fstatr.o)
                                 0x2c (size before relaxing)
                0x8000be58                _fstat_r
 .text._lseek_r
                0x8000be7c       0x28 e:/program x86/atmel/studio/7.0/toolchain/avr32/avr32-gnu-toolchain/bin/../lib/gcc/avr32/4.4.7/../../../../avr32/lib/ucr2\libc.a(lib_a-lseekr.o)
                                 0x2c (size before relaxing)
                0x8000be7c                _lseek_r
 .text._read_r  0x8000bea4       0x28 e:/program x86/atmel/studio/7.0/toolchain/avr32/avr32-gnu-toolchain/bin/../lib/gcc/avr32/4.4.7/../../../../avr32/lib/ucr2\libc.a(lib_a-readr.o)
                                 0x2c (size before relaxing)
                0x8000bea4                _read_r
 .text          0x8000becc      0x1d4 e:/program x86/atmel/studio/7.0/toolchain/avr32/avr32-gnu-toolchain/bin/../lib/gcc/avr32/4.4.7/ucr2\libgcc.a(_avr32_f64_mul.o)
                0x8000becc                __avr32_f64_mul
 .text          0x8000c0a0      0x2b0 e:/program x86/atmel/studio/7.0/toolchain/avr32/avr32-gnu-toolchain/bin/../lib/gcc/avr32/4.4.7/ucr2\libgcc.a(_avr32_f64_addsub.o)
                0x8000c0a4                __avr32_f64_sub
                0x8000c240                __avr32_f64_add
 .text          0x8000c350       0x2a e:/program x86/atmel/studio/7.0/toolchain/avr32/avr32-gnu-toolchain/bin/../lib/gcc/avr32/4.4.7/ucr2\libgcc.a(_avr32_f64_to_s32.o)
                0x8000c350                __avr32_f64_to_u32
                0x8000c354                __avr32_f64_to_s32
 .text          0x8000c37a       0xe8 e:/program x86/atmel/studio/7.0/toolchain/avr32/avr32-gnu-toolchain/bin/../lib/gcc/avr32/4.4.7/ucr2\libgcc.a(_avr32_s32_to_f64.o)
                0x8000c37a                __avr32_u32_to_f64
                0x8000c382                __avr32_s32_to_f64
 .text          0x8000c462       0x26 e:/program x86/atmel/studio/7.0/toolchain/avr32/avr32-gnu-toolchain/bin/../lib/gcc/avr32/4.4.7/ucr2\libgcc.a(_avr32_f64_cmp_eq.o)
                0x8000c462                __avr32_f64_cmp_eq
 .text          0x8000c488       0x68 e:/program x86/atmel/studio/7.0/toolchain/avr32/avr32-gnu-toolchain/bin/../lib/gcc/avr32/4.4.7/ucr2\libgcc.a(_avr32_f64_cmp_ge.o)
                0x8000c488                __avr32_f64_cmp_ge
 .text          0x8000c4f0       0x68 e:/program x86/atmel/studio/7.0/toolchain/avr32/avr32-gnu-toolchain/bin/../lib/gcc/avr32/4.4.7/ucr2\libgcc.a(_avr32_f64_cmp_lt.o)
                0x8000c4f0                __avr32_f64_cmp_lt
 .text          0x8000c558      0x318 e:/program x86/atmel/studio/7.0/toolchain/avr32/avr32-gnu-toolchain/bin/../lib/gcc/avr32/4.4.7/ucr2\libgcc.a(_avr32_f64_div.o)
                0x8000c558                __avr32_f64_div
 .text          0x8000c870      0x264 e:/program x86/atmel/studio/7.0/toolchain/avr32/avr32-gnu-toolchain/bin/../lib/gcc/avr32/4.4.7/ucr2\libgcc.a(_udivdi3.o)
                0x8000c870                __avr32_udiv64
                0x8000c870                __udivdi3
 .text          0x8000cad4      0x20c e:/program x86/atmel/studio/7.0/toolchain/avr32/avr32-gnu-toolchain/bin/../lib/gcc/avr32/4.4.7/ucr2\libgcc.a(_umoddi3.o)
                0x8000cad4                __avr32_umod64
                0x8000cad4                __umoddi3
 *(.text.*personality*)
 *(.gnu.warning)

.exception      0x8000ce00      0x200
 .exception     0x8000ce00      0x200 src/ASF/thirdparty/freertos/freertos-7.0.0/source/portable/gcc/avr32_uc3/exception.o
                0x8000ce00                _evba
                0x8000cf04                _int0
                0x8000cf12                _int1
                0x8000cf20                _int2
                0x8000cf2e                _int3
                0x8000cf3c                ipr_val

.fini
 *(.fini)
                0x8000d000                PROVIDE (__etext, .)
                0x8000d000                PROVIDE (_etext, .)
                0x8000d000                PROVIDE (etext, .)

.rodata         0x8000d000     0x12a0
 *(.rodata .rodata.* .gnu.linkonce.r.*)
 .rodata.str1.4
                0x8000d000      0x722 src/Application/app/app.o
                                0x724 (size before relaxing)
 *fill*         0x8000d722        0x2 
 .rodata.str1.4
                0x8000d724       0x1d src/Application/myrtc/xgrtc.o
                                 0x20 (size before relaxing)
 *fill*         0x8000d741        0x3 
 .rodata.CSWTCH.36
                0x8000d744       0x48 src/Application/radio/ambe.o
 .rodata.str1.4
                0x8000d78c       0x44 src/Application/radio/physical.o
 .rodata.str1.4
                0x8000d7d0        0x8 src/Application/radio/xcmp.o
 .rodata.str1.4
                0x8000d7d8        0xf src/Application/radio/xnl.o
                                 0x10 (size before relaxing)
 *fill*         0x8000d7e7        0x1 
 .rodata.C.67.11219
                0x8000d7e8       0x10 src/Application/RFID/MFRC522/rc522.o
 .rodata.CSWTCH.90
                0x8000d7f8        0x4 src/Application/RFID/MFRC522/rc522.o
 .rodata.CSWTCH.91
                0x8000d7fc        0x4 src/Application/RFID/MFRC522/rc522.o
 .rodata.RC522_SPI_GPIO_MAP.11217
                0x8000d800       0x20 src/Application/RFID/MFRC522/rc522.o
 .rodata.str1.4
                0x8000d820       0x85 src/Application/RFID/RFID.o
                                 0x88 (size before relaxing)
 *fill*         0x8000d8a5        0x3 
 .rodata.TC_GPIO_MAP.11090
                0x8000d8a8       0x18 src/Application/timers/timer.o
 .rodata.str1.4
                0x8000d8c0       0xae src/Application/xgflash/xgflash.o
                                 0xb0 (size before relaxing)
 *fill*         0x8000d96e        0x2 
 .rodata._int_handler_table
                0x8000d970       0x98 src/ASF/avr32/drivers/intc/intc.o
 .rodata.str1.4
                0x8000da08        0x5 src/ASF/thirdparty/freertos/freertos-7.0.0/source/tasks.o
                                  0x8 (size before relaxing)
 *fill*         0x8000da0d        0x3 
 .rodata.log    0x8000da10      0x150 src/Log/log.o
 .rodata.logFromISR
                0x8000db60      0x150 src/Log/log.o
 .rodata.USART_OPTIONS.11278
                0x8000dcb0        0xc src/Log/log.o
 .rodata.str1.4
                0x8000dcbc       0x3c src/Log/log.o
 .rodata.USART_GPIO_MAP.11277
                0x8000dcf8       0x10 src/Log/log.o
 .rodata.str1.4
                0x8000dd08       0x14 src/main.o
 .rodata.get_arg
                0x8000dd1c       0x3c e:/program x86/atmel/studio/7.0/toolchain/avr32/avr32-gnu-toolchain/bin/../lib/gcc/avr32/4.4.7/../../../../avr32/lib/ucr2\libc.a(lib_a-vfprintf.o)
 .rodata._vfprintf_r
                0x8000dd58      0x164 e:/program x86/atmel/studio/7.0/toolchain/avr32/avr32-gnu-toolchain/bin/../lib/gcc/avr32/4.4.7/../../../../avr32/lib/ucr2\libc.a(lib_a-vfprintf.o)
 .rodata.state_table
                0x8000debc       0x6c e:/program x86/atmel/studio/7.0/toolchain/avr32/avr32-gnu-toolchain/bin/../lib/gcc/avr32/4.4.7/../../../../avr32/lib/ucr2\libc.a(lib_a-vfprintf.o)
 .rodata.action_table
                0x8000df28       0x6c e:/program x86/atmel/studio/7.0/toolchain/avr32/avr32-gnu-toolchain/bin/../lib/gcc/avr32/4.4.7/../../../../avr32/lib/ucr2\libc.a(lib_a-vfprintf.o)
 .rodata.str1.4
                0x8000df94       0x3a e:/program x86/atmel/studio/7.0/toolchain/avr32/avr32-gnu-toolchain/bin/../lib/gcc/avr32/4.4.7/../../../../avr32/lib/ucr2\libc.a(lib_a-vfprintf.o)
                                 0x3c (size before relaxing)
 *fill*         0x8000dfce        0x2 
 .rodata.blanks.3430
                0x8000dfd0       0x10 e:/program x86/atmel/studio/7.0/toolchain/avr32/avr32-gnu-toolchain/bin/../lib/gcc/avr32/4.4.7/../../../../avr32/lib/ucr2\libc.a(lib_a-vfprintf.o)
 .rodata.zeroes.3431
                0x8000dfe0       0x10 e:/program x86/atmel/studio/7.0/toolchain/avr32/avr32-gnu-toolchain/bin/../lib/gcc/avr32/4.4.7/../../../../avr32/lib/ucr2\libc.a(lib_a-vfprintf.o)
 .rodata.chclass
                0x8000dff0      0x100 e:/program x86/atmel/studio/7.0/toolchain/avr32/avr32-gnu-toolchain/bin/../lib/gcc/avr32/4.4.7/../../../../avr32/lib/ucr2\libc.a(lib_a-vfprintf.o)
 .rodata.str1.4
                0x8000e0f0       0x10 e:/program x86/atmel/studio/7.0/toolchain/avr32/avr32-gnu-toolchain/bin/../lib/gcc/avr32/4.4.7/../../../../avr32/lib/ucr2\libc.a(lib_a-dtoa.o)
                                 0x14 (size before relaxing)
 .rodata.__sf_fake_stdin
                0x8000e100       0x20 e:/program x86/atmel/studio/7.0/toolchain/avr32/avr32-gnu-toolchain/bin/../lib/gcc/avr32/4.4.7/../../../../avr32/lib/ucr2\libc.a(lib_a-findfp.o)
                0x8000e100                __sf_fake_stdin
 .rodata.__sf_fake_stdout
                0x8000e120       0x20 e:/program x86/atmel/studio/7.0/toolchain/avr32/avr32-gnu-toolchain/bin/../lib/gcc/avr32/4.4.7/../../../../avr32/lib/ucr2\libc.a(lib_a-findfp.o)
                0x8000e120                __sf_fake_stdout
 .rodata.__sf_fake_stderr
                0x8000e140       0x20 e:/program x86/atmel/studio/7.0/toolchain/avr32/avr32-gnu-toolchain/bin/../lib/gcc/avr32/4.4.7/../../../../avr32/lib/ucr2\libc.a(lib_a-findfp.o)
                0x8000e140                __sf_fake_stderr
 .rodata.str1.4
                0x8000e160        0x2 e:/program x86/atmel/studio/7.0/toolchain/avr32/avr32-gnu-toolchain/bin/../lib/gcc/avr32/4.4.7/../../../../avr32/lib/ucr2\libc.a(lib_a-impure.o)
                                  0x4 (size before relaxing)
 *fill*         0x8000e162        0x2 
 .rodata._global_impure_ptr
                0x8000e164        0x4 e:/program x86/atmel/studio/7.0/toolchain/avr32/avr32-gnu-toolchain/bin/../lib/gcc/avr32/4.4.7/../../../../avr32/lib/ucr2\libc.a(lib_a-impure.o)
                0x8000e164                _global_impure_ptr
 .rodata.lconv  0x8000e168       0x30 e:/program x86/atmel/studio/7.0/toolchain/avr32/avr32-gnu-toolchain/bin/../lib/gcc/avr32/4.4.7/../../../../avr32/lib/ucr2\libc.a(lib_a-locale.o)
 .rodata.str1.4
                0x8000e198        0xc e:/program x86/atmel/studio/7.0/toolchain/avr32/avr32-gnu-toolchain/bin/../lib/gcc/avr32/4.4.7/../../../../avr32/lib/ucr2\libc.a(lib_a-locale.o)
                                 0x18 (size before relaxing)
 .rodata.p05.2471
                0x8000e1a4        0xc e:/program x86/atmel/studio/7.0/toolchain/avr32/avr32-gnu-toolchain/bin/../lib/gcc/avr32/4.4.7/../../../../avr32/lib/ucr2\libc.a(lib_a-mprec.o)
 .rodata.__mprec_tens
                0x8000e1b0       0xc8 e:/program x86/atmel/studio/7.0/toolchain/avr32/avr32-gnu-toolchain/bin/../lib/gcc/avr32/4.4.7/../../../../avr32/lib/ucr2\libc.a(lib_a-mprec.o)
                0x8000e1b0                __mprec_tens
 .rodata.__mprec_bigtens
                0x8000e278       0x28 e:/program x86/atmel/studio/7.0/toolchain/avr32/avr32-gnu-toolchain/bin/../lib/gcc/avr32/4.4.7/../../../../avr32/lib/ucr2\libc.a(lib_a-mprec.o)
                0x8000e278                __mprec_bigtens

.rodata1
 *(.rodata1)

.eh_frame_hdr
 *(.eh_frame_hdr)

.eh_frame
 *(.eh_frame)

.gcc_except_table
 *(.gcc_except_table)
 *(.gcc_except_table.*)

.dalign         0x8000e2a0        0x0
                0x8000e2a0                . = ALIGN (0x8)
                0x8000e2a0                PROVIDE (_data_lma, .)
                0x00000004                PROVIDE (_data, ORIGIN (CPUSRAM))
                0x00000004                . = ORIGIN (CPUSRAM)

.eh_frame
 *(.eh_frame)

.gcc_except_table
 *(.gcc_except_table)
 *(.gcc_except_table.*)

.tdata
 *(.tdata .tdata.* .gnu.linkonce.td.*)

.tbss
 *(.tbss .tbss.* .gnu.linkonce.tb.*)
 *(.tcommon)
                0x00000004                PROVIDE (__preinit_array_start, ALIGN (0x4))

.preinit_array
 *(.preinit_array)
                0x00000004                PROVIDE (__preinit_array_end, .)
                0x00000004                PROVIDE (__init_array_start, .)

.init_array
 *(.init_array)
                0x00000004                PROVIDE (__init_array_end, .)
                0x00000004                PROVIDE (__fini_array_start, .)

.fini_array
 *(.fini_array)
                0x00000004                PROVIDE (__fini_array_end, .)

.ctors
 *crtbegin*.o(.ctors)
 *(EXCLUDE_FILE(*crtend*.o) .ctors)
 *(SORT(.ctors.*))
 *(.ctors)

.dtors
 *crtbegin*.o(.dtors)
 *(EXCLUDE_FILE(*crtend*.o) .dtors)
 *(SORT(.dtors.*))
 *(.dtors)

.jcr
 *(.jcr)

.data.rel.ro
 *(.data.rel.ro.local)
 *(.data.rel.ro*)

.dynamic
 *(.dynamic)

.got
 *(.got.plt)
 *(.got)

.data           0x00000004      0xa3c load address 0x8000e2a0
 *(.data .data.* .gnu.linkonce.d.*)
 .data.the_app_list
                0x00000004      0x4ec src/Application/app/app.o
 .data.print_sec
                0x000004f0        0x4 src/Application/myrtc/xgrtc.o
 .data.xnl_proc_list
                0x000004f4       0x34 src/Application/radio/xnl.o
 .data.unsure_data
                0x00000528        0x8 src/Application/RFID/RFID.o
                0x00000528                unsure_data
 .data.start_session.12031
                0x00000530        0x1 src/Application/RFID/RFID.o
 *fill*         0x00000531        0x3 
 .data.ulCriticalNesting
                0x00000534        0x4 src/ASF/thirdparty/freertos/freertos-7.0.0/source/portable/gcc/avr32_uc3/port.o
                0x00000534                ulCriticalNesting
 .data.xNextTaskUnblockTime
                0x00000538        0x4 src/ASF/thirdparty/freertos/freertos-7.0.0/source/tasks.o
 .data.__malloc_av_
                0x0000053c      0x408 e:/program x86/atmel/studio/7.0/toolchain/avr32/avr32-gnu-toolchain/bin/../lib/gcc/avr32/4.4.7/../../../../avr32/lib/ucr2\libc.a(lib_a-mallocr.o)
                0x0000053c                __malloc_av_
 .data.__malloc_trim_threshold
                0x00000944        0x4 e:/program x86/atmel/studio/7.0/toolchain/avr32/avr32-gnu-toolchain/bin/../lib/gcc/avr32/4.4.7/../../../../avr32/lib/ucr2\libc.a(lib_a-mallocr.o)
                0x00000944                __malloc_trim_threshold
 .data.__malloc_sbrk_base
                0x00000948        0x4 e:/program x86/atmel/studio/7.0/toolchain/avr32/avr32-gnu-toolchain/bin/../lib/gcc/avr32/4.4.7/../../../../avr32/lib/ucr2\libc.a(lib_a-mallocr.o)
                0x00000948                __malloc_sbrk_base
 .data.impure_data
                0x0000094c       0xf0 e:/program x86/atmel/studio/7.0/toolchain/avr32/avr32-gnu-toolchain/bin/../lib/gcc/avr32/4.4.7/../../../../avr32/lib/ucr2\libc.a(lib_a-impure.o)
 .data._impure_ptr
                0x00000a3c        0x4 e:/program x86/atmel/studio/7.0/toolchain/avr32/avr32-gnu-toolchain/bin/../lib/gcc/avr32/4.4.7/../../../../avr32/lib/ucr2\libc.a(lib_a-impure.o)
                0x00000a3c                _impure_ptr
 *(.gnu.linkonce.d.*personality*)

.data1
 *(.data1)

.balign         0x00000a40        0x0 load address 0x8000ecdc
                0x00000a40                . = ALIGN (0x8)
                0x00000a40                _edata = .
                0x00000a40                _edata = .
                0x00000a40                PROVIDE (edata, .)
                0x00000a40                __bss_start = .

.bss            0x00000a40     0x4980 load address 0x8000ecdc
 *(.dynbss)
 *(.bss .bss.* .gnu.linkonce.b.*)
 .bss.Speaker_is_unmute
                0x00000a40        0x1 src/Application/app/app.o
                0x00000a40                Speaker_is_unmute
 *fill*         0x00000a41        0x3 
 .bss.xLastWakeTime.12673
                0x00000a44        0x4 src/Application/app/app.o
 .bss.VF_SN     0x00000a48        0x1 src/Application/app/app.o
                0x00000a48                VF_SN
 *fill*         0x00000a49        0x3 
 .bss.res.12660
                0x00000a4c        0x4 src/Application/app/app.o
 .bss.AMBE_tx_flag
                0x00000a50        0x1 src/Application/app/app.o
                0x00000a50                AMBE_tx_flag
 .bss.Radio_Transmit_State
                0x00000a51        0x1 src/Application/app/app.o
                0x00000a51                Radio_Transmit_State
 .bss.Call_Begin
                0x00000a52        0x1 src/Application/app/app.o
                0x00000a52                Call_Begin
 .bss.AMBE_rx_flag
                0x00000a53        0x1 src/Application/app/app.o
                0x00000a53                AMBE_rx_flag
 .bss.AMBE_Media
                0x00000a54        0x1 src/Application/app/app.o
                0x00000a54                AMBE_Media
 .bss.connect_flag
                0x00000a55        0x1 src/Application/app/app.o
 .bss.Mic_is_Enabled
                0x00000a56        0x1 src/Application/app/app.o
                0x00000a56                Mic_is_Enabled
 .bss.times_counter.12707
                0x00000a57        0x1 src/Application/app/app.o
 .bss.Terminator_Flag
                0x00000a58        0x1 src/Application/app/app.o
                0x00000a58                Terminator_Flag
 *fill*         0x00000a59        0x3 
 .bss.ulIdleCycleCount
                0x00000a5c        0x4 src/Application/app/app.o
                0x00000a5c                ulIdleCycleCount
 .bss.payload_rx_exec
                0x00000a60        0x4 src/Application/radio/payload.o
                0x00000a60                payload_rx_exec
 .bss.payload_tx_exec
                0x00000a64        0x4 src/Application/radio/payload.o
                0x00000a64                payload_tx_exec
 .bss.phy_tx_index.10647
                0x00000a68        0x1 src/Application/radio/physical.o
 *fill*         0x00000a69        0x3 
 .bss.RxBytesWaiting.10956
                0x00000a6c        0x4 src/Application/radio/physical.o
 .bss.phy_rx_length.10690
                0x00000a70        0x2 src/Application/radio/physical.o
 *fill*         0x00000a72        0x2 
 .bss.RxData_IsFillingNext16.10955
                0x00000a74        0x4 src/Application/radio/physical.o
 .bss.AMBE_HT   0x00000a78        0x8 src/Application/radio/physical.o
 .bss.Item_ID.10961
                0x00000a80        0x1 src/Application/radio/physical.o
 .bss.is_first.10960
                0x00000a81        0x1 src/Application/radio/physical.o
 .bss.phy_rx_expexted_length.10689
                0x00000a82        0x2 src/Application/radio/physical.o
 .bss.AMBE_payload_ptr.10959
                0x00000a84        0x4 src/Application/radio/physical.o
 .bss.phy_tx_state.10645
                0x00000a88        0x4 src/Application/radio/physical.o
 .bss.RxMedia_IsFillingNext16.10953
                0x00000a8c        0x4 src/Application/radio/physical.o
 .bss.phy_frame_ptr.10688
                0x00000a90        0x4 src/Application/radio/physical.o
 .bss.phy_ptr.10644
                0x00000a94        0x4 src/Application/radio/physical.o
 .bss.xnl_store_idle
                0x00000a98        0x4 src/Application/radio/physical.o
                0x00000a98                xnl_store_idle
 .bss.payload_store_idle
                0x00000a9c        0x4 src/Application/radio/physical.o
                0x00000a9c                payload_store_idle
 .bss.phy_rx_state.10692
                0x00000aa0        0x4 src/Application/radio/physical.o
 .bss.phy_check_sum.10691
                0x00000aa4        0x2 src/Application/radio/physical.o
 *fill*         0x00000aa6        0x2 
 .bss.phy_xnl_frame_rx
                0x00000aa8        0x4 src/Application/radio/physical.o
                0x00000aa8                phy_xnl_frame_rx
 .bss.payload_ptr.10958
                0x00000aac        0x4 src/Application/radio/physical.o
 .bss.phy_tx_expexted_length.10646
                0x00000ab0        0x2 src/Application/radio/physical.o
 *fill*         0x00000ab2        0x2 
 .bss.m_RxBurstType
                0x00000ab4        0x4 src/Application/radio/physical.o
 .bss.RxAMBE_IsFillingNext8.10954
                0x00000ab8        0x4 src/Application/radio/physical.o
 .bss.phy_payload_frame_tx
                0x00000abc        0x4 src/Application/radio/physical.o
                0x00000abc                phy_payload_frame_tx
 .bss.phy_rx_count.10693
                0x00000ac0        0x4 src/Application/radio/physical.o
 .bss.SDV_Index.10964
                0x00000ac4        0x1 src/Application/radio/physical.o
 *fill*         0x00000ac5        0x3 
 .bss.phy_xnl_frame_tx
                0x00000ac8        0x4 src/Application/radio/physical.o
                0x00000ac8                phy_xnl_frame_tx
 .bss.RxMediaState.10952
                0x00000acc        0x4 src/Application/radio/physical.o
 .bss.ArrayDiscLength.10957
                0x00000ad0        0x4 src/Application/radio/physical.o
 .bss.phy_payload_frame_rx
                0x00000ad4        0x4 src/Application/radio/physical.o
                0x00000ad4                phy_payload_frame_rx
 .bss.Item_Length.10962
                0x00000ad8        0x4 src/Application/radio/physical.o
 .bss.phy_rx_exec
                0x00000adc        0x4 src/Application/radio/ssc.o
                0x00000adc                phy_rx_exec
 .bss.xHigherPriorityTaskWoken.9824
                0x00000ae0        0x4 src/Application/radio/ssc.o
 .bss.count.9825
                0x00000ae4        0x4 src/Application/radio/ssc.o
 .bss.phy_tx_exec
                0x00000ae8        0x4 src/Application/radio/ssc.o
                0x00000ae8                phy_tx_exec
 .bss.version_information
                0x00000aec        0xc src/Application/radio/xcmp.o
                0x00000aec                version_information
 .bss.clone_read
                0x00000af8        0xc src/Application/radio/xcmp.o
                0x00000af8                clone_read
 .bss.xcmp_frame_rx
                0x00000b04        0x4 src/Application/radio/xcmp.o
 .bss.clone_write
                0x00000b08        0xc src/Application/radio/xcmp.o
                0x00000b08                clone_write
 .bss.automatic_frequency_correction_control
                0x00000b14        0xc src/Application/radio/xcmp.o
                0x00000b14                automatic_frequency_correction_control
 .bss.language_pack_information
                0x00000b20        0xc src/Application/radio/xcmp.o
                0x00000b20                language_pack_information
 .bss.radio_status
                0x00000b2c        0xc src/Application/radio/xcmp.o
                0x00000b2c                radio_status
 .bss.xnl_timeout_semphr
                0x00000b38        0x4 src/Application/radio/xnl.o
 .bss.flags.10672
                0x00000b3c        0x1 src/Application/radio/xnl.o
 *fill*         0x00000b3d        0x1 
 .bss.xnl_information
                0x00000b3e        0xa src/Application/radio/xnl.o
 .bss.xnl_tx_state.10716
                0x00000b48        0x4 src/Application/radio/xnl.o
 .bss.xnl_frame_tx
                0x00000b4c        0x4 src/Application/radio/xnl.o
 .bss.xnl_send_times.10717
                0x00000b50        0x4 src/Application/radio/xnl.o
 .bss.ptr.10718
                0x00000b54        0x4 src/Application/radio/xnl.o
 .bss.xcmp_exec
                0x00000b58        0x4 src/Application/radio/xnl.o
                0x00000b58                xcmp_exec
 .bss.rc522_init_failure
                0x00000b5c        0x1 src/Application/RFID/MFRC522/rc522.o
                0x00000b5c                rc522_init_failure
 *fill*         0x00000b5d        0x3 
 .bss.xg_resend_queue
                0x00000b60        0x4 src/Application/xgflash/xgflash.o
                0x00000b60                xg_resend_queue
 .bss.xgflash_mutex
                0x00000b64        0x4 src/Application/xgflash/xgflash.o
 .bss.message_storage_queue
                0x00000b68        0x4 src/Application/xgflash/xgflash.o
                0x00000b68                message_storage_queue
 .bss._int_line_handler_table_6
                0x00000b6c        0x4 src/ASF/avr32/drivers/intc/intc.o
 .bss._int_line_handler_table_7
                0x00000b70        0x4 src/ASF/avr32/drivers/intc/intc.o
 .bss._int_line_handler_table_8
                0x00000b74        0x4 src/ASF/avr32/drivers/intc/intc.o
 .bss._int_line_handler_table_9
                0x00000b78        0x4 src/ASF/avr32/drivers/intc/intc.o
 .bss._int_line_handler_table_10
                0x00000b7c        0x4 src/ASF/avr32/drivers/intc/intc.o
 .bss._int_line_handler_table_11
                0x00000b80        0x4 src/ASF/avr32/drivers/intc/intc.o
 .bss._int_line_handler_table_12
                0x00000b84        0x4 src/ASF/avr32/drivers/intc/intc.o
 .bss._int_line_handler_table_13
                0x00000b88        0x4 src/ASF/avr32/drivers/intc/intc.o
 .bss._int_line_handler_table_14
                0x00000b8c        0xc src/ASF/avr32/drivers/intc/intc.o
 .bss._int_line_handler_table_15
                0x00000b98        0x4 src/ASF/avr32/drivers/intc/intc.o
 .bss._int_line_handler_table_16
                0x00000b9c        0x4 src/ASF/avr32/drivers/intc/intc.o
 .bss._int_line_handler_table_17
                0x00000ba0        0x4 src/ASF/avr32/drivers/intc/intc.o
 .bss._int_line_handler_table_18
                0x00000ba4        0x4 src/ASF/avr32/drivers/intc/intc.o
 .bss._int_line_handler_table_0
                0x00000ba8        0x4 src/ASF/avr32/drivers/intc/intc.o
 .bss._int_line_handler_table_1
                0x00000bac       0x2c src/ASF/avr32/drivers/intc/intc.o
 .bss._int_line_handler_table_2
                0x00000bd8       0x18 src/ASF/avr32/drivers/intc/intc.o
 .bss._int_line_handler_table_3
                0x00000bf0       0x1c src/ASF/avr32/drivers/intc/intc.o
 .bss._int_line_handler_table_4
                0x00000c0c        0x4 src/ASF/avr32/drivers/intc/intc.o
 .bss._int_line_handler_table_5
                0x00000c10        0x4 src/ASF/avr32/drivers/intc/intc.o
 .bss.uxMissedTicks
                0x00000c14        0x4 src/ASF/thirdparty/freertos/freertos-7.0.0/source/tasks.o
 .bss.uxTopUsedPriority
                0x00000c18        0x4 src/ASF/thirdparty/freertos/freertos-7.0.0/source/tasks.o
 .bss.pxDelayedTaskList
                0x00000c1c        0x4 src/ASF/thirdparty/freertos/freertos-7.0.0/source/tasks.o
 .bss.xSchedulerRunning
                0x00000c20        0x4 src/ASF/thirdparty/freertos/freertos-7.0.0/source/tasks.o
 .bss.uxTasksDeleted
                0x00000c24        0x4 src/ASF/thirdparty/freertos/freertos-7.0.0/source/tasks.o
 .bss.xNumOfOverflows
                0x00000c28        0x4 src/ASF/thirdparty/freertos/freertos-7.0.0/source/tasks.o
 .bss.pxOverflowDelayedTaskList
                0x00000c2c        0x4 src/ASF/thirdparty/freertos/freertos-7.0.0/source/tasks.o
 .bss.pxReadyTasksLists
                0x00000c30       0xa0 src/ASF/thirdparty/freertos/freertos-7.0.0/source/tasks.o
 .bss.xTasksWaitingTermination
                0x00000cd0       0x14 src/ASF/thirdparty/freertos/freertos-7.0.0/source/tasks.o
 .bss.pxCurrentTCB
                0x00000ce4        0x4 src/ASF/thirdparty/freertos/freertos-7.0.0/source/tasks.o
                0x00000ce4                pxCurrentTCB
 .bss.xPendingReadyList
                0x00000ce8       0x14 src/ASF/thirdparty/freertos/freertos-7.0.0/source/tasks.o
 .bss.xDelayedTaskList1
                0x00000cfc       0x14 src/ASF/thirdparty/freertos/freertos-7.0.0/source/tasks.o
 .bss.xTickCount
                0x00000d10        0x4 src/ASF/thirdparty/freertos/freertos-7.0.0/source/tasks.o
 .bss.uxSchedulerSuspended
                0x00000d14        0x4 src/ASF/thirdparty/freertos/freertos-7.0.0/source/tasks.o
 .bss.xDelayedTaskList2
                0x00000d18       0x14 src/ASF/thirdparty/freertos/freertos-7.0.0/source/tasks.o
 .bss.uxTaskNumber
                0x00000d2c        0x4 src/ASF/thirdparty/freertos/freertos-7.0.0/source/tasks.o
 .bss.uxCurrentNumberOfTasks
                0x00000d30        0x4 src/ASF/thirdparty/freertos/freertos-7.0.0/source/tasks.o
 .bss.xMissedYield
                0x00000d34        0x4 src/ASF/thirdparty/freertos/freertos-7.0.0/source/tasks.o
 .bss.xSuspendedTaskList
                0x00000d38       0x14 src/ASF/thirdparty/freertos/freertos-7.0.0/source/tasks.o
 .bss.uxTopReadyPriority
                0x00000d4c        0x4 src/ASF/thirdparty/freertos/freertos-7.0.0/source/tasks.o
 .bss.lench.11294
                0x00000d50        0x1 src/Log/log.o
 .bss.lench.11364
                0x00000d51        0x1 src/Log/log.o
 *fill*         0x00000d52        0x2 
 .bss.__malloc_max_total_mem
                0x00000d54        0x4 e:/program x86/atmel/studio/7.0/toolchain/avr32/avr32-gnu-toolchain/bin/../lib/gcc/avr32/4.4.7/../../../../avr32/lib/ucr2\libc.a(lib_a-mallocr.o)
                0x00000d54                __malloc_max_total_mem
 .bss.__malloc_max_sbrked_mem
                0x00000d58        0x4 e:/program x86/atmel/studio/7.0/toolchain/avr32/avr32-gnu-toolchain/bin/../lib/gcc/avr32/4.4.7/../../../../avr32/lib/ucr2\libc.a(lib_a-mallocr.o)
                0x00000d58                __malloc_max_sbrked_mem
 .bss.__malloc_top_pad
                0x00000d5c        0x4 e:/program x86/atmel/studio/7.0/toolchain/avr32/avr32-gnu-toolchain/bin/../lib/gcc/avr32/4.4.7/../../../../avr32/lib/ucr2\libc.a(lib_a-mallocr.o)
                0x00000d5c                __malloc_top_pad
 .bss.__malloc_current_mallinfo
                0x00000d60       0x28 e:/program x86/atmel/studio/7.0/toolchain/avr32/avr32-gnu-toolchain/bin/../lib/gcc/avr32/4.4.7/../../../../avr32/lib/ucr2\libc.a(lib_a-mallocr.o)
                0x00000d60                __malloc_current_mallinfo
 .bss.cur_heap_pos.1869
                0x00000d88        0x4 e:/program x86/atmel/studio/7.0/toolchain/avr32/avr32-gnu-toolchain/bin/../lib/gcc/avr32/4.4.7/../../../../avr32/lib/ucr2\libc.a(lib_a-syscalls.o)
 *(COMMON)
 COMMON         0x00000d8c      0x28a src/Application/app/app.o
                0x00000d8c                bunchofrandomstatusflags
                0x00000d90                Current_time
                0x00000d96                message_store
 *fill*         0x00001016        0x2 
 COMMON         0x00001018     0x1004 src/Application/flash/data_flash.o
                0x00001018                FLASH_BUF
                0x00002018                spi
 COMMON         0x0000201c      0x122 src/Application/radio/ambe.o
                0x0000201c                AMBEBurst_rawdata
                0x00002024                Radio_Internal_Data
                0x00002028                AMBE_DecryptionKey
                0x00002030                SendAMBEBurst_EncryptionPackage
                0x00002120                VBSP_data
                0x00002124                Soft_Decision_Data
 COMMON         0x0000213e     0x3200 src/Application/radio/physical.o
                0x0000213e                payload_store
                0x0000353e                xnl_store
 *fill*         0x0000533e        0x2 
 COMMON         0x00005340       0x4c src/Application/radio/ssc.o
                0x00005340                intDuration
                0x00005344                BufferIndex
                0x00005348                intStartCount
                0x0000534c                RxBuffer
                0x0000536c                TxBuffer
 COMMON         0x0000538c        0x4 src/Application/radio/xcmp.o
                0x0000538c                app_list
 COMMON         0x00005390       0x18 src/Application/RFID/RFID.o
                0x00005390                RFID
                0x000053a0                CT
                0x000053a4                SN
 COMMON         0x000053a8        0x8 src/Application/xgflash/xgflash.o
                0x000053a8                xBinarySemaphore
                0x000053ac                save_handle
 COMMON         0x000053b0        0x4 src/ASF/avr32/drivers/spi/spi.o
                0x000053b0                xSPIMutex
 COMMON         0x000053b4        0x4 src/ASF/thirdparty/freertos/freertos-7.0.0/source/portable/gcc/avr32_uc3/write.o
                0x000053b4                stdio_usart_base
 COMMON         0x000053b8        0x4 src/Log/log.o
                0x000053b8                logQueue
 COMMON         0x000053bc        0x4 e:/program x86/atmel/studio/7.0/toolchain/avr32/avr32-gnu-toolchain/bin/../lib/gcc/avr32/4.4.7/../../../../avr32/lib/ucr2\libc.a(lib_a-reent.o)
                0x000053bc                errno
                0x000053c0                . = ALIGN (0x8)
                0x000053c0                . = ALIGN (0x8)
                0x000053c0                _end = .
                0x000053c0                PROVIDE (end, .)
                0x000053c0                __heap_start__ = ALIGN (0x8)
                0x00017000                . = ((ORIGIN (CPUSRAM) + 0x17ffc) - _stack_size)
                0x00017000                __heap_end__ = .

.stab
 *(.stab)

.stabstr
 *(.stabstr)

.stab.excl
 *(.stab.excl)

.stab.exclstr
 *(.stab.exclstr)

.stab.index
 *(.stab.index)

.stab.indexstr
 *(.stab.indexstr)

.comment        0x00000000       0x30
 *(.comment)
 .comment       0x00000000       0x30 src/Application/app/app.o
                                 0x31 (size before relaxing)
 .comment       0x00000000       0x31 src/Application/flash/data_flash.o
 .comment       0x00000000       0x31 src/Application/myrtc/xgrtc.o
 .comment       0x00000000       0x31 src/Application/radio/ambe.o
 .comment       0x00000000       0x31 src/Application/radio/payload.o
 .comment       0x00000000       0x31 src/Application/radio/physical.o
 .comment       0x00000000       0x31 src/Application/radio/ssc.o
 .comment       0x00000000       0x31 src/Application/radio/xcmp.o
 .comment       0x00000000       0x31 src/Application/radio/xnl.o
 .comment       0x00000000       0x31 src/Application/RFID/MFRC522/rc522.o
 .comment       0x00000000       0x31 src/Application/RFID/RFID.o
 .comment       0x00000000       0x31 src/Application/timers/timer.o
 .comment       0x00000000       0x31 src/Application/xgflash/xgflash.o
 .comment       0x00000000       0x31 src/ASF/avr32/drivers/flashc/flashc.o
 .comment       0x00000000       0x31 src/ASF/avr32/drivers/gpio/gpio.o
 .comment       0x00000000       0x31 src/ASF/avr32/drivers/intc/intc.o
 .comment       0x00000000       0x31 src/ASF/avr32/drivers/pm/pm.o
 .comment       0x00000000       0x31 src/ASF/avr32/drivers/rtc/rtc.o
 .comment       0x00000000       0x31 src/ASF/avr32/drivers/spi/spi.o
 .comment       0x00000000       0x31 src/ASF/avr32/drivers/usart/usart.o
 .comment       0x00000000       0x31 src/ASF/thirdparty/freertos/freertos-7.0.0/source/list.o
 .comment       0x00000000       0x31 src/ASF/thirdparty/freertos/freertos-7.0.0/source/portable/gcc/avr32_uc3/port.o
 .comment       0x00000000       0x31 src/ASF/thirdparty/freertos/freertos-7.0.0/source/portable/gcc/avr32_uc3/read.o
 .comment       0x00000000       0x31 src/ASF/thirdparty/freertos/freertos-7.0.0/source/portable/gcc/avr32_uc3/write.o
 .comment       0x00000000       0x31 src/ASF/thirdparty/freertos/freertos-7.0.0/source/portable/memmang/heap_3.o
 .comment       0x00000000       0x31 src/ASF/thirdparty/freertos/freertos-7.0.0/source/queue.o
 .comment       0x00000000       0x31 src/ASF/thirdparty/freertos/freertos-7.0.0/source/tasks.o
 .comment       0x00000000       0x31 src/Log/log.o
 .comment       0x00000000       0x31 src/main.o
 .comment       0x00000000       0x31 e:/program x86/atmel/studio/7.0/toolchain/avr32/avr32-gnu-toolchain/bin/../lib/gcc/avr32/4.4.7/../../../../avr32/lib/ucr2\libc.a(lib_a-malloc.o)
 .comment       0x00000000       0x31 e:/program x86/atmel/studio/7.0/toolchain/avr32/avr32-gnu-toolchain/bin/../lib/gcc/avr32/4.4.7/../../../../avr32/lib/ucr2\libc.a(lib_a-mallocr.o)
 .comment       0x00000000       0x31 e:/program x86/atmel/studio/7.0/toolchain/avr32/avr32-gnu-toolchain/bin/../lib/gcc/avr32/4.4.7/../../../../avr32/lib/ucr2\libc.a(lib_a-memset.o)
 .comment       0x00000000       0x31 e:/program x86/atmel/studio/7.0/toolchain/avr32/avr32-gnu-toolchain/bin/../lib/gcc/avr32/4.4.7/../../../../avr32/lib/ucr2\libc.a(lib_a-reallocr.o)
 .comment       0x00000000       0x31 e:/program x86/atmel/studio/7.0/toolchain/avr32/avr32-gnu-toolchain/bin/../lib/gcc/avr32/4.4.7/../../../../avr32/lib/ucr2\libc.a(lib_a-sbrkr.o)
 .comment       0x00000000       0x31 e:/program x86/atmel/studio/7.0/toolchain/avr32/avr32-gnu-toolchain/bin/../lib/gcc/avr32/4.4.7/../../../../avr32/lib/ucr2\libc.a(lib_a-sprintf.o)
 .comment       0x00000000       0x31 e:/program x86/atmel/studio/7.0/toolchain/avr32/avr32-gnu-toolchain/bin/../lib/gcc/avr32/4.4.7/../../../../avr32/lib/ucr2\libc.a(lib_a-syscalls.o)
 .comment       0x00000000       0x31 e:/program x86/atmel/studio/7.0/toolchain/avr32/avr32-gnu-toolchain/bin/../lib/gcc/avr32/4.4.7/../../../../avr32/lib/ucr2\libc.a(lib_a-vfprintf.o)
 .comment       0x00000000       0x31 e:/program x86/atmel/studio/7.0/toolchain/avr32/avr32-gnu-toolchain/bin/../lib/gcc/avr32/4.4.7/../../../../avr32/lib/ucr2\libc.a(lib_a-wsetup.o)
 .comment       0x00000000       0x31 e:/program x86/atmel/studio/7.0/toolchain/avr32/avr32-gnu-toolchain/bin/../lib/gcc/avr32/4.4.7/../../../../avr32/lib/ucr2\libc.a(lib_a-dtoa.o)
 .comment       0x00000000       0x31 e:/program x86/atmel/studio/7.0/toolchain/avr32/avr32-gnu-toolchain/bin/../lib/gcc/avr32/4.4.7/../../../../avr32/lib/ucr2\libc.a(lib_a-errno.o)
 .comment       0x00000000       0x31 e:/program x86/atmel/studio/7.0/toolchain/avr32/avr32-gnu-toolchain/bin/../lib/gcc/avr32/4.4.7/../../../../avr32/lib/ucr2\libc.a(lib_a-fflush.o)
 .comment       0x00000000       0x31 e:/program x86/atmel/studio/7.0/toolchain/avr32/avr32-gnu-toolchain/bin/../lib/gcc/avr32/4.4.7/../../../../avr32/lib/ucr2\libc.a(lib_a-findfp.o)
 .comment       0x00000000       0x31 e:/program x86/atmel/studio/7.0/toolchain/avr32/avr32-gnu-toolchain/bin/../lib/gcc/avr32/4.4.7/../../../../avr32/lib/ucr2\libc.a(lib_a-freer.o)
 .comment       0x00000000       0x31 e:/program x86/atmel/studio/7.0/toolchain/avr32/avr32-gnu-toolchain/bin/../lib/gcc/avr32/4.4.7/../../../../avr32/lib/ucr2\libc.a(lib_a-fvwrite.o)
 .comment       0x00000000       0x31 e:/program x86/atmel/studio/7.0/toolchain/avr32/avr32-gnu-toolchain/bin/../lib/gcc/avr32/4.4.7/../../../../avr32/lib/ucr2\libc.a(lib_a-fwalk.o)
 .comment       0x00000000       0x31 e:/program x86/atmel/studio/7.0/toolchain/avr32/avr32-gnu-toolchain/bin/../lib/gcc/avr32/4.4.7/../../../../avr32/lib/ucr2\libc.a(lib_a-impure.o)
 .comment       0x00000000       0x31 e:/program x86/atmel/studio/7.0/toolchain/avr32/avr32-gnu-toolchain/bin/../lib/gcc/avr32/4.4.7/../../../../avr32/lib/ucr2\libc.a(lib_a-locale.o)
 .comment       0x00000000       0x31 e:/program x86/atmel/studio/7.0/toolchain/avr32/avr32-gnu-toolchain/bin/../lib/gcc/avr32/4.4.7/../../../../avr32/lib/ucr2\libc.a(lib_a-makebuf.o)
 .comment       0x00000000       0x31 e:/program x86/atmel/studio/7.0/toolchain/avr32/avr32-gnu-toolchain/bin/../lib/gcc/avr32/4.4.7/../../../../avr32/lib/ucr2\libc.a(lib_a-memchr.o)
 .comment       0x00000000       0x31 e:/program x86/atmel/studio/7.0/toolchain/avr32/avr32-gnu-toolchain/bin/../lib/gcc/avr32/4.4.7/../../../../avr32/lib/ucr2\libc.a(lib_a-memmove.o)
 .comment       0x00000000       0x31 e:/program x86/atmel/studio/7.0/toolchain/avr32/avr32-gnu-toolchain/bin/../lib/gcc/avr32/4.4.7/../../../../avr32/lib/ucr2\libc.a(lib_a-mprec.o)
 .comment       0x00000000       0x31 e:/program x86/atmel/studio/7.0/toolchain/avr32/avr32-gnu-toolchain/bin/../lib/gcc/avr32/4.4.7/../../../../avr32/lib/ucr2\libc.a(lib_a-reent.o)
 .comment       0x00000000       0x31 e:/program x86/atmel/studio/7.0/toolchain/avr32/avr32-gnu-toolchain/bin/../lib/gcc/avr32/4.4.7/../../../../avr32/lib/ucr2\libc.a(lib_a-s_isinfd.o)
 .comment       0x00000000       0x31 e:/program x86/atmel/studio/7.0/toolchain/avr32/avr32-gnu-toolchain/bin/../lib/gcc/avr32/4.4.7/../../../../avr32/lib/ucr2\libc.a(lib_a-s_isnand.o)
 .comment       0x00000000       0x31 e:/program x86/atmel/studio/7.0/toolchain/avr32/avr32-gnu-toolchain/bin/../lib/gcc/avr32/4.4.7/../../../../avr32/lib/ucr2\libc.a(lib_a-stdio.o)
 .comment       0x00000000       0x31 e:/program x86/atmel/studio/7.0/toolchain/avr32/avr32-gnu-toolchain/bin/../lib/gcc/avr32/4.4.7/../../../../avr32/lib/ucr2\libc.a(lib_a-strlen.o)
 .comment       0x00000000       0x31 e:/program x86/atmel/studio/7.0/toolchain/avr32/avr32-gnu-toolchain/bin/../lib/gcc/avr32/4.4.7/../../../../avr32/lib/ucr2\libc.a(lib_a-writer.o)
 .comment       0x00000000       0x31 e:/program x86/atmel/studio/7.0/toolchain/avr32/avr32-gnu-toolchain/bin/../lib/gcc/avr32/4.4.7/../../../../avr32/lib/ucr2\libc.a(lib_a-callocr.o)
 .comment       0x00000000       0x31 e:/program x86/atmel/studio/7.0/toolchain/avr32/avr32-gnu-toolchain/bin/../lib/gcc/avr32/4.4.7/../../../../avr32/lib/ucr2\libc.a(lib_a-closer.o)