Archive member included because of file (symbol)

e:/program x86/atmel/studio/7.0/toolchain/avr32/avr32-gnu-toolchain/bin/../lib/gcc/avr32/4.4.7/../../../../avr32/lib/ucr2\libc.a(lib_a-malloc.o)
                              src/ASF/thirdparty/freertos/freertos-7.0.0/source/portable/memmang/heap_3.o (free)
e:/program x86/atmel/studio/7.0/toolchain/avr32/avr32-gnu-toolchain/bin/../lib/gcc/avr32/4.4.7/../../../../avr32/lib/ucr2\libc.a(lib_a-mallocr.o)
                              e:/program x86/atmel/studio/7.0/toolchain/avr32/avr32-gnu-toolchain/bin/../lib/gcc/avr32/4.4.7/../../../../avr32/lib/ucr2\libc.a(lib_a-malloc.o) (_malloc_r)
e:/program x86/atmel/studio/7.0/toolchain/avr32/avr32-gnu-toolchain/bin/../lib/gcc/avr32/4.4.7/../../../../avr32/lib/ucr2\libc.a(lib_a-memcmp.o)
                              src/Application/voice/voice.o (memcmp)
e:/program x86/atmel/studio/7.0/toolchain/avr32/avr32-gnu-toolchain/bin/../lib/gcc/avr32/4.4.7/../../../../avr32/lib/ucr2\libc.a(lib_a-memcpy.o)
                              src/Application/app/app.o (memcpy)
e:/program x86/atmel/studio/7.0/toolchain/avr32/avr32-gnu-toolchain/bin/../lib/gcc/avr32/4.4.7/../../../../avr32/lib/ucr2\libc.a(lib_a-memset.o)
                              src/Application/radio/physical.o (memset)
e:/program x86/atmel/studio/7.0/toolchain/avr32/avr32-gnu-toolchain/bin/../lib/gcc/avr32/4.4.7/../../../../avr32/lib/ucr2\libc.a(lib_a-realloc.o)
                              src/ASF/thirdparty/freertos/freertos-7.0.0/source/portable/gcc/avr32_uc3/port.o (realloc)
e:/program x86/atmel/studio/7.0/toolchain/avr32/avr32-gnu-toolchain/bin/../lib/gcc/avr32/4.4.7/../../../../avr32/lib/ucr2\libc.a(lib_a-reallocr.o)
                              e:/program x86/atmel/studio/7.0/toolchain/avr32/avr32-gnu-toolchain/bin/../lib/gcc/avr32/4.4.7/../../../../avr32/lib/ucr2\libc.a(lib_a-realloc.o) (_realloc_r)
e:/program x86/atmel/studio/7.0/toolchain/avr32/avr32-gnu-toolchain/bin/../lib/gcc/avr32/4.4.7/../../../../avr32/lib/ucr2\libc.a(lib_a-sbrkr.o)
                              e:/program x86/atmel/studio/7.0/toolchain/avr32/avr32-gnu-toolchain/bin/../lib/gcc/avr32/4.4.7/../../../../avr32/lib/ucr2\libc.a(lib_a-mallocr.o) (_sbrk_r)
e:/program x86/atmel/studio/7.0/toolchain/avr32/avr32-gnu-toolchain/bin/../lib/gcc/avr32/4.4.7/../../../../avr32/lib/ucr2\libc.a(lib_a-sprintf.o)
                              src/Log/log.o (sprintf)
e:/program x86/atmel/studio/7.0/toolchain/avr32/avr32-gnu-toolchain/bin/../lib/gcc/avr32/4.4.7/../../../../avr32/lib/ucr2\libc.a(lib_a-strncpy.o)
                              src/ASF/thirdparty/freertos/freertos-7.0.0/source/tasks.o (strncpy)
e:/program x86/atmel/studio/7.0/toolchain/avr32/avr32-gnu-toolchain/bin/../lib/gcc/avr32/4.4.7/../../../../avr32/lib/ucr2\libc.a(lib_a-syscalls.o)
                              e:/program x86/atmel/studio/7.0/toolchain/avr32/avr32-gnu-toolchain/bin/../lib/gcc/avr32/4.4.7/../../../../avr32/lib/ucr2\libc.a(lib_a-sbrkr.o) (_sbrk)
e:/program x86/atmel/studio/7.0/toolchain/avr32/avr32-gnu-toolchain/bin/../lib/gcc/avr32/4.4.7/../../../../avr32/lib/ucr2\libc.a(lib_a-vfprintf.o)
                              e:/program x86/atmel/studio/7.0/toolchain/avr32/avr32-gnu-toolchain/bin/../lib/gcc/avr32/4.4.7/../../../../avr32/lib/ucr2\libc.a(lib_a-sprintf.o) (_vfprintf_r)
e:/program x86/atmel/studio/7.0/toolchain/avr32/avr32-gnu-toolchain/bin/../lib/gcc/avr32/4.4.7/../../../../avr32/lib/ucr2\libc.a(lib_a-wsetup.o)
                              e:/program x86/atmel/studio/7.0/toolchain/avr32/avr32-gnu-toolchain/bin/../lib/gcc/avr32/4.4.7/../../../../avr32/lib/ucr2\libc.a(lib_a-vfprintf.o) (__swsetup_r)
e:/program x86/atmel/studio/7.0/toolchain/avr32/avr32-gnu-toolchain/bin/../lib/gcc/avr32/4.4.7/../../../../avr32/lib/ucr2\libc.a(lib_a-dtoa.o)
                              e:/program x86/atmel/studio/7.0/toolchain/avr32/avr32-gnu-toolchain/bin/../lib/gcc/avr32/4.4.7/../../../../avr32/lib/ucr2\libc.a(lib_a-vfprintf.o) (_dtoa_r)
e:/program x86/atmel/studio/7.0/toolchain/avr32/avr32-gnu-toolchain/bin/../lib/gcc/avr32/4.4.7/../../../../avr32/lib/ucr2\libc.a(lib_a-errno.o)
                              e:/program x86/atmel/studio/7.0/toolchain/avr32/avr32-gnu-toolchain/bin/../lib/gcc/avr32/4.4.7/../../../../avr32/lib/ucr2\libc.a(lib_a-syscalls.o) (__errno)
e:/program x86/atmel/studio/7.0/toolchain/avr32/avr32-gnu-toolchain/bin/../lib/gcc/avr32/4.4.7/../../../../avr32/lib/ucr2\libc.a(lib_a-fflush.o)
                              e:/program x86/atmel/studio/7.0/toolchain/avr32/avr32-gnu-toolchain/bin/../lib/gcc/avr32/4.4.7/../../../../avr32/lib/ucr2\libc.a(lib_a-vfprintf.o) (_fflush_r)
e:/program x86/atmel/studio/7.0/toolchain/avr32/avr32-gnu-toolchain/bin/../lib/gcc/avr32/4.4.7/../../../../avr32/lib/ucr2\libc.a(lib_a-findfp.o)
                              e:/program x86/atmel/studio/7.0/toolchain/avr32/avr32-gnu-toolchain/bin/../lib/gcc/avr32/4.4.7/../../../../avr32/lib/ucr2\libc.a(lib_a-vfprintf.o) (__sinit)
[...]
Memory Configuration

Name             Origin             Length             Attributes
FLASH            0x80000000         0x00080000         axrl !w
CPUSRAM          0x00000004         0x00017ffc         axw !rl
USERPAGE         0x80800000         0x00000200
FACTORYPAGE      0x80800200         0x00000200
*default*        0x00000000         0xffffffff

Linker script and memory map

                0x00001000                _stack_size = 0x1000
LOAD src/Application/app/app.o
LOAD src/Application/flash/data_flash.o
LOAD src/Application/myrtc/xgrtc.o
LOAD src/Application/radio/ambe.o
LOAD src/Application/radio/AMBE_audio.o
LOAD src/Application/radio/AMBE_audio_2.o
LOAD src/Application/radio/audio.o
LOAD src/Application/radio/payload.o
LOAD src/Application/radio/physical.o
LOAD src/Application/radio/ssc.o
LOAD src/Application/radio/xcmp.o
LOAD src/Application/radio/xnl.o
LOAD src/Application/RFID/MFRC522/rc522.o
LOAD src/Application/RFID/RFID.o
LOAD src/Application/timers/timer.o
LOAD src/Application/voice/voice.o
LOAD src/Application/xgflash/xgflash.o
LOAD src/ASF/avr32/drivers/flashc/flashc.o
LOAD src/ASF/avr32/drivers/gpio/gpio.o
LOAD src/ASF/avr32/drivers/intc/intc.o
LOAD src/ASF/avr32/drivers/pm/pm.o
LOAD src/ASF/avr32/drivers/pm/pm_conf_clocks.o
LOAD src/ASF/avr32/drivers/pm/power_clocks_lib.o
LOAD src/ASF/avr32/drivers/rtc/rtc.o
LOAD src/ASF/avr32/drivers/spi/spi.o
LOAD src/ASF/avr32/drivers/tc/tc.o
LOAD src/ASF/avr32/drivers/twi/twi.o
LOAD src/ASF/avr32/drivers/usart/usart.o
LOAD src/ASF/avr32/utils/startup/startup_uc3.o
LOAD src/ASF/avr32/utils/startup/trampoline_uc3.o
LOAD src/ASF/common/boards/user_board/init.o
LOAD src/ASF/common/services/clock/uc3b0_b1/sysclk.o
LOAD src/ASF/common/services/spi/uc3_spi/spi_master.o
LOAD src/ASF/common/services/spi/uc3_usart_spi/usart_spi.o
LOAD src/ASF/thirdparty/freertos/freertos-7.0.0/source/croutine.o
LOAD src/ASF/thirdparty/freertos/freertos-7.0.0/source/list.o
LOAD src/ASF/thirdparty/freertos/freertos-7.0.0/source/portable/gcc/avr32_uc3/exception.o
LOAD src/ASF/thirdparty/freertos/freertos-7.0.0/source/portable/gcc/avr32_uc3/port.o
LOAD src/ASF/thirdparty/freertos/freertos-7.0.0/source/portable/gcc/avr32_uc3/read.o
LOAD src/ASF/thirdparty/freertos/freertos-7.0.0/source/portable/gcc/avr32_uc3/write.o
LOAD src/ASF/thirdparty/freertos/freertos-7.0.0/source/portable/memmang/heap_3.o
LOAD src/ASF/thirdparty/freertos/freertos-7.0.0/source/queue.o
LOAD src/ASF/thirdparty/freertos/freertos-7.0.0/source/tasks.o
LOAD src/Log/log.o
LOAD src/main.o
START GROUP
LOAD e:/program x86/atmel/studio/7.0/toolchain/avr32/avr32-gnu-toolchain/bin/../lib/gcc/avr32/4.4.7/../../../../avr32/lib/ucr2\libm.a
END GROUP
LOAD e:/program x86/atmel/studio/7.0/toolchain/avr32/avr32-gnu-toolchain/bin/../lib/gcc/avr32/4.4.7/ucr2\libgcc.a
LOAD e:/program x86/atmel/studio/7.0/toolchain/avr32/avr32-gnu-toolchain/bin/../lib/gcc/avr32/4.4.7/../../../../avr32/lib/ucr2\libc.a
LOAD e:/program x86/atmel/studio/7.0/toolchain/avr32/avr32-gnu-toolchain/bin/../lib/gcc/avr32/4.4.7/ucr2\libgcc.a
                0x80000000                PROVIDE (__executable_start, 0x80000000)
                0x80000000                . = 0x80000000

.interp
 *(.interp)

.reset          0x80000000     0x2004
 *(.reset)
 .reset         0x80000000     0x2004 src/ASF/avr32/utils/startup/trampoline_uc3.o
                               0x2008 (size before relaxing)
                0x80000000                _trampoline

.hash
 *(.hash)

.dynsym
 *(.dynsym)

.dynstr
 *(.dynstr)

.gnu.version
 *(.gnu.version)

.gnu.version_d
 *(.gnu.version_d)

.gnu.version_r
 *(.gnu.version_r)

.rel.init
 *(.rel.init)

.rela.init
 *(.rela.init)

.rel.text
 *(.rel.text .rel.text.* .rel.gnu.linkonce.t.*)

.rela.text
 *(.rela.text .rela.text.* .rela.gnu.linkonce.t.*)

.rel.fini
 *(.rel.fini)

.rela.fini
 *(.rela.fini)

.rel.rodata
 *(.rel.rodata .rel.rodata.* .rel.gnu.linkonce.r.*)

.rela.rodata
 *(.rela.rodata .rela.rodata.* .rela.gnu.linkonce.r.*)

.rel.data.rel.ro
 *(.rel.data.rel.ro*)

.rela.data.rel.ro
 *(.rel.data.rel.ro*)

.rel.data
 *(.rel.data .rel.data.* .rel.gnu.linkonce.d.*)

.rela.data
 *(.rela.data .rela.data.* .rela.gnu.linkonce.d.*)

.rel.tdata
 *(.rel.tdata .rel.tdata.* .rel.gnu.linkonce.td.*)

.rela.tdata
 *(.rela.tdata .rela.tdata.* .rela.gnu.linkonce.td.*)

.rel.tbss
 *(.rel.tbss .rel.tbss.* .rel.gnu.linkonce.tb.*)

.rela.tbss
 *(.rela.tbss .rela.tbss.* .rela.gnu.linkonce.tb.*)

.rel.ctors
 *(.rel.ctors)

.rela.ctors
 *(.rela.ctors)

.rel.dtors
 *(.rel.dtors)

.rela.dtors
 *(.rela.dtors)

.rel.got
 *(.rel.got)

.rela.got       0x80002004        0x0
 *(.rela.got)
 .rela.got      0x80002004        0x0 src/Application/app/app.o

.rel.bss
 *(.rel.bss .rel.bss.* .rel.gnu.linkonce.b.*)

.rela.bss
 *(.rela.bss .rela.bss.* .rela.gnu.linkonce.b.*)

.rel.plt
 *(.rel.plt)

.rela.plt
 *(.rela.plt)

.init
 *(.init)

.plt
 *(.plt)

.text           0x80002004     0xac34
 *(.text .stub .text.* .gnu.linkonce.t.*)
 .text.DeviceManagement_brdcst_func
                0x80002004       0x24 src/Application/app/app.o
                0x80002004                DeviceManagement_brdcst_func
 .text.Volume_brdcst_func
                0x80002028        0x2 src/Application/app/app.o
                0x80002028                Volume_brdcst_func
 .text.AudioRoutingControl_brdcst_func
                0x8000202a        0x2 src/Application/app/app.o
                0x8000202a                AudioRoutingControl_brdcst_func
 .text.vApplicationIdleHook
                0x8000202c       0x10 src/Application/app/app.o
                0x8000202c                vApplicationIdleHook
 .text.app_init
                0x8000203c       0x54 src/Application/app/app.o
                0x8000203c                app_init
 .text.app_payload_tx_proc
                0x80002090       0x14 src/Application/app/app.o
 .text.app_payload_rx_proc
                0x800020a4       0x34 src/Application/app/app.o
 .text.FD_brdcst_func
                0x800020d8       0x14 src/Application/app/app.o
                0x800020d8                FD_brdcst_func
 .text.FD_reply_func
                0x800020ec       0x14 src/Application/app/app.o
                0x800020ec                FD_reply_func
 .text.FD_request_func
                0x80002100       0x14 src/Application/app/app.o
                0x80002100                FD_request_func
 .text.EnOB_brdcst_func
                0x80002114       0x14 src/Application/app/app.o
                0x80002114                EnOB_brdcst_func
 .text.EnOB_reply_func
                0x80002128       0x70 src/Application/app/app.o
                0x80002128                EnOB_reply_func
 .text.SingleDetection_brdcst_func
                0x80002198       0x4c src/Application/app/app.o
                0x80002198                SingleDetection_brdcst_func
 .text.ButtonConfig_brdcst_func
                0x800021e4       0xdc src/Application/app/app.o
                0x800021e4                ButtonConfig_brdcst_func
 .text.ButtonConfig_reply_func
                0x800022c0       0x44 src/Application/app/app.o
                0x800022c0                ButtonConfig_reply_func
 .text.BatteryLevel_brdcst_func
                0x80002304       0x58 src/Application/app/app.o
                0x80002304                BatteryLevel_brdcst_func
 .text.ShutDown_brdcst_func
                0x8000235c       0x30 src/Application/app/app.o
                0x8000235c                ShutDown_brdcst_func
 .text.DataSession_reply_func
                0x8000238c       0x7c src/Application/app/app.o
                0x8000238c                DataSession_reply_func
 .text.CallControl_brdcst_func
                0x80002408       0x44 src/Application/app/app.o
                0x80002408                CallControl_brdcst_func
 .text.TransmitControl_brdcst_func
                0x8000244c       0x48 src/Application/app/app.o
                0x8000244c                TransmitControl_brdcst_func
 .text.TransmitControl_reply_func
                0x80002494       0x60 src/Application/app/app.o
                0x80002494                TransmitControl_reply_func
 .text.AudioRoutingControl_reply_func
                0x800024f4       0x28 src/Application/app/app.o
                0x800024f4                AudioRoutingControl_reply_func
 .text.Volume_reply_func
                0x8000251c       0x64 src/Application/app/app.o
                0x8000251c                Volume_reply_func
 .text.spk_brdcst_func
                0x80002580       0x38 src/Application/app/app.o
                0x80002580                spk_brdcst_func
 .text.spk_reply_func
                0x800025b8       0x48 src/Application/app/app.o
                0x800025b8                spk_reply_func
 .text.mic_brdcst_func
                0x80002600       0x58 src/Application/app/app.o
                0x80002600                mic_brdcst_func
 .text.mic_reply_func
                0x80002658       0x94 src/Application/app/app.o
                0x80002658                mic_reply_func
 .text.dcm_brdcst_func
                0x800026ec       0x48 src/Application/app/app.o
                0x800026ec                dcm_brdcst_func
 .text.dcm_reply_func
                0x80002734       0x68 src/Application/app/app.o
                0x80002734                dcm_reply_func
 .text.ToneControl_reply_func
                0x8000279c       0x28 src/Application/app/app.o
                0x8000279c                ToneControl_reply_func
 .text.app_cfg  0x800027c4       0xf0 src/Application/app/app.o
 .text.Phyuserinput_brdcst_func
                0x800028b4       0x58 src/Application/app/app.o
                0x800028b4                Phyuserinput_brdcst_func
 .text.DataSession_brdcst_func
                0x8000290c       0xfc src/Application/app/app.o
                0x8000290c                DataSession_brdcst_func
 .text.DeviceInitializationStatus_brdcst_func
                0x80002a08       0x38 src/Application/app/app.o
                0x80002a08                DeviceInitializationStatus_brdcst_func
 .text.W25Q64_SPI_SetSpeed
                0x80002a40       0x24 src/Application/flash/data_flash.o
                0x80002a40                W25Q64_SPI_SetSpeed
 .text.W25Q64_SPI_SetSpeedHi
                0x80002a64       0x10 src/Application/flash/data_flash.o
                0x80002a64                W25Q64_SPI_SetSpeedHi
 .text.data_flash_init
                0x80002a74      0x12c src/Application/flash/data_flash.o
                0x80002a74                data_flash_init
 .text.CalculateBurst
                0x80002ba0       0x1c src/Application/radio/ambe.o
                0x80002ba0                CalculateBurst
 .text.payload_init
                0x80002bbc       0x14 src/Application/radio/payload.o
                0x80002bbc                payload_init
 .text.set_idle_store_isr
                0x80002bd0       0x1c src/Application/radio/physical.o
                0x80002bd0                set_idle_store_isr
 .text.payload_rx
                0x80002bec       0x18 src/Application/radio/physical.o
 .text.phy_rx   0x80002c04       0x38 src/Application/radio/physical.o
                0x80002c04                phy_rx
 .text.set_idle_store
                0x80002c3c       0x20 src/Application/radio/physical.o
                0x80002c3c                set_idle_store
 .text.phy_tx   0x80002c5c       0x5c src/Application/radio/physical.o
                0x80002c5c                phy_tx
 .text.get_idle_store_isr
                0x80002cb8       0x28 src/Application/radio/physical.o
                0x80002cb8                get_idle_store_isr
 .text.phy_tx_func
                0x80002ce0      0x108 src/Application/radio/physical.o
 .text.get_idle_store
                0x80002de8       0x28 src/Application/radio/physical.o
                0x80002de8                get_idle_store
 .text.phy_init
                0x80002e10       0x28 src/Application/radio/physical.o
                0x80002e10                phy_init
 .text.phy_rx_func
                0x80002e38      0xf24 src/Application/radio/physical.o
 .text.pdca_int_handler
                0x80003d5c       0x80 src/Application/radio/ssc.o
 .text.local_start_SSC
                0x80003ddc       0x44 src/Application/radio/ssc.o
                0x80003ddc                local_start_SSC
 .text.local_start_PDC
                0x80003e20       0x6c src/Application/radio/ssc.o
                0x80003e20                local_start_PDC
 .text.register_rx_tx_func
                0x80003e8c       0x14 src/Application/radio/ssc.o
                0x80003e8c                register_rx_tx_func
 .text.ssc_init
                0x80003ea0       0x74 src/Application/radio/ssc.o
                0x80003ea0                ssc_init
 .text.xcmp_register_app_list
                0x80003f14        0xc src/Application/radio/xcmp.o
                0x80003f14                xcmp_register_app_list
 .text.xcmp_tx  0x80003f20       0x48 src/Application/radio/xcmp.o
 .text.xcmp_data_session_req
                0x80003f68       0x8c src/Application/radio/xcmp.o
                0x80003f68                xcmp_data_session_req
 .text.xcmp_DeviceInitializationStatus_request
                0x80003ff4       0x40 src/Application/radio/xcmp.o
                0x80003ff4                xcmp_DeviceInitializationStatus_request
 .text.xcmp_opcode_not_supported
                0x80004034       0x24 src/Application/radio/xcmp.o
                0x80004034                xcmp_opcode_not_supported
 .text.xcmp_exec_func
                0x80004058       0x48 src/Application/radio/xcmp.o
 .text.xcmp_IdleTestTone
                0x800040a0       0x60 src/Application/radio/xcmp.o
                0x800040a0                xcmp_IdleTestTone
 .text.xcmp_init
                0x80004100       0x54 src/Application/radio/xcmp.o
                0x80004100                xcmp_init
 .text.xcmp_rx_process
                0x80004154       0xfc src/Application/radio/xcmp.o
 .text.xcmp_rx  0x80004250       0x4c src/Application/radio/xcmp.o
 .text.xnl_register_xcmp_func
                0x8000429c        0xc src/Application/radio/xnl.o
                0x8000429c                xnl_register_xcmp_func
 .text.xnl_get_msg_ack_func
                0x800042a8       0x2c src/Application/radio/xnl.o
                0x800042a8                xnl_get_msg_ack_func
 .text.xnl_init
                0x800042d4      0x12c src/Application/radio/xnl.o
                0x800042d4                xnl_init
 .text.xnl_rx_process
                0x80004400       0x60 src/Application/radio/xnl.o
 .text.xnl_tx_process
                0x80004460       0xcc src/Application/radio/xnl.o
 .text.xnl_tx   0x8000452c       0xe4 src/Application/radio/xnl.o
                0x8000452c                xnl_tx
 .text.xnl_data_msg_func
                0x80004610       0x60 src/Application/radio/xnl.o
                0x80004610                xnl_data_msg_func
 .text.xnl_device_auth_reply_func
                0x80004670      0x120 src/Application/radio/xnl.o
                0x80004670                xnl_device_auth_reply_func
 .text.xnl_master_status_brdcst_func
                0x80004790       0x60 src/Application/radio/xnl.o
                0x80004790                xnl_master_status_brdcst_func
 .text.xnl_device_conn_reply_func
                0x800047f0       0x5c src/Application/radio/xnl.o
                0x800047f0                xnl_device_conn_reply_func
 .text.xnl_send_device_master_query
                0x8000484c       0x30 src/Application/radio/xnl.o
                0x8000484c                xnl_send_device_master_query
 .text.RC522_SPI_SetSpeed
                0x8000487c       0x24 src/Application/RFID/MFRC522/rc522.o
                0x8000487c                RC522_SPI_SetSpeed
 .text.RC522_SPI_SetSpeedLow
                0x800048a0       0x10 src/Application/RFID/MFRC522/rc522.o
                0x800048a0                RC522_SPI_SetSpeedLow
 .text.RC522_ReadByte
                0x800048b0       0x2c src/Application/RFID/MFRC522/rc522.o
                0x800048b0                RC522_ReadByte
 .text.RC522_WriteByte
                0x800048dc       0x30 src/Application/RFID/MFRC522/rc522.o
                0x800048dc                RC522_WriteByte
 .text.WriteRawRC
                0x8000490c       0x40 src/Application/RFID/MFRC522/rc522.o
                0x8000490c                WriteRawRC
 .text.PcdReset
                0x8000494c       0x80 src/Application/RFID/MFRC522/rc522.o
                0x8000494c                PcdReset
 .text.ReadRawRC
                0x800049cc       0x48 src/Application/RFID/MFRC522/rc522.o
                0x800049cc                ReadRawRC
 .text.Wait_Wakeup_RC522
                0x80004a14       0x10 src/Application/RFID/MFRC522/rc522.o
                0x80004a14                Wait_Wakeup_RC522
 .text.Powerdown_RC522
                0x80004a24       0x4c src/Application/RFID/MFRC522/rc522.o
                0x80004a24                Powerdown_RC522
 .text.SetBitMask
                0x80004a70       0x24 src/Application/RFID/MFRC522/rc522.o
                0x80004a70                SetBitMask
 .text.PcdAntennaOn
                0x80004a94       0x20 src/Application/RFID/MFRC522/rc522.o
                0x80004a94                PcdAntennaOn
 .text.ClearBitMask
                0x80004ab4       0x28 src/Application/RFID/MFRC522/rc522.o
                0x80004ab4                ClearBitMask
 .text.PcdAntennaOff
                0x80004adc       0x10 src/Application/RFID/MFRC522/rc522.o
                0x80004adc                PcdAntennaOff
 .text.M500PcdConfigISOType
                0x80004aec       0x70 src/Application/RFID/MFRC522/rc522.o
                0x80004aec                M500PcdConfigISOType
 .text.rc522_init
                0x80004b5c       0xb4 src/Application/RFID/MFRC522/rc522.o
                0x80004b5c                rc522_init
 .text.PcdComMF522
                0x80004c10      0x178 src/Application/RFID/MFRC522/rc522.o
                0x80004c10                PcdComMF522
 .text.PcdAnticoll
                0x80004d88       0x84 src/Application/RFID/MFRC522/rc522.o
                0x80004d88                PcdAnticoll
 .text.PcdRequest
                0x80004e0c       0x64 src/Application/RFID/MFRC522/rc522.o
                0x80004e0c                PcdRequest
 .text.CalulateCRC
                0x80004e70       0x8c src/Application/RFID/MFRC522/rc522.o
                0x80004e70                CalulateCRC
 .text.PcdSelect
                0x80004efc       0x74 src/Application/RFID/MFRC522/rc522.o
                0x80004efc                PcdSelect
 .text.rfid_auto_reader
                0x80004f70      0x120 src/Application/RFID/RFID.o
                0x80004f70                rfid_auto_reader
 .text.scan_patrol
                0x80005090       0x50 src/Application/RFID/RFID.o
                0x80005090                scan_patrol
 .text.rfid_sendID_message
                0x800050e0      0x158 src/Application/RFID/RFID.o
                0x800050e0                rfid_sendID_message
 .text.rfid_init
                0x80005238        0xc src/Application/RFID/RFID.o
                0x80005238                rfid_init
 .text.delay_ns
                0x80005244       0x16 src/Application/timers/timer.o
                0x80005244                delay_ns
 *fill*         0x8000525a        0x2 d703d703
 .text.delay_us
                0x8000525c       0x28 src/Application/timers/timer.o
                0x8000525c                delay_us
 .text.delay_ms
                0x80005284       0x28 src/Application/timers/timer.o
                0x80005284                delay_ms
 .text.local_start_timer
                0x800052ac       0x2c src/Application/timers/timer.o
                0x800052ac                local_start_timer
 .text.local_start_pll0
                0x800052d8       0x94 src/Application/timers/timer.o
                0x800052d8                local_start_pll0
 .text.xg_flashc_init
                0x8000536c       0xa0 src/Application/xgflash/xgflash.o
                0x8000536c                xg_flashc_init
 .text.flashc_set_wait_state
                0x8000540c        0xe src/ASF/avr32/drivers/flashc/flashc.o
                0x8000540c                flashc_set_wait_state
 .text.gpio_enable_module_pin
                0x8000541a       0x52 src/ASF/avr32/drivers/gpio/gpio.o
                0x8000541a                gpio_enable_module_pin
 .text.gpio_enable_module
                0x8000546c       0x30 src/ASF/avr32/drivers/gpio/gpio.o
                0x8000546c                gpio_enable_module
 .text.gpio_enable_gpio_pin
                0x8000549c       0x18 src/ASF/avr32/drivers/gpio/gpio.o
                0x8000549c                gpio_enable_gpio_pin
 .text.gpio_set_gpio_pin
                0x800054b4       0x1c src/ASF/avr32/drivers/gpio/gpio.o
                0x800054b4                gpio_set_gpio_pin
 .text.gpio_clr_gpio_pin
                0x800054d0       0x1c src/ASF/avr32/drivers/gpio/gpio.o
                0x800054d0                gpio_clr_gpio_pin
 .text._unhandled_interrupt
                0x800054ec        0x2 src/ASF/avr32/drivers/intc/intc.o
 *fill*         0x800054ee        0x2 d703d703
 .text.INTC_register_interrupt
                0x800054f0       0x80 src/ASF/avr32/drivers/intc/intc.o
                0x800054f0                INTC_register_interrupt
 .text.INTC_init_interrupts
                0x80005570       0x54 src/ASF/avr32/drivers/intc/intc.o
                0x80005570                INTC_init_interrupts
 .text._get_interrupt_handler
                0x800055c4       0x38 src/ASF/avr32/drivers/intc/intc.o
                0x800055c4                _get_interrupt_handler
 .text.pm_set_osc0_mode
                0x800055fc        0xa src/ASF/avr32/drivers/pm/pm.o
 *fill*         0x80005606        0x2 d703d703
 .text.pm_enable_osc0_crystal
                0x80005608       0x3c src/ASF/avr32/drivers/pm/pm.o
                0x80005608                pm_enable_osc0_crystal
 .text.pm_enable_clk0_no_wait
                0x80005644       0x10 src/ASF/avr32/drivers/pm/pm.o
                0x80005644                pm_enable_clk0_no_wait
 .text.pm_wait_for_clk0_ready
                0x80005654        0xa src/ASF/avr32/drivers/pm/pm.o
                0x80005654                pm_wait_for_clk0_ready
 *fill*         0x8000565e        0x2 d703d703
 .text.pm_enable_clk0
                0x80005660       0x1c src/ASF/avr32/drivers/pm/pm.o
                0x80005660                pm_enable_clk0
 .text.pm_cksel
                0x8000567c       0x46 src/ASF/avr32/drivers/pm/pm.o
                0x8000567c                pm_cksel
 .text.pm_pll_setup
                0x800056c2       0x22 src/ASF/avr32/drivers/pm/pm.o
                0x800056c2                pm_pll_setup
 .text.pm_pll_set_option
                0x800056e4       0x1a src/ASF/avr32/drivers/pm/pm.o
                0x800056e4                pm_pll_set_option
 .text.pm_pll_enable
                0x800056fe        0xe src/ASF/avr32/drivers/pm/pm.o
                0x800056fe                pm_pll_enable
 .text.pm_wait_for_pll0_locked
                0x8000570c        0xa src/ASF/avr32/drivers/pm/pm.o
                0x8000570c                pm_wait_for_pll0_locked
 .text.pm_switch_to_clock
                0x80005716        0xa src/ASF/avr32/drivers/pm/pm.o
                0x80005716                pm_switch_to_clock
 .text.pm_switch_to_osc0
                0x80005720       0x2c src/ASF/avr32/drivers/pm/pm.o
                0x80005720                pm_switch_to_osc0
 .text.getBaudDiv
                0x8000574c       0x20 src/ASF/avr32/drivers/spi/spi.o
                0x8000574c                getBaudDiv
 .text.spi_initMaster
                0x8000576c       0x38 src/ASF/avr32/drivers/spi/spi.o
                0x8000576c                spi_initMaster
 .text.spi_selectionMode
                0x800057a4       0x2c src/ASF/avr32/drivers/spi/spi.o
                0x800057a4                spi_selectionMode
 .text.spi_enable
                0x800057d0        0x6 src/ASF/avr32/drivers/spi/spi.o
                0x800057d0                spi_enable
 .text.spi_write
                0x800057d6       0x1c src/ASF/avr32/drivers/spi/spi.o
                0x800057d6                spi_write
 .text.spi_read
                0x800057f2       0x20 src/ASF/avr32/drivers/spi/spi.o
                0x800057f2                spi_read
 *fill*         0x80005812        0x2 d703d703
 .text.spi_setupChipReg
                0x80005814       0xe8 src/ASF/avr32/drivers/spi/spi.o
                0x80005814                spi_setupChipReg
 .text.spi_unselectChip
                0x800058fc       0x40 src/ASF/avr32/drivers/spi/spi.o
                0x800058fc                spi_unselectChip
 .text.spi_selectChip
                0x8000593c       0x78 src/ASF/avr32/drivers/spi/spi.o
                0x8000593c                spi_selectChip
 .text.usart_set_async_baudrate
                0x800059b4       0x5a src/ASF/avr32/drivers/usart/usart.o
 .text.usart_write_char
                0x80005a0e       0x14 src/ASF/avr32/drivers/usart/usart.o
                0x80005a0e                usart_write_char
 *fill*         0x80005a22        0x2 d703d703
 .text.usart_putchar
                0x80005a24       0x2c src/ASF/avr32/drivers/usart/usart.o
                0x80005a24                usart_putchar
 .text.usart_read_char
                0x80005a50       0x22 src/ASF/avr32/drivers/usart/usart.o
                0x80005a50                usart_read_char
 *fill*         0x80005a72        0x2 d703d703
 .text.usart_getchar
                0x80005a74       0x2c src/ASF/avr32/drivers/usart/usart.o
                0x80005a74                usart_getchar
 .text.usart_write_line
                0x80005aa0       0x24 src/ASF/avr32/drivers/usart/usart.o
                0x80005aa0                usart_write_line
 .text.usart_reset
                0x80005ac4       0x2c src/ASF/avr32/drivers/usart/usart.o
                0x80005ac4                usart_reset
 .text.usart_init_rs232
                0x80005af0       0xcc src/ASF/avr32/drivers/usart/usart.o
                0x80005af0                usart_init_rs232
 .text._stext   0x80005bbc       0x40 src/ASF/avr32/utils/startup/startup_uc3.o
                                 0x50 (size before relaxing)
                0x80005bbc                _stext
 .text.vListInitialise
                0x80005bfc       0x14 src/ASF/thirdparty/freertos/freertos-7.0.0/source/list.o
                0x80005bfc                vListInitialise
 .text.vListInitialiseItem
                0x80005c10        0x6 src/ASF/thirdparty/freertos/freertos-7.0.0/source/list.o
                0x80005c10                vListInitialiseItem
 .text.vListInsertEnd
                0x80005c16       0x1c src/ASF/thirdparty/freertos/freertos-7.0.0/source/list.o
                0x80005c16                vListInsertEnd
 .text.vListInsert
                0x80005c32       0x34 src/ASF/thirdparty/freertos/freertos-7.0.0/source/list.o
                0x80005c32                vListInsert
 .text.vListRemove
                0x80005c66       0x26 src/ASF/thirdparty/freertos/freertos-7.0.0/source/list.o
                0x80005c66                vListRemove
 .text.pxPortInitialiseStack
                0x80005c8c       0x92 src/ASF/thirdparty/freertos/freertos-7.0.0/source/portable/gcc/avr32_uc3/port.o
                0x80005c8c                pxPortInitialiseStack
 *fill*         0x80005d1e        0x2 d703d703
 .text.vPortEnterCritical
                0x80005d20       0x10 src/ASF/thirdparty/freertos/freertos-7.0.0/source/portable/gcc/avr32_uc3/port.o
                0x80005d20                vPortEnterCritical
 .text.xPortStartScheduler
                0x80005d30       0x58 src/ASF/thirdparty/freertos/freertos-7.0.0/source/portable/gcc/avr32_uc3/port.o
                0x80005d30                xPortStartScheduler
 .text.SCALLYield
                0x80005d88       0x98 src/ASF/thirdparty/freertos/freertos-7.0.0/source/portable/gcc/avr32_uc3/port.o
                0x80005d88                SCALLYield
 .text.prvClearCcInt
                0x80005e20        0xa src/ASF/thirdparty/freertos/freertos-7.0.0/source/portable/gcc/avr32_uc3/port.o
 *fill*         0x80005e2a        0x2 d703d703
 .text.vPortExitCritical
                0x80005e2c       0x20 src/ASF/thirdparty/freertos/freertos-7.0.0/source/portable/gcc/avr32_uc3/port.o
                0x80005e2c                vPortExitCritical
 .text.vTick    0x80005e4c       0x84 src/ASF/thirdparty/freertos/freertos-7.0.0/source/portable/gcc/avr32_uc3/port.o
 .text.__malloc_lock
                0x80005ed0        0xc src/ASF/thirdparty/freertos/freertos-7.0.0/source/portable/gcc/avr32_uc3/port.o
                0x80005ed0                __malloc_lock
 .text.__malloc_unlock
                0x80005edc        0xc src/ASF/thirdparty/freertos/freertos-7.0.0/source/portable/gcc/avr32_uc3/port.o
                0x80005edc                __malloc_unlock
 .text._read    0x80005ee8       0x40 src/ASF/thirdparty/freertos/freertos-7.0.0/source/portable/gcc/avr32_uc3/read.o
                0x80005ee8                _read
 .text._write   0x80005f28       0x3c src/ASF/thirdparty/freertos/freertos-7.0.0/source/portable/gcc/avr32_uc3/write.o
                0x80005f28                _write
 .text.vPortFree
                0x80005f64       0x28 src/ASF/thirdparty/freertos/freertos-7.0.0/source/portable/memmang/heap_3.o
                0x80005f64                vPortFree
 .text.pvPortMalloc
                0x80005f8c       0x28 src/ASF/thirdparty/freertos/freertos-7.0.0/source/portable/memmang/heap_3.o
                0x80005f8c                pvPortMalloc
 .text.prvCopyDataFromQueue
                0x80005fb4       0x30 src/ASF/thirdparty/freertos/freertos-7.0.0/source/queue.o
 .text.xQueueReceiveFromISR
                0x80005fe4       0x50 src/ASF/thirdparty/freertos/freertos-7.0.0/source/queue.o
                0x80005fe4                xQueueReceiveFromISR
 .text.prvUnlockQueue
                0x80006034       0xa0 src/ASF/thirdparty/freertos/freertos-7.0.0/source/queue.o
 .text.xQueueGenericReceive
                0x800060d4      0x144 src/ASF/thirdparty/freertos/freertos-7.0.0/source/queue.o
                0x800060d4                xQueueGenericReceive
 .text.prvCopyDataToQueue
                0x80006218       0x78 src/ASF/thirdparty/freertos/freertos-7.0.0/source/queue.o
 .text.xQueueGenericSendFromISR
                0x80006290       0x50 src/ASF/thirdparty/freertos/freertos-7.0.0/source/queue.o
                0x80006290                xQueueGenericSendFromISR
 .text.xQueueGenericSend
                0x800062e0      0x100 src/ASF/thirdparty/freertos/freertos-7.0.0/source/queue.o
                0x800062e0                xQueueGenericSend
 .text.xQueueCreateMutex
                0x800063e0       0x58 src/ASF/thirdparty/freertos/freertos-7.0.0/source/queue.o
                0x800063e0                xQueueCreateMutex
 .text.xQueueCreate
                0x80006438       0x74 src/ASF/thirdparty/freertos/freertos-7.0.0/source/queue.o
                0x80006438                xQueueCreate
 .text.xQueueCreateCountingSemaphore
                0x800064ac       0x18 src/ASF/thirdparty/freertos/freertos-7.0.0/source/queue.o
                0x800064ac                xQueueCreateCountingSemaphore
 .text.vTaskSuspendAll
                0x800064c4       0x10 src/ASF/thirdparty/freertos/freertos-7.0.0/source/tasks.o
                0x800064c4                vTaskSuspendAll
 .text.vTaskSwitchContext
                0x800064d4       0x7c src/ASF/thirdparty/freertos/freertos-7.0.0/source/tasks.o
                0x800064d4                vTaskSwitchContext
 .text.vTaskSetTimeOutState
                0x80006550       0x18 src/ASF/thirdparty/freertos/freertos-7.0.0/source/tasks.o
                0x80006550                vTaskSetTimeOutState
 .text.vTaskMissedYield
                0x80006568        0xc src/ASF/thirdparty/freertos/freertos-7.0.0/source/tasks.o
                0x80006568                vTaskMissedYield
 .text.xTaskGetCurrentTaskHandle
                0x80006574        0xc src/ASF/thirdparty/freertos/freertos-7.0.0/source/tasks.o
                0x80006574                xTaskGetCurrentTaskHandle
 .text.vTaskPriorityDisinherit
                0x80006580       0x58 src/ASF/thirdparty/freertos/freertos-7.0.0/source/tasks.o
                0x80006580                vTaskPriorityDisinherit
 .text.vTaskPriorityInherit
                0x800065d8       0x84 src/ASF/thirdparty/freertos/freertos-7.0.0/source/tasks.o
                0x800065d8                vTaskPriorityInherit
 .text.xTaskRemoveFromEventList
                0x8000665c       0x7c src/ASF/thirdparty/freertos/freertos-7.0.0/source/tasks.o
                0x8000665c                xTaskRemoveFromEventList
 .text.vTaskIncrementTick
                0x800066d8      0x114 src/ASF/thirdparty/freertos/freertos-7.0.0/source/tasks.o
                0x800066d8                vTaskIncrementTick
 .text.xTaskCheckForTimeOut
                0x800067ec       0x70 src/ASF/thirdparty/freertos/freertos-7.0.0/source/tasks.o
                0x800067ec                xTaskCheckForTimeOut
 .text.xTaskGetTickCount
                0x8000685c       0x24 src/ASF/thirdparty/freertos/freertos-7.0.0/source/tasks.o
                0x8000685c                xTaskGetTickCount
 .text.xTaskResumeAll
                0x80006880       0xe8 src/ASF/thirdparty/freertos/freertos-7.0.0/source/tasks.o
                0x80006880                xTaskResumeAll
 .text.prvAddCurrentTaskToDelayedList
                0x80006968       0x5c src/ASF/thirdparty/freertos/freertos-7.0.0/source/tasks.o
 .text.vTaskDelay
                0x800069c4       0x48 src/ASF/thirdparty/freertos/freertos-7.0.0/source/tasks.o
                0x800069c4                vTaskDelay
 .text.vTaskDelayUntil
                0x80006a0c       0x80 src/ASF/thirdparty/freertos/freertos-7.0.0/source/tasks.o
                0x80006a0c                vTaskDelayUntil
 .text.vTaskPlaceOnEventList
                0x80006a8c       0x58 src/ASF/thirdparty/freertos/freertos-7.0.0/source/tasks.o
                0x80006a8c                vTaskPlaceOnEventList
 .text.prvIdleTask
                0x80006ae4       0x88 src/ASF/thirdparty/freertos/freertos-7.0.0/source/tasks.o
 .text.xTaskGenericCreate
                0x80006b6c      0x1e8 src/ASF/thirdparty/freertos/freertos-7.0.0/source/tasks.o
                0x80006b6c                xTaskGenericCreate
 .text.vTaskStartScheduler
                0x80006d54       0x4c src/ASF/thirdparty/freertos/freertos-7.0.0/source/tasks.o
                0x80006d54                vTaskStartScheduler
 .text.PrintChar
                0x80006da0        0x4 src/Log/log.o
                0x80006da0                PrintChar
 .text.PrintHex
                0x80006da4       0xb2 src/Log/log.o
                0x80006da4                PrintHex
 .text.PrintDec
                0x80006e56       0xda src/Log/log.o
                0x80006e56                PrintDec
 .text.log      0x80006f30      0x18c src/Log/log.o
                0x80006f30                log
 .text.logFromISR
                0x800070bc      0x180 src/Log/log.o
                0x800070bc                logFromISR
 .text.log_init
                0x8000723c       0x64 src/Log/log.o
                0x8000723c                log_init
 .text.task_log
                0x800072a0       0x44 src/Log/log.o
 .text.main     0x800072e4       0x70 src/main.o
                0x800072e4                main
 .text.free     0x80007354       0x10 e:/program x86/atmel/studio/7.0/toolchain/avr32/avr32-gnu-toolchain/bin/../lib/gcc/avr32/4.4.7/../../../../avr32/lib/ucr2\libc.a(lib_a-malloc.o)
                                 0x18 (size before relaxing)
                0x80007354                free
 .text.malloc   0x80007364       0x10 e:/program x86/atmel/studio/7.0/toolchain/avr32/avr32-gnu-toolchain/bin/../lib/gcc/avr32/4.4.7/../../../../avr32/lib/ucr2\libc.a(lib_a-malloc.o)
                                 0x18 (size before relaxing)
                0x80007364                malloc
 .text._malloc_r
                0x80007374      0x438 e:/program x86/atmel/studio/7.0/toolchain/avr32/avr32-gnu-toolchain/bin/../lib/gcc/avr32/4.4.7/../../../../avr32/lib/ucr2\libc.a(lib_a-mallocr.o)
                                0x450 (size before relaxing)
                0x80007374                _malloc_r
 .text          0x800077ac      0x148 e:/program x86/atmel/studio/7.0/toolchain/avr32/avr32-gnu-toolchain/bin/../lib/gcc/avr32/4.4.7/../../../../avr32/lib/ucr2\libc.a(lib_a-memcpy.o)
                0x800077ac                memcpy
 .text.memset   0x800078f4        0xe e:/program x86/atmel/studio/7.0/toolchain/avr32/avr32-gnu-toolchain/bin/../lib/gcc/avr32/4.4.7/../../../../avr32/lib/ucr2\libc.a(lib_a-memset.o)
                0x800078f4                memset
 *fill*         0x80007902        0x2 d703d703
 .text._realloc_r
                0x80007904      0x2c0 e:/program x86/atmel/studio/7.0/toolchain/avr32/avr32-gnu-toolchain/bin/../lib/gcc/avr32/4.4.7/../../../../avr32/lib/ucr2\libc.a(lib_a-reallocr.o)
                                0x2e0 (size before relaxing)
                0x80007904                _realloc_r
 .text._sbrk_r  0x80007bc4       0x20 e:/program x86/atmel/studio/7.0/toolchain/avr32/avr32-gnu-toolchain/bin/../lib/gcc/avr32/4.4.7/../../../../avr32/lib/ucr2\libc.a(lib_a-sbrkr.o)
                                 0x28 (size before relaxing)
                0x80007bc4                _sbrk_r
 .text.sprintf  0x80007be4       0x3c e:/program x86/atmel/studio/7.0/toolchain/avr32/avr32-gnu-toolchain/bin/../lib/gcc/avr32/4.4.7/../../../../avr32/lib/ucr2\libc.a(lib_a-sprintf.o)
                                 0x40 (size before relaxing)
                0x80007be4                sprintf
 .text          0x80007c20       0x20 e:/program x86/atmel/studio/7.0/toolchain/avr32/avr32-gnu-toolchain/bin/../lib/gcc/avr32/4.4.7/../../../../avr32/lib/ucr2\libc.a(lib_a-strncpy.o)
                0x80007c20                strncpy
 .text._close   0x80007c40       0x14 e:/program x86/atmel/studio/7.0/toolchain/avr32/avr32-gnu-toolchain/bin/../lib/gcc/avr32/4.4.7/../../../../avr32/lib/ucr2\libc.a(lib_a-syscalls.o)
                                 0x18 (size before relaxing)
                0x80007c40                _close
 .text._lseek   0x80007c54       0x14 e:/program x86/atmel/studio/7.0/toolchain/avr32/avr32-gnu-toolchain/bin/../lib/gcc/avr32/4.4.7/../../../../avr32/lib/ucr2\libc.a(lib_a-syscalls.o)
                                 0x18 (size before relaxing)
                0x80007c54                _lseek
 .text.isatty   0x80007c68       0x14 e:/program x86/atmel/studio/7.0/toolchain/avr32/avr32-gnu-toolchain/bin/../lib/gcc/avr32/4.4.7/../../../../avr32/lib/ucr2\libc.a(lib_a-syscalls.o)
                                 0x18 (size before relaxing)
                0x80007c68                isatty
 .text._fstat_host
                0x80007c7c       0x14 e:/program x86/atmel/studio/7.0/toolchain/avr32/avr32-gnu-toolchain/bin/../lib/gcc/avr32/4.4.7/../../../../avr32/lib/ucr2\libc.a(lib_a-syscalls.o)
                                 0x18 (size before relaxing)
                0x80007c7c                _fstat_host
 .text._fstat   0x80007c90       0x4c e:/program x86/atmel/studio/7.0/toolchain/avr32/avr32-gnu-toolchain/bin/../lib/gcc/avr32/4.4.7/../../../../avr32/lib/ucr2\libc.a(lib_a-syscalls.o)
                                 0x50 (size before relaxing)
                0x80007c90                _fstat
 .text._sbrk    0x80007cdc       0x38 e:/program x86/atmel/studio/7.0/toolchain/avr32/avr32-gnu-toolchain/bin/../lib/gcc/avr32/4.4.7/../../../../avr32/lib/ucr2\libc.a(lib_a-syscalls.o)
                                 0x40 (size before relaxing)
                0x80007cdc                _sbrk
 .text.get_arg  0x80007d14      0x314 e:/program x86/atmel/studio/7.0/toolchain/avr32/avr32-gnu-toolchain/bin/../lib/gcc/avr32/4.4.7/../../../../avr32/lib/ucr2\libc.a(lib_a-vfprintf.o)
                                0x324 (size before relaxing)
 .text.__sprint_r
                0x80008028       0x1c e:/program x86/atmel/studio/7.0/toolchain/avr32/avr32-gnu-toolchain/bin/../lib/gcc/avr32/4.4.7/../../../../avr32/lib/ucr2\libc.a(lib_a-vfprintf.o)
                                 0x20 (size before relaxing)
 .text._vfprintf_r
                0x80008044     0x1f14 e:/program x86/atmel/studio/7.0/toolchain/avr32/avr32-gnu-toolchain/bin/../lib/gcc/avr32/4.4.7/../../../../avr32/lib/ucr2\libc.a(lib_a-vfprintf.o)
                               0x1f9c (size before relaxing)
                0x80008044                _vfprintf_r
 .text.__swsetup_r
                0x80009f58       0xdc e:/program x86/atmel/studio/7.0/toolchain/avr32/avr32-gnu-toolchain/bin/../lib/gcc/avr32/4.4.7/../../../../avr32/lib/ucr2\libc.a(lib_a-wsetup.o)
                                 0xe8 (size before relaxing)
                0x80009f58                __swsetup_r
 .text.quorem   0x8000a034      0x120 e:/program x86/atmel/studio/7.0/toolchain/avr32/avr32-gnu-toolchain/bin/../lib/gcc/avr32/4.4.7/../../../../avr32/lib/ucr2\libc.a(lib_a-dtoa.o)
                                0x124 (size before relaxing)
 .text._dtoa_r  0x8000a154      0xbdc e:/program x86/atmel/studio/7.0/toolchain/avr32/avr32-gnu-toolchain/bin/../lib/gcc/avr32/4.4.7/../../../../avr32/lib/ucr2\libc.a(lib_a-dtoa.o)
                                0xc90 (size before relaxing)
                0x8000a154                _dtoa_r
 .text.__errno  0x8000ad30        0xc e:/program x86/atmel/studio/7.0/toolchain/avr32/avr32-gnu-toolchain/bin/../lib/gcc/avr32/4.4.7/../../../../avr32/lib/ucr2\libc.a(lib_a-errno.o)
                0x8000ad30                __errno
 .text._fflush_r
                0x8000ad3c      0x10c e:/program x86/atmel/studio/7.0/toolchain/avr32/avr32-gnu-toolchain/bin/../lib/gcc/avr32/4.4.7/../../../../avr32/lib/ucr2\libc.a(lib_a-fflush.o)
                                0x118 (size before relaxing)
                0x8000ad3c                _fflush_r
 .text.__sfp_lock_acquire
                0x8000ae48        0x2 e:/program x86/atmel/studio/7.0/toolchain/avr32/avr32-gnu-toolchain/bin/../lib/gcc/avr32/4.4.7/../../../../avr32/lib/ucr2\libc.a(lib_a-findfp.o)
                0x8000ae48                __sfp_lock_acquire
 .text.__sfp_lock_release
                0x8000ae4a        0x2 e:/program x86/atmel/studio/7.0/toolchain/avr32/avr32-gnu-toolchain/bin/../lib/gcc/avr32/4.4.7/../../../../avr32/lib/ucr2\libc.a(lib_a-findfp.o)
                0x8000ae4a                __sfp_lock_release
 .text._cleanup_r
                0x8000ae4c        0xc e:/program x86/atmel/studio/7.0/toolchain/avr32/avr32-gnu-toolchain/bin/../lib/gcc/avr32/4.4.7/../../../../avr32/lib/ucr2\libc.a(lib_a-findfp.o)
                                 0x14 (size before relaxing)
                0x8000ae4c                _cleanup_r
 .text.__sfmoreglue
                0x8000ae58       0x28 e:/program x86/atmel/studio/7.0/toolchain/avr32/avr32-gnu-toolchain/bin/../lib/gcc/avr32/4.4.7/../../../../avr32/lib/ucr2\libc.a(lib_a-findfp.o)
                                 0x30 (size before relaxing)
                0x8000ae58                __sfmoreglue
 .text.__sfp    0x8000ae80       0x6c e:/program x86/atmel/studio/7.0/toolchain/avr32/avr32-gnu-toolchain/bin/../lib/gcc/avr32/4.4.7/../../../../avr32/lib/ucr2\libc.a(lib_a-findfp.o)
                                 0x7c (size before relaxing)
                0x8000ae80                __sfp
 .text.__sinit  0x8000aeec       0x9c e:/program x86/atmel/studio/7.0/toolchain/avr32/avr32-gnu-toolchain/bin/../lib/gcc/avr32/4.4.7/../../../../avr32/lib/ucr2\libc.a(lib_a-findfp.o)
                                 0xb0 (size before relaxing)
                0x8000aeec                __sinit
 .text._malloc_trim_r
                0x8000af88       0x98 e:/program x86/atmel/studio/7.0/toolchain/avr32/avr32-gnu-toolchain/bin/../lib/gcc/avr32/4.4.7/../../../../avr32/lib/ucr2\libc.a(lib_a-freer.o)
                                 0xa8 (size before relaxing)
                0x8000af88                _malloc_trim_r
 .text._free_r  0x8000b020      0x18c e:/program x86/atmel/studio/7.0/toolchain/avr32/avr32-gnu-toolchain/bin/../lib/gcc/avr32/4.4.7/../../../../avr32/lib/ucr2\libc.a(lib_a-freer.o)
                                0x1a0 (size before relaxing)
                0x8000b020                _free_r
 .text.__sfvwrite_r
                0x8000b1ac      0x294 e:/program x86/atmel/studio/7.0/toolchain/avr32/avr32-gnu-toolchain/bin/../lib/gcc/avr32/4.4.7/../../../../avr32/lib/ucr2\libc.a(lib_a-fvwrite.o)
                                0x2c4 (size before relaxing)
                0x8000b1ac                __sfvwrite_r
 .text._fwalk   0x8000b440       0x4c e:/program x86/atmel/studio/7.0/toolchain/avr32/avr32-gnu-toolchain/bin/../lib/gcc/avr32/4.4.7/../../../../avr32/lib/ucr2\libc.a(lib_a-fwalk.o)
                                 0x54 (size before relaxing)
                0x8000b440                _fwalk
 .text._localeconv_r
                0x8000b48c        0x8 e:/program x86/atmel/studio/7.0/toolchain/avr32/avr32-gnu-toolchain/bin/../lib/gcc/avr32/4.4.7/../../../../avr32/lib/ucr2\libc.a(lib_a-locale.o)
                0x8000b48c                _localeconv_r
 .text.__smakebuf_r
                0x8000b494       0xbc e:/program x86/atmel/studio/7.0/toolchain/avr32/avr32-gnu-toolchain/bin/../lib/gcc/avr32/4.4.7/../../../../avr32/lib/ucr2\libc.a(lib_a-makebuf.o)
                                 0xcc (size before relaxing)
                0x8000b494                __smakebuf_r
 .text.memchr   0x8000b550       0x16 e:/program x86/atmel/studio/7.0/toolchain/avr32/avr32-gnu-toolchain/bin/../lib/gcc/avr32/4.4.7/../../../../avr32/lib/ucr2\libc.a(lib_a-memchr.o)
                0x8000b550                memchr
 .text.memmove  0x8000b566       0x3e e:/program x86/atmel/studio/7.0/toolchain/avr32/avr32-gnu-toolchain/bin/../lib/gcc/avr32/4.4.7/../../../../avr32/lib/ucr2\libc.a(lib_a-memmove.o)
                0x8000b566                memmove
 .text.__hi0bits
                0x8000b5a4       0x60 e:/program x86/atmel/studio/7.0/toolchain/avr32/avr32-gnu-toolchain/bin/../lib/gcc/avr32/4.4.7/../../../../avr32/lib/ucr2\libc.a(lib_a-mprec.o)
                0x8000b5a4                __hi0bits
 .text.__lo0bits
                0x8000b604       0x8e e:/program x86/atmel/studio/7.0/toolchain/avr32/avr32-gnu-toolchain/bin/../lib/gcc/avr32/4.4.7/../../../../avr32/lib/ucr2\libc.a(lib_a-mprec.o)
                0x8000b604                __lo0bits
 .text.__mcmp   0x8000b692       0x32 e:/program x86/atmel/studio/7.0/toolchain/avr32/avr32-gnu-toolchain/bin/../lib/gcc/avr32/4.4.7/../../../../avr32/lib/ucr2\libc.a(lib_a-mprec.o)
                0x8000b692                __mcmp
 .text._Bfree   0x8000b6c4       0x34 e:/program x86/atmel/studio/7.0/toolchain/avr32/avr32-gnu-toolchain/bin/../lib/gcc/avr32/4.4.7/../../../../avr32/lib/ucr2\libc.a(lib_a-mprec.o)
                                 0x38 (size before relaxing)
                0x8000b6c4                _Bfree
 .text._Balloc  0x8000b6f8       0x70 e:/program x86/atmel/studio/7.0/toolchain/avr32/avr32-gnu-toolchain/bin/../lib/gcc/avr32/4.4.7/../../../../avr32/lib/ucr2\libc.a(lib_a-mprec.o)
                                 0x78 (size before relaxing)
                0x8000b6f8                _Balloc
 .text.__d2b    0x8000b768       0xa0 e:/program x86/atmel/studio/7.0/toolchain/avr32/avr32-gnu-toolchain/bin/../lib/gcc/avr32/4.4.7/../../../../avr32/lib/ucr2\libc.a(lib_a-mprec.o)
                                 0xb4 (size before relaxing)
                0x8000b768                __d2b
 .text.__mdiff  0x8000b808       0xd0 e:/program x86/atmel/studio/7.0/toolchain/avr32/avr32-gnu-toolchain/bin/../lib/gcc/avr32/4.4.7/../../../../avr32/lib/ucr2\libc.a(lib_a-mprec.o)
                                 0xd8 (size before relaxing)
                0x8000b808                __mdiff
 .text.__lshift
                0x8000b8d8       0x88 e:/program x86/atmel/studio/7.0/toolchain/avr32/avr32-gnu-toolchain/bin/../lib/gcc/avr32/4.4.7/../../../../avr32/lib/ucr2\libc.a(lib_a-mprec.o)
                                 0x94 (size before relaxing)
                0x8000b8d8                __lshift
 .text.__multiply
                0x8000b960      0x100 e:/program x86/atmel/studio/7.0/toolchain/avr32/avr32-gnu-toolchain/bin/../lib/gcc/avr32/4.4.7/../../../../avr32/lib/ucr2\libc.a(lib_a-mprec.o)
                                0x108 (size before relaxing)
                0x8000b960                __multiply
 .text.__i2b    0x8000ba60       0x10 e:/program x86/atmel/studio/7.0/toolchain/avr32/avr32-gnu-toolchain/bin/../lib/gcc/avr32/4.4.7/../../../../avr32/lib/ucr2\libc.a(lib_a-mprec.o)
                                 0x18 (size before relaxing)
                0x8000ba60                __i2b
 .text.__multadd
                0x8000ba70       0x7c e:/program x86/atmel/studio/7.0/toolchain/avr32/avr32-gnu-toolchain/bin/../lib/gcc/avr32/4.4.7/../../../../avr32/lib/ucr2\libc.a(lib_a-mprec.o)
                                 0x88 (size before relaxing)
                0x8000ba70                __multadd
 .text.__pow5mult
                0x8000baec       0x8c e:/program x86/atmel/studio/7.0/toolchain/avr32/avr32-gnu-toolchain/bin/../lib/gcc/avr32/4.4.7/../../../../avr32/lib/ucr2\libc.a(lib_a-mprec.o)
                                 0xac (size before relaxing)
                0x8000baec                __pow5mult
 .text.__isinfd
                0x8000bb78       0x2a e:/program x86/atmel/studio/7.0/toolchain/avr32/avr32-gnu-toolchain/bin/../lib/gcc/avr32/4.4.7/../../../../avr32/lib/ucr2\libc.a(lib_a-s_isinfd.o)
                0x8000bb78                __isinfd
 .text.__isnand
                0x8000bba2       0x1c e:/program x86/atmel/studio/7.0/toolchain/avr32/avr32-gnu-toolchain/bin/../lib/gcc/avr32/4.4.7/../../../../avr32/lib/ucr2\libc.a(lib_a-s_isnand.o)
                0x8000bba2                __isnand
 *fill*         0x8000bbbe        0x2 d703d703
 .text.__sclose
                0x8000bbc0        0x8 e:/program x86/atmel/studio/7.0/toolchain/avr32/avr32-gnu-toolchain/bin/../lib/gcc/avr32/4.4.7/../../../../avr32/lib/ucr2\libc.a(lib_a-stdio.o)
                                 0x10 (size before relaxing)
                0x8000bbc0                __sclose
 .text.__sseek  0x8000bbc8       0x20 e:/program x86/atmel/studio/7.0/toolchain/avr32/avr32-gnu-toolchain/bin/../lib/gcc/avr32/4.4.7/../../../../avr32/lib/ucr2\libc.a(lib_a-stdio.o)
                                 0x28 (size before relaxing)
                0x8000bbc8                __sseek
 .text.__swrite
                0x8000bbe8       0x2c e:/program x86/atmel/studio/7.0/toolchain/avr32/avr32-gnu-toolchain/bin/../lib/gcc/avr32/4.4.7/../../../../avr32/lib/ucr2\libc.a(lib_a-stdio.o)
                                 0x38 (size before relaxing)
                0x8000bbe8                __swrite
 .text.__sread  0x8000bc14       0x1c e:/program x86/atmel/studio/7.0/toolchain/avr32/avr32-gnu-toolchain/bin/../lib/gcc/avr32/4.4.7/../../../../avr32/lib/ucr2\libc.a(lib_a-stdio.o)
                                 0x24 (size before relaxing)
                0x8000bc14                __sread
 .text.strlen   0x8000bc30       0x16 e:/program x86/atmel/studio/7.0/toolchain/avr32/avr32-gnu-toolchain/bin/../lib/gcc/avr32/4.4.7/../../../../avr32/lib/ucr2\libc.a(lib_a-strlen.o)
                0x8000bc30                strlen
 *fill*         0x8000bc46        0x2 d703d703
 .text._write_r
                0x8000bc48       0x28 e:/program x86/atmel/studio/7.0/toolchain/avr32/avr32-gnu-toolchain/bin/../lib/gcc/avr32/4.4.7/../../../../avr32/lib/ucr2\libc.a(lib_a-writer.o)
                                 0x2c (size before relaxing)
                0x8000bc48                _write_r
 .text._calloc_r
                0x8000bc70       0x58 e:/program x86/atmel/studio/7.0/toolchain/avr32/avr32-gnu-toolchain/bin/../lib/gcc/avr32/4.4.7/../../../../avr32/lib/ucr2\libc.a(lib_a-callocr.o)
                                 0x60 (size before relaxing)
                0x8000bc70                _calloc_r
 .text._close_r
                0x8000bcc8       0x20 e:/program x86/atmel/studio/7.0/toolchain/avr32/avr32-gnu-toolchain/bin/../lib/gcc/avr32/4.4.7/../../../../avr32/lib/ucr2\libc.a(lib_a-closer.o)
                                 0x28 (size before relaxing)
                0x8000bcc8                _close_r
 .text._fclose_r
                0x8000bce8       0xb8 e:/program x86/atmel/studio/7.0/toolchain/avr32/avr32-gnu-toolchain/bin/../lib/gcc/avr32/4.4.7/../../../../avr32/lib/ucr2\libc.a(lib_a-fclose.o)
                                 0xd0 (size before relaxing)
                0x8000bce8                _fclose_r
 .text.fclose   0x8000bda0       0x10 e:/program x86/atmel/studio/7.0/toolchain/avr32/avr32-gnu-toolchain/bin/../lib/gcc/avr32/4.4.7/../../../../avr32/lib/ucr2\libc.a(lib_a-fclose.o)
                                 0x18 (size before relaxing)
                0x8000bda0                fclose
 .text._fstat_r
                0x8000bdb0       0x24 e:/program x86/atmel/studio/7.0/toolchain/avr32/avr32-gnu-toolchain/bin/../lib/gcc/avr32/4.4.7/../../../../avr32/lib/ucr2\libc.a(lib_a-fstatr.o)
                                 0x2c (size before relaxing)
                0x8000bdb0                _fstat_r
 .text._lseek_r
                0x8000bdd4       0x28 e:/program x86/atmel/studio/7.0/toolchain/avr32/avr32-gnu-toolchain/bin/../lib/gcc/avr32/4.4.7/../../../../avr32/lib/ucr2\libc.a(lib_a-lseekr.o)
                                 0x2c (size before relaxing)
                0x8000bdd4                _lseek_r
 .text._read_r  0x8000bdfc       0x28 e:/program x86/atmel/studio/7.0/toolchain/avr32/avr32-gnu-toolchain/bin/../lib/gcc/avr32/4.4.7/../../../../avr32/lib/ucr2\libc.a(lib_a-readr.o)
                                 0x2c (size before relaxing)
                0x8000bdfc                _read_r
 .text          0x8000be24      0x1d4 e:/program x86/atmel/studio/7.0/toolchain/avr32/avr32-gnu-toolchain/bin/../lib/gcc/avr32/4.4.7/ucr2\libgcc.a(_avr32_f64_mul.o)
                0x8000be24                __avr32_f64_mul
 .text          0x8000bff8      0x2b0 e:/program x86/atmel/studio/7.0/toolchain/avr32/avr32-gnu-toolchain/bin/../lib/gcc/avr32/4.4.7/ucr2\libgcc.a(_avr32_f64_addsub.o)
                0x8000bffc                __avr32_f64_sub
                0x8000c198                __avr32_f64_add
 .text          0x8000c2a8       0x2a e:/program x86/atmel/studio/7.0/toolchain/avr32/avr32-gnu-toolchain/bin/../lib/gcc/avr32/4.4.7/ucr2\libgcc.a(_avr32_f64_to_s32.o)
                0x8000c2a8                __avr32_f64_to_u32
                0x8000c2ac                __avr32_f64_to_s32
 .text          0x8000c2d2       0xe8 e:/program x86/atmel/studio/7.0/toolchain/avr32/avr32-gnu-toolchain/bin/../lib/gcc/avr32/4.4.7/ucr2\libgcc.a(_avr32_s32_to_f64.o)
                0x8000c2d2                __avr32_u32_to_f64
                0x8000c2da                __avr32_s32_to_f64
 .text          0x8000c3ba       0x26 e:/program x86/atmel/studio/7.0/toolchain/avr32/avr32-gnu-toolchain/bin/../lib/gcc/avr32/4.4.7/ucr2\libgcc.a(_avr32_f64_cmp_eq.o)
                0x8000c3ba                __avr32_f64_cmp_eq
 .text          0x8000c3e0       0x68 e:/program x86/atmel/studio/7.0/toolchain/avr32/avr32-gnu-toolchain/bin/../lib/gcc/avr32/4.4.7/ucr2\libgcc.a(_avr32_f64_cmp_ge.o)
                0x8000c3e0                __avr32_f64_cmp_ge
 .text          0x8000c448       0x68 e:/program x86/atmel/studio/7.0/toolchain/avr32/avr32-gnu-toolchain/bin/../lib/gcc/avr32/4.4.7/ucr2\libgcc.a(_avr32_f64_cmp_lt.o)
                0x8000c448                __avr32_f64_cmp_lt
 .text          0x8000c4b0      0x318 e:/program x86/atmel/studio/7.0/toolchain/avr32/avr32-gnu-toolchain/bin/../lib/gcc/avr32/4.4.7/ucr2\libgcc.a(_avr32_f64_div.o)
                0x8000c4b0                __avr32_f64_div
 .text          0x8000c7c8      0x264 e:/program x86/atmel/studio/7.0/toolchain/avr32/avr32-gnu-toolchain/bin/../lib/gcc/avr32/4.4.7/ucr2\libgcc.a(_udivdi3.o)
                0x8000c7c8                __avr32_udiv64
                0x8000c7c8                __udivdi3
 .text          0x8000ca2c      0x20c e:/program x86/atmel/studio/7.0/toolchain/avr32/avr32-gnu-toolchain/bin/../lib/gcc/avr32/4.4.7/ucr2\libgcc.a(_umoddi3.o)
                0x8000ca2c                __avr32_umod64
                0x8000ca2c                __umoddi3
 *(.text.*personality*)
 *(.gnu.warning)

.exception      0x8000ce00      0x200
 .exception     0x8000ce00      0x200 src/ASF/thirdparty/freertos/freertos-7.0.0/source/portable/gcc/avr32_uc3/exception.o
                0x8000ce00                _evba
                0x8000cf04                _int0
                0x8000cf12                _int1
                0x8000cf20                _int2
                0x8000cf2e                _int3
                0x8000cf3c                ipr_val

.fini
 *(.fini)
                0x8000d000                PROVIDE (__etext, .)
                0x8000d000                PROVIDE (_etext, .)
                0x8000d000                PROVIDE (etext, .)

.rodata         0x8000d000     0x12d4
 *(.rodata .rodata.* .gnu.linkonce.r.*)
 .rodata.str1.4
                0x8000d000      0x775 src/Application/app/app.o
                                0x778 (size before relaxing)
 *fill*         0x8000d775        0x3 
 .rodata.DF_SPI_GPIO_MAP.11285
                0x8000d778       0x20 src/Application/flash/data_flash.o
 .rodata.C.52.11299
                0x8000d798        0x4 src/Application/flash/data_flash.o
 .rodata.C.50.11287
                0x8000d79c       0x10 src/Application/flash/data_flash.o
 .rodata.CSWTCH.36
                0x8000d7ac       0x48 src/Application/radio/ambe.o
 .rodata.str1.4
                0x8000d7f4       0x44 src/Application/radio/physical.o
 .rodata.str1.4
                0x8000d838        0x8 src/Application/radio/xcmp.o
 .rodata.str1.4
                0x8000d840        0xf src/Application/radio/xnl.o
                                 0x10 (size before relaxing)
 *fill*         0x8000d84f        0x1 
 .rodata.CSWTCH.97
                0x8000d850        0x4 src/Application/RFID/MFRC522/rc522.o
 .rodata.CSWTCH.98
                0x8000d854        0x4 src/Application/RFID/MFRC522/rc522.o
 .rodata.C.72.12139
                0x8000d858       0x10 src/Application/RFID/MFRC522/rc522.o
 .rodata.RC522_SPI_GPIO_MAP.12137
                0x8000d868        0x8 src/Application/RFID/MFRC522/rc522.o
 .rodata.str1.4
                0x8000d870       0xad src/Application/RFID/RFID.o
                                 0xb0 (size before relaxing)
 *fill*         0x8000d91d        0x3 
 .rodata.TC_GPIO_MAP.11090
                0x8000d920       0x18 src/Application/timers/timer.o
 .rodata.str1.4
                0x8000d938       0x6c src/Application/xgflash/xgflash.o
 .rodata._int_handler_table
                0x8000d9a4       0x98 src/ASF/avr32/drivers/intc/intc.o
 .rodata.str1.4
                0x8000da3c        0x5 src/ASF/thirdparty/freertos/freertos-7.0.0/source/tasks.o
                                  0x8 (size before relaxing)
 *fill*         0x8000da41        0x3 
 .rodata.log    0x8000da44      0x150 src/Log/log.o
 .rodata.logFromISR
                0x8000db94      0x150 src/Log/log.o
 .rodata.USART_OPTIONS.11278
                0x8000dce4        0xc src/Log/log.o
 .rodata.str1.4
                0x8000dcf0       0x3c src/Log/log.o
 .rodata.USART_GPIO_MAP.11277
                0x8000dd2c       0x10 src/Log/log.o
 .rodata.str1.4
                0x8000dd3c       0x14 src/main.o
 .rodata.get_arg
                0x8000dd50       0x3c e:/program x86/atmel/studio/7.0/toolchain/avr32/avr32-gnu-toolchain/bin/../lib/gcc/avr32/4.4.7/../../../../avr32/lib/ucr2\libc.a(lib_a-vfprintf.o)
 .rodata._vfprintf_r
                0x8000dd8c      0x164 e:/program x86/atmel/studio/7.0/toolchain/avr32/avr32-gnu-toolchain/bin/../lib/gcc/avr32/4.4.7/../../../../avr32/lib/ucr2\libc.a(lib_a-vfprintf.o)
 .rodata.state_table
                0x8000def0       0x6c e:/program x86/atmel/studio/7.0/toolchain/avr32/avr32-gnu-toolchain/bin/../lib/gcc/avr32/4.4.7/../../../../avr32/lib/ucr2\libc.a(lib_a-vfprintf.o)
 .rodata.action_table
                0x8000df5c       0x6c e:/program x86/atmel/studio/7.0/toolchain/avr32/avr32-gnu-toolchain/bin/../lib/gcc/avr32/4.4.7/../../../../avr32/lib/ucr2\libc.a(lib_a-vfprintf.o)
 .rodata.str1.4
                0x8000dfc8       0x3a e:/program x86/atmel/studio/7.0/toolchain/avr32/avr32-gnu-toolchain/bin/../lib/gcc/avr32/4.4.7/../../../../avr32/lib/ucr2\libc.a(lib_a-vfprintf.o)
                                 0x3c (size before relaxing)
 *fill*         0x8000e002        0x2 
 .rodata.blanks.3430
                0x8000e004       0x10 e:/program x86/atmel/studio/7.0/toolchain/avr32/avr32-gnu-toolchain/bin/../lib/gcc/avr32/4.4.7/../../../../avr32/lib/ucr2\libc.a(lib_a-vfprintf.o)
 .rodata.zeroes.3431
                0x8000e014       0x10 e:/program x86/atmel/studio/7.0/toolchain/avr32/avr32-gnu-toolchain/bin/../lib/gcc/avr32/4.4.7/../../../../avr32/lib/ucr2\libc.a(lib_a-vfprintf.o)
 .rodata.chclass
                0x8000e024      0x100 e:/program x86/atmel/studio/7.0/toolchain/avr32/avr32-gnu-toolchain/bin/../lib/gcc/avr32/4.4.7/../../../../avr32/lib/ucr2\libc.a(lib_a-vfprintf.o)
 .rodata.str1.4
                0x8000e124       0x10 e:/program x86/atmel/studio/7.0/toolchain/avr32/avr32-gnu-toolchain/bin/../lib/gcc/avr32/4.4.7/../../../../avr32/lib/ucr2\libc.a(lib_a-dtoa.o)
                                 0x14 (size before relaxing)
 .rodata.__sf_fake_stdin
                0x8000e134       0x20 e:/program x86/atmel/studio/7.0/toolchain/avr32/avr32-gnu-toolchain/bin/../lib/gcc/avr32/4.4.7/../../../../avr32/lib/ucr2\libc.a(lib_a-findfp.o)
                0x8000e134                __sf_fake_stdin
 .rodata.__sf_fake_stdout
                0x8000e154       0x20 e:/program x86/atmel/studio/7.0/toolchain/avr32/avr32-gnu-toolchain/bin/../lib/gcc/avr32/4.4.7/../../../../avr32/lib/ucr2\libc.a(lib_a-findfp.o)
                0x8000e154                __sf_fake_stdout
 .rodata.__sf_fake_stderr
                0x8000e174       0x20 e:/program x86/atmel/studio/7.0/toolchain/avr32/avr32-gnu-toolchain/bin/../lib/gcc/avr32/4.4.7/../../../../avr32/lib/ucr2\libc.a(lib_a-findfp.o)
                0x8000e174                __sf_fake_stderr
 .rodata.str1.4
                0x8000e194        0x2 e:/program x86/atmel/studio/7.0/toolchain/avr32/avr32-gnu-toolchain/bin/../lib/gcc/avr32/4.4.7/../../../../avr32/lib/ucr2\libc.a(lib_a-impure.o)
                                  0x4 (size before relaxing)
 *fill*         0x8000e196        0x2 
 .rodata._global_impure_ptr
                0x8000e198        0x4 e:/program x86/atmel/studio/7.0/toolchain/avr32/avr32-gnu-toolchain/bin/../lib/gcc/avr32/4.4.7/../../../../avr32/lib/ucr2\libc.a(lib_a-impure.o)
                0x8000e198                _global_impure_ptr
 .rodata.lconv  0x8000e19c       0x30 e:/program x86/atmel/studio/7.0/toolchain/avr32/avr32-gnu-toolchain/bin/../lib/gcc/avr32/4.4.7/../../../../avr32/lib/ucr2\libc.a(lib_a-locale.o)
 .rodata.str1.4
                0x8000e1cc        0xc e:/program x86/atmel/studio/7.0/toolchain/avr32/avr32-gnu-toolchain/bin/../lib/gcc/avr32/4.4.7/../../../../avr32/lib/ucr2\libc.a(lib_a-locale.o)
                                 0x18 (size before relaxing)
 .rodata.p05.2471
                0x8000e1d8        0xc e:/program x86/atmel/studio/7.0/toolchain/avr32/avr32-gnu-toolchain/bin/../lib/gcc/avr32/4.4.7/../../../../avr32/lib/ucr2\libc.a(lib_a-mprec.o)
 .rodata.__mprec_tens
                0x8000e1e4       0xc8 e:/program x86/atmel/studio/7.0/toolchain/avr32/avr32-gnu-toolchain/bin/../lib/gcc/avr32/4.4.7/../../../../avr32/lib/ucr2\libc.a(lib_a-mprec.o)
                0x8000e1e4                __mprec_tens
 .rodata.__mprec_bigtens
                0x8000e2ac       0x28 e:/program x86/atmel/studio/7.0/toolchain/avr32/avr32-gnu-toolchain/bin/../lib/gcc/avr32/4.4.7/../../../../avr32/lib/ucr2\libc.a(lib_a-mprec.o)
                0x8000e2ac                __mprec_bigtens

.rodata1
 *(.rodata1)

.eh_frame_hdr
 *(.eh_frame_hdr)

.eh_frame
 *(.eh_frame)

.gcc_except_table
 *(.gcc_except_table)
 *(.gcc_except_table.*)

.dalign         0x8000e2d4        0x4
                0x8000e2d8                . = ALIGN (0x8)
 *fill*         0x8000e2d4        0x4 
                0x8000e2d8                PROVIDE (_data_lma, .)
                0x00000004                PROVIDE (_data, ORIGIN (CPUSRAM))
                0x00000004                . = ORIGIN (CPUSRAM)

.eh_frame
 *(.eh_frame)

.gcc_except_table
 *(.gcc_except_table)
 *(.gcc_except_table.*)

.tdata
 *(.tdata .tdata.* .gnu.linkonce.td.*)

.tbss
 *(.tbss .tbss.* .gnu.linkonce.tb.*)
 *(.tcommon)
                0x00000004                PROVIDE (__preinit_array_start, ALIGN (0x4))

.preinit_array
 *(.preinit_array)
                0x00000004                PROVIDE (__preinit_array_end, .)
                0x00000004                PROVIDE (__init_array_start, .)

.init_array
 *(.init_array)
                0x00000004                PROVIDE (__init_array_end, .)
                0x00000004                PROVIDE (__fini_array_start, .)

.fini_array
 *(.fini_array)
                0x00000004                PROVIDE (__fini_array_end, .)

.ctors
 *crtbegin*.o(.ctors)
 *(EXCLUDE_FILE(*crtend*.o) .ctors)
 *(SORT(.ctors.*))
 *(.ctors)

.dtors
 *crtbegin*.o(.dtors)
 *(EXCLUDE_FILE(*crtend*.o) .dtors)
 *(SORT(.dtors.*))
 *(.dtors)

.jcr
 *(.jcr)

.data.rel.ro
 *(.data.rel.ro.local)
 *(.data.rel.ro*)

.dynamic
 *(.dynamic)

.got
 *(.got.plt)
 *(.got)

.data           0x00000004      0xa3c load address 0x8000e2d8
 *(.data .data.* .gnu.linkonce.d.*)
 .data.get_time_okay
                0x00000004        0x1 src/Application/app/app.o
 *fill*         0x00000005        0x3 
 .data.the_app_list
                0x00000008      0x4ec src/Application/app/app.o
 .data.xnl_proc_list
                0x000004f4       0x34 src/Application/radio/xnl.o
 .data.unsure_data
                0x00000528        0x8 src/Application/RFID/RFID.o
                0x00000528                unsure_data
 .data.start_session.12260
                0x00000530        0x1 src/Application/RFID/RFID.o
 *fill*         0x00000531        0x3 
 .data.ulCriticalNesting
                0x00000534        0x4 src/ASF/thirdparty/freertos/freertos-7.0.0/source/portable/gcc/avr32_uc3/port.o
                0x00000534                ulCriticalNesting
 .data.xNextTaskUnblockTime
                0x00000538        0x4 src/ASF/thirdparty/freertos/freertos-7.0.0/source/tasks.o
 .data.__malloc_av_
                0x0000053c      0x408 e:/program x86/atmel/studio/7.0/toolchain/avr32/avr32-gnu-toolchain/bin/../lib/gcc/avr32/4.4.7/../../../../avr32/lib/ucr2\libc.a(lib_a-mallocr.o)
                0x0000053c                __malloc_av_
 .data.__malloc_trim_threshold
                0x00000944        0x4 e:/program x86/atmel/studio/7.0/toolchain/avr32/avr32-gnu-toolchain/bin/../lib/gcc/avr32/4.4.7/../../../../avr32/lib/ucr2\libc.a(lib_a-mallocr.o)
                0x00000944                __malloc_trim_threshold
 .data.__malloc_sbrk_base
                0x00000948        0x4 e:/program x86/atmel/studio/7.0/toolchain/avr32/avr32-gnu-toolchain/bin/../lib/gcc/avr32/4.4.7/../../../../avr32/lib/ucr2\libc.a(lib_a-mallocr.o)
                0x00000948                __malloc_sbrk_base
 .data.impure_data
                0x0000094c       0xf0 e:/program x86/atmel/studio/7.0/toolchain/avr32/avr32-gnu-toolchain/bin/../lib/gcc/avr32/4.4.7/../../../../avr32/lib/ucr2\libc.a(lib_a-impure.o)
 .data._impure_ptr
                0x00000a3c        0x4 e:/program x86/atmel/studio/7.0/toolchain/avr32/avr32-gnu-toolchain/bin/../lib/gcc/avr32/4.4.7/../../../../avr32/lib/ucr2\libc.a(lib_a-impure.o)
                0x00000a3c                _impure_ptr
 *(.gnu.linkonce.d.*personality*)

.data1
 *(.data1)

.balign         0x00000a40        0x0 load address 0x8000ed14
                0x00000a40                . = ALIGN (0x8)
                0x00000a40                _edata = .
                0x00000a40                _edata = .
                0x00000a40                PROVIDE (edata, .)
                0x00000a40                __bss_start = .

.bss            0x00000a40     0x4918 load address 0x8000ed14
 *(.dynbss)
 *(.bss .bss.* .gnu.linkonce.b.*)
 .bss.Speaker_is_unmute
                0x00000a40        0x1 src/Application/app/app.o
                0x00000a40                Speaker_is_unmute
 .bss.Battery_Flag
                0x00000a41        0x1 src/Application/app/app.o
                0x00000a41                Battery_Flag
 *fill*         0x00000a42        0x2 
 .bss.xLastWakeTime.12735
                0x00000a44        0x4 src/Application/app/app.o
 .bss.VF_SN     0x00000a48        0x1 src/Application/app/app.o
                0x00000a48                VF_SN
 .bss.AMBE_tx_flag
                0x00000a49        0x1 src/Application/app/app.o
                0x00000a49                AMBE_tx_flag
 .bss.Radio_Transmit_State
                0x00000a4a        0x1 src/Application/app/app.o
                0x00000a4a                Radio_Transmit_State
 .bss.Call_Begin
                0x00000a4b        0x1 src/Application/app/app.o
                0x00000a4b                Call_Begin
 .bss.AMBE_rx_flag
                0x00000a4c        0x1 src/Application/app/app.o
                0x00000a4c                AMBE_rx_flag
 *fill*         0x00000a4d        0x3 
 .bss.res.12722
                0x00000a50        0x4 src/Application/app/app.o
 .bss.AMBE_Media
                0x00000a54        0x1 src/Application/app/app.o
                0x00000a54                AMBE_Media
 .bss.connect_flag
                0x00000a55        0x1 src/Application/app/app.o
 .bss.Mic_is_Enabled
                0x00000a56        0x1 src/Application/app/app.o
                0x00000a56                Mic_is_Enabled
 .bss.times_counter.12769
                0x00000a57        0x1 src/Application/app/app.o
 .bss.OB_State.12741
                0x00000a58        0x4 src/Application/app/app.o
 .bss.Terminator_Flag
                0x00000a5c        0x1 src/Application/app/app.o
                0x00000a5c                Terminator_Flag
 *fill*         0x00000a5d        0x3 
 .bss.ulIdleCycleCount
                0x00000a60        0x4 src/Application/app/app.o
                0x00000a60                ulIdleCycleCount
 .bss.data_flash_failure
                0x00000a64        0x1 src/Application/flash/data_flash.o
                0x00000a64                data_flash_failure
 *fill*         0x00000a65        0x3 
 .bss.payload_rx_exec
                0x00000a68        0x4 src/Application/radio/payload.o
                0x00000a68                payload_rx_exec
 .bss.payload_tx_exec
                0x00000a6c        0x4 src/Application/radio/payload.o
                0x00000a6c                payload_tx_exec
 .bss.phy_tx_index.10647
                0x00000a70        0x1 src/Application/radio/physical.o
 *fill*         0x00000a71        0x3 
 .bss.RxBytesWaiting.10956
                0x00000a74        0x4 src/Application/radio/physical.o
 .bss.phy_rx_length.10690
                0x00000a78        0x2 src/Application/radio/physical.o
 *fill*         0x00000a7a        0x2 
 .bss.RxData_IsFillingNext16.10955
                0x00000a7c        0x4 src/Application/radio/physical.o
 .bss.AMBE_HT   0x00000a80        0x8 src/Application/radio/physical.o
 .bss.Item_ID.10961
                0x00000a88        0x1 src/Application/radio/physical.o
 .bss.is_first.10960
                0x00000a89        0x1 src/Application/radio/physical.o
 .bss.phy_rx_expexted_length.10689
                0x00000a8a        0x2 src/Application/radio/physical.o
 .bss.AMBE_payload_ptr.10959
                0x00000a8c        0x4 src/Application/radio/physical.o
 .bss.phy_tx_state.10645
                0x00000a90        0x4 src/Application/radio/physical.o
 .bss.RxMedia_IsFillingNext16.10953
                0x00000a94        0x4 src/Application/radio/physical.o
 .bss.phy_frame_ptr.10688
                0x00000a98        0x4 src/Application/radio/physical.o
 .bss.phy_ptr.10644
                0x00000a9c        0x4 src/Application/radio/physical.o
 .bss.xnl_store_idle
                0x00000aa0        0x4 src/Application/radio/physical.o
                0x00000aa0                xnl_store_idle
 .bss.payload_store_idle
                0x00000aa4        0x4 src/Application/radio/physical.o
                0x00000aa4                payload_store_idle
 .bss.phy_rx_state.10692
                0x00000aa8        0x4 src/Application/radio/physical.o
 .bss.phy_check_sum.10691
                0x00000aac        0x2 src/Application/radio/physical.o
 *fill*         0x00000aae        0x2 
 .bss.phy_xnl_frame_rx
                0x00000ab0        0x4 src/Application/radio/physical.o
                0x00000ab0                phy_xnl_frame_rx
 .bss.payload_ptr.10958
                0x00000ab4        0x4 src/Application/radio/physical.o
 .bss.phy_tx_expexted_length.10646
                0x00000ab8        0x2 src/Application/radio/physical.o
 *fill*         0x00000aba        0x2 
 .bss.m_RxBurstType
                0x00000abc        0x4 src/Application/radio/physical.o
 .bss.RxAMBE_IsFillingNext8.10954
                0x00000ac0        0x4 src/Application/radio/physical.o
 .bss.phy_payload_frame_tx
                0x00000ac4        0x4 src/Application/radio/physical.o
                0x00000ac4                phy_payload_frame_tx
 .bss.phy_rx_count.10693
                0x00000ac8        0x4 src/Application/radio/physical.o
 .bss.SDV_Index.10964
                0x00000acc        0x1 src/Application/radio/physical.o
 *fill*         0x00000acd        0x3 
 .bss.phy_xnl_frame_tx
                0x00000ad0        0x4 src/Application/radio/physical.o
                0x00000ad0                phy_xnl_frame_tx
 .bss.RxMediaState.10952
                0x00000ad4        0x4 src/Application/radio/physical.o
 .bss.ArrayDiscLength.10957
                0x00000ad8        0x4 src/Application/radio/physical.o
 .bss.phy_payload_frame_rx
                0x00000adc        0x4 src/Application/radio/physical.o
                0x00000adc                phy_payload_frame_rx
 .bss.Item_Length.10962
                0x00000ae0        0x4 src/Application/radio/physical.o
 .bss.phy_rx_exec
                0x00000ae4        0x4 src/Application/radio/ssc.o
                0x00000ae4                phy_rx_exec
 .bss.count.9823
                0x00000ae8        0x4 src/Application/radio/ssc.o
 .bss.phy_tx_exec
                0x00000aec        0x4 src/Application/radio/ssc.o
                0x00000aec                phy_tx_exec
 .bss.version_information
                0x00000af0        0xc src/Application/radio/xcmp.o
                0x00000af0                version_information
 .bss.clone_read
                0x00000afc        0xc src/Application/radio/xcmp.o
                0x00000afc                clone_read
 .bss.xcmp_frame_rx
                0x00000b08        0x4 src/Application/radio/xcmp.o
 .bss.clone_write
                0x00000b0c        0xc src/Application/radio/xcmp.o
                0x00000b0c                clone_write
 .bss.automatic_frequency_correction_control
                0x00000b18        0xc src/Application/radio/xcmp.o
                0x00000b18                automatic_frequency_correction_control
 .bss.language_pack_information
                0x00000b24        0xc src/Application/radio/xcmp.o
                0x00000b24                language_pack_information
 .bss.radio_status
                0x00000b30        0xc src/Application/radio/xcmp.o
                0x00000b30                radio_status
 .bss.xnl_timeout_semphr
                0x00000b3c        0x4 src/Application/radio/xnl.o
 .bss.flags.10672
                0x00000b40        0x1 src/Application/radio/xnl.o
 *fill*         0x00000b41        0x1 
 .bss.xnl_information
                0x00000b42        0xa src/Application/radio/xnl.o
 .bss.xnl_tx_state.10716
                0x00000b4c        0x4 src/Application/radio/xnl.o
 .bss.xnl_frame_tx
                0x00000b50        0x4 src/Application/radio/xnl.o
 .bss.xnl_send_times.10717
                0x00000b54        0x4 src/Application/radio/xnl.o
 .bss.ptr.10718
                0x00000b58        0x4 src/Application/radio/xnl.o
 .bss.xcmp_exec
                0x00000b5c        0x4 src/Application/radio/xnl.o
                0x00000b5c                xcmp_exec
 .bss.rc522_init_failure
                0x00000b60        0x1 src/Application/RFID/MFRC522/rc522.o
                0x00000b60                rc522_init_failure
 *fill*         0x00000b61        0x3 
 .bss.SN.12255  0x00000b64        0xc src/Application/RFID/RFID.o
 .bss.xg_resend_queue
                0x00000b70        0x4 src/Application/xgflash/xgflash.o
                0x00000b70                xg_resend_queue
 .bss.xgflash_mutex
                0x00000b74        0x4 src/Application/xgflash/xgflash.o
 .bss.message_storage_queue
                0x00000b78        0x4 src/Application/xgflash/xgflash.o
                0x00000b78                message_storage_queue
 .bss.SendM_CountingSemaphore
                0x00000b7c        0x4 src/Application/xgflash/xgflash.o
                0x00000b7c                SendM_CountingSemaphore
 .bss._int_line_handler_table_6
                0x00000b80        0x4 src/ASF/avr32/drivers/intc/intc.o
 .bss._int_line_handler_table_7
                0x00000b84        0x4 src/ASF/avr32/drivers/intc/intc.o
 .bss._int_line_handler_table_8
                0x00000b88        0x4 src/ASF/avr32/drivers/intc/intc.o
 .bss._int_line_handler_table_9
                0x00000b8c        0x4 src/ASF/avr32/drivers/intc/intc.o
 .bss._int_line_handler_table_10
                0x00000b90        0x4 src/ASF/avr32/drivers/intc/intc.o
 .bss._int_line_handler_table_11
                0x00000b94        0x4 src/ASF/avr32/drivers/intc/intc.o
 .bss._int_line_handler_table_12
                0x00000b98        0x4 src/ASF/avr32/drivers/intc/intc.o
 .bss._int_line_handler_table_13
                0x00000b9c        0x4 src/ASF/avr32/drivers/intc/intc.o
 .bss._int_line_handler_table_14
                0x00000ba0        0xc src/ASF/avr32/drivers/intc/intc.o
 .bss._int_line_handler_table_15
                0x00000bac        0x4 src/ASF/avr32/drivers/intc/intc.o
 .bss._int_line_handler_table_16
                0x00000bb0        0x4 src/ASF/avr32/drivers/intc/intc.o
 .bss._int_line_handler_table_17
                0x00000bb4        0x4 src/ASF/avr32/drivers/intc/intc.o
 .bss._int_line_handler_table_18
                0x00000bb8        0x4 src/ASF/avr32/drivers/intc/intc.o
 .bss._int_line_handler_table_0
                0x00000bbc        0x4 src/ASF/avr32/drivers/intc/intc.o
 .bss._int_line_handler_table_1
                0x00000bc0       0x2c src/ASF/avr32/drivers/intc/intc.o
 .bss._int_line_handler_table_2
                0x00000bec       0x18 src/ASF/avr32/drivers/intc/intc.o
 .bss._int_line_handler_table_3
                0x00000c04       0x1c src/ASF/avr32/drivers/intc/intc.o
 .bss._int_line_handler_table_4
                0x00000c20        0x4 src/ASF/avr32/drivers/intc/intc.o
 .bss._int_line_handler_table_5
                0x00000c24        0x4 src/ASF/avr32/drivers/intc/intc.o
 .bss.uxMissedTicks
                0x00000c28        0x4 src/ASF/thirdparty/freertos/freertos-7.0.0/source/tasks.o
 .bss.uxTopUsedPriority
                0x00000c2c        0x4 src/ASF/thirdparty/freertos/freertos-7.0.0/source/tasks.o
 .bss.pxDelayedTaskList
                0x00000c30        0x4 src/ASF/thirdparty/freertos/freertos-7.0.0/source/tasks.o
 .bss.xSchedulerRunning
                0x00000c34        0x4 src/ASF/thirdparty/freertos/freertos-7.0.0/source/tasks.o
 .bss.uxTasksDeleted
                0x00000c38        0x4 src/ASF/thirdparty/freertos/freertos-7.0.0/source/tasks.o
 .bss.xNumOfOverflows
                0x00000c3c        0x4 src/ASF/thirdparty/freertos/freertos-7.0.0/source/tasks.o
 .bss.pxOverflowDelayedTaskList
                0x00000c40        0x4 src/ASF/thirdparty/freertos/freertos-7.0.0/source/tasks.o
 .bss.pxReadyTasksLists
                0x00000c44       0xa0 src/ASF/thirdparty/freertos/freertos-7.0.0/source/tasks.o
 .bss.xTasksWaitingTermination
                0x00000ce4       0x14 src/ASF/thirdparty/freertos/freertos-7.0.0/source/tasks.o
 .bss.pxCurrentTCB
                0x00000cf8        0x4 src/ASF/thirdparty/freertos/freertos-7.0.0/source/tasks.o
                0x00000cf8                pxCurrentTCB
 .bss.xPendingReadyList
                0x00000cfc       0x14 src/ASF/thirdparty/freertos/freertos-7.0.0/source/tasks.o
 .bss.xDelayedTaskList1
                0x00000d10       0x14 src/ASF/thirdparty/freertos/freertos-7.0.0/source/tasks.o
 .bss.xTickCount
                0x00000d24        0x4 src/ASF/thirdparty/freertos/freertos-7.0.0/source/tasks.o
 .bss.uxSchedulerSuspended
                0x00000d28        0x4 src/ASF/thirdparty/freertos/freertos-7.0.0/source/tasks.o
 .bss.xDelayedTaskList2
                0x00000d2c       0x14 src/ASF/thirdparty/freertos/freertos-7.0.0/source/tasks.o
 .bss.uxTaskNumber
                0x00000d40        0x4 src/ASF/thirdparty/freertos/freertos-7.0.0/source/tasks.o
 .bss.uxCurrentNumberOfTasks
                0x00000d44        0x4 src/ASF/thirdparty/freertos/freertos-7.0.0/source/tasks.o
 .bss.xMissedYield
                0x00000d48        0x4 src/ASF/thirdparty/freertos/freertos-7.0.0/source/tasks.o
 .bss.xSuspendedTaskList
                0x00000d4c       0x14 src/ASF/thirdparty/freertos/freertos-7.0.0/source/tasks.o
 .bss.uxTopReadyPriority
                0x00000d60        0x4 src/ASF/thirdparty/freertos/freertos-7.0.0/source/tasks.o
 .bss.lench.11294
                0x00000d64        0x1 src/Log/log.o
 .bss.lench.11364
                0x00000d65        0x1 src/Log/log.o
 *fill*         0x00000d66        0x2 
 .bss.__malloc_max_total_mem
                0x00000d68        0x4 e:/program x86/atmel/studio/7.0/toolchain/avr32/avr32-gnu-toolchain/bin/../lib/gcc/avr32/4.4.7/../../../../avr32/lib/ucr2\libc.a(lib_a-mallocr.o)
                0x00000d68                __malloc_max_total_mem
 .bss.__malloc_max_sbrked_mem
                0x00000d6c        0x4 e:/program x86/atmel/studio/7.0/toolchain/avr32/avr32-gnu-toolchain/bin/../lib/gcc/avr32/4.4.7/../../../../avr32/lib/ucr2\libc.a(lib_a-mallocr.o)
                0x00000d6c                __malloc_max_sbrked_mem
 .bss.__malloc_top_pad
                0x00000d70        0x4 e:/program x86/atmel/studio/7.0/toolchain/avr32/avr32-gnu-toolchain/bin/../lib/gcc/avr32/4.4.7/../../../../avr32/lib/ucr2\libc.a(lib_a-mallocr.o)
                0x00000d70                __malloc_top_pad
 .bss.__malloc_current_mallinfo
                0x00000d74       0x28 e:/program x86/atmel/studio/7.0/toolchain/avr32/avr32-gnu-toolchain/bin/../lib/gcc/avr32/4.4.7/../../../../avr32/lib/ucr2\libc.a(lib_a-mallocr.o)
                0x00000d74                __malloc_current_mallinfo
 .bss.cur_heap_pos.1869
                0x00000d9c        0x4 e:/program x86/atmel/studio/7.0/toolchain/avr32/avr32-gnu-toolchain/bin/../lib/gcc/avr32/4.4.7/../../../../avr32/lib/ucr2\libc.a(lib_a-syscalls.o)
 *(COMMON)
 COMMON         0x00000da0        0xa src/Application/app/app.o
                0x00000da0                bunchofrandomstatusflags
                0x00000da4                Current_time
 *fill*         0x00000daa        0x2 
 COMMON         0x00000dac     0x1004 src/Application/flash/data_flash.o
                0x00000dac                FLASH_BUF
                0x00001dac                spi
 COMMON         0x00001db0      0x122 src/Application/radio/ambe.o
                0x00001db0                AMBEBurst_rawdata
                0x00001db8                Radio_Internal_Data
                0x00001dbc                AMBE_DecryptionKey
                0x00001dc4                SendAMBEBurst_EncryptionPackage
                0x00001eb4                VBSP_data
                0x00001eb8                Soft_Decision_Data
 COMMON         0x00001ed2     0x3200 src/Application/radio/physical.o
                0x00001ed2                payload_store
                0x000032d2                xnl_store
 *fill*         0x000050d2        0x2 
 COMMON         0x000050d4       0x4c src/Application/radio/ssc.o
                0x000050d4                intDuration
                0x000050d8                BufferIndex
                0x000050dc                intStartCount
                0x000050e0                RxBuffer
                0x00005100                TxBuffer
 COMMON         0x00005120        0x4 src/Application/radio/xcmp.o
                0x00005120                app_list
 COMMON         0x00005124       0x18 src/Application/RFID/RFID.o
                0x00005124                RFID
                0x00005134                CT
                0x00005138                SN
 COMMON         0x0000513c      0x20c src/Application/xgflash/xgflash.o
                0x0000513c                message_store
                0x00005344                save_handle
 COMMON         0x00005348        0x4 src/ASF/avr32/drivers/spi/spi.o
                0x00005348                xSPIMutex
 COMMON         0x0000534c        0x4 src/ASF/thirdparty/freertos/freertos-7.0.0/source/portable/gcc/avr32_uc3/write.o
                0x0000534c                stdio_usart_base
 COMMON         0x00005350        0x4 src/Log/log.o
                0x00005350                logQueue
 COMMON         0x00005354        0x4 e:/program x86/atmel/studio/7.0/toolchain/avr32/avr32-gnu-toolchain/bin/../lib/gcc/avr32/4.4.7/../../../../avr32/lib/ucr2\libc.a(lib_a-reent.o)
                0x00005354                errno
                0x00005358                . = ALIGN (0x8)
                0x00005358                . = ALIGN (0x8)
                0x00005358                _end = .
                0x00005358                PROVIDE (end, .)
                0x00005358                __heap_start__ = ALIGN (0x8)
                0x00017000                . = ((ORIGIN (CPUSRAM) + 0x17ffc) - _stack_size)
                0x00017000                __heap_end__ = .

.stab
 *(.stab)

.stabstr
 *(.stabstr)

.stab.excl
 *(.stab.excl)

.stab.exclstr
 *(.stab.exclstr)

.stab.index
 *(.stab.index)

.stab.indexstr
 *(.stab.indexstr)

.comment        0x00000000       0x30
 *(.comment)
 .comment       0x00000000       0x30 src/Application/app/app.o
                                 0x31 (size before relaxing)
 .comment       0x00000000       0x31 src/Application/flash/data_flash.o
 .comment       0x00000000       0x31 src/Application/radio/ambe.o
 .comment       0x00000000       0x31 src/Application/radio/payload.o
 .comment       0x00000000       0x31 src/Application/radio/physical.o
 .comment       0x00000000       0x31 src/Application/radio/ssc.o
 .comment       0x00000000       0x31 src/Application/radio/xcmp.o
 .comment       0x00000000       0x31 src/Application/radio/xnl.o
 .comment       0x00000000       0x31 src/Application/RFID/MFRC522/rc522.o
 .comment       0x00000000       0x31 src/Application/RFID/RFID.o
 .comment       0x00000000       0x31 src/Application/timers/timer.o
 .comment       0x00000000       0x31 src/Application/xgflash/xgflash.o
 .comment       0x00000000       0x31 src/ASF/avr32/drivers/flashc/flashc.o
 .comment       0x00000000       0x31 src/ASF/avr32/drivers/gpio/gpio.o
 .comment       0x00000000       0x31 src/ASF/avr32/drivers/intc/intc.o
 .comment       0x00000000       0x31 src/ASF/avr32/drivers/pm/pm.o
 .comment       0x00000000       0x31 src/ASF/avr32/drivers/spi/spi.o
 .comment       0x00000000       0x31 src/ASF/avr32/drivers/usart/usart.o
 .comment       0x00000000       0x31 src/ASF/thirdparty/freertos/freertos-7.0.0/source/list.o
 .comment       0x00000000       0x31 src/ASF/thirdparty/freertos/freertos-7.0.0/source/portable/gcc/avr32_uc3/port.o
 .comment       0x00000000       0x31 src/ASF/thirdparty/freertos/freertos-7.0.0/source/portable/gcc/avr32_uc3/read.o
 .comment       0x00000000       0x31 src/ASF/thirdparty/freertos/freertos-7.0.0/source/portable/gcc/avr32_uc3/write.o
 .comment       0x00000000       0x31 src/ASF/thirdparty/freertos/freertos-7.0.0/source/portable/memmang/heap_3.o
 .comment       0x00000000       0x31 src/ASF/thirdparty/freertos/freertos-7.0.0/source/queue.o
 .comment       0x00000000       0x31 src/ASF/thirdparty/freertos/freertos-7.0.0/source/tasks.o
 .comment       0x00000000       0x31 src/Log/log.o
 .comment       0x00000000       0x31 src/main.o
 .comment       0x00000000       0x31 e:/program x86/atmel/studio/7.0/toolchain/avr32/avr32-gnu-toolchain/bin/../lib/gcc/avr32/4.4.7/../../../../avr32/lib/ucr2\libc.a(lib_a-malloc.o)
 .comment       0x00000000       0x31 e:/program x86/atmel/studio/7.0/toolchain/avr32/avr32-gnu-toolchain/bin/../lib/gcc/avr32/4.4.7/../../../../avr32/lib/ucr2\libc.a(lib_a-mallocr.o)
 .comment       0x00000000       0x31 e:/program x86/atmel/studio/7.0/toolchain/avr32/avr32-gnu-toolchain/bin/../lib/gcc/avr32/4.4.7/../../../../avr32/lib/ucr2\libc.a(lib_a-memset.o)
 .comment       0x00000000       0x31 e:/program x86/atmel/studio/7.0/toolchain/avr32/avr32-gnu-toolchain/bin/../lib/gcc/avr32/4.4.7/../../../../avr32/lib/ucr2\libc.a(lib_a-reallocr.o)
 .comment       0x00000000       0x31 e:/program x86/atmel/studio/7.0/toolchain/avr32/avr32-gnu-toolchain/bin/../lib/gcc/avr32/4.4.7/../../../../avr32/lib/ucr2\libc.a(lib_a-sbrkr.o)
 .comment       0x00000000       0x31 e:/program x86/atmel/studio/7.0/toolchain/avr32/avr32-gnu-toolchain/bin/../lib/gcc/avr32/4.4.7/../../../../avr32/lib/ucr2\libc.a(lib_a-sprintf.o)
 .comment       0x00000000       0x31 e:/program x86/atmel/studio/7.0/toolchain/avr32/avr32-gnu-toolchain/bin/../lib/gcc/avr32/4.4.7/../../../../avr32/lib/ucr2\libc.a(lib_a-syscalls.o)
 .comment       0x00000000       0x31 e:/program x86/atmel/studio/7.0/toolchain/avr32/avr32-gnu-toolchain/bin/../lib/gcc/avr32/4.4.7/../../../../avr32/lib/ucr2\libc.a(lib_a-vfprintf.o)
 .comment       0x00000000       0x31 e:/program x86/atmel/studio/7.0/toolchain/avr32/avr32-gnu-toolchain/bin/../lib/gcc/avr32/4.4.7/../../../../avr32/lib/ucr2\libc.a(lib_a-wsetup.o)
 .comment       0x00000000       0x31 e:/program x86/atmel/studio/7.0/toolchain/avr32/avr32-gnu-toolchain/bin/../lib/gcc/avr32/4.4.7/../../../../avr32/lib/ucr2\libc.a(lib_a-dtoa.o)
 .comment       0x00000000       0x31 e:/program x86/atmel/studio/7.0/toolchain/avr32/avr32-gnu-toolchain/bin/../lib/gcc/avr32/4.4.7/../../../../avr32/lib/ucr2\libc.a(lib_a-errno.o)
 .comment       0x00000000       0x31 e:/program x86/atmel/studio/7.0/toolchain/avr32/avr32-gnu-toolchain/bin/../lib/gcc/avr32/4.4.7/../../../../avr32/lib/ucr2\libc.a(lib_a-fflush.o)
 .comment       0x00000000       0x31 e:/program x86/atmel/studio/7.0/toolchain/avr32/avr32-gnu-toolchain/bin/../lib/gcc/avr32/4.4.7/../../../../avr32/lib/ucr2\libc.a(lib_a-findfp.o)
 .comment       0x00000000       0x31 e:/program x86/atmel/studio/7.0/toolchain/avr32/avr32-gnu-toolchain/bin/../lib/gcc/avr32/4.4.7/../../../../avr32/lib/ucr2\libc.a(lib_a-freer.o)
 .comment       0x00000000       0x31 e:/program x86/atmel/studio/7.0/toolchain/avr32/avr32-gnu-toolchain/bin/../lib/gcc/avr32/4.4.7/../../../../avr32/lib/ucr2\libc.a(lib_a-fvwrite.o)
 .comment       0x00000000       0x31 e:/program x86/atmel/studio/7.0/toolchain/avr32/avr32-gnu-toolchain/bin/../lib/gcc/avr32/4.4.7/../../../../avr32/lib/ucr2\libc.a(lib_a-fwalk.o)
 .comment       0x00000000       0x31 e:/program x86/atmel/studio/7.0/toolchain/avr32/avr32-gnu-toolchain/bin/../lib/gcc/avr32/4.4.7/../../../../avr32/lib/ucr2\libc.a(lib_a-impure.o)
 .comment       0x00000000       0x31 e:/program x86/atmel/studio/7.0/toolchain/avr32/avr32-gnu-toolchain/bin/../lib/gcc/avr32/4.4.7/../../../../avr32/lib/ucr2\libc.a(lib_a-locale.o)
 .comment       0x00000000       0x31 e:/program x86/atmel/studio/7.0/toolchain/avr32/avr32-gnu-toolchain/bin/../lib/gcc/avr32/4.4.7/../../../../avr32/lib/ucr2\libc.a(lib_a-makebuf.o)
 .comment       0x00000000       0x31 e:/program x86/atmel/studio/7.0/toolchain/avr32/avr32-gnu-toolchain/bin/../lib/gcc/avr32/4.4.7/../../../../avr32/lib/ucr2\libc.a(lib_a-memchr.o)
 .comment       0x00000000       0x31 e:/program x86/atmel/studio/7.0/toolchain/avr32/avr32-gnu-toolchain/bin/../lib/gcc/avr32/4.4.7/../../../../avr32/lib/ucr2\libc.a(lib_a-memmove.o)
 .comment       0x00000000       0x31 e:/program x86/atmel/studio/7.0/toolchain/avr32/avr32-gnu-toolchain/bin/../lib/gcc/avr32/4.4.7/../../../../avr32/lib/ucr2\libc.a(lib_a-mprec.o)
 .comment       0x00000000       0x31 e:/program x86/atmel/studio/7.0/toolchain/avr32/avr32-gnu-toolchain/bin/../lib/gcc/avr32/4.4.7/../../../../avr32/lib/ucr2\libc.a(lib_a-reent.o)
 .comment       0x00000000       0x31 e:/program x86/atmel/studio/7.0/toolchain/avr32/avr32-gnu-toolchain/bin/../lib/gcc/avr32/4.4.7/../../../../avr32/lib/ucr2\libc.a(lib_a-s_isinfd.o)
 .comment       0x00000000       0x31 e:/program x86/atmel/studio/7.0/toolchain/avr32/avr32-gnu-toolchain/bin/../lib/gcc/avr32/4.4.7/../../../../avr32/lib/ucr2\libc.a(lib_a-s_isnand.o)
 .comment       0x00000000       0x31 e:/program x86/atmel/studio/7.0/toolchain/avr32/avr32-gnu-toolchain/bin/../lib/gcc/avr32/4.4.7/../../../../avr32/lib/ucr2\libc.a(lib_a-stdio.o)
 .comment       0x00000000       0x31 e:/program x86/atmel/studio/7.0/toolchain/avr32/avr32-gnu-toolchain/bin/../lib/gcc/avr32/4.4.7/../../../../avr32/lib/ucr2\libc.a(lib_a-strlen.o)
 .comment       0x00000000       0x31 e:/program x86/atmel/studio/7.0/toolchain/avr32/avr32-gnu-toolchain/bin/../lib/gcc/avr32/4.4.7/../../../../avr32/lib/ucr2\libc.a(lib_a-writer.o)
 .comment       0x00000000       0x31 e:/program x86/atmel/studio/7.0/toolchain/avr32/avr32-gnu-toolchain/bin/../lib/gcc/avr32/4.4.7/../../../../avr32/lib/ucr2\libc.a(lib_a-callocr.o)
 .comment       0x00000000       0x31 e:/program x86/atmel/studio/7.0/toolchain/avr32/avr32-gnu-toolchain/bin/../lib/gcc/avr32/4.4.7/../../../../avr32/lib/ucr2\libc.a(lib_a-closer.o)
 .comment       0x00000000       0x31 e:/program x86/atmel/studio/7.0/toolchain/avr32/avr32-gnu-toolchain/bin/../lib/gcc/avr32/4.4.7/../../../../avr32/lib/ucr2\libc.a(lib_a-fclose.o)
 .comment       0x00000000       0x31 e:/program x86/atmel/studio/7.0/toolchain/avr32/avr32-gnu-toolchain/bin/../lib/gcc/avr32/4.4.7/../../../../avr32/lib/ucr2\libc.a(lib_a-fstatr.o)