Archive member included because of file (symbol)

e:/program x86/atmel/studio/7.0/toolchain/avr32/avr32-gnu-toolchain/bin/../lib/gcc/avr32/4.4.7/../../../../avr32/lib/ucr2\libc.a(lib_a-malloc.o)
                              src/ASF/thirdparty/freertos/freertos-7.0.0/source/portable/memmang/heap_3.o (free)
e:/program x86/atmel/studio/7.0/toolchain/avr32/avr32-gnu-toolchain/bin/../lib/gcc/avr32/4.4.7/../../../../avr32/lib/ucr2\libc.a(lib_a-mallocr.o)
                              e:/program x86/atmel/studio/7.0/toolchain/avr32/avr32-gnu-toolchain/bin/../lib/gcc/avr32/4.4.7/../../../../avr32/lib/ucr2\libc.a(lib_a-malloc.o) (_malloc_r)
e:/program x86/atmel/studio/7.0/toolchain/avr32/avr32-gnu-toolchain/bin/../lib/gcc/avr32/4.4.7/../../../../avr32/lib/ucr2\libc.a(lib_a-memcmp.o)
                              src/Application/voice/voice.o (memcmp)
e:/program x86/atmel/studio/7.0/toolchain/avr32/avr32-gnu-toolchain/bin/../lib/gcc/avr32/4.4.7/../../../../avr32/lib/ucr2\libc.a(lib_a-memcpy.o)
                              src/Application/app/app.o (memcpy)
e:/program x86/atmel/studio/7.0/toolchain/avr32/avr32-gnu-toolchain/bin/../lib/gcc/avr32/4.4.7/../../../../avr32/lib/ucr2\libc.a(lib_a-memset.o)
                              src/Application/radio/physical.o (memset)
e:/program x86/atmel/studio/7.0/toolchain/avr32/avr32-gnu-toolchain/bin/../lib/gcc/avr32/4.4.7/../../../../avr32/lib/ucr2\libc.a(lib_a-realloc.o)
                              src/ASF/thirdparty/freertos/freertos-7.0.0/source/portable/gcc/avr32_uc3/port.o (realloc)
e:/program x86/atmel/studio/7.0/toolchain/avr32/avr32-gnu-toolchain/bin/../lib/gcc/avr32/4.4.7/../../../../avr32/lib/ucr2\libc.a(lib_a-reallocr.o)
                              e:/program x86/atmel/studio/7.0/toolchain/avr32/avr32-gnu-toolchain/bin/../lib/gcc/avr32/4.4.7/../../../../avr32/lib/ucr2\libc.a(lib_a-realloc.o) (_realloc_r)
e:/program x86/atmel/studio/7.0/toolchain/avr32/avr32-gnu-toolchain/bin/../lib/gcc/avr32/4.4.7/../../../../avr32/lib/ucr2\libc.a(lib_a-sbrkr.o)
                              e:/program x86/atmel/studio/7.0/toolchain/avr32/avr32-gnu-toolchain/bin/../lib/gcc/avr32/4.4.7/../../../../avr32/lib/ucr2\libc.a(lib_a-mallocr.o) (_sbrk_r)
e:/program x86/atmel/studio/7.0/toolchain/avr32/avr32-gnu-toolchain/bin/../lib/gcc/avr32/4.4.7/../../../../avr32/lib/ucr2\libc.a(lib_a-sprintf.o)
                              src/Log/log.o (sprintf)
e:/program x86/atmel/studio/7.0/toolchain/avr32/avr32-gnu-toolchain/bin/../lib/gcc/avr32/4.4.7/../../../../avr32/lib/ucr2\libc.a(lib_a-strncpy.o)
                              src/ASF/thirdparty/freertos/freertos-7.0.0/source/tasks.o (strncpy)
e:/program x86/atmel/studio/7.0/toolchain/avr32/avr32-gnu-toolchain/bin/../lib/gcc/avr32/4.4.7/../../../../avr32/lib/ucr2\libc.a(lib_a-syscalls.o)
                              e:/program x86/atmel/studio/7.0/toolchain/avr32/avr32-gnu-toolchain/bin/../lib/gcc/avr32/4.4.7/../../../../avr32/lib/ucr2\libc.a(lib_a-sbrkr.o) (_sbrk)
e:/program x86/atmel/studio/7.0/toolchain/avr32/avr32-gnu-toolchain/bin/../lib/gcc/avr32/4.4.7/../../../../avr32/lib/ucr2\libc.a(lib_a-vfprintf.o)
                              e:/program x86/atmel/studio/7.0/toolchain/avr32/avr32-gnu-toolchain/bin/../lib/gcc/avr32/4.4.7/../../../../avr32/lib/ucr2\libc.a(lib_a-sprintf.o) (_vfprintf_r)
e:/program x86/atmel/studio/7.0/toolchain/avr32/avr32-gnu-toolchain/bin/../lib/gcc/avr32/4.4.7/../../../../avr32/lib/ucr2\libc.a(lib_a-wsetup.o)
                              e:/program x86/atmel/studio/7.0/toolchain/avr32/avr32-gnu-toolchain/bin/../lib/gcc/avr32/4.4.7/../../../../avr32/lib/ucr2\libc.a(lib_a-vfprintf.o) (__swsetup_r)
e:/program x86/atmel/studio/7.0/toolchain/avr32/avr32-gnu-toolchain/bin/../lib/gcc/avr32/4.4.7/../../../../avr32/lib/ucr2\libc.a(lib_a-dtoa.o)
                              e:/program x86/atmel/studio/7.0/toolchain/avr32/avr32-gnu-toolchain/bin/../lib/gcc/avr32/4.4.7/../../../../avr32/lib/ucr2\libc.a(lib_a-vfprintf.o) (_dtoa_r)
e:/program x86/atmel/studio/7.0/toolchain/avr32/avr32-gnu-toolchain/bin/../lib/gcc/avr32/4.4.7/../../../../avr32/lib/ucr2\libc.a(lib_a-errno.o)
                              e:/program x86/atmel/studio/7.0/toolchain/avr32/avr32-gnu-toolchain/bin/../lib/gcc/avr32/4.4.7/../../../../avr32/lib/ucr2\libc.a(lib_a-syscalls.o) (__errno)
e:/program x86/atmel/studio/7.0/toolchain/avr32/avr32-gnu-toolchain/bin/../lib/gcc/avr32/4.4.7/../../../../avr32/lib/ucr2\libc.a(lib_a-fflush.o)
                              e:/program x86/atmel/studio/7.0/toolchain/avr32/avr32-gnu-toolchain/bin/../lib/gcc/avr32/4.4.7/../../../../avr32/lib/ucr2\libc.a(lib_a-vfprintf.o) (_fflush_r)
e:/program x86/atmel/studio/7.0/toolchain/avr32/avr32-gnu-toolchain/bin/../lib/gcc/avr32/4.4.7/../../../../avr32/lib/ucr2\libc.a(lib_a-findfp.o)
                              e:/program x86/atmel/studio/7.0/toolchain/avr32/avr32-gnu-toolchain/bin/../lib/gcc/avr32/4.4.7/../../../../avr32/lib/ucr2\libc.a(lib_a-vfprintf.o) (__sinit)
[...]
Memory Configuration

Name             Origin             Length             Attributes
FLASH            0x80000000         0x00080000         axrl !w
CPUSRAM          0x00000004         0x00017ffc         axw !rl
USERPAGE         0x80800000         0x00000200
FACTORYPAGE      0x80800200         0x00000200
*default*        0x00000000         0xffffffff

Linker script and memory map

                0x00001000                _stack_size = 0x1000
LOAD src/Application/app/app.o
LOAD src/Application/flash/data_flash.o
LOAD src/Application/myrtc/xgrtc.o
LOAD src/Application/radio/ambe.o
LOAD src/Application/radio/AMBE_audio.o
LOAD src/Application/radio/AMBE_audio_2.o
LOAD src/Application/radio/audio.o
LOAD src/Application/radio/payload.o
LOAD src/Application/radio/physical.o
LOAD src/Application/radio/ssc.o
LOAD src/Application/radio/xcmp.o
LOAD src/Application/radio/xnl.o
LOAD src/Application/RFID/MFRC522/rc522.o
LOAD src/Application/RFID/RFID.o
LOAD src/Application/timers/timer.o
LOAD src/Application/voice/voice.o
LOAD src/Application/xgflash/xgflash.o
LOAD src/ASF/avr32/drivers/flashc/flashc.o
LOAD src/ASF/avr32/drivers/gpio/gpio.o
LOAD src/ASF/avr32/drivers/intc/intc.o
LOAD src/ASF/avr32/drivers/pm/pm.o
LOAD src/ASF/avr32/drivers/pm/pm_conf_clocks.o
LOAD src/ASF/avr32/drivers/pm/power_clocks_lib.o
LOAD src/ASF/avr32/drivers/rtc/rtc.o
LOAD src/ASF/avr32/drivers/spi/spi.o
LOAD src/ASF/avr32/drivers/tc/tc.o
LOAD src/ASF/avr32/drivers/twi/twi.o
LOAD src/ASF/avr32/drivers/usart/usart.o
LOAD src/ASF/avr32/utils/startup/startup_uc3.o
LOAD src/ASF/avr32/utils/startup/trampoline_uc3.o
LOAD src/ASF/common/boards/user_board/init.o
LOAD src/ASF/common/services/clock/uc3b0_b1/sysclk.o
LOAD src/ASF/common/services/spi/uc3_spi/spi_master.o
LOAD src/ASF/common/services/spi/uc3_usart_spi/usart_spi.o
LOAD src/ASF/thirdparty/freertos/freertos-7.0.0/source/croutine.o
LOAD src/ASF/thirdparty/freertos/freertos-7.0.0/source/list.o
LOAD src/ASF/thirdparty/freertos/freertos-7.0.0/source/portable/gcc/avr32_uc3/exception.o
LOAD src/ASF/thirdparty/freertos/freertos-7.0.0/source/portable/gcc/avr32_uc3/port.o
LOAD src/ASF/thirdparty/freertos/freertos-7.0.0/source/portable/gcc/avr32_uc3/read.o
LOAD src/ASF/thirdparty/freertos/freertos-7.0.0/source/portable/gcc/avr32_uc3/write.o
LOAD src/ASF/thirdparty/freertos/freertos-7.0.0/source/portable/memmang/heap_3.o
LOAD src/ASF/thirdparty/freertos/freertos-7.0.0/source/queue.o
LOAD src/ASF/thirdparty/freertos/freertos-7.0.0/source/tasks.o
LOAD src/Log/log.o
LOAD src/main.o
START GROUP
LOAD e:/program x86/atmel/studio/7.0/toolchain/avr32/avr32-gnu-toolchain/bin/../lib/gcc/avr32/4.4.7/../../../../avr32/lib/ucr2\libm.a
END GROUP
LOAD e:/program x86/atmel/studio/7.0/toolchain/avr32/avr32-gnu-toolchain/bin/../lib/gcc/avr32/4.4.7/ucr2\libgcc.a
LOAD e:/program x86/atmel/studio/7.0/toolchain/avr32/avr32-gnu-toolchain/bin/../lib/gcc/avr32/4.4.7/../../../../avr32/lib/ucr2\libc.a
LOAD e:/program x86/atmel/studio/7.0/toolchain/avr32/avr32-gnu-toolchain/bin/../lib/gcc/avr32/4.4.7/ucr2\libgcc.a
                0x80000000                PROVIDE (__executable_start, 0x80000000)
                0x80000000                . = 0x80000000

.interp
 *(.interp)

.reset          0x80000000     0x2004
 *(.reset)
 .reset         0x80000000     0x2004 src/ASF/avr32/utils/startup/trampoline_uc3.o
                               0x2008 (size before relaxing)
                0x80000000                _trampoline

.hash
 *(.hash)

.dynsym
 *(.dynsym)

.dynstr
 *(.dynstr)

.gnu.version
 *(.gnu.version)

.gnu.version_d
 *(.gnu.version_d)

.gnu.version_r
 *(.gnu.version_r)

.rel.init
 *(.rel.init)

.rela.init
 *(.rela.init)

.rel.text
 *(.rel.text .rel.text.* .rel.gnu.linkonce.t.*)

.rela.text
 *(.rela.text .rela.text.* .rela.gnu.linkonce.t.*)

.rel.fini
 *(.rel.fini)

.rela.fini
 *(.rela.fini)

.rel.rodata
 *(.rel.rodata .rel.rodata.* .rel.gnu.linkonce.r.*)

.rela.rodata
 *(.rela.rodata .rela.rodata.* .rela.gnu.linkonce.r.*)

.rel.data.rel.ro
 *(.rel.data.rel.ro*)

.rela.data.rel.ro
 *(.rel.data.rel.ro*)

.rel.data
 *(.rel.data .rel.data.* .rel.gnu.linkonce.d.*)

.rela.data
 *(.rela.data .rela.data.* .rela.gnu.linkonce.d.*)

.rel.tdata
 *(.rel.tdata .rel.tdata.* .rel.gnu.linkonce.td.*)

.rela.tdata
 *(.rela.tdata .rela.tdata.* .rela.gnu.linkonce.td.*)

.rel.tbss
 *(.rel.tbss .rel.tbss.* .rel.gnu.linkonce.tb.*)

.rela.tbss
 *(.rela.tbss .rela.tbss.* .rela.gnu.linkonce.tb.*)

.rel.ctors
 *(.rel.ctors)

.rela.ctors
 *(.rela.ctors)

.rel.dtors
 *(.rel.dtors)

.rela.dtors
 *(.rela.dtors)

.rel.got
 *(.rel.got)

.rela.got       0x80002004        0x0
 *(.rela.got)
 .rela.got      0x80002004        0x0 src/Application/app/app.o

.rel.bss
 *(.rel.bss .rel.bss.* .rel.gnu.linkonce.b.*)

.rela.bss
 *(.rela.bss .rela.bss.* .rela.gnu.linkonce.b.*)

.rel.plt
 *(.rel.plt)

.rela.plt
 *(.rela.plt)

.init
 *(.init)

.plt
 *(.plt)

.text           0x80002004     0xbc98
 *(.text .stub .text.* .gnu.linkonce.t.*)
 .text.DeviceManagement_brdcst_func
                0x80002004       0x24 src/Application/app/app.o
                0x80002004                DeviceManagement_brdcst_func
 .text.Volume_brdcst_func
                0x80002028        0x2 src/Application/app/app.o
                0x80002028                Volume_brdcst_func
 .text.AudioRoutingControl_brdcst_func
                0x8000202a        0x2 src/Application/app/app.o
                0x8000202a                AudioRoutingControl_brdcst_func
 .text.vApplicationIdleHook
                0x8000202c       0x10 src/Application/app/app.o
                0x8000202c                vApplicationIdleHook
 .text.app_payload_tx_proc
                0x8000203c       0x14 src/Application/app/app.o
 .text.app_payload_rx_proc
                0x80002050       0x34 src/Application/app/app.o
 .text.FD_brdcst_func
                0x80002084       0x14 src/Application/app/app.o
                0x80002084                FD_brdcst_func
 .text.FD_reply_func
                0x80002098       0x14 src/Application/app/app.o
                0x80002098                FD_reply_func
 .text.FD_request_func
                0x800020ac       0x14 src/Application/app/app.o
                0x800020ac                FD_request_func
 .text.EnOB_brdcst_func
                0x800020c0       0x14 src/Application/app/app.o
                0x800020c0                EnOB_brdcst_func
 .text.EnOB_reply_func
                0x800020d4       0x70 src/Application/app/app.o
                0x800020d4                EnOB_reply_func
 .text.SingleDetection_brdcst_func
                0x80002144       0x4c src/Application/app/app.o
                0x80002144                SingleDetection_brdcst_func
 .text.ButtonConfig_brdcst_func
                0x80002190       0xdc src/Application/app/app.o
                0x80002190                ButtonConfig_brdcst_func
 .text.ButtonConfig_reply_func
                0x8000226c       0x44 src/Application/app/app.o
                0x8000226c                ButtonConfig_reply_func
 .text.BatteryLevel_brdcst_func
                0x800022b0       0x58 src/Application/app/app.o
                0x800022b0                BatteryLevel_brdcst_func
 .text.ShutDown_brdcst_func
                0x80002308       0x30 src/Application/app/app.o
                0x80002308                ShutDown_brdcst_func
 .text.DataSession_reply_func
                0x80002338       0x5c src/Application/app/app.o
                0x80002338                DataSession_reply_func
 .text.CallControl_brdcst_func
                0x80002394       0x44 src/Application/app/app.o
                0x80002394                CallControl_brdcst_func
 .text.TransmitControl_brdcst_func
                0x800023d8       0x48 src/Application/app/app.o
                0x800023d8                TransmitControl_brdcst_func
 .text.TransmitControl_reply_func
                0x80002420       0x60 src/Application/app/app.o
                0x80002420                TransmitControl_reply_func
 .text.AudioRoutingControl_reply_func
                0x80002480       0x28 src/Application/app/app.o
                0x80002480                AudioRoutingControl_reply_func
 .text.Volume_reply_func
                0x800024a8       0x64 src/Application/app/app.o
                0x800024a8                Volume_reply_func
 .text.spk_brdcst_func
                0x8000250c       0x38 src/Application/app/app.o
                0x8000250c                spk_brdcst_func
 .text.spk_reply_func
                0x80002544       0x48 src/Application/app/app.o
                0x80002544                spk_reply_func
 .text.mic_brdcst_func
                0x8000258c       0x58 src/Application/app/app.o
                0x8000258c                mic_brdcst_func
 .text.mic_reply_func
                0x800025e4       0x94 src/Application/app/app.o
                0x800025e4                mic_reply_func
 .text.dcm_brdcst_func
                0x80002678       0x48 src/Application/app/app.o
                0x80002678                dcm_brdcst_func
 .text.dcm_reply_func
                0x800026c0       0x68 src/Application/app/app.o
                0x800026c0                dcm_reply_func
 .text.ToneControl_reply_func
                0x80002728       0x28 src/Application/app/app.o
                0x80002728                ToneControl_reply_func
 .text.app_init
                0x80002750       0x9c src/Application/app/app.o
                0x80002750                app_init
 .text.send_message
                0x800027ec      0x130 src/Application/app/app.o
 .text.app_cfg  0x8000291c      0x1ac src/Application/app/app.o
 .text.Phyuserinput_brdcst_func
                0x80002ac8       0x58 src/Application/app/app.o
                0x80002ac8                Phyuserinput_brdcst_func
 .text.DataSession_brdcst_func
                0x80002b20      0x1a0 src/Application/app/app.o
                0x80002b20                DataSession_brdcst_func
 .text.DeviceInitializationStatus_brdcst_func
                0x80002cc0       0x38 src/Application/app/app.o
                0x80002cc0                DeviceInitializationStatus_brdcst_func
 .text.send_flash_command
                0x80002cf8      0x1c4 src/Application/flash/data_flash.o
                0x80002cf8                send_flash_command
 .text.data_flash_read_block
                0x80002ebc       0x38 src/Application/flash/data_flash.o
                0x80002ebc                data_flash_read_block
 .text.data_flash_write_page
                0x80002ef4       0xa0 src/Application/flash/data_flash.o
                0x80002ef4                data_flash_write_page
 .text.data_flash_write_block
                0x80002f94       0xc0 src/Application/flash/data_flash.o
                0x80002f94                data_flash_write_block
 .text.data_flash_erase_block
                0x80003054       0xa0 src/Application/flash/data_flash.o
                0x80003054                data_flash_erase_block
 .text.data_flash_write
                0x800030f4       0xf0 src/Application/flash/data_flash.o
                0x800030f4                data_flash_write
 .text.W25Q64_SPI_SetSpeed
                0x800031e4       0x24 src/Application/flash/data_flash.o
                0x800031e4                W25Q64_SPI_SetSpeed
 .text.W25Q64_SPI_SetSpeedLow
                0x80003208       0x10 src/Application/flash/data_flash.o
                0x80003208                W25Q64_SPI_SetSpeedLow
 .text.data_flash_init
                0x80003218      0x12c src/Application/flash/data_flash.o
                0x80003218                data_flash_init
 .text.xg_rtc_init
                0x80003344       0x80 src/Application/myrtc/xgrtc.o
                0x80003344                xg_rtc_init
 .text.rtc_irq  0x800033c4       0xf0 src/Application/myrtc/xgrtc.o
                0x800033c4                rtc_irq
 .text.CalculateBurst
                0x800034b4       0x1c src/Application/radio/ambe.o
                0x800034b4                CalculateBurst
 .text.payload_init
                0x800034d0       0x14 src/Application/radio/payload.o
                0x800034d0                payload_init
 .text.set_idle_store_isr
                0x800034e4       0x1c src/Application/radio/physical.o
                0x800034e4                set_idle_store_isr
 .text.payload_rx
                0x80003500       0x18 src/Application/radio/physical.o
 .text.phy_rx   0x80003518       0x38 src/Application/radio/physical.o
                0x80003518                phy_rx
 .text.set_idle_store
                0x80003550       0x20 src/Application/radio/physical.o
                0x80003550                set_idle_store
 .text.phy_tx   0x80003570       0x5c src/Application/radio/physical.o
                0x80003570                phy_tx
 .text.get_idle_store_isr
                0x800035cc       0x28 src/Application/radio/physical.o
                0x800035cc                get_idle_store_isr
 .text.phy_tx_func
                0x800035f4      0x108 src/Application/radio/physical.o
 .text.get_idle_store
                0x800036fc       0x28 src/Application/radio/physical.o
                0x800036fc                get_idle_store
 .text.phy_init
                0x80003724       0x28 src/Application/radio/physical.o
                0x80003724                phy_init
 .text.phy_rx_func
                0x8000374c      0xf24 src/Application/radio/physical.o
 .text.pdca_int_handler
                0x80004670       0x80 src/Application/radio/ssc.o
 .text.local_start_SSC
                0x800046f0       0x44 src/Application/radio/ssc.o
                0x800046f0                local_start_SSC
 .text.local_start_PDC
                0x80004734       0x6c src/Application/radio/ssc.o
                0x80004734                local_start_PDC
 .text.register_rx_tx_func
                0x800047a0       0x14 src/Application/radio/ssc.o
                0x800047a0                register_rx_tx_func
 .text.ssc_init
                0x800047b4       0x74 src/Application/radio/ssc.o
                0x800047b4                ssc_init
 .text.xcmp_register_app_list
                0x80004828        0xc src/Application/radio/xcmp.o
                0x80004828                xcmp_register_app_list
 .text.xcmp_tx  0x80004834       0x48 src/Application/radio/xcmp.o
 .text.xcmp_data_session_req
                0x8000487c       0x90 src/Application/radio/xcmp.o
                0x8000487c                xcmp_data_session_req
 .text.xcmp_DeviceInitializationStatus_request
                0x8000490c       0x40 src/Application/radio/xcmp.o
                0x8000490c                xcmp_DeviceInitializationStatus_request
 .text.xcmp_opcode_not_supported
                0x8000494c       0x24 src/Application/radio/xcmp.o
                0x8000494c                xcmp_opcode_not_supported
 .text.xcmp_exec_func
                0x80004970       0x48 src/Application/radio/xcmp.o
 .text.xcmp_IdleTestTone
                0x800049b8       0x60 src/Application/radio/xcmp.o
                0x800049b8                xcmp_IdleTestTone
 .text.xcmp_init
                0x80004a18       0x54 src/Application/radio/xcmp.o
                0x80004a18                xcmp_init
 .text.xcmp_rx_process
                0x80004a6c       0xfc src/Application/radio/xcmp.o
 .text.xcmp_rx  0x80004b68       0x4c src/Application/radio/xcmp.o
 .text.xnl_register_xcmp_func
                0x80004bb4        0xc src/Application/radio/xnl.o
                0x80004bb4                xnl_register_xcmp_func
 .text.xnl_get_msg_ack_func
                0x80004bc0       0x2c src/Application/radio/xnl.o
                0x80004bc0                xnl_get_msg_ack_func
 .text.xnl_init
                0x80004bec      0x12c src/Application/radio/xnl.o
                0x80004bec                xnl_init
 .text.xnl_rx_process
                0x80004d18       0x60 src/Application/radio/xnl.o
 .text.xnl_tx_process
                0x80004d78       0xcc src/Application/radio/xnl.o
 .text.xnl_tx   0x80004e44       0xe4 src/Application/radio/xnl.o
                0x80004e44                xnl_tx
 .text.xnl_data_msg_func
                0x80004f28       0x60 src/Application/radio/xnl.o
                0x80004f28                xnl_data_msg_func
 .text.xnl_device_auth_reply_func
                0x80004f88      0x120 src/Application/radio/xnl.o
                0x80004f88                xnl_device_auth_reply_func
 .text.xnl_master_status_brdcst_func
                0x800050a8       0x60 src/Application/radio/xnl.o
                0x800050a8                xnl_master_status_brdcst_func
 .text.xnl_device_conn_reply_func
                0x80005108       0x5c src/Application/radio/xnl.o
                0x80005108                xnl_device_conn_reply_func
 .text.xnl_send_device_master_query
                0x80005164       0x30 src/Application/radio/xnl.o
                0x80005164                xnl_send_device_master_query
 .text.RC522_SPI_SetSpeed
                0x80005194       0x24 src/Application/RFID/MFRC522/rc522.o
                0x80005194                RC522_SPI_SetSpeed
 .text.RC522_SPI_SetSpeedLow
                0x800051b8       0x10 src/Application/RFID/MFRC522/rc522.o
                0x800051b8                RC522_SPI_SetSpeedLow
 .text.RC522_ReadByte
                0x800051c8       0x2c src/Application/RFID/MFRC522/rc522.o
                0x800051c8                RC522_ReadByte
 .text.RC522_WriteByte
                0x800051f4       0x30 src/Application/RFID/MFRC522/rc522.o
                0x800051f4                RC522_WriteByte
 .text.WriteRawRC
                0x80005224       0x40 src/Application/RFID/MFRC522/rc522.o
                0x80005224                WriteRawRC
 .text.PcdReset
                0x80005264       0x80 src/Application/RFID/MFRC522/rc522.o
                0x80005264                PcdReset
 .text.ReadRawRC
                0x800052e4       0x48 src/Application/RFID/MFRC522/rc522.o
                0x800052e4                ReadRawRC
 .text.Wait_Wakeup_RC522
                0x8000532c       0x10 src/Application/RFID/MFRC522/rc522.o
                0x8000532c                Wait_Wakeup_RC522
 .text.Powerdown_RC522
                0x8000533c       0x4c src/Application/RFID/MFRC522/rc522.o
                0x8000533c                Powerdown_RC522
 .text.SetBitMask
                0x80005388       0x24 src/Application/RFID/MFRC522/rc522.o
                0x80005388                SetBitMask
 .text.PcdAntennaOn
                0x800053ac       0x20 src/Application/RFID/MFRC522/rc522.o
                0x800053ac                PcdAntennaOn
 .text.ClearBitMask
                0x800053cc       0x28 src/Application/RFID/MFRC522/rc522.o
                0x800053cc                ClearBitMask
 .text.PcdAntennaOff
                0x800053f4       0x10 src/Application/RFID/MFRC522/rc522.o
                0x800053f4                PcdAntennaOff
 .text.M500PcdConfigISOType
                0x80005404       0x70 src/Application/RFID/MFRC522/rc522.o
                0x80005404                M500PcdConfigISOType
 .text.rc522_init
                0x80005474       0xb4 src/Application/RFID/MFRC522/rc522.o
                0x80005474                rc522_init
 .text.PcdComMF522
                0x80005528      0x178 src/Application/RFID/MFRC522/rc522.o
                0x80005528                PcdComMF522
 .text.PcdAnticoll
                0x800056a0       0x84 src/Application/RFID/MFRC522/rc522.o
                0x800056a0                PcdAnticoll
 .text.PcdRequest
                0x80005724       0x64 src/Application/RFID/MFRC522/rc522.o
                0x80005724                PcdRequest
 .text.CalulateCRC
                0x80005788       0x8c src/Application/RFID/MFRC522/rc522.o
                0x80005788                CalulateCRC
 .text.PcdSelect
                0x80005814       0x74 src/Application/RFID/MFRC522/rc522.o
                0x80005814                PcdSelect
 .text.rfid_auto_reader
                0x80005888      0x120 src/Application/RFID/RFID.o
                0x80005888                rfid_auto_reader
 .text.scan_patrol
                0x800059a8       0x50 src/Application/RFID/RFID.o
                0x800059a8                scan_patrol
 .text.scan_rfid_save_message
                0x800059f8      0x1f8 src/Application/RFID/RFID.o
                0x800059f8                scan_rfid_save_message
 .text.rfid_init
                0x80005bf0        0xc src/Application/RFID/RFID.o
                0x80005bf0                rfid_init
 .text.delay_ns
                0x80005bfc       0x16 src/Application/timers/timer.o
                0x80005bfc                delay_ns
 *fill*         0x80005c12        0x2 d703d703
 .text.delay_us
                0x80005c14       0x28 src/Application/timers/timer.o
                0x80005c14                delay_us
 .text.delay_ms
                0x80005c3c       0x28 src/Application/timers/timer.o
                0x80005c3c                delay_ms
 .text.local_start_timer
                0x80005c64       0x2c src/Application/timers/timer.o
                0x80005c64                local_start_timer
 .text.local_start_pll0
                0x80005c90       0x94 src/Application/timers/timer.o
                0x80005c90                local_start_pll0
 .text.xg_flashc_init
                0x80005d24      0x29c src/Application/xgflash/xgflash.o
                0x80005d24                xg_flashc_init
 .text.xgflash_get_message_data
                0x80005fc0      0x150 src/Application/xgflash/xgflash.o
                0x80005fc0                xgflash_get_message_data
 .text.xgflash_message_save
                0x80006110      0x190 src/Application/xgflash/xgflash.o
                0x80006110                xgflash_message_save
 .text.xgflash_get_message_count
                0x800062a0       0x4c src/Application/xgflash/xgflash.o
                0x800062a0                xgflash_get_message_count
 .text.flashc_set_wait_state
                0x800062ec        0xe src/ASF/avr32/drivers/flashc/flashc.o
                0x800062ec                flashc_set_wait_state
 .text.gpio_enable_module_pin
                0x800062fa       0x52 src/ASF/avr32/drivers/gpio/gpio.o
                0x800062fa                gpio_enable_module_pin
 .text.gpio_enable_module
                0x8000634c       0x30 src/ASF/avr32/drivers/gpio/gpio.o
                0x8000634c                gpio_enable_module
 .text.gpio_enable_gpio_pin
                0x8000637c       0x18 src/ASF/avr32/drivers/gpio/gpio.o
                0x8000637c                gpio_enable_gpio_pin
 .text.gpio_set_gpio_pin
                0x80006394       0x1c src/ASF/avr32/drivers/gpio/gpio.o
                0x80006394                gpio_set_gpio_pin
 .text.gpio_clr_gpio_pin
                0x800063b0       0x1c src/ASF/avr32/drivers/gpio/gpio.o
                0x800063b0                gpio_clr_gpio_pin
 .text._unhandled_interrupt
                0x800063cc        0x2 src/ASF/avr32/drivers/intc/intc.o
 *fill*         0x800063ce        0x2 d703d703
 .text.INTC_register_interrupt
                0x800063d0       0x80 src/ASF/avr32/drivers/intc/intc.o
                0x800063d0                INTC_register_interrupt
 .text.INTC_init_interrupts
                0x80006450       0x54 src/ASF/avr32/drivers/intc/intc.o
                0x80006450                INTC_init_interrupts
 .text._get_interrupt_handler
                0x800064a4       0x38 src/ASF/avr32/drivers/intc/intc.o
                0x800064a4                _get_interrupt_handler
 .text.pm_set_osc0_mode
                0x800064dc        0xa src/ASF/avr32/drivers/pm/pm.o
 *fill*         0x800064e6        0x2 d703d703
 .text.pm_enable_osc0_crystal
                0x800064e8       0x3c src/ASF/avr32/drivers/pm/pm.o
                0x800064e8                pm_enable_osc0_crystal
 .text.pm_enable_clk0_no_wait
                0x80006524       0x10 src/ASF/avr32/drivers/pm/pm.o
                0x80006524                pm_enable_clk0_no_wait
 .text.pm_wait_for_clk0_ready
                0x80006534        0xa src/ASF/avr32/drivers/pm/pm.o
                0x80006534                pm_wait_for_clk0_ready
 *fill*         0x8000653e        0x2 d703d703
 .text.pm_enable_clk0
                0x80006540       0x1c src/ASF/avr32/drivers/pm/pm.o
                0x80006540                pm_enable_clk0
 .text.pm_set_osc32_mode
                0x8000655c        0xa src/ASF/avr32/drivers/pm/pm.o
 *fill*         0x80006566        0x2 d703d703
 .text.pm_enable_osc32_crystal
                0x80006568       0x10 src/ASF/avr32/drivers/pm/pm.o
                0x80006568                pm_enable_osc32_crystal
 .text.pm_enable_clk32_no_wait
                0x80006578       0x10 src/ASF/avr32/drivers/pm/pm.o
                0x80006578                pm_enable_clk32_no_wait
 .text.pm_wait_for_clk32_ready
                0x80006588        0xa src/ASF/avr32/drivers/pm/pm.o
                0x80006588                pm_wait_for_clk32_ready
 *fill*         0x80006592        0x2 d703d703
 .text.pm_enable_clk32
                0x80006594       0x1c src/ASF/avr32/drivers/pm/pm.o
                0x80006594                pm_enable_clk32
 .text.pm_cksel
                0x800065b0       0x46 src/ASF/avr32/drivers/pm/pm.o
                0x800065b0                pm_cksel
 .text.pm_pll_setup
                0x800065f6       0x22 src/ASF/avr32/drivers/pm/pm.o
                0x800065f6                pm_pll_setup
 .text.pm_pll_set_option
                0x80006618       0x1a src/ASF/avr32/drivers/pm/pm.o
                0x80006618                pm_pll_set_option
 .text.pm_pll_enable
                0x80006632        0xe src/ASF/avr32/drivers/pm/pm.o
                0x80006632                pm_pll_enable
 .text.pm_wait_for_pll0_locked
                0x80006640        0xa src/ASF/avr32/drivers/pm/pm.o
                0x80006640                pm_wait_for_pll0_locked
 .text.pm_switch_to_clock
                0x8000664a        0xa src/ASF/avr32/drivers/pm/pm.o
                0x8000664a                pm_switch_to_clock
 .text.pm_switch_to_osc0
                0x80006654       0x2c src/ASF/avr32/drivers/pm/pm.o
                0x80006654                pm_switch_to_osc0
 .text.rtc_is_busy
                0x80006680        0x8 src/ASF/avr32/drivers/rtc/rtc.o
                0x80006680                rtc_is_busy
 .text.rtc_set_value
                0x80006688       0x24 src/ASF/avr32/drivers/rtc/rtc.o
                0x80006688                rtc_set_value
 .text.rtc_enable
                0x800066ac       0x24 src/ASF/avr32/drivers/rtc/rtc.o
                0x800066ac                rtc_enable
 .text.rtc_enable_interrupt
                0x800066d0        0x6 src/ASF/avr32/drivers/rtc/rtc.o
                0x800066d0                rtc_enable_interrupt
 *fill*         0x800066d6        0x2 d703d703
 .text.rtc_set_top_value
                0x800066d8       0x24 src/ASF/avr32/drivers/rtc/rtc.o
                0x800066d8                rtc_set_top_value
 .text.rtc_clear_interrupt
                0x800066fc       0x1e src/ASF/avr32/drivers/rtc/rtc.o
                0x800066fc                rtc_clear_interrupt
 *fill*         0x8000671a        0x2 d703d703
 .text.rtc_init
                0x8000671c       0x80 src/ASF/avr32/drivers/rtc/rtc.o
                0x8000671c                rtc_init
 .text.getBaudDiv
                0x8000679c       0x20 src/ASF/avr32/drivers/spi/spi.o
                0x8000679c                getBaudDiv
 .text.spi_initMaster
                0x800067bc       0x38 src/ASF/avr32/drivers/spi/spi.o
                0x800067bc                spi_initMaster
 .text.spi_selectionMode
                0x800067f4       0x2c src/ASF/avr32/drivers/spi/spi.o
                0x800067f4                spi_selectionMode
 .text.spi_enable
                0x80006820        0x6 src/ASF/avr32/drivers/spi/spi.o
                0x80006820                spi_enable
 .text.spi_write
                0x80006826       0x1c src/ASF/avr32/drivers/spi/spi.o
                0x80006826                spi_write
 .text.spi_read
                0x80006842       0x20 src/ASF/avr32/drivers/spi/spi.o
                0x80006842                spi_read
 *fill*         0x80006862        0x2 d703d703
 .text.spi_setupChipReg
                0x80006864       0xe8 src/ASF/avr32/drivers/spi/spi.o
                0x80006864                spi_setupChipReg
 .text.spi_unselectChip
                0x8000694c       0x40 src/ASF/avr32/drivers/spi/spi.o
                0x8000694c                spi_unselectChip
 .text.spi_selectChip
                0x8000698c       0x78 src/ASF/avr32/drivers/spi/spi.o
                0x8000698c                spi_selectChip
 .text.usart_set_async_baudrate
                0x80006a04       0x5a src/ASF/avr32/drivers/usart/usart.o
 .text.usart_write_char
                0x80006a5e       0x14 src/ASF/avr32/drivers/usart/usart.o
                0x80006a5e                usart_write_char
 *fill*         0x80006a72        0x2 d703d703
 .text.usart_putchar
                0x80006a74       0x2c src/ASF/avr32/drivers/usart/usart.o
                0x80006a74                usart_putchar
 .text.usart_read_char
                0x80006aa0       0x22 src/ASF/avr32/drivers/usart/usart.o
                0x80006aa0                usart_read_char
 *fill*         0x80006ac2        0x2 d703d703
 .text.usart_getchar
                0x80006ac4       0x2c src/ASF/avr32/drivers/usart/usart.o
                0x80006ac4                usart_getchar
 .text.usart_write_line
                0x80006af0       0x24 src/ASF/avr32/drivers/usart/usart.o
                0x80006af0                usart_write_line
 .text.usart_reset
                0x80006b14       0x2c src/ASF/avr32/drivers/usart/usart.o
                0x80006b14                usart_reset
 .text.usart_init_rs232
                0x80006b40       0xcc src/ASF/avr32/drivers/usart/usart.o
                0x80006b40                usart_init_rs232
 .text._stext   0x80006c0c       0x40 src/ASF/avr32/utils/startup/startup_uc3.o
                                 0x50 (size before relaxing)
                0x80006c0c                _stext
 .text.vListInitialise
                0x80006c4c       0x14 src/ASF/thirdparty/freertos/freertos-7.0.0/source/list.o
                0x80006c4c                vListInitialise
 .text.vListInitialiseItem
                0x80006c60        0x6 src/ASF/thirdparty/freertos/freertos-7.0.0/source/list.o
                0x80006c60                vListInitialiseItem
 .text.vListInsertEnd
                0x80006c66       0x1c src/ASF/thirdparty/freertos/freertos-7.0.0/source/list.o
                0x80006c66                vListInsertEnd
 .text.vListInsert
                0x80006c82       0x34 src/ASF/thirdparty/freertos/freertos-7.0.0/source/list.o
                0x80006c82                vListInsert
 .text.vListRemove
                0x80006cb6       0x26 src/ASF/thirdparty/freertos/freertos-7.0.0/source/list.o
                0x80006cb6                vListRemove
 .text.pxPortInitialiseStack
                0x80006cdc       0x92 src/ASF/thirdparty/freertos/freertos-7.0.0/source/portable/gcc/avr32_uc3/port.o
                0x80006cdc                pxPortInitialiseStack
 *fill*         0x80006d6e        0x2 d703d703
 .text.vPortEnterCritical
                0x80006d70       0x10 src/ASF/thirdparty/freertos/freertos-7.0.0/source/portable/gcc/avr32_uc3/port.o
                0x80006d70                vPortEnterCritical
 .text.xPortStartScheduler
                0x80006d80       0x58 src/ASF/thirdparty/freertos/freertos-7.0.0/source/portable/gcc/avr32_uc3/port.o
                0x80006d80                xPortStartScheduler
 .text.SCALLYield
                0x80006dd8       0x98 src/ASF/thirdparty/freertos/freertos-7.0.0/source/portable/gcc/avr32_uc3/port.o
                0x80006dd8                SCALLYield
 .text.prvClearCcInt
                0x80006e70        0xa src/ASF/thirdparty/freertos/freertos-7.0.0/source/portable/gcc/avr32_uc3/port.o
 *fill*         0x80006e7a        0x2 d703d703
 .text.vPortExitCritical
                0x80006e7c       0x20 src/ASF/thirdparty/freertos/freertos-7.0.0/source/portable/gcc/avr32_uc3/port.o
                0x80006e7c                vPortExitCritical
 .text.vTick    0x80006e9c       0x84 src/ASF/thirdparty/freertos/freertos-7.0.0/source/portable/gcc/avr32_uc3/port.o
 .text.__malloc_lock
                0x80006f20        0xc src/ASF/thirdparty/freertos/freertos-7.0.0/source/portable/gcc/avr32_uc3/port.o
                0x80006f20                __malloc_lock
 .text.__malloc_unlock
                0x80006f2c        0xc src/ASF/thirdparty/freertos/freertos-7.0.0/source/portable/gcc/avr32_uc3/port.o
                0x80006f2c                __malloc_unlock
 .text._read    0x80006f38       0x40 src/ASF/thirdparty/freertos/freertos-7.0.0/source/portable/gcc/avr32_uc3/read.o
                0x80006f38                _read
 .text._write   0x80006f78       0x3c src/ASF/thirdparty/freertos/freertos-7.0.0/source/portable/gcc/avr32_uc3/write.o
                0x80006f78                _write
 .text.vPortFree
                0x80006fb4       0x28 src/ASF/thirdparty/freertos/freertos-7.0.0/source/portable/memmang/heap_3.o
                0x80006fb4                vPortFree
 .text.pvPortMalloc
                0x80006fdc       0x28 src/ASF/thirdparty/freertos/freertos-7.0.0/source/portable/memmang/heap_3.o
                0x80006fdc                pvPortMalloc
 .text.prvCopyDataFromQueue
                0x80007004       0x30 src/ASF/thirdparty/freertos/freertos-7.0.0/source/queue.o
 .text.xQueueReceiveFromISR
                0x80007034       0x50 src/ASF/thirdparty/freertos/freertos-7.0.0/source/queue.o
                0x80007034                xQueueReceiveFromISR
 .text.prvUnlockQueue
                0x80007084       0xa0 src/ASF/thirdparty/freertos/freertos-7.0.0/source/queue.o
 .text.xQueueGenericReceive
                0x80007124      0x144 src/ASF/thirdparty/freertos/freertos-7.0.0/source/queue.o
                0x80007124                xQueueGenericReceive
 .text.prvCopyDataToQueue
                0x80007268       0x78 src/ASF/thirdparty/freertos/freertos-7.0.0/source/queue.o
 .text.xQueueGenericSendFromISR
                0x800072e0       0x50 src/ASF/thirdparty/freertos/freertos-7.0.0/source/queue.o
                0x800072e0                xQueueGenericSendFromISR
 .text.xQueueGenericSend
                0x80007330      0x100 src/ASF/thirdparty/freertos/freertos-7.0.0/source/queue.o
                0x80007330                xQueueGenericSend
 .text.xQueueCreateMutex
                0x80007430       0x58 src/ASF/thirdparty/freertos/freertos-7.0.0/source/queue.o
                0x80007430                xQueueCreateMutex
 .text.xQueueCreate
                0x80007488       0x74 src/ASF/thirdparty/freertos/freertos-7.0.0/source/queue.o
                0x80007488                xQueueCreate
 .text.vTaskSuspendAll
                0x800074fc       0x10 src/ASF/thirdparty/freertos/freertos-7.0.0/source/tasks.o
                0x800074fc                vTaskSuspendAll
 .text.vTaskSwitchContext
                0x8000750c       0x7c src/ASF/thirdparty/freertos/freertos-7.0.0/source/tasks.o
                0x8000750c                vTaskSwitchContext
 .text.vTaskSetTimeOutState
                0x80007588       0x18 src/ASF/thirdparty/freertos/freertos-7.0.0/source/tasks.o
                0x80007588                vTaskSetTimeOutState
 .text.vTaskMissedYield
                0x800075a0        0xc src/ASF/thirdparty/freertos/freertos-7.0.0/source/tasks.o
                0x800075a0                vTaskMissedYield
 .text.xTaskGetCurrentTaskHandle
                0x800075ac        0xc src/ASF/thirdparty/freertos/freertos-7.0.0/source/tasks.o
                0x800075ac                xTaskGetCurrentTaskHandle
 .text.vTaskPriorityDisinherit
                0x800075b8       0x58 src/ASF/thirdparty/freertos/freertos-7.0.0/source/tasks.o
                0x800075b8                vTaskPriorityDisinherit
 .text.vTaskPriorityInherit
                0x80007610       0x84 src/ASF/thirdparty/freertos/freertos-7.0.0/source/tasks.o
                0x80007610                vTaskPriorityInherit
 .text.xTaskRemoveFromEventList
                0x80007694       0x7c src/ASF/thirdparty/freertos/freertos-7.0.0/source/tasks.o
                0x80007694                xTaskRemoveFromEventList
 .text.vTaskIncrementTick
                0x80007710      0x114 src/ASF/thirdparty/freertos/freertos-7.0.0/source/tasks.o
                0x80007710                vTaskIncrementTick
 .text.xTaskCheckForTimeOut
                0x80007824       0x70 src/ASF/thirdparty/freertos/freertos-7.0.0/source/tasks.o
                0x80007824                xTaskCheckForTimeOut
 .text.xTaskGetTickCount
                0x80007894       0x24 src/ASF/thirdparty/freertos/freertos-7.0.0/source/tasks.o
                0x80007894                xTaskGetTickCount
 .text.xTaskResumeAll
                0x800078b8       0xe8 src/ASF/thirdparty/freertos/freertos-7.0.0/source/tasks.o
                0x800078b8                xTaskResumeAll
 .text.prvAddCurrentTaskToDelayedList
                0x800079a0       0x5c src/ASF/thirdparty/freertos/freertos-7.0.0/source/tasks.o
 .text.vTaskDelay
                0x800079fc       0x48 src/ASF/thirdparty/freertos/freertos-7.0.0/source/tasks.o
                0x800079fc                vTaskDelay
 .text.vTaskDelayUntil
                0x80007a44       0x80 src/ASF/thirdparty/freertos/freertos-7.0.0/source/tasks.o
                0x80007a44                vTaskDelayUntil
 .text.vTaskPlaceOnEventList
                0x80007ac4       0x58 src/ASF/thirdparty/freertos/freertos-7.0.0/source/tasks.o
                0x80007ac4                vTaskPlaceOnEventList
 .text.prvIdleTask
                0x80007b1c       0x88 src/ASF/thirdparty/freertos/freertos-7.0.0/source/tasks.o
 .text.xTaskGenericCreate
                0x80007ba4      0x1e8 src/ASF/thirdparty/freertos/freertos-7.0.0/source/tasks.o
                0x80007ba4                xTaskGenericCreate
 .text.vTaskStartScheduler
                0x80007d8c       0x4c src/ASF/thirdparty/freertos/freertos-7.0.0/source/tasks.o
                0x80007d8c                vTaskStartScheduler
 .text.PrintChar
                0x80007dd8        0x4 src/Log/log.o
                0x80007dd8                PrintChar
 .text.PrintHex
                0x80007ddc       0xb2 src/Log/log.o
                0x80007ddc                PrintHex
 .text.PrintDec
                0x80007e8e       0xda src/Log/log.o
                0x80007e8e                PrintDec
 .text.log      0x80007f68      0x18c src/Log/log.o
                0x80007f68                log
 .text.logFromISR
                0x800080f4      0x180 src/Log/log.o
                0x800080f4                logFromISR
 .text.log_init
                0x80008274       0x64 src/Log/log.o
                0x80008274                log_init
 .text.task_log
                0x800082d8       0x44 src/Log/log.o
 .text.main     0x8000831c       0x78 src/main.o
                0x8000831c                main
 .text.free     0x80008394       0x10 e:/program x86/atmel/studio/7.0/toolchain/avr32/avr32-gnu-toolchain/bin/../lib/gcc/avr32/4.4.7/../../../../avr32/lib/ucr2\libc.a(lib_a-malloc.o)
                                 0x18 (size before relaxing)
                0x80008394                free
 .text.malloc   0x800083a4       0x10 e:/program x86/atmel/studio/7.0/toolchain/avr32/avr32-gnu-toolchain/bin/../lib/gcc/avr32/4.4.7/../../../../avr32/lib/ucr2\libc.a(lib_a-malloc.o)
                                 0x18 (size before relaxing)
                0x800083a4                malloc
 .text._malloc_r
                0x800083b4      0x438 e:/program x86/atmel/studio/7.0/toolchain/avr32/avr32-gnu-toolchain/bin/../lib/gcc/avr32/4.4.7/../../../../avr32/lib/ucr2\libc.a(lib_a-mallocr.o)
                                0x450 (size before relaxing)
                0x800083b4                _malloc_r
 .text.memcmp   0x800087ec       0x26 e:/program x86/atmel/studio/7.0/toolchain/avr32/avr32-gnu-toolchain/bin/../lib/gcc/avr32/4.4.7/../../../../avr32/lib/ucr2\libc.a(lib_a-memcmp.o)
                0x800087ec                memcmp
 .text          0x80008812      0x148 e:/program x86/atmel/studio/7.0/toolchain/avr32/avr32-gnu-toolchain/bin/../lib/gcc/avr32/4.4.7/../../../../avr32/lib/ucr2\libc.a(lib_a-memcpy.o)
                0x80008812                memcpy
 .text.memset   0x8000895a        0xe e:/program x86/atmel/studio/7.0/toolchain/avr32/avr32-gnu-toolchain/bin/../lib/gcc/avr32/4.4.7/../../../../avr32/lib/ucr2\libc.a(lib_a-memset.o)
                0x8000895a                memset
 .text._realloc_r
                0x80008968      0x2c0 e:/program x86/atmel/studio/7.0/toolchain/avr32/avr32-gnu-toolchain/bin/../lib/gcc/avr32/4.4.7/../../../../avr32/lib/ucr2\libc.a(lib_a-reallocr.o)
                                0x2e0 (size before relaxing)
                0x80008968                _realloc_r
 .text._sbrk_r  0x80008c28       0x20 e:/program x86/atmel/studio/7.0/toolchain/avr32/avr32-gnu-toolchain/bin/../lib/gcc/avr32/4.4.7/../../../../avr32/lib/ucr2\libc.a(lib_a-sbrkr.o)
                                 0x28 (size before relaxing)
                0x80008c28                _sbrk_r
 .text.sprintf  0x80008c48       0x3c e:/program x86/atmel/studio/7.0/toolchain/avr32/avr32-gnu-toolchain/bin/../lib/gcc/avr32/4.4.7/../../../../avr32/lib/ucr2\libc.a(lib_a-sprintf.o)
                                 0x40 (size before relaxing)
                0x80008c48                sprintf
 .text          0x80008c84       0x20 e:/program x86/atmel/studio/7.0/toolchain/avr32/avr32-gnu-toolchain/bin/../lib/gcc/avr32/4.4.7/../../../../avr32/lib/ucr2\libc.a(lib_a-strncpy.o)
                0x80008c84                strncpy
 .text._close   0x80008ca4       0x14 e:/program x86/atmel/studio/7.0/toolchain/avr32/avr32-gnu-toolchain/bin/../lib/gcc/avr32/4.4.7/../../../../avr32/lib/ucr2\libc.a(lib_a-syscalls.o)
                                 0x18 (size before relaxing)
                0x80008ca4                _close
 .text._lseek   0x80008cb8       0x14 e:/program x86/atmel/studio/7.0/toolchain/avr32/avr32-gnu-toolchain/bin/../lib/gcc/avr32/4.4.7/../../../../avr32/lib/ucr2\libc.a(lib_a-syscalls.o)
                                 0x18 (size before relaxing)
                0x80008cb8                _lseek
 .text.isatty   0x80008ccc       0x14 e:/program x86/atmel/studio/7.0/toolchain/avr32/avr32-gnu-toolchain/bin/../lib/gcc/avr32/4.4.7/../../../../avr32/lib/ucr2\libc.a(lib_a-syscalls.o)
                                 0x18 (size before relaxing)
                0x80008ccc                isatty
 .text._fstat_host
                0x80008ce0       0x14 e:/program x86/atmel/studio/7.0/toolchain/avr32/avr32-gnu-toolchain/bin/../lib/gcc/avr32/4.4.7/../../../../avr32/lib/ucr2\libc.a(lib_a-syscalls.o)
                                 0x18 (size before relaxing)
                0x80008ce0                _fstat_host
 .text._fstat   0x80008cf4       0x4c e:/program x86/atmel/studio/7.0/toolchain/avr32/avr32-gnu-toolchain/bin/../lib/gcc/avr32/4.4.7/../../../../avr32/lib/ucr2\libc.a(lib_a-syscalls.o)
                                 0x50 (size before relaxing)
                0x80008cf4                _fstat
 .text._sbrk    0x80008d40       0x38 e:/program x86/atmel/studio/7.0/toolchain/avr32/avr32-gnu-toolchain/bin/../lib/gcc/avr32/4.4.7/../../../../avr32/lib/ucr2\libc.a(lib_a-syscalls.o)
                                 0x40 (size before relaxing)
                0x80008d40                _sbrk
 .text.get_arg  0x80008d78      0x314 e:/program x86/atmel/studio/7.0/toolchain/avr32/avr32-gnu-toolchain/bin/../lib/gcc/avr32/4.4.7/../../../../avr32/lib/ucr2\libc.a(lib_a-vfprintf.o)
                                0x324 (size before relaxing)
 .text.__sprint_r
                0x8000908c       0x1c e:/program x86/atmel/studio/7.0/toolchain/avr32/avr32-gnu-toolchain/bin/../lib/gcc/avr32/4.4.7/../../../../avr32/lib/ucr2\libc.a(lib_a-vfprintf.o)
                                 0x20 (size before relaxing)
 .text._vfprintf_r
                0x800090a8     0x1f14 e:/program x86/atmel/studio/7.0/toolchain/avr32/avr32-gnu-toolchain/bin/../lib/gcc/avr32/4.4.7/../../../../avr32/lib/ucr2\libc.a(lib_a-vfprintf.o)
                               0x1f9c (size before relaxing)
                0x800090a8                _vfprintf_r
 .text.__swsetup_r
                0x8000afbc       0xdc e:/program x86/atmel/studio/7.0/toolchain/avr32/avr32-gnu-toolchain/bin/../lib/gcc/avr32/4.4.7/../../../../avr32/lib/ucr2\libc.a(lib_a-wsetup.o)
                                 0xe8 (size before relaxing)
                0x8000afbc                __swsetup_r
 .text.quorem   0x8000b098      0x120 e:/program x86/atmel/studio/7.0/toolchain/avr32/avr32-gnu-toolchain/bin/../lib/gcc/avr32/4.4.7/../../../../avr32/lib/ucr2\libc.a(lib_a-dtoa.o)
                                0x124 (size before relaxing)
 .text._dtoa_r  0x8000b1b8      0xbdc e:/program x86/atmel/studio/7.0/toolchain/avr32/avr32-gnu-toolchain/bin/../lib/gcc/avr32/4.4.7/../../../../avr32/lib/ucr2\libc.a(lib_a-dtoa.o)
                                0xc90 (size before relaxing)
                0x8000b1b8                _dtoa_r
 .text.__errno  0x8000bd94        0xc e:/program x86/atmel/studio/7.0/toolchain/avr32/avr32-gnu-toolchain/bin/../lib/gcc/avr32/4.4.7/../../../../avr32/lib/ucr2\libc.a(lib_a-errno.o)
                0x8000bd94                __errno
 .text._fflush_r
                0x8000bda0      0x10c e:/program x86/atmel/studio/7.0/toolchain/avr32/avr32-gnu-toolchain/bin/../lib/gcc/avr32/4.4.7/../../../../avr32/lib/ucr2\libc.a(lib_a-fflush.o)
                                0x118 (size before relaxing)
                0x8000bda0                _fflush_r
 .text.__sfp_lock_acquire
                0x8000beac        0x2 e:/program x86/atmel/studio/7.0/toolchain/avr32/avr32-gnu-toolchain/bin/../lib/gcc/avr32/4.4.7/../../../../avr32/lib/ucr2\libc.a(lib_a-findfp.o)
                0x8000beac                __sfp_lock_acquire
 .text.__sfp_lock_release
                0x8000beae        0x2 e:/program x86/atmel/studio/7.0/toolchain/avr32/avr32-gnu-toolchain/bin/../lib/gcc/avr32/4.4.7/../../../../avr32/lib/ucr2\libc.a(lib_a-findfp.o)
                0x8000beae                __sfp_lock_release
 .text._cleanup_r
                0x8000beb0        0xc e:/program x86/atmel/studio/7.0/toolchain/avr32/avr32-gnu-toolchain/bin/../lib/gcc/avr32/4.4.7/../../../../avr32/lib/ucr2\libc.a(lib_a-findfp.o)
                                 0x14 (size before relaxing)
                0x8000beb0                _cleanup_r
 .text.__sfmoreglue
                0x8000bebc       0x28 e:/program x86/atmel/studio/7.0/toolchain/avr32/avr32-gnu-toolchain/bin/../lib/gcc/avr32/4.4.7/../../../../avr32/lib/ucr2\libc.a(lib_a-findfp.o)
                                 0x30 (size before relaxing)
                0x8000bebc                __sfmoreglue
 .text.__sfp    0x8000bee4       0x6c e:/program x86/atmel/studio/7.0/toolchain/avr32/avr32-gnu-toolchain/bin/../lib/gcc/avr32/4.4.7/../../../../avr32/lib/ucr2\libc.a(lib_a-findfp.o)
                                 0x7c (size before relaxing)
                0x8000bee4                __sfp
 .text.__sinit  0x8000bf50       0x9c e:/program x86/atmel/studio/7.0/toolchain/avr32/avr32-gnu-toolchain/bin/../lib/gcc/avr32/4.4.7/../../../../avr32/lib/ucr2\libc.a(lib_a-findfp.o)
                                 0xb0 (size before relaxing)
                0x8000bf50                __sinit
 .text._malloc_trim_r
                0x8000bfec       0x98 e:/program x86/atmel/studio/7.0/toolchain/avr32/avr32-gnu-toolchain/bin/../lib/gcc/avr32/4.4.7/../../../../avr32/lib/ucr2\libc.a(lib_a-freer.o)
                                 0xa8 (size before relaxing)
                0x8000bfec                _malloc_trim_r
 .text._free_r  0x8000c084      0x18c e:/program x86/atmel/studio/7.0/toolchain/avr32/avr32-gnu-toolchain/bin/../lib/gcc/avr32/4.4.7/../../../../avr32/lib/ucr2\libc.a(lib_a-freer.o)
                                0x1a0 (size before relaxing)
                0x8000c084                _free_r
 .text.__sfvwrite_r
                0x8000c210      0x294 e:/program x86/atmel/studio/7.0/toolchain/avr32/avr32-gnu-toolchain/bin/../lib/gcc/avr32/4.4.7/../../../../avr32/lib/ucr2\libc.a(lib_a-fvwrite.o)
                                0x2c4 (size before relaxing)
                0x8000c210                __sfvwrite_r
 .text._fwalk   0x8000c4a4       0x4c e:/program x86/atmel/studio/7.0/toolchain/avr32/avr32-gnu-toolchain/bin/../lib/gcc/avr32/4.4.7/../../../../avr32/lib/ucr2\libc.a(lib_a-fwalk.o)
                                 0x54 (size before relaxing)
                0x8000c4a4                _fwalk
 .text._localeconv_r
                0x8000c4f0        0x8 e:/program x86/atmel/studio/7.0/toolchain/avr32/avr32-gnu-toolchain/bin/../lib/gcc/avr32/4.4.7/../../../../avr32/lib/ucr2\libc.a(lib_a-locale.o)
                0x8000c4f0                _localeconv_r
 .text.__smakebuf_r
                0x8000c4f8       0xbc e:/program x86/atmel/studio/7.0/toolchain/avr32/avr32-gnu-toolchain/bin/../lib/gcc/avr32/4.4.7/../../../../avr32/lib/ucr2\libc.a(lib_a-makebuf.o)
                                 0xcc (size before relaxing)
                0x8000c4f8                __smakebuf_r
 .text.memchr   0x8000c5b4       0x16 e:/program x86/atmel/studio/7.0/toolchain/avr32/avr32-gnu-toolchain/bin/../lib/gcc/avr32/4.4.7/../../../../avr32/lib/ucr2\libc.a(lib_a-memchr.o)
                0x8000c5b4                memchr
 .text.memmove  0x8000c5ca       0x3e e:/program x86/atmel/studio/7.0/toolchain/avr32/avr32-gnu-toolchain/bin/../lib/gcc/avr32/4.4.7/../../../../avr32/lib/ucr2\libc.a(lib_a-memmove.o)
                0x8000c5ca                memmove
 .text.__hi0bits
                0x8000c608       0x60 e:/program x86/atmel/studio/7.0/toolchain/avr32/avr32-gnu-toolchain/bin/../lib/gcc/avr32/4.4.7/../../../../avr32/lib/ucr2\libc.a(lib_a-mprec.o)
                0x8000c608                __hi0bits
 .text.__lo0bits
                0x8000c668       0x8e e:/program x86/atmel/studio/7.0/toolchain/avr32/avr32-gnu-toolchain/bin/../lib/gcc/avr32/4.4.7/../../../../avr32/lib/ucr2\libc.a(lib_a-mprec.o)
                0x8000c668                __lo0bits
 .text.__mcmp   0x8000c6f6       0x32 e:/program x86/atmel/studio/7.0/toolchain/avr32/avr32-gnu-toolchain/bin/../lib/gcc/avr32/4.4.7/../../../../avr32/lib/ucr2\libc.a(lib_a-mprec.o)
                0x8000c6f6                __mcmp
 .text._Bfree   0x8000c728       0x34 e:/program x86/atmel/studio/7.0/toolchain/avr32/avr32-gnu-toolchain/bin/../lib/gcc/avr32/4.4.7/../../../../avr32/lib/ucr2\libc.a(lib_a-mprec.o)
                                 0x38 (size before relaxing)
                0x8000c728                _Bfree
 .text._Balloc  0x8000c75c       0x70 e:/program x86/atmel/studio/7.0/toolchain/avr32/avr32-gnu-toolchain/bin/../lib/gcc/avr32/4.4.7/../../../../avr32/lib/ucr2\libc.a(lib_a-mprec.o)
                                 0x78 (size before relaxing)
                0x8000c75c                _Balloc
 .text.__d2b    0x8000c7cc       0xa0 e:/program x86/atmel/studio/7.0/toolchain/avr32/avr32-gnu-toolchain/bin/../lib/gcc/avr32/4.4.7/../../../../avr32/lib/ucr2\libc.a(lib_a-mprec.o)
                                 0xb4 (size before relaxing)
                0x8000c7cc                __d2b
 .text.__mdiff  0x8000c86c       0xd0 e:/program x86/atmel/studio/7.0/toolchain/avr32/avr32-gnu-toolchain/bin/../lib/gcc/avr32/4.4.7/../../../../avr32/lib/ucr2\libc.a(lib_a-mprec.o)
                                 0xd8 (size before relaxing)
                0x8000c86c                __mdiff
 .text.__lshift
                0x8000c93c       0x88 e:/program x86/atmel/studio/7.0/toolchain/avr32/avr32-gnu-toolchain/bin/../lib/gcc/avr32/4.4.7/../../../../avr32/lib/ucr2\libc.a(lib_a-mprec.o)
                                 0x94 (size before relaxing)
                0x8000c93c                __lshift
 .text.__multiply
                0x8000c9c4      0x100 e:/program x86/atmel/studio/7.0/toolchain/avr32/avr32-gnu-toolchain/bin/../lib/gcc/avr32/4.4.7/../../../../avr32/lib/ucr2\libc.a(lib_a-mprec.o)
                                0x108 (size before relaxing)
                0x8000c9c4                __multiply
 .text.__i2b    0x8000cac4       0x10 e:/program x86/atmel/studio/7.0/toolchain/avr32/avr32-gnu-toolchain/bin/../lib/gcc/avr32/4.4.7/../../../../avr32/lib/ucr2\libc.a(lib_a-mprec.o)
                                 0x18 (size before relaxing)
                0x8000cac4                __i2b
 .text.__multadd
                0x8000cad4       0x7c e:/program x86/atmel/studio/7.0/toolchain/avr32/avr32-gnu-toolchain/bin/../lib/gcc/avr32/4.4.7/../../../../avr32/lib/ucr2\libc.a(lib_a-mprec.o)
                                 0x88 (size before relaxing)
                0x8000cad4                __multadd
 .text.__pow5mult
                0x8000cb50       0x8c e:/program x86/atmel/studio/7.0/toolchain/avr32/avr32-gnu-toolchain/bin/../lib/gcc/avr32/4.4.7/../../../../avr32/lib/ucr2\libc.a(lib_a-mprec.o)
                                 0xac (size before relaxing)
                0x8000cb50                __pow5mult
 .text.__isinfd
                0x8000cbdc       0x2a e:/program x86/atmel/studio/7.0/toolchain/avr32/avr32-gnu-toolchain/bin/../lib/gcc/avr32/4.4.7/../../../../avr32/lib/ucr2\libc.a(lib_a-s_isinfd.o)
                0x8000cbdc                __isinfd
 .text.__isnand
                0x8000cc06       0x1c e:/program x86/atmel/studio/7.0/toolchain/avr32/avr32-gnu-toolchain/bin/../lib/gcc/avr32/4.4.7/../../../../avr32/lib/ucr2\libc.a(lib_a-s_isnand.o)
                0x8000cc06                __isnand
 *fill*         0x8000cc22        0x2 d703d703
 .text.__sclose
                0x8000cc24        0x8 e:/program x86/atmel/studio/7.0/toolchain/avr32/avr32-gnu-toolchain/bin/../lib/gcc/avr32/4.4.7/../../../../avr32/lib/ucr2\libc.a(lib_a-stdio.o)
                                 0x10 (size before relaxing)
                0x8000cc24                __sclose
 .text.__sseek  0x8000cc2c       0x20 e:/program x86/atmel/studio/7.0/toolchain/avr32/avr32-gnu-toolchain/bin/../lib/gcc/avr32/4.4.7/../../../../avr32/lib/ucr2\libc.a(lib_a-stdio.o)
                                 0x28 (size before relaxing)
                0x8000cc2c                __sseek
 .text.__swrite
                0x8000cc4c       0x2c e:/program x86/atmel/studio/7.0/toolchain/avr32/avr32-gnu-toolchain/bin/../lib/gcc/avr32/4.4.7/../../../../avr32/lib/ucr2\libc.a(lib_a-stdio.o)
                                 0x38 (size before relaxing)
                0x8000cc4c                __swrite
 .text.__sread  0x8000cc78       0x1c e:/program x86/atmel/studio/7.0/toolchain/avr32/avr32-gnu-toolchain/bin/../lib/gcc/avr32/4.4.7/../../../../avr32/lib/ucr2\libc.a(lib_a-stdio.o)
                                 0x24 (size before relaxing)
                0x8000cc78                __sread
 .text.strlen   0x8000cc94       0x16 e:/program x86/atmel/studio/7.0/toolchain/avr32/avr32-gnu-toolchain/bin/../lib/gcc/avr32/4.4.7/../../../../avr32/lib/ucr2\libc.a(lib_a-strlen.o)
                0x8000cc94                strlen
 *fill*         0x8000ccaa        0x2 d703d703
 .text._write_r
                0x8000ccac       0x28 e:/program x86/atmel/studio/7.0/toolchain/avr32/avr32-gnu-toolchain/bin/../lib/gcc/avr32/4.4.7/../../../../avr32/lib/ucr2\libc.a(lib_a-writer.o)
                                 0x2c (size before relaxing)
                0x8000ccac                _write_r
 .text._calloc_r
                0x8000ccd4       0x58 e:/program x86/atmel/studio/7.0/toolchain/avr32/avr32-gnu-toolchain/bin/../lib/gcc/avr32/4.4.7/../../../../avr32/lib/ucr2\libc.a(lib_a-callocr.o)
                                 0x60 (size before relaxing)
                0x8000ccd4                _calloc_r
 .text._close_r
                0x8000cd2c       0x20 e:/program x86/atmel/studio/7.0/toolchain/avr32/avr32-gnu-toolchain/bin/../lib/gcc/avr32/4.4.7/../../../../avr32/lib/ucr2\libc.a(lib_a-closer.o)
                                 0x28 (size before relaxing)
                0x8000cd2c                _close_r
 .text._fclose_r
                0x8000cd4c       0xb8 e:/program x86/atmel/studio/7.0/toolchain/avr32/avr32-gnu-toolchain/bin/../lib/gcc/avr32/4.4.7/../../../../avr32/lib/ucr2\libc.a(lib_a-fclose.o)
                                 0xd0 (size before relaxing)
                0x8000cd4c                _fclose_r
 .text.fclose   0x8000ce04       0x10 e:/program x86/atmel/studio/7.0/toolchain/avr32/avr32-gnu-toolchain/bin/../lib/gcc/avr32/4.4.7/../../../../avr32/lib/ucr2\libc.a(lib_a-fclose.o)
                                 0x18 (size before relaxing)
                0x8000ce04                fclose
 .text._fstat_r
                0x8000ce14       0x24 e:/program x86/atmel/studio/7.0/toolchain/avr32/avr32-gnu-toolchain/bin/../lib/gcc/avr32/4.4.7/../../../../avr32/lib/ucr2\libc.a(lib_a-fstatr.o)
                                 0x2c (size before relaxing)
                0x8000ce14                _fstat_r
 .text._lseek_r
                0x8000ce38       0x28 e:/program x86/atmel/studio/7.0/toolchain/avr32/avr32-gnu-toolchain/bin/../lib/gcc/avr32/4.4.7/../../../../avr32/lib/ucr2\libc.a(lib_a-lseekr.o)
                                 0x2c (size before relaxing)
                0x8000ce38                _lseek_r
 .text._read_r  0x8000ce60       0x28 e:/program x86/atmel/studio/7.0/toolchain/avr32/avr32-gnu-toolchain/bin/../lib/gcc/avr32/4.4.7/../../../../avr32/lib/ucr2\libc.a(lib_a-readr.o)
                                 0x2c (size before relaxing)
                0x8000ce60                _read_r
 .text          0x8000ce88      0x1d4 e:/program x86/atmel/studio/7.0/toolchain/avr32/avr32-gnu-toolchain/bin/../lib/gcc/avr32/4.4.7/ucr2\libgcc.a(_avr32_f64_mul.o)
                0x8000ce88                __avr32_f64_mul
 .text          0x8000d05c      0x2b0 e:/program x86/atmel/studio/7.0/toolchain/avr32/avr32-gnu-toolchain/bin/../lib/gcc/avr32/4.4.7/ucr2\libgcc.a(_avr32_f64_addsub.o)
                0x8000d060                __avr32_f64_sub
                0x8000d1fc                __avr32_f64_add
 .text          0x8000d30c       0x2a e:/program x86/atmel/studio/7.0/toolchain/avr32/avr32-gnu-toolchain/bin/../lib/gcc/avr32/4.4.7/ucr2\libgcc.a(_avr32_f64_to_s32.o)
                0x8000d30c                __avr32_f64_to_u32
                0x8000d310                __avr32_f64_to_s32
 .text          0x8000d336       0xe8 e:/program x86/atmel/studio/7.0/toolchain/avr32/avr32-gnu-toolchain/bin/../lib/gcc/avr32/4.4.7/ucr2\libgcc.a(_avr32_s32_to_f64.o)
                0x8000d336                __avr32_u32_to_f64
                0x8000d33e                __avr32_s32_to_f64
 .text          0x8000d41e       0x26 e:/program x86/atmel/studio/7.0/toolchain/avr32/avr32-gnu-toolchain/bin/../lib/gcc/avr32/4.4.7/ucr2\libgcc.a(_avr32_f64_cmp_eq.o)
                0x8000d41e                __avr32_f64_cmp_eq
 .text          0x8000d444       0x68 e:/program x86/atmel/studio/7.0/toolchain/avr32/avr32-gnu-toolchain/bin/../lib/gcc/avr32/4.4.7/ucr2\libgcc.a(_avr32_f64_cmp_ge.o)
                0x8000d444                __avr32_f64_cmp_ge
 .text          0x8000d4ac       0x68 e:/program x86/atmel/studio/7.0/toolchain/avr32/avr32-gnu-toolchain/bin/../lib/gcc/avr32/4.4.7/ucr2\libgcc.a(_avr32_f64_cmp_lt.o)
                0x8000d4ac                __avr32_f64_cmp_lt
 .text          0x8000d514      0x318 e:/program x86/atmel/studio/7.0/toolchain/avr32/avr32-gnu-toolchain/bin/../lib/gcc/avr32/4.4.7/ucr2\libgcc.a(_avr32_f64_div.o)
                0x8000d514                __avr32_f64_div
 .text          0x8000d82c      0x264 e:/program x86/atmel/studio/7.0/toolchain/avr32/avr32-gnu-toolchain/bin/../lib/gcc/avr32/4.4.7/ucr2\libgcc.a(_udivdi3.o)
                0x8000d82c                __avr32_udiv64
                0x8000d82c                __udivdi3
 .text          0x8000da90      0x20c e:/program x86/atmel/studio/7.0/toolchain/avr32/avr32-gnu-toolchain/bin/../lib/gcc/avr32/4.4.7/ucr2\libgcc.a(_umoddi3.o)
                0x8000da90                __avr32_umod64
                0x8000da90                __umoddi3
 *(.text.*personality*)
 *(.gnu.warning)

.exception      0x8000de00      0x200
 .exception     0x8000de00      0x200 src/ASF/thirdparty/freertos/freertos-7.0.0/source/portable/gcc/avr32_uc3/exception.o
                0x8000de00                _evba
                0x8000df04                _int0
                0x8000df12                _int1
                0x8000df20                _int2
                0x8000df2e                _int3
                0x8000df3c                ipr_val

.fini
 *(.fini)
                0x8000e000                PROVIDE (__etext, .)
                0x8000e000                PROVIDE (_etext, .)
                0x8000e000                PROVIDE (etext, .)

.rodata         0x8000e000     0x164c
 *(.rodata .rodata.* .gnu.linkonce.r.*)
 .rodata.str1.4
                0x8000e000      0x8f2 src/Application/app/app.o
                                0x8f4 (size before relaxing)
 *fill*         0x8000e8f2        0x2 
 .rodata.DF_SPI_GPIO_MAP.11285
                0x8000e8f4       0x20 src/Application/flash/data_flash.o
 .rodata.C.52.11299
                0x8000e914        0x4 src/Application/flash/data_flash.o
 .rodata.C.50.11287
                0x8000e918       0x10 src/Application/flash/data_flash.o
 .rodata.str1.4
                0x8000e928       0x1d src/Application/myrtc/xgrtc.o
                                 0x20 (size before relaxing)
 *fill*         0x8000e945        0x3 
 .rodata.CSWTCH.36
                0x8000e948       0x48 src/Application/radio/ambe.o
 .rodata.str1.4
                0x8000e990       0x44 src/Application/radio/physical.o
 .rodata.str1.4
                0x8000e9d4        0x8 src/Application/radio/xcmp.o
 .rodata.str1.4
                0x8000e9dc        0xf src/Application/radio/xnl.o
                                 0x10 (size before relaxing)
 *fill*         0x8000e9eb        0x1 
 .rodata.CSWTCH.97
                0x8000e9ec        0x4 src/Application/RFID/MFRC522/rc522.o
 .rodata.CSWTCH.98
                0x8000e9f0        0x4 src/Application/RFID/MFRC522/rc522.o
 .rodata.C.72.12139
                0x8000e9f4       0x10 src/Application/RFID/MFRC522/rc522.o
 .rodata.RC522_SPI_GPIO_MAP.12137
                0x8000ea04        0x8 src/Application/RFID/MFRC522/rc522.o
 .rodata.str1.4
                0x8000ea0c       0xad src/Application/RFID/RFID.o
                                 0xd8 (size before relaxing)
 *fill*         0x8000eab9        0x3 
 .rodata.TC_GPIO_MAP.11090
                0x8000eabc       0x18 src/Application/timers/timer.o
 .rodata.str1.4
                0x8000ead4      0x246 src/Application/xgflash/xgflash.o
                                0x294 (size before relaxing)
 *fill*         0x8000ed1a        0x2 
 .rodata._int_handler_table
                0x8000ed1c       0x98 src/ASF/avr32/drivers/intc/intc.o
 .rodata.str1.4
                0x8000edb4        0x5 src/ASF/thirdparty/freertos/freertos-7.0.0/source/tasks.o
                                  0x8 (size before relaxing)
 *fill*         0x8000edb9        0x3 
 .rodata.log    0x8000edbc      0x150 src/Log/log.o
 .rodata.logFromISR
                0x8000ef0c      0x150 src/Log/log.o
 .rodata.USART_OPTIONS.11278
                0x8000f05c        0xc src/Log/log.o
 .rodata.str1.4
                0x8000f068       0x3c src/Log/log.o
 .rodata.USART_GPIO_MAP.11277
                0x8000f0a4       0x10 src/Log/log.o
 .rodata.str1.4
                0x8000f0b4       0x14 src/main.o
 .rodata.get_arg
                0x8000f0c8       0x3c e:/program x86/atmel/studio/7.0/toolchain/avr32/avr32-gnu-toolchain/bin/../lib/gcc/avr32/4.4.7/../../../../avr32/lib/ucr2\libc.a(lib_a-vfprintf.o)
 .rodata._vfprintf_r
                0x8000f104      0x164 e:/program x86/atmel/studio/7.0/toolchain/avr32/avr32-gnu-toolchain/bin/../lib/gcc/avr32/4.4.7/../../../../avr32/lib/ucr2\libc.a(lib_a-vfprintf.o)
 .rodata.state_table
                0x8000f268       0x6c e:/program x86/atmel/studio/7.0/toolchain/avr32/avr32-gnu-toolchain/bin/../lib/gcc/avr32/4.4.7/../../../../avr32/lib/ucr2\libc.a(lib_a-vfprintf.o)
 .rodata.action_table
                0x8000f2d4       0x6c e:/program x86/atmel/studio/7.0/toolchain/avr32/avr32-gnu-toolchain/bin/../lib/gcc/avr32/4.4.7/../../../../avr32/lib/ucr2\libc.a(lib_a-vfprintf.o)
 .rodata.str1.4
                0x8000f340       0x3a e:/program x86/atmel/studio/7.0/toolchain/avr32/avr32-gnu-toolchain/bin/../lib/gcc/avr32/4.4.7/../../../../avr32/lib/ucr2\libc.a(lib_a-vfprintf.o)
                                 0x3c (size before relaxing)
 *fill*         0x8000f37a        0x2 
 .rodata.blanks.3430
                0x8000f37c       0x10 e:/program x86/atmel/studio/7.0/toolchain/avr32/avr32-gnu-toolchain/bin/../lib/gcc/avr32/4.4.7/../../../../avr32/lib/ucr2\libc.a(lib_a-vfprintf.o)
 .rodata.zeroes.3431
                0x8000f38c       0x10 e:/program x86/atmel/studio/7.0/toolchain/avr32/avr32-gnu-toolchain/bin/../lib/gcc/avr32/4.4.7/../../../../avr32/lib/ucr2\libc.a(lib_a-vfprintf.o)
 .rodata.chclass
                0x8000f39c      0x100 e:/program x86/atmel/studio/7.0/toolchain/avr32/avr32-gnu-toolchain/bin/../lib/gcc/avr32/4.4.7/../../../../avr32/lib/ucr2\libc.a(lib_a-vfprintf.o)
 .rodata.str1.4
                0x8000f49c       0x10 e:/program x86/atmel/studio/7.0/toolchain/avr32/avr32-gnu-toolchain/bin/../lib/gcc/avr32/4.4.7/../../../../avr32/lib/ucr2\libc.a(lib_a-dtoa.o)
                                 0x14 (size before relaxing)
 .rodata.__sf_fake_stdin
                0x8000f4ac       0x20 e:/program x86/atmel/studio/7.0/toolchain/avr32/avr32-gnu-toolchain/bin/../lib/gcc/avr32/4.4.7/../../../../avr32/lib/ucr2\libc.a(lib_a-findfp.o)
                0x8000f4ac                __sf_fake_stdin
 .rodata.__sf_fake_stdout
                0x8000f4cc       0x20 e:/program x86/atmel/studio/7.0/toolchain/avr32/avr32-gnu-toolchain/bin/../lib/gcc/avr32/4.4.7/../../../../avr32/lib/ucr2\libc.a(lib_a-findfp.o)
                0x8000f4cc                __sf_fake_stdout
 .rodata.__sf_fake_stderr
                0x8000f4ec       0x20 e:/program x86/atmel/studio/7.0/toolchain/avr32/avr32-gnu-toolchain/bin/../lib/gcc/avr32/4.4.7/../../../../avr32/lib/ucr2\libc.a(lib_a-findfp.o)
                0x8000f4ec                __sf_fake_stderr
 .rodata.str1.4
                0x8000f50c        0x2 e:/program x86/atmel/studio/7.0/toolchain/avr32/avr32-gnu-toolchain/bin/../lib/gcc/avr32/4.4.7/../../../../avr32/lib/ucr2\libc.a(lib_a-impure.o)
                                  0x4 (size before relaxing)
 *fill*         0x8000f50e        0x2 
 .rodata._global_impure_ptr
                0x8000f510        0x4 e:/program x86/atmel/studio/7.0/toolchain/avr32/avr32-gnu-toolchain/bin/../lib/gcc/avr32/4.4.7/../../../../avr32/lib/ucr2\libc.a(lib_a-impure.o)
                0x8000f510                _global_impure_ptr
 .rodata.lconv  0x8000f514       0x30 e:/program x86/atmel/studio/7.0/toolchain/avr32/avr32-gnu-toolchain/bin/../lib/gcc/avr32/4.4.7/../../../../avr32/lib/ucr2\libc.a(lib_a-locale.o)
 .rodata.str1.4
                0x8000f544        0xc e:/program x86/atmel/studio/7.0/toolchain/avr32/avr32-gnu-toolchain/bin/../lib/gcc/avr32/4.4.7/../../../../avr32/lib/ucr2\libc.a(lib_a-locale.o)
                                 0x18 (size before relaxing)
 .rodata.p05.2471
                0x8000f550        0xc e:/program x86/atmel/studio/7.0/toolchain/avr32/avr32-gnu-toolchain/bin/../lib/gcc/avr32/4.4.7/../../../../avr32/lib/ucr2\libc.a(lib_a-mprec.o)
 .rodata.__mprec_tens
                0x8000f55c       0xc8 e:/program x86/atmel/studio/7.0/toolchain/avr32/avr32-gnu-toolchain/bin/../lib/gcc/avr32/4.4.7/../../../../avr32/lib/ucr2\libc.a(lib_a-mprec.o)
                0x8000f55c                __mprec_tens
 .rodata.__mprec_bigtens
                0x8000f624       0x28 e:/program x86/atmel/studio/7.0/toolchain/avr32/avr32-gnu-toolchain/bin/../lib/gcc/avr32/4.4.7/../../../../avr32/lib/ucr2\libc.a(lib_a-mprec.o)
                0x8000f624                __mprec_bigtens

.rodata1
 *(.rodata1)

.eh_frame_hdr
 *(.eh_frame_hdr)

.eh_frame
 *(.eh_frame)

.gcc_except_table
 *(.gcc_except_table)
 *(.gcc_except_table.*)

.dalign         0x8000f64c        0x4
                0x8000f650                . = ALIGN (0x8)
 *fill*         0x8000f64c        0x4 
                0x8000f650                PROVIDE (_data_lma, .)
                0x00000004                PROVIDE (_data, ORIGIN (CPUSRAM))
                0x00000004                . = ORIGIN (CPUSRAM)

.eh_frame
 *(.eh_frame)

.gcc_except_table
 *(.gcc_except_table)
 *(.gcc_except_table.*)

.tdata
 *(.tdata .tdata.* .gnu.linkonce.td.*)

.tbss
 *(.tbss .tbss.* .gnu.linkonce.tb.*)
 *(.tcommon)
                0x00000004                PROVIDE (__preinit_array_start, ALIGN (0x4))

.preinit_array
 *(.preinit_array)
                0x00000004                PROVIDE (__preinit_array_end, .)
                0x00000004                PROVIDE (__init_array_start, .)

.init_array
 *(.init_array)
                0x00000004                PROVIDE (__init_array_end, .)
                0x00000004                PROVIDE (__fini_array_start, .)

.fini_array
 *(.fini_array)
                0x00000004                PROVIDE (__fini_array_end, .)

.ctors
 *crtbegin*.o(.ctors)
 *(EXCLUDE_FILE(*crtend*.o) .ctors)
 *(SORT(.ctors.*))
 *(.ctors)

.dtors
 *crtbegin*.o(.dtors)
 *(EXCLUDE_FILE(*crtend*.o) .dtors)
 *(SORT(.dtors.*))
 *(.dtors)

.jcr
 *(.jcr)

.data.rel.ro
 *(.data.rel.ro.local)
 *(.data.rel.ro*)

.dynamic
 *(.dynamic)

.got
 *(.got.plt)
 *(.got)

.data           0x00000004      0xa54 load address 0x8000f650
 *(.data .data.* .gnu.linkonce.d.*)
 .data.status.12811
                0x00000004        0x4 src/Application/app/app.o
 .data.get_time_okay
                0x00000008        0x1 src/Application/app/app.o
 *fill*         0x00000009        0x3 
 .data.status.12765
                0x0000000c        0x4 src/Application/app/app.o
 .data.the_app_list
                0x00000010      0x4ec src/Application/app/app.o
 .data.print_sec
                0x000004fc        0x4 src/Application/myrtc/xgrtc.o
 .data.xnl_proc_list
                0x00000500       0x34 src/Application/radio/xnl.o
 .data.unsure_data
                0x00000534        0x8 src/Application/RFID/RFID.o
                0x00000534                unsure_data
 .data.start_session.12264
                0x0000053c        0x1 src/Application/RFID/RFID.o
 *fill*         0x0000053d        0x3 
 .data.XGFlashLabel
                0x00000540        0x8 src/Application/xgflash/xgflash.o
                0x00000540                XGFlashLabel
 .data.current_save_message_offset
                0x00000548        0x4 src/Application/xgflash/xgflash.o
 .data.ulCriticalNesting
                0x0000054c        0x4 src/ASF/thirdparty/freertos/freertos-7.0.0/source/portable/gcc/avr32_uc3/port.o
                0x0000054c                ulCriticalNesting
 .data.xNextTaskUnblockTime
                0x00000550        0x4 src/ASF/thirdparty/freertos/freertos-7.0.0/source/tasks.o
 .data.__malloc_av_
                0x00000554      0x408 e:/program x86/atmel/studio/7.0/toolchain/avr32/avr32-gnu-toolchain/bin/../lib/gcc/avr32/4.4.7/../../../../avr32/lib/ucr2\libc.a(lib_a-mallocr.o)
                0x00000554                __malloc_av_
 .data.__malloc_trim_threshold
                0x0000095c        0x4 e:/program x86/atmel/studio/7.0/toolchain/avr32/avr32-gnu-toolchain/bin/../lib/gcc/avr32/4.4.7/../../../../avr32/lib/ucr2\libc.a(lib_a-mallocr.o)
                0x0000095c                __malloc_trim_threshold
 .data.__malloc_sbrk_base
                0x00000960        0x4 e:/program x86/atmel/studio/7.0/toolchain/avr32/avr32-gnu-toolchain/bin/../lib/gcc/avr32/4.4.7/../../../../avr32/lib/ucr2\libc.a(lib_a-mallocr.o)
                0x00000960                __malloc_sbrk_base
 .data.impure_data
                0x00000964       0xf0 e:/program x86/atmel/studio/7.0/toolchain/avr32/avr32-gnu-toolchain/bin/../lib/gcc/avr32/4.4.7/../../../../avr32/lib/ucr2\libc.a(lib_a-impure.o)
 .data._impure_ptr
                0x00000a54        0x4 e:/program x86/atmel/studio/7.0/toolchain/avr32/avr32-gnu-toolchain/bin/../lib/gcc/avr32/4.4.7/../../../../avr32/lib/ucr2\libc.a(lib_a-impure.o)
                0x00000a54                _impure_ptr
 *(.gnu.linkonce.d.*personality*)

.data1
 *(.data1)

.balign         0x00000a58        0x0 load address 0x800100a4
                0x00000a58                . = ALIGN (0x8)
                0x00000a58                _edata = .
                0x00000a58                _edata = .
                0x00000a58                PROVIDE (edata, .)
                0x00000a58                __bss_start = .

.bss            0x00000a58     0x9c78 load address 0x800100a4
 *(.dynbss)
 *(.bss .bss.* .gnu.linkonce.b.*)
 .bss.xLastWakeTime.12805
                0x00000a58        0x4 src/Application/app/app.o
 .bss.res.12743
                0x00000a5c        0x4 src/Application/app/app.o
 .bss.Radio_Transmit_State
                0x00000a60        0x1 src/Application/app/app.o
                0x00000a60                Radio_Transmit_State
 .bss.AMBE_Media
                0x00000a61        0x1 src/Application/app/app.o
                0x00000a61                AMBE_Media
 .bss.AMBE_tx_flag
                0x00000a62        0x1 src/Application/app/app.o
                0x00000a62                AMBE_tx_flag
 .bss.times_counter.12866
                0x00000a63        0x1 src/Application/app/app.o
 .bss.xLastWakeTime.12761
                0x00000a64        0x4 src/Application/app/app.o
 .bss.connect_flag
                0x00000a68        0x1 src/Application/app/app.o
 *fill*         0x00000a69        0x1 
 .bss.message_count.12759
                0x00000a6a        0x2 src/Application/app/app.o
 .bss.OB_State.12810
                0x00000a6c        0x4 src/Application/app/app.o
 .bss.ulIdleCycleCount
                0x00000a70        0x4 src/Application/app/app.o
                0x00000a70                ulIdleCycleCount
 .bss.VF_SN     0x00000a74        0x1 src/Application/app/app.o
                0x00000a74                VF_SN
 *fill*         0x00000a75        0x3 
 .bss.count_mutex
                0x00000a78        0x4 src/Application/app/app.o
                0x00000a78                count_mutex
 .bss.Mic_is_Enabled
                0x00000a7c        0x1 src/Application/app/app.o
                0x00000a7c                Mic_is_Enabled
 .bss.Speaker_is_unmute
                0x00000a7d        0x1 src/Application/app/app.o
                0x00000a7d                Speaker_is_unmute
 .bss.AMBE_rx_flag
                0x00000a7e        0x1 src/Application/app/app.o
                0x00000a7e                AMBE_rx_flag
 *fill*         0x00000a7f        0x1 
 .bss.global_count
                0x00000a80        0x4 src/Application/app/app.o
                0x00000a80                global_count
 .bss.Battery_Flag
                0x00000a84        0x1 src/Application/app/app.o
                0x00000a84                Battery_Flag
 .bss.Terminator_Flag
                0x00000a85        0x1 src/Application/app/app.o
                0x00000a85                Terminator_Flag
 .bss.Call_Begin
                0x00000a86        0x1 src/Application/app/app.o
                0x00000a86                Call_Begin
 .bss.data_flash_failure
                0x00000a87        0x1 src/Application/flash/data_flash.o
                0x00000a87                data_flash_failure
 .bss.payload_rx_exec
                0x00000a88        0x4 src/Application/radio/payload.o
                0x00000a88                payload_rx_exec
 .bss.payload_tx_exec
                0x00000a8c        0x4 src/Application/radio/payload.o
                0x00000a8c                payload_tx_exec
 .bss.phy_tx_index.10647
                0x00000a90        0x1 src/Application/radio/physical.o
 *fill*         0x00000a91        0x3 
 .bss.RxBytesWaiting.10956
                0x00000a94        0x4 src/Application/radio/physical.o
 .bss.phy_rx_length.10690
                0x00000a98        0x2 src/Application/radio/physical.o
 *fill*         0x00000a9a        0x2 
 .bss.RxData_IsFillingNext16.10955
                0x00000a9c        0x4 src/Application/radio/physical.o
 .bss.AMBE_HT   0x00000aa0        0x8 src/Application/radio/physical.o
 .bss.Item_ID.10961
                0x00000aa8        0x1 src/Application/radio/physical.o
 .bss.is_first.10960
                0x00000aa9        0x1 src/Application/radio/physical.o
 .bss.phy_rx_expexted_length.10689
                0x00000aaa        0x2 src/Application/radio/physical.o
 .bss.AMBE_payload_ptr.10959
                0x00000aac        0x4 src/Application/radio/physical.o
 .bss.phy_tx_state.10645
                0x00000ab0        0x4 src/Application/radio/physical.o
 .bss.RxMedia_IsFillingNext16.10953
                0x00000ab4        0x4 src/Application/radio/physical.o
 .bss.phy_frame_ptr.10688
                0x00000ab8        0x4 src/Application/radio/physical.o
 .bss.phy_ptr.10644
                0x00000abc        0x4 src/Application/radio/physical.o
 .bss.xnl_store_idle
                0x00000ac0        0x4 src/Application/radio/physical.o
                0x00000ac0                xnl_store_idle
 .bss.payload_store_idle
                0x00000ac4        0x4 src/Application/radio/physical.o
                0x00000ac4                payload_store_idle
 .bss.phy_rx_state.10692
                0x00000ac8        0x4 src/Application/radio/physical.o
 .bss.phy_check_sum.10691
                0x00000acc        0x2 src/Application/radio/physical.o
 *fill*         0x00000ace        0x2 
 .bss.phy_xnl_frame_rx
                0x00000ad0        0x4 src/Application/radio/physical.o
                0x00000ad0                phy_xnl_frame_rx
 .bss.payload_ptr.10958
                0x00000ad4        0x4 src/Application/radio/physical.o
 .bss.phy_tx_expexted_length.10646
                0x00000ad8        0x2 src/Application/radio/physical.o
 *fill*         0x00000ada        0x2 
 .bss.m_RxBurstType
                0x00000adc        0x4 src/Application/radio/physical.o
 .bss.RxAMBE_IsFillingNext8.10954
                0x00000ae0        0x4 src/Application/radio/physical.o
 .bss.phy_payload_frame_tx
                0x00000ae4        0x4 src/Application/radio/physical.o
                0x00000ae4                phy_payload_frame_tx
 .bss.phy_rx_count.10693
                0x00000ae8        0x4 src/Application/radio/physical.o
 .bss.SDV_Index.10964
                0x00000aec        0x1 src/Application/radio/physical.o
 *fill*         0x00000aed        0x3 
 .bss.phy_xnl_frame_tx
                0x00000af0        0x4 src/Application/radio/physical.o
                0x00000af0                phy_xnl_frame_tx
 .bss.RxMediaState.10952
                0x00000af4        0x4 src/Application/radio/physical.o
 .bss.ArrayDiscLength.10957
                0x00000af8        0x4 src/Application/radio/physical.o
 .bss.phy_payload_frame_rx
                0x00000afc        0x4 src/Application/radio/physical.o
                0x00000afc                phy_payload_frame_rx
 .bss.Item_Length.10962
                0x00000b00        0x4 src/Application/radio/physical.o
 .bss.phy_rx_exec
                0x00000b04        0x4 src/Application/radio/ssc.o
                0x00000b04                phy_rx_exec
 .bss.count.9823
                0x00000b08        0x4 src/Application/radio/ssc.o
 .bss.phy_tx_exec
                0x00000b0c        0x4 src/Application/radio/ssc.o
                0x00000b0c                phy_tx_exec
 .bss.version_information
                0x00000b10        0xc src/Application/radio/xcmp.o
                0x00000b10                version_information
 .bss.clone_read
                0x00000b1c        0xc src/Application/radio/xcmp.o
                0x00000b1c                clone_read
 .bss.xcmp_frame_rx
                0x00000b28        0x4 src/Application/radio/xcmp.o
 .bss.clone_write
                0x00000b2c        0xc src/Application/radio/xcmp.o
                0x00000b2c                clone_write
 .bss.automatic_frequency_correction_control
                0x00000b38        0xc src/Application/radio/xcmp.o
                0x00000b38                automatic_frequency_correction_control
 .bss.language_pack_information
                0x00000b44        0xc src/Application/radio/xcmp.o
                0x00000b44                language_pack_information
 .bss.radio_status
                0x00000b50        0xc src/Application/radio/xcmp.o
                0x00000b50                radio_status
 .bss.xnl_timeout_semphr
                0x00000b5c        0x4 src/Application/radio/xnl.o
 .bss.flags.10672
                0x00000b60        0x1 src/Application/radio/xnl.o
 *fill*         0x00000b61        0x1 
 .bss.xnl_information
                0x00000b62        0xa src/Application/radio/xnl.o
 .bss.xnl_tx_state.10716
                0x00000b6c        0x4 src/Application/radio/xnl.o
 .bss.xnl_frame_tx
                0x00000b70        0x4 src/Application/radio/xnl.o
 .bss.xnl_send_times.10717
                0x00000b74        0x4 src/Application/radio/xnl.o
 .bss.ptr.10718
                0x00000b78        0x4 src/Application/radio/xnl.o
 .bss.xcmp_exec
                0x00000b7c        0x4 src/Application/radio/xnl.o
                0x00000b7c                xcmp_exec
 .bss.rc522_init_failure
                0x00000b80        0x1 src/Application/RFID/MFRC522/rc522.o
                0x00000b80                rc522_init_failure
 *fill*         0x00000b81        0x3 
 .bss.SN.12259  0x00000b84        0xc src/Application/RFID/RFID.o
 .bss.xg_resend_queue
                0x00000b90        0x4 src/Application/xgflash/xgflash.o
                0x00000b90                xg_resend_queue
 .bss.list_init_success_flag
                0x00000b94        0x1 src/Application/xgflash/xgflash.o
 *fill*         0x00000b95        0x3 
 .bss.xgflash_mutex
                0x00000b98        0x4 src/Application/xgflash/xgflash.o
 .bss.message_storage_queue
                0x00000b9c        0x4 src/Application/xgflash/xgflash.o
                0x00000b9c                message_storage_queue
 .bss.xBinarySemaphore
                0x00000ba0        0x4 src/Application/xgflash/xgflash.o
                0x00000ba0                xBinarySemaphore
 .bss.current_message_index
                0x00000ba4        0x2 src/Application/xgflash/xgflash.o
 *fill*         0x00000ba6        0x2 
 .bss.str.12230
                0x00000ba8       0x50 src/Application/xgflash/xgflash.o
 .bss.current_bytes_remained.12293
                0x00000bf8        0x4 src/Application/xgflash/xgflash.o
 .bss._int_line_handler_table_6
                0x00000bfc        0x4 src/ASF/avr32/drivers/intc/intc.o
 .bss._int_line_handler_table_7
                0x00000c00        0x4 src/ASF/avr32/drivers/intc/intc.o
 .bss._int_line_handler_table_8
                0x00000c04        0x4 src/ASF/avr32/drivers/intc/intc.o
 .bss._int_line_handler_table_9
                0x00000c08        0x4 src/ASF/avr32/drivers/intc/intc.o
 .bss._int_line_handler_table_10
                0x00000c0c        0x4 src/ASF/avr32/drivers/intc/intc.o
 .bss._int_line_handler_table_11
                0x00000c10        0x4 src/ASF/avr32/drivers/intc/intc.o
 .bss._int_line_handler_table_12
                0x00000c14        0x4 src/ASF/avr32/drivers/intc/intc.o
 .bss._int_line_handler_table_13
                0x00000c18        0x4 src/ASF/avr32/drivers/intc/intc.o
 .bss._int_line_handler_table_14
                0x00000c1c        0xc src/ASF/avr32/drivers/intc/intc.o
 .bss._int_line_handler_table_15
                0x00000c28        0x4 src/ASF/avr32/drivers/intc/intc.o
 .bss._int_line_handler_table_16
                0x00000c2c        0x4 src/ASF/avr32/drivers/intc/intc.o
 .bss._int_line_handler_table_17
                0x00000c30        0x4 src/ASF/avr32/drivers/intc/intc.o
 .bss._int_line_handler_table_18
                0x00000c34        0x4 src/ASF/avr32/drivers/intc/intc.o
 .bss._int_line_handler_table_0
                0x00000c38        0x4 src/ASF/avr32/drivers/intc/intc.o
 .bss._int_line_handler_table_1
                0x00000c3c       0x2c src/ASF/avr32/drivers/intc/intc.o
 .bss._int_line_handler_table_2
                0x00000c68       0x18 src/ASF/avr32/drivers/intc/intc.o
 .bss._int_line_handler_table_3
                0x00000c80       0x1c src/ASF/avr32/drivers/intc/intc.o
 .bss._int_line_handler_table_4
                0x00000c9c        0x4 src/ASF/avr32/drivers/intc/intc.o
 .bss._int_line_handler_table_5
                0x00000ca0        0x4 src/ASF/avr32/drivers/intc/intc.o
 .bss.uxMissedTicks
                0x00000ca4        0x4 src/ASF/thirdparty/freertos/freertos-7.0.0/source/tasks.o
 .bss.uxTopUsedPriority
                0x00000ca8        0x4 src/ASF/thirdparty/freertos/freertos-7.0.0/source/tasks.o
 .bss.pxDelayedTaskList
                0x00000cac        0x4 src/ASF/thirdparty/freertos/freertos-7.0.0/source/tasks.o
 .bss.xSchedulerRunning
                0x00000cb0        0x4 src/ASF/thirdparty/freertos/freertos-7.0.0/source/tasks.o
 .bss.uxTasksDeleted
                0x00000cb4        0x4 src/ASF/thirdparty/freertos/freertos-7.0.0/source/tasks.o
 .bss.xNumOfOverflows
                0x00000cb8        0x4 src/ASF/thirdparty/freertos/freertos-7.0.0/source/tasks.o
 .bss.pxOverflowDelayedTaskList
                0x00000cbc        0x4 src/ASF/thirdparty/freertos/freertos-7.0.0/source/tasks.o
 .bss.pxReadyTasksLists
                0x00000cc0       0xa0 src/ASF/thirdparty/freertos/freertos-7.0.0/source/tasks.o
 .bss.xTasksWaitingTermination
                0x00000d60       0x14 src/ASF/thirdparty/freertos/freertos-7.0.0/source/tasks.o
 .bss.pxCurrentTCB
                0x00000d74        0x4 src/ASF/thirdparty/freertos/freertos-7.0.0/source/tasks.o
                0x00000d74                pxCurrentTCB
 .bss.xPendingReadyList
                0x00000d78       0x14 src/ASF/thirdparty/freertos/freertos-7.0.0/source/tasks.o
 .bss.xDelayedTaskList1
                0x00000d8c       0x14 src/ASF/thirdparty/freertos/freertos-7.0.0/source/tasks.o
 .bss.xTickCount
                0x00000da0        0x4 src/ASF/thirdparty/freertos/freertos-7.0.0/source/tasks.o
 .bss.uxSchedulerSuspended
                0x00000da4        0x4 src/ASF/thirdparty/freertos/freertos-7.0.0/source/tasks.o
 .bss.xDelayedTaskList2
                0x00000da8       0x14 src/ASF/thirdparty/freertos/freertos-7.0.0/source/tasks.o
 .bss.uxTaskNumber
                0x00000dbc        0x4 src/ASF/thirdparty/freertos/freertos-7.0.0/source/tasks.o
 .bss.uxCurrentNumberOfTasks
                0x00000dc0        0x4 src/ASF/thirdparty/freertos/freertos-7.0.0/source/tasks.o
 .bss.xMissedYield
                0x00000dc4        0x4 src/ASF/thirdparty/freertos/freertos-7.0.0/source/tasks.o
 .bss.xSuspendedTaskList
                0x00000dc8       0x14 src/ASF/thirdparty/freertos/freertos-7.0.0/source/tasks.o
 .bss.uxTopReadyPriority
                0x00000ddc        0x4 src/ASF/thirdparty/freertos/freertos-7.0.0/source/tasks.o
 .bss.lench.11294
                0x00000de0        0x1 src/Log/log.o
 .bss.lench.11364
                0x00000de1        0x1 src/Log/log.o
 *fill*         0x00000de2        0x2 
 .bss.__malloc_max_total_mem
                0x00000de4        0x4 e:/program x86/atmel/studio/7.0/toolchain/avr32/avr32-gnu-toolchain/bin/../lib/gcc/avr32/4.4.7/../../../../avr32/lib/ucr2\libc.a(lib_a-mallocr.o)
                0x00000de4                __malloc_max_total_mem
 .bss.__malloc_max_sbrked_mem
                0x00000de8        0x4 e:/program x86/atmel/studio/7.0/toolchain/avr32/avr32-gnu-toolchain/bin/../lib/gcc/avr32/4.4.7/../../../../avr32/lib/ucr2\libc.a(lib_a-mallocr.o)
                0x00000de8                __malloc_max_sbrked_mem
 .bss.__malloc_top_pad
                0x00000dec        0x4 e:/program x86/atmel/studio/7.0/toolchain/avr32/avr32-gnu-toolchain/bin/../lib/gcc/avr32/4.4.7/../../../../avr32/lib/ucr2\libc.a(lib_a-mallocr.o)
                0x00000dec                __malloc_top_pad
 .bss.__malloc_current_mallinfo
                0x00000df0       0x28 e:/program x86/atmel/studio/7.0/toolchain/avr32/avr32-gnu-toolchain/bin/../lib/gcc/avr32/4.4.7/../../../../avr32/lib/ucr2\libc.a(lib_a-mallocr.o)
                0x00000df0                __malloc_current_mallinfo
 .bss.cur_heap_pos.1869
                0x00000e18        0x4 e:/program x86/atmel/studio/7.0/toolchain/avr32/avr32-gnu-toolchain/bin/../lib/gcc/avr32/4.4.7/../../../../avr32/lib/ucr2\libc.a(lib_a-syscalls.o)
 *(COMMON)
 COMMON         0x00000e1c        0xa src/Application/app/app.o
                0x00000e1c                bunchofrandomstatusflags
                0x00000e20                Current_time
 *fill*         0x00000e26        0x2 
 COMMON         0x00000e28     0x1004 src/Application/flash/data_flash.o
                0x00000e28                FLASH_BUF
                0x00001e28                spi
 COMMON         0x00001e2c      0x122 src/Application/radio/ambe.o
                0x00001e2c                AMBEBurst_rawdata
                0x00001e34                Radio_Internal_Data
                0x00001e38                AMBE_DecryptionKey
                0x00001e40                SendAMBEBurst_EncryptionPackage
                0x00001f30                VBSP_data
                0x00001f34                Soft_Decision_Data
 COMMON         0x00001f4e     0x7800 src/Application/radio/physical.o
                0x00001f4e                payload_store
                0x0000334e                xnl_store
 *fill*         0x0000974e        0x2 
 COMMON         0x00009750       0x4c src/Application/radio/ssc.o
                0x00009750                intDuration
                0x00009754                BufferIndex
                0x00009758                intStartCount
                0x0000975c                RxBuffer
                0x0000977c                TxBuffer
 COMMON         0x0000979c        0x4 src/Application/radio/xcmp.o
                0x0000979c                app_list
 COMMON         0x000097a0       0x18 src/Application/RFID/RFID.o
                0x000097a0                RFID
                0x000097b0                CT
                0x000097b4                SN
 COMMON         0x000097b8      0xf04 src/Application/xgflash/xgflash.o
                0x000097b8                message_store
                0x0000a6b8                save_handle
 COMMON         0x0000a6bc        0x4 src/ASF/avr32/drivers/spi/spi.o
                0x0000a6bc                xSPIMutex
 COMMON         0x0000a6c0        0x4 src/ASF/thirdparty/freertos/freertos-7.0.0/source/portable/gcc/avr32_uc3/write.o
                0x0000a6c0                stdio_usart_base
 COMMON         0x0000a6c4        0x4 src/Log/log.o
                0x0000a6c4                logQueue
 COMMON         0x0000a6c8        0x4 e:/program x86/atmel/studio/7.0/toolchain/avr32/avr32-gnu-toolchain/bin/../lib/gcc/avr32/4.4.7/../../../../avr32/lib/ucr2\libc.a(lib_a-reent.o)
                0x0000a6c8                errno
                0x0000a6d0                . = ALIGN (0x8)
 *fill*         0x0000a6cc        0x4 
                0x0000a6d0                . = ALIGN (0x8)
                0x0000a6d0                _end = .
                0x0000a6d0                PROVIDE (end, .)
                0x0000a6d0                __heap_start__ = ALIGN (0x8)
                0x00017000                . = ((ORIGIN (CPUSRAM) + 0x17ffc) - _stack_size)
                0x00017000                __heap_end__ = .

.stab
 *(.stab)

.stabstr
 *(.stabstr)

.stab.excl
 *(.stab.excl)

.stab.exclstr
 *(.stab.exclstr)

.stab.index
 *(.stab.index)

.stab.indexstr
 *(.stab.indexstr)

.comment        0x00000000       0x30
 *(.comment)
 .comment       0x00000000       0x30 src/Application/app/app.o
                                 0x31 (size before relaxing)
 .comment       0x00000000       0x31 src/Application/flash/data_flash.o
 .comment       0x00000000       0x31 src/Application/myrtc/xgrtc.o
 .comment       0x00000000       0x31 src/Application/radio/ambe.o
 .comment       0x00000000       0x31 src/Application/radio/payload.o
 .comment       0x00000000       0x31 src/Application/radio/physical.o
 .comment       0x00000000       0x31 src/Application/radio/ssc.o
 .comment       0x00000000       0x31 src/Application/radio/xcmp.o
 .comment       0x00000000       0x31 src/Application/radio/xnl.o
 .comment       0x00000000       0x31 src/Application/RFID/MFRC522/rc522.o
 .comment       0x00000000       0x31 src/Application/RFID/RFID.o
 .comment       0x00000000       0x31 src/Application/timers/timer.o
 .comment       0x00000000       0x31 src/Application/xgflash/xgflash.o
 .comment       0x00000000       0x31 src/ASF/avr32/drivers/flashc/flashc.o
 .comment       0x00000000       0x31 src/ASF/avr32/drivers/gpio/gpio.o
 .comment       0x00000000       0x31 src/ASF/avr32/drivers/intc/intc.o
 .comment       0x00000000       0x31 src/ASF/avr32/drivers/pm/pm.o
 .comment       0x00000000       0x31 src/ASF/avr32/drivers/rtc/rtc.o
 .comment       0x00000000       0x31 src/ASF/avr32/drivers/spi/spi.o
 .comment       0x00000000       0x31 src/ASF/avr32/drivers/usart/usart.o
 .comment       0x00000000       0x31 src/ASF/thirdparty/freertos/freertos-7.0.0/source/list.o
 .comment       0x00000000       0x31 src/ASF/thirdparty/freertos/freertos-7.0.0/source/portable/gcc/avr32_uc3/port.o
 .comment       0x00000000       0x31 src/ASF/thirdparty/freertos/freertos-7.0.0/source/portable/gcc/avr32_uc3/read.o
 .comment       0x00000000       0x31 src/ASF/thirdparty/freertos/freertos-7.0.0/source/portable/gcc/avr32_uc3/write.o
 .comment       0x00000000       0x31 src/ASF/thirdparty/freertos/freertos-7.0.0/source/portable/memmang/heap_3.o
 .comment       0x00000000       0x31 src/ASF/thirdparty/freertos/freertos-7.0.0/source/queue.o
 .comment       0x00000000       0x31 src/ASF/thirdparty/freertos/freertos-7.0.0/source/tasks.o
 .comment       0x00000000       0x31 src/Log/log.o
 .comment       0x00000000       0x31 src/main.o
 .comment       0x00000000       0x31 e:/program x86/atmel/studio/7.0/toolchain/avr32/avr32-gnu-toolchain/bin/../lib/gcc/avr32/4.4.7/../../../../avr32/lib/ucr2\libc.a(lib_a-malloc.o)