Archive member included because of file (symbol)

d:/program files (x86)/atmel/studio/7.0/toolchain/avr32/avr32-gnu-toolchain/bin/../lib/gcc/avr32/4.4.7/../../../../avr32/lib/ucr2\libc.a(lib_a-malloc.o)
                              src/ASF/thirdparty/freertos/freertos-7.0.0/source/portable/memmang/heap_3.o (free)
d:/program files (x86)/atmel/studio/7.0/toolchain/avr32/avr32-gnu-toolchain/bin/../lib/gcc/avr32/4.4.7/../../../../avr32/lib/ucr2\libc.a(lib_a-mallocr.o)
                              d:/program files (x86)/atmel/studio/7.0/toolchain/avr32/avr32-gnu-toolchain/bin/../lib/gcc/avr32/4.4.7/../../../../avr32/lib/ucr2\libc.a(lib_a-malloc.o) (_malloc_r)
d:/program files (x86)/atmel/studio/7.0/toolchain/avr32/avr32-gnu-toolchain/bin/../lib/gcc/avr32/4.4.7/../../../../avr32/lib/ucr2\libc.a(lib_a-memcmp.o)
                              src/Application/voice/voice.o (memcmp)
d:/program files (x86)/atmel/studio/7.0/toolchain/avr32/avr32-gnu-toolchain/bin/../lib/gcc/avr32/4.4.7/../../../../avr32/lib/ucr2\libc.a(lib_a-memcpy.o)
                              src/Application/flash/data_flash.o (memcpy)
d:/program files (x86)/atmel/studio/7.0/toolchain/avr32/avr32-gnu-toolchain/bin/../lib/gcc/avr32/4.4.7/../../../../avr32/lib/ucr2\libc.a(lib_a-memset.o)
                              src/Application/radio/physical.o (memset)
d:/program files (x86)/atmel/studio/7.0/toolchain/avr32/avr32-gnu-toolchain/bin/../lib/gcc/avr32/4.4.7/../../../../avr32/lib/ucr2\libc.a(lib_a-realloc.o)
                              src/ASF/thirdparty/freertos/freertos-7.0.0/source/portable/gcc/avr32_uc3/port.o (realloc)
d:/program files (x86)/atmel/studio/7.0/toolchain/avr32/avr32-gnu-toolchain/bin/../lib/gcc/avr32/4.4.7/../../../../avr32/lib/ucr2\libc.a(lib_a-reallocr.o)
                              d:/program files (x86)/atmel/studio/7.0/toolchain/avr32/avr32-gnu-toolchain/bin/../lib/gcc/avr32/4.4.7/../../../../avr32/lib/ucr2\libc.a(lib_a-realloc.o) (_realloc_r)
d:/program files (x86)/atmel/studio/7.0/toolchain/avr32/avr32-gnu-toolchain/bin/../lib/gcc/avr32/4.4.7/../../../../avr32/lib/ucr2\libc.a(lib_a-sbrkr.o)
                              d:/program files (x86)/atmel/studio/7.0/toolchain/avr32/avr32-gnu-toolchain/bin/../lib/gcc/avr32/4.4.7/../../../../avr32/lib/ucr2\libc.a(lib_a-mallocr.o) (_sbrk_r)
d:/program files (x86)/atmel/studio/7.0/toolchain/avr32/avr32-gnu-toolchain/bin/../lib/gcc/avr32/4.4.7/../../../../avr32/lib/ucr2\libc.a(lib_a-sprintf.o)
                              src/Log/log.o (sprintf)
d:/program files (x86)/atmel/studio/7.0/toolchain/avr32/avr32-gnu-toolchain/bin/../lib/gcc/avr32/4.4.7/../../../../avr32/lib/ucr2\libc.a(lib_a-strncpy.o)
                              src/ASF/thirdparty/freertos/freertos-7.0.0/source/tasks.o (strncpy)
d:/program files (x86)/atmel/studio/7.0/toolchain/avr32/avr32-gnu-toolchain/bin/../lib/gcc/avr32/4.4.7/../../../../avr32/lib/ucr2\libc.a(lib_a-syscalls.o)
                              d:/program files (x86)/atmel/studio/7.0/toolchain/avr32/avr32-gnu-toolchain/bin/../lib/gcc/avr32/4.4.7/../../../../avr32/lib/ucr2\libc.a(lib_a-sbrkr.o) (_sbrk)
d:/program files (x86)/atmel/studio/7.0/toolchain/avr32/avr32-gnu-toolchain/bin/../lib/gcc/avr32/4.4.7/../../../../avr32/lib/ucr2\libc.a(lib_a-vfprintf.o)
                              d:/program files (x86)/atmel/studio/7.0/toolchain/avr32/avr32-gnu-toolchain/bin/../lib/gcc/avr32/4.4.7/../../../../avr32/lib/ucr2\libc.a(lib_a-sprintf.o) (_vfprintf_r)
d:/program files (x86)/atmel/studio/7.0/toolchain/avr32/avr32-gnu-toolchain/bin/../lib/gcc/avr32/4.4.7/../../../../avr32/lib/ucr2\libc.a(lib_a-wsetup.o)
                              d:/program files (x86)/atmel/studio/7.0/toolchain/avr32/avr32-gnu-toolchain/bin/../lib/gcc/avr32/4.4.7/../../../../avr32/lib/ucr2\libc.a(lib_a-vfprintf.o) (__swsetup_r)
d:/program files (x86)/atmel/studio/7.0/toolchain/avr32/avr32-gnu-toolchain/bin/../lib/gcc/avr32/4.4.7/../../../../avr32/lib/ucr2\libc.a(lib_a-dtoa.o)
                              d:/program files (x86)/atmel/studio/7.0/toolchain/avr32/avr32-gnu-toolchain/bin/../lib/gcc/avr32/4.4.7/../../../../avr32/lib/ucr2\libc.a(lib_a-vfprintf.o) (_dtoa_r)
d:/program files (x86)/atmel/studio/7.0/toolchain/avr32/avr32-gnu-toolchain/bin/../lib/gcc/avr32/4.4.7/../../../../avr32/lib/ucr2\libc.a(lib_a-errno.o)
                              d:/program files (x86)/atmel/studio/7.0/toolchain/avr32/avr32-gnu-toolchain/bin/../lib/gcc/avr32/4.4.7/../../../../avr32/lib/ucr2\libc.a(lib_a-syscalls.o) (__errno)
d:/program files (x86)/atmel/studio/7.0/toolchain/avr32/avr32-gnu-toolchain/bin/../lib/gcc/avr32/4.4.7/../../../../avr32/lib/ucr2\libc.a(lib_a-fflush.o)
                              d:/program files (x86)/atmel/studio/7.0/toolchain/avr32/avr32-gnu-toolchain/bin/../lib/gcc/avr32/4.4.7/../../../../avr32/lib/ucr2\libc.a(lib_a-vfprintf.o) (_fflush_r)
[...]
Memory Configuration

Name             Origin             Length             Attributes
FLASH            0x80000000         0x00080000         axrl !w
CPUSRAM          0x00000004         0x00017ffc         axw !rl
USERPAGE         0x80800000         0x00000200
FACTORYPAGE      0x80800200         0x00000200
*default*        0x00000000         0xffffffff

Linker script and memory map

                0x00001000                _stack_size = 0x1000
LOAD src/Application/app/app.o
LOAD src/Application/flash/data_flash.o
LOAD src/Application/radio/ambe.o
LOAD src/Application/radio/AMBE_audio.o
LOAD src/Application/radio/AMBE_audio_2.o
LOAD src/Application/radio/audio.o
LOAD src/Application/radio/payload.o
LOAD src/Application/radio/physical.o
LOAD src/Application/radio/ssc.o
LOAD src/Application/radio/xcmp.o
LOAD src/Application/radio/xnl.o
LOAD src/Application/rtc/rtc.o
LOAD src/Application/timers/timer.o
LOAD src/Application/voice/voice.o
LOAD src/ASF/avr32/drivers/flashc/flashc.o
LOAD src/ASF/avr32/drivers/gpio/gpio.o
LOAD src/ASF/avr32/drivers/intc/intc.o
LOAD src/ASF/avr32/drivers/pm/pm.o
LOAD src/ASF/avr32/drivers/pm/pm_conf_clocks.o
LOAD src/ASF/avr32/drivers/pm/power_clocks_lib.o
LOAD src/ASF/avr32/drivers/spi/spi.o
LOAD src/ASF/avr32/drivers/tc/tc.o
LOAD src/ASF/avr32/drivers/twi/twi.o
LOAD src/ASF/avr32/drivers/usart/usart.o
LOAD src/ASF/avr32/utils/startup/startup_uc3.o
LOAD src/ASF/avr32/utils/startup/trampoline_uc3.o
LOAD src/ASF/common/boards/user_board/init.o
LOAD src/ASF/common/services/clock/uc3b0_b1/sysclk.o
LOAD src/ASF/common/services/spi/uc3_spi/spi_master.o
LOAD src/ASF/common/services/spi/uc3_usart_spi/usart_spi.o
LOAD src/ASF/thirdparty/freertos/freertos-7.0.0/source/croutine.o
LOAD src/ASF/thirdparty/freertos/freertos-7.0.0/source/list.o
LOAD src/ASF/thirdparty/freertos/freertos-7.0.0/source/portable/gcc/avr32_uc3/exception.o
LOAD src/ASF/thirdparty/freertos/freertos-7.0.0/source/portable/gcc/avr32_uc3/port.o
LOAD src/ASF/thirdparty/freertos/freertos-7.0.0/source/portable/gcc/avr32_uc3/read.o
LOAD src/ASF/thirdparty/freertos/freertos-7.0.0/source/portable/gcc/avr32_uc3/write.o
LOAD src/ASF/thirdparty/freertos/freertos-7.0.0/source/portable/memmang/heap_3.o
LOAD src/ASF/thirdparty/freertos/freertos-7.0.0/source/queue.o
LOAD src/ASF/thirdparty/freertos/freertos-7.0.0/source/tasks.o
LOAD src/Log/log.o
LOAD src/main.o
START GROUP
LOAD d:/program files (x86)/atmel/studio/7.0/toolchain/avr32/avr32-gnu-toolchain/bin/../lib/gcc/avr32/4.4.7/../../../../avr32/lib/ucr2\libm.a
END GROUP
LOAD d:/program files (x86)/atmel/studio/7.0/toolchain/avr32/avr32-gnu-toolchain/bin/../lib/gcc/avr32/4.4.7/ucr2\libgcc.a
LOAD d:/program files (x86)/atmel/studio/7.0/toolchain/avr32/avr32-gnu-toolchain/bin/../lib/gcc/avr32/4.4.7/../../../../avr32/lib/ucr2\libc.a
LOAD d:/program files (x86)/atmel/studio/7.0/toolchain/avr32/avr32-gnu-toolchain/bin/../lib/gcc/avr32/4.4.7/ucr2\libgcc.a
                0x80000000                PROVIDE (__executable_start, 0x80000000)
                0x80000000                . = 0x80000000

.interp
 *(.interp)

.reset          0x80000000     0x2004
 *(.reset)
 .reset         0x80000000     0x2004 src/ASF/avr32/utils/startup/trampoline_uc3.o
                               0x2008 (size before relaxing)
                0x80000000                _trampoline

.hash
 *(.hash)

.dynsym
 *(.dynsym)

.dynstr
 *(.dynstr)

.gnu.version
 *(.gnu.version)

.gnu.version_d
 *(.gnu.version_d)

.gnu.version_r
 *(.gnu.version_r)

.rel.init
 *(.rel.init)

.rela.init
 *(.rela.init)

.rel.text
 *(.rel.text .rel.text.* .rel.gnu.linkonce.t.*)

.rela.text
 *(.rela.text .rela.text.* .rela.gnu.linkonce.t.*)

.rel.fini
 *(.rel.fini)

.rela.fini
 *(.rela.fini)

.rel.rodata
 *(.rel.rodata .rel.rodata.* .rel.gnu.linkonce.r.*)

.rela.rodata
 *(.rela.rodata .rela.rodata.* .rela.gnu.linkonce.r.*)

.rel.data.rel.ro
 *(.rel.data.rel.ro*)

.rela.data.rel.ro
 *(.rel.data.rel.ro*)

.rel.data
 *(.rel.data .rel.data.* .rel.gnu.linkonce.d.*)

.rela.data
 *(.rela.data .rela.data.* .rela.gnu.linkonce.d.*)

.rel.tdata
 *(.rel.tdata .rel.tdata.* .rel.gnu.linkonce.td.*)

.rela.tdata
 *(.rela.tdata .rela.tdata.* .rela.gnu.linkonce.td.*)

.rel.tbss
 *(.rel.tbss .rel.tbss.* .rel.gnu.linkonce.tb.*)

.rela.tbss
 *(.rela.tbss .rela.tbss.* .rela.gnu.linkonce.tb.*)

.rel.ctors
 *(.rel.ctors)

.rela.ctors
 *(.rela.ctors)

.rel.dtors
 *(.rel.dtors)

.rela.dtors
 *(.rela.dtors)

.rel.got
 *(.rel.got)

.rela.got       0x80002004        0x0
 *(.rela.got)
 .rela.got      0x80002004        0x0 src/Application/app/app.o

.rel.bss
 *(.rel.bss .rel.bss.* .rel.gnu.linkonce.b.*)

.rela.bss
 *(.rela.bss .rela.bss.* .rela.gnu.linkonce.b.*)

.rel.plt
 *(.rel.plt)

.rela.plt
 *(.rela.plt)

.init
 *(.init)

.plt
 *(.plt)

.text           0x80002004     0x9d54
 *(.text .stub .text.* .gnu.linkonce.t.*)
 .text.DeviceManagement_brdcst_func
                0x80002004       0x24 src/Application/app/app.o
                0x80002004                DeviceManagement_brdcst_func
 .text.Volume_brdcst_func
                0x80002028        0x2 src/Application/app/app.o
                0x80002028                Volume_brdcst_func
 .text.AudioRoutingControl_brdcst_func
                0x8000202a        0x2 src/Application/app/app.o
                0x8000202a                AudioRoutingControl_brdcst_func
 .text.vApplicationIdleHook
                0x8000202c       0x10 src/Application/app/app.o
                0x8000202c                vApplicationIdleHook
 .text.app_init
                0x8000203c       0x54 src/Application/app/app.o
                0x8000203c                app_init
 .text.app_cfg  0x80002090       0x74 src/Application/app/app.o
 .text.app_payload_tx_proc
                0x80002104       0x14 src/Application/app/app.o
 .text.FD_brdcst_func
                0x80002118       0x14 src/Application/app/app.o
                0x80002118                FD_brdcst_func
 .text.FD_reply_func
                0x8000212c       0x14 src/Application/app/app.o
                0x8000212c                FD_reply_func
 .text.FD_request_func
                0x80002140       0x14 src/Application/app/app.o
                0x80002140                FD_request_func
 .text.EnOB_brdcst_func
                0x80002154       0x14 src/Application/app/app.o
                0x80002154                EnOB_brdcst_func
 .text.EnOB_reply_func
                0x80002168       0x70 src/Application/app/app.o
                0x80002168                EnOB_reply_func
 .text.SingleDetection_brdcst_func
                0x800021d8       0x1c src/Application/app/app.o
                0x800021d8                SingleDetection_brdcst_func
 .text.ButtonConfig_brdcst_func
                0x800021f4       0xdc src/Application/app/app.o
                0x800021f4                ButtonConfig_brdcst_func
 .text.Phyuserinput_brdcst_func
                0x800022d0       0x78 src/Application/app/app.o
                0x800022d0                Phyuserinput_brdcst_func
 .text.ButtonConfig_reply_func
                0x80002348       0x44 src/Application/app/app.o
                0x80002348                ButtonConfig_reply_func
 .text.DataSession_brdcst_func
                0x8000238c       0x84 src/Application/app/app.o
                0x8000238c                DataSession_brdcst_func
 .text.DataSession_reply_func
                0x80002410       0x58 src/Application/app/app.o
                0x80002410                DataSession_reply_func
 .text.CallControl_brdcst_func
                0x80002468       0x44 src/Application/app/app.o
                0x80002468                CallControl_brdcst_func
 .text.TransmitControl_brdcst_func
                0x800024ac       0x48 src/Application/app/app.o
                0x800024ac                TransmitControl_brdcst_func
 .text.TransmitControl_reply_func
                0x800024f4       0x60 src/Application/app/app.o
                0x800024f4                TransmitControl_reply_func
 .text.AudioRoutingControl_reply_func
                0x80002554       0x30 src/Application/app/app.o
                0x80002554                AudioRoutingControl_reply_func
 .text.Volume_reply_func
                0x80002584       0x64 src/Application/app/app.o
                0x80002584                Volume_reply_func
 .text.spk_brdcst_func
                0x800025e8       0x38 src/Application/app/app.o
                0x800025e8                spk_brdcst_func
 .text.spk_reply_func
                0x80002620       0x48 src/Application/app/app.o
                0x80002620                spk_reply_func
 .text.mic_brdcst_func
                0x80002668       0x58 src/Application/app/app.o
                0x80002668                mic_brdcst_func
 .text.mic_reply_func
                0x800026c0       0x94 src/Application/app/app.o
                0x800026c0                mic_reply_func
 .text.dcm_brdcst_func
                0x80002754       0x48 src/Application/app/app.o
                0x80002754                dcm_brdcst_func
 .text.dcm_reply_func
                0x8000279c       0x68 src/Application/app/app.o
                0x8000279c                dcm_reply_func
 .text.ToneControl_reply_func
                0x80002804       0x28 src/Application/app/app.o
                0x80002804                ToneControl_reply_func
 .text.app_payload_rx_proc
                0x8000282c       0x4c src/Application/app/app.o
 .text.DeviceInitializationStatus_brdcst_func
                0x80002878       0x38 src/Application/app/app.o
                0x80002878                DeviceInitializationStatus_brdcst_func
 .text.CalculateBurst
                0x800028b0       0x1c src/Application/radio/ambe.o
                0x800028b0                CalculateBurst
 .text.payload_init
                0x800028cc       0x38 src/Application/radio/payload.o
                0x800028cc                payload_init
 .text.payload_rx_process
                0x80002904       0x4c src/Application/radio/payload.o
 .text.set_idle_store_isr
                0x80002950       0x1c src/Application/radio/physical.o
                0x80002950                set_idle_store_isr
 .text.phy_rx   0x8000296c       0x38 src/Application/radio/physical.o
                0x8000296c                phy_rx
 .text.set_idle_store
                0x800029a4       0x20 src/Application/radio/physical.o
                0x800029a4                set_idle_store
 .text.phy_tx   0x800029c4       0x5c src/Application/radio/physical.o
                0x800029c4                phy_tx
 .text.get_idle_store_isr
                0x80002a20       0x28 src/Application/radio/physical.o
                0x80002a20                get_idle_store_isr
 .text.phy_tx_func
                0x80002a48      0x4c8 src/Application/radio/physical.o
 .text.get_idle_store
                0x80002f10       0x28 src/Application/radio/physical.o
                0x80002f10                get_idle_store
 .text.phy_init
                0x80002f38       0x28 src/Application/radio/physical.o
                0x80002f38                phy_init
 .text.payload_rx
                0x80002f60       0x60 src/Application/radio/physical.o
 .text.phy_rx_func
                0x80002fc0      0xf24 src/Application/radio/physical.o
 .text.pdca_int_handler
                0x80003ee4       0x74 src/Application/radio/ssc.o
 .text.local_start_SSC
                0x80003f58       0x44 src/Application/radio/ssc.o
                0x80003f58                local_start_SSC
 .text.local_start_PDC
                0x80003f9c       0x6c src/Application/radio/ssc.o
                0x80003f9c                local_start_PDC
 .text.register_rx_tx_func
                0x80004008       0x14 src/Application/radio/ssc.o
                0x80004008                register_rx_tx_func
 .text.ssc_init
                0x8000401c       0x68 src/Application/radio/ssc.o
                0x8000401c                ssc_init
 .text.xcmp_register_app_list
                0x80004084        0xc src/Application/radio/xcmp.o
                0x80004084                xcmp_register_app_list
 .text.xcmp_tx  0x80004090       0x48 src/Application/radio/xcmp.o
 .text.xcmp_DeviceInitializationStatus_request
                0x800040d8       0x40 src/Application/radio/xcmp.o
                0x800040d8                xcmp_DeviceInitializationStatus_request
 .text.xcmp_opcode_not_supported
                0x80004118       0x24 src/Application/radio/xcmp.o
                0x80004118                xcmp_opcode_not_supported
 .text.xcmp_exec_func
                0x8000413c       0x48 src/Application/radio/xcmp.o
 .text.xcmp_IdleTestTone
                0x80004184       0x60 src/Application/radio/xcmp.o
                0x80004184                xcmp_IdleTestTone
 .text.xcmp_init
                0x800041e4       0x54 src/Application/radio/xcmp.o
                0x800041e4                xcmp_init
 .text.xcmp_rx_process
                0x80004238       0xfc src/Application/radio/xcmp.o
 .text.xcmp_rx  0x80004334       0x4c src/Application/radio/xcmp.o
 .text.xnl_register_xcmp_func
                0x80004380        0xc src/Application/radio/xnl.o
                0x80004380                xnl_register_xcmp_func
 .text.xnl_get_msg_ack_func
                0x8000438c       0x2c src/Application/radio/xnl.o
                0x8000438c                xnl_get_msg_ack_func
 .text.xnl_init
                0x800043b8      0x12c src/Application/radio/xnl.o
                0x800043b8                xnl_init
 .text.xnl_rx_process
                0x800044e4       0x60 src/Application/radio/xnl.o
 .text.xnl_tx_process
                0x80004544       0xcc src/Application/radio/xnl.o
 .text.xnl_tx   0x80004610       0xe4 src/Application/radio/xnl.o
                0x80004610                xnl_tx
 .text.xnl_data_msg_func
                0x800046f4       0x60 src/Application/radio/xnl.o
                0x800046f4                xnl_data_msg_func
 .text.xnl_device_auth_reply_func
                0x80004754      0x120 src/Application/radio/xnl.o
                0x80004754                xnl_device_auth_reply_func
 .text.xnl_master_status_brdcst_func
                0x80004874       0x60 src/Application/radio/xnl.o
                0x80004874                xnl_master_status_brdcst_func
 .text.xnl_device_conn_reply_func
                0x800048d4       0x5c src/Application/radio/xnl.o
                0x800048d4                xnl_device_conn_reply_func
 .text.xnl_send_device_master_query
                0x80004930       0x30 src/Application/radio/xnl.o
                0x80004930                xnl_send_device_master_query
 .text.local_start_pll0
                0x80004960       0x50 src/Application/rtc/rtc.o
                0x80004960                local_start_pll0
 .text.local_start_timer
                0x800049b0       0x3a src/Application/timers/timer.o
                0x800049b0                local_start_timer
 .text.gpio_enable_module_pin
                0x800049ea       0x52 src/ASF/avr32/drivers/gpio/gpio.o
                0x800049ea                gpio_enable_module_pin
 .text.gpio_enable_module
                0x80004a3c       0x30 src/ASF/avr32/drivers/gpio/gpio.o
                0x80004a3c                gpio_enable_module
 .text._unhandled_interrupt
                0x80004a6c        0x2 src/ASF/avr32/drivers/intc/intc.o
 *fill*         0x80004a6e        0x2 d703d703
 .text.INTC_register_interrupt
                0x80004a70       0x80 src/ASF/avr32/drivers/intc/intc.o
                0x80004a70                INTC_register_interrupt
 .text.INTC_init_interrupts
                0x80004af0       0x54 src/ASF/avr32/drivers/intc/intc.o
                0x80004af0                INTC_init_interrupts
 .text._get_interrupt_handler
                0x80004b44       0x38 src/ASF/avr32/drivers/intc/intc.o
                0x80004b44                _get_interrupt_handler
 .text.usart_set_async_baudrate
                0x80004b7c       0x5a src/ASF/avr32/drivers/usart/usart.o
 .text.usart_write_char
                0x80004bd6       0x14 src/ASF/avr32/drivers/usart/usart.o
                0x80004bd6                usart_write_char
 *fill*         0x80004bea        0x2 d703d703
 .text.usart_putchar
                0x80004bec       0x2c src/ASF/avr32/drivers/usart/usart.o
                0x80004bec                usart_putchar
 .text.usart_read_char
                0x80004c18       0x22 src/ASF/avr32/drivers/usart/usart.o
                0x80004c18                usart_read_char
 *fill*         0x80004c3a        0x2 d703d703
 .text.usart_getchar
                0x80004c3c       0x2c src/ASF/avr32/drivers/usart/usart.o
                0x80004c3c                usart_getchar
 .text.usart_write_line
                0x80004c68       0x24 src/ASF/avr32/drivers/usart/usart.o
                0x80004c68                usart_write_line
 .text.usart_reset
                0x80004c8c       0x2c src/ASF/avr32/drivers/usart/usart.o
                0x80004c8c                usart_reset
 .text.usart_init_rs232
                0x80004cb8       0xcc src/ASF/avr32/drivers/usart/usart.o
                0x80004cb8                usart_init_rs232
 .text._stext   0x80004d84       0x40 src/ASF/avr32/utils/startup/startup_uc3.o
                                 0x50 (size before relaxing)
                0x80004d84                _stext
 .text.vListInitialise
                0x80004dc4       0x14 src/ASF/thirdparty/freertos/freertos-7.0.0/source/list.o
                0x80004dc4                vListInitialise
 .text.vListInitialiseItem
                0x80004dd8        0x6 src/ASF/thirdparty/freertos/freertos-7.0.0/source/list.o
                0x80004dd8                vListInitialiseItem
 .text.vListInsertEnd
                0x80004dde       0x1c src/ASF/thirdparty/freertos/freertos-7.0.0/source/list.o
                0x80004dde                vListInsertEnd
 .text.vListInsert
                0x80004dfa       0x34 src/ASF/thirdparty/freertos/freertos-7.0.0/source/list.o
                0x80004dfa                vListInsert
 .text.vListRemove
                0x80004e2e       0x26 src/ASF/thirdparty/freertos/freertos-7.0.0/source/list.o
                0x80004e2e                vListRemove
 .text.pxPortInitialiseStack
                0x80004e54       0x92 src/ASF/thirdparty/freertos/freertos-7.0.0/source/portable/gcc/avr32_uc3/port.o
                0x80004e54                pxPortInitialiseStack
 *fill*         0x80004ee6        0x2 d703d703
 .text.vPortEnterCritical
                0x80004ee8       0x10 src/ASF/thirdparty/freertos/freertos-7.0.0/source/portable/gcc/avr32_uc3/port.o
                0x80004ee8                vPortEnterCritical
 .text.xPortStartScheduler
                0x80004ef8       0x58 src/ASF/thirdparty/freertos/freertos-7.0.0/source/portable/gcc/avr32_uc3/port.o
                0x80004ef8                xPortStartScheduler
 .text.SCALLYield
                0x80004f50       0x98 src/ASF/thirdparty/freertos/freertos-7.0.0/source/portable/gcc/avr32_uc3/port.o
                0x80004f50                SCALLYield
 .text.prvClearCcInt
                0x80004fe8        0xa src/ASF/thirdparty/freertos/freertos-7.0.0/source/portable/gcc/avr32_uc3/port.o
 *fill*         0x80004ff2        0x2 d703d703
 .text.vPortExitCritical
                0x80004ff4       0x20 src/ASF/thirdparty/freertos/freertos-7.0.0/source/portable/gcc/avr32_uc3/port.o
                0x80004ff4                vPortExitCritical
 .text.vTick    0x80005014       0x84 src/ASF/thirdparty/freertos/freertos-7.0.0/source/portable/gcc/avr32_uc3/port.o
 .text.__malloc_lock
                0x80005098        0xc src/ASF/thirdparty/freertos/freertos-7.0.0/source/portable/gcc/avr32_uc3/port.o
                0x80005098                __malloc_lock
 .text.__malloc_unlock
                0x800050a4        0xc src/ASF/thirdparty/freertos/freertos-7.0.0/source/portable/gcc/avr32_uc3/port.o
                0x800050a4                __malloc_unlock
 .text._read    0x800050b0       0x40 src/ASF/thirdparty/freertos/freertos-7.0.0/source/portable/gcc/avr32_uc3/read.o
                0x800050b0                _read
 .text._write   0x800050f0       0x3c src/ASF/thirdparty/freertos/freertos-7.0.0/source/portable/gcc/avr32_uc3/write.o
                0x800050f0                _write
 .text.vPortFree
                0x8000512c       0x28 src/ASF/thirdparty/freertos/freertos-7.0.0/source/portable/memmang/heap_3.o
                0x8000512c                vPortFree
 .text.pvPortMalloc
                0x80005154       0x28 src/ASF/thirdparty/freertos/freertos-7.0.0/source/portable/memmang/heap_3.o
                0x80005154                pvPortMalloc
 .text.prvCopyDataFromQueue
                0x8000517c       0x30 src/ASF/thirdparty/freertos/freertos-7.0.0/source/queue.o
 .text.xQueueReceiveFromISR
                0x800051ac       0x50 src/ASF/thirdparty/freertos/freertos-7.0.0/source/queue.o
                0x800051ac                xQueueReceiveFromISR
 .text.prvUnlockQueue
                0x800051fc       0xa0 src/ASF/thirdparty/freertos/freertos-7.0.0/source/queue.o
 .text.xQueueGenericReceive
                0x8000529c      0x144 src/ASF/thirdparty/freertos/freertos-7.0.0/source/queue.o
                0x8000529c                xQueueGenericReceive
 .text.prvCopyDataToQueue
                0x800053e0       0x78 src/ASF/thirdparty/freertos/freertos-7.0.0/source/queue.o
 .text.xQueueGenericSendFromISR
                0x80005458       0x50 src/ASF/thirdparty/freertos/freertos-7.0.0/source/queue.o
                0x80005458                xQueueGenericSendFromISR
 .text.xQueueGenericSend
                0x800054a8      0x100 src/ASF/thirdparty/freertos/freertos-7.0.0/source/queue.o
                0x800054a8                xQueueGenericSend
 .text.xQueueCreate
                0x800055a8       0x74 src/ASF/thirdparty/freertos/freertos-7.0.0/source/queue.o
                0x800055a8                xQueueCreate
 .text.vTaskSuspendAll
                0x8000561c       0x10 src/ASF/thirdparty/freertos/freertos-7.0.0/source/tasks.o
                0x8000561c                vTaskSuspendAll
 .text.vTaskSwitchContext
                0x8000562c       0x7c src/ASF/thirdparty/freertos/freertos-7.0.0/source/tasks.o
                0x8000562c                vTaskSwitchContext
 .text.vTaskSetTimeOutState
                0x800056a8       0x18 src/ASF/thirdparty/freertos/freertos-7.0.0/source/tasks.o
                0x800056a8                vTaskSetTimeOutState
 .text.vTaskMissedYield
                0x800056c0        0xc src/ASF/thirdparty/freertos/freertos-7.0.0/source/tasks.o
                0x800056c0                vTaskMissedYield
 .text.xTaskGetCurrentTaskHandle
                0x800056cc        0xc src/ASF/thirdparty/freertos/freertos-7.0.0/source/tasks.o
                0x800056cc                xTaskGetCurrentTaskHandle
 .text.vTaskPriorityDisinherit
                0x800056d8       0x58 src/ASF/thirdparty/freertos/freertos-7.0.0/source/tasks.o
                0x800056d8                vTaskPriorityDisinherit
 .text.vTaskPriorityInherit
                0x80005730       0x84 src/ASF/thirdparty/freertos/freertos-7.0.0/source/tasks.o
                0x80005730                vTaskPriorityInherit
 .text.xTaskRemoveFromEventList
                0x800057b4       0x7c src/ASF/thirdparty/freertos/freertos-7.0.0/source/tasks.o
                0x800057b4                xTaskRemoveFromEventList
 .text.vTaskIncrementTick
                0x80005830      0x114 src/ASF/thirdparty/freertos/freertos-7.0.0/source/tasks.o
                0x80005830                vTaskIncrementTick
 .text.xTaskCheckForTimeOut
                0x80005944       0x70 src/ASF/thirdparty/freertos/freertos-7.0.0/source/tasks.o
                0x80005944                xTaskCheckForTimeOut
 .text.xTaskGetTickCount
                0x800059b4       0x24 src/ASF/thirdparty/freertos/freertos-7.0.0/source/tasks.o
                0x800059b4                xTaskGetTickCount
 .text.xTaskResumeAll
                0x800059d8       0xe8 src/ASF/thirdparty/freertos/freertos-7.0.0/source/tasks.o
                0x800059d8                xTaskResumeAll
 .text.prvAddCurrentTaskToDelayedList
                0x80005ac0       0x5c src/ASF/thirdparty/freertos/freertos-7.0.0/source/tasks.o
 .text.vTaskDelayUntil
                0x80005b1c       0x80 src/ASF/thirdparty/freertos/freertos-7.0.0/source/tasks.o
                0x80005b1c                vTaskDelayUntil
 .text.vTaskPlaceOnEventList
                0x80005b9c       0x58 src/ASF/thirdparty/freertos/freertos-7.0.0/source/tasks.o
                0x80005b9c                vTaskPlaceOnEventList
 .text.prvIdleTask
                0x80005bf4       0x88 src/ASF/thirdparty/freertos/freertos-7.0.0/source/tasks.o
 .text.xTaskGenericCreate
                0x80005c7c      0x1e8 src/ASF/thirdparty/freertos/freertos-7.0.0/source/tasks.o
                0x80005c7c                xTaskGenericCreate
 .text.vTaskStartScheduler
                0x80005e64       0x4c src/ASF/thirdparty/freertos/freertos-7.0.0/source/tasks.o
                0x80005e64                vTaskStartScheduler
 .text.PrintChar
                0x80005eb0        0x4 src/Log/log.o
                0x80005eb0                PrintChar
 .text.PrintHex
                0x80005eb4       0xb2 src/Log/log.o
                0x80005eb4                PrintHex
 .text.PrintDec
                0x80005f66       0xda src/Log/log.o
                0x80005f66                PrintDec
 .text.log      0x80006040      0x18c src/Log/log.o
                0x80006040                log
 .text.logFromISR
                0x800061cc      0x180 src/Log/log.o
                0x800061cc                logFromISR
 .text.log_init
                0x8000634c       0x68 src/Log/log.o
                0x8000634c                log_init
 .text.task_log
                0x800063b4       0x44 src/Log/log.o
 .text.main     0x800063f8       0x7c src/main.o
                0x800063f8                main
 .text.free     0x80006474       0x10 d:/program files (x86)/atmel/studio/7.0/toolchain/avr32/avr32-gnu-toolchain/bin/../lib/gcc/avr32/4.4.7/../../../../avr32/lib/ucr2\libc.a(lib_a-malloc.o)
                                 0x18 (size before relaxing)
                0x80006474                free
 .text.malloc   0x80006484       0x10 d:/program files (x86)/atmel/studio/7.0/toolchain/avr32/avr32-gnu-toolchain/bin/../lib/gcc/avr32/4.4.7/../../../../avr32/lib/ucr2\libc.a(lib_a-malloc.o)
                                 0x18 (size before relaxing)
                0x80006484                malloc
 .text._malloc_r
                0x80006494      0x438 d:/program files (x86)/atmel/studio/7.0/toolchain/avr32/avr32-gnu-toolchain/bin/../lib/gcc/avr32/4.4.7/../../../../avr32/lib/ucr2\libc.a(lib_a-mallocr.o)
                                0x450 (size before relaxing)
                0x80006494                _malloc_r
 .text          0x800068cc      0x148 d:/program files (x86)/atmel/studio/7.0/toolchain/avr32/avr32-gnu-toolchain/bin/../lib/gcc/avr32/4.4.7/../../../../avr32/lib/ucr2\libc.a(lib_a-memcpy.o)
                0x800068cc                memcpy
 .text.memset   0x80006a14        0xe d:/program files (x86)/atmel/studio/7.0/toolchain/avr32/avr32-gnu-toolchain/bin/../lib/gcc/avr32/4.4.7/../../../../avr32/lib/ucr2\libc.a(lib_a-memset.o)
                0x80006a14                memset
 *fill*         0x80006a22        0x2 d703d703
 .text._realloc_r
                0x80006a24      0x2c0 d:/program files (x86)/atmel/studio/7.0/toolchain/avr32/avr32-gnu-toolchain/bin/../lib/gcc/avr32/4.4.7/../../../../avr32/lib/ucr2\libc.a(lib_a-reallocr.o)
                                0x2e0 (size before relaxing)
                0x80006a24                _realloc_r
 .text._sbrk_r  0x80006ce4       0x20 d:/program files (x86)/atmel/studio/7.0/toolchain/avr32/avr32-gnu-toolchain/bin/../lib/gcc/avr32/4.4.7/../../../../avr32/lib/ucr2\libc.a(lib_a-sbrkr.o)
                                 0x28 (size before relaxing)
                0x80006ce4                _sbrk_r
 .text.sprintf  0x80006d04       0x3c d:/program files (x86)/atmel/studio/7.0/toolchain/avr32/avr32-gnu-toolchain/bin/../lib/gcc/avr32/4.4.7/../../../../avr32/lib/ucr2\libc.a(lib_a-sprintf.o)
                                 0x40 (size before relaxing)
                0x80006d04                sprintf
 .text          0x80006d40       0x20 d:/program files (x86)/atmel/studio/7.0/toolchain/avr32/avr32-gnu-toolchain/bin/../lib/gcc/avr32/4.4.7/../../../../avr32/lib/ucr2\libc.a(lib_a-strncpy.o)
                0x80006d40                strncpy
 .text._close   0x80006d60       0x14 d:/program files (x86)/atmel/studio/7.0/toolchain/avr32/avr32-gnu-toolchain/bin/../lib/gcc/avr32/4.4.7/../../../../avr32/lib/ucr2\libc.a(lib_a-syscalls.o)
                                 0x18 (size before relaxing)
                0x80006d60                _close
 .text._lseek   0x80006d74       0x14 d:/program files (x86)/atmel/studio/7.0/toolchain/avr32/avr32-gnu-toolchain/bin/../lib/gcc/avr32/4.4.7/../../../../avr32/lib/ucr2\libc.a(lib_a-syscalls.o)
                                 0x18 (size before relaxing)
                0x80006d74                _lseek
 .text.isatty   0x80006d88       0x14 d:/program files (x86)/atmel/studio/7.0/toolchain/avr32/avr32-gnu-toolchain/bin/../lib/gcc/avr32/4.4.7/../../../../avr32/lib/ucr2\libc.a(lib_a-syscalls.o)
                                 0x18 (size before relaxing)
                0x80006d88                isatty
 .text._fstat_host
                0x80006d9c       0x14 d:/program files (x86)/atmel/studio/7.0/toolchain/avr32/avr32-gnu-toolchain/bin/../lib/gcc/avr32/4.4.7/../../../../avr32/lib/ucr2\libc.a(lib_a-syscalls.o)
                                 0x18 (size before relaxing)
                0x80006d9c                _fstat_host
 .text._fstat   0x80006db0       0x4c d:/program files (x86)/atmel/studio/7.0/toolchain/avr32/avr32-gnu-toolchain/bin/../lib/gcc/avr32/4.4.7/../../../../avr32/lib/ucr2\libc.a(lib_a-syscalls.o)
                                 0x50 (size before relaxing)
                0x80006db0                _fstat
 .text._sbrk    0x80006dfc       0x38 d:/program files (x86)/atmel/studio/7.0/toolchain/avr32/avr32-gnu-toolchain/bin/../lib/gcc/avr32/4.4.7/../../../../avr32/lib/ucr2\libc.a(lib_a-syscalls.o)
                                 0x40 (size before relaxing)
                0x80006dfc                _sbrk
 .text.get_arg  0x80006e34      0x314 d:/program files (x86)/atmel/studio/7.0/toolchain/avr32/avr32-gnu-toolchain/bin/../lib/gcc/avr32/4.4.7/../../../../avr32/lib/ucr2\libc.a(lib_a-vfprintf.o)
                                0x324 (size before relaxing)
 .text.__sprint_r
                0x80007148       0x1c d:/program files (x86)/atmel/studio/7.0/toolchain/avr32/avr32-gnu-toolchain/bin/../lib/gcc/avr32/4.4.7/../../../../avr32/lib/ucr2\libc.a(lib_a-vfprintf.o)
                                 0x20 (size before relaxing)
 .text._vfprintf_r
                0x80007164     0x1f14 d:/program files (x86)/atmel/studio/7.0/toolchain/avr32/avr32-gnu-toolchain/bin/../lib/gcc/avr32/4.4.7/../../../../avr32/lib/ucr2\libc.a(lib_a-vfprintf.o)
                               0x1f9c (size before relaxing)
                0x80007164                _vfprintf_r
 .text.__swsetup_r
                0x80009078       0xdc d:/program files (x86)/atmel/studio/7.0/toolchain/avr32/avr32-gnu-toolchain/bin/../lib/gcc/avr32/4.4.7/../../../../avr32/lib/ucr2\libc.a(lib_a-wsetup.o)
                                 0xe8 (size before relaxing)
                0x80009078                __swsetup_r
 .text.quorem   0x80009154      0x120 d:/program files (x86)/atmel/studio/7.0/toolchain/avr32/avr32-gnu-toolchain/bin/../lib/gcc/avr32/4.4.7/../../../../avr32/lib/ucr2\libc.a(lib_a-dtoa.o)
                                0x124 (size before relaxing)
 .text._dtoa_r  0x80009274      0xbdc d:/program files (x86)/atmel/studio/7.0/toolchain/avr32/avr32-gnu-toolchain/bin/../lib/gcc/avr32/4.4.7/../../../../avr32/lib/ucr2\libc.a(lib_a-dtoa.o)
                                0xc90 (size before relaxing)
                0x80009274                _dtoa_r
 .text.__errno  0x80009e50        0xc d:/program files (x86)/atmel/studio/7.0/toolchain/avr32/avr32-gnu-toolchain/bin/../lib/gcc/avr32/4.4.7/../../../../avr32/lib/ucr2\libc.a(lib_a-errno.o)
                0x80009e50                __errno
 .text._fflush_r
                0x80009e5c      0x10c d:/program files (x86)/atmel/studio/7.0/toolchain/avr32/avr32-gnu-toolchain/bin/../lib/gcc/avr32/4.4.7/../../../../avr32/lib/ucr2\libc.a(lib_a-fflush.o)
                                0x118 (size before relaxing)
                0x80009e5c                _fflush_r
 .text.__sfp_lock_acquire
                0x80009f68        0x2 d:/program files (x86)/atmel/studio/7.0/toolchain/avr32/avr32-gnu-toolchain/bin/../lib/gcc/avr32/4.4.7/../../../../avr32/lib/ucr2\libc.a(lib_a-findfp.o)
                0x80009f68                __sfp_lock_acquire
 .text.__sfp_lock_release
                0x80009f6a        0x2 d:/program files (x86)/atmel/studio/7.0/toolchain/avr32/avr32-gnu-toolchain/bin/../lib/gcc/avr32/4.4.7/../../../../avr32/lib/ucr2\libc.a(lib_a-findfp.o)
                0x80009f6a                __sfp_lock_release
 .text._cleanup_r
                0x80009f6c        0xc d:/program files (x86)/atmel/studio/7.0/toolchain/avr32/avr32-gnu-toolchain/bin/../lib/gcc/avr32/4.4.7/../../../../avr32/lib/ucr2\libc.a(lib_a-findfp.o)
                                 0x14 (size before relaxing)
                0x80009f6c                _cleanup_r
 .text.__sfmoreglue
                0x80009f78       0x28 d:/program files (x86)/atmel/studio/7.0/toolchain/avr32/avr32-gnu-toolchain/bin/../lib/gcc/avr32/4.4.7/../../../../avr32/lib/ucr2\libc.a(lib_a-findfp.o)
                                 0x30 (size before relaxing)
                0x80009f78                __sfmoreglue
 .text.__sfp    0x80009fa0       0x6c d:/program files (x86)/atmel/studio/7.0/toolchain/avr32/avr32-gnu-toolchain/bin/../lib/gcc/avr32/4.4.7/../../../../avr32/lib/ucr2\libc.a(lib_a-findfp.o)
                                 0x7c (size before relaxing)
                0x80009fa0                __sfp
 .text.__sinit  0x8000a00c       0x9c d:/program files (x86)/atmel/studio/7.0/toolchain/avr32/avr32-gnu-toolchain/bin/../lib/gcc/avr32/4.4.7/../../../../avr32/lib/ucr2\libc.a(lib_a-findfp.o)
                                 0xb0 (size before relaxing)
                0x8000a00c                __sinit
 .text._malloc_trim_r
                0x8000a0a8       0x98 d:/program files (x86)/atmel/studio/7.0/toolchain/avr32/avr32-gnu-toolchain/bin/../lib/gcc/avr32/4.4.7/../../../../avr32/lib/ucr2\libc.a(lib_a-freer.o)
                                 0xa8 (size before relaxing)
                0x8000a0a8                _malloc_trim_r
 .text._free_r  0x8000a140      0x18c d:/program files (x86)/atmel/studio/7.0/toolchain/avr32/avr32-gnu-toolchain/bin/../lib/gcc/avr32/4.4.7/../../../../avr32/lib/ucr2\libc.a(lib_a-freer.o)
                                0x1a0 (size before relaxing)
                0x8000a140                _free_r
 .text.__sfvwrite_r
                0x8000a2cc      0x294 d:/program files (x86)/atmel/studio/7.0/toolchain/avr32/avr32-gnu-toolchain/bin/../lib/gcc/avr32/4.4.7/../../../../avr32/lib/ucr2\libc.a(lib_a-fvwrite.o)
                                0x2c4 (size before relaxing)
                0x8000a2cc                __sfvwrite_r
 .text._fwalk   0x8000a560       0x4c d:/program files (x86)/atmel/studio/7.0/toolchain/avr32/avr32-gnu-toolchain/bin/../lib/gcc/avr32/4.4.7/../../../../avr32/lib/ucr2\libc.a(lib_a-fwalk.o)
                                 0x54 (size before relaxing)
                0x8000a560                _fwalk
 .text._localeconv_r
                0x8000a5ac        0x8 d:/program files (x86)/atmel/studio/7.0/toolchain/avr32/avr32-gnu-toolchain/bin/../lib/gcc/avr32/4.4.7/../../../../avr32/lib/ucr2\libc.a(lib_a-locale.o)
                0x8000a5ac                _localeconv_r
 .text.__smakebuf_r
                0x8000a5b4       0xbc d:/program files (x86)/atmel/studio/7.0/toolchain/avr32/avr32-gnu-toolchain/bin/../lib/gcc/avr32/4.4.7/../../../../avr32/lib/ucr2\libc.a(lib_a-makebuf.o)
                                 0xcc (size before relaxing)
                0x8000a5b4                __smakebuf_r
 .text.memchr   0x8000a670       0x16 d:/program files (x86)/atmel/studio/7.0/toolchain/avr32/avr32-gnu-toolchain/bin/../lib/gcc/avr32/4.4.7/../../../../avr32/lib/ucr2\libc.a(lib_a-memchr.o)
                0x8000a670                memchr
 .text.memmove  0x8000a686       0x3e d:/program files (x86)/atmel/studio/7.0/toolchain/avr32/avr32-gnu-toolchain/bin/../lib/gcc/avr32/4.4.7/../../../../avr32/lib/ucr2\libc.a(lib_a-memmove.o)
                0x8000a686                memmove
 .text.__hi0bits
                0x8000a6c4       0x60 d:/program files (x86)/atmel/studio/7.0/toolchain/avr32/avr32-gnu-toolchain/bin/../lib/gcc/avr32/4.4.7/../../../../avr32/lib/ucr2\libc.a(lib_a-mprec.o)
                0x8000a6c4                __hi0bits
 .text.__lo0bits
                0x8000a724       0x8e d:/program files (x86)/atmel/studio/7.0/toolchain/avr32/avr32-gnu-toolchain/bin/../lib/gcc/avr32/4.4.7/../../../../avr32/lib/ucr2\libc.a(lib_a-mprec.o)
                0x8000a724                __lo0bits
 .text.__mcmp   0x8000a7b2       0x32 d:/program files (x86)/atmel/studio/7.0/toolchain/avr32/avr32-gnu-toolchain/bin/../lib/gcc/avr32/4.4.7/../../../../avr32/lib/ucr2\libc.a(lib_a-mprec.o)
                0x8000a7b2                __mcmp
 .text._Bfree   0x8000a7e4       0x34 d:/program files (x86)/atmel/studio/7.0/toolchain/avr32/avr32-gnu-toolchain/bin/../lib/gcc/avr32/4.4.7/../../../../avr32/lib/ucr2\libc.a(lib_a-mprec.o)
                                 0x38 (size before relaxing)
                0x8000a7e4                _Bfree
 .text._Balloc  0x8000a818       0x70 d:/program files (x86)/atmel/studio/7.0/toolchain/avr32/avr32-gnu-toolchain/bin/../lib/gcc/avr32/4.4.7/../../../../avr32/lib/ucr2\libc.a(lib_a-mprec.o)
                                 0x78 (size before relaxing)
                0x8000a818                _Balloc
 .text.__d2b    0x8000a888       0xa0 d:/program files (x86)/atmel/studio/7.0/toolchain/avr32/avr32-gnu-toolchain/bin/../lib/gcc/avr32/4.4.7/../../../../avr32/lib/ucr2\libc.a(lib_a-mprec.o)
                                 0xb4 (size before relaxing)
                0x8000a888                __d2b
 .text.__mdiff  0x8000a928       0xd0 d:/program files (x86)/atmel/studio/7.0/toolchain/avr32/avr32-gnu-toolchain/bin/../lib/gcc/avr32/4.4.7/../../../../avr32/lib/ucr2\libc.a(lib_a-mprec.o)
                                 0xd8 (size before relaxing)
                0x8000a928                __mdiff
 .text.__lshift
                0x8000a9f8       0x88 d:/program files (x86)/atmel/studio/7.0/toolchain/avr32/avr32-gnu-toolchain/bin/../lib/gcc/avr32/4.4.7/../../../../avr32/lib/ucr2\libc.a(lib_a-mprec.o)
                                 0x94 (size before relaxing)
                0x8000a9f8                __lshift
 .text.__multiply
                0x8000aa80      0x100 d:/program files (x86)/atmel/studio/7.0/toolchain/avr32/avr32-gnu-toolchain/bin/../lib/gcc/avr32/4.4.7/../../../../avr32/lib/ucr2\libc.a(lib_a-mprec.o)
                                0x108 (size before relaxing)
                0x8000aa80                __multiply
 .text.__i2b    0x8000ab80       0x10 d:/program files (x86)/atmel/studio/7.0/toolchain/avr32/avr32-gnu-toolchain/bin/../lib/gcc/avr32/4.4.7/../../../../avr32/lib/ucr2\libc.a(lib_a-mprec.o)
                                 0x18 (size before relaxing)
                0x8000ab80                __i2b
 .text.__multadd
                0x8000ab90       0x7c d:/program files (x86)/atmel/studio/7.0/toolchain/avr32/avr32-gnu-toolchain/bin/../lib/gcc/avr32/4.4.7/../../../../avr32/lib/ucr2\libc.a(lib_a-mprec.o)
                                 0x88 (size before relaxing)
                0x8000ab90                __multadd
 .text.__pow5mult
                0x8000ac0c       0x8c d:/program files (x86)/atmel/studio/7.0/toolchain/avr32/avr32-gnu-toolchain/bin/../lib/gcc/avr32/4.4.7/../../../../avr32/lib/ucr2\libc.a(lib_a-mprec.o)
                                 0xac (size before relaxing)
                0x8000ac0c                __pow5mult
 .text.__isinfd
                0x8000ac98       0x2a d:/program files (x86)/atmel/studio/7.0/toolchain/avr32/avr32-gnu-toolchain/bin/../lib/gcc/avr32/4.4.7/../../../../avr32/lib/ucr2\libc.a(lib_a-s_isinfd.o)
                0x8000ac98                __isinfd
 .text.__isnand
                0x8000acc2       0x1c d:/program files (x86)/atmel/studio/7.0/toolchain/avr32/avr32-gnu-toolchain/bin/../lib/gcc/avr32/4.4.7/../../../../avr32/lib/ucr2\libc.a(lib_a-s_isnand.o)
                0x8000acc2                __isnand
 *fill*         0x8000acde        0x2 d703d703
 .text.__sclose
                0x8000ace0        0x8 d:/program files (x86)/atmel/studio/7.0/toolchain/avr32/avr32-gnu-toolchain/bin/../lib/gcc/avr32/4.4.7/../../../../avr32/lib/ucr2\libc.a(lib_a-stdio.o)
                                 0x10 (size before relaxing)
                0x8000ace0                __sclose
 .text.__sseek  0x8000ace8       0x20 d:/program files (x86)/atmel/studio/7.0/toolchain/avr32/avr32-gnu-toolchain/bin/../lib/gcc/avr32/4.4.7/../../../../avr32/lib/ucr2\libc.a(lib_a-stdio.o)
                                 0x28 (size before relaxing)
                0x8000ace8                __sseek
 .text.__swrite
                0x8000ad08       0x2c d:/program files (x86)/atmel/studio/7.0/toolchain/avr32/avr32-gnu-toolchain/bin/../lib/gcc/avr32/4.4.7/../../../../avr32/lib/ucr2\libc.a(lib_a-stdio.o)
                                 0x38 (size before relaxing)
                0x8000ad08                __swrite
 .text.__sread  0x8000ad34       0x1c d:/program files (x86)/atmel/studio/7.0/toolchain/avr32/avr32-gnu-toolchain/bin/../lib/gcc/avr32/4.4.7/../../../../avr32/lib/ucr2\libc.a(lib_a-stdio.o)
                                 0x24 (size before relaxing)
                0x8000ad34                __sread
 .text.strlen   0x8000ad50       0x16 d:/program files (x86)/atmel/studio/7.0/toolchain/avr32/avr32-gnu-toolchain/bin/../lib/gcc/avr32/4.4.7/../../../../avr32/lib/ucr2\libc.a(lib_a-strlen.o)
                0x8000ad50                strlen
 *fill*         0x8000ad66        0x2 d703d703
 .text._write_r
                0x8000ad68       0x28 d:/program files (x86)/atmel/studio/7.0/toolchain/avr32/avr32-gnu-toolchain/bin/../lib/gcc/avr32/4.4.7/../../../../avr32/lib/ucr2\libc.a(lib_a-writer.o)
                                 0x2c (size before relaxing)
                0x8000ad68                _write_r
 .text._calloc_r
                0x8000ad90       0x58 d:/program files (x86)/atmel/studio/7.0/toolchain/avr32/avr32-gnu-toolchain/bin/../lib/gcc/avr32/4.4.7/../../../../avr32/lib/ucr2\libc.a(lib_a-callocr.o)
                                 0x60 (size before relaxing)
                0x8000ad90                _calloc_r
 .text._close_r
                0x8000ade8       0x20 d:/program files (x86)/atmel/studio/7.0/toolchain/avr32/avr32-gnu-toolchain/bin/../lib/gcc/avr32/4.4.7/../../../../avr32/lib/ucr2\libc.a(lib_a-closer.o)
                                 0x28 (size before relaxing)
                0x8000ade8                _close_r
 .text._fclose_r
                0x8000ae08       0xb8 d:/program files (x86)/atmel/studio/7.0/toolchain/avr32/avr32-gnu-toolchain/bin/../lib/gcc/avr32/4.4.7/../../../../avr32/lib/ucr2\libc.a(lib_a-fclose.o)
                                 0xd0 (size before relaxing)
                0x8000ae08                _fclose_r
 .text.fclose   0x8000aec0       0x10 d:/program files (x86)/atmel/studio/7.0/toolchain/avr32/avr32-gnu-toolchain/bin/../lib/gcc/avr32/4.4.7/../../../../avr32/lib/ucr2\libc.a(lib_a-fclose.o)
                                 0x18 (size before relaxing)
                0x8000aec0                fclose
 .text._fstat_r
                0x8000aed0       0x24 d:/program files (x86)/atmel/studio/7.0/toolchain/avr32/avr32-gnu-toolchain/bin/../lib/gcc/avr32/4.4.7/../../../../avr32/lib/ucr2\libc.a(lib_a-fstatr.o)
                                 0x2c (size before relaxing)
                0x8000aed0                _fstat_r
 .text._lseek_r
                0x8000aef4       0x28 d:/program files (x86)/atmel/studio/7.0/toolchain/avr32/avr32-gnu-toolchain/bin/../lib/gcc/avr32/4.4.7/../../../../avr32/lib/ucr2\libc.a(lib_a-lseekr.o)
                                 0x2c (size before relaxing)
                0x8000aef4                _lseek_r
 .text._read_r  0x8000af1c       0x28 d:/program files (x86)/atmel/studio/7.0/toolchain/avr32/avr32-gnu-toolchain/bin/../lib/gcc/avr32/4.4.7/../../../../avr32/lib/ucr2\libc.a(lib_a-readr.o)
                                 0x2c (size before relaxing)
                0x8000af1c                _read_r
 .text          0x8000af44      0x1d4 d:/program files (x86)/atmel/studio/7.0/toolchain/avr32/avr32-gnu-toolchain/bin/../lib/gcc/avr32/4.4.7/ucr2\libgcc.a(_avr32_f64_mul.o)
                0x8000af44                __avr32_f64_mul
 .text          0x8000b118      0x2b0 d:/program files (x86)/atmel/studio/7.0/toolchain/avr32/avr32-gnu-toolchain/bin/../lib/gcc/avr32/4.4.7/ucr2\libgcc.a(_avr32_f64_addsub.o)
                0x8000b11c                __avr32_f64_sub
                0x8000b2b8                __avr32_f64_add
 .text          0x8000b3c8       0x2a d:/program files (x86)/atmel/studio/7.0/toolchain/avr32/avr32-gnu-toolchain/bin/../lib/gcc/avr32/4.4.7/ucr2\libgcc.a(_avr32_f64_to_s32.o)
                0x8000b3c8                __avr32_f64_to_u32
                0x8000b3cc                __avr32_f64_to_s32
 .text          0x8000b3f2       0xe8 d:/program files (x86)/atmel/studio/7.0/toolchain/avr32/avr32-gnu-toolchain/bin/../lib/gcc/avr32/4.4.7/ucr2\libgcc.a(_avr32_s32_to_f64.o)
                0x8000b3f2                __avr32_u32_to_f64
                0x8000b3fa                __avr32_s32_to_f64
 .text          0x8000b4da       0x26 d:/program files (x86)/atmel/studio/7.0/toolchain/avr32/avr32-gnu-toolchain/bin/../lib/gcc/avr32/4.4.7/ucr2\libgcc.a(_avr32_f64_cmp_eq.o)
                0x8000b4da                __avr32_f64_cmp_eq
 .text          0x8000b500       0x68 d:/program files (x86)/atmel/studio/7.0/toolchain/avr32/avr32-gnu-toolchain/bin/../lib/gcc/avr32/4.4.7/ucr2\libgcc.a(_avr32_f64_cmp_ge.o)
                0x8000b500                __avr32_f64_cmp_ge
 .text          0x8000b568       0x68 d:/program files (x86)/atmel/studio/7.0/toolchain/avr32/avr32-gnu-toolchain/bin/../lib/gcc/avr32/4.4.7/ucr2\libgcc.a(_avr32_f64_cmp_lt.o)
                0x8000b568                __avr32_f64_cmp_lt
 .text          0x8000b5d0      0x318 d:/program files (x86)/atmel/studio/7.0/toolchain/avr32/avr32-gnu-toolchain/bin/../lib/gcc/avr32/4.4.7/ucr2\libgcc.a(_avr32_f64_div.o)
                0x8000b5d0                __avr32_f64_div
 .text          0x8000b8e8      0x264 d:/program files (x86)/atmel/studio/7.0/toolchain/avr32/avr32-gnu-toolchain/bin/../lib/gcc/avr32/4.4.7/ucr2\libgcc.a(_udivdi3.o)
                0x8000b8e8                __avr32_udiv64
                0x8000b8e8                __udivdi3
 .text          0x8000bb4c      0x20c d:/program files (x86)/atmel/studio/7.0/toolchain/avr32/avr32-gnu-toolchain/bin/../lib/gcc/avr32/4.4.7/ucr2\libgcc.a(_umoddi3.o)
                0x8000bb4c                __avr32_umod64
                0x8000bb4c                __umoddi3
 *(.text.*personality*)
 *(.gnu.warning)

.exception      0x8000be00      0x200
 .exception     0x8000be00      0x200 src/ASF/thirdparty/freertos/freertos-7.0.0/source/portable/gcc/avr32_uc3/exception.o
                0x8000be00                _evba
                0x8000bf04                _int0
                0x8000bf12                _int1
                0x8000bf20                _int2
                0x8000bf2e                _int3
                0x8000bf3c                ipr_val

.fini
 *(.fini)
                0x8000c000                PROVIDE (__etext, .)
                0x8000c000                PROVIDE (_etext, .)
                0x8000c000                PROVIDE (etext, .)

.rodata         0x8000c000     0x1108
 *(.rodata .rodata.* .gnu.linkonce.r.*)
 .rodata.str1.4
                0x8000c000      0x705 src/Application/app/app.o
                                0x708 (size before relaxing)
 *fill*         0x8000c705        0x1 
 .rodata.Public_AMBEkey
                0x8000c706        0x8 src/Application/radio/ambe.o
                0x8000c706                Public_AMBEkey
 *fill*         0x8000c70e        0x2 
 .rodata.CSWTCH.35
                0x8000c710       0x48 src/Application/radio/ambe.o
 .rodata.str1.4
                0x8000c758        0xb src/Application/radio/payload.o
                                  0xc (size before relaxing)
 *fill*         0x8000c763        0x1 
 .rodata.phy_tx_func
                0x8000c764       0x1c src/Application/radio/physical.o
 .rodata.str1.4
                0x8000c780       0x48 src/Application/radio/physical.o
 .rodata.str1.4
                0x8000c7c8        0x8 src/Application/radio/xcmp.o
 .rodata.str1.4
                0x8000c7d0        0x7 src/Application/radio/xnl.o
                                 0x10 (size before relaxing)
 *fill*         0x8000c7d7        0x1 
 .rodata._int_handler_table
                0x8000c7d8       0x98 src/ASF/avr32/drivers/intc/intc.o
 .rodata.str1.4
                0x8000c870        0x5 src/ASF/thirdparty/freertos/freertos-7.0.0/source/tasks.o
                                  0x8 (size before relaxing)
 *fill*         0x8000c875        0x3 
 .rodata.log    0x8000c878      0x150 src/Log/log.o
 .rodata.logFromISR
                0x8000c9c8      0x150 src/Log/log.o
 .rodata.USART_OPTIONS.11277
                0x8000cb18        0xc src/Log/log.o
 .rodata.str1.4
                0x8000cb24       0x3c src/Log/log.o
 .rodata.USART_GPIO_MAP.11276
                0x8000cb60       0x10 src/Log/log.o
 .rodata.str1.4
                0x8000cb70       0x14 src/main.o
 .rodata.get_arg
                0x8000cb84       0x3c d:/program files (x86)/atmel/studio/7.0/toolchain/avr32/avr32-gnu-toolchain/bin/../lib/gcc/avr32/4.4.7/../../../../avr32/lib/ucr2\libc.a(lib_a-vfprintf.o)
 .rodata._vfprintf_r
                0x8000cbc0      0x164 d:/program files (x86)/atmel/studio/7.0/toolchain/avr32/avr32-gnu-toolchain/bin/../lib/gcc/avr32/4.4.7/../../../../avr32/lib/ucr2\libc.a(lib_a-vfprintf.o)
 .rodata.state_table
                0x8000cd24       0x6c d:/program files (x86)/atmel/studio/7.0/toolchain/avr32/avr32-gnu-toolchain/bin/../lib/gcc/avr32/4.4.7/../../../../avr32/lib/ucr2\libc.a(lib_a-vfprintf.o)
 .rodata.action_table
                0x8000cd90       0x6c d:/program files (x86)/atmel/studio/7.0/toolchain/avr32/avr32-gnu-toolchain/bin/../lib/gcc/avr32/4.4.7/../../../../avr32/lib/ucr2\libc.a(lib_a-vfprintf.o)
 .rodata.str1.4
                0x8000cdfc       0x3a d:/program files (x86)/atmel/studio/7.0/toolchain/avr32/avr32-gnu-toolchain/bin/../lib/gcc/avr32/4.4.7/../../../../avr32/lib/ucr2\libc.a(lib_a-vfprintf.o)
                                 0x3c (size before relaxing)
 *fill*         0x8000ce36        0x2 
 .rodata.blanks.3430
                0x8000ce38       0x10 d:/program files (x86)/atmel/studio/7.0/toolchain/avr32/avr32-gnu-toolchain/bin/../lib/gcc/avr32/4.4.7/../../../../avr32/lib/ucr2\libc.a(lib_a-vfprintf.o)
 .rodata.zeroes.3431
                0x8000ce48       0x10 d:/program files (x86)/atmel/studio/7.0/toolchain/avr32/avr32-gnu-toolchain/bin/../lib/gcc/avr32/4.4.7/../../../../avr32/lib/ucr2\libc.a(lib_a-vfprintf.o)
 .rodata.chclass
                0x8000ce58      0x100 d:/program files (x86)/atmel/studio/7.0/toolchain/avr32/avr32-gnu-toolchain/bin/../lib/gcc/avr32/4.4.7/../../../../avr32/lib/ucr2\libc.a(lib_a-vfprintf.o)
 .rodata.str1.4
                0x8000cf58       0x10 d:/program files (x86)/atmel/studio/7.0/toolchain/avr32/avr32-gnu-toolchain/bin/../lib/gcc/avr32/4.4.7/../../../../avr32/lib/ucr2\libc.a(lib_a-dtoa.o)
                                 0x14 (size before relaxing)
 .rodata.__sf_fake_stdin
                0x8000cf68       0x20 d:/program files (x86)/atmel/studio/7.0/toolchain/avr32/avr32-gnu-toolchain/bin/../lib/gcc/avr32/4.4.7/../../../../avr32/lib/ucr2\libc.a(lib_a-findfp.o)
                0x8000cf68                __sf_fake_stdin
 .rodata.__sf_fake_stdout
                0x8000cf88       0x20 d:/program files (x86)/atmel/studio/7.0/toolchain/avr32/avr32-gnu-toolchain/bin/../lib/gcc/avr32/4.4.7/../../../../avr32/lib/ucr2\libc.a(lib_a-findfp.o)
                0x8000cf88                __sf_fake_stdout
 .rodata.__sf_fake_stderr
                0x8000cfa8       0x20 d:/program files (x86)/atmel/studio/7.0/toolchain/avr32/avr32-gnu-toolchain/bin/../lib/gcc/avr32/4.4.7/../../../../avr32/lib/ucr2\libc.a(lib_a-findfp.o)
                0x8000cfa8                __sf_fake_stderr
 .rodata.str1.4
                0x8000cfc8        0x2 d:/program files (x86)/atmel/studio/7.0/toolchain/avr32/avr32-gnu-toolchain/bin/../lib/gcc/avr32/4.4.7/../../../../avr32/lib/ucr2\libc.a(lib_a-impure.o)
                                  0x4 (size before relaxing)
 *fill*         0x8000cfca        0x2 
 .rodata._global_impure_ptr
                0x8000cfcc        0x4 d:/program files (x86)/atmel/studio/7.0/toolchain/avr32/avr32-gnu-toolchain/bin/../lib/gcc/avr32/4.4.7/../../../../avr32/lib/ucr2\libc.a(lib_a-impure.o)
                0x8000cfcc                _global_impure_ptr
 .rodata.lconv  0x8000cfd0       0x30 d:/program files (x86)/atmel/studio/7.0/toolchain/avr32/avr32-gnu-toolchain/bin/../lib/gcc/avr32/4.4.7/../../../../avr32/lib/ucr2\libc.a(lib_a-locale.o)
 .rodata.str1.4
                0x8000d000        0xc d:/program files (x86)/atmel/studio/7.0/toolchain/avr32/avr32-gnu-toolchain/bin/../lib/gcc/avr32/4.4.7/../../../../avr32/lib/ucr2\libc.a(lib_a-locale.o)
                                 0x18 (size before relaxing)
 .rodata.p05.2471
                0x8000d00c        0xc d:/program files (x86)/atmel/studio/7.0/toolchain/avr32/avr32-gnu-toolchain/bin/../lib/gcc/avr32/4.4.7/../../../../avr32/lib/ucr2\libc.a(lib_a-mprec.o)
 .rodata.__mprec_tens
                0x8000d018       0xc8 d:/program files (x86)/atmel/studio/7.0/toolchain/avr32/avr32-gnu-toolchain/bin/../lib/gcc/avr32/4.4.7/../../../../avr32/lib/ucr2\libc.a(lib_a-mprec.o)
                0x8000d018                __mprec_tens
 .rodata.__mprec_bigtens
                0x8000d0e0       0x28 d:/program files (x86)/atmel/studio/7.0/toolchain/avr32/avr32-gnu-toolchain/bin/../lib/gcc/avr32/4.4.7/../../../../avr32/lib/ucr2\libc.a(lib_a-mprec.o)
                0x8000d0e0                __mprec_bigtens

.rodata1
 *(.rodata1)

.eh_frame_hdr
 *(.eh_frame_hdr)

.eh_frame
 *(.eh_frame)

.gcc_except_table
 *(.gcc_except_table)
 *(.gcc_except_table.*)

.dalign         0x8000d108        0x0
                0x8000d108                . = ALIGN (0x8)
                0x8000d108                PROVIDE (_data_lma, .)
                0x00000004                PROVIDE (_data, ORIGIN (CPUSRAM))
                0x00000004                . = ORIGIN (CPUSRAM)

.eh_frame
 *(.eh_frame)

.gcc_except_table
 *(.gcc_except_table)
 *(.gcc_except_table.*)

.tdata
 *(.tdata .tdata.* .gnu.linkonce.td.*)

.tbss
 *(.tbss .tbss.* .gnu.linkonce.tb.*)
 *(.tcommon)
                0x00000004                PROVIDE (__preinit_array_start, ALIGN (0x4))

.preinit_array
 *(.preinit_array)
                0x00000004                PROVIDE (__preinit_array_end, .)
                0x00000004                PROVIDE (__init_array_start, .)

.init_array
 *(.init_array)
                0x00000004                PROVIDE (__init_array_end, .)
                0x00000004                PROVIDE (__fini_array_start, .)

.fini_array
 *(.fini_array)
                0x00000004                PROVIDE (__fini_array_end, .)

.ctors
 *crtbegin*.o(.ctors)
 *(EXCLUDE_FILE(*crtend*.o) .ctors)
 *(SORT(.ctors.*))
 *(.ctors)

.dtors
 *crtbegin*.o(.dtors)
 *(EXCLUDE_FILE(*crtend*.o) .dtors)
 *(SORT(.dtors.*))
 *(.dtors)

.jcr
 *(.jcr)

.data.rel.ro
 *(.data.rel.ro.local)
 *(.data.rel.ro*)

.dynamic
 *(.dynamic)

.got
 *(.got.plt)
 *(.got)

.data           0x00000004      0xa2c load address 0x8000d108
 *(.data .data.* .gnu.linkonce.d.*)
 .data.the_app_list
                0x00000004      0x4ec src/Application/app/app.o
 .data.xnl_proc_list
                0x000004f0       0x34 src/Application/radio/xnl.o
 .data.ulCriticalNesting
                0x00000524        0x4 src/ASF/thirdparty/freertos/freertos-7.0.0/source/portable/gcc/avr32_uc3/port.o
                0x00000524                ulCriticalNesting
 .data.xNextTaskUnblockTime
                0x00000528        0x4 src/ASF/thirdparty/freertos/freertos-7.0.0/source/tasks.o
 .data.__malloc_av_
                0x0000052c      0x408 d:/program files (x86)/atmel/studio/7.0/toolchain/avr32/avr32-gnu-toolchain/bin/../lib/gcc/avr32/4.4.7/../../../../avr32/lib/ucr2\libc.a(lib_a-mallocr.o)
                0x0000052c                __malloc_av_
 .data.__malloc_trim_threshold
                0x00000934        0x4 d:/program files (x86)/atmel/studio/7.0/toolchain/avr32/avr32-gnu-toolchain/bin/../lib/gcc/avr32/4.4.7/../../../../avr32/lib/ucr2\libc.a(lib_a-mallocr.o)
                0x00000934                __malloc_trim_threshold
 .data.__malloc_sbrk_base
                0x00000938        0x4 d:/program files (x86)/atmel/studio/7.0/toolchain/avr32/avr32-gnu-toolchain/bin/../lib/gcc/avr32/4.4.7/../../../../avr32/lib/ucr2\libc.a(lib_a-mallocr.o)
                0x00000938                __malloc_sbrk_base
 .data.impure_data
                0x0000093c       0xf0 d:/program files (x86)/atmel/studio/7.0/toolchain/avr32/avr32-gnu-toolchain/bin/../lib/gcc/avr32/4.4.7/../../../../avr32/lib/ucr2\libc.a(lib_a-impure.o)
 .data._impure_ptr
                0x00000a2c        0x4 d:/program files (x86)/atmel/studio/7.0/toolchain/avr32/avr32-gnu-toolchain/bin/../lib/gcc/avr32/4.4.7/../../../../avr32/lib/ucr2\libc.a(lib_a-impure.o)
                0x00000a2c                _impure_ptr
 *(.gnu.linkonce.d.*personality*)

.data1
 *(.data1)

.balign         0x00000a30        0x0 load address 0x8000db34
                0x00000a30                . = ALIGN (0x8)
                0x00000a30                _edata = .
                0x00000a30                _edata = .
                0x00000a30                PROVIDE (edata, .)
                0x00000a30                __bss_start = .

.bss            0x00000a30     0x36c8 load address 0x8000db34
 *(.dynbss)
 *(.bss .bss.* .gnu.linkonce.b.*)
 .bss.Speaker_is_unmute
                0x00000a30        0x1 src/Application/app/app.o
                0x00000a30                Speaker_is_unmute
 .bss.AMBE_rx_flag
                0x00000a31        0x1 src/Application/app/app.o
                0x00000a31                AMBE_rx_flag
 *fill*         0x00000a32        0x2 
 .bss.isAudioRouting.11123
                0x00000a34        0x4 src/Application/app/app.o
 .bss.xLastWakeTime.11124
                0x00000a38        0x4 src/Application/app/app.o
 .bss.AMBE_tx_flag
                0x00000a3c        0x1 src/Application/app/app.o
                0x00000a3c                AMBE_tx_flag
 .bss.Radio_Transmit_State
                0x00000a3d        0x1 src/Application/app/app.o
                0x00000a3d                Radio_Transmit_State
 .bss.Call_Begin
                0x00000a3e        0x1 src/Application/app/app.o
                0x00000a3e                Call_Begin
 .bss.AMBE_Media
                0x00000a3f        0x1 src/Application/app/app.o
                0x00000a3f                AMBE_Media
 .bss.res.11114
                0x00000a40        0x4 src/Application/app/app.o
 .bss.times_counter.11152
                0x00000a44        0x1 src/Application/app/app.o
 .bss.VF_SN     0x00000a45        0x1 src/Application/app/app.o
                0x00000a45                VF_SN
 .bss.Mic_is_Enabled
                0x00000a46        0x1 src/Application/app/app.o
                0x00000a46                Mic_is_Enabled
 .bss.Terminator_Flag
                0x00000a47        0x1 src/Application/app/app.o
                0x00000a47                Terminator_Flag
 .bss.ulIdleCycleCount
                0x00000a48        0x4 src/Application/app/app.o
                0x00000a48                ulIdleCycleCount
 .bss.payload_rx_exec
                0x00000a4c        0x4 src/Application/radio/payload.o
                0x00000a4c                payload_rx_exec
 .bss.payload_tx_exec
                0x00000a50        0x4 src/Application/radio/payload.o
                0x00000a50                payload_tx_exec
 .bss.ArrayDiscLength.10968
                0x00000a54        0x4 src/Application/radio/physical.o
 .bss.phy_tx_index.10647
                0x00000a58        0x1 src/Application/radio/physical.o
 *fill*         0x00000a59        0x3 
 .bss.Item_Length.10973
                0x00000a5c        0x4 src/Application/radio/physical.o
 .bss.phy_rx_length.10690
                0x00000a60        0x2 src/Application/radio/physical.o
 *fill*         0x00000a62        0x2 
 .bss.phy_payload_frame_rx
                0x00000a64        0x4 src/Application/radio/physical.o
                0x00000a64                phy_payload_frame_rx
 .bss.AMBEpayload_tx_state.10775
                0x00000a68        0x4 src/Application/radio/physical.o
 .bss.RxBytesWaiting.10967
                0x00000a6c        0x4 src/Application/radio/physical.o
 .bss.phy_rx_expexted_length.10689
                0x00000a70        0x2 src/Application/radio/physical.o
 *fill*         0x00000a72        0x2 
 .bss.RxAMBE_IsFillingNext8.10965
                0x00000a74        0x4 src/Application/radio/physical.o
 .bss.phy_tx_state.10645
                0x00000a78        0x4 src/Application/radio/physical.o
 .bss.Item_ID.10972
                0x00000a7c        0x1 src/Application/radio/physical.o
 .bss.is_first.10971
                0x00000a7d        0x1 src/Application/radio/physical.o
 *fill*         0x00000a7e        0x2 
 .bss.AMBE_HT   0x00000a80        0x8 src/Application/radio/physical.o
 .bss.RxMediaState.10963
                0x00000a88        0x4 src/Application/radio/physical.o
 .bss.xnl_store_idle
                0x00000a8c        0x4 src/Application/radio/physical.o
                0x00000a8c                xnl_store_idle
 .bss.RxMedia_IsFillingNext16.10964
                0x00000a90        0x4 src/Application/radio/physical.o
 .bss.payload_store_idle
                0x00000a94        0x4 src/Application/radio/physical.o
                0x00000a94                payload_store_idle
 .bss.phy_rx_state.10692
                0x00000a98        0x4 src/Application/radio/physical.o
 .bss.phy_payload_frame_tx
                0x00000a9c        0x4 src/Application/radio/physical.o
                0x00000a9c                phy_payload_frame_tx
 .bss.phy_check_sum.10691
                0x00000aa0        0x2 src/Application/radio/physical.o
 .bss.phy_tx_expexted_length.10646
                0x00000aa2        0x2 src/Application/radio/physical.o
 .bss.RxData_IsFillingNext16.10966
                0x00000aa4        0x4 src/Application/radio/physical.o
 .bss.phy_xnl_frame_rx
                0x00000aa8        0x4 src/Application/radio/physical.o
                0x00000aa8                phy_xnl_frame_rx
 .bss.payload_ptr.10969
                0x00000aac        0x4 src/Application/radio/physical.o
 .bss.SDV_Index.10975
                0x00000ab0        0x1 src/Application/radio/physical.o
 *fill*         0x00000ab1        0x3 
 .bss.phy_rx_count.10693
                0x00000ab4        0x4 src/Application/radio/physical.o
 .bss.phy_frame_ptr.10688
                0x00000ab8        0x4 src/Application/radio/physical.o
 .bss.phy_xnl_frame_tx
                0x00000abc        0x4 src/Application/radio/physical.o
                0x00000abc                phy_xnl_frame_tx
 .bss.m_RxBurstType
                0x00000ac0        0x4 src/Application/radio/physical.o
 .bss.Soft_index.10782
                0x00000ac4        0x4 src/Application/radio/physical.o
 .bss.AMBE_payload_ptr.10970
                0x00000ac8        0x4 src/Application/radio/physical.o
 .bss.A_index.10781
                0x00000acc        0x4 src/Application/radio/physical.o
 .bss.phy_ptr.10644
                0x00000ad0        0x4 src/Application/radio/physical.o
 .bss.phy_rx_exec
                0x00000ad4        0x4 src/Application/radio/ssc.o
                0x00000ad4                phy_rx_exec
 .bss.phy_tx_exec
                0x00000ad8        0x4 src/Application/radio/ssc.o
                0x00000ad8                phy_tx_exec
 .bss.version_information
                0x00000adc        0xc src/Application/radio/xcmp.o
                0x00000adc                version_information
 .bss.xcmp_frame_rx
                0x00000ae8        0x4 src/Application/radio/xcmp.o
 .bss.clone_write
                0x00000aec        0xc src/Application/radio/xcmp.o
                0x00000aec                clone_write
 .bss.automatic_frequency_correction_control
                0x00000af8        0xc src/Application/radio/xcmp.o
                0x00000af8                automatic_frequency_correction_control
 .bss.clone_read
                0x00000b04        0xc src/Application/radio/xcmp.o
                0x00000b04                clone_read
 .bss.language_pack_information
                0x00000b10        0xc src/Application/radio/xcmp.o
                0x00000b10                language_pack_information
 .bss.radio_status
                0x00000b1c        0xc src/Application/radio/xcmp.o
                0x00000b1c                radio_status
 .bss.xnl_timeout_semphr
                0x00000b28        0x4 src/Application/radio/xnl.o
 .bss.xnl_information
                0x00000b2c        0xa src/Application/radio/xnl.o
 *fill*         0x00000b36        0x2 
 .bss.xnl_frame_tx
                0x00000b38        0x4 src/Application/radio/xnl.o
 .bss.xnl_send_times.10716
                0x00000b3c        0x4 src/Application/radio/xnl.o
 .bss.ptr.10717
                0x00000b40        0x4 src/Application/radio/xnl.o
 .bss.flags.10671
                0x00000b44        0x1 src/Application/radio/xnl.o
 *fill*         0x00000b45        0x3 
 .bss.xnl_tx_state.10715
                0x00000b48        0x4 src/Application/radio/xnl.o
 .bss.xcmp_exec
                0x00000b4c        0x4 src/Application/radio/xnl.o
                0x00000b4c                xcmp_exec
 .bss._int_line_handler_table_6
                0x00000b50        0x4 src/ASF/avr32/drivers/intc/intc.o
 .bss._int_line_handler_table_7
                0x00000b54        0x4 src/ASF/avr32/drivers/intc/intc.o
 .bss._int_line_handler_table_8
                0x00000b58        0x4 src/ASF/avr32/drivers/intc/intc.o
 .bss._int_line_handler_table_9
                0x00000b5c        0x4 src/ASF/avr32/drivers/intc/intc.o
 .bss._int_line_handler_table_10
                0x00000b60        0x4 src/ASF/avr32/drivers/intc/intc.o
 .bss._int_line_handler_table_11
                0x00000b64        0x4 src/ASF/avr32/drivers/intc/intc.o
 .bss._int_line_handler_table_12
                0x00000b68        0x4 src/ASF/avr32/drivers/intc/intc.o
 .bss._int_line_handler_table_13
                0x00000b6c        0x4 src/ASF/avr32/drivers/intc/intc.o
 .bss._int_line_handler_table_14
                0x00000b70        0xc src/ASF/avr32/drivers/intc/intc.o
 .bss._int_line_handler_table_15
                0x00000b7c        0x4 src/ASF/avr32/drivers/intc/intc.o
 .bss._int_line_handler_table_16
                0x00000b80        0x4 src/ASF/avr32/drivers/intc/intc.o
 .bss._int_line_handler_table_17
                0x00000b84        0x4 src/ASF/avr32/drivers/intc/intc.o
 .bss._int_line_handler_table_18
                0x00000b88        0x4 src/ASF/avr32/drivers/intc/intc.o
 .bss._int_line_handler_table_0
                0x00000b8c        0x4 src/ASF/avr32/drivers/intc/intc.o
 .bss._int_line_handler_table_1
                0x00000b90       0x2c src/ASF/avr32/drivers/intc/intc.o
 .bss._int_line_handler_table_2
                0x00000bbc       0x18 src/ASF/avr32/drivers/intc/intc.o
 .bss._int_line_handler_table_3
                0x00000bd4       0x1c src/ASF/avr32/drivers/intc/intc.o
 .bss._int_line_handler_table_4
                0x00000bf0        0x4 src/ASF/avr32/drivers/intc/intc.o
 .bss._int_line_handler_table_5
                0x00000bf4        0x4 src/ASF/avr32/drivers/intc/intc.o
 .bss.uxMissedTicks
                0x00000bf8        0x4 src/ASF/thirdparty/freertos/freertos-7.0.0/source/tasks.o
 .bss.uxTopUsedPriority
                0x00000bfc        0x4 src/ASF/thirdparty/freertos/freertos-7.0.0/source/tasks.o
 .bss.pxDelayedTaskList
                0x00000c00        0x4 src/ASF/thirdparty/freertos/freertos-7.0.0/source/tasks.o
 .bss.xSchedulerRunning
                0x00000c04        0x4 src/ASF/thirdparty/freertos/freertos-7.0.0/source/tasks.o
 .bss.uxTasksDeleted
                0x00000c08        0x4 src/ASF/thirdparty/freertos/freertos-7.0.0/source/tasks.o
 .bss.xNumOfOverflows
                0x00000c0c        0x4 src/ASF/thirdparty/freertos/freertos-7.0.0/source/tasks.o
 .bss.pxOverflowDelayedTaskList
                0x00000c10        0x4 src/ASF/thirdparty/freertos/freertos-7.0.0/source/tasks.o
 .bss.pxReadyTasksLists
                0x00000c14       0xa0 src/ASF/thirdparty/freertos/freertos-7.0.0/source/tasks.o
 .bss.xTasksWaitingTermination
                0x00000cb4       0x14 src/ASF/thirdparty/freertos/freertos-7.0.0/source/tasks.o
 .bss.pxCurrentTCB
                0x00000cc8        0x4 src/ASF/thirdparty/freertos/freertos-7.0.0/source/tasks.o
                0x00000cc8                pxCurrentTCB
 .bss.xPendingReadyList
                0x00000ccc       0x14 src/ASF/thirdparty/freertos/freertos-7.0.0/source/tasks.o
 .bss.xDelayedTaskList1
                0x00000ce0       0x14 src/ASF/thirdparty/freertos/freertos-7.0.0/source/tasks.o
 .bss.xTickCount
                0x00000cf4        0x4 src/ASF/thirdparty/freertos/freertos-7.0.0/source/tasks.o
 .bss.uxSchedulerSuspended
                0x00000cf8        0x4 src/ASF/thirdparty/freertos/freertos-7.0.0/source/tasks.o
 .bss.xDelayedTaskList2
                0x00000cfc       0x14 src/ASF/thirdparty/freertos/freertos-7.0.0/source/tasks.o
 .bss.uxTaskNumber
                0x00000d10        0x4 src/ASF/thirdparty/freertos/freertos-7.0.0/source/tasks.o
 .bss.uxCurrentNumberOfTasks
                0x00000d14        0x4 src/ASF/thirdparty/freertos/freertos-7.0.0/source/tasks.o
 .bss.xMissedYield
                0x00000d18        0x4 src/ASF/thirdparty/freertos/freertos-7.0.0/source/tasks.o
 .bss.xSuspendedTaskList
                0x00000d1c       0x14 src/ASF/thirdparty/freertos/freertos-7.0.0/source/tasks.o
 .bss.uxTopReadyPriority
                0x00000d30        0x4 src/ASF/thirdparty/freertos/freertos-7.0.0/source/tasks.o
 .bss.lench.11293
                0x00000d34        0x1 src/Log/log.o
 .bss.lench.11363
                0x00000d35        0x1 src/Log/log.o
 *fill*         0x00000d36        0x2 
 .bss.__malloc_max_total_mem
                0x00000d38        0x4 d:/program files (x86)/atmel/studio/7.0/toolchain/avr32/avr32-gnu-toolchain/bin/../lib/gcc/avr32/4.4.7/../../../../avr32/lib/ucr2\libc.a(lib_a-mallocr.o)
                0x00000d38                __malloc_max_total_mem
 .bss.__malloc_max_sbrked_mem
                0x00000d3c        0x4 d:/program files (x86)/atmel/studio/7.0/toolchain/avr32/avr32-gnu-toolchain/bin/../lib/gcc/avr32/4.4.7/../../../../avr32/lib/ucr2\libc.a(lib_a-mallocr.o)
                0x00000d3c                __malloc_max_sbrked_mem
 .bss.__malloc_top_pad
                0x00000d40        0x4 d:/program files (x86)/atmel/studio/7.0/toolchain/avr32/avr32-gnu-toolchain/bin/../lib/gcc/avr32/4.4.7/../../../../avr32/lib/ucr2\libc.a(lib_a-mallocr.o)
                0x00000d40                __malloc_top_pad
 .bss.__malloc_current_mallinfo
                0x00000d44       0x28 d:/program files (x86)/atmel/studio/7.0/toolchain/avr32/avr32-gnu-toolchain/bin/../lib/gcc/avr32/4.4.7/../../../../avr32/lib/ucr2\libc.a(lib_a-mallocr.o)
                0x00000d44                __malloc_current_mallinfo
 .bss.cur_heap_pos.1869
                0x00000d6c        0x4 d:/program files (x86)/atmel/studio/7.0/toolchain/avr32/avr32-gnu-toolchain/bin/../lib/gcc/avr32/4.4.7/../../../../avr32/lib/ucr2\libc.a(lib_a-syscalls.o)
 *(COMMON)
 COMMON         0x00000d70        0x4 src/Application/app/app.o
                0x00000d70                bunchofrandomstatusflags
 COMMON         0x00000d74      0x122 src/Application/radio/ambe.o
                0x00000d74                AMBEBurst_rawdata
                0x00000d7c                Radio_Internal_Data
                0x00000d80                AMBE_DecryptionKey
                0x00000d88                SendAMBEBurst_EncryptionPackage
                0x00000e78                VBSP_data
                0x00000e7c                Soft_Decision_Data
 COMMON         0x00000e96     0x3200 src/Application/radio/physical.o
                0x00000e96                payload_store
                0x00002296                xnl_store
 *fill*         0x00004096        0x2 
 COMMON         0x00004098       0x4c src/Application/radio/ssc.o
                0x00004098                intDuration
                0x0000409c                BufferIndex
                0x000040a0                intStartCount
                0x000040a4                RxBuffer
                0x000040c4                TxBuffer
 COMMON         0x000040e4        0x4 src/Application/radio/xcmp.o
                0x000040e4                app_list
 COMMON         0x000040e8        0x4 src/ASF/thirdparty/freertos/freertos-7.0.0/source/portable/gcc/avr32_uc3/write.o
                0x000040e8                stdio_usart_base
 COMMON         0x000040ec        0x4 src/Log/log.o
                0x000040ec                logQueue
 COMMON         0x000040f0        0x4 d:/program files (x86)/atmel/studio/7.0/toolchain/avr32/avr32-gnu-toolchain/bin/../lib/gcc/avr32/4.4.7/../../../../avr32/lib/ucr2\libc.a(lib_a-reent.o)
                0x000040f0                errno
                0x000040f8                . = ALIGN (0x8)
 *fill*         0x000040f4        0x4 
                0x000040f8                . = ALIGN (0x8)
                0x000040f8                _end = .
                0x000040f8                PROVIDE (end, .)
                0x000040f8                __heap_start__ = ALIGN (0x8)
                0x00017000                . = ((ORIGIN (CPUSRAM) + 0x17ffc) - _stack_size)
                0x00017000                __heap_end__ = .

.stab
 *(.stab)

.stabstr
 *(.stabstr)

.stab.excl
 *(.stab.excl)

.stab.exclstr
 *(.stab.exclstr)

.stab.index
 *(.stab.index)

.stab.indexstr
 *(.stab.indexstr)

.comment        0x00000000       0x30
 *(.comment)
 .comment       0x00000000       0x30 src/Application/app/app.o
                                 0x31 (size before relaxing)
 .comment       0x00000000       0x31 src/Application/radio/ambe.o
 .comment       0x00000000       0x31 src/Application/radio/payload.o
 .comment       0x00000000       0x31 src/Application/radio/physical.o
 .comment       0x00000000       0x31 src/Application/radio/ssc.o
 .comment       0x00000000       0x31 src/Application/radio/xcmp.o
 .comment       0x00000000       0x31 src/Application/radio/xnl.o
 .comment       0x00000000       0x31 src/Application/rtc/rtc.o
 .comment       0x00000000       0x31 src/Application/timers/timer.o
 .comment       0x00000000       0x31 src/ASF/avr32/drivers/gpio/gpio.o
 .comment       0x00000000       0x31 src/ASF/avr32/drivers/intc/intc.o
 .comment       0x00000000       0x31 src/ASF/avr32/drivers/usart/usart.o
 .comment       0x00000000       0x31 src/ASF/thirdparty/freertos/freertos-7.0.0/source/list.o
 .comment       0x00000000       0x31 src/ASF/thirdparty/freertos/freertos-7.0.0/source/portable/gcc/avr32_uc3/port.o
 .comment       0x00000000       0x31 src/ASF/thirdparty/freertos/freertos-7.0.0/source/portable/gcc/avr32_uc3/read.o
 .comment       0x00000000       0x31 src/ASF/thirdparty/freertos/freertos-7.0.0/source/portable/gcc/avr32_uc3/write.o
 .comment       0x00000000       0x31 src/ASF/thirdparty/freertos/freertos-7.0.0/source/portable/memmang/heap_3.o
 .comment       0x00000000       0x31 src/ASF/thirdparty/freertos/freertos-7.0.0/source/queue.o
 .comment       0x00000000       0x31 src/ASF/thirdparty/freertos/freertos-7.0.0/source/tasks.o
 .comment       0x00000000       0x31 src/Log/log.o
 .comment       0x00000000       0x31 src/main.o
 .comment       0x00000000       0x31 d:/program files (x86)/atmel/studio/7.0/toolchain/avr32/avr32-gnu-toolchain/bin/../lib/gcc/avr32/4.4.7/../../../../avr32/lib/ucr2\libc.a(lib_a-malloc.o)
 .comment       0x00000000       0x31 d:/program files (x86)/atmel/studio/7.0/toolchain/avr32/avr32-gnu-toolchain/bin/../lib/gcc/avr32/4.4.7/../../../../avr32/lib/ucr2\libc.a(lib_a-mallocr.o)
 .comment       0x00000000       0x31 d:/program files (x86)/atmel/studio/7.0/toolchain/avr32/avr32-gnu-toolchain/bin/../lib/gcc/avr32/4.4.7/../../../../avr32/lib/ucr2\libc.a(lib_a-memset.o)
 .comment       0x00000000       0x31 d:/program files (x86)/atmel/studio/7.0/toolchain/avr32/avr32-gnu-toolchain/bin/../lib/gcc/avr32/4.4.7/../../../../avr32/lib/ucr2\libc.a(lib_a-reallocr.o)
 .comment       0x00000000       0x31 d:/program files (x86)/atmel/studio/7.0/toolchain/avr32/avr32-gnu-toolchain/bin/../lib/gcc/avr32/4.4.7/../../../../avr32/lib/ucr2\libc.a(lib_a-sbrkr.o)
 .comment       0x00000000       0x31 d:/program files (x86)/atmel/studio/7.0/toolchain/avr32/avr32-gnu-toolchain/bin/../lib/gcc/avr32/4.4.7/../../../../avr32/lib/ucr2\libc.a(lib_a-sprintf.o)
 .comment       0x00000000       0x31 d:/program files (x86)/atmel/studio/7.0/toolchain/avr32/avr32-gnu-toolchain/bin/../lib/gcc/avr32/4.4.7/../../../../avr32/lib/ucr2\libc.a(lib_a-syscalls.o)
 .comment       0x00000000       0x31 d:/program files (x86)/atmel/studio/7.0/toolchain/avr32/avr32-gnu-toolchain/bin/../lib/gcc/avr32/4.4.7/../../../../avr32/lib/ucr2\libc.a(lib_a-vfprintf.o)
 .comment       0x00000000       0x31 d:/program files (x86)/atmel/studio/7.0/toolchain/avr32/avr32-gnu-toolchain/bin/../lib/gcc/avr32/4.4.7/../../../../avr32/lib/ucr2\libc.a(lib_a-wsetup.o)
 .comment       0x00000000       0x31 d:/program files (x86)/atmel/studio/7.0/toolchain/avr32/avr32-gnu-toolchain/bin/../lib/gcc/avr32/4.4.7/../../../../avr32/lib/ucr2\libc.a(lib_a-dtoa.o)
 .comment       0x00000000       0x31 d:/program files (x86)/atmel/studio/7.0/toolchain/avr32/avr32-gnu-toolchain/bin/../lib/gcc/avr32/4.4.7/../../../../avr32/lib/ucr2\libc.a(lib_a-errno.o)
 .comment       0x00000000       0x31 d:/program files (x86)/atmel/studio/7.0/toolchain/avr32/avr32-gnu-toolchain/bin/../lib/gcc/avr32/4.4.7/../../../../avr32/lib/ucr2\libc.a(lib_a-fflush.o)
 .comment       0x00000000       0x31 d:/program files (x86)/atmel/studio/7.0/toolchain/avr32/avr32-gnu-toolchain/bin/../lib/gcc/avr32/4.4.7/../../../../avr32/lib/ucr2\libc.a(lib_a-findfp.o)
 .comment       0x00000000       0x31 d:/program files (x86)/atmel/studio/7.0/toolchain/avr32/avr32-gnu-toolchain/bin/../lib/gcc/avr32/4.4.7/../../../../avr32/lib/ucr2\libc.a(lib_a-freer.o)
 .comment       0x00000000       0x31 d:/program files (x86)/atmel/studio/7.0/toolchain/avr32/avr32-gnu-toolchain/bin/../lib/gcc/avr32/4.4.7/../../../../avr32/lib/ucr2\libc.a(lib_a-fvwrite.o)
 .comment       0x00000000       0x31 d:/program files (x86)/atmel/studio/7.0/toolchain/avr32/avr32-gnu-toolchain/bin/../lib/gcc/avr32/4.4.7/../../../../avr32/lib/ucr2\libc.a(lib_a-fwalk.o)
 .comment       0x00000000       0x31 d:/program files (x86)/atmel/studio/7.0/toolchain/avr32/avr32-gnu-toolchain/bin/../lib/gcc/avr32/4.4.7/../../../../avr32/lib/ucr2\libc.a(lib_a-impure.o)
 .comment       0x00000000       0x31 d:/program files (x86)/atmel/studio/7.0/toolchain/avr32/avr32-gnu-toolchain/bin/../lib/gcc/avr32/4.4.7/../../../../avr32/lib/ucr2\libc.a(lib_a-locale.o)
 .comment       0x00000000       0x31 d:/program files (x86)/atmel/studio/7.0/toolchain/avr32/avr32-gnu-toolchain/bin/../lib/gcc/avr32/4.4.7/../../../../avr32/lib/ucr2\libc.a(lib_a-makebuf.o)
 .comment       0x00000000       0x31 d:/program files (x86)/atmel/studio/7.0/toolchain/avr32/avr32-gnu-toolchain/bin/../lib/gcc/avr32/4.4.7/../../../../avr32/lib/ucr2\libc.a(lib_a-memchr.o)
 .comment       0x00000000       0x31 d:/program files (x86)/atmel/studio/7.0/toolchain/avr32/avr32-gnu-toolchain/bin/../lib/gcc/avr32/4.4.7/../../../../avr32/lib/ucr2\libc.a(lib_a-memmove.o)
 .comment       0x00000000       0x31 d:/program files (x86)/atmel/studio/7.0/toolchain/avr32/avr32-gnu-toolchain/bin/../lib/gcc/avr32/4.4.7/../../../../avr32/lib/ucr2\libc.a(lib_a-mprec.o)
 .comment       0x00000000       0x31 d:/program files (x86)/atmel/studio/7.0/toolchain/avr32/avr32-gnu-toolchain/bin/../lib/gcc/avr32/4.4.7/../../../../avr32/lib/ucr2\libc.a(lib_a-reent.o)
 .comment       0x00000000       0x31 d:/program files (x86)/atmel/studio/7.0/toolchain/avr32/avr32-gnu-toolchain/bin/../lib/gcc/avr32/4.4.7/../../../../avr32/lib/ucr2\libc.a(lib_a-s_isinfd.o)
 .comment       0x00000000       0x31 d:/program files (x86)/atmel/studio/7.0/toolchain/avr32/avr32-gnu-toolchain/bin/../lib/gcc/avr32/4.4.7/../../../../avr32/lib/ucr2\libc.a(lib_a-s_isnand.o)
 .comment       0x00000000       0x31 d:/program files (x86)/atmel/studio/7.0/toolchain/avr32/avr32-gnu-toolchain/bin/../lib/gcc/avr32/4.4.7/../../../../avr32/lib/ucr2\libc.a(lib_a-stdio.o)
 .comment       0x00000000       0x31 d:/program files (x86)/atmel/studio/7.0/toolchain/avr32/avr32-gnu-toolchain/bin/../lib/gcc/avr32/4.4.7/../../../../avr32/lib/ucr2\libc.a(lib_a-strlen.o)
 .comment       0x00000000       0x31 d:/program files (x86)/atmel/studio/7.0/toolchain/avr32/avr32-gnu-toolchain/bin/../lib/gcc/avr32/4.4.7/../../../../avr32/lib/ucr2\libc.a(lib_a-writer.o)
 .comment       0x00000000       0x31 d:/program files (x86)/atmel/studio/7.0/toolchain/avr32/avr32-gnu-toolchain/bin/../lib/gcc/avr32/4.4.7/../../../../avr32/lib/ucr2\libc.a(lib_a-callocr.o)
 .comment       0x00000000       0x31 d:/program files (x86)/atmel/studio/7.0/toolchain/avr32/avr32-gnu-toolchain/bin/../lib/gcc/avr32/4.4.7/../../../../avr32/lib/ucr2\libc.a(lib_a-closer.o)
 .comment       0x00000000       0x31 d:/program files (x86)/atmel/studio/7.0/toolchain/avr32/avr32-gnu-toolchain/bin/../lib/gcc/avr32/4.4.7/../../../../avr32/lib/ucr2\libc.a(lib_a-fclose.o)
 .comment       0x00000000       0x31 d:/program files (x86)/atmel/studio/7.0/toolchain/avr32/avr32-gnu-toolchain/bin/../lib/gcc/avr32/4.4.7/../../../../avr32/lib/ucr2\libc.a(lib_a-fstatr.o)
 .comment       0x00000000       0x31 d:/program files (x86)/atmel/studio/7.0/toolchain/avr32/avr32-gnu-toolchain/bin/../lib/gcc/avr32/4.4.7/../../../../avr32/lib/ucr2\libc.a(lib_a-lseekr.o)
 .comment       0x00000000       0x31 d:/program files (x86)/atmel/studio/7.0/toolchain/avr32/avr32-gnu-toolchain/bin/../lib/gcc/avr32/4.4.7/../../../../avr32/lib/ucr2\libc.a(lib_a-readr.o)
 .comment       0x00000000       0x31 d:/program files (x86)/atmel/studio/7.0/toolchain/avr32/avr32-gnu-toolchain/bin/../lib/gcc/avr32/4.4.7/ucr2\libgcc.a(_udivdi3.o)
 .comment       0x00000000       0x31 d:/program files (x86)/atmel/studio/7.0/toolchain/avr32/avr32-gnu-toolchain/bin/../lib/gcc/avr32/4.4.7/ucr2\libgcc.a(_umoddi3.o)

.debug
 *(.debug)

.line
 *(.line)

.debug_srcinfo
 *(.debug_srcinfo)

.debug_sfnames
 *(.debug_sfnames)

.debug_aranges  0x00000000     0x1048
 *(.debug_aranges)
 .debug_aranges
                0x00000000      0x118 src/Application/app/app.o
 .debug_aranges
                0x00000118       0x20 src/Application/radio/ambe.o
 .debug_aranges
                0x00000138       0x28 src/Application/radio/payload.o
 .debug_aranges
                0x00000160       0x68 src/Application/radio/physical.o
 .debug_aranges
                0x000001c8       0x40 src/Application/radio/ssc.o
 .debug_aranges
                0x00000208       0xf0 src/Application/radio/xcmp.o
 .debug_aranges
                0x000002f8       0x70 src/Application/radio/xnl.o
 .debug_aranges
                0x00000368       0x50 src/Application/rtc/rtc.o
 .debug_aranges
                0x000003b8       0x30 src/Application/timers/timer.o
 .debug_aranges
                0x000003e8      0x100 src/ASF/avr32/drivers/gpio/gpio.o
 .debug_aranges
                0x000004e8       0x38 src/ASF/avr32/drivers/intc/intc.o
 .debug_aranges
                0x00000520       0xe0 src/ASF/avr32/drivers/usart/usart.o
 .debug_aranges
                0x00000600       0x28 src/ASF/avr32/utils/startup/startup_uc3.o
 .debug_aranges
                0x00000628       0x20 src/ASF/avr32/utils/startup/trampoline_uc3.o
 .debug_aranges
                0x00000648       0x40 src/ASF/thirdparty/freertos/freertos-7.0.0/source/list.o
 .debug_aranges
                0x00000688       0x20 src/ASF/thirdparty/freertos/freertos-7.0.0/source/portable/gcc/avr32_uc3/exception.o
 .debug_aranges
                0x000006a8       0x78 src/ASF/thirdparty/freertos/freertos-7.0.0/source/portable/gcc/avr32_uc3/port.o
 .debug_aranges
                0x00000720       0x20 src/ASF/thirdparty/freertos/freertos-7.0.0/source/portable/gcc/avr32_uc3/read.o
 .debug_aranges
                0x00000740       0x20 src/ASF/thirdparty/freertos/freertos-7.0.0/source/portable/gcc/avr32_uc3/write.o
 .debug_aranges
                0x00000760       0x28 src/ASF/thirdparty/freertos/freertos-7.0.0/source/portable/memmang/heap_3.o
 .debug_aranges
                0x00000788       0x88 src/ASF/thirdparty/freertos/freertos-7.0.0/source/queue.o
 .debug_aranges
                0x00000810      0x108 src/ASF/thirdparty/freertos/freertos-7.0.0/source/tasks.o
 .debug_aranges
                0x00000918       0x50 src/Log/log.o
 .debug_aranges
                0x00000968       0x20 src/main.o
 .debug_aranges
                0x00000988       0x28 d:/program files (x86)/atmel/studio/7.0/toolchain/avr32/avr32-gnu-toolchain/bin/../lib/gcc/avr32/4.4.7/../../../../avr32/lib/ucr2\libc.a(lib_a-malloc.o)
 .debug_aranges
                0x000009b0       0x20 d:/program files (x86)/atmel/studio/7.0/toolchain/avr32/avr32-gnu-toolchain/bin/../lib/gcc/avr32/4.4.7/../../../../avr32/lib/ucr2\libc.a(lib_a-mallocr.o)
 .debug_aranges
                0x000009d0       0x20 d:/program files (x86)/atmel/studio/7.0/toolchain/avr32/avr32-gnu-toolchain/bin/../lib/gcc/avr32/4.4.7/../../../../avr32/lib/ucr2\libc.a(lib_a-memset.o)
 .debug_aranges
                0x000009f0       0x20 d:/program files (x86)/atmel/studio/7.0/toolchain/avr32/avr32-gnu-toolchain/bin/../lib/gcc/avr32/4.4.7/../../../../avr32/lib/ucr2\libc.a(lib_a-reallocr.o)
 .debug_aranges
                0x00000a10       0x20 d:/program files (x86)/atmel/studio/7.0/toolchain/avr32/avr32-gnu-toolchain/bin/../lib/gcc/avr32/4.4.7/../../../../avr32/lib/ucr2\libc.a(lib_a-sbrkr.o)
 .debug_aranges
                0x00000a30       0x28 d:/program files (x86)/atmel/studio/7.0/toolchain/avr32/avr32-gnu-toolchain/bin/../lib/gcc/avr32/4.4.7/../../../../avr32/lib/ucr2\libc.a(lib_a-sprintf.o)
 .debug_aranges
                0x00000a58       0xf8 d:/program files (x86)/atmel/studio/7.0/toolchain/avr32/avr32-gnu-toolchain/bin/../lib/gcc/avr32/4.4.7/../../../../avr32/lib/ucr2\libc.a(lib_a-syscalls.o)
 .debug_aranges
                0x00000b50       0x38 d:/program files (x86)/atmel/studio/7.0/toolchain/avr32/avr32-gnu-toolchain/bin/../lib/gcc/avr32/4.4.7/../../../../avr32/lib/ucr2\libc.a(lib_a-vfprintf.o)
 .debug_aranges
                0x00000b88       0x20 d:/program files (x86)/atmel/studio/7.0/toolchain/avr32/avr32-gnu-toolchain/bin/../lib/gcc/avr32/4.4.7/../../../../avr32/lib/ucr2\libc.a(lib_a-wsetup.o)
 .debug_aranges
                0x00000ba8       0x28 d:/program files (x86)/atmel/studio/7.0/toolchain/avr32/avr32-gnu-toolchain/bin/../lib/gcc/avr32/4.4.7/../../../../avr32/lib/ucr2\libc.a(lib_a-dtoa.o)
 .debug_aranges
                0x00000bd0       0x20 d:/program files (x86)/atmel/studio/7.0/toolchain/avr32/avr32-gnu-toolchain/bin/../lib/gcc/avr32/4.4.7/../../../../avr32/lib/ucr2\libc.a(lib_a-errno.o)
 .debug_aranges
                0x00000bf0       0x28 d:/program files (x86)/atmel/studio/7.0/toolchain/avr32/avr32-gnu-toolchain/bin/../lib/gcc/avr32/4.4.7/../../../../avr32/lib/ucr2\libc.a(lib_a-fflush.o)
 .debug_aranges
                0x00000c18       0x80 d:/program files (x86)/atmel/studio/7.0/toolchain/avr32/avr32-gnu-toolchain/bin/../lib/gcc/avr32/4.4.7/../../../../avr32/lib/ucr2\libc.a(lib_a-findfp.o)
 .debug_aranges
                0x00000c98       0x28 d:/program files (x86)/atmel/studio/7.0/toolchain/avr32/avr32-gnu-toolchain/bin/../lib/gcc/avr32/4.4.7/../../../../avr32/lib/ucr2\libc.a(lib_a-freer.o)
 .debug_aranges
                0x00000cc0       0x20 d:/program files (x86)/atmel/studio/7.0/toolchain/avr32/avr32-gnu-toolchain/bin/../lib/gcc/avr32/4.4.7/../../../../avr32/lib/ucr2\libc.a(lib_a-fvwrite.o)
 .debug_aranges
                0x00000ce0       0x28 d:/program files (x86)/atmel/studio/7.0/toolchain/avr32/avr32-gnu-toolchain/bin/../lib/gcc/avr32/4.4.7/../../../../avr32/lib/ucr2\libc.a(lib_a-fwalk.o)
 .debug_aranges
                0x00000d08       0x40 d:/program files (x86)/atmel/studio/7.0/toolchain/avr32/avr32-gnu-toolchain/bin/../lib/gcc/avr32/4.4.7/../../../../avr32/lib/ucr2\libc.a(lib_a-locale.o)
 .debug_aranges
                0x00000d48       0x20 d:/program files (x86)/atmel/studio/7.0/toolchain/avr32/avr32-gnu-toolchain/bin/../lib/gcc/avr32/4.4.7/../../../../avr32/lib/ucr2\libc.a(lib_a-makebuf.o)
 .debug_aranges
                0x00000d68       0x20 d:/program files (x86)/atmel/studio/7.0/toolchain/avr32/avr32-gnu-toolchain/bin/../lib/gcc/avr32/4.4.7/../../../../avr32/lib/ucr2\libc.a(lib_a-memchr.o)
 .debug_aranges
                0x00000d88       0x20 d:/program files (x86)/atmel/studio/7.0/toolchain/avr32/avr32-gnu-toolchain/bin/../lib/gcc/avr32/4.4.7/../../../../avr32/lib/ucr2\libc.a(lib_a-memmove.o)
 .debug_aranges
                0x00000da8       0xb0 d:/program files (x86)/atmel/studio/7.0/toolchain/avr32/avr32-gnu-toolchain/bin/../lib/gcc/avr32/4.4.7/../../../../avr32/lib/ucr2\libc.a(lib_a-mprec.o)
 .debug_aranges
                0x00000e58       0x30 d:/program files (x86)/atmel/studio/7.0/toolchain/avr32/avr32-gnu-toolchain/bin/../lib/gcc/avr32/4.4.7/../../../../avr32/lib/ucr2\libc.a(lib_a-reent.o)
 .debug_aranges
                0x00000e88       0x20 d:/program files (x86)/atmel/studio/7.0/toolchain/avr32/avr32-gnu-toolchain/bin/../lib/gcc/avr32/4.4.7/../../../../avr32/lib/ucr2\libc.a(lib_a-s_isinfd.o)
 .debug_aranges
                0x00000ea8       0x20 d:/program files (x86)/atmel/studio/7.0/toolchain/avr32/avr32-gnu-toolchain/bin/../lib/gcc/avr32/4.4.7/../../../../avr32/lib/ucr2\libc.a(lib_a-s_isnand.o)
 .debug_aranges
                0x00000ec8       0x38 d:/program files (x86)/atmel/studio/7.0/toolchain/avr32/avr32-gnu-toolchain/bin/../lib/gcc/avr32/4.4.7/../../../../avr32/lib/ucr2\libc.a(lib_a-stdio.o)
 .debug_aranges
                0x00000f00       0x20 d:/program files (x86)/atmel/studio/7.0/toolchain/avr32/avr32-gnu-toolchain/bin/../lib/gcc/avr32/4.4.7/../../../../avr32/lib/ucr2\libc.a(lib_a-strlen.o)
 .debug_aranges
                0x00000f20       0x20 d:/program files (x86)/atmel/studio/7.0/toolchain/avr32/avr32-gnu-toolchain/bin/../lib/gcc/avr32/4.4.7/../../../../avr32/lib/ucr2\libc.a(lib_a-writer.o)
 .debug_aranges
                0x00000f40       0x20 d:/program files (x86)/atmel/studio/7.0/toolchain/avr32/avr32-gnu-toolchain/bin/../lib/gcc/avr32/4.4.7/../../../../avr32/lib/ucr2\libc.a(lib_a-callocr.o)
 .debug_aranges
                0x00000f60       0x20 d:/program files (x86)/atmel/studio/7.0/toolchain/avr32/avr32-gnu-toolchain/bin/../lib/gcc/avr32/4.4.7/../../../../avr32/lib/ucr2\libc.a(lib_a-closer.o)
 .debug_aranges
                0x00000f80       0x28 d:/program files (x86)/atmel/studio/7.0/toolchain/avr32/avr32-gnu-toolchain/bin/../lib/gcc/avr32/4.4.7/../../../../avr32/lib/ucr2\libc.a(lib_a-fclose.o)
 .debug_aranges
                0x00000fa8       0x20 d:/program files (x86)/atmel/studio/7.0/toolchain/avr32/avr32-gnu-toolchain/bin/../lib/gcc/avr32/4.4.7/../../../../avr32/lib/ucr2\libc.a(lib_a-fstatr.o)
 .debug_aranges
                0x00000fc8       0x20 d:/program files (x86)/atmel/studio/7.0/toolchain/avr32/avr32-gnu-toolchain/bin/../lib/gcc/avr32/4.4.7/../../../../avr32/lib/ucr2\libc.a(lib_a-lseekr.o)
 .debug_aranges
                0x00000fe8       0x20 d:/program files (x86)/atmel/studio/7.0/toolchain/avr32/avr32-gnu-toolchain/bin/../lib/gcc/avr32/4.4.7/../../../../avr32/lib/ucr2\libc.a(lib_a-readr.o)
 .debug_aranges
                0x00001008       0x20 d:/program files (x86)/atmel/studio/7.0/toolchain/avr32/avr32-gnu-toolchain/bin/../lib/gcc/avr32/4.4.7/ucr2\libgcc.a(_udivdi3.o)
 .debug_aranges
                0x00001028       0x20 d:/program files (x86)/atmel/studio/7.0/toolchain/avr32/avr32-gnu-toolchain/bin/../lib/gcc/avr32/4.4.7/ucr2\libgcc.a(_umoddi3.o)

.debug_pubnames
                0x00000000     0x2304
 *(.debug_pubnames)
 .debug_pubnames
                0x00000000      0x3d4 src/Application/app/app.o
 .debug_pubnames
                0x000003d4       0xc6 src/Application/radio/ambe.o
 .debug_pubnames
                0x0000049a       0x4b src/Application/radio/payload.o
 .debug_pubnames
                0x000004e5      0x1c9 src/Application/radio/physical.o
 .debug_pubnames
                0x000006ae      0x159 src/Application/radio/ssc.o
 .debug_pubnames
                0x00000807      0x33f src/Application/radio/xcmp.o
 .debug_pubnames
                0x00000b46      0x11d src/Application/radio/xnl.o
 .debug_pubnames
                0x00000c63       0x84 src/Application/rtc/rtc.o
 .debug_pubnames
                0x00000ce7       0x40 src/Application/timers/timer.o
 .debug_pubnames
                0x00000d27      0x330 src/ASF/avr32/drivers/gpio/gpio.o
 .debug_pubnames
                0x00001057       0x62 src/ASF/avr32/drivers/intc/intc.o
 .debug_pubnames
                0x000010b9      0x227 src/ASF/avr32/drivers/usart/usart.o
 .debug_pubnames
                0x000012e0       0x71 src/ASF/thirdparty/freertos/freertos-7.0.0/source/list.o
 .debug_pubnames
                0x00001351       0xf6 src/ASF/thirdparty/freertos/freertos-7.0.0/source/portable/gcc/avr32_uc3/port.o
 .debug_pubnames