Archive member included because of file (symbol)

e:/program x86/atmel/studio/7.0/toolchain/avr32/avr32-gnu-toolchain/bin/../lib/gcc/avr32/4.4.7/../../../../avr32/lib/ucr2\libc.a(lib_a-malloc.o)
                              src/ASF/thirdparty/freertos/freertos-7.0.0/source/portable/memmang/heap_3.o (free)
e:/program x86/atmel/studio/7.0/toolchain/avr32/avr32-gnu-toolchain/bin/../lib/gcc/avr32/4.4.7/../../../../avr32/lib/ucr2\libc.a(lib_a-mallocr.o)
                              e:/program x86/atmel/studio/7.0/toolchain/avr32/avr32-gnu-toolchain/bin/../lib/gcc/avr32/4.4.7/../../../../avr32/lib/ucr2\libc.a(lib_a-malloc.o) (_malloc_r)
e:/program x86/atmel/studio/7.0/toolchain/avr32/avr32-gnu-toolchain/bin/../lib/gcc/avr32/4.4.7/../../../../avr32/lib/ucr2\libc.a(lib_a-memcmp.o)
                              src/Application/voice/voice.o (memcmp)
e:/program x86/atmel/studio/7.0/toolchain/avr32/avr32-gnu-toolchain/bin/../lib/gcc/avr32/4.4.7/../../../../avr32/lib/ucr2\libc.a(lib_a-memcpy.o)
                              src/Application/flash/data_flash.o (memcpy)
e:/program x86/atmel/studio/7.0/toolchain/avr32/avr32-gnu-toolchain/bin/../lib/gcc/avr32/4.4.7/../../../../avr32/lib/ucr2\libc.a(lib_a-memset.o)
                              src/Application/radio/physical.o (memset)
e:/program x86/atmel/studio/7.0/toolchain/avr32/avr32-gnu-toolchain/bin/../lib/gcc/avr32/4.4.7/../../../../avr32/lib/ucr2\libc.a(lib_a-realloc.o)
                              src/ASF/thirdparty/freertos/freertos-7.0.0/source/portable/gcc/avr32_uc3/port.o (realloc)
e:/program x86/atmel/studio/7.0/toolchain/avr32/avr32-gnu-toolchain/bin/../lib/gcc/avr32/4.4.7/../../../../avr32/lib/ucr2\libc.a(lib_a-reallocr.o)
                              e:/program x86/atmel/studio/7.0/toolchain/avr32/avr32-gnu-toolchain/bin/../lib/gcc/avr32/4.4.7/../../../../avr32/lib/ucr2\libc.a(lib_a-realloc.o) (_realloc_r)
e:/program x86/atmel/studio/7.0/toolchain/avr32/avr32-gnu-toolchain/bin/../lib/gcc/avr32/4.4.7/../../../../avr32/lib/ucr2\libc.a(lib_a-sbrkr.o)
                              e:/program x86/atmel/studio/7.0/toolchain/avr32/avr32-gnu-toolchain/bin/../lib/gcc/avr32/4.4.7/../../../../avr32/lib/ucr2\libc.a(lib_a-mallocr.o) (_sbrk_r)
e:/program x86/atmel/studio/7.0/toolchain/avr32/avr32-gnu-toolchain/bin/../lib/gcc/avr32/4.4.7/../../../../avr32/lib/ucr2\libc.a(lib_a-sprintf.o)
                              src/Log/log.o (sprintf)
e:/program x86/atmel/studio/7.0/toolchain/avr32/avr32-gnu-toolchain/bin/../lib/gcc/avr32/4.4.7/../../../../avr32/lib/ucr2\libc.a(lib_a-strncpy.o)
                              src/ASF/thirdparty/freertos/freertos-7.0.0/source/tasks.o (strncpy)
e:/program x86/atmel/studio/7.0/toolchain/avr32/avr32-gnu-toolchain/bin/../lib/gcc/avr32/4.4.7/../../../../avr32/lib/ucr2\libc.a(lib_a-syscalls.o)
                              e:/program x86/atmel/studio/7.0/toolchain/avr32/avr32-gnu-toolchain/bin/../lib/gcc/avr32/4.4.7/../../../../avr32/lib/ucr2\libc.a(lib_a-sbrkr.o) (_sbrk)
e:/program x86/atmel/studio/7.0/toolchain/avr32/avr32-gnu-toolchain/bin/../lib/gcc/avr32/4.4.7/../../../../avr32/lib/ucr2\libc.a(lib_a-vfprintf.o)
                              e:/program x86/atmel/studio/7.0/toolchain/avr32/avr32-gnu-toolchain/bin/../lib/gcc/avr32/4.4.7/../../../../avr32/lib/ucr2\libc.a(lib_a-sprintf.o) (_vfprintf_r)
e:/program x86/atmel/studio/7.0/toolchain/avr32/avr32-gnu-toolchain/bin/../lib/gcc/avr32/4.4.7/../../../../avr32/lib/ucr2\libc.a(lib_a-wsetup.o)
                              e:/program x86/atmel/studio/7.0/toolchain/avr32/avr32-gnu-toolchain/bin/../lib/gcc/avr32/4.4.7/../../../../avr32/lib/ucr2\libc.a(lib_a-vfprintf.o) (__swsetup_r)
e:/program x86/atmel/studio/7.0/toolchain/avr32/avr32-gnu-toolchain/bin/../lib/gcc/avr32/4.4.7/../../../../avr32/lib/ucr2\libc.a(lib_a-dtoa.o)
                              e:/program x86/atmel/studio/7.0/toolchain/avr32/avr32-gnu-toolchain/bin/../lib/gcc/avr32/4.4.7/../../../../avr32/lib/ucr2\libc.a(lib_a-vfprintf.o) (_dtoa_r)
e:/program x86/atmel/studio/7.0/toolchain/avr32/avr32-gnu-toolchain/bin/../lib/gcc/avr32/4.4.7/../../../../avr32/lib/ucr2\libc.a(lib_a-errno.o)
                              e:/program x86/atmel/studio/7.0/toolchain/avr32/avr32-gnu-toolchain/bin/../lib/gcc/avr32/4.4.7/../../../../avr32/lib/ucr2\libc.a(lib_a-syscalls.o) (__errno)
e:/program x86/atmel/studio/7.0/toolchain/avr32/avr32-gnu-toolchain/bin/../lib/gcc/avr32/4.4.7/../../../../avr32/lib/ucr2\libc.a(lib_a-fflush.o)
                              e:/program x86/atmel/studio/7.0/toolchain/avr32/avr32-gnu-toolchain/bin/../lib/gcc/avr32/4.4.7/../../../../avr32/lib/ucr2\libc.a(lib_a-vfprintf.o) (_fflush_r)
e:/program x86/atmel/studio/7.0/toolchain/avr32/avr32-gnu-toolchain/bin/../lib/gcc/avr32/4.4.7/../../../../avr32/lib/ucr2\libc.a(lib_a-findfp.o)
                              e:/program x86/atmel/studio/7.0/toolchain/avr32/avr32-gnu-toolchain/bin/../lib/gcc/avr32/4.4.7/../../../../avr32/lib/ucr2\libc.a(lib_a-vfprintf.o) (__sinit)
[...]
Memory Configuration

Name             Origin             Length             Attributes
FLASH            0x80000000         0x00080000         axrl !w
CPUSRAM          0x00000004         0x00017ffc         axw !rl
USERPAGE         0x80800000         0x00000200
FACTORYPAGE      0x80800200         0x00000200
*default*        0x00000000         0xffffffff

Linker script and memory map

                0x00001000                _stack_size = 0x1000
LOAD src/Application/app/app.o
LOAD src/Application/flash/data_flash.o
LOAD src/Application/myrtc/xgrtc.o
LOAD src/Application/radio/ambe.o
LOAD src/Application/radio/AMBE_audio.o
LOAD src/Application/radio/AMBE_audio_2.o
LOAD src/Application/radio/audio.o
LOAD src/Application/radio/payload.o
LOAD src/Application/radio/physical.o
LOAD src/Application/radio/ssc.o
LOAD src/Application/radio/xcmp.o
LOAD src/Application/radio/xnl.o
LOAD src/Application/RFID/MFRC522/rc522.o
LOAD src/Application/RFID/RFID.o
LOAD src/Application/timers/timer.o
LOAD src/Application/voice/voice.o
LOAD src/ASF/avr32/drivers/flashc/flashc.o
LOAD src/ASF/avr32/drivers/gpio/gpio.o
LOAD src/ASF/avr32/drivers/intc/intc.o
LOAD src/ASF/avr32/drivers/pm/pm.o
LOAD src/ASF/avr32/drivers/pm/pm_conf_clocks.o
LOAD src/ASF/avr32/drivers/pm/power_clocks_lib.o
LOAD src/ASF/avr32/drivers/rtc/rtc.o
LOAD src/ASF/avr32/drivers/spi/spi.o
LOAD src/ASF/avr32/drivers/tc/tc.o
LOAD src/ASF/avr32/drivers/twi/twi.o
LOAD src/ASF/avr32/drivers/usart/usart.o
LOAD src/ASF/avr32/utils/startup/startup_uc3.o
LOAD src/ASF/avr32/utils/startup/trampoline_uc3.o
LOAD src/ASF/common/boards/user_board/init.o
LOAD src/ASF/common/services/clock/uc3b0_b1/sysclk.o
LOAD src/ASF/common/services/spi/uc3_spi/spi_master.o
LOAD src/ASF/common/services/spi/uc3_usart_spi/usart_spi.o
LOAD src/ASF/thirdparty/freertos/freertos-7.0.0/source/croutine.o
LOAD src/ASF/thirdparty/freertos/freertos-7.0.0/source/list.o
LOAD src/ASF/thirdparty/freertos/freertos-7.0.0/source/portable/gcc/avr32_uc3/exception.o
LOAD src/ASF/thirdparty/freertos/freertos-7.0.0/source/portable/gcc/avr32_uc3/port.o
LOAD src/ASF/thirdparty/freertos/freertos-7.0.0/source/portable/gcc/avr32_uc3/read.o
LOAD src/ASF/thirdparty/freertos/freertos-7.0.0/source/portable/gcc/avr32_uc3/write.o
LOAD src/ASF/thirdparty/freertos/freertos-7.0.0/source/portable/memmang/heap_3.o
LOAD src/ASF/thirdparty/freertos/freertos-7.0.0/source/queue.o
LOAD src/ASF/thirdparty/freertos/freertos-7.0.0/source/tasks.o
LOAD src/Log/log.o
LOAD src/main.o
START GROUP
LOAD e:/program x86/atmel/studio/7.0/toolchain/avr32/avr32-gnu-toolchain/bin/../lib/gcc/avr32/4.4.7/../../../../avr32/lib/ucr2\libm.a
END GROUP
LOAD e:/program x86/atmel/studio/7.0/toolchain/avr32/avr32-gnu-toolchain/bin/../lib/gcc/avr32/4.4.7/ucr2\libgcc.a
LOAD e:/program x86/atmel/studio/7.0/toolchain/avr32/avr32-gnu-toolchain/bin/../lib/gcc/avr32/4.4.7/../../../../avr32/lib/ucr2\libc.a
LOAD e:/program x86/atmel/studio/7.0/toolchain/avr32/avr32-gnu-toolchain/bin/../lib/gcc/avr32/4.4.7/ucr2\libgcc.a
                0x80000000                PROVIDE (__executable_start, 0x80000000)
                0x80000000                . = 0x80000000

.interp
 *(.interp)

.reset          0x80000000     0x2004
 *(.reset)
 .reset         0x80000000     0x2004 src/ASF/avr32/utils/startup/trampoline_uc3.o
                               0x2008 (size before relaxing)
                0x80000000                _trampoline

.hash
 *(.hash)

.dynsym
 *(.dynsym)

.dynstr
 *(.dynstr)

.gnu.version
 *(.gnu.version)

.gnu.version_d
 *(.gnu.version_d)

.gnu.version_r
 *(.gnu.version_r)

.rel.init
 *(.rel.init)

.rela.init
 *(.rela.init)

.rel.text
 *(.rel.text .rel.text.* .rel.gnu.linkonce.t.*)

.rela.text
 *(.rela.text .rela.text.* .rela.gnu.linkonce.t.*)

.rel.fini
 *(.rel.fini)

.rela.fini
 *(.rela.fini)

.rel.rodata
 *(.rel.rodata .rel.rodata.* .rel.gnu.linkonce.r.*)

.rela.rodata
 *(.rela.rodata .rela.rodata.* .rela.gnu.linkonce.r.*)

.rel.data.rel.ro
 *(.rel.data.rel.ro*)

.rela.data.rel.ro
 *(.rel.data.rel.ro*)

.rel.data
 *(.rel.data .rel.data.* .rel.gnu.linkonce.d.*)

.rela.data
 *(.rela.data .rela.data.* .rela.gnu.linkonce.d.*)

.rel.tdata
 *(.rel.tdata .rel.tdata.* .rel.gnu.linkonce.td.*)

.rela.tdata
 *(.rela.tdata .rela.tdata.* .rela.gnu.linkonce.td.*)

.rel.tbss
 *(.rel.tbss .rel.tbss.* .rel.gnu.linkonce.tb.*)

.rela.tbss
 *(.rela.tbss .rela.tbss.* .rela.gnu.linkonce.tb.*)

.rel.ctors
 *(.rel.ctors)

.rela.ctors
 *(.rela.ctors)

.rel.dtors
 *(.rel.dtors)

.rela.dtors
 *(.rela.dtors)

.rel.got
 *(.rel.got)

.rela.got       0x80002004        0x0
 *(.rela.got)
 .rela.got      0x80002004        0x0 src/Application/app/app.o

.rel.bss
 *(.rel.bss .rel.bss.* .rel.gnu.linkonce.b.*)

.rela.bss
 *(.rela.bss .rela.bss.* .rela.gnu.linkonce.b.*)

.rel.plt
 *(.rel.plt)

.rela.plt
 *(.rela.plt)

.init
 *(.init)

.plt
 *(.plt)

.text           0x80002004     0xaa1c
 *(.text .stub .text.* .gnu.linkonce.t.*)
 .text.DeviceManagement_brdcst_func
                0x80002004       0x24 src/Application/app/app.o
                0x80002004                DeviceManagement_brdcst_func
 .text.Volume_brdcst_func
                0x80002028        0x2 src/Application/app/app.o
                0x80002028                Volume_brdcst_func
 .text.AudioRoutingControl_brdcst_func
                0x8000202a        0x2 src/Application/app/app.o
                0x8000202a                AudioRoutingControl_brdcst_func
 .text.vApplicationIdleHook
                0x8000202c       0x10 src/Application/app/app.o
                0x8000202c                vApplicationIdleHook
 .text.app_init
                0x8000203c       0x54 src/Application/app/app.o
                0x8000203c                app_init
 .text.app_payload_tx_proc
                0x80002090       0x14 src/Application/app/app.o
 .text.app_payload_rx_proc
                0x800020a4       0x34 src/Application/app/app.o
 .text.FD_brdcst_func
                0x800020d8       0x14 src/Application/app/app.o
                0x800020d8                FD_brdcst_func
 .text.FD_reply_func
                0x800020ec       0x14 src/Application/app/app.o
                0x800020ec                FD_reply_func
 .text.FD_request_func
                0x80002100       0x14 src/Application/app/app.o
                0x80002100                FD_request_func
 .text.EnOB_brdcst_func
                0x80002114       0x14 src/Application/app/app.o
                0x80002114                EnOB_brdcst_func
 .text.EnOB_reply_func
                0x80002128       0x70 src/Application/app/app.o
                0x80002128                EnOB_reply_func
 .text.SingleDetection_brdcst_func
                0x80002198       0x1c src/Application/app/app.o
                0x80002198                SingleDetection_brdcst_func
 .text.ButtonConfig_brdcst_func
                0x800021b4       0xdc src/Application/app/app.o
                0x800021b4                ButtonConfig_brdcst_func
 .text.ButtonConfig_reply_func
                0x80002290       0x44 src/Application/app/app.o
                0x80002290                ButtonConfig_reply_func
 .text.DataSession_brdcst_func
                0x800022d4       0xcc src/Application/app/app.o
                0x800022d4                DataSession_brdcst_func
 .text.DataSession_reply_func
                0x800023a0       0x7c src/Application/app/app.o
                0x800023a0                DataSession_reply_func
 .text.CallControl_brdcst_func
                0x8000241c       0x44 src/Application/app/app.o
                0x8000241c                CallControl_brdcst_func
 .text.TransmitControl_brdcst_func
                0x80002460       0x48 src/Application/app/app.o
                0x80002460                TransmitControl_brdcst_func
 .text.TransmitControl_reply_func
                0x800024a8       0x60 src/Application/app/app.o
                0x800024a8                TransmitControl_reply_func
 .text.AudioRoutingControl_reply_func
                0x80002508       0x28 src/Application/app/app.o
                0x80002508                AudioRoutingControl_reply_func
 .text.Volume_reply_func
                0x80002530       0x64 src/Application/app/app.o
                0x80002530                Volume_reply_func
 .text.spk_brdcst_func
                0x80002594       0x38 src/Application/app/app.o
                0x80002594                spk_brdcst_func
 .text.spk_reply_func
                0x800025cc       0x48 src/Application/app/app.o
                0x800025cc                spk_reply_func
 .text.mic_brdcst_func
                0x80002614       0x58 src/Application/app/app.o
                0x80002614                mic_brdcst_func
 .text.mic_reply_func
                0x8000266c       0x94 src/Application/app/app.o
                0x8000266c                mic_reply_func
 .text.dcm_brdcst_func
                0x80002700       0x48 src/Application/app/app.o
                0x80002700                dcm_brdcst_func
 .text.dcm_reply_func
                0x80002748       0x68 src/Application/app/app.o
                0x80002748                dcm_reply_func
 .text.ToneControl_reply_func
                0x800027b0       0x28 src/Application/app/app.o
                0x800027b0                ToneControl_reply_func
 .text.app_cfg  0x800027d8       0xa0 src/Application/app/app.o
 .text.Phyuserinput_brdcst_func
                0x80002878       0x58 src/Application/app/app.o
                0x80002878                Phyuserinput_brdcst_func
 .text.DeviceInitializationStatus_brdcst_func
                0x800028d0       0x38 src/Application/app/app.o
                0x800028d0                DeviceInitializationStatus_brdcst_func
 .text.xg_rtc_init
                0x80002908       0x80 src/Application/myrtc/xgrtc.o
                0x80002908                xg_rtc_init
 .text.rtc_irq  0x80002988       0xf0 src/Application/myrtc/xgrtc.o
                0x80002988                rtc_irq
 .text.CalculateBurst
                0x80002a78       0x1c src/Application/radio/ambe.o
                0x80002a78                CalculateBurst
 .text.payload_init
                0x80002a94       0x38 src/Application/radio/payload.o
                0x80002a94                payload_init
 .text.payload_rx_process
                0x80002acc       0x4c src/Application/radio/payload.o
 .text.set_idle_store_isr
                0x80002b18       0x1c src/Application/radio/physical.o
                0x80002b18                set_idle_store_isr
 .text.phy_rx   0x80002b34       0x38 src/Application/radio/physical.o
                0x80002b34                phy_rx
 .text.set_idle_store
                0x80002b6c       0x20 src/Application/radio/physical.o
                0x80002b6c                set_idle_store
 .text.phy_tx   0x80002b8c       0x5c src/Application/radio/physical.o
                0x80002b8c                phy_tx
 .text.get_idle_store_isr
                0x80002be8       0x28 src/Application/radio/physical.o
                0x80002be8                get_idle_store_isr
 .text.phy_tx_func
                0x80002c10      0x108 src/Application/radio/physical.o
 .text.get_idle_store
                0x80002d18       0x28 src/Application/radio/physical.o
                0x80002d18                get_idle_store
 .text.phy_init
                0x80002d40       0x28 src/Application/radio/physical.o
                0x80002d40                phy_init
 .text.payload_rx
                0x80002d68       0x60 src/Application/radio/physical.o
 .text.phy_rx_func
                0x80002dc8      0xf24 src/Application/radio/physical.o
 .text.pdca_int_handler
                0x80003cec       0x74 src/Application/radio/ssc.o
 .text.local_start_SSC
                0x80003d60       0x44 src/Application/radio/ssc.o
                0x80003d60                local_start_SSC
 .text.local_start_PDC
                0x80003da4       0x6c src/Application/radio/ssc.o
                0x80003da4                local_start_PDC
 .text.register_rx_tx_func
                0x80003e10       0x14 src/Application/radio/ssc.o
                0x80003e10                register_rx_tx_func
 .text.ssc_init
                0x80003e24       0x70 src/Application/radio/ssc.o
                0x80003e24                ssc_init
 .text.xcmp_register_app_list
                0x80003e94        0xc src/Application/radio/xcmp.o
                0x80003e94                xcmp_register_app_list
 .text.xcmp_tx  0x80003ea0       0x48 src/Application/radio/xcmp.o
 .text.xcmp_data_session_req
                0x80003ee8       0x8c src/Application/radio/xcmp.o
                0x80003ee8                xcmp_data_session_req
 .text.xcmp_DeviceInitializationStatus_request
                0x80003f74       0x40 src/Application/radio/xcmp.o
                0x80003f74                xcmp_DeviceInitializationStatus_request
 .text.xcmp_opcode_not_supported
                0x80003fb4       0x24 src/Application/radio/xcmp.o
                0x80003fb4                xcmp_opcode_not_supported
 .text.xcmp_exec_func
                0x80003fd8       0x48 src/Application/radio/xcmp.o
 .text.xcmp_IdleTestTone
                0x80004020       0x60 src/Application/radio/xcmp.o
                0x80004020                xcmp_IdleTestTone
 .text.xcmp_init
                0x80004080       0x54 src/Application/radio/xcmp.o
                0x80004080                xcmp_init
 .text.xcmp_rx_process
                0x800040d4       0xfc src/Application/radio/xcmp.o
 .text.xcmp_rx  0x800041d0       0x4c src/Application/radio/xcmp.o
 .text.xnl_register_xcmp_func
                0x8000421c        0xc src/Application/radio/xnl.o
                0x8000421c                xnl_register_xcmp_func
 .text.xnl_get_msg_ack_func
                0x80004228       0x2c src/Application/radio/xnl.o
                0x80004228                xnl_get_msg_ack_func
 .text.xnl_init
                0x80004254      0x12c src/Application/radio/xnl.o
                0x80004254                xnl_init
 .text.xnl_rx_process
                0x80004380       0x60 src/Application/radio/xnl.o
 .text.xnl_tx_process
                0x800043e0       0xcc src/Application/radio/xnl.o
 .text.xnl_tx   0x800044ac       0xe4 src/Application/radio/xnl.o
                0x800044ac                xnl_tx
 .text.xnl_data_msg_func
                0x80004590       0x60 src/Application/radio/xnl.o
                0x80004590                xnl_data_msg_func
 .text.xnl_device_auth_reply_func
                0x800045f0      0x120 src/Application/radio/xnl.o
                0x800045f0                xnl_device_auth_reply_func
 .text.xnl_master_status_brdcst_func
                0x80004710       0x60 src/Application/radio/xnl.o
                0x80004710                xnl_master_status_brdcst_func
 .text.xnl_device_conn_reply_func
                0x80004770       0x5c src/Application/radio/xnl.o
                0x80004770                xnl_device_conn_reply_func
 .text.xnl_send_device_master_query
                0x800047cc       0x30 src/Application/radio/xnl.o
                0x800047cc                xnl_send_device_master_query
 .text.RC522_SPI_SetSpeed
                0x800047fc       0x24 src/Application/RFID/MFRC522/rc522.o
                0x800047fc                RC522_SPI_SetSpeed
 .text.RC522_SPI_SetSpeedLow
                0x80004820       0x10 src/Application/RFID/MFRC522/rc522.o
                0x80004820                RC522_SPI_SetSpeedLow
 .text.RC522_ReadByte
                0x80004830       0x44 src/Application/RFID/MFRC522/rc522.o
                0x80004830                RC522_ReadByte
 .text.RC522_WriteByte
                0x80004874       0x4c src/Application/RFID/MFRC522/rc522.o
                0x80004874                RC522_WriteByte
 .text.WriteRawRC
                0x800048c0       0x38 src/Application/RFID/MFRC522/rc522.o
                0x800048c0                WriteRawRC
 .text.PcdReset
                0x800048f8       0x80 src/Application/RFID/MFRC522/rc522.o
                0x800048f8                PcdReset
 .text.ReadRawRC
                0x80004978       0x40 src/Application/RFID/MFRC522/rc522.o
                0x80004978                ReadRawRC
 .text.SetBitMask
                0x800049b8       0x24 src/Application/RFID/MFRC522/rc522.o
                0x800049b8                SetBitMask
 .text.PcdAntennaOn
                0x800049dc       0x20 src/Application/RFID/MFRC522/rc522.o
                0x800049dc                PcdAntennaOn
 .text.ClearBitMask
                0x800049fc       0x28 src/Application/RFID/MFRC522/rc522.o
                0x800049fc                ClearBitMask
 .text.PcdAntennaOff
                0x80004a24       0x10 src/Application/RFID/MFRC522/rc522.o
                0x80004a24                PcdAntennaOff
 .text.M500PcdConfigISOType
                0x80004a34       0x70 src/Application/RFID/MFRC522/rc522.o
                0x80004a34                M500PcdConfigISOType
 .text.rc522_init
                0x80004aa4       0xd0 src/Application/RFID/MFRC522/rc522.o
                0x80004aa4                rc522_init
 .text.PcdComMF522
                0x80004b74      0x178 src/Application/RFID/MFRC522/rc522.o
                0x80004b74                PcdComMF522
 .text.PcdAnticoll
                0x80004cec       0x84 src/Application/RFID/MFRC522/rc522.o
                0x80004cec                PcdAnticoll
 .text.PcdRequest
                0x80004d70       0x64 src/Application/RFID/MFRC522/rc522.o
                0x80004d70                PcdRequest
 .text.CalulateCRC
                0x80004dd4       0x8c src/Application/RFID/MFRC522/rc522.o
                0x80004dd4                CalulateCRC
 .text.PcdSelect
                0x80004e60       0x74 src/Application/RFID/MFRC522/rc522.o
                0x80004e60                PcdSelect
 .text.rfid_auto_reader
                0x80004ed4      0x120 src/Application/RFID/RFID.o
                0x80004ed4                rfid_auto_reader
 .text.rfid_sendID_message
                0x80004ff4      0x168 src/Application/RFID/RFID.o
                0x80004ff4                rfid_sendID_message
 .text.rfid_init
                0x8000515c        0xc src/Application/RFID/RFID.o
                0x8000515c                rfid_init
 .text.local_start_pll0
                0x80005168       0x50 src/Application/timers/timer.o
                0x80005168                local_start_pll0
 .text.delay_ns
                0x800051b8       0x16 src/Application/timers/timer.o
                0x800051b8                delay_ns
 *fill*         0x800051ce        0x2 d703d703
 .text.delay_us
                0x800051d0       0x28 src/Application/timers/timer.o
                0x800051d0                delay_us
 .text.delay_ms
                0x800051f8       0x28 src/Application/timers/timer.o
                0x800051f8                delay_ms
 .text.local_start_timer
                0x80005220       0x2c src/Application/timers/timer.o
                0x80005220                local_start_timer
 .text.gpio_enable_module_pin
                0x8000524c       0x52 src/ASF/avr32/drivers/gpio/gpio.o
                0x8000524c                gpio_enable_module_pin
 *fill*         0x8000529e        0x2 d703d703
 .text.gpio_enable_module
                0x800052a0       0x30 src/ASF/avr32/drivers/gpio/gpio.o
                0x800052a0                gpio_enable_module
 .text.gpio_enable_gpio_pin
                0x800052d0       0x18 src/ASF/avr32/drivers/gpio/gpio.o
                0x800052d0                gpio_enable_gpio_pin
 .text.gpio_set_gpio_pin
                0x800052e8       0x1c src/ASF/avr32/drivers/gpio/gpio.o
                0x800052e8                gpio_set_gpio_pin
 .text.gpio_clr_gpio_pin
                0x80005304       0x1c src/ASF/avr32/drivers/gpio/gpio.o
                0x80005304                gpio_clr_gpio_pin
 .text._unhandled_interrupt
                0x80005320        0x2 src/ASF/avr32/drivers/intc/intc.o
 *fill*         0x80005322        0x2 d703d703
 .text.INTC_register_interrupt
                0x80005324       0x80 src/ASF/avr32/drivers/intc/intc.o
                0x80005324                INTC_register_interrupt
 .text.INTC_init_interrupts
                0x800053a4       0x54 src/ASF/avr32/drivers/intc/intc.o
                0x800053a4                INTC_init_interrupts
 .text._get_interrupt_handler
                0x800053f8       0x38 src/ASF/avr32/drivers/intc/intc.o
                0x800053f8                _get_interrupt_handler
 .text.pm_set_osc32_mode
                0x80005430        0xa src/ASF/avr32/drivers/pm/pm.o
 *fill*         0x8000543a        0x2 d703d703
 .text.pm_enable_osc32_crystal
                0x8000543c       0x10 src/ASF/avr32/drivers/pm/pm.o
                0x8000543c                pm_enable_osc32_crystal
 .text.pm_enable_clk32_no_wait
                0x8000544c       0x10 src/ASF/avr32/drivers/pm/pm.o
                0x8000544c                pm_enable_clk32_no_wait
 .text.pm_wait_for_clk32_ready
                0x8000545c        0xa src/ASF/avr32/drivers/pm/pm.o
                0x8000545c                pm_wait_for_clk32_ready
 *fill*         0x80005466        0x2 d703d703
 .text.pm_enable_clk32
                0x80005468       0x1c src/ASF/avr32/drivers/pm/pm.o
                0x80005468                pm_enable_clk32
 .text.rtc_is_busy
                0x80005484        0x8 src/ASF/avr32/drivers/rtc/rtc.o
                0x80005484                rtc_is_busy
 .text.rtc_set_value
                0x8000548c       0x24 src/ASF/avr32/drivers/rtc/rtc.o
                0x8000548c                rtc_set_value
 .text.rtc_enable
                0x800054b0       0x24 src/ASF/avr32/drivers/rtc/rtc.o
                0x800054b0                rtc_enable
 .text.rtc_enable_interrupt
                0x800054d4        0x6 src/ASF/avr32/drivers/rtc/rtc.o
                0x800054d4                rtc_enable_interrupt
 *fill*         0x800054da        0x2 d703d703
 .text.rtc_set_top_value
                0x800054dc       0x24 src/ASF/avr32/drivers/rtc/rtc.o
                0x800054dc                rtc_set_top_value
 .text.rtc_clear_interrupt
                0x80005500       0x1e src/ASF/avr32/drivers/rtc/rtc.o
                0x80005500                rtc_clear_interrupt
 *fill*         0x8000551e        0x2 d703d703
 .text.rtc_init
                0x80005520       0x80 src/ASF/avr32/drivers/rtc/rtc.o
                0x80005520                rtc_init
 .text.getBaudDiv
                0x800055a0       0x20 src/ASF/avr32/drivers/spi/spi.o
                0x800055a0                getBaudDiv
 .text.spi_initMaster
                0x800055c0       0x38 src/ASF/avr32/drivers/spi/spi.o
                0x800055c0                spi_initMaster
 .text.spi_selectionMode
                0x800055f8       0x2c src/ASF/avr32/drivers/spi/spi.o
                0x800055f8                spi_selectionMode
 .text.spi_enable
                0x80005624        0x6 src/ASF/avr32/drivers/spi/spi.o
                0x80005624                spi_enable
 .text.spi_write
                0x8000562a       0x1c src/ASF/avr32/drivers/spi/spi.o
                0x8000562a                spi_write
 .text.spi_read
                0x80005646       0x20 src/ASF/avr32/drivers/spi/spi.o
                0x80005646                spi_read
 *fill*         0x80005666        0x2 d703d703
 .text.spi_setupChipReg
                0x80005668       0xe8 src/ASF/avr32/drivers/spi/spi.o
                0x80005668                spi_setupChipReg
 .text.spi_unselectChip
                0x80005750       0x40 src/ASF/avr32/drivers/spi/spi.o
                0x80005750                spi_unselectChip
 .text.spi_selectChip
                0x80005790       0x78 src/ASF/avr32/drivers/spi/spi.o
                0x80005790                spi_selectChip
 .text.usart_set_async_baudrate
                0x80005808       0x5a src/ASF/avr32/drivers/usart/usart.o
 .text.usart_write_char
                0x80005862       0x14 src/ASF/avr32/drivers/usart/usart.o
                0x80005862                usart_write_char
 *fill*         0x80005876        0x2 d703d703
 .text.usart_putchar
                0x80005878       0x2c src/ASF/avr32/drivers/usart/usart.o
                0x80005878                usart_putchar
 .text.usart_read_char
                0x800058a4       0x22 src/ASF/avr32/drivers/usart/usart.o
                0x800058a4                usart_read_char
 *fill*         0x800058c6        0x2 d703d703
 .text.usart_getchar
                0x800058c8       0x2c src/ASF/avr32/drivers/usart/usart.o
                0x800058c8                usart_getchar
 .text.usart_write_line
                0x800058f4       0x24 src/ASF/avr32/drivers/usart/usart.o
                0x800058f4                usart_write_line
 .text.usart_reset
                0x80005918       0x2c src/ASF/avr32/drivers/usart/usart.o
                0x80005918                usart_reset
 .text.usart_init_rs232
                0x80005944       0xcc src/ASF/avr32/drivers/usart/usart.o
                0x80005944                usart_init_rs232
 .text._stext   0x80005a10       0x40 src/ASF/avr32/utils/startup/startup_uc3.o
                                 0x50 (size before relaxing)
                0x80005a10                _stext
 .text.vListInitialise
                0x80005a50       0x14 src/ASF/thirdparty/freertos/freertos-7.0.0/source/list.o
                0x80005a50                vListInitialise
 .text.vListInitialiseItem
                0x80005a64        0x6 src/ASF/thirdparty/freertos/freertos-7.0.0/source/list.o
                0x80005a64                vListInitialiseItem
 .text.vListInsertEnd
                0x80005a6a       0x1c src/ASF/thirdparty/freertos/freertos-7.0.0/source/list.o
                0x80005a6a                vListInsertEnd
 .text.vListInsert
                0x80005a86       0x34 src/ASF/thirdparty/freertos/freertos-7.0.0/source/list.o
                0x80005a86                vListInsert
 .text.vListRemove
                0x80005aba       0x26 src/ASF/thirdparty/freertos/freertos-7.0.0/source/list.o
                0x80005aba                vListRemove
 .text.pxPortInitialiseStack
                0x80005ae0       0x92 src/ASF/thirdparty/freertos/freertos-7.0.0/source/portable/gcc/avr32_uc3/port.o
                0x80005ae0                pxPortInitialiseStack
 *fill*         0x80005b72        0x2 d703d703
 .text.vPortEnterCritical
                0x80005b74       0x10 src/ASF/thirdparty/freertos/freertos-7.0.0/source/portable/gcc/avr32_uc3/port.o
                0x80005b74                vPortEnterCritical
 .text.xPortStartScheduler
                0x80005b84       0x58 src/ASF/thirdparty/freertos/freertos-7.0.0/source/portable/gcc/avr32_uc3/port.o
                0x80005b84                xPortStartScheduler
 .text.SCALLYield
                0x80005bdc       0x98 src/ASF/thirdparty/freertos/freertos-7.0.0/source/portable/gcc/avr32_uc3/port.o
                0x80005bdc                SCALLYield
 .text.prvClearCcInt
                0x80005c74        0xa src/ASF/thirdparty/freertos/freertos-7.0.0/source/portable/gcc/avr32_uc3/port.o
 *fill*         0x80005c7e        0x2 d703d703
 .text.vPortExitCritical
                0x80005c80       0x20 src/ASF/thirdparty/freertos/freertos-7.0.0/source/portable/gcc/avr32_uc3/port.o
                0x80005c80                vPortExitCritical
 .text.vTick    0x80005ca0       0x84 src/ASF/thirdparty/freertos/freertos-7.0.0/source/portable/gcc/avr32_uc3/port.o
 .text.__malloc_lock
                0x80005d24        0xc src/ASF/thirdparty/freertos/freertos-7.0.0/source/portable/gcc/avr32_uc3/port.o
                0x80005d24                __malloc_lock
 .text.__malloc_unlock
                0x80005d30        0xc src/ASF/thirdparty/freertos/freertos-7.0.0/source/portable/gcc/avr32_uc3/port.o
                0x80005d30                __malloc_unlock
 .text._read    0x80005d3c       0x40 src/ASF/thirdparty/freertos/freertos-7.0.0/source/portable/gcc/avr32_uc3/read.o
                0x80005d3c                _read
 .text._write   0x80005d7c       0x3c src/ASF/thirdparty/freertos/freertos-7.0.0/source/portable/gcc/avr32_uc3/write.o
                0x80005d7c                _write
 .text.vPortFree
                0x80005db8       0x28 src/ASF/thirdparty/freertos/freertos-7.0.0/source/portable/memmang/heap_3.o
                0x80005db8                vPortFree
 .text.pvPortMalloc
                0x80005de0       0x28 src/ASF/thirdparty/freertos/freertos-7.0.0/source/portable/memmang/heap_3.o
                0x80005de0                pvPortMalloc
 .text.prvCopyDataFromQueue
                0x80005e08       0x30 src/ASF/thirdparty/freertos/freertos-7.0.0/source/queue.o
 .text.xQueueReceiveFromISR
                0x80005e38       0x50 src/ASF/thirdparty/freertos/freertos-7.0.0/source/queue.o
                0x80005e38                xQueueReceiveFromISR
 .text.prvUnlockQueue
                0x80005e88       0xa0 src/ASF/thirdparty/freertos/freertos-7.0.0/source/queue.o
 .text.xQueueGenericReceive
                0x80005f28      0x144 src/ASF/thirdparty/freertos/freertos-7.0.0/source/queue.o
                0x80005f28                xQueueGenericReceive
 .text.prvCopyDataToQueue
                0x8000606c       0x78 src/ASF/thirdparty/freertos/freertos-7.0.0/source/queue.o
 .text.xQueueGenericSendFromISR
                0x800060e4       0x50 src/ASF/thirdparty/freertos/freertos-7.0.0/source/queue.o
                0x800060e4                xQueueGenericSendFromISR
 .text.xQueueGenericSend
                0x80006134      0x100 src/ASF/thirdparty/freertos/freertos-7.0.0/source/queue.o
                0x80006134                xQueueGenericSend
 .text.xQueueCreate
                0x80006234       0x74 src/ASF/thirdparty/freertos/freertos-7.0.0/source/queue.o
                0x80006234                xQueueCreate
 .text.vTaskSuspendAll
                0x800062a8       0x10 src/ASF/thirdparty/freertos/freertos-7.0.0/source/tasks.o
                0x800062a8                vTaskSuspendAll
 .text.vTaskSwitchContext
                0x800062b8       0x7c src/ASF/thirdparty/freertos/freertos-7.0.0/source/tasks.o
                0x800062b8                vTaskSwitchContext
 .text.vTaskSetTimeOutState
                0x80006334       0x18 src/ASF/thirdparty/freertos/freertos-7.0.0/source/tasks.o
                0x80006334                vTaskSetTimeOutState
 .text.vTaskMissedYield
                0x8000634c        0xc src/ASF/thirdparty/freertos/freertos-7.0.0/source/tasks.o
                0x8000634c                vTaskMissedYield
 .text.xTaskGetCurrentTaskHandle
                0x80006358        0xc src/ASF/thirdparty/freertos/freertos-7.0.0/source/tasks.o
                0x80006358                xTaskGetCurrentTaskHandle
 .text.vTaskPriorityDisinherit
                0x80006364       0x58 src/ASF/thirdparty/freertos/freertos-7.0.0/source/tasks.o
                0x80006364                vTaskPriorityDisinherit
 .text.vTaskPriorityInherit
                0x800063bc       0x84 src/ASF/thirdparty/freertos/freertos-7.0.0/source/tasks.o
                0x800063bc                vTaskPriorityInherit
 .text.xTaskRemoveFromEventList
                0x80006440       0x7c src/ASF/thirdparty/freertos/freertos-7.0.0/source/tasks.o
                0x80006440                xTaskRemoveFromEventList
 .text.vTaskIncrementTick
                0x800064bc      0x114 src/ASF/thirdparty/freertos/freertos-7.0.0/source/tasks.o
                0x800064bc                vTaskIncrementTick
 .text.xTaskCheckForTimeOut
                0x800065d0       0x70 src/ASF/thirdparty/freertos/freertos-7.0.0/source/tasks.o
                0x800065d0                xTaskCheckForTimeOut
 .text.xTaskGetTickCount
                0x80006640       0x24 src/ASF/thirdparty/freertos/freertos-7.0.0/source/tasks.o
                0x80006640                xTaskGetTickCount
 .text.xTaskResumeAll
                0x80006664       0xe8 src/ASF/thirdparty/freertos/freertos-7.0.0/source/tasks.o
                0x80006664                xTaskResumeAll
 .text.prvAddCurrentTaskToDelayedList
                0x8000674c       0x5c src/ASF/thirdparty/freertos/freertos-7.0.0/source/tasks.o
 .text.vTaskDelay
                0x800067a8       0x48 src/ASF/thirdparty/freertos/freertos-7.0.0/source/tasks.o
                0x800067a8                vTaskDelay
 .text.vTaskDelayUntil
                0x800067f0       0x80 src/ASF/thirdparty/freertos/freertos-7.0.0/source/tasks.o
                0x800067f0                vTaskDelayUntil
 .text.vTaskPlaceOnEventList
                0x80006870       0x58 src/ASF/thirdparty/freertos/freertos-7.0.0/source/tasks.o
                0x80006870                vTaskPlaceOnEventList
 .text.prvIdleTask
                0x800068c8       0x88 src/ASF/thirdparty/freertos/freertos-7.0.0/source/tasks.o
 .text.xTaskGenericCreate
                0x80006950      0x1e8 src/ASF/thirdparty/freertos/freertos-7.0.0/source/tasks.o
                0x80006950                xTaskGenericCreate
 .text.vTaskStartScheduler
                0x80006b38       0x4c src/ASF/thirdparty/freertos/freertos-7.0.0/source/tasks.o
                0x80006b38                vTaskStartScheduler
 .text.PrintChar
                0x80006b84        0x4 src/Log/log.o
                0x80006b84                PrintChar
 .text.PrintHex
                0x80006b88       0xb2 src/Log/log.o
                0x80006b88                PrintHex
 .text.PrintDec
                0x80006c3a       0xda src/Log/log.o
                0x80006c3a                PrintDec
 .text.log      0x80006d14      0x18c src/Log/log.o
                0x80006d14                log
 .text.logFromISR
                0x80006ea0      0x180 src/Log/log.o
                0x80006ea0                logFromISR
 .text.log_init
                0x80007020       0x68 src/Log/log.o
                0x80007020                log_init
 .text.task_log
                0x80007088       0x44 src/Log/log.o
 .text.main     0x800070cc       0x70 src/main.o
                0x800070cc                main
 .text.free     0x8000713c       0x10 e:/program x86/atmel/studio/7.0/toolchain/avr32/avr32-gnu-toolchain/bin/../lib/gcc/avr32/4.4.7/../../../../avr32/lib/ucr2\libc.a(lib_a-malloc.o)
                                 0x18 (size before relaxing)
                0x8000713c                free
 .text.malloc   0x8000714c       0x10 e:/program x86/atmel/studio/7.0/toolchain/avr32/avr32-gnu-toolchain/bin/../lib/gcc/avr32/4.4.7/../../../../avr32/lib/ucr2\libc.a(lib_a-malloc.o)
                                 0x18 (size before relaxing)
                0x8000714c                malloc
 .text._malloc_r
                0x8000715c      0x438 e:/program x86/atmel/studio/7.0/toolchain/avr32/avr32-gnu-toolchain/bin/../lib/gcc/avr32/4.4.7/../../../../avr32/lib/ucr2\libc.a(lib_a-mallocr.o)
                                0x450 (size before relaxing)
                0x8000715c                _malloc_r
 .text          0x80007594      0x148 e:/program x86/atmel/studio/7.0/toolchain/avr32/avr32-gnu-toolchain/bin/../lib/gcc/avr32/4.4.7/../../../../avr32/lib/ucr2\libc.a(lib_a-memcpy.o)
                0x80007594                memcpy
 .text.memset   0x800076dc        0xe e:/program x86/atmel/studio/7.0/toolchain/avr32/avr32-gnu-toolchain/bin/../lib/gcc/avr32/4.4.7/../../../../avr32/lib/ucr2\libc.a(lib_a-memset.o)
                0x800076dc                memset
 *fill*         0x800076ea        0x2 d703d703
 .text._realloc_r
                0x800076ec      0x2c0 e:/program x86/atmel/studio/7.0/toolchain/avr32/avr32-gnu-toolchain/bin/../lib/gcc/avr32/4.4.7/../../../../avr32/lib/ucr2\libc.a(lib_a-reallocr.o)
                                0x2e0 (size before relaxing)
                0x800076ec                _realloc_r
 .text._sbrk_r  0x800079ac       0x20 e:/program x86/atmel/studio/7.0/toolchain/avr32/avr32-gnu-toolchain/bin/../lib/gcc/avr32/4.4.7/../../../../avr32/lib/ucr2\libc.a(lib_a-sbrkr.o)
                                 0x28 (size before relaxing)
                0x800079ac                _sbrk_r
 .text.sprintf  0x800079cc       0x3c e:/program x86/atmel/studio/7.0/toolchain/avr32/avr32-gnu-toolchain/bin/../lib/gcc/avr32/4.4.7/../../../../avr32/lib/ucr2\libc.a(lib_a-sprintf.o)
                                 0x40 (size before relaxing)
                0x800079cc                sprintf
 .text          0x80007a08       0x20 e:/program x86/atmel/studio/7.0/toolchain/avr32/avr32-gnu-toolchain/bin/../lib/gcc/avr32/4.4.7/../../../../avr32/lib/ucr2\libc.a(lib_a-strncpy.o)
                0x80007a08                strncpy
 .text._close   0x80007a28       0x14 e:/program x86/atmel/studio/7.0/toolchain/avr32/avr32-gnu-toolchain/bin/../lib/gcc/avr32/4.4.7/../../../../avr32/lib/ucr2\libc.a(lib_a-syscalls.o)
                                 0x18 (size before relaxing)
                0x80007a28                _close
 .text._lseek   0x80007a3c       0x14 e:/program x86/atmel/studio/7.0/toolchain/avr32/avr32-gnu-toolchain/bin/../lib/gcc/avr32/4.4.7/../../../../avr32/lib/ucr2\libc.a(lib_a-syscalls.o)
                                 0x18 (size before relaxing)
                0x80007a3c                _lseek
 .text.isatty   0x80007a50       0x14 e:/program x86/atmel/studio/7.0/toolchain/avr32/avr32-gnu-toolchain/bin/../lib/gcc/avr32/4.4.7/../../../../avr32/lib/ucr2\libc.a(lib_a-syscalls.o)
                                 0x18 (size before relaxing)
                0x80007a50                isatty
 .text._fstat_host
                0x80007a64       0x14 e:/program x86/atmel/studio/7.0/toolchain/avr32/avr32-gnu-toolchain/bin/../lib/gcc/avr32/4.4.7/../../../../avr32/lib/ucr2\libc.a(lib_a-syscalls.o)
                                 0x18 (size before relaxing)
                0x80007a64                _fstat_host
 .text._fstat   0x80007a78       0x4c e:/program x86/atmel/studio/7.0/toolchain/avr32/avr32-gnu-toolchain/bin/../lib/gcc/avr32/4.4.7/../../../../avr32/lib/ucr2\libc.a(lib_a-syscalls.o)
                                 0x50 (size before relaxing)
                0x80007a78                _fstat
 .text._sbrk    0x80007ac4       0x38 e:/program x86/atmel/studio/7.0/toolchain/avr32/avr32-gnu-toolchain/bin/../lib/gcc/avr32/4.4.7/../../../../avr32/lib/ucr2\libc.a(lib_a-syscalls.o)
                                 0x40 (size before relaxing)
                0x80007ac4                _sbrk
 .text.get_arg  0x80007afc      0x314 e:/program x86/atmel/studio/7.0/toolchain/avr32/avr32-gnu-toolchain/bin/../lib/gcc/avr32/4.4.7/../../../../avr32/lib/ucr2\libc.a(lib_a-vfprintf.o)
                                0x324 (size before relaxing)
 .text.__sprint_r
                0x80007e10       0x1c e:/program x86/atmel/studio/7.0/toolchain/avr32/avr32-gnu-toolchain/bin/../lib/gcc/avr32/4.4.7/../../../../avr32/lib/ucr2\libc.a(lib_a-vfprintf.o)
                                 0x20 (size before relaxing)
 .text._vfprintf_r
                0x80007e2c     0x1f14 e:/program x86/atmel/studio/7.0/toolchain/avr32/avr32-gnu-toolchain/bin/../lib/gcc/avr32/4.4.7/../../../../avr32/lib/ucr2\libc.a(lib_a-vfprintf.o)
                               0x1f9c (size before relaxing)
                0x80007e2c                _vfprintf_r
 .text.__swsetup_r
                0x80009d40       0xdc e:/program x86/atmel/studio/7.0/toolchain/avr32/avr32-gnu-toolchain/bin/../lib/gcc/avr32/4.4.7/../../../../avr32/lib/ucr2\libc.a(lib_a-wsetup.o)
                                 0xe8 (size before relaxing)
                0x80009d40                __swsetup_r
 .text.quorem   0x80009e1c      0x120 e:/program x86/atmel/studio/7.0/toolchain/avr32/avr32-gnu-toolchain/bin/../lib/gcc/avr32/4.4.7/../../../../avr32/lib/ucr2\libc.a(lib_a-dtoa.o)
                                0x124 (size before relaxing)
 .text._dtoa_r  0x80009f3c      0xbdc e:/program x86/atmel/studio/7.0/toolchain/avr32/avr32-gnu-toolchain/bin/../lib/gcc/avr32/4.4.7/../../../../avr32/lib/ucr2\libc.a(lib_a-dtoa.o)
                                0xc90 (size before relaxing)
                0x80009f3c                _dtoa_r
 .text.__errno  0x8000ab18        0xc e:/program x86/atmel/studio/7.0/toolchain/avr32/avr32-gnu-toolchain/bin/../lib/gcc/avr32/4.4.7/../../../../avr32/lib/ucr2\libc.a(lib_a-errno.o)
                0x8000ab18                __errno
 .text._fflush_r
                0x8000ab24      0x10c e:/program x86/atmel/studio/7.0/toolchain/avr32/avr32-gnu-toolchain/bin/../lib/gcc/avr32/4.4.7/../../../../avr32/lib/ucr2\libc.a(lib_a-fflush.o)
                                0x118 (size before relaxing)
                0x8000ab24                _fflush_r
 .text.__sfp_lock_acquire
                0x8000ac30        0x2 e:/program x86/atmel/studio/7.0/toolchain/avr32/avr32-gnu-toolchain/bin/../lib/gcc/avr32/4.4.7/../../../../avr32/lib/ucr2\libc.a(lib_a-findfp.o)
                0x8000ac30                __sfp_lock_acquire
 .text.__sfp_lock_release
                0x8000ac32        0x2 e:/program x86/atmel/studio/7.0/toolchain/avr32/avr32-gnu-toolchain/bin/../lib/gcc/avr32/4.4.7/../../../../avr32/lib/ucr2\libc.a(lib_a-findfp.o)
                0x8000ac32                __sfp_lock_release
 .text._cleanup_r
                0x8000ac34        0xc e:/program x86/atmel/studio/7.0/toolchain/avr32/avr32-gnu-toolchain/bin/../lib/gcc/avr32/4.4.7/../../../../avr32/lib/ucr2\libc.a(lib_a-findfp.o)
                                 0x14 (size before relaxing)
                0x8000ac34                _cleanup_r
 .text.__sfmoreglue
                0x8000ac40       0x28 e:/program x86/atmel/studio/7.0/toolchain/avr32/avr32-gnu-toolchain/bin/../lib/gcc/avr32/4.4.7/../../../../avr32/lib/ucr2\libc.a(lib_a-findfp.o)
                                 0x30 (size before relaxing)
                0x8000ac40                __sfmoreglue
 .text.__sfp    0x8000ac68       0x6c e:/program x86/atmel/studio/7.0/toolchain/avr32/avr32-gnu-toolchain/bin/../lib/gcc/avr32/4.4.7/../../../../avr32/lib/ucr2\libc.a(lib_a-findfp.o)
                                 0x7c (size before relaxing)
                0x8000ac68                __sfp
 .text.__sinit  0x8000acd4       0x9c e:/program x86/atmel/studio/7.0/toolchain/avr32/avr32-gnu-toolchain/bin/../lib/gcc/avr32/4.4.7/../../../../avr32/lib/ucr2\libc.a(lib_a-findfp.o)
                                 0xb0 (size before relaxing)
                0x8000acd4                __sinit
 .text._malloc_trim_r
                0x8000ad70       0x98 e:/program x86/atmel/studio/7.0/toolchain/avr32/avr32-gnu-toolchain/bin/../lib/gcc/avr32/4.4.7/../../../../avr32/lib/ucr2\libc.a(lib_a-freer.o)
                                 0xa8 (size before relaxing)
                0x8000ad70                _malloc_trim_r
 .text._free_r  0x8000ae08      0x18c e:/program x86/atmel/studio/7.0/toolchain/avr32/avr32-gnu-toolchain/bin/../lib/gcc/avr32/4.4.7/../../../../avr32/lib/ucr2\libc.a(lib_a-freer.o)
                                0x1a0 (size before relaxing)
                0x8000ae08                _free_r
 .text.__sfvwrite_r
                0x8000af94      0x294 e:/program x86/atmel/studio/7.0/toolchain/avr32/avr32-gnu-toolchain/bin/../lib/gcc/avr32/4.4.7/../../../../avr32/lib/ucr2\libc.a(lib_a-fvwrite.o)
                                0x2c4 (size before relaxing)
                0x8000af94                __sfvwrite_r
 .text._fwalk   0x8000b228       0x4c e:/program x86/atmel/studio/7.0/toolchain/avr32/avr32-gnu-toolchain/bin/../lib/gcc/avr32/4.4.7/../../../../avr32/lib/ucr2\libc.a(lib_a-fwalk.o)
                                 0x54 (size before relaxing)
                0x8000b228                _fwalk
 .text._localeconv_r
                0x8000b274        0x8 e:/program x86/atmel/studio/7.0/toolchain/avr32/avr32-gnu-toolchain/bin/../lib/gcc/avr32/4.4.7/../../../../avr32/lib/ucr2\libc.a(lib_a-locale.o)
                0x8000b274                _localeconv_r
 .text.__smakebuf_r
                0x8000b27c       0xbc e:/program x86/atmel/studio/7.0/toolchain/avr32/avr32-gnu-toolchain/bin/../lib/gcc/avr32/4.4.7/../../../../avr32/lib/ucr2\libc.a(lib_a-makebuf.o)
                                 0xcc (size before relaxing)
                0x8000b27c                __smakebuf_r
 .text.memchr   0x8000b338       0x16 e:/program x86/atmel/studio/7.0/toolchain/avr32/avr32-gnu-toolchain/bin/../lib/gcc/avr32/4.4.7/../../../../avr32/lib/ucr2\libc.a(lib_a-memchr.o)
                0x8000b338                memchr
 .text.memmove  0x8000b34e       0x3e e:/program x86/atmel/studio/7.0/toolchain/avr32/avr32-gnu-toolchain/bin/../lib/gcc/avr32/4.4.7/../../../../avr32/lib/ucr2\libc.a(lib_a-memmove.o)
                0x8000b34e                memmove
 .text.__hi0bits
                0x8000b38c       0x60 e:/program x86/atmel/studio/7.0/toolchain/avr32/avr32-gnu-toolchain/bin/../lib/gcc/avr32/4.4.7/../../../../avr32/lib/ucr2\libc.a(lib_a-mprec.o)
                0x8000b38c                __hi0bits
 .text.__lo0bits
                0x8000b3ec       0x8e e:/program x86/atmel/studio/7.0/toolchain/avr32/avr32-gnu-toolchain/bin/../lib/gcc/avr32/4.4.7/../../../../avr32/lib/ucr2\libc.a(lib_a-mprec.o)
                0x8000b3ec                __lo0bits
 .text.__mcmp   0x8000b47a       0x32 e:/program x86/atmel/studio/7.0/toolchain/avr32/avr32-gnu-toolchain/bin/../lib/gcc/avr32/4.4.7/../../../../avr32/lib/ucr2\libc.a(lib_a-mprec.o)
                0x8000b47a                __mcmp
 .text._Bfree   0x8000b4ac       0x34 e:/program x86/atmel/studio/7.0/toolchain/avr32/avr32-gnu-toolchain/bin/../lib/gcc/avr32/4.4.7/../../../../avr32/lib/ucr2\libc.a(lib_a-mprec.o)
                                 0x38 (size before relaxing)
                0x8000b4ac                _Bfree
 .text._Balloc  0x8000b4e0       0x70 e:/program x86/atmel/studio/7.0/toolchain/avr32/avr32-gnu-toolchain/bin/../lib/gcc/avr32/4.4.7/../../../../avr32/lib/ucr2\libc.a(lib_a-mprec.o)
                                 0x78 (size before relaxing)
                0x8000b4e0                _Balloc
 .text.__d2b    0x8000b550       0xa0 e:/program x86/atmel/studio/7.0/toolchain/avr32/avr32-gnu-toolchain/bin/../lib/gcc/avr32/4.4.7/../../../../avr32/lib/ucr2\libc.a(lib_a-mprec.o)
                                 0xb4 (size before relaxing)
                0x8000b550                __d2b
 .text.__mdiff  0x8000b5f0       0xd0 e:/program x86/atmel/studio/7.0/toolchain/avr32/avr32-gnu-toolchain/bin/../lib/gcc/avr32/4.4.7/../../../../avr32/lib/ucr2\libc.a(lib_a-mprec.o)
                                 0xd8 (size before relaxing)
                0x8000b5f0                __mdiff
 .text.__lshift
                0x8000b6c0       0x88 e:/program x86/atmel/studio/7.0/toolchain/avr32/avr32-gnu-toolchain/bin/../lib/gcc/avr32/4.4.7/../../../../avr32/lib/ucr2\libc.a(lib_a-mprec.o)
                                 0x94 (size before relaxing)
                0x8000b6c0                __lshift
 .text.__multiply
                0x8000b748      0x100 e:/program x86/atmel/studio/7.0/toolchain/avr32/avr32-gnu-toolchain/bin/../lib/gcc/avr32/4.4.7/../../../../avr32/lib/ucr2\libc.a(lib_a-mprec.o)
                                0x108 (size before relaxing)
                0x8000b748                __multiply
 .text.__i2b    0x8000b848       0x10 e:/program x86/atmel/studio/7.0/toolchain/avr32/avr32-gnu-toolchain/bin/../lib/gcc/avr32/4.4.7/../../../../avr32/lib/ucr2\libc.a(lib_a-mprec.o)
                                 0x18 (size before relaxing)
                0x8000b848                __i2b
 .text.__multadd
                0x8000b858       0x7c e:/program x86/atmel/studio/7.0/toolchain/avr32/avr32-gnu-toolchain/bin/../lib/gcc/avr32/4.4.7/../../../../avr32/lib/ucr2\libc.a(lib_a-mprec.o)
                                 0x88 (size before relaxing)
                0x8000b858                __multadd
 .text.__pow5mult
                0x8000b8d4       0x8c e:/program x86/atmel/studio/7.0/toolchain/avr32/avr32-gnu-toolchain/bin/../lib/gcc/avr32/4.4.7/../../../../avr32/lib/ucr2\libc.a(lib_a-mprec.o)
                                 0xac (size before relaxing)
                0x8000b8d4                __pow5mult
 .text.__isinfd
                0x8000b960       0x2a e:/program x86/atmel/studio/7.0/toolchain/avr32/avr32-gnu-toolchain/bin/../lib/gcc/avr32/4.4.7/../../../../avr32/lib/ucr2\libc.a(lib_a-s_isinfd.o)
                0x8000b960                __isinfd
 .text.__isnand
                0x8000b98a       0x1c e:/program x86/atmel/studio/7.0/toolchain/avr32/avr32-gnu-toolchain/bin/../lib/gcc/avr32/4.4.7/../../../../avr32/lib/ucr2\libc.a(lib_a-s_isnand.o)
                0x8000b98a                __isnand
 *fill*         0x8000b9a6        0x2 d703d703
 .text.__sclose
                0x8000b9a8        0x8 e:/program x86/atmel/studio/7.0/toolchain/avr32/avr32-gnu-toolchain/bin/../lib/gcc/avr32/4.4.7/../../../../avr32/lib/ucr2\libc.a(lib_a-stdio.o)
                                 0x10 (size before relaxing)
                0x8000b9a8                __sclose
 .text.__sseek  0x8000b9b0       0x20 e:/program x86/atmel/studio/7.0/toolchain/avr32/avr32-gnu-toolchain/bin/../lib/gcc/avr32/4.4.7/../../../../avr32/lib/ucr2\libc.a(lib_a-stdio.o)
                                 0x28 (size before relaxing)
                0x8000b9b0                __sseek
 .text.__swrite
                0x8000b9d0       0x2c e:/program x86/atmel/studio/7.0/toolchain/avr32/avr32-gnu-toolchain/bin/../lib/gcc/avr32/4.4.7/../../../../avr32/lib/ucr2\libc.a(lib_a-stdio.o)
                                 0x38 (size before relaxing)
                0x8000b9d0                __swrite
 .text.__sread  0x8000b9fc       0x1c e:/program x86/atmel/studio/7.0/toolchain/avr32/avr32-gnu-toolchain/bin/../lib/gcc/avr32/4.4.7/../../../../avr32/lib/ucr2\libc.a(lib_a-stdio.o)
                                 0x24 (size before relaxing)
                0x8000b9fc                __sread
 .text.strlen   0x8000ba18       0x16 e:/program x86/atmel/studio/7.0/toolchain/avr32/avr32-gnu-toolchain/bin/../lib/gcc/avr32/4.4.7/../../../../avr32/lib/ucr2\libc.a(lib_a-strlen.o)
                0x8000ba18                strlen
 *fill*         0x8000ba2e        0x2 d703d703
 .text._write_r
                0x8000ba30       0x28 e:/program x86/atmel/studio/7.0/toolchain/avr32/avr32-gnu-toolchain/bin/../lib/gcc/avr32/4.4.7/../../../../avr32/lib/ucr2\libc.a(lib_a-writer.o)
                                 0x2c (size before relaxing)
                0x8000ba30                _write_r
 .text._calloc_r
                0x8000ba58       0x58 e:/program x86/atmel/studio/7.0/toolchain/avr32/avr32-gnu-toolchain/bin/../lib/gcc/avr32/4.4.7/../../../../avr32/lib/ucr2\libc.a(lib_a-callocr.o)
                                 0x60 (size before relaxing)
                0x8000ba58                _calloc_r
 .text._close_r
                0x8000bab0       0x20 e:/program x86/atmel/studio/7.0/toolchain/avr32/avr32-gnu-toolchain/bin/../lib/gcc/avr32/4.4.7/../../../../avr32/lib/ucr2\libc.a(lib_a-closer.o)
                                 0x28 (size before relaxing)
                0x8000bab0                _close_r
 .text._fclose_r
                0x8000bad0       0xb8 e:/program x86/atmel/studio/7.0/toolchain/avr32/avr32-gnu-toolchain/bin/../lib/gcc/avr32/4.4.7/../../../../avr32/lib/ucr2\libc.a(lib_a-fclose.o)
                                 0xd0 (size before relaxing)
                0x8000bad0                _fclose_r
 .text.fclose   0x8000bb88       0x10 e:/program x86/atmel/studio/7.0/toolchain/avr32/avr32-gnu-toolchain/bin/../lib/gcc/avr32/4.4.7/../../../../avr32/lib/ucr2\libc.a(lib_a-fclose.o)
                                 0x18 (size before relaxing)
                0x8000bb88                fclose
 .text._fstat_r
                0x8000bb98       0x24 e:/program x86/atmel/studio/7.0/toolchain/avr32/avr32-gnu-toolchain/bin/../lib/gcc/avr32/4.4.7/../../../../avr32/lib/ucr2\libc.a(lib_a-fstatr.o)
                                 0x2c (size before relaxing)
                0x8000bb98                _fstat_r
 .text._lseek_r
                0x8000bbbc       0x28 e:/program x86/atmel/studio/7.0/toolchain/avr32/avr32-gnu-toolchain/bin/../lib/gcc/avr32/4.4.7/../../../../avr32/lib/ucr2\libc.a(lib_a-lseekr.o)
                                 0x2c (size before relaxing)
                0x8000bbbc                _lseek_r
 .text._read_r  0x8000bbe4       0x28 e:/program x86/atmel/studio/7.0/toolchain/avr32/avr32-gnu-toolchain/bin/../lib/gcc/avr32/4.4.7/../../../../avr32/lib/ucr2\libc.a(lib_a-readr.o)
                                 0x2c (size before relaxing)
                0x8000bbe4                _read_r
 .text          0x8000bc0c      0x1d4 e:/program x86/atmel/studio/7.0/toolchain/avr32/avr32-gnu-toolchain/bin/../lib/gcc/avr32/4.4.7/ucr2\libgcc.a(_avr32_f64_mul.o)
                0x8000bc0c                __avr32_f64_mul
 .text          0x8000bde0      0x2b0 e:/program x86/atmel/studio/7.0/toolchain/avr32/avr32-gnu-toolchain/bin/../lib/gcc/avr32/4.4.7/ucr2\libgcc.a(_avr32_f64_addsub.o)
                0x8000bde4                __avr32_f64_sub
                0x8000bf80                __avr32_f64_add
 .text          0x8000c090       0x2a e:/program x86/atmel/studio/7.0/toolchain/avr32/avr32-gnu-toolchain/bin/../lib/gcc/avr32/4.4.7/ucr2\libgcc.a(_avr32_f64_to_s32.o)
                0x8000c090                __avr32_f64_to_u32
                0x8000c094                __avr32_f64_to_s32
 .text          0x8000c0ba       0xe8 e:/program x86/atmel/studio/7.0/toolchain/avr32/avr32-gnu-toolchain/bin/../lib/gcc/avr32/4.4.7/ucr2\libgcc.a(_avr32_s32_to_f64.o)
                0x8000c0ba                __avr32_u32_to_f64
                0x8000c0c2                __avr32_s32_to_f64
 .text          0x8000c1a2       0x26 e:/program x86/atmel/studio/7.0/toolchain/avr32/avr32-gnu-toolchain/bin/../lib/gcc/avr32/4.4.7/ucr2\libgcc.a(_avr32_f64_cmp_eq.o)
                0x8000c1a2                __avr32_f64_cmp_eq
 .text          0x8000c1c8       0x68 e:/program x86/atmel/studio/7.0/toolchain/avr32/avr32-gnu-toolchain/bin/../lib/gcc/avr32/4.4.7/ucr2\libgcc.a(_avr32_f64_cmp_ge.o)
                0x8000c1c8                __avr32_f64_cmp_ge
 .text          0x8000c230       0x68 e:/program x86/atmel/studio/7.0/toolchain/avr32/avr32-gnu-toolchain/bin/../lib/gcc/avr32/4.4.7/ucr2\libgcc.a(_avr32_f64_cmp_lt.o)
                0x8000c230                __avr32_f64_cmp_lt
 .text          0x8000c298      0x318 e:/program x86/atmel/studio/7.0/toolchain/avr32/avr32-gnu-toolchain/bin/../lib/gcc/avr32/4.4.7/ucr2\libgcc.a(_avr32_f64_div.o)
                0x8000c298                __avr32_f64_div
 .text          0x8000c5b0      0x264 e:/program x86/atmel/studio/7.0/toolchain/avr32/avr32-gnu-toolchain/bin/../lib/gcc/avr32/4.4.7/ucr2\libgcc.a(_udivdi3.o)
                0x8000c5b0                __avr32_udiv64
                0x8000c5b0                __udivdi3
 .text          0x8000c814      0x20c e:/program x86/atmel/studio/7.0/toolchain/avr32/avr32-gnu-toolchain/bin/../lib/gcc/avr32/4.4.7/ucr2\libgcc.a(_umoddi3.o)
                0x8000c814                __avr32_umod64
                0x8000c814                __umoddi3
 *(.text.*personality*)
 *(.gnu.warning)

.exception      0x8000cc00      0x200
 .exception     0x8000cc00      0x200 src/ASF/thirdparty/freertos/freertos-7.0.0/source/portable/gcc/avr32_uc3/exception.o
                0x8000cc00                _evba
                0x8000cd04                _int0
                0x8000cd12                _int1
                0x8000cd20                _int2
                0x8000cd2e                _int3
                0x8000cd3c                ipr_val

.fini
 *(.fini)
                0x8000ce00                PROVIDE (__etext, .)
                0x8000ce00                PROVIDE (_etext, .)
                0x8000ce00                PROVIDE (etext, .)

.rodata         0x8000ce00     0x11a0
 *(.rodata .rodata.* .gnu.linkonce.r.*)
 .rodata.str1.4
                0x8000ce00      0x6cc src/Application/app/app.o
 .rodata.str1.4
                0x8000d4cc       0x1d src/Application/myrtc/xgrtc.o
                                 0x20 (size before relaxing)
 *fill*         0x8000d4e9        0x3 
 .rodata.CSWTCH.35
                0x8000d4ec       0x48 src/Application/radio/ambe.o
 .rodata.str1.4
                0x8000d534        0xb src/Application/radio/payload.o
                                  0xc (size before relaxing)
 *fill*         0x8000d53f        0x1 
 .rodata.str1.4
                0x8000d540       0x48 src/Application/radio/physical.o
 .rodata.str1.4
                0x8000d588        0x8 src/Application/radio/xcmp.o
 .rodata.str1.4
                0x8000d590        0x7 src/Application/radio/xnl.o
                                 0x10 (size before relaxing)
 *fill*         0x8000d597        0x1 
 .rodata.RC522_SPI_GPIO_MAP.10476
                0x8000d598       0x20 src/Application/RFID/MFRC522/rc522.o
 .rodata.CSWTCH.74
                0x8000d5b8        0x4 src/Application/RFID/MFRC522/rc522.o
 .rodata.CSWTCH.75
                0x8000d5bc        0x4 src/Application/RFID/MFRC522/rc522.o
 .rodata.C.51.10478
                0x8000d5c0       0x10 src/Application/RFID/MFRC522/rc522.o
 .rodata.str1.4
                0x8000d5d0       0x85 src/Application/RFID/RFID.o
                                 0x88 (size before relaxing)
 *fill*         0x8000d655        0x3 
 .rodata.TC_GPIO_MAP.10363
                0x8000d658       0x18 src/Application/timers/timer.o
 .rodata._int_handler_table
                0x8000d670       0x98 src/ASF/avr32/drivers/intc/intc.o
 .rodata.str1.4
                0x8000d708        0x5 src/ASF/thirdparty/freertos/freertos-7.0.0/source/tasks.o
                                  0x8 (size before relaxing)
 *fill*         0x8000d70d        0x3 
 .rodata.log    0x8000d710      0x150 src/Log/log.o
 .rodata.logFromISR
                0x8000d860      0x150 src/Log/log.o
 .rodata.USART_OPTIONS.11277
                0x8000d9b0        0xc src/Log/log.o
 .rodata.str1.4
                0x8000d9bc       0x3c src/Log/log.o
 .rodata.USART_GPIO_MAP.11276
                0x8000d9f8       0x10 src/Log/log.o
 .rodata.str1.4
                0x8000da08       0x14 src/main.o
 .rodata.get_arg
                0x8000da1c       0x3c e:/program x86/atmel/studio/7.0/toolchain/avr32/avr32-gnu-toolchain/bin/../lib/gcc/avr32/4.4.7/../../../../avr32/lib/ucr2\libc.a(lib_a-vfprintf.o)
 .rodata._vfprintf_r
                0x8000da58      0x164 e:/program x86/atmel/studio/7.0/toolchain/avr32/avr32-gnu-toolchain/bin/../lib/gcc/avr32/4.4.7/../../../../avr32/lib/ucr2\libc.a(lib_a-vfprintf.o)
 .rodata.state_table
                0x8000dbbc       0x6c e:/program x86/atmel/studio/7.0/toolchain/avr32/avr32-gnu-toolchain/bin/../lib/gcc/avr32/4.4.7/../../../../avr32/lib/ucr2\libc.a(lib_a-vfprintf.o)
 .rodata.action_table
                0x8000dc28       0x6c e:/program x86/atmel/studio/7.0/toolchain/avr32/avr32-gnu-toolchain/bin/../lib/gcc/avr32/4.4.7/../../../../avr32/lib/ucr2\libc.a(lib_a-vfprintf.o)
 .rodata.str1.4
                0x8000dc94       0x3a e:/program x86/atmel/studio/7.0/toolchain/avr32/avr32-gnu-toolchain/bin/../lib/gcc/avr32/4.4.7/../../../../avr32/lib/ucr2\libc.a(lib_a-vfprintf.o)
                                 0x3c (size before relaxing)
 *fill*         0x8000dcce        0x2 
 .rodata.blanks.3430
                0x8000dcd0       0x10 e:/program x86/atmel/studio/7.0/toolchain/avr32/avr32-gnu-toolchain/bin/../lib/gcc/avr32/4.4.7/../../../../avr32/lib/ucr2\libc.a(lib_a-vfprintf.o)
 .rodata.zeroes.3431
                0x8000dce0       0x10 e:/program x86/atmel/studio/7.0/toolchain/avr32/avr32-gnu-toolchain/bin/../lib/gcc/avr32/4.4.7/../../../../avr32/lib/ucr2\libc.a(lib_a-vfprintf.o)
 .rodata.chclass
                0x8000dcf0      0x100 e:/program x86/atmel/studio/7.0/toolchain/avr32/avr32-gnu-toolchain/bin/../lib/gcc/avr32/4.4.7/../../../../avr32/lib/ucr2\libc.a(lib_a-vfprintf.o)
 .rodata.str1.4
                0x8000ddf0       0x10 e:/program x86/atmel/studio/7.0/toolchain/avr32/avr32-gnu-toolchain/bin/../lib/gcc/avr32/4.4.7/../../../../avr32/lib/ucr2\libc.a(lib_a-dtoa.o)
                                 0x14 (size before relaxing)
 .rodata.__sf_fake_stdin
                0x8000de00       0x20 e:/program x86/atmel/studio/7.0/toolchain/avr32/avr32-gnu-toolchain/bin/../lib/gcc/avr32/4.4.7/../../../../avr32/lib/ucr2\libc.a(lib_a-findfp.o)
                0x8000de00                __sf_fake_stdin
 .rodata.__sf_fake_stdout
                0x8000de20       0x20 e:/program x86/atmel/studio/7.0/toolchain/avr32/avr32-gnu-toolchain/bin/../lib/gcc/avr32/4.4.7/../../../../avr32/lib/ucr2\libc.a(lib_a-findfp.o)
                0x8000de20                __sf_fake_stdout
 .rodata.__sf_fake_stderr
                0x8000de40       0x20 e:/program x86/atmel/studio/7.0/toolchain/avr32/avr32-gnu-toolchain/bin/../lib/gcc/avr32/4.4.7/../../../../avr32/lib/ucr2\libc.a(lib_a-findfp.o)
                0x8000de40                __sf_fake_stderr
 .rodata.str1.4
                0x8000de60        0x2 e:/program x86/atmel/studio/7.0/toolchain/avr32/avr32-gnu-toolchain/bin/../lib/gcc/avr32/4.4.7/../../../../avr32/lib/ucr2\libc.a(lib_a-impure.o)
                                  0x4 (size before relaxing)
 *fill*         0x8000de62        0x2 
 .rodata._global_impure_ptr
                0x8000de64        0x4 e:/program x86/atmel/studio/7.0/toolchain/avr32/avr32-gnu-toolchain/bin/../lib/gcc/avr32/4.4.7/../../../../avr32/lib/ucr2\libc.a(lib_a-impure.o)
                0x8000de64                _global_impure_ptr
 .rodata.lconv  0x8000de68       0x30 e:/program x86/atmel/studio/7.0/toolchain/avr32/avr32-gnu-toolchain/bin/../lib/gcc/avr32/4.4.7/../../../../avr32/lib/ucr2\libc.a(lib_a-locale.o)
 .rodata.str1.4
                0x8000de98        0xc e:/program x86/atmel/studio/7.0/toolchain/avr32/avr32-gnu-toolchain/bin/../lib/gcc/avr32/4.4.7/../../../../avr32/lib/ucr2\libc.a(lib_a-locale.o)
                                 0x18 (size before relaxing)
 .rodata.p05.2471
                0x8000dea4        0xc e:/program x86/atmel/studio/7.0/toolchain/avr32/avr32-gnu-toolchain/bin/../lib/gcc/avr32/4.4.7/../../../../avr32/lib/ucr2\libc.a(lib_a-mprec.o)
 .rodata.__mprec_tens
                0x8000deb0       0xc8 e:/program x86/atmel/studio/7.0/toolchain/avr32/avr32-gnu-toolchain/bin/../lib/gcc/avr32/4.4.7/../../../../avr32/lib/ucr2\libc.a(lib_a-mprec.o)
                0x8000deb0                __mprec_tens
 .rodata.__mprec_bigtens
                0x8000df78       0x28 e:/program x86/atmel/studio/7.0/toolchain/avr32/avr32-gnu-toolchain/bin/../lib/gcc/avr32/4.4.7/../../../../avr32/lib/ucr2\libc.a(lib_a-mprec.o)
                0x8000df78                __mprec_bigtens

.rodata1
 *(.rodata1)

.eh_frame_hdr
 *(.eh_frame_hdr)

.eh_frame
 *(.eh_frame)

.gcc_except_table
 *(.gcc_except_table)
 *(.gcc_except_table.*)

.dalign         0x8000dfa0        0x0
                0x8000dfa0                . = ALIGN (0x8)
                0x8000dfa0                PROVIDE (_data_lma, .)
                0x00000004                PROVIDE (_data, ORIGIN (CPUSRAM))
                0x00000004                . = ORIGIN (CPUSRAM)

.eh_frame
 *(.eh_frame)

.gcc_except_table
 *(.gcc_except_table)
 *(.gcc_except_table.*)

.tdata
 *(.tdata .tdata.* .gnu.linkonce.td.*)

.tbss
 *(.tbss .tbss.* .gnu.linkonce.tb.*)
 *(.tcommon)
                0x00000004                PROVIDE (__preinit_array_start, ALIGN (0x4))

.preinit_array
 *(.preinit_array)
                0x00000004                PROVIDE (__preinit_array_end, .)
                0x00000004                PROVIDE (__init_array_start, .)

.init_array
 *(.init_array)
                0x00000004                PROVIDE (__init_array_end, .)
                0x00000004                PROVIDE (__fini_array_start, .)

.fini_array
 *(.fini_array)
                0x00000004                PROVIDE (__fini_array_end, .)

.ctors
 *crtbegin*.o(.ctors)
 *(EXCLUDE_FILE(*crtend*.o) .ctors)
 *(SORT(.ctors.*))
 *(.ctors)

.dtors
 *crtbegin*.o(.dtors)
 *(EXCLUDE_FILE(*crtend*.o) .dtors)
 *(SORT(.dtors.*))
 *(.dtors)

.jcr
 *(.jcr)

.data.rel.ro
 *(.data.rel.ro.local)
 *(.data.rel.ro*)

.dynamic
 *(.dynamic)

.got
 *(.got.plt)
 *(.got)

.data           0x00000004      0xa3c load address 0x8000dfa0
 *(.data .data.* .gnu.linkonce.d.*)
 .data.the_app_list
                0x00000004      0x4ec src/Application/app/app.o
 .data.print_sec
                0x000004f0        0x4 src/Application/myrtc/xgrtc.o
 .data.xnl_proc_list
                0x000004f4       0x34 src/Application/radio/xnl.o
 .data.unsure_data
                0x00000528        0x8 src/Application/RFID/RFID.o
                0x00000528                unsure_data
 .data.start_session.11219
                0x00000530        0x1 src/Application/RFID/RFID.o
 *fill*         0x00000531        0x3 
 .data.ulCriticalNesting
                0x00000534        0x4 src/ASF/thirdparty/freertos/freertos-7.0.0/source/portable/gcc/avr32_uc3/port.o
                0x00000534                ulCriticalNesting
 .data.xNextTaskUnblockTime
                0x00000538        0x4 src/ASF/thirdparty/freertos/freertos-7.0.0/source/tasks.o
 .data.__malloc_av_
                0x0000053c      0x408 e:/program x86/atmel/studio/7.0/toolchain/avr32/avr32-gnu-toolchain/bin/../lib/gcc/avr32/4.4.7/../../../../avr32/lib/ucr2\libc.a(lib_a-mallocr.o)
                0x0000053c                __malloc_av_
 .data.__malloc_trim_threshold
                0x00000944        0x4 e:/program x86/atmel/studio/7.0/toolchain/avr32/avr32-gnu-toolchain/bin/../lib/gcc/avr32/4.4.7/../../../../avr32/lib/ucr2\libc.a(lib_a-mallocr.o)
                0x00000944                __malloc_trim_threshold
 .data.__malloc_sbrk_base
                0x00000948        0x4 e:/program x86/atmel/studio/7.0/toolchain/avr32/avr32-gnu-toolchain/bin/../lib/gcc/avr32/4.4.7/../../../../avr32/lib/ucr2\libc.a(lib_a-mallocr.o)
                0x00000948                __malloc_sbrk_base
 .data.impure_data
                0x0000094c       0xf0 e:/program x86/atmel/studio/7.0/toolchain/avr32/avr32-gnu-toolchain/bin/../lib/gcc/avr32/4.4.7/../../../../avr32/lib/ucr2\libc.a(lib_a-impure.o)
 .data._impure_ptr
                0x00000a3c        0x4 e:/program x86/atmel/studio/7.0/toolchain/avr32/avr32-gnu-toolchain/bin/../lib/gcc/avr32/4.4.7/../../../../avr32/lib/ucr2\libc.a(lib_a-impure.o)
                0x00000a3c                _impure_ptr
 *(.gnu.linkonce.d.*personality*)

.data1
 *(.data1)

.balign         0x00000a40        0x0 load address 0x8000e9dc
                0x00000a40                . = ALIGN (0x8)
                0x00000a40                _edata = .
                0x00000a40                _edata = .
                0x00000a40                PROVIDE (edata, .)
                0x00000a40                __bss_start = .

.bss            0x00000a40     0x46e8 load address 0x8000e9dc
 *(.dynbss)
 *(.bss .bss.* .gnu.linkonce.b.*)
 .bss.Speaker_is_unmute
                0x00000a40        0x1 src/Application/app/app.o
                0x00000a40                Speaker_is_unmute
 .bss.AMBE_rx_flag
                0x00000a41        0x1 src/Application/app/app.o
                0x00000a41                AMBE_rx_flag
 *fill*         0x00000a42        0x2 
 .bss.xLastWakeTime.12003
                0x00000a44        0x4 src/Application/app/app.o
 .bss.VF_SN     0x00000a48        0x1 src/Application/app/app.o
                0x00000a48                VF_SN
 *fill*         0x00000a49        0x3 
 .bss.res.11992
                0x00000a4c        0x4 src/Application/app/app.o
 .bss.AMBE_tx_flag
                0x00000a50        0x1 src/Application/app/app.o
                0x00000a50                AMBE_tx_flag
 .bss.Radio_Transmit_State
                0x00000a51        0x1 src/Application/app/app.o
                0x00000a51                Radio_Transmit_State
 .bss.Call_Begin
                0x00000a52        0x1 src/Application/app/app.o
                0x00000a52                Call_Begin
 .bss.AMBE_Media
                0x00000a53        0x1 src/Application/app/app.o
                0x00000a53                AMBE_Media
 .bss.times_counter.12035
                0x00000a54        0x1 src/Application/app/app.o
 .bss.connect_flag
                0x00000a55        0x1 src/Application/app/app.o
 .bss.Mic_is_Enabled
                0x00000a56        0x1 src/Application/app/app.o
                0x00000a56                Mic_is_Enabled
 .bss.Terminator_Flag
                0x00000a57        0x1 src/Application/app/app.o
                0x00000a57                Terminator_Flag
 .bss.ulIdleCycleCount
                0x00000a58        0x4 src/Application/app/app.o
                0x00000a58                ulIdleCycleCount
 .bss.payload_rx_exec
                0x00000a5c        0x4 src/Application/radio/payload.o
                0x00000a5c                payload_rx_exec
 .bss.payload_tx_exec
                0x00000a60        0x4 src/Application/radio/payload.o
                0x00000a60                payload_tx_exec
 .bss.phy_tx_index.10646
                0x00000a64        0x1 src/Application/radio/physical.o
 *fill*         0x00000a65        0x3 
 .bss.m_RxBurstType
                0x00000a68        0x4 src/Application/radio/physical.o
 .bss.phy_check_sum.10690
                0x00000a6c        0x2 src/Application/radio/physical.o
 *fill*         0x00000a6e        0x2 
 .bss.payload_store_idle
                0x00000a70        0x4 src/Application/radio/physical.o
                0x00000a70                payload_store_idle
 .bss.phy_rx_length.10689
                0x00000a74        0x2 src/Application/radio/physical.o
 *fill*         0x00000a76        0x2 
 .bss.RxBytesWaiting.10966
                0x00000a78        0x4 src/Application/radio/physical.o
 .bss.phy_rx_expexted_length.10688
                0x00000a7c        0x2 src/Application/radio/physical.o
 *fill*         0x00000a7e        0x2 
 .bss.phy_tx_state.10644
                0x00000a80        0x4 src/Application/radio/physical.o
 .bss.Item_ID.10971
                0x00000a84        0x1 src/Application/radio/physical.o
 .bss.is_first.10970
                0x00000a85        0x1 src/Application/radio/physical.o
 *fill*         0x00000a86        0x2 
 .bss.phy_frame_ptr.10687
                0x00000a88        0x4 src/Application/radio/physical.o
 .bss.phy_payload_frame_rx
                0x00000a8c        0x4 src/Application/radio/physical.o
                0x00000a8c                phy_payload_frame_rx
 .bss.Item_Length.10972
                0x00000a90        0x4 src/Application/radio/physical.o
 .bss.AMBE_payload_ptr.10969
                0x00000a94        0x4 src/Application/radio/physical.o
 .bss.RxMedia_IsFillingNext16.10963
                0x00000a98        0x4 src/Application/radio/physical.o
 .bss.payload_ptr.10968
                0x00000a9c        0x4 src/Application/radio/physical.o
 .bss.phy_rx_state.10691
                0x00000aa0        0x4 src/Application/radio/physical.o
 .bss.RxAMBE_IsFillingNext8.10964
                0x00000aa4        0x4 src/Application/radio/physical.o
 .bss.phy_tx_expexted_length.10645
                0x00000aa8        0x2 src/Application/radio/physical.o
 *fill*         0x00000aaa        0x2 
 .bss.phy_payload_frame_tx
                0x00000aac        0x4 src/Application/radio/physical.o
                0x00000aac                phy_payload_frame_tx
 .bss.ArrayDiscLength.10967
                0x00000ab0        0x4 src/Application/radio/physical.o
 .bss.xnl_store_idle
                0x00000ab4        0x4 src/Application/radio/physical.o
                0x00000ab4                xnl_store_idle
 .bss.phy_xnl_frame_rx
                0x00000ab8        0x4 src/Application/radio/physical.o
                0x00000ab8                phy_xnl_frame_rx
 .bss.phy_rx_count.10692
                0x00000abc        0x4 src/Application/radio/physical.o
 .bss.RxData_IsFillingNext16.10965
                0x00000ac0        0x4 src/Application/radio/physical.o
 .bss.phy_xnl_frame_tx
                0x00000ac4        0x4 src/Application/radio/physical.o
                0x00000ac4                phy_xnl_frame_tx
 .bss.SDV_Index.10974
                0x00000ac8        0x1 src/Application/radio/physical.o
 *fill*         0x00000ac9        0x3 
 .bss.phy_ptr.10643
                0x00000acc        0x4 src/Application/radio/physical.o
 .bss.RxMediaState.10962
                0x00000ad0        0x4 src/Application/radio/physical.o
 .bss.AMBE_HT   0x00000ad4        0x8 src/Application/radio/physical.o
 .bss.phy_rx_exec
                0x00000adc        0x4 src/Application/radio/ssc.o
                0x00000adc                phy_rx_exec
 .bss.phy_tx_exec
                0x00000ae0        0x4 src/Application/radio/ssc.o
                0x00000ae0                phy_tx_exec
 .bss.version_information
                0x00000ae4        0xc src/Application/radio/xcmp.o
                0x00000ae4                version_information
 .bss.clone_read
                0x00000af0        0xc src/Application/radio/xcmp.o
                0x00000af0                clone_read
 .bss.xcmp_frame_rx
                0x00000afc        0x4 src/Application/radio/xcmp.o
 .bss.clone_write
                0x00000b00        0xc src/Application/radio/xcmp.o
                0x00000b00                clone_write
 .bss.automatic_frequency_correction_control
                0x00000b0c        0xc src/Application/radio/xcmp.o
                0x00000b0c                automatic_frequency_correction_control
 .bss.language_pack_information
                0x00000b18        0xc src/Application/radio/xcmp.o
                0x00000b18                language_pack_information
 .bss.radio_status
                0x00000b24        0xc src/Application/radio/xcmp.o
                0x00000b24                radio_status
 .bss.xnl_timeout_semphr
                0x00000b30        0x4 src/Application/radio/xnl.o
 .bss.xnl_information
                0x00000b34        0xa src/Application/radio/xnl.o
 *fill*         0x00000b3e        0x2 
 .bss.xnl_frame_tx
                0x00000b40        0x4 src/Application/radio/xnl.o
 .bss.xnl_send_times.10716
                0x00000b44        0x4 src/Application/radio/xnl.o
 .bss.ptr.10717
                0x00000b48        0x4 src/Application/radio/xnl.o
 .bss.flags.10671
                0x00000b4c        0x1 src/Application/radio/xnl.o
 *fill*         0x00000b4d        0x3 
 .bss.xnl_tx_state.10715
                0x00000b50        0x4 src/Application/radio/xnl.o
 .bss.xcmp_exec
                0x00000b54        0x4 src/Application/radio/xnl.o
                0x00000b54                xcmp_exec
 .bss.rc522_init_failure
                0x00000b58        0x1 src/Application/RFID/MFRC522/rc522.o
                0x00000b58                rc522_init_failure
 *fill*         0x00000b59        0x3 
 .bss._int_line_handler_table_6
                0x00000b5c        0x4 src/ASF/avr32/drivers/intc/intc.o
 .bss._int_line_handler_table_7
                0x00000b60        0x4 src/ASF/avr32/drivers/intc/intc.o
 .bss._int_line_handler_table_8
                0x00000b64        0x4 src/ASF/avr32/drivers/intc/intc.o
 .bss._int_line_handler_table_9
                0x00000b68        0x4 src/ASF/avr32/drivers/intc/intc.o
 .bss._int_line_handler_table_10
                0x00000b6c        0x4 src/ASF/avr32/drivers/intc/intc.o
 .bss._int_line_handler_table_11
                0x00000b70        0x4 src/ASF/avr32/drivers/intc/intc.o
 .bss._int_line_handler_table_12
                0x00000b74        0x4 src/ASF/avr32/drivers/intc/intc.o
 .bss._int_line_handler_table_13
                0x00000b78        0x4 src/ASF/avr32/drivers/intc/intc.o
 .bss._int_line_handler_table_14
                0x00000b7c        0xc src/ASF/avr32/drivers/intc/intc.o
 .bss._int_line_handler_table_15
                0x00000b88        0x4 src/ASF/avr32/drivers/intc/intc.o
 .bss._int_line_handler_table_16
                0x00000b8c        0x4 src/ASF/avr32/drivers/intc/intc.o
 .bss._int_line_handler_table_17
                0x00000b90        0x4 src/ASF/avr32/drivers/intc/intc.o
 .bss._int_line_handler_table_18
                0x00000b94        0x4 src/ASF/avr32/drivers/intc/intc.o
 .bss._int_line_handler_table_0
                0x00000b98        0x4 src/ASF/avr32/drivers/intc/intc.o
 .bss._int_line_handler_table_1
                0x00000b9c       0x2c src/ASF/avr32/drivers/intc/intc.o
 .bss._int_line_handler_table_2
                0x00000bc8       0x18 src/ASF/avr32/drivers/intc/intc.o
 .bss._int_line_handler_table_3
                0x00000be0       0x1c src/ASF/avr32/drivers/intc/intc.o
 .bss._int_line_handler_table_4
                0x00000bfc        0x4 src/ASF/avr32/drivers/intc/intc.o
 .bss._int_line_handler_table_5
                0x00000c00        0x4 src/ASF/avr32/drivers/intc/intc.o
 .bss.uxMissedTicks
                0x00000c04        0x4 src/ASF/thirdparty/freertos/freertos-7.0.0/source/tasks.o
 .bss.uxTopUsedPriority
                0x00000c08        0x4 src/ASF/thirdparty/freertos/freertos-7.0.0/source/tasks.o
 .bss.pxDelayedTaskList
                0x00000c0c        0x4 src/ASF/thirdparty/freertos/freertos-7.0.0/source/tasks.o
 .bss.xSchedulerRunning
                0x00000c10        0x4 src/ASF/thirdparty/freertos/freertos-7.0.0/source/tasks.o
 .bss.uxTasksDeleted
                0x00000c14        0x4 src/ASF/thirdparty/freertos/freertos-7.0.0/source/tasks.o
 .bss.xNumOfOverflows
                0x00000c18        0x4 src/ASF/thirdparty/freertos/freertos-7.0.0/source/tasks.o
 .bss.pxOverflowDelayedTaskList
                0x00000c1c        0x4 src/ASF/thirdparty/freertos/freertos-7.0.0/source/tasks.o
 .bss.pxReadyTasksLists
                0x00000c20       0xa0 src/ASF/thirdparty/freertos/freertos-7.0.0/source/tasks.o
 .bss.xTasksWaitingTermination
                0x00000cc0       0x14 src/ASF/thirdparty/freertos/freertos-7.0.0/source/tasks.o
 .bss.pxCurrentTCB
                0x00000cd4        0x4 src/ASF/thirdparty/freertos/freertos-7.0.0/source/tasks.o
                0x00000cd4                pxCurrentTCB
 .bss.xPendingReadyList
                0x00000cd8       0x14 src/ASF/thirdparty/freertos/freertos-7.0.0/source/tasks.o
 .bss.xDelayedTaskList1
                0x00000cec       0x14 src/ASF/thirdparty/freertos/freertos-7.0.0/source/tasks.o
 .bss.xTickCount
                0x00000d00        0x4 src/ASF/thirdparty/freertos/freertos-7.0.0/source/tasks.o
 .bss.uxSchedulerSuspended
                0x00000d04        0x4 src/ASF/thirdparty/freertos/freertos-7.0.0/source/tasks.o
 .bss.xDelayedTaskList2
                0x00000d08       0x14 src/ASF/thirdparty/freertos/freertos-7.0.0/source/tasks.o
 .bss.uxTaskNumber
                0x00000d1c        0x4 src/ASF/thirdparty/freertos/freertos-7.0.0/source/tasks.o
 .bss.uxCurrentNumberOfTasks
                0x00000d20        0x4 src/ASF/thirdparty/freertos/freertos-7.0.0/source/tasks.o
 .bss.xMissedYield
                0x00000d24        0x4 src/ASF/thirdparty/freertos/freertos-7.0.0/source/tasks.o
 .bss.xSuspendedTaskList
                0x00000d28       0x14 src/ASF/thirdparty/freertos/freertos-7.0.0/source/tasks.o
 .bss.uxTopReadyPriority
                0x00000d3c        0x4 src/ASF/thirdparty/freertos/freertos-7.0.0/source/tasks.o
 .bss.lench.11293
                0x00000d40        0x1 src/Log/log.o
 .bss.lench.11363
                0x00000d41        0x1 src/Log/log.o
 *fill*         0x00000d42        0x2 
 .bss.__malloc_max_total_mem
                0x00000d44        0x4 e:/program x86/atmel/studio/7.0/toolchain/avr32/avr32-gnu-toolchain/bin/../lib/gcc/avr32/4.4.7/../../../../avr32/lib/ucr2\libc.a(lib_a-mallocr.o)
                0x00000d44                __malloc_max_total_mem
 .bss.__malloc_max_sbrked_mem
                0x00000d48        0x4 e:/program x86/atmel/studio/7.0/toolchain/avr32/avr32-gnu-toolchain/bin/../lib/gcc/avr32/4.4.7/../../../../avr32/lib/ucr2\libc.a(lib_a-mallocr.o)
                0x00000d48                __malloc_max_sbrked_mem
 .bss.__malloc_top_pad
                0x00000d4c        0x4 e:/program x86/atmel/studio/7.0/toolchain/avr32/avr32-gnu-toolchain/bin/../lib/gcc/avr32/4.4.7/../../../../avr32/lib/ucr2\libc.a(lib_a-mallocr.o)
                0x00000d4c                __malloc_top_pad
 .bss.__malloc_current_mallinfo
                0x00000d50       0x28 e:/program x86/atmel/studio/7.0/toolchain/avr32/avr32-gnu-toolchain/bin/../lib/gcc/avr32/4.4.7/../../../../avr32/lib/ucr2\libc.a(lib_a-mallocr.o)
                0x00000d50                __malloc_current_mallinfo
 .bss.cur_heap_pos.1869
                0x00000d78        0x4 e:/program x86/atmel/studio/7.0/toolchain/avr32/avr32-gnu-toolchain/bin/../lib/gcc/avr32/4.4.7/../../../../avr32/lib/ucr2\libc.a(lib_a-syscalls.o)
 *(COMMON)
 COMMON         0x00000d7c        0xa src/Application/app/app.o
                0x00000d7c                bunchofrandomstatusflags
                0x00000d80                Current_time
 *fill*         0x00000d86        0x2 
 COMMON         0x00000d88     0x1004 src/Application/flash/data_flash.o
                0x00000d88                FLASH_BUF
                0x00001d88                spi
 COMMON         0x00001d8c      0x122 src/Application/radio/ambe.o
                0x00001d8c                AMBEBurst_rawdata
                0x00001d94                Radio_Internal_Data
                0x00001d98                AMBE_DecryptionKey
                0x00001da0                SendAMBEBurst_EncryptionPackage
                0x00001e90                VBSP_data
                0x00001e94                Soft_Decision_Data
 COMMON         0x00001eae     0x3200 src/Application/radio/physical.o
                0x00001eae                payload_store
                0x000032ae                xnl_store
 *fill*         0x000050ae        0x2 
 COMMON         0x000050b0       0x4c src/Application/radio/ssc.o
                0x000050b0                intDuration
                0x000050b4                BufferIndex
                0x000050b8                intStartCount
                0x000050bc                RxBuffer
                0x000050dc                TxBuffer
 COMMON         0x000050fc        0x4 src/Application/radio/xcmp.o
                0x000050fc                app_list
 COMMON         0x00005100       0x18 src/Application/RFID/RFID.o
                0x00005100                RFID
                0x00005110                CT
                0x00005114                SN
 COMMON         0x00005118        0x4 src/ASF/avr32/drivers/spi/spi.o
                0x00005118                xSPIMutex
 COMMON         0x0000511c        0x4 src/ASF/thirdparty/freertos/freertos-7.0.0/source/portable/gcc/avr32_uc3/write.o
                0x0000511c                stdio_usart_base
 COMMON         0x00005120        0x4 src/Log/log.o
                0x00005120                logQueue
 COMMON         0x00005124        0x4 e:/program x86/atmel/studio/7.0/toolchain/avr32/avr32-gnu-toolchain/bin/../lib/gcc/avr32/4.4.7/../../../../avr32/lib/ucr2\libc.a(lib_a-reent.o)
                0x00005124                errno
                0x00005128                . = ALIGN (0x8)
                0x00005128                . = ALIGN (0x8)
                0x00005128                _end = .
                0x00005128                PROVIDE (end, .)
                0x00005128                __heap_start__ = ALIGN (0x8)
                0x00017000                . = ((ORIGIN (CPUSRAM) + 0x17ffc) - _stack_size)
                0x00017000                __heap_end__ = .

.stab
 *(.stab)

.stabstr
 *(.stabstr)

.stab.excl
 *(.stab.excl)

.stab.exclstr
 *(.stab.exclstr)

.stab.index
 *(.stab.index)

.stab.indexstr
 *(.stab.indexstr)

.comment        0x00000000       0x30
 *(.comment)
 .comment       0x00000000       0x30 src/Application/app/app.o
                                 0x31 (size before relaxing)
 .comment       0x00000000       0x31 src/Application/flash/data_flash.o
 .comment       0x00000000       0x31 src/Application/myrtc/xgrtc.o
 .comment       0x00000000       0x31 src/Application/radio/ambe.o
 .comment       0x00000000       0x31 src/Application/radio/payload.o
 .comment       0x00000000       0x31 src/Application/radio/physical.o
 .comment       0x00000000       0x31 src/Application/radio/ssc.o
 .comment       0x00000000       0x31 src/Application/radio/xcmp.o
 .comment       0x00000000       0x31 src/Application/radio/xnl.o
 .comment       0x00000000       0x31 src/Application/RFID/MFRC522/rc522.o
 .comment       0x00000000       0x31 src/Application/RFID/RFID.o
 .comment       0x00000000       0x31 src/Application/timers/timer.o
 .comment       0x00000000       0x31 src/ASF/avr32/drivers/gpio/gpio.o
 .comment       0x00000000       0x31 src/ASF/avr32/drivers/intc/intc.o
 .comment       0x00000000       0x31 src/ASF/avr32/drivers/pm/pm.o
 .comment       0x00000000       0x31 src/ASF/avr32/drivers/rtc/rtc.o
 .comment       0x00000000       0x31 src/ASF/avr32/drivers/spi/spi.o
 .comment       0x00000000       0x31 src/ASF/avr32/drivers/usart/usart.o
 .comment       0x00000000       0x31 src/ASF/thirdparty/freertos/freertos-7.0.0/source/list.o
 .comment       0x00000000       0x31 src/ASF/thirdparty/freertos/freertos-7.0.0/source/portable/gcc/avr32_uc3/port.o
 .comment       0x00000000       0x31 src/ASF/thirdparty/freertos/freertos-7.0.0/source/portable/gcc/avr32_uc3/read.o
 .comment       0x00000000       0x31 src/ASF/thirdparty/freertos/freertos-7.0.0/source/portable/gcc/avr32_uc3/write.o
 .comment       0x00000000       0x31 src/ASF/thirdparty/freertos/freertos-7.0.0/source/portable/memmang/heap_3.o
 .comment       0x00000000       0x31 src/ASF/thirdparty/freertos/freertos-7.0.0/source/queue.o
 .comment       0x00000000       0x31 src/ASF/thirdparty/freertos/freertos-7.0.0/source/tasks.o
 .comment       0x00000000       0x31 src/Log/log.o
 .comment       0x00000000       0x31 src/main.o
 .comment       0x00000000       0x31 e:/program x86/atmel/studio/7.0/toolchain/avr32/avr32-gnu-toolchain/bin/../lib/gcc/avr32/4.4.7/../../../../avr32/lib/ucr2\libc.a(lib_a-malloc.o)
 .comment       0x00000000       0x31 e:/program x86/atmel/studio/7.0/toolchain/avr32/avr32-gnu-toolchain/bin/../lib/gcc/avr32/4.4.7/../../../../avr32/lib/ucr2\libc.a(lib_a-mallocr.o)
 .comment       0x00000000       0x31 e:/program x86/atmel/studio/7.0/toolchain/avr32/avr32-gnu-toolchain/bin/../lib/gcc/avr32/4.4.7/../../../../avr32/lib/ucr2\libc.a(lib_a-memset.o)
 .comment       0x00000000       0x31 e:/program x86/atmel/studio/7.0/toolchain/avr32/avr32-gnu-toolchain/bin/../lib/gcc/avr32/4.4.7/../../../../avr32/lib/ucr2\libc.a(lib_a-reallocr.o)
 .comment       0x00000000       0x31 e:/program x86/atmel/studio/7.0/toolchain/avr32/avr32-gnu-toolchain/bin/../lib/gcc/avr32/4.4.7/../../../../avr32/lib/ucr2\libc.a(lib_a-sbrkr.o)
 .comment       0x00000000       0x31 e:/program x86/atmel/studio/7.0/toolchain/avr32/avr32-gnu-toolchain/bin/../lib/gcc/avr32/4.4.7/../../../../avr32/lib/ucr2\libc.a(lib_a-sprintf.o)
 .comment       0x00000000       0x31 e:/program x86/atmel/studio/7.0/toolchain/avr32/avr32-gnu-toolchain/bin/../lib/gcc/avr32/4.4.7/../../../../avr32/lib/ucr2\libc.a(lib_a-syscalls.o)
 .comment       0x00000000       0x31 e:/program x86/atmel/studio/7.0/toolchain/avr32/avr32-gnu-toolchain/bin/../lib/gcc/avr32/4.4.7/../../../../avr32/lib/ucr2\libc.a(lib_a-vfprintf.o)
 .comment       0x00000000       0x31 e:/program x86/atmel/studio/7.0/toolchain/avr32/avr32-gnu-toolchain/bin/../lib/gcc/avr32/4.4.7/../../../../avr32/lib/ucr2\libc.a(lib_a-wsetup.o)
 .comment       0x00000000       0x31 e:/program x86/atmel/studio/7.0/toolchain/avr32/avr32-gnu-toolchain/bin/../lib/gcc/avr32/4.4.7/../../../../avr32/lib/ucr2\libc.a(lib_a-dtoa.o)
 .comment       0x00000000       0x31 e:/program x86/atmel/studio/7.0/toolchain/avr32/avr32-gnu-toolchain/bin/../lib/gcc/avr32/4.4.7/../../../../avr32/lib/ucr2\libc.a(lib_a-errno.o)
 .comment       0x00000000       0x31 e:/program x86/atmel/studio/7.0/toolchain/avr32/avr32-gnu-toolchain/bin/../lib/gcc/avr32/4.4.7/../../../../avr32/lib/ucr2\libc.a(lib_a-fflush.o)
 .comment       0x00000000       0x31 e:/program x86/atmel/studio/7.0/toolchain/avr32/avr32-gnu-toolchain/bin/../lib/gcc/avr32/4.4.7/../../../../avr32/lib/ucr2\libc.a(lib_a-findfp.o)
 .comment       0x00000000       0x31 e:/program x86/atmel/studio/7.0/toolchain/avr32/avr32-gnu-toolchain/bin/../lib/gcc/avr32/4.4.7/../../../../avr32/lib/ucr2\libc.a(lib_a-freer.o)
 .comment       0x00000000       0x31 e:/program x86/atmel/studio/7.0/toolchain/avr32/avr32-gnu-toolchain/bin/../lib/gcc/avr32/4.4.7/../../../../avr32/lib/ucr2\libc.a(lib_a-fvwrite.o)
 .comment       0x00000000       0x31 e:/program x86/atmel/studio/7.0/toolchain/avr32/avr32-gnu-toolchain/bin/../lib/gcc/avr32/4.4.7/../../../../avr32/lib/ucr2\libc.a(lib_a-fwalk.o)
 .comment       0x00000000       0x31 e:/program x86/atmel/studio/7.0/toolchain/avr32/avr32-gnu-toolchain/bin/../lib/gcc/avr32/4.4.7/../../../../avr32/lib/ucr2\libc.a(lib_a-impure.o)
 .comment       0x00000000       0x31 e:/program x86/atmel/studio/7.0/toolchain/avr32/avr32-gnu-toolchain/bin/../lib/gcc/avr32/4.4.7/../../../../avr32/lib/ucr2\libc.a(lib_a-locale.o)
 .comment       0x00000000       0x31 e:/program x86/atmel/studio/7.0/toolchain/avr32/avr32-gnu-toolchain/bin/../lib/gcc/avr32/4.4.7/../../../../avr32/lib/ucr2\libc.a(lib_a-makebuf.o)
 .comment       0x00000000       0x31 e:/program x86/atmel/studio/7.0/toolchain/avr32/avr32-gnu-toolchain/bin/../lib/gcc/avr32/4.4.7/../../../../avr32/lib/ucr2\libc.a(lib_a-memchr.o)
 .comment       0x00000000       0x31 e:/program x86/atmel/studio/7.0/toolchain/avr32/avr32-gnu-toolchain/bin/../lib/gcc/avr32/4.4.7/../../../../avr32/lib/ucr2\libc.a(lib_a-memmove.o)
 .comment       0x00000000       0x31 e:/program x86/atmel/studio/7.0/toolchain/avr32/avr32-gnu-toolchain/bin/../lib/gcc/avr32/4.4.7/../../../../avr32/lib/ucr2\libc.a(lib_a-mprec.o)
 .comment       0x00000000       0x31 e:/program x86/atmel/studio/7.0/toolchain/avr32/avr32-gnu-toolchain/bin/../lib/gcc/avr32/4.4.7/../../../../avr32/lib/ucr2\libc.a(lib_a-reent.o)
 .comment       0x00000000       0x31 e:/program x86/atmel/studio/7.0/toolchain/avr32/avr32-gnu-toolchain/bin/../lib/gcc/avr32/4.4.7/../../../../avr32/lib/ucr2\libc.a(lib_a-s_isinfd.o)
 .comment       0x00000000       0x31 e:/program x86/atmel/studio/7.0/toolchain/avr32/avr32-gnu-toolchain/bin/../lib/gcc/avr32/4.4.7/../../../../avr32/lib/ucr2\libc.a(lib_a-s_isnand.o)
 .comment       0x00000000       0x31 e:/program x86/atmel/studio/7.0/toolchain/avr32/avr32-gnu-toolchain/bin/../lib/gcc/avr32/4.4.7/../../../../avr32/lib/ucr2\libc.a(lib_a-stdio.o)
 .comment       0x00000000       0x31 e:/program x86/atmel/studio/7.0/toolchain/avr32/avr32-gnu-toolchain/bin/../lib/gcc/avr32/4.4.7/../../../../avr32/lib/ucr2\libc.a(lib_a-strlen.o)
 .comment       0x00000000       0x31 e:/program x86/atmel/studio/7.0/toolchain/avr32/avr32-gnu-toolchain/bin/../lib/gcc/avr32/4.4.7/../../../../avr32/lib/ucr2\libc.a(lib_a-writer.o)
 .comment       0x00000000       0x31 e:/program x86/atmel/studio/7.0/toolchain/avr32/avr32-gnu-toolchain/bin/../lib/gcc/avr32/4.4.7/../../../../avr32/lib/ucr2\libc.a(lib_a-callocr.o)
 .comment       0x00000000       0x31 e:/program x86/atmel/studio/7.0/toolchain/avr32/avr32-gnu-toolchain/bin/../lib/gcc/avr32/4.4.7/../../../../avr32/lib/ucr2\libc.a(lib_a-closer.o)
 .comment       0x00000000       0x31 e:/program x86/atmel/studio/7.0/toolchain/avr32/avr32-gnu-toolchain/bin/../lib/gcc/avr32/4.4.7/../../../../avr32/lib/ucr2\libc.a(lib_a-fclose.o)
 .comment       0x00000000       0x31 e:/program x86/atmel/studio/7.0/toolchain/avr32/avr32-gnu-toolchain/bin/../lib/gcc/avr32/4.4.7/../../../../avr32/lib/ucr2\libc.a(lib_a-fstatr.o)
 .comment       0x00000000       0x31 e:/program x86/atmel/studio/7.0/toolchain/avr32/avr32-gnu-toolchain/bin/../lib/gcc/avr32/4.4.7/../../../../avr32/lib/ucr2\libc.a(lib_a-lseekr.o)
 .comment       0x00000000       0x31 e:/program x86/atmel/studio/7.0/toolchain/avr32/avr32-gnu-toolchain/bin/../lib/gcc/avr32/4.4.7/../../../../avr32/lib/ucr2\libc.a(lib_a-readr.o)
 .comment       0x00000000       0x31 e:/program x86/atmel/studio/7.0/toolchain/avr32/avr32-gnu-toolchain/bin/../lib/gcc/avr32/4.4.7/ucr2\libgcc.a(_udivdi3.o)
 .comment       0x00000000       0x31 e:/program x86/atmel/studio/7.0/toolchain/avr32/avr32-gnu-toolchain/bin/../lib/gcc/avr32/4.4.7/ucr2\libgcc.a(_umoddi3.o)

.debug
 *(.debug)

.line
 *(.line)

.debug_srcinfo
 *(.debug_srcinfo)

.debug_sfnames
 *(.debug_sfnames)

.debug_aranges  0x00000000     0x14b0
 *(.debug_aranges)
 .debug_aranges
                0x00000000      0x118 src/Application/app/app.o
 .debug_aranges
                0x00000118       0x78 src/Application/flash/data_flash.o
 .debug_aranges
                0x00000190       0x48 src/Application/myrtc/xgrtc.o
 .debug_aranges
                0x000001d8       0x20 src/Application/radio/ambe.o
 .debug_aranges
                0x000001f8       0x28 src/Application/radio/payload.o
 .debug_aranges
                0x00000220       0x68 src/Application/radio/physical.o
 .debug_aranges
                0x00000288       0x40 src/Application/radio/ssc.o
 .debug_aranges
                0x000002c8       0xf8 src/Application/radio/xcmp.o
 .debug_aranges
                0x000003c0       0x70 src/Application/radio/xnl.o
 .debug_aranges
                0x00000430       0xd8 src/Application/RFID/MFRC522/rc522.o
 .debug_aranges
                0x00000508       0x30 src/Application/RFID/RFID.o
 .debug_aranges
                0x00000538       0x50 src/Application/timers/timer.o
 .debug_aranges
                0x00000588      0x100 src/ASF/avr32/drivers/gpio/gpio.o
 .debug_aranges
                0x00000688       0x38 src/ASF/avr32/drivers/intc/intc.o
 .debug_aranges
                0x000006c0      0x190 src/ASF/avr32/drivers/pm/pm.o
 .debug_aranges
                0x00000850       0x90 src/ASF/avr32/drivers/rtc/rtc.o
 .debug_aranges
                0x000008e0       0xa8 src/ASF/avr32/drivers/spi/spi.o
 .debug_aranges
                0x00000988       0xe0 src/ASF/avr32/drivers/usart/usart.o
 .debug_aranges
                0x00000a68       0x28 src/ASF/avr32/utils/startup/startup_uc3.o
 .debug_aranges
                0x00000a90       0x20 src/ASF/avr32/utils/startup/trampoline_uc3.o
 .debug_aranges
                0x00000ab0       0x40 src/ASF/thirdparty/freertos/freertos-7.0.0/source/list.o
 .debug_aranges
                0x00000af0       0x20 src/ASF/thirdparty/freertos/freertos-7.0.0/source/portable/gcc/avr32_uc3/exception.o
 .debug_aranges
                0x00000b10       0x78 src/ASF/thirdparty/freertos/freertos-7.0.0/source/portable/gcc/avr32_uc3/port.o