Archive member included because of file (symbol)

e:/program x86/atmel/studio/7.0/toolchain/avr32/avr32-gnu-toolchain/bin/../lib/gcc/avr32/4.4.7/../../../../avr32/lib/ucr2\libc.a(lib_a-malloc.o)
                              src/ASF/thirdparty/freertos/freertos-7.0.0/source/portable/memmang/heap_3.o (free)
e:/program x86/atmel/studio/7.0/toolchain/avr32/avr32-gnu-toolchain/bin/../lib/gcc/avr32/4.4.7/../../../../avr32/lib/ucr2\libc.a(lib_a-mallocr.o)
                              e:/program x86/atmel/studio/7.0/toolchain/avr32/avr32-gnu-toolchain/bin/../lib/gcc/avr32/4.4.7/../../../../avr32/lib/ucr2\libc.a(lib_a-malloc.o) (_malloc_r)
e:/program x86/atmel/studio/7.0/toolchain/avr32/avr32-gnu-toolchain/bin/../lib/gcc/avr32/4.4.7/../../../../avr32/lib/ucr2\libc.a(lib_a-memcmp.o)
                              src/Application/xgflash/xgflash.o (memcmp)
e:/program x86/atmel/studio/7.0/toolchain/avr32/avr32-gnu-toolchain/bin/../lib/gcc/avr32/4.4.7/../../../../avr32/lib/ucr2\libc.a(lib_a-memcpy.o)
                              src/Application/app/app.o (memcpy)
e:/program x86/atmel/studio/7.0/toolchain/avr32/avr32-gnu-toolchain/bin/../lib/gcc/avr32/4.4.7/../../../../avr32/lib/ucr2\libc.a(lib_a-memset.o)
                              src/Application/radio/physical.o (memset)
e:/program x86/atmel/studio/7.0/toolchain/avr32/avr32-gnu-toolchain/bin/../lib/gcc/avr32/4.4.7/../../../../avr32/lib/ucr2\libc.a(lib_a-realloc.o)
                              src/ASF/thirdparty/freertos/freertos-7.0.0/source/portable/gcc/avr32_uc3/port.o (realloc)
e:/program x86/atmel/studio/7.0/toolchain/avr32/avr32-gnu-toolchain/bin/../lib/gcc/avr32/4.4.7/../../../../avr32/lib/ucr2\libc.a(lib_a-reallocr.o)
                              e:/program x86/atmel/studio/7.0/toolchain/avr32/avr32-gnu-toolchain/bin/../lib/gcc/avr32/4.4.7/../../../../avr32/lib/ucr2\libc.a(lib_a-realloc.o) (_realloc_r)
e:/program x86/atmel/studio/7.0/toolchain/avr32/avr32-gnu-toolchain/bin/../lib/gcc/avr32/4.4.7/../../../../avr32/lib/ucr2\libc.a(lib_a-sbrkr.o)
                              e:/program x86/atmel/studio/7.0/toolchain/avr32/avr32-gnu-toolchain/bin/../lib/gcc/avr32/4.4.7/../../../../avr32/lib/ucr2\libc.a(lib_a-mallocr.o) (_sbrk_r)
e:/program x86/atmel/studio/7.0/toolchain/avr32/avr32-gnu-toolchain/bin/../lib/gcc/avr32/4.4.7/../../../../avr32/lib/ucr2\libc.a(lib_a-sprintf.o)
                              src/Log/log.o (sprintf)
e:/program x86/atmel/studio/7.0/toolchain/avr32/avr32-gnu-toolchain/bin/../lib/gcc/avr32/4.4.7/../../../../avr32/lib/ucr2\libc.a(lib_a-strncpy.o)
                              src/ASF/thirdparty/freertos/freertos-7.0.0/source/tasks.o (strncpy)
e:/program x86/atmel/studio/7.0/toolchain/avr32/avr32-gnu-toolchain/bin/../lib/gcc/avr32/4.4.7/../../../../avr32/lib/ucr2\libc.a(lib_a-syscalls.o)
                              e:/program x86/atmel/studio/7.0/toolchain/avr32/avr32-gnu-toolchain/bin/../lib/gcc/avr32/4.4.7/../../../../avr32/lib/ucr2\libc.a(lib_a-sbrkr.o) (_sbrk)
e:/program x86/atmel/studio/7.0/toolchain/avr32/avr32-gnu-toolchain/bin/../lib/gcc/avr32/4.4.7/../../../../avr32/lib/ucr2\libc.a(lib_a-vfprintf.o)
                              e:/program x86/atmel/studio/7.0/toolchain/avr32/avr32-gnu-toolchain/bin/../lib/gcc/avr32/4.4.7/../../../../avr32/lib/ucr2\libc.a(lib_a-sprintf.o) (_vfprintf_r)
e:/program x86/atmel/studio/7.0/toolchain/avr32/avr32-gnu-toolchain/bin/../lib/gcc/avr32/4.4.7/../../../../avr32/lib/ucr2\libc.a(lib_a-wsetup.o)
                              e:/program x86/atmel/studio/7.0/toolchain/avr32/avr32-gnu-toolchain/bin/../lib/gcc/avr32/4.4.7/../../../../avr32/lib/ucr2\libc.a(lib_a-vfprintf.o) (__swsetup_r)
e:/program x86/atmel/studio/7.0/toolchain/avr32/avr32-gnu-toolchain/bin/../lib/gcc/avr32/4.4.7/../../../../avr32/lib/ucr2\libc.a(lib_a-dtoa.o)
                              e:/program x86/atmel/studio/7.0/toolchain/avr32/avr32-gnu-toolchain/bin/../lib/gcc/avr32/4.4.7/../../../../avr32/lib/ucr2\libc.a(lib_a-vfprintf.o) (_dtoa_r)
e:/program x86/atmel/studio/7.0/toolchain/avr32/avr32-gnu-toolchain/bin/../lib/gcc/avr32/4.4.7/../../../../avr32/lib/ucr2\libc.a(lib_a-errno.o)
                              e:/program x86/atmel/studio/7.0/toolchain/avr32/avr32-gnu-toolchain/bin/../lib/gcc/avr32/4.4.7/../../../../avr32/lib/ucr2\libc.a(lib_a-syscalls.o) (__errno)
e:/program x86/atmel/studio/7.0/toolchain/avr32/avr32-gnu-toolchain/bin/../lib/gcc/avr32/4.4.7/../../../../avr32/lib/ucr2\libc.a(lib_a-fflush.o)
                              e:/program x86/atmel/studio/7.0/toolchain/avr32/avr32-gnu-toolchain/bin/../lib/gcc/avr32/4.4.7/../../../../avr32/lib/ucr2\libc.a(lib_a-vfprintf.o) (_fflush_r)
e:/program x86/atmel/studio/7.0/toolchain/avr32/avr32-gnu-toolchain/bin/../lib/gcc/avr32/4.4.7/../../../../avr32/lib/ucr2\libc.a(lib_a-findfp.o)
                              e:/program x86/atmel/studio/7.0/toolchain/avr32/avr32-gnu-toolchain/bin/../lib/gcc/avr32/4.4.7/../../../../avr32/lib/ucr2\libc.a(lib_a-vfprintf.o) (__sinit)
[...]
Memory Configuration

Name             Origin             Length             Attributes
FLASH            0x80000000         0x00080000         axrl !w
CPUSRAM          0x00000004         0x00017ffc         axw !rl
USERPAGE         0x80800000         0x00000200
FACTORYPAGE      0x80800200         0x00000200
*default*        0x00000000         0xffffffff

Linker script and memory map

                0x00001000                _stack_size = 0x1000
LOAD src/Application/app/app.o
LOAD src/Application/flash/data_flash.o
LOAD src/Application/myrtc/xgrtc.o
LOAD src/Application/radio/ambe.o
LOAD src/Application/radio/AMBE_audio.o
LOAD src/Application/radio/AMBE_audio_2.o
LOAD src/Application/radio/audio.o
LOAD src/Application/radio/payload.o
LOAD src/Application/radio/physical.o
LOAD src/Application/radio/ssc.o
LOAD src/Application/radio/xcmp.o
LOAD src/Application/radio/xnl.o
LOAD src/Application/RFID/MFRC522/rc522.o
LOAD src/Application/RFID/RFID.o
LOAD src/Application/timers/timer.o
LOAD src/Application/xgflash/xgflash.o
LOAD src/ASF/avr32/drivers/flashc/flashc.o
LOAD src/ASF/avr32/drivers/gpio/gpio.o
LOAD src/ASF/avr32/drivers/intc/intc.o
LOAD src/ASF/avr32/drivers/pm/pm.o
LOAD src/ASF/avr32/drivers/pm/pm_conf_clocks.o
LOAD src/ASF/avr32/drivers/pm/power_clocks_lib.o
LOAD src/ASF/avr32/drivers/rtc/rtc.o
LOAD src/ASF/avr32/drivers/spi/spi.o
LOAD src/ASF/avr32/drivers/tc/tc.o
LOAD src/ASF/avr32/drivers/twi/twi.o
LOAD src/ASF/avr32/drivers/usart/usart.o
LOAD src/ASF/avr32/utils/startup/startup_uc3.o
LOAD src/ASF/avr32/utils/startup/trampoline_uc3.o
LOAD src/ASF/common/boards/user_board/init.o
LOAD src/ASF/common/services/clock/uc3b0_b1/sysclk.o
LOAD src/ASF/common/services/spi/uc3_spi/spi_master.o
LOAD src/ASF/common/services/spi/uc3_usart_spi/usart_spi.o
LOAD src/ASF/thirdparty/freertos/freertos-7.0.0/source/croutine.o
LOAD src/ASF/thirdparty/freertos/freertos-7.0.0/source/list.o
LOAD src/ASF/thirdparty/freertos/freertos-7.0.0/source/portable/gcc/avr32_uc3/exception.o
LOAD src/ASF/thirdparty/freertos/freertos-7.0.0/source/portable/gcc/avr32_uc3/port.o
LOAD src/ASF/thirdparty/freertos/freertos-7.0.0/source/portable/gcc/avr32_uc3/read.o
LOAD src/ASF/thirdparty/freertos/freertos-7.0.0/source/portable/gcc/avr32_uc3/write.o
LOAD src/ASF/thirdparty/freertos/freertos-7.0.0/source/portable/memmang/heap_3.o
LOAD src/ASF/thirdparty/freertos/freertos-7.0.0/source/queue.o
LOAD src/ASF/thirdparty/freertos/freertos-7.0.0/source/tasks.o
LOAD src/Log/log.o
LOAD src/main.o
START GROUP
LOAD e:/program x86/atmel/studio/7.0/toolchain/avr32/avr32-gnu-toolchain/bin/../lib/gcc/avr32/4.4.7/../../../../avr32/lib/ucr2\libm.a
END GROUP
LOAD e:/program x86/atmel/studio/7.0/toolchain/avr32/avr32-gnu-toolchain/bin/../lib/gcc/avr32/4.4.7/ucr2\libgcc.a
LOAD e:/program x86/atmel/studio/7.0/toolchain/avr32/avr32-gnu-toolchain/bin/../lib/gcc/avr32/4.4.7/../../../../avr32/lib/ucr2\libc.a
LOAD e:/program x86/atmel/studio/7.0/toolchain/avr32/avr32-gnu-toolchain/bin/../lib/gcc/avr32/4.4.7/ucr2\libgcc.a
                0x80000000                PROVIDE (__executable_start, 0x80000000)
                0x80000000                . = 0x80000000

.interp
 *(.interp)

.reset          0x80000000     0x2004
 *(.reset)
 .reset         0x80000000     0x2004 src/ASF/avr32/utils/startup/trampoline_uc3.o
                               0x2008 (size before relaxing)
                0x80000000                _trampoline

.hash
 *(.hash)

.dynsym
 *(.dynsym)

.dynstr
 *(.dynstr)

.gnu.version
 *(.gnu.version)

.gnu.version_d
 *(.gnu.version_d)

.gnu.version_r
 *(.gnu.version_r)

.rel.init
 *(.rel.init)

.rela.init
 *(.rela.init)

.rel.text
 *(.rel.text .rel.text.* .rel.gnu.linkonce.t.*)

.rela.text
 *(.rela.text .rela.text.* .rela.gnu.linkonce.t.*)

.rel.fini
 *(.rel.fini)

.rela.fini
 *(.rela.fini)

.rel.rodata
 *(.rel.rodata .rel.rodata.* .rel.gnu.linkonce.r.*)

.rela.rodata
 *(.rela.rodata .rela.rodata.* .rela.gnu.linkonce.r.*)

.rel.data.rel.ro
 *(.rel.data.rel.ro*)

.rela.data.rel.ro
 *(.rel.data.rel.ro*)

.rel.data
 *(.rel.data .rel.data.* .rel.gnu.linkonce.d.*)

.rela.data
 *(.rela.data .rela.data.* .rela.gnu.linkonce.d.*)

.rel.tdata
 *(.rel.tdata .rel.tdata.* .rel.gnu.linkonce.td.*)

.rela.tdata
 *(.rela.tdata .rela.tdata.* .rela.gnu.linkonce.td.*)

.rel.tbss
 *(.rel.tbss .rel.tbss.* .rel.gnu.linkonce.tb.*)

.rela.tbss
 *(.rela.tbss .rela.tbss.* .rela.gnu.linkonce.tb.*)

.rel.ctors
 *(.rel.ctors)

.rela.ctors
 *(.rela.ctors)

.rel.dtors
 *(.rel.dtors)

.rela.dtors
 *(.rela.dtors)

.rel.got
 *(.rel.got)

.rela.got       0x80002004        0x0
 *(.rela.got)
 .rela.got      0x80002004        0x0 src/Application/app/app.o

.rel.bss
 *(.rel.bss .rel.bss.* .rel.gnu.linkonce.b.*)

.rela.bss
 *(.rela.bss .rela.bss.* .rela.gnu.linkonce.b.*)

.rel.plt
 *(.rel.plt)

.rela.plt
 *(.rela.plt)

.init
 *(.init)

.plt
 *(.plt)

.text           0x80002004     0xb3a8
 *(.text .stub .text.* .gnu.linkonce.t.*)
 .text.DeviceManagement_brdcst_func
                0x80002004       0x24 src/Application/app/app.o
                0x80002004                DeviceManagement_brdcst_func
 .text.Volume_brdcst_func
                0x80002028        0x2 src/Application/app/app.o
                0x80002028                Volume_brdcst_func
 .text.AudioRoutingControl_brdcst_func
                0x8000202a        0x2 src/Application/app/app.o
                0x8000202a                AudioRoutingControl_brdcst_func
 .text.vApplicationIdleHook
                0x8000202c       0x10 src/Application/app/app.o
                0x8000202c                vApplicationIdleHook
 .text.app_init
                0x8000203c       0x54 src/Application/app/app.o
                0x8000203c                app_init
 .text.app_payload_tx_proc
                0x80002090       0x14 src/Application/app/app.o
 .text.app_payload_rx_proc
                0x800020a4       0x34 src/Application/app/app.o
 .text.FD_brdcst_func
                0x800020d8       0x14 src/Application/app/app.o
                0x800020d8                FD_brdcst_func
 .text.FD_reply_func
                0x800020ec       0x14 src/Application/app/app.o
                0x800020ec                FD_reply_func
 .text.FD_request_func
                0x80002100       0x14 src/Application/app/app.o
                0x80002100                FD_request_func
 .text.EnOB_brdcst_func
                0x80002114       0x14 src/Application/app/app.o
                0x80002114                EnOB_brdcst_func
 .text.EnOB_reply_func
                0x80002128       0x70 src/Application/app/app.o
                0x80002128                EnOB_reply_func
 .text.SingleDetection_brdcst_func
                0x80002198       0x1c src/Application/app/app.o
                0x80002198                SingleDetection_brdcst_func
 .text.ButtonConfig_brdcst_func
                0x800021b4       0xdc src/Application/app/app.o
                0x800021b4                ButtonConfig_brdcst_func
 .text.ButtonConfig_reply_func
                0x80002290       0x44 src/Application/app/app.o
                0x80002290                ButtonConfig_reply_func
 .text.DataSession_reply_func
                0x800022d4       0x7c src/Application/app/app.o
                0x800022d4                DataSession_reply_func
 .text.CallControl_brdcst_func
                0x80002350       0x44 src/Application/app/app.o
                0x80002350                CallControl_brdcst_func
 .text.TransmitControl_brdcst_func
                0x80002394       0x48 src/Application/app/app.o
                0x80002394                TransmitControl_brdcst_func
 .text.TransmitControl_reply_func
                0x800023dc       0x60 src/Application/app/app.o
                0x800023dc                TransmitControl_reply_func
 .text.AudioRoutingControl_reply_func
                0x8000243c       0x28 src/Application/app/app.o
                0x8000243c                AudioRoutingControl_reply_func
 .text.Volume_reply_func
                0x80002464       0x64 src/Application/app/app.o
                0x80002464                Volume_reply_func
 .text.spk_brdcst_func
                0x800024c8       0x38 src/Application/app/app.o
                0x800024c8                spk_brdcst_func
 .text.spk_reply_func
                0x80002500       0x48 src/Application/app/app.o
                0x80002500                spk_reply_func
 .text.mic_brdcst_func
                0x80002548       0x58 src/Application/app/app.o
                0x80002548                mic_brdcst_func
 .text.mic_reply_func
                0x800025a0       0x94 src/Application/app/app.o
                0x800025a0                mic_reply_func
 .text.dcm_brdcst_func
                0x80002634       0x48 src/Application/app/app.o
                0x80002634                dcm_brdcst_func
 .text.dcm_reply_func
                0x8000267c       0x68 src/Application/app/app.o
                0x8000267c                dcm_reply_func
 .text.ToneControl_reply_func
                0x800026e4       0x28 src/Application/app/app.o
                0x800026e4                ToneControl_reply_func
 .text.app_cfg  0x8000270c       0xe8 src/Application/app/app.o
 .text.Phyuserinput_brdcst_func
                0x800027f4       0x58 src/Application/app/app.o
                0x800027f4                Phyuserinput_brdcst_func
 .text.DataSession_brdcst_func
                0x8000284c      0x160 src/Application/app/app.o
                0x8000284c                DataSession_brdcst_func
 .text.DeviceInitializationStatus_brdcst_func
                0x800029ac       0x38 src/Application/app/app.o
                0x800029ac                DeviceInitializationStatus_brdcst_func
 .text.CalculateBurst
                0x800029e4       0x1c src/Application/radio/ambe.o
                0x800029e4                CalculateBurst
 .text.payload_init
                0x80002a00       0x14 src/Application/radio/payload.o
                0x80002a00                payload_init
 .text.set_idle_store_isr
                0x80002a14       0x1c src/Application/radio/physical.o
                0x80002a14                set_idle_store_isr
 .text.payload_rx
                0x80002a30       0x18 src/Application/radio/physical.o
 .text.phy_rx   0x80002a48       0x38 src/Application/radio/physical.o
                0x80002a48                phy_rx
 .text.set_idle_store
                0x80002a80       0x20 src/Application/radio/physical.o
                0x80002a80                set_idle_store
 .text.phy_tx   0x80002aa0       0x5c src/Application/radio/physical.o
                0x80002aa0                phy_tx
 .text.get_idle_store_isr
                0x80002afc       0x28 src/Application/radio/physical.o
                0x80002afc                get_idle_store_isr
 .text.phy_tx_func
                0x80002b24      0x108 src/Application/radio/physical.o
 .text.get_idle_store
                0x80002c2c       0x28 src/Application/radio/physical.o
                0x80002c2c                get_idle_store
 .text.phy_init
                0x80002c54       0x28 src/Application/radio/physical.o
                0x80002c54                phy_init
 .text.phy_rx_func
                0x80002c7c      0xf24 src/Application/radio/physical.o
 .text.local_start_SSC
                0x80003ba0       0x44 src/Application/radio/ssc.o
                0x80003ba0                local_start_SSC
 .text.local_start_PDC
                0x80003be4       0x6c src/Application/radio/ssc.o
                0x80003be4                local_start_PDC
 .text.register_rx_tx_func
                0x80003c50       0x14 src/Application/radio/ssc.o
                0x80003c50                register_rx_tx_func
 .text.ssc_init
                0x80003c64       0x74 src/Application/radio/ssc.o
                0x80003c64                ssc_init
 .text.pdca_int_handler
                0x80003cd8       0x94 src/Application/radio/ssc.o
 .text.xcmp_register_app_list
                0x80003d6c        0xc src/Application/radio/xcmp.o
                0x80003d6c                xcmp_register_app_list
 .text.xcmp_tx  0x80003d78       0x48 src/Application/radio/xcmp.o
 .text.xcmp_data_session_req
                0x80003dc0       0x8c src/Application/radio/xcmp.o
                0x80003dc0                xcmp_data_session_req
 .text.xcmp_DeviceInitializationStatus_request
                0x80003e4c       0x40 src/Application/radio/xcmp.o
                0x80003e4c                xcmp_DeviceInitializationStatus_request
 .text.xcmp_opcode_not_supported
                0x80003e8c       0x24 src/Application/radio/xcmp.o
                0x80003e8c                xcmp_opcode_not_supported
 .text.xcmp_exec_func
                0x80003eb0       0x48 src/Application/radio/xcmp.o
 .text.xcmp_IdleTestTone
                0x80003ef8       0x60 src/Application/radio/xcmp.o
                0x80003ef8                xcmp_IdleTestTone
 .text.xcmp_init
                0x80003f58       0x54 src/Application/radio/xcmp.o
                0x80003f58                xcmp_init
 .text.xcmp_rx_process
                0x80003fac       0xfc src/Application/radio/xcmp.o
 .text.xcmp_rx  0x800040a8       0x4c src/Application/radio/xcmp.o
 .text.xnl_register_xcmp_func
                0x800040f4        0xc src/Application/radio/xnl.o
                0x800040f4                xnl_register_xcmp_func
 .text.xnl_get_msg_ack_func
                0x80004100       0x2c src/Application/radio/xnl.o
                0x80004100                xnl_get_msg_ack_func
 .text.xnl_init
                0x8000412c      0x12c src/Application/radio/xnl.o
                0x8000412c                xnl_init
 .text.xnl_rx_process
                0x80004258       0x60 src/Application/radio/xnl.o
 .text.xnl_tx_process
                0x800042b8       0xcc src/Application/radio/xnl.o
 .text.xnl_tx   0x80004384       0xe4 src/Application/radio/xnl.o
                0x80004384                xnl_tx
 .text.xnl_data_msg_func
                0x80004468       0x60 src/Application/radio/xnl.o
                0x80004468                xnl_data_msg_func
 .text.xnl_device_auth_reply_func
                0x800044c8      0x120 src/Application/radio/xnl.o
                0x800044c8                xnl_device_auth_reply_func
 .text.xnl_master_status_brdcst_func
                0x800045e8       0x60 src/Application/radio/xnl.o
                0x800045e8                xnl_master_status_brdcst_func
 .text.xnl_device_conn_reply_func
                0x80004648       0x5c src/Application/radio/xnl.o
                0x80004648                xnl_device_conn_reply_func
 .text.xnl_send_device_master_query
                0x800046a4       0x30 src/Application/radio/xnl.o
                0x800046a4                xnl_send_device_master_query
 .text.RC522_SPI_SetSpeed
                0x800046d4       0x24 src/Application/RFID/MFRC522/rc522.o
                0x800046d4                RC522_SPI_SetSpeed
 .text.RC522_SPI_SetSpeedLow
                0x800046f8       0x10 src/Application/RFID/MFRC522/rc522.o
                0x800046f8                RC522_SPI_SetSpeedLow
 .text.RC522_ReadByte
                0x80004708       0x44 src/Application/RFID/MFRC522/rc522.o
                0x80004708                RC522_ReadByte
 .text.RC522_WriteByte
                0x8000474c       0x4c src/Application/RFID/MFRC522/rc522.o
                0x8000474c                RC522_WriteByte
 .text.WriteRawRC
                0x80004798       0x38 src/Application/RFID/MFRC522/rc522.o
                0x80004798                WriteRawRC
 .text.PcdReset
                0x800047d0       0x80 src/Application/RFID/MFRC522/rc522.o
                0x800047d0                PcdReset
 .text.ReadRawRC
                0x80004850       0x40 src/Application/RFID/MFRC522/rc522.o
                0x80004850                ReadRawRC
 .text.SetBitMask
                0x80004890       0x24 src/Application/RFID/MFRC522/rc522.o
                0x80004890                SetBitMask
 .text.PcdAntennaOn
                0x800048b4       0x20 src/Application/RFID/MFRC522/rc522.o
                0x800048b4                PcdAntennaOn
 .text.ClearBitMask
                0x800048d4       0x28 src/Application/RFID/MFRC522/rc522.o
                0x800048d4                ClearBitMask
 .text.PcdAntennaOff
                0x800048fc       0x10 src/Application/RFID/MFRC522/rc522.o
                0x800048fc                PcdAntennaOff
 .text.M500PcdConfigISOType
                0x8000490c       0x70 src/Application/RFID/MFRC522/rc522.o
                0x8000490c                M500PcdConfigISOType
 .text.rc522_init
                0x8000497c       0xd0 src/Application/RFID/MFRC522/rc522.o
                0x8000497c                rc522_init
 .text.PcdComMF522
                0x80004a4c      0x178 src/Application/RFID/MFRC522/rc522.o
                0x80004a4c                PcdComMF522
 .text.PcdAnticoll
                0x80004bc4       0x84 src/Application/RFID/MFRC522/rc522.o
                0x80004bc4                PcdAnticoll
 .text.PcdRequest
                0x80004c48       0x64 src/Application/RFID/MFRC522/rc522.o
                0x80004c48                PcdRequest
 .text.CalulateCRC
                0x80004cac       0x8c src/Application/RFID/MFRC522/rc522.o
                0x80004cac                CalulateCRC
 .text.PcdSelect
                0x80004d38       0x74 src/Application/RFID/MFRC522/rc522.o
                0x80004d38                PcdSelect
 .text.rfid_auto_reader
                0x80004dac      0x120 src/Application/RFID/RFID.o
                0x80004dac                rfid_auto_reader
 .text.rfid_sendID_message
                0x80004ecc      0x170 src/Application/RFID/RFID.o
                0x80004ecc                rfid_sendID_message
 .text.rfid_init
                0x8000503c        0xc src/Application/RFID/RFID.o
                0x8000503c                rfid_init
 .text.delay_ns
                0x80005048       0x16 src/Application/timers/timer.o
                0x80005048                delay_ns
 *fill*         0x8000505e        0x2 d703d703
 .text.delay_us
                0x80005060       0x28 src/Application/timers/timer.o
                0x80005060                delay_us
 .text.delay_ms
                0x80005088       0x28 src/Application/timers/timer.o
                0x80005088                delay_ms
 .text.local_start_timer
                0x800050b0       0x2c src/Application/timers/timer.o
                0x800050b0                local_start_timer
 .text.local_start_pll0
                0x800050dc       0x94 src/Application/timers/timer.o
                0x800050dc                local_start_pll0
 .text.create_xg_flash_test_task
                0x80005170       0x3c src/Application/xgflash/xgflash.o
                0x80005170                create_xg_flash_test_task
 .text.xg_flashc_init
                0x800051ac      0x31c src/Application/xgflash/xgflash.o
                0x800051ac                xg_flashc_init
 .text.runXGFlashTestSAVE
                0x800054c8       0x74 src/Application/xgflash/xgflash.o
                0x800054c8                runXGFlashTestSAVE
 .text.flashc_get_flash_size
                0x8000553c       0x34 src/ASF/avr32/drivers/flashc/flashc.o
                0x8000553c                flashc_get_flash_size
 .text.flashc_set_wait_state
                0x80005570        0xe src/ASF/avr32/drivers/flashc/flashc.o
                0x80005570                flashc_set_wait_state
 .text.flashc_is_ready
                0x8000557e        0xc src/ASF/avr32/drivers/flashc/flashc.o
                0x8000557e                flashc_is_ready
 *fill*         0x8000558a        0x2 d703d703
 .text.flashc_default_wait_until_ready
                0x8000558c       0x10 src/ASF/avr32/drivers/flashc/flashc.o
                0x8000558c                flashc_default_wait_until_ready
 .text.flashc_is_lock_error
                0x8000559c       0x10 src/ASF/avr32/drivers/flashc/flashc.o
                0x8000559c                flashc_is_lock_error
 .text.flashc_is_programming_error
                0x800055ac       0x10 src/ASF/avr32/drivers/flashc/flashc.o
                0x800055ac                flashc_is_programming_error
 .text.flashc_get_page_number
                0x800055bc        0xc src/ASF/avr32/drivers/flashc/flashc.o
                0x800055bc                flashc_get_page_number
 .text.flashc_issue_command
                0x800055c8       0x48 src/ASF/avr32/drivers/flashc/flashc.o
                0x800055c8                flashc_issue_command
 .text.flashc_clear_page_buffer
                0x80005610       0x10 src/ASF/avr32/drivers/flashc/flashc.o
                0x80005610                flashc_clear_page_buffer
 .text.flashc_is_page_erased
                0x80005620        0xc src/ASF/avr32/drivers/flashc/flashc.o
                0x80005620                flashc_is_page_erased
 .text.flashc_quick_page_read
                0x8000562c       0x18 src/ASF/avr32/drivers/flashc/flashc.o
                0x8000562c                flashc_quick_page_read
 .text.flashc_erase_page
                0x80005644       0x38 src/ASF/avr32/drivers/flashc/flashc.o
                0x80005644                flashc_erase_page
 .text.flashc_write_page
                0x8000567c       0x10 src/ASF/avr32/drivers/flashc/flashc.o
                0x8000567c                flashc_write_page
 .text.flashc_quick_user_page_read
                0x8000568c       0x18 src/ASF/avr32/drivers/flashc/flashc.o
                0x8000568c                flashc_quick_user_page_read
 .text.flashc_erase_user_page
                0x800056a4       0x28 src/ASF/avr32/drivers/flashc/flashc.o
                0x800056a4                flashc_erase_user_page
 .text.flashc_write_user_page
                0x800056cc       0x10 src/ASF/avr32/drivers/flashc/flashc.o
                0x800056cc                flashc_write_user_page
 .text.flashc_memset64
                0x800056dc      0x238 src/ASF/avr32/drivers/flashc/flashc.o
                0x800056dc                flashc_memset64
 .text.flashc_memcpy
                0x80005914       0xfc src/ASF/avr32/drivers/flashc/flashc.o
                0x80005914                flashc_memcpy
 .text.gpio_enable_module_pin
                0x80005a10       0x52 src/ASF/avr32/drivers/gpio/gpio.o
                0x80005a10                gpio_enable_module_pin
 *fill*         0x80005a62        0x2 d703d703
 .text.gpio_enable_module
                0x80005a64       0x30 src/ASF/avr32/drivers/gpio/gpio.o
                0x80005a64                gpio_enable_module
 .text.gpio_enable_gpio_pin
                0x80005a94       0x18 src/ASF/avr32/drivers/gpio/gpio.o
                0x80005a94                gpio_enable_gpio_pin
 .text.gpio_set_gpio_pin
                0x80005aac       0x1c src/ASF/avr32/drivers/gpio/gpio.o
                0x80005aac                gpio_set_gpio_pin
 .text.gpio_clr_gpio_pin
                0x80005ac8       0x1c src/ASF/avr32/drivers/gpio/gpio.o
                0x80005ac8                gpio_clr_gpio_pin
 .text._unhandled_interrupt
                0x80005ae4        0x2 src/ASF/avr32/drivers/intc/intc.o
 *fill*         0x80005ae6        0x2 d703d703
 .text.INTC_register_interrupt
                0x80005ae8       0x80 src/ASF/avr32/drivers/intc/intc.o
                0x80005ae8                INTC_register_interrupt
 .text.INTC_init_interrupts
                0x80005b68       0x54 src/ASF/avr32/drivers/intc/intc.o
                0x80005b68                INTC_init_interrupts
 .text._get_interrupt_handler
                0x80005bbc       0x38 src/ASF/avr32/drivers/intc/intc.o
                0x80005bbc                _get_interrupt_handler
 .text.pm_set_osc0_mode
                0x80005bf4        0xa src/ASF/avr32/drivers/pm/pm.o
 *fill*         0x80005bfe        0x2 d703d703
 .text.pm_enable_osc0_crystal
                0x80005c00       0x3c src/ASF/avr32/drivers/pm/pm.o
                0x80005c00                pm_enable_osc0_crystal
 .text.pm_enable_clk0_no_wait
                0x80005c3c       0x10 src/ASF/avr32/drivers/pm/pm.o
                0x80005c3c                pm_enable_clk0_no_wait
 .text.pm_wait_for_clk0_ready
                0x80005c4c        0xa src/ASF/avr32/drivers/pm/pm.o
                0x80005c4c                pm_wait_for_clk0_ready
 *fill*         0x80005c56        0x2 d703d703
 .text.pm_enable_clk0
                0x80005c58       0x1c src/ASF/avr32/drivers/pm/pm.o
                0x80005c58                pm_enable_clk0
 .text.pm_cksel
                0x80005c74       0x46 src/ASF/avr32/drivers/pm/pm.o
                0x80005c74                pm_cksel
 .text.pm_pll_setup
                0x80005cba       0x22 src/ASF/avr32/drivers/pm/pm.o
                0x80005cba                pm_pll_setup
 .text.pm_pll_set_option
                0x80005cdc       0x1a src/ASF/avr32/drivers/pm/pm.o
                0x80005cdc                pm_pll_set_option
 .text.pm_pll_enable
                0x80005cf6        0xe src/ASF/avr32/drivers/pm/pm.o
                0x80005cf6                pm_pll_enable
 .text.pm_wait_for_pll0_locked
                0x80005d04        0xa src/ASF/avr32/drivers/pm/pm.o
                0x80005d04                pm_wait_for_pll0_locked
 .text.pm_switch_to_clock
                0x80005d0e        0xa src/ASF/avr32/drivers/pm/pm.o
                0x80005d0e                pm_switch_to_clock
 .text.pm_switch_to_osc0
                0x80005d18       0x2c src/ASF/avr32/drivers/pm/pm.o
                0x80005d18                pm_switch_to_osc0
 .text.getBaudDiv
                0x80005d44       0x20 src/ASF/avr32/drivers/spi/spi.o
                0x80005d44                getBaudDiv
 .text.spi_initMaster
                0x80005d64       0x38 src/ASF/avr32/drivers/spi/spi.o
                0x80005d64                spi_initMaster
 .text.spi_selectionMode
                0x80005d9c       0x2c src/ASF/avr32/drivers/spi/spi.o
                0x80005d9c                spi_selectionMode
 .text.spi_enable
                0x80005dc8        0x6 src/ASF/avr32/drivers/spi/spi.o
                0x80005dc8                spi_enable
 .text.spi_write
                0x80005dce       0x1c src/ASF/avr32/drivers/spi/spi.o
                0x80005dce                spi_write
 .text.spi_read
                0x80005dea       0x20 src/ASF/avr32/drivers/spi/spi.o
                0x80005dea                spi_read
 *fill*         0x80005e0a        0x2 d703d703
 .text.spi_setupChipReg
                0x80005e0c       0xe8 src/ASF/avr32/drivers/spi/spi.o
                0x80005e0c                spi_setupChipReg
 .text.spi_unselectChip
                0x80005ef4       0x40 src/ASF/avr32/drivers/spi/spi.o
                0x80005ef4                spi_unselectChip
 .text.spi_selectChip
                0x80005f34       0x78 src/ASF/avr32/drivers/spi/spi.o
                0x80005f34                spi_selectChip
 .text.usart_set_async_baudrate
                0x80005fac       0x5a src/ASF/avr32/drivers/usart/usart.o
 .text.usart_write_char
                0x80006006       0x14 src/ASF/avr32/drivers/usart/usart.o
                0x80006006                usart_write_char
 *fill*         0x8000601a        0x2 d703d703
 .text.usart_putchar
                0x8000601c       0x2c src/ASF/avr32/drivers/usart/usart.o
                0x8000601c                usart_putchar
 .text.usart_read_char
                0x80006048       0x22 src/ASF/avr32/drivers/usart/usart.o
                0x80006048                usart_read_char
 *fill*         0x8000606a        0x2 d703d703
 .text.usart_getchar
                0x8000606c       0x2c src/ASF/avr32/drivers/usart/usart.o
                0x8000606c                usart_getchar
 .text.usart_write_line
                0x80006098       0x24 src/ASF/avr32/drivers/usart/usart.o
                0x80006098                usart_write_line
 .text.usart_reset
                0x800060bc       0x2c src/ASF/avr32/drivers/usart/usart.o
                0x800060bc                usart_reset
 .text.usart_init_rs232
                0x800060e8       0xcc src/ASF/avr32/drivers/usart/usart.o
                0x800060e8                usart_init_rs232
 .text._stext   0x800061b4       0x40 src/ASF/avr32/utils/startup/startup_uc3.o
                                 0x50 (size before relaxing)
                0x800061b4                _stext
 .text.vListInitialise
                0x800061f4       0x14 src/ASF/thirdparty/freertos/freertos-7.0.0/source/list.o
                0x800061f4                vListInitialise
 .text.vListInitialiseItem
                0x80006208        0x6 src/ASF/thirdparty/freertos/freertos-7.0.0/source/list.o
                0x80006208                vListInitialiseItem
 .text.vListInsertEnd
                0x8000620e       0x1c src/ASF/thirdparty/freertos/freertos-7.0.0/source/list.o
                0x8000620e                vListInsertEnd
 .text.vListInsert
                0x8000622a       0x34 src/ASF/thirdparty/freertos/freertos-7.0.0/source/list.o
                0x8000622a                vListInsert
 .text.vListRemove
                0x8000625e       0x26 src/ASF/thirdparty/freertos/freertos-7.0.0/source/list.o
                0x8000625e                vListRemove
 .text.pxPortInitialiseStack
                0x80006284       0x92 src/ASF/thirdparty/freertos/freertos-7.0.0/source/portable/gcc/avr32_uc3/port.o
                0x80006284                pxPortInitialiseStack
 *fill*         0x80006316        0x2 d703d703
 .text.vPortEnterCritical
                0x80006318       0x10 src/ASF/thirdparty/freertos/freertos-7.0.0/source/portable/gcc/avr32_uc3/port.o
                0x80006318                vPortEnterCritical
 .text.xPortStartScheduler
                0x80006328       0x58 src/ASF/thirdparty/freertos/freertos-7.0.0/source/portable/gcc/avr32_uc3/port.o
                0x80006328                xPortStartScheduler
 .text.SCALLYield
                0x80006380       0x98 src/ASF/thirdparty/freertos/freertos-7.0.0/source/portable/gcc/avr32_uc3/port.o
                0x80006380                SCALLYield
 .text.prvClearCcInt
                0x80006418        0xa src/ASF/thirdparty/freertos/freertos-7.0.0/source/portable/gcc/avr32_uc3/port.o
 *fill*         0x80006422        0x2 d703d703
 .text.vPortExitCritical
                0x80006424       0x20 src/ASF/thirdparty/freertos/freertos-7.0.0/source/portable/gcc/avr32_uc3/port.o
                0x80006424                vPortExitCritical
 .text.vTick    0x80006444       0x84 src/ASF/thirdparty/freertos/freertos-7.0.0/source/portable/gcc/avr32_uc3/port.o
 .text.__malloc_lock
                0x800064c8        0xc src/ASF/thirdparty/freertos/freertos-7.0.0/source/portable/gcc/avr32_uc3/port.o
                0x800064c8                __malloc_lock
 .text.__malloc_unlock
                0x800064d4        0xc src/ASF/thirdparty/freertos/freertos-7.0.0/source/portable/gcc/avr32_uc3/port.o
                0x800064d4                __malloc_unlock
 .text._read    0x800064e0       0x40 src/ASF/thirdparty/freertos/freertos-7.0.0/source/portable/gcc/avr32_uc3/read.o
                0x800064e0                _read
 .text._write   0x80006520       0x3c src/ASF/thirdparty/freertos/freertos-7.0.0/source/portable/gcc/avr32_uc3/write.o
                0x80006520                _write
 .text.vPortFree
                0x8000655c       0x28 src/ASF/thirdparty/freertos/freertos-7.0.0/source/portable/memmang/heap_3.o
                0x8000655c                vPortFree
 .text.pvPortMalloc
                0x80006584       0x28 src/ASF/thirdparty/freertos/freertos-7.0.0/source/portable/memmang/heap_3.o
                0x80006584                pvPortMalloc
 .text.prvCopyDataFromQueue
                0x800065ac       0x30 src/ASF/thirdparty/freertos/freertos-7.0.0/source/queue.o
 .text.xQueueReceiveFromISR
                0x800065dc       0x50 src/ASF/thirdparty/freertos/freertos-7.0.0/source/queue.o
                0x800065dc                xQueueReceiveFromISR
 .text.prvUnlockQueue
                0x8000662c       0xa0 src/ASF/thirdparty/freertos/freertos-7.0.0/source/queue.o
 .text.xQueueGenericReceive
                0x800066cc      0x144 src/ASF/thirdparty/freertos/freertos-7.0.0/source/queue.o
                0x800066cc                xQueueGenericReceive
 .text.prvCopyDataToQueue
                0x80006810       0x78 src/ASF/thirdparty/freertos/freertos-7.0.0/source/queue.o
 .text.xQueueGenericSendFromISR
                0x80006888       0x50 src/ASF/thirdparty/freertos/freertos-7.0.0/source/queue.o
                0x80006888                xQueueGenericSendFromISR
 .text.xQueueGenericSend
                0x800068d8      0x100 src/ASF/thirdparty/freertos/freertos-7.0.0/source/queue.o
                0x800068d8                xQueueGenericSend
 .text.xQueueCreateMutex
                0x800069d8       0x58 src/ASF/thirdparty/freertos/freertos-7.0.0/source/queue.o
                0x800069d8                xQueueCreateMutex
 .text.xQueueCreate
                0x80006a30       0x74 src/ASF/thirdparty/freertos/freertos-7.0.0/source/queue.o
                0x80006a30                xQueueCreate
 .text.xTaskIsTaskSuspended
                0x80006aa4       0x20 src/ASF/thirdparty/freertos/freertos-7.0.0/source/tasks.o
                0x80006aa4                xTaskIsTaskSuspended
 .text.vTaskSuspendAll
                0x80006ac4       0x10 src/ASF/thirdparty/freertos/freertos-7.0.0/source/tasks.o
                0x80006ac4                vTaskSuspendAll
 .text.vTaskSwitchContext
                0x80006ad4       0x7c src/ASF/thirdparty/freertos/freertos-7.0.0/source/tasks.o
                0x80006ad4                vTaskSwitchContext
 .text.vTaskSetTimeOutState
                0x80006b50       0x18 src/ASF/thirdparty/freertos/freertos-7.0.0/source/tasks.o
                0x80006b50                vTaskSetTimeOutState
 .text.vTaskMissedYield
                0x80006b68        0xc src/ASF/thirdparty/freertos/freertos-7.0.0/source/tasks.o
                0x80006b68                vTaskMissedYield
 .text.uxTaskGetStackHighWaterMark
                0x80006b74       0x38 src/ASF/thirdparty/freertos/freertos-7.0.0/source/tasks.o
                0x80006b74                uxTaskGetStackHighWaterMark
 .text.xTaskGetCurrentTaskHandle
                0x80006bac        0xc src/ASF/thirdparty/freertos/freertos-7.0.0/source/tasks.o
                0x80006bac                xTaskGetCurrentTaskHandle
 .text.vTaskPriorityDisinherit
                0x80006bb8       0x58 src/ASF/thirdparty/freertos/freertos-7.0.0/source/tasks.o
                0x80006bb8                vTaskPriorityDisinherit
 .text.vTaskPriorityInherit
                0x80006c10       0x84 src/ASF/thirdparty/freertos/freertos-7.0.0/source/tasks.o
                0x80006c10                vTaskPriorityInherit
 .text.xTaskRemoveFromEventList
                0x80006c94       0x7c src/ASF/thirdparty/freertos/freertos-7.0.0/source/tasks.o
                0x80006c94                xTaskRemoveFromEventList
 .text.vTaskIncrementTick
                0x80006d10      0x114 src/ASF/thirdparty/freertos/freertos-7.0.0/source/tasks.o
                0x80006d10                vTaskIncrementTick
 .text.xTaskCheckForTimeOut
                0x80006e24       0x70 src/ASF/thirdparty/freertos/freertos-7.0.0/source/tasks.o
                0x80006e24                xTaskCheckForTimeOut
 .text.xTaskGetTickCount
                0x80006e94       0x24 src/ASF/thirdparty/freertos/freertos-7.0.0/source/tasks.o
                0x80006e94                xTaskGetTickCount
 .text.xTaskResumeAll
                0x80006eb8       0xe8 src/ASF/thirdparty/freertos/freertos-7.0.0/source/tasks.o
                0x80006eb8                xTaskResumeAll
 .text.vTaskResume
                0x80006fa0       0x80 src/ASF/thirdparty/freertos/freertos-7.0.0/source/tasks.o
                0x80006fa0                vTaskResume
 .text.vTaskSuspend
                0x80007020       0x98 src/ASF/thirdparty/freertos/freertos-7.0.0/source/tasks.o
                0x80007020                vTaskSuspend
 .text.prvAddCurrentTaskToDelayedList
                0x800070b8       0x5c src/ASF/thirdparty/freertos/freertos-7.0.0/source/tasks.o
 .text.vTaskDelay
                0x80007114       0x48 src/ASF/thirdparty/freertos/freertos-7.0.0/source/tasks.o
                0x80007114                vTaskDelay
 .text.vTaskDelayUntil
                0x8000715c       0x80 src/ASF/thirdparty/freertos/freertos-7.0.0/source/tasks.o
                0x8000715c                vTaskDelayUntil
 .text.vTaskPlaceOnEventList
                0x800071dc       0x58 src/ASF/thirdparty/freertos/freertos-7.0.0/source/tasks.o
                0x800071dc                vTaskPlaceOnEventList
 .text.prvIdleTask
                0x80007234       0x88 src/ASF/thirdparty/freertos/freertos-7.0.0/source/tasks.o
 .text.xTaskGenericCreate
                0x800072bc      0x1e8 src/ASF/thirdparty/freertos/freertos-7.0.0/source/tasks.o
                0x800072bc                xTaskGenericCreate
 .text.vTaskStartScheduler
                0x800074a4       0x4c src/ASF/thirdparty/freertos/freertos-7.0.0/source/tasks.o
                0x800074a4                vTaskStartScheduler
 .text.PrintChar
                0x800074f0        0x4 src/Log/log.o
                0x800074f0                PrintChar
 .text.PrintHex
                0x800074f4       0xb2 src/Log/log.o
                0x800074f4                PrintHex
 .text.PrintDec
                0x800075a6       0xda src/Log/log.o
                0x800075a6                PrintDec
 .text.log      0x80007680      0x18c src/Log/log.o
                0x80007680                log
 .text.logFromISR
                0x8000780c      0x180 src/Log/log.o
                0x8000780c                logFromISR
 .text.log_init
                0x8000798c       0x64 src/Log/log.o
                0x8000798c                log_init
 .text.task_log
                0x800079f0       0x44 src/Log/log.o
 .text.main     0x80007a34       0x70 src/main.o
                0x80007a34                main
 .text.free     0x80007aa4       0x10 e:/program x86/atmel/studio/7.0/toolchain/avr32/avr32-gnu-toolchain/bin/../lib/gcc/avr32/4.4.7/../../../../avr32/lib/ucr2\libc.a(lib_a-malloc.o)
                                 0x18 (size before relaxing)
                0x80007aa4                free
 .text.malloc   0x80007ab4       0x10 e:/program x86/atmel/studio/7.0/toolchain/avr32/avr32-gnu-toolchain/bin/../lib/gcc/avr32/4.4.7/../../../../avr32/lib/ucr2\libc.a(lib_a-malloc.o)
                                 0x18 (size before relaxing)
                0x80007ab4                malloc
 .text._malloc_r
                0x80007ac4      0x438 e:/program x86/atmel/studio/7.0/toolchain/avr32/avr32-gnu-toolchain/bin/../lib/gcc/avr32/4.4.7/../../../../avr32/lib/ucr2\libc.a(lib_a-mallocr.o)
                                0x450 (size before relaxing)
                0x80007ac4                _malloc_r
 .text.memcmp   0x80007efc       0x26 e:/program x86/atmel/studio/7.0/toolchain/avr32/avr32-gnu-toolchain/bin/../lib/gcc/avr32/4.4.7/../../../../avr32/lib/ucr2\libc.a(lib_a-memcmp.o)
                0x80007efc                memcmp
 .text          0x80007f22      0x148 e:/program x86/atmel/studio/7.0/toolchain/avr32/avr32-gnu-toolchain/bin/../lib/gcc/avr32/4.4.7/../../../../avr32/lib/ucr2\libc.a(lib_a-memcpy.o)
                0x80007f22                memcpy
 .text.memset   0x8000806a        0xe e:/program x86/atmel/studio/7.0/toolchain/avr32/avr32-gnu-toolchain/bin/../lib/gcc/avr32/4.4.7/../../../../avr32/lib/ucr2\libc.a(lib_a-memset.o)
                0x8000806a                memset
 .text._realloc_r
                0x80008078      0x2c0 e:/program x86/atmel/studio/7.0/toolchain/avr32/avr32-gnu-toolchain/bin/../lib/gcc/avr32/4.4.7/../../../../avr32/lib/ucr2\libc.a(lib_a-reallocr.o)
                                0x2e0 (size before relaxing)
                0x80008078                _realloc_r
 .text._sbrk_r  0x80008338       0x20 e:/program x86/atmel/studio/7.0/toolchain/avr32/avr32-gnu-toolchain/bin/../lib/gcc/avr32/4.4.7/../../../../avr32/lib/ucr2\libc.a(lib_a-sbrkr.o)
                                 0x28 (size before relaxing)
                0x80008338                _sbrk_r
 .text.sprintf  0x80008358       0x3c e:/program x86/atmel/studio/7.0/toolchain/avr32/avr32-gnu-toolchain/bin/../lib/gcc/avr32/4.4.7/../../../../avr32/lib/ucr2\libc.a(lib_a-sprintf.o)
                                 0x40 (size before relaxing)
                0x80008358                sprintf
 .text          0x80008394       0x20 e:/program x86/atmel/studio/7.0/toolchain/avr32/avr32-gnu-toolchain/bin/../lib/gcc/avr32/4.4.7/../../../../avr32/lib/ucr2\libc.a(lib_a-strncpy.o)
                0x80008394                strncpy
 .text._close   0x800083b4       0x14 e:/program x86/atmel/studio/7.0/toolchain/avr32/avr32-gnu-toolchain/bin/../lib/gcc/avr32/4.4.7/../../../../avr32/lib/ucr2\libc.a(lib_a-syscalls.o)
                                 0x18 (size before relaxing)
                0x800083b4                _close
 .text._lseek   0x800083c8       0x14 e:/program x86/atmel/studio/7.0/toolchain/avr32/avr32-gnu-toolchain/bin/../lib/gcc/avr32/4.4.7/../../../../avr32/lib/ucr2\libc.a(lib_a-syscalls.o)
                                 0x18 (size before relaxing)
                0x800083c8                _lseek
 .text.isatty   0x800083dc       0x14 e:/program x86/atmel/studio/7.0/toolchain/avr32/avr32-gnu-toolchain/bin/../lib/gcc/avr32/4.4.7/../../../../avr32/lib/ucr2\libc.a(lib_a-syscalls.o)
                                 0x18 (size before relaxing)
                0x800083dc                isatty
 .text._fstat_host
                0x800083f0       0x14 e:/program x86/atmel/studio/7.0/toolchain/avr32/avr32-gnu-toolchain/bin/../lib/gcc/avr32/4.4.7/../../../../avr32/lib/ucr2\libc.a(lib_a-syscalls.o)
                                 0x18 (size before relaxing)
                0x800083f0                _fstat_host
 .text._fstat   0x80008404       0x4c e:/program x86/atmel/studio/7.0/toolchain/avr32/avr32-gnu-toolchain/bin/../lib/gcc/avr32/4.4.7/../../../../avr32/lib/ucr2\libc.a(lib_a-syscalls.o)
                                 0x50 (size before relaxing)
                0x80008404                _fstat
 .text._sbrk    0x80008450       0x38 e:/program x86/atmel/studio/7.0/toolchain/avr32/avr32-gnu-toolchain/bin/../lib/gcc/avr32/4.4.7/../../../../avr32/lib/ucr2\libc.a(lib_a-syscalls.o)
                                 0x40 (size before relaxing)
                0x80008450                _sbrk
 .text.get_arg  0x80008488      0x314 e:/program x86/atmel/studio/7.0/toolchain/avr32/avr32-gnu-toolchain/bin/../lib/gcc/avr32/4.4.7/../../../../avr32/lib/ucr2\libc.a(lib_a-vfprintf.o)
                                0x324 (size before relaxing)
 .text.__sprint_r
                0x8000879c       0x1c e:/program x86/atmel/studio/7.0/toolchain/avr32/avr32-gnu-toolchain/bin/../lib/gcc/avr32/4.4.7/../../../../avr32/lib/ucr2\libc.a(lib_a-vfprintf.o)
                                 0x20 (size before relaxing)
 .text._vfprintf_r
                0x800087b8     0x1f14 e:/program x86/atmel/studio/7.0/toolchain/avr32/avr32-gnu-toolchain/bin/../lib/gcc/avr32/4.4.7/../../../../avr32/lib/ucr2\libc.a(lib_a-vfprintf.o)
                               0x1f9c (size before relaxing)
                0x800087b8                _vfprintf_r
 .text.__swsetup_r
                0x8000a6cc       0xdc e:/program x86/atmel/studio/7.0/toolchain/avr32/avr32-gnu-toolchain/bin/../lib/gcc/avr32/4.4.7/../../../../avr32/lib/ucr2\libc.a(lib_a-wsetup.o)
                                 0xe8 (size before relaxing)
                0x8000a6cc                __swsetup_r
 .text.quorem   0x8000a7a8      0x120 e:/program x86/atmel/studio/7.0/toolchain/avr32/avr32-gnu-toolchain/bin/../lib/gcc/avr32/4.4.7/../../../../avr32/lib/ucr2\libc.a(lib_a-dtoa.o)
                                0x124 (size before relaxing)
 .text._dtoa_r  0x8000a8c8      0xbdc e:/program x86/atmel/studio/7.0/toolchain/avr32/avr32-gnu-toolchain/bin/../lib/gcc/avr32/4.4.7/../../../../avr32/lib/ucr2\libc.a(lib_a-dtoa.o)
                                0xc90 (size before relaxing)
                0x8000a8c8                _dtoa_r
 .text.__errno  0x8000b4a4        0xc e:/program x86/atmel/studio/7.0/toolchain/avr32/avr32-gnu-toolchain/bin/../lib/gcc/avr32/4.4.7/../../../../avr32/lib/ucr2\libc.a(lib_a-errno.o)
                0x8000b4a4                __errno
 .text._fflush_r
                0x8000b4b0      0x10c e:/program x86/atmel/studio/7.0/toolchain/avr32/avr32-gnu-toolchain/bin/../lib/gcc/avr32/4.4.7/../../../../avr32/lib/ucr2\libc.a(lib_a-fflush.o)
                                0x118 (size before relaxing)
                0x8000b4b0                _fflush_r
 .text.__sfp_lock_acquire
                0x8000b5bc        0x2 e:/program x86/atmel/studio/7.0/toolchain/avr32/avr32-gnu-toolchain/bin/../lib/gcc/avr32/4.4.7/../../../../avr32/lib/ucr2\libc.a(lib_a-findfp.o)
                0x8000b5bc                __sfp_lock_acquire
 .text.__sfp_lock_release
                0x8000b5be        0x2 e:/program x86/atmel/studio/7.0/toolchain/avr32/avr32-gnu-toolchain/bin/../lib/gcc/avr32/4.4.7/../../../../avr32/lib/ucr2\libc.a(lib_a-findfp.o)
                0x8000b5be                __sfp_lock_release
 .text._cleanup_r
                0x8000b5c0        0xc e:/program x86/atmel/studio/7.0/toolchain/avr32/avr32-gnu-toolchain/bin/../lib/gcc/avr32/4.4.7/../../../../avr32/lib/ucr2\libc.a(lib_a-findfp.o)
                                 0x14 (size before relaxing)
                0x8000b5c0                _cleanup_r
 .text.__sfmoreglue
                0x8000b5cc       0x28 e:/program x86/atmel/studio/7.0/toolchain/avr32/avr32-gnu-toolchain/bin/../lib/gcc/avr32/4.4.7/../../../../avr32/lib/ucr2\libc.a(lib_a-findfp.o)
                                 0x30 (size before relaxing)
                0x8000b5cc                __sfmoreglue
 .text.__sfp    0x8000b5f4       0x6c e:/program x86/atmel/studio/7.0/toolchain/avr32/avr32-gnu-toolchain/bin/../lib/gcc/avr32/4.4.7/../../../../avr32/lib/ucr2\libc.a(lib_a-findfp.o)
                                 0x7c (size before relaxing)
                0x8000b5f4                __sfp
 .text.__sinit  0x8000b660       0x9c e:/program x86/atmel/studio/7.0/toolchain/avr32/avr32-gnu-toolchain/bin/../lib/gcc/avr32/4.4.7/../../../../avr32/lib/ucr2\libc.a(lib_a-findfp.o)
                                 0xb0 (size before relaxing)
                0x8000b660                __sinit
 .text._malloc_trim_r
                0x8000b6fc       0x98 e:/program x86/atmel/studio/7.0/toolchain/avr32/avr32-gnu-toolchain/bin/../lib/gcc/avr32/4.4.7/../../../../avr32/lib/ucr2\libc.a(lib_a-freer.o)
                                 0xa8 (size before relaxing)
                0x8000b6fc                _malloc_trim_r
 .text._free_r  0x8000b794      0x18c e:/program x86/atmel/studio/7.0/toolchain/avr32/avr32-gnu-toolchain/bin/../lib/gcc/avr32/4.4.7/../../../../avr32/lib/ucr2\libc.a(lib_a-freer.o)
                                0x1a0 (size before relaxing)
                0x8000b794                _free_r
 .text.__sfvwrite_r
                0x8000b920      0x294 e:/program x86/atmel/studio/7.0/toolchain/avr32/avr32-gnu-toolchain/bin/../lib/gcc/avr32/4.4.7/../../../../avr32/lib/ucr2\libc.a(lib_a-fvwrite.o)
                                0x2c4 (size before relaxing)
                0x8000b920                __sfvwrite_r
 .text._fwalk   0x8000bbb4       0x4c e:/program x86/atmel/studio/7.0/toolchain/avr32/avr32-gnu-toolchain/bin/../lib/gcc/avr32/4.4.7/../../../../avr32/lib/ucr2\libc.a(lib_a-fwalk.o)
                                 0x54 (size before relaxing)
                0x8000bbb4                _fwalk
 .text._localeconv_r
                0x8000bc00        0x8 e:/program x86/atmel/studio/7.0/toolchain/avr32/avr32-gnu-toolchain/bin/../lib/gcc/avr32/4.4.7/../../../../avr32/lib/ucr2\libc.a(lib_a-locale.o)
                0x8000bc00                _localeconv_r
 .text.__smakebuf_r
                0x8000bc08       0xbc e:/program x86/atmel/studio/7.0/toolchain/avr32/avr32-gnu-toolchain/bin/../lib/gcc/avr32/4.4.7/../../../../avr32/lib/ucr2\libc.a(lib_a-makebuf.o)
                                 0xcc (size before relaxing)
                0x8000bc08                __smakebuf_r
 .text.memchr   0x8000bcc4       0x16 e:/program x86/atmel/studio/7.0/toolchain/avr32/avr32-gnu-toolchain/bin/../lib/gcc/avr32/4.4.7/../../../../avr32/lib/ucr2\libc.a(lib_a-memchr.o)
                0x8000bcc4                memchr
 .text.memmove  0x8000bcda       0x3e e:/program x86/atmel/studio/7.0/toolchain/avr32/avr32-gnu-toolchain/bin/../lib/gcc/avr32/4.4.7/../../../../avr32/lib/ucr2\libc.a(lib_a-memmove.o)
                0x8000bcda                memmove
 .text.__hi0bits
                0x8000bd18       0x60 e:/program x86/atmel/studio/7.0/toolchain/avr32/avr32-gnu-toolchain/bin/../lib/gcc/avr32/4.4.7/../../../../avr32/lib/ucr2\libc.a(lib_a-mprec.o)
                0x8000bd18                __hi0bits
 .text.__lo0bits
                0x8000bd78       0x8e e:/program x86/atmel/studio/7.0/toolchain/avr32/avr32-gnu-toolchain/bin/../lib/gcc/avr32/4.4.7/../../../../avr32/lib/ucr2\libc.a(lib_a-mprec.o)
                0x8000bd78                __lo0bits
 .text.__mcmp   0x8000be06       0x32 e:/program x86/atmel/studio/7.0/toolchain/avr32/avr32-gnu-toolchain/bin/../lib/gcc/avr32/4.4.7/../../../../avr32/lib/ucr2\libc.a(lib_a-mprec.o)
                0x8000be06                __mcmp
 .text._Bfree   0x8000be38       0x34 e:/program x86/atmel/studio/7.0/toolchain/avr32/avr32-gnu-toolchain/bin/../lib/gcc/avr32/4.4.7/../../../../avr32/lib/ucr2\libc.a(lib_a-mprec.o)
                                 0x38 (size before relaxing)
                0x8000be38                _Bfree
 .text._Balloc  0x8000be6c       0x70 e:/program x86/atmel/studio/7.0/toolchain/avr32/avr32-gnu-toolchain/bin/../lib/gcc/avr32/4.4.7/../../../../avr32/lib/ucr2\libc.a(lib_a-mprec.o)
                                 0x78 (size before relaxing)
                0x8000be6c                _Balloc
 .text.__d2b    0x8000bedc       0xa0 e:/program x86/atmel/studio/7.0/toolchain/avr32/avr32-gnu-toolchain/bin/../lib/gcc/avr32/4.4.7/../../../../avr32/lib/ucr2\libc.a(lib_a-mprec.o)
                                 0xb4 (size before relaxing)
                0x8000bedc                __d2b
 .text.__mdiff  0x8000bf7c       0xd0 e:/program x86/atmel/studio/7.0/toolchain/avr32/avr32-gnu-toolchain/bin/../lib/gcc/avr32/4.4.7/../../../../avr32/lib/ucr2\libc.a(lib_a-mprec.o)
                                 0xd8 (size before relaxing)
                0x8000bf7c                __mdiff
 .text.__lshift
                0x8000c04c       0x88 e:/program x86/atmel/studio/7.0/toolchain/avr32/avr32-gnu-toolchain/bin/../lib/gcc/avr32/4.4.7/../../../../avr32/lib/ucr2\libc.a(lib_a-mprec.o)
                                 0x94 (size before relaxing)
                0x8000c04c                __lshift
 .text.__multiply
                0x8000c0d4      0x100 e:/program x86/atmel/studio/7.0/toolchain/avr32/avr32-gnu-toolchain/bin/../lib/gcc/avr32/4.4.7/../../../../avr32/lib/ucr2\libc.a(lib_a-mprec.o)
                                0x108 (size before relaxing)
                0x8000c0d4                __multiply
 .text.__i2b    0x8000c1d4       0x10 e:/program x86/atmel/studio/7.0/toolchain/avr32/avr32-gnu-toolchain/bin/../lib/gcc/avr32/4.4.7/../../../../avr32/lib/ucr2\libc.a(lib_a-mprec.o)
                                 0x18 (size before relaxing)
                0x8000c1d4                __i2b
 .text.__multadd
                0x8000c1e4       0x7c e:/program x86/atmel/studio/7.0/toolchain/avr32/avr32-gnu-toolchain/bin/../lib/gcc/avr32/4.4.7/../../../../avr32/lib/ucr2\libc.a(lib_a-mprec.o)
                                 0x88 (size before relaxing)
                0x8000c1e4                __multadd
 .text.__pow5mult
                0x8000c260       0x8c e:/program x86/atmel/studio/7.0/toolchain/avr32/avr32-gnu-toolchain/bin/../lib/gcc/avr32/4.4.7/../../../../avr32/lib/ucr2\libc.a(lib_a-mprec.o)
                                 0xac (size before relaxing)
                0x8000c260                __pow5mult
 .text.__isinfd
                0x8000c2ec       0x2a e:/program x86/atmel/studio/7.0/toolchain/avr32/avr32-gnu-toolchain/bin/../lib/gcc/avr32/4.4.7/../../../../avr32/lib/ucr2\libc.a(lib_a-s_isinfd.o)
                0x8000c2ec                __isinfd
 .text.__isnand
                0x8000c316       0x1c e:/program x86/atmel/studio/7.0/toolchain/avr32/avr32-gnu-toolchain/bin/../lib/gcc/avr32/4.4.7/../../../../avr32/lib/ucr2\libc.a(lib_a-s_isnand.o)
                0x8000c316                __isnand
 *fill*         0x8000c332        0x2 d703d703
 .text.__sclose
                0x8000c334        0x8 e:/program x86/atmel/studio/7.0/toolchain/avr32/avr32-gnu-toolchain/bin/../lib/gcc/avr32/4.4.7/../../../../avr32/lib/ucr2\libc.a(lib_a-stdio.o)
                                 0x10 (size before relaxing)
                0x8000c334                __sclose
 .text.__sseek  0x8000c33c       0x20 e:/program x86/atmel/studio/7.0/toolchain/avr32/avr32-gnu-toolchain/bin/../lib/gcc/avr32/4.4.7/../../../../avr32/lib/ucr2\libc.a(lib_a-stdio.o)
                                 0x28 (size before relaxing)
                0x8000c33c                __sseek
 .text.__swrite
                0x8000c35c       0x2c e:/program x86/atmel/studio/7.0/toolchain/avr32/avr32-gnu-toolchain/bin/../lib/gcc/avr32/4.4.7/../../../../avr32/lib/ucr2\libc.a(lib_a-stdio.o)
                                 0x38 (size before relaxing)
                0x8000c35c                __swrite
 .text.__sread  0x8000c388       0x1c e:/program x86/atmel/studio/7.0/toolchain/avr32/avr32-gnu-toolchain/bin/../lib/gcc/avr32/4.4.7/../../../../avr32/lib/ucr2\libc.a(lib_a-stdio.o)
                                 0x24 (size before relaxing)
                0x8000c388                __sread
 .text.strlen   0x8000c3a4       0x16 e:/program x86/atmel/studio/7.0/toolchain/avr32/avr32-gnu-toolchain/bin/../lib/gcc/avr32/4.4.7/../../../../avr32/lib/ucr2\libc.a(lib_a-strlen.o)
                0x8000c3a4                strlen
 *fill*         0x8000c3ba        0x2 d703d703
 .text._write_r
                0x8000c3bc       0x28 e:/program x86/atmel/studio/7.0/toolchain/avr32/avr32-gnu-toolchain/bin/../lib/gcc/avr32/4.4.7/../../../../avr32/lib/ucr2\libc.a(lib_a-writer.o)
                                 0x2c (size before relaxing)
                0x8000c3bc                _write_r
 .text._calloc_r
                0x8000c3e4       0x58 e:/program x86/atmel/studio/7.0/toolchain/avr32/avr32-gnu-toolchain/bin/../lib/gcc/avr32/4.4.7/../../../../avr32/lib/ucr2\libc.a(lib_a-callocr.o)
                                 0x60 (size before relaxing)
                0x8000c3e4                _calloc_r
 .text._close_r
                0x8000c43c       0x20 e:/program x86/atmel/studio/7.0/toolchain/avr32/avr32-gnu-toolchain/bin/../lib/gcc/avr32/4.4.7/../../../../avr32/lib/ucr2\libc.a(lib_a-closer.o)
                                 0x28 (size before relaxing)
                0x8000c43c                _close_r
 .text._fclose_r
                0x8000c45c       0xb8 e:/program x86/atmel/studio/7.0/toolchain/avr32/avr32-gnu-toolchain/bin/../lib/gcc/avr32/4.4.7/../../../../avr32/lib/ucr2\libc.a(lib_a-fclose.o)
                                 0xd0 (size before relaxing)
                0x8000c45c                _fclose_r
 .text.fclose   0x8000c514       0x10 e:/program x86/atmel/studio/7.0/toolchain/avr32/avr32-gnu-toolchain/bin/../lib/gcc/avr32/4.4.7/../../../../avr32/lib/ucr2\libc.a(lib_a-fclose.o)
                                 0x18 (size before relaxing)
                0x8000c514                fclose
 .text._fstat_r
                0x8000c524       0x24 e:/program x86/atmel/studio/7.0/toolchain/avr32/avr32-gnu-toolchain/bin/../lib/gcc/avr32/4.4.7/../../../../avr32/lib/ucr2\libc.a(lib_a-fstatr.o)
                                 0x2c (size before relaxing)
                0x8000c524                _fstat_r
 .text._lseek_r
                0x8000c548       0x28 e:/program x86/atmel/studio/7.0/toolchain/avr32/avr32-gnu-toolchain/bin/../lib/gcc/avr32/4.4.7/../../../../avr32/lib/ucr2\libc.a(lib_a-lseekr.o)
                                 0x2c (size before relaxing)
                0x8000c548                _lseek_r
 .text._read_r  0x8000c570       0x28 e:/program x86/atmel/studio/7.0/toolchain/avr32/avr32-gnu-toolchain/bin/../lib/gcc/avr32/4.4.7/../../../../avr32/lib/ucr2\libc.a(lib_a-readr.o)
                                 0x2c (size before relaxing)
                0x8000c570                _read_r
 .text          0x8000c598      0x1d4 e:/program x86/atmel/studio/7.0/toolchain/avr32/avr32-gnu-toolchain/bin/../lib/gcc/avr32/4.4.7/ucr2\libgcc.a(_avr32_f64_mul.o)
                0x8000c598                __avr32_f64_mul
 .text          0x8000c76c      0x2b0 e:/program x86/atmel/studio/7.0/toolchain/avr32/avr32-gnu-toolchain/bin/../lib/gcc/avr32/4.4.7/ucr2\libgcc.a(_avr32_f64_addsub.o)
                0x8000c770                __avr32_f64_sub
                0x8000c90c                __avr32_f64_add
 .text          0x8000ca1c       0x2a e:/program x86/atmel/studio/7.0/toolchain/avr32/avr32-gnu-toolchain/bin/../lib/gcc/avr32/4.4.7/ucr2\libgcc.a(_avr32_f64_to_s32.o)
                0x8000ca1c                __avr32_f64_to_u32
                0x8000ca20                __avr32_f64_to_s32
 .text          0x8000ca46       0xe8 e:/program x86/atmel/studio/7.0/toolchain/avr32/avr32-gnu-toolchain/bin/../lib/gcc/avr32/4.4.7/ucr2\libgcc.a(_avr32_s32_to_f64.o)
                0x8000ca46                __avr32_u32_to_f64
                0x8000ca4e                __avr32_s32_to_f64
 .text          0x8000cb2e       0x26 e:/program x86/atmel/studio/7.0/toolchain/avr32/avr32-gnu-toolchain/bin/../lib/gcc/avr32/4.4.7/ucr2\libgcc.a(_avr32_f64_cmp_eq.o)
                0x8000cb2e                __avr32_f64_cmp_eq
 .text          0x8000cb54       0x68 e:/program x86/atmel/studio/7.0/toolchain/avr32/avr32-gnu-toolchain/bin/../lib/gcc/avr32/4.4.7/ucr2\libgcc.a(_avr32_f64_cmp_ge.o)
                0x8000cb54                __avr32_f64_cmp_ge
 .text          0x8000cbbc       0x68 e:/program x86/atmel/studio/7.0/toolchain/avr32/avr32-gnu-toolchain/bin/../lib/gcc/avr32/4.4.7/ucr2\libgcc.a(_avr32_f64_cmp_lt.o)
                0x8000cbbc                __avr32_f64_cmp_lt
 .text          0x8000cc24      0x318 e:/program x86/atmel/studio/7.0/toolchain/avr32/avr32-gnu-toolchain/bin/../lib/gcc/avr32/4.4.7/ucr2\libgcc.a(_avr32_f64_div.o)
                0x8000cc24                __avr32_f64_div
 .text          0x8000cf3c      0x264 e:/program x86/atmel/studio/7.0/toolchain/avr32/avr32-gnu-toolchain/bin/../lib/gcc/avr32/4.4.7/ucr2\libgcc.a(_udivdi3.o)
                0x8000cf3c                __avr32_udiv64
                0x8000cf3c                __udivdi3
 .text          0x8000d1a0      0x20c e:/program x86/atmel/studio/7.0/toolchain/avr32/avr32-gnu-toolchain/bin/../lib/gcc/avr32/4.4.7/ucr2\libgcc.a(_umoddi3.o)
                0x8000d1a0                __avr32_umod64
                0x8000d1a0                __umoddi3
 *(.text.*personality*)
 *(.gnu.warning)

.exception      0x8000d400      0x200
 .exception     0x8000d400      0x200 src/ASF/thirdparty/freertos/freertos-7.0.0/source/portable/gcc/avr32_uc3/exception.o
                0x8000d400                _evba
                0x8000d504                _int0
                0x8000d512                _int1
                0x8000d520                _int2
                0x8000d52e                _int3
                0x8000d53c                ipr_val

.fini
 *(.fini)
                0x8000d600                PROVIDE (__etext, .)
                0x8000d600                PROVIDE (_etext, .)
                0x8000d600                PROVIDE (etext, .)

.rodata         0x8000d600     0x13dc
 *(.rodata .rodata.* .gnu.linkonce.r.*)
 .rodata.str1.4
                0x8000d600      0x732 src/Application/app/app.o
                                0x734 (size before relaxing)
 *fill*         0x8000dd32        0x2 
 .rodata.CSWTCH.36
                0x8000dd34       0x48 src/Application/radio/ambe.o
 .rodata.str1.4
                0x8000dd7c       0x44 src/Application/radio/physical.o
 .rodata.str1.4
                0x8000ddc0        0x8 src/Application/radio/xcmp.o
 .rodata.str1.4
                0x8000ddc8        0xf src/Application/radio/xnl.o
                                 0x10 (size before relaxing)
 *fill*         0x8000ddd7        0x1 
 .rodata.C.67.11219
                0x8000ddd8       0x10 src/Application/RFID/MFRC522/rc522.o
 .rodata.CSWTCH.90
                0x8000dde8        0x4 src/Application/RFID/MFRC522/rc522.o
 .rodata.CSWTCH.91
                0x8000ddec        0x4 src/Application/RFID/MFRC522/rc522.o
 .rodata.RC522_SPI_GPIO_MAP.11217
                0x8000ddf0       0x20 src/Application/RFID/MFRC522/rc522.o
 .rodata.str1.4
                0x8000de10       0x85 src/Application/RFID/RFID.o
                                 0x88 (size before relaxing)
 *fill*         0x8000de95        0x3 
 .rodata.TC_GPIO_MAP.11090
                0x8000de98       0x18 src/Application/timers/timer.o
 .rodata.write_data.12374
                0x8000deb0        0x8 src/Application/xgflash/xgflash.o
 .rodata.str1.4
                0x8000deb8      0x1e2 src/Application/xgflash/xgflash.o
                                0x1e4 (size before relaxing)
 .rodata.C.35.9834
                0x8000e09a       0x10 src/ASF/avr32/drivers/flashc/flashc.o
 *fill*         0x8000e0aa        0x2 
 .rodata._int_handler_table
                0x8000e0ac       0x98 src/ASF/avr32/drivers/intc/intc.o
 .rodata.str1.4
                0x8000e144        0x5 src/ASF/thirdparty/freertos/freertos-7.0.0/source/tasks.o
                                  0x8 (size before relaxing)
 *fill*         0x8000e149        0x3 
 .rodata.log    0x8000e14c      0x150 src/Log/log.o
 .rodata.logFromISR
                0x8000e29c      0x150 src/Log/log.o
 .rodata.USART_OPTIONS.11278
                0x8000e3ec        0xc src/Log/log.o
 .rodata.str1.4
                0x8000e3f8       0x3c src/Log/log.o
 .rodata.USART_GPIO_MAP.11277
                0x8000e434       0x10 src/Log/log.o
 .rodata.str1.4
                0x8000e444       0x14 src/main.o
 .rodata.get_arg
                0x8000e458       0x3c e:/program x86/atmel/studio/7.0/toolchain/avr32/avr32-gnu-toolchain/bin/../lib/gcc/avr32/4.4.7/../../../../avr32/lib/ucr2\libc.a(lib_a-vfprintf.o)
 .rodata._vfprintf_r
                0x8000e494      0x164 e:/program x86/atmel/studio/7.0/toolchain/avr32/avr32-gnu-toolchain/bin/../lib/gcc/avr32/4.4.7/../../../../avr32/lib/ucr2\libc.a(lib_a-vfprintf.o)
 .rodata.state_table
                0x8000e5f8       0x6c e:/program x86/atmel/studio/7.0/toolchain/avr32/avr32-gnu-toolchain/bin/../lib/gcc/avr32/4.4.7/../../../../avr32/lib/ucr2\libc.a(lib_a-vfprintf.o)
 .rodata.action_table
                0x8000e664       0x6c e:/program x86/atmel/studio/7.0/toolchain/avr32/avr32-gnu-toolchain/bin/../lib/gcc/avr32/4.4.7/../../../../avr32/lib/ucr2\libc.a(lib_a-vfprintf.o)
 .rodata.str1.4
                0x8000e6d0       0x3a e:/program x86/atmel/studio/7.0/toolchain/avr32/avr32-gnu-toolchain/bin/../lib/gcc/avr32/4.4.7/../../../../avr32/lib/ucr2\libc.a(lib_a-vfprintf.o)
                                 0x3c (size before relaxing)
 *fill*         0x8000e70a        0x2 
 .rodata.blanks.3430
                0x8000e70c       0x10 e:/program x86/atmel/studio/7.0/toolchain/avr32/avr32-gnu-toolchain/bin/../lib/gcc/avr32/4.4.7/../../../../avr32/lib/ucr2\libc.a(lib_a-vfprintf.o)
 .rodata.zeroes.3431
                0x8000e71c       0x10 e:/program x86/atmel/studio/7.0/toolchain/avr32/avr32-gnu-toolchain/bin/../lib/gcc/avr32/4.4.7/../../../../avr32/lib/ucr2\libc.a(lib_a-vfprintf.o)
 .rodata.chclass
                0x8000e72c      0x100 e:/program x86/atmel/studio/7.0/toolchain/avr32/avr32-gnu-toolchain/bin/../lib/gcc/avr32/4.4.7/../../../../avr32/lib/ucr2\libc.a(lib_a-vfprintf.o)
 .rodata.str1.4
                0x8000e82c       0x10 e:/program x86/atmel/studio/7.0/toolchain/avr32/avr32-gnu-toolchain/bin/../lib/gcc/avr32/4.4.7/../../../../avr32/lib/ucr2\libc.a(lib_a-dtoa.o)
                                 0x14 (size before relaxing)
 .rodata.__sf_fake_stdin
                0x8000e83c       0x20 e:/program x86/atmel/studio/7.0/toolchain/avr32/avr32-gnu-toolchain/bin/../lib/gcc/avr32/4.4.7/../../../../avr32/lib/ucr2\libc.a(lib_a-findfp.o)
                0x8000e83c                __sf_fake_stdin
 .rodata.__sf_fake_stdout
                0x8000e85c       0x20 e:/program x86/atmel/studio/7.0/toolchain/avr32/avr32-gnu-toolchain/bin/../lib/gcc/avr32/4.4.7/../../../../avr32/lib/ucr2\libc.a(lib_a-findfp.o)
                0x8000e85c                __sf_fake_stdout
 .rodata.__sf_fake_stderr
                0x8000e87c       0x20 e:/program x86/atmel/studio/7.0/toolchain/avr32/avr32-gnu-toolchain/bin/../lib/gcc/avr32/4.4.7/../../../../avr32/lib/ucr2\libc.a(lib_a-findfp.o)
                0x8000e87c                __sf_fake_stderr
 .rodata.str1.4
                0x8000e89c        0x2 e:/program x86/atmel/studio/7.0/toolchain/avr32/avr32-gnu-toolchain/bin/../lib/gcc/avr32/4.4.7/../../../../avr32/lib/ucr2\libc.a(lib_a-impure.o)
                                  0x4 (size before relaxing)
 *fill*         0x8000e89e        0x2 
 .rodata._global_impure_ptr
                0x8000e8a0        0x4 e:/program x86/atmel/studio/7.0/toolchain/avr32/avr32-gnu-toolchain/bin/../lib/gcc/avr32/4.4.7/../../../../avr32/lib/ucr2\libc.a(lib_a-impure.o)
                0x8000e8a0                _global_impure_ptr
 .rodata.lconv  0x8000e8a4       0x30 e:/program x86/atmel/studio/7.0/toolchain/avr32/avr32-gnu-toolchain/bin/../lib/gcc/avr32/4.4.7/../../../../avr32/lib/ucr2\libc.a(lib_a-locale.o)
 .rodata.str1.4
                0x8000e8d4        0xc e:/program x86/atmel/studio/7.0/toolchain/avr32/avr32-gnu-toolchain/bin/../lib/gcc/avr32/4.4.7/../../../../avr32/lib/ucr2\libc.a(lib_a-locale.o)
                                 0x18 (size before relaxing)
 .rodata.p05.2471
                0x8000e8e0        0xc e:/program x86/atmel/studio/7.0/toolchain/avr32/avr32-gnu-toolchain/bin/../lib/gcc/avr32/4.4.7/../../../../avr32/lib/ucr2\libc.a(lib_a-mprec.o)
 .rodata.__mprec_tens
                0x8000e8ec       0xc8 e:/program x86/atmel/studio/7.0/toolchain/avr32/avr32-gnu-toolchain/bin/../lib/gcc/avr32/4.4.7/../../../../avr32/lib/ucr2\libc.a(lib_a-mprec.o)
                0x8000e8ec                __mprec_tens
 .rodata.__mprec_bigtens
                0x8000e9b4       0x28 e:/program x86/atmel/studio/7.0/toolchain/avr32/avr32-gnu-toolchain/bin/../lib/gcc/avr32/4.4.7/../../../../avr32/lib/ucr2\libc.a(lib_a-mprec.o)
                0x8000e9b4                __mprec_bigtens

.rodata1
 *(.rodata1)

.eh_frame_hdr
 *(.eh_frame_hdr)

.eh_frame
 *(.eh_frame)

.gcc_except_table
 *(.gcc_except_table)
 *(.gcc_except_table.*)

.dalign         0x8000e9dc        0x4
                0x8000e9e0                . = ALIGN (0x8)
 *fill*         0x8000e9dc        0x4 
                0x8000e9e0                PROVIDE (_data_lma, .)
                0x00000004                PROVIDE (_data, ORIGIN (CPUSRAM))
                0x00000004                . = ORIGIN (CPUSRAM)

.eh_frame
 *(.eh_frame)

.gcc_except_table
 *(.gcc_except_table)
 *(.gcc_except_table.*)

.tdata
 *(.tdata .tdata.* .gnu.linkonce.td.*)

.tbss
 *(.tbss .tbss.* .gnu.linkonce.tb.*)
 *(.tcommon)
                0x00000004                PROVIDE (__preinit_array_start, ALIGN (0x4))

.preinit_array
 *(.preinit_array)
                0x00000004                PROVIDE (__preinit_array_end, .)
                0x00000004                PROVIDE (__init_array_start, .)

.init_array
 *(.init_array)
                0x00000004                PROVIDE (__init_array_end, .)
                0x00000004                PROVIDE (__fini_array_start, .)

.fini_array
 *(.fini_array)
                0x00000004                PROVIDE (__fini_array_end, .)

.ctors
 *crtbegin*.o(.ctors)
 *(EXCLUDE_FILE(*crtend*.o) .ctors)
 *(SORT(.ctors.*))
 *(.ctors)

.dtors
 *crtbegin*.o(.dtors)
 *(EXCLUDE_FILE(*crtend*.o) .dtors)
 *(SORT(.dtors.*))
 *(.dtors)

.jcr
 *(.jcr)

.data.rel.ro
 *(.data.rel.ro.local)
 *(.data.rel.ro*)

.dynamic
 *(.dynamic)

.got
 *(.got.plt)
 *(.got)

.data           0x00000004      0xa48 load address 0x8000e9e0
 *(.data .data.* .gnu.linkonce.d.*)
 .data.the_app_list
                0x00000004      0x4ec src/Application/app/app.o
 .data.xnl_proc_list
                0x000004f0       0x34 src/Application/radio/xnl.o
 .data.unsure_data
                0x00000524        0x8 src/Application/RFID/RFID.o
                0x00000524                unsure_data
 .data.start_session.12031
                0x0000052c        0x1 src/Application/RFID/RFID.o
 *fill*         0x0000052d        0x3 
 .data.XGFlashLabel
                0x00000530        0x8 src/Application/xgflash/xgflash.o
                0x00000530                XGFlashLabel
 .data.current_save_message_offset
                0x00000538        0x4 src/Application/xgflash/xgflash.o
 .data.flashc_wait_until_ready
                0x0000053c        0x4 src/ASF/avr32/drivers/flashc/flashc.o
                0x0000053c                flashc_wait_until_ready
 .data.ulCriticalNesting
                0x00000540        0x4 src/ASF/thirdparty/freertos/freertos-7.0.0/source/portable/gcc/avr32_uc3/port.o
                0x00000540                ulCriticalNesting
 .data.xNextTaskUnblockTime
                0x00000544        0x4 src/ASF/thirdparty/freertos/freertos-7.0.0/source/tasks.o
 .data.__malloc_av_
                0x00000548      0x408 e:/program x86/atmel/studio/7.0/toolchain/avr32/avr32-gnu-toolchain/bin/../lib/gcc/avr32/4.4.7/../../../../avr32/lib/ucr2\libc.a(lib_a-mallocr.o)
                0x00000548                __malloc_av_
 .data.__malloc_trim_threshold
                0x00000950        0x4 e:/program x86/atmel/studio/7.0/toolchain/avr32/avr32-gnu-toolchain/bin/../lib/gcc/avr32/4.4.7/../../../../avr32/lib/ucr2\libc.a(lib_a-mallocr.o)
                0x00000950                __malloc_trim_threshold
 .data.__malloc_sbrk_base
                0x00000954        0x4 e:/program x86/atmel/studio/7.0/toolchain/avr32/avr32-gnu-toolchain/bin/../lib/gcc/avr32/4.4.7/../../../../avr32/lib/ucr2\libc.a(lib_a-mallocr.o)
                0x00000954                __malloc_sbrk_base
 .data.impure_data
                0x00000958       0xf0 e:/program x86/atmel/studio/7.0/toolchain/avr32/avr32-gnu-toolchain/bin/../lib/gcc/avr32/4.4.7/../../../../avr32/lib/ucr2\libc.a(lib_a-impure.o)
 .data._impure_ptr
                0x00000a48        0x4 e:/program x86/atmel/studio/7.0/toolchain/avr32/avr32-gnu-toolchain/bin/../lib/gcc/avr32/4.4.7/../../../../avr32/lib/ucr2\libc.a(lib_a-impure.o)
                0x00000a48                _impure_ptr
 *(.gnu.linkonce.d.*personality*)

.data1
 *(.data1)

.balign         0x00000a4c        0x4 load address 0x8000f428
                0x00000a50                . = ALIGN (0x8)
 *fill*         0x00000a4c        0x4 
                0x00000a50                _edata = .
                0x00000a50                _edata = .
                0x00000a50                PROVIDE (edata, .)
                0x00000a50                __bss_start = .

.bss            0x00000a50     0x49e8 load address 0x8000f428
 *(.dynbss)
 *(.bss .bss.* .gnu.linkonce.b.*)
 .bss.Speaker_is_unmute
                0x00000a50        0x1 src/Application/app/app.o
                0x00000a50                Speaker_is_unmute
 *fill*         0x00000a51        0x3 
 .bss.xLastWakeTime.12673
                0x00000a54        0x4 src/Application/app/app.o
 .bss.water_value.12674
                0x00000a58        0x4 src/Application/app/app.o
 .bss.VF_SN     0x00000a5c        0x1 src/Application/app/app.o
                0x00000a5c                VF_SN
 *fill*         0x00000a5d        0x3 
 .bss.res.12660
                0x00000a60        0x4 src/Application/app/app.o
 .bss.AMBE_tx_flag
                0x00000a64        0x1 src/Application/app/app.o
                0x00000a64                AMBE_tx_flag
 .bss.Radio_Transmit_State
                0x00000a65        0x1 src/Application/app/app.o
                0x00000a65                Radio_Transmit_State
 .bss.Call_Begin
                0x00000a66        0x1 src/Application/app/app.o
                0x00000a66                Call_Begin
 .bss.AMBE_rx_flag
                0x00000a67        0x1 src/Application/app/app.o
                0x00000a67                AMBE_rx_flag
 .bss.AMBE_Media
                0x00000a68        0x1 src/Application/app/app.o
                0x00000a68                AMBE_Media
 .bss.connect_flag
                0x00000a69        0x1 src/Application/app/app.o
 .bss.Mic_is_Enabled
                0x00000a6a        0x1 src/Application/app/app.o
                0x00000a6a                Mic_is_Enabled
 .bss.times_counter.12705
                0x00000a6b        0x1 src/Application/app/app.o
 .bss.Terminator_Flag
                0x00000a6c        0x1 src/Application/app/app.o
                0x00000a6c                Terminator_Flag
 *fill*         0x00000a6d        0x3 
 .bss.ulIdleCycleCount
                0x00000a70        0x4 src/Application/app/app.o
                0x00000a70                ulIdleCycleCount
 .bss.payload_rx_exec
                0x00000a74        0x4 src/Application/radio/payload.o
                0x00000a74                payload_rx_exec
 .bss.payload_tx_exec
                0x00000a78        0x4 src/Application/radio/payload.o
                0x00000a78                payload_tx_exec
 .bss.phy_tx_index.10647
                0x00000a7c        0x1 src/Application/radio/physical.o
 *fill*         0x00000a7d        0x3 
 .bss.RxBytesWaiting.10956
                0x00000a80        0x4 src/Application/radio/physical.o
 .bss.phy_rx_length.10690
                0x00000a84        0x2 src/Application/radio/physical.o
 *fill*         0x00000a86        0x2 
 .bss.RxData_IsFillingNext16.10955
                0x00000a88        0x4 src/Application/radio/physical.o
 .bss.AMBE_HT   0x00000a8c        0x8 src/Application/radio/physical.o
 .bss.Item_ID.10961
                0x00000a94        0x1 src/Application/radio/physical.o
 .bss.is_first.10960
                0x00000a95        0x1 src/Application/radio/physical.o
 .bss.phy_rx_expexted_length.10689
                0x00000a96        0x2 src/Application/radio/physical.o
 .bss.AMBE_payload_ptr.10959
                0x00000a98        0x4 src/Application/radio/physical.o
 .bss.phy_tx_state.10645
                0x00000a9c        0x4 src/Application/radio/physical.o
 .bss.RxMedia_IsFillingNext16.10953
                0x00000aa0        0x4 src/Application/radio/physical.o
 .bss.phy_frame_ptr.10688
                0x00000aa4        0x4 src/Application/radio/physical.o
 .bss.phy_ptr.10644
                0x00000aa8        0x4 src/Application/radio/physical.o
 .bss.xnl_store_idle
                0x00000aac        0x4 src/Application/radio/physical.o
                0x00000aac                xnl_store_idle
 .bss.payload_store_idle
                0x00000ab0        0x4 src/Application/radio/physical.o
                0x00000ab0                payload_store_idle
 .bss.phy_rx_state.10692
                0x00000ab4        0x4 src/Application/radio/physical.o
 .bss.phy_check_sum.10691
                0x00000ab8        0x2 src/Application/radio/physical.o
 *fill*         0x00000aba        0x2 
 .bss.phy_xnl_frame_rx
                0x00000abc        0x4 src/Application/radio/physical.o
                0x00000abc                phy_xnl_frame_rx
 .bss.payload_ptr.10958
                0x00000ac0        0x4 src/Application/radio/physical.o
 .bss.phy_tx_expexted_length.10646
                0x00000ac4        0x2 src/Application/radio/physical.o
 *fill*         0x00000ac6        0x2 
 .bss.m_RxBurstType
                0x00000ac8        0x4 src/Application/radio/physical.o
 .bss.RxAMBE_IsFillingNext8.10954
                0x00000acc        0x4 src/Application/radio/physical.o
 .bss.phy_payload_frame_tx
                0x00000ad0        0x4 src/Application/radio/physical.o
                0x00000ad0                phy_payload_frame_tx
 .bss.phy_rx_count.10693
                0x00000ad4        0x4 src/Application/radio/physical.o
 .bss.SDV_Index.10964
                0x00000ad8        0x1 src/Application/radio/physical.o
 *fill*         0x00000ad9        0x3 
 .bss.phy_xnl_frame_tx
                0x00000adc        0x4 src/Application/radio/physical.o
                0x00000adc                phy_xnl_frame_tx
 .bss.RxMediaState.10952
                0x00000ae0        0x4 src/Application/radio/physical.o
 .bss.ArrayDiscLength.10957
                0x00000ae4        0x4 src/Application/radio/physical.o
 .bss.phy_payload_frame_rx
                0x00000ae8        0x4 src/Application/radio/physical.o
                0x00000ae8                phy_payload_frame_rx
 .bss.Item_Length.10962
                0x00000aec        0x4 src/Application/radio/physical.o
 .bss.phy_rx_exec
                0x00000af0        0x4 src/Application/radio/ssc.o
                0x00000af0                phy_rx_exec
 .bss.xHigherPriorityTaskWoken.9824
                0x00000af4        0x4 src/Application/radio/ssc.o
 .bss.phy_tx_exec
                0x00000af8        0x4 src/Application/radio/ssc.o
                0x00000af8                phy_tx_exec
 .bss.version_information
                0x00000afc        0xc src/Application/radio/xcmp.o
                0x00000afc                version_information
 .bss.clone_read
                0x00000b08        0xc src/Application/radio/xcmp.o
                0x00000b08                clone_read
 .bss.xcmp_frame_rx
                0x00000b14        0x4 src/Application/radio/xcmp.o
 .bss.clone_write
                0x00000b18        0xc src/Application/radio/xcmp.o
                0x00000b18                clone_write
 .bss.automatic_frequency_correction_control
                0x00000b24        0xc src/Application/radio/xcmp.o
                0x00000b24                automatic_frequency_correction_control
 .bss.language_pack_information
                0x00000b30        0xc src/Application/radio/xcmp.o
                0x00000b30                language_pack_information
 .bss.radio_status
                0x00000b3c        0xc src/Application/radio/xcmp.o
                0x00000b3c                radio_status
 .bss.xnl_timeout_semphr
                0x00000b48        0x4 src/Application/radio/xnl.o
 .bss.flags.10672
                0x00000b4c        0x1 src/Application/radio/xnl.o
 *fill*         0x00000b4d        0x1 
 .bss.xnl_information
                0x00000b4e        0xa src/Application/radio/xnl.o
 .bss.xnl_tx_state.10716
                0x00000b58        0x4 src/Application/radio/xnl.o
 .bss.xnl_frame_tx
                0x00000b5c        0x4 src/Application/radio/xnl.o
 .bss.xnl_send_times.10717
                0x00000b60        0x4 src/Application/radio/xnl.o
 .bss.ptr.10718
                0x00000b64        0x4 src/Application/radio/xnl.o
 .bss.xcmp_exec
                0x00000b68        0x4 src/Application/radio/xnl.o
                0x00000b68                xcmp_exec
 .bss.rc522_init_failure
                0x00000b6c        0x1 src/Application/RFID/MFRC522/rc522.o
                0x00000b6c                rc522_init_failure
 *fill*         0x00000b6d        0x3 
 .bss.xg_resend_queue
                0x00000b70        0x4 src/Application/xgflash/xgflash.o
                0x00000b70                xg_resend_queue
 .bss.list_init_success_flag
                0x00000b74        0x1 src/Application/xgflash/xgflash.o
 *fill*         0x00000b75        0x3 
 .bss.xgflash_mutex
                0x00000b78        0x4 src/Application/xgflash/xgflash.o
 .bss.xLastWakeTime.12370
                0x00000b7c        0x4 src/Application/xgflash/xgflash.o
 .bss.message_storage_queue
                0x00000b80        0x4 src/Application/xgflash/xgflash.o
                0x00000b80                message_storage_queue
 .bss.current_page_number.12181
                0x00000b84        0x4 src/Application/xgflash/xgflash.o
 .bss.current_message_index
                0x00000b88        0x2 src/Application/xgflash/xgflash.o
 *fill*         0x00000b8a        0x2 
 .bss.str.12184
                0x00000b8c       0x50 src/Application/xgflash/xgflash.o
 .bss.flashc_error_status
                0x00000bdc        0x4 src/ASF/avr32/drivers/flashc/flashc.o
 .bss._int_line_handler_table_6
                0x00000be0        0x4 src/ASF/avr32/drivers/intc/intc.o
 .bss._int_line_handler_table_7
                0x00000be4        0x4 src/ASF/avr32/drivers/intc/intc.o
 .bss._int_line_handler_table_8
                0x00000be8        0x4 src/ASF/avr32/drivers/intc/intc.o
 .bss._int_line_handler_table_9
                0x00000bec        0x4 src/ASF/avr32/drivers/intc/intc.o
 .bss._int_line_handler_table_10
                0x00000bf0        0x4 src/ASF/avr32/drivers/intc/intc.o
 .bss._int_line_handler_table_11
                0x00000bf4        0x4 src/ASF/avr32/drivers/intc/intc.o
 .bss._int_line_handler_table_12
                0x00000bf8        0x4 src/ASF/avr32/drivers/intc/intc.o
 .bss._int_line_handler_table_13
                0x00000bfc        0x4 src/ASF/avr32/drivers/intc/intc.o
 .bss._int_line_handler_table_14
                0x00000c00        0xc src/ASF/avr32/drivers/intc/intc.o
 .bss._int_line_handler_table_15
                0x00000c0c        0x4 src/ASF/avr32/drivers/intc/intc.o
 .bss._int_line_handler_table_16
                0x00000c10        0x4 src/ASF/avr32/drivers/intc/intc.o
 .bss._int_line_handler_table_17
                0x00000c14        0x4 src/ASF/avr32/drivers/intc/intc.o
 .bss._int_line_handler_table_18
                0x00000c18        0x4 src/ASF/avr32/drivers/intc/intc.o
 .bss._int_line_handler_table_0
                0x00000c1c        0x4 src/ASF/avr32/drivers/intc/intc.o
 .bss._int_line_handler_table_1
                0x00000c20       0x2c src/ASF/avr32/drivers/intc/intc.o
 .bss._int_line_handler_table_2
                0x00000c4c       0x18 src/ASF/avr32/drivers/intc/intc.o
 .bss._int_line_handler_table_3
                0x00000c64       0x1c src/ASF/avr32/drivers/intc/intc.o
 .bss._int_line_handler_table_4
                0x00000c80        0x4 src/ASF/avr32/drivers/intc/intc.o
 .bss._int_line_handler_table_5
                0x00000c84        0x4 src/ASF/avr32/drivers/intc/intc.o
 .bss.uxMissedTicks
                0x00000c88        0x4 src/ASF/thirdparty/freertos/freertos-7.0.0/source/tasks.o
 .bss.uxTopUsedPriority
                0x00000c8c        0x4 src/ASF/thirdparty/freertos/freertos-7.0.0/source/tasks.o
 .bss.pxDelayedTaskList
                0x00000c90        0x4 src/ASF/thirdparty/freertos/freertos-7.0.0/source/tasks.o
 .bss.xSchedulerRunning
                0x00000c94        0x4 src/ASF/thirdparty/freertos/freertos-7.0.0/source/tasks.o
 .bss.uxTasksDeleted
                0x00000c98        0x4 src/ASF/thirdparty/freertos/freertos-7.0.0/source/tasks.o
 .bss.xNumOfOverflows
                0x00000c9c        0x4 src/ASF/thirdparty/freertos/freertos-7.0.0/source/tasks.o
 .bss.pxOverflowDelayedTaskList
                0x00000ca0        0x4 src/ASF/thirdparty/freertos/freertos-7.0.0/source/tasks.o
 .bss.pxReadyTasksLists
                0x00000ca4       0xa0 src/ASF/thirdparty/freertos/freertos-7.0.0/source/tasks.o
 .bss.xTasksWaitingTermination
                0x00000d44       0x14 src/ASF/thirdparty/freertos/freertos-7.0.0/source/tasks.o
 .bss.pxCurrentTCB
                0x00000d58        0x4 src/ASF/thirdparty/freertos/freertos-7.0.0/source/tasks.o
                0x00000d58                pxCurrentTCB
 .bss.xPendingReadyList
                0x00000d5c       0x14 src/ASF/thirdparty/freertos/freertos-7.0.0/source/tasks.o
 .bss.xDelayedTaskList1
                0x00000d70       0x14 src/ASF/thirdparty/freertos/freertos-7.0.0/source/tasks.o
 .bss.xTickCount
                0x00000d84        0x4 src/ASF/thirdparty/freertos/freertos-7.0.0/source/tasks.o
 .bss.uxSchedulerSuspended
                0x00000d88        0x4 src/ASF/thirdparty/freertos/freertos-7.0.0/source/tasks.o
 .bss.xDelayedTaskList2
                0x00000d8c       0x14 src/ASF/thirdparty/freertos/freertos-7.0.0/source/tasks.o
 .bss.uxTaskNumber
                0x00000da0        0x4 src/ASF/thirdparty/freertos/freertos-7.0.0/source/tasks.o
 .bss.uxCurrentNumberOfTasks
                0x00000da4        0x4 src/ASF/thirdparty/freertos/freertos-7.0.0/source/tasks.o
 .bss.xMissedYield
                0x00000da8        0x4 src/ASF/thirdparty/freertos/freertos-7.0.0/source/tasks.o
 .bss.xSuspendedTaskList
                0x00000dac       0x14 src/ASF/thirdparty/freertos/freertos-7.0.0/source/tasks.o
 .bss.uxTopReadyPriority
                0x00000dc0        0x4 src/ASF/thirdparty/freertos/freertos-7.0.0/source/tasks.o
 .bss.lench.11294
                0x00000dc4        0x1 src/Log/log.o
 .bss.lench.11364
                0x00000dc5        0x1 src/Log/log.o
 *fill*         0x00000dc6        0x2 
 .bss.__malloc_max_total_mem
                0x00000dc8        0x4 e:/program x86/atmel/studio/7.0/toolchain/avr32/avr32-gnu-toolchain/bin/../lib/gcc/avr32/4.4.7/../../../../avr32/lib/ucr2\libc.a(lib_a-mallocr.o)
                0x00000dc8                __malloc_max_total_mem
 .bss.__malloc_max_sbrked_mem
                0x00000dcc        0x4 e:/program x86/atmel/studio/7.0/toolchain/avr32/avr32-gnu-toolchain/bin/../lib/gcc/avr32/4.4.7/../../../../avr32/lib/ucr2\libc.a(lib_a-mallocr.o)
                0x00000dcc                __malloc_max_sbrked_mem
 .bss.__malloc_top_pad
                0x00000dd0        0x4 e:/program x86/atmel/studio/7.0/toolchain/avr32/avr32-gnu-toolchain/bin/../lib/gcc/avr32/4.4.7/../../../../avr32/lib/ucr2\libc.a(lib_a-mallocr.o)
                0x00000dd0                __malloc_top_pad
 .bss.__malloc_current_mallinfo
                0x00000dd4       0x28 e:/program x86/atmel/studio/7.0/toolchain/avr32/avr32-gnu-toolchain/bin/../lib/gcc/avr32/4.4.7/../../../../avr32/lib/ucr2\libc.a(lib_a-mallocr.o)
                0x00000dd4                __malloc_current_mallinfo
 .bss.cur_heap_pos.1869
                0x00000dfc        0x4 e:/program x86/atmel/studio/7.0/toolchain/avr32/avr32-gnu-toolchain/bin/../lib/gcc/avr32/4.4.7/../../../../avr32/lib/ucr2\libc.a(lib_a-syscalls.o)
 *(COMMON)
 COMMON         0x00000e00      0x28a src/Application/app/app.o
                0x00000e00                bunchofrandomstatusflags
                0x00000e04                Current_time
                0x00000e0a                message_store
 *fill*         0x0000108a        0x2 
 COMMON         0x0000108c     0x1004 src/Application/flash/data_flash.o
                0x0000108c                FLASH_BUF
                0x0000208c                spi
 COMMON         0x00002090      0x122 src/Application/radio/ambe.o
                0x00002090                AMBEBurst_rawdata
                0x00002098                Radio_Internal_Data
                0x0000209c                AMBE_DecryptionKey
                0x000020a4                SendAMBEBurst_EncryptionPackage
                0x00002194                VBSP_data
                0x00002198                Soft_Decision_Data
 COMMON         0x000021b2     0x3200 src/Application/radio/physical.o
                0x000021b2                payload_store
                0x000035b2                xnl_store
 *fill*         0x000053b2        0x2 
 COMMON         0x000053b4       0x4c src/Application/radio/ssc.o
                0x000053b4                intDuration
                0x000053b8                BufferIndex
                0x000053bc                intStartCount
                0x000053c0                RxBuffer
                0x000053e0                TxBuffer
 COMMON         0x00005400        0x4 src/Application/radio/xcmp.o
                0x00005400                app_list
 COMMON         0x00005404       0x18 src/Application/RFID/RFID.o
                0x00005404                RFID
                0x00005414                CT
                0x00005418                SN
 COMMON         0x0000541c        0x8 src/Application/xgflash/xgflash.o
                0x0000541c                xBinarySemaphore
                0x00005420                save_handle
 COMMON         0x00005424        0x4 src/ASF/avr32/drivers/spi/spi.o
                0x00005424                xSPIMutex
 COMMON         0x00005428        0x4 src/ASF/thirdparty/freertos/freertos-7.0.0/source/portable/gcc/avr32_uc3/write.o
                0x00005428                stdio_usart_base
 COMMON         0x0000542c        0x4 src/Log/log.o
                0x0000542c                logQueue
 COMMON         0x00005430        0x4 e:/program x86/atmel/studio/7.0/toolchain/avr32/avr32-gnu-toolchain/bin/../lib/gcc/avr32/4.4.7/../../../../avr32/lib/ucr2\libc.a(lib_a-reent.o)
                0x00005430                errno
                0x00005438                . = ALIGN (0x8)
 *fill*         0x00005434        0x4 
                0x00005438                . = ALIGN (0x8)
                0x00005438                _end = .
                0x00005438                PROVIDE (end, .)
                0x00005438                __heap_start__ = ALIGN (0x8)
                0x00017000                . = ((ORIGIN (CPUSRAM) + 0x17ffc) - _stack_size)
                0x00017000                __heap_end__ = .

.stab
 *(.stab)

.stabstr
 *(.stabstr)

.stab.excl
 *(.stab.excl)

.stab.exclstr
 *(.stab.exclstr)

.stab.index
 *(.stab.index)

.stab.indexstr
 *(.stab.indexstr)

.comment        0x00000000       0x30
 *(.comment)
 .comment       0x00000000       0x30 src/Application/app/app.o
                                 0x31 (size before relaxing)
 .comment       0x00000000       0x31 src/Application/flash/data_flash.o
 .comment       0x00000000       0x31 src/Application/radio/ambe.o
 .comment       0x00000000       0x31 src/Application/radio/payload.o
 .comment       0x00000000       0x31 src/Application/radio/physical.o
 .comment       0x00000000       0x31 src/Application/radio/ssc.o
 .comment       0x00000000       0x31 src/Application/radio/xcmp.o
 .comment       0x00000000       0x31 src/Application/radio/xnl.o
 .comment       0x00000000       0x31 src/Application/RFID/MFRC522/rc522.o
 .comment       0x00000000       0x31 src/Application/RFID/RFID.o
 .comment       0x00000000       0x31 src/Application/timers/timer.o
 .comment       0x00000000       0x31 src/Application/xgflash/xgflash.o
 .comment       0x00000000       0x31 src/ASF/avr32/drivers/flashc/flashc.o
 .comment       0x00000000       0x31 src/ASF/avr32/drivers/gpio/gpio.o
 .comment       0x00000000       0x31 src/ASF/avr32/drivers/intc/intc.o
 .comment       0x00000000       0x31 src/ASF/avr32/drivers/pm/pm.o
 .comment       0x00000000       0x31 src/ASF/avr32/drivers/spi/spi.o
 .comment       0x00000000       0x31 src/ASF/avr32/drivers/usart/usart.o
 .comment       0x00000000       0x31 src/ASF/thirdparty/freertos/freertos-7.0.0/source/list.o
 .comment       0x00000000       0x31 src/ASF/thirdparty/freertos/freertos-7.0.0/source/portable/gcc/avr32_uc3/port.o
 .comment       0x00000000       0x31 src/ASF/thirdparty/freertos/freertos-7.0.0/source/portable/gcc/avr32_uc3/read.o
 .comment       0x00000000       0x31 src/ASF/thirdparty/freertos/freertos-7.0.0/source/portable/gcc/avr32_uc3/write.o
 .comment       0x00000000       0x31 src/ASF/thirdparty/freertos/freertos-7.0.0/source/portable/memmang/heap_3.o
 .comment       0x00000000       0x31 src/ASF/thirdparty/freertos/freertos-7.0.0/source/queue.o
 .comment       0x00000000       0x31 src/ASF/thirdparty/freertos/freertos-7.0.0/source/tasks.o
 .comment       0x00000000       0x31 src/Log/log.o
 .comment       0x00000000       0x31 src/main.o
 .comment       0x00000000       0x31 e:/program x86/atmel/studio/7.0/toolchain/avr32/avr32-gnu-toolchain/bin/../lib/gcc/avr32/4.4.7/../../../../avr32/lib/ucr2\libc.a(lib_a-malloc.o)
 .comment       0x00000000       0x31 e:/program x86/atmel/studio/7.0/toolchain/avr32/avr32-gnu-toolchain/bin/../lib/gcc/avr32/4.4.7/../../../../avr32/lib/ucr2\libc.a(lib_a-mallocr.o)
 .comment       0x00000000       0x31 e:/program x86/atmel/studio/7.0/toolchain/avr32/avr32-gnu-toolchain/bin/../lib/gcc/avr32/4.4.7/../../../../avr32/lib/ucr2\libc.a(lib_a-memcmp.o)
 .comment       0x00000000       0x31 e:/program x86/atmel/studio/7.0/toolchain/avr32/avr32-gnu-toolchain/bin/../lib/gcc/avr32/4.4.7/../../../../avr32/lib/ucr2\libc.a(lib_a-memset.o)
 .comment       0x00000000       0x31 e:/program x86/atmel/studio/7.0/toolchain/avr32/avr32-gnu-toolchain/bin/../lib/gcc/avr32/4.4.7/../../../../avr32/lib/ucr2\libc.a(lib_a-reallocr.o)
 .comment       0x00000000       0x31 e:/program x86/atmel/studio/7.0/toolchain/avr32/avr32-gnu-toolchain/bin/../lib/gcc/avr32/4.4.7/../../../../avr32/lib/ucr2\libc.a(lib_a-sbrkr.o)
 .comment       0x00000000       0x31 e:/program x86/atmel/studio/7.0/toolchain/avr32/avr32-gnu-toolchain/bin/../lib/gcc/avr32/4.4.7/../../../../avr32/lib/ucr2\libc.a(lib_a-sprintf.o)
 .comment       0x00000000       0x31 e:/program x86/atmel/studio/7.0/toolchain/avr32/avr32-gnu-toolchain/bin/../lib/gcc/avr32/4.4.7/../../../../avr32/lib/ucr2\libc.a(lib_a-syscalls.o)
 .comment       0x00000000       0x31 e:/program x86/atmel/studio/7.0/toolchain/avr32/avr32-gnu-toolchain/bin/../lib/gcc/avr32/4.4.7/../../../../avr32/lib/ucr2\libc.a(lib_a-vfprintf.o)
 .comment       0x00000000       0x31 e:/program x86/atmel/studio/7.0/toolchain/avr32/avr32-gnu-toolchain/bin/../lib/gcc/avr32/4.4.7/../../../../avr32/lib/ucr2\libc.a(lib_a-wsetup.o)
 .comment       0x00000000       0x31 e:/program x86/atmel/studio/7.0/toolchain/avr32/avr32-gnu-toolchain/bin/../lib/gcc/avr32/4.4.7/../../../../avr32/lib/ucr2\libc.a(lib_a-dtoa.o)
 .comment       0x00000000       0x31 e:/program x86/atmel/studio/7.0/toolchain/avr32/avr32-gnu-toolchain/bin/../lib/gcc/avr32/4.4.7/../../../../avr32/lib/ucr2\libc.a(lib_a-errno.o)
 .comment       0x00000000       0x31 e:/program x86/atmel/studio/7.0/toolchain/avr32/avr32-gnu-toolchain/bin/../lib/gcc/avr32/4.4.7/../../../../avr32/lib/ucr2\libc.a(lib_a-fflush.o)
 .comment       0x00000000       0x31 e:/program x86/atmel/studio/7.0/toolchain/avr32/avr32-gnu-toolchain/bin/../lib/gcc/avr32/4.4.7/../../../../avr32/lib/ucr2\libc.a(lib_a-findfp.o)