Archive member included because of file (symbol)

e:/program x86/atmel/studio/7.0/toolchain/avr32/avr32-gnu-toolchain/bin/../lib/gcc/avr32/4.4.7/../../../../avr32/lib/ucr2\libc.a(lib_a-malloc.o)
                              src/ASF/thirdparty/freertos/freertos-7.0.0/source/portable/memmang/heap_3.o (free)
e:/program x86/atmel/studio/7.0/toolchain/avr32/avr32-gnu-toolchain/bin/../lib/gcc/avr32/4.4.7/../../../../avr32/lib/ucr2\libc.a(lib_a-mallocr.o)
                              e:/program x86/atmel/studio/7.0/toolchain/avr32/avr32-gnu-toolchain/bin/../lib/gcc/avr32/4.4.7/../../../../avr32/lib/ucr2\libc.a(lib_a-malloc.o) (_malloc_r)
e:/program x86/atmel/studio/7.0/toolchain/avr32/avr32-gnu-toolchain/bin/../lib/gcc/avr32/4.4.7/../../../../avr32/lib/ucr2\libc.a(lib_a-memcmp.o)
                              src/Application/voice/voice.o (memcmp)
e:/program x86/atmel/studio/7.0/toolchain/avr32/avr32-gnu-toolchain/bin/../lib/gcc/avr32/4.4.7/../../../../avr32/lib/ucr2\libc.a(lib_a-memcpy.o)
                              src/Application/app/app.o (memcpy)
e:/program x86/atmel/studio/7.0/toolchain/avr32/avr32-gnu-toolchain/bin/../lib/gcc/avr32/4.4.7/../../../../avr32/lib/ucr2\libc.a(lib_a-memset.o)
                              src/Application/radio/physical.o (memset)
e:/program x86/atmel/studio/7.0/toolchain/avr32/avr32-gnu-toolchain/bin/../lib/gcc/avr32/4.4.7/../../../../avr32/lib/ucr2\libc.a(lib_a-realloc.o)
                              src/ASF/thirdparty/freertos/freertos-7.0.0/source/portable/gcc/avr32_uc3/port.o (realloc)
e:/program x86/atmel/studio/7.0/toolchain/avr32/avr32-gnu-toolchain/bin/../lib/gcc/avr32/4.4.7/../../../../avr32/lib/ucr2\libc.a(lib_a-reallocr.o)
                              e:/program x86/atmel/studio/7.0/toolchain/avr32/avr32-gnu-toolchain/bin/../lib/gcc/avr32/4.4.7/../../../../avr32/lib/ucr2\libc.a(lib_a-realloc.o) (_realloc_r)
e:/program x86/atmel/studio/7.0/toolchain/avr32/avr32-gnu-toolchain/bin/../lib/gcc/avr32/4.4.7/../../../../avr32/lib/ucr2\libc.a(lib_a-sbrkr.o)
                              e:/program x86/atmel/studio/7.0/toolchain/avr32/avr32-gnu-toolchain/bin/../lib/gcc/avr32/4.4.7/../../../../avr32/lib/ucr2\libc.a(lib_a-mallocr.o) (_sbrk_r)
e:/program x86/atmel/studio/7.0/toolchain/avr32/avr32-gnu-toolchain/bin/../lib/gcc/avr32/4.4.7/../../../../avr32/lib/ucr2\libc.a(lib_a-sprintf.o)
                              src/Log/log.o (sprintf)
e:/program x86/atmel/studio/7.0/toolchain/avr32/avr32-gnu-toolchain/bin/../lib/gcc/avr32/4.4.7/../../../../avr32/lib/ucr2\libc.a(lib_a-strncpy.o)
                              src/ASF/thirdparty/freertos/freertos-7.0.0/source/tasks.o (strncpy)
e:/program x86/atmel/studio/7.0/toolchain/avr32/avr32-gnu-toolchain/bin/../lib/gcc/avr32/4.4.7/../../../../avr32/lib/ucr2\libc.a(lib_a-syscalls.o)
                              e:/program x86/atmel/studio/7.0/toolchain/avr32/avr32-gnu-toolchain/bin/../lib/gcc/avr32/4.4.7/../../../../avr32/lib/ucr2\libc.a(lib_a-sbrkr.o) (_sbrk)
e:/program x86/atmel/studio/7.0/toolchain/avr32/avr32-gnu-toolchain/bin/../lib/gcc/avr32/4.4.7/../../../../avr32/lib/ucr2\libc.a(lib_a-vfprintf.o)
                              e:/program x86/atmel/studio/7.0/toolchain/avr32/avr32-gnu-toolchain/bin/../lib/gcc/avr32/4.4.7/../../../../avr32/lib/ucr2\libc.a(lib_a-sprintf.o) (_vfprintf_r)
e:/program x86/atmel/studio/7.0/toolchain/avr32/avr32-gnu-toolchain/bin/../lib/gcc/avr32/4.4.7/../../../../avr32/lib/ucr2\libc.a(lib_a-wsetup.o)
                              e:/program x86/atmel/studio/7.0/toolchain/avr32/avr32-gnu-toolchain/bin/../lib/gcc/avr32/4.4.7/../../../../avr32/lib/ucr2\libc.a(lib_a-vfprintf.o) (__swsetup_r)
e:/program x86/atmel/studio/7.0/toolchain/avr32/avr32-gnu-toolchain/bin/../lib/gcc/avr32/4.4.7/../../../../avr32/lib/ucr2\libc.a(lib_a-dtoa.o)
                              e:/program x86/atmel/studio/7.0/toolchain/avr32/avr32-gnu-toolchain/bin/../lib/gcc/avr32/4.4.7/../../../../avr32/lib/ucr2\libc.a(lib_a-vfprintf.o) (_dtoa_r)
e:/program x86/atmel/studio/7.0/toolchain/avr32/avr32-gnu-toolchain/bin/../lib/gcc/avr32/4.4.7/../../../../avr32/lib/ucr2\libc.a(lib_a-errno.o)
                              e:/program x86/atmel/studio/7.0/toolchain/avr32/avr32-gnu-toolchain/bin/../lib/gcc/avr32/4.4.7/../../../../avr32/lib/ucr2\libc.a(lib_a-syscalls.o) (__errno)
e:/program x86/atmel/studio/7.0/toolchain/avr32/avr32-gnu-toolchain/bin/../lib/gcc/avr32/4.4.7/../../../../avr32/lib/ucr2\libc.a(lib_a-fflush.o)
                              e:/program x86/atmel/studio/7.0/toolchain/avr32/avr32-gnu-toolchain/bin/../lib/gcc/avr32/4.4.7/../../../../avr32/lib/ucr2\libc.a(lib_a-vfprintf.o) (_fflush_r)
e:/program x86/atmel/studio/7.0/toolchain/avr32/avr32-gnu-toolchain/bin/../lib/gcc/avr32/4.4.7/../../../../avr32/lib/ucr2\libc.a(lib_a-findfp.o)
                              e:/program x86/atmel/studio/7.0/toolchain/avr32/avr32-gnu-toolchain/bin/../lib/gcc/avr32/4.4.7/../../../../avr32/lib/ucr2\libc.a(lib_a-vfprintf.o) (__sinit)
[...]
Memory Configuration

Name             Origin             Length             Attributes
FLASH            0x80000000         0x00080000         axrl !w
CPUSRAM          0x00000004         0x00017ffc         axw !rl
USERPAGE         0x80800000         0x00000200
FACTORYPAGE      0x80800200         0x00000200
*default*        0x00000000         0xffffffff

Linker script and memory map

                0x00001000                _stack_size = 0x1000
LOAD src/Application/app/app.o
LOAD src/Application/flash/data_flash.o
LOAD src/Application/myrtc/xgrtc.o
LOAD src/Application/radio/ambe.o
LOAD src/Application/radio/AMBE_audio.o
LOAD src/Application/radio/AMBE_audio_2.o
LOAD src/Application/radio/audio.o
LOAD src/Application/radio/payload.o
LOAD src/Application/radio/physical.o
LOAD src/Application/radio/ssc.o
LOAD src/Application/radio/xcmp.o
LOAD src/Application/radio/xnl.o
LOAD src/Application/RFID/MFRC522/rc522.o
LOAD src/Application/RFID/RFID.o
LOAD src/Application/timers/timer.o
LOAD src/Application/voice/voice.o
LOAD src/Application/xgflash/xgflash.o
LOAD src/ASF/avr32/drivers/flashc/flashc.o
LOAD src/ASF/avr32/drivers/gpio/gpio.o
LOAD src/ASF/avr32/drivers/intc/intc.o
LOAD src/ASF/avr32/drivers/pm/pm.o
LOAD src/ASF/avr32/drivers/pm/pm_conf_clocks.o
LOAD src/ASF/avr32/drivers/pm/power_clocks_lib.o
LOAD src/ASF/avr32/drivers/rtc/rtc.o
LOAD src/ASF/avr32/drivers/spi/spi.o
LOAD src/ASF/avr32/drivers/tc/tc.o
LOAD src/ASF/avr32/drivers/twi/twi.o
LOAD src/ASF/avr32/drivers/usart/usart.o
LOAD src/ASF/avr32/utils/startup/startup_uc3.o
LOAD src/ASF/avr32/utils/startup/trampoline_uc3.o
LOAD src/ASF/common/boards/user_board/init.o
LOAD src/ASF/common/services/clock/uc3b0_b1/sysclk.o
LOAD src/ASF/common/services/spi/uc3_spi/spi_master.o
LOAD src/ASF/common/services/spi/uc3_usart_spi/usart_spi.o
LOAD src/ASF/thirdparty/freertos/freertos-7.0.0/source/croutine.o
LOAD src/ASF/thirdparty/freertos/freertos-7.0.0/source/list.o
LOAD src/ASF/thirdparty/freertos/freertos-7.0.0/source/portable/gcc/avr32_uc3/exception.o
LOAD src/ASF/thirdparty/freertos/freertos-7.0.0/source/portable/gcc/avr32_uc3/port.o
LOAD src/ASF/thirdparty/freertos/freertos-7.0.0/source/portable/gcc/avr32_uc3/read.o
LOAD src/ASF/thirdparty/freertos/freertos-7.0.0/source/portable/gcc/avr32_uc3/write.o
LOAD src/ASF/thirdparty/freertos/freertos-7.0.0/source/portable/memmang/heap_3.o
LOAD src/ASF/thirdparty/freertos/freertos-7.0.0/source/queue.o
LOAD src/ASF/thirdparty/freertos/freertos-7.0.0/source/tasks.o
LOAD src/Log/log.o
LOAD src/main.o
START GROUP
LOAD e:/program x86/atmel/studio/7.0/toolchain/avr32/avr32-gnu-toolchain/bin/../lib/gcc/avr32/4.4.7/../../../../avr32/lib/ucr2\libm.a
END GROUP
LOAD e:/program x86/atmel/studio/7.0/toolchain/avr32/avr32-gnu-toolchain/bin/../lib/gcc/avr32/4.4.7/ucr2\libgcc.a
LOAD e:/program x86/atmel/studio/7.0/toolchain/avr32/avr32-gnu-toolchain/bin/../lib/gcc/avr32/4.4.7/../../../../avr32/lib/ucr2\libc.a
LOAD e:/program x86/atmel/studio/7.0/toolchain/avr32/avr32-gnu-toolchain/bin/../lib/gcc/avr32/4.4.7/ucr2\libgcc.a
                0x80000000                PROVIDE (__executable_start, 0x80000000)
                0x80000000                . = 0x80000000

.interp
 *(.interp)

.reset          0x80000000     0x2004
 *(.reset)
 .reset         0x80000000     0x2004 src/ASF/avr32/utils/startup/trampoline_uc3.o
                               0x2008 (size before relaxing)
                0x80000000                _trampoline

.hash
 *(.hash)

.dynsym
 *(.dynsym)

.dynstr
 *(.dynstr)

.gnu.version
 *(.gnu.version)

.gnu.version_d
 *(.gnu.version_d)

.gnu.version_r
 *(.gnu.version_r)

.rel.init
 *(.rel.init)

.rela.init
 *(.rela.init)

.rel.text
 *(.rel.text .rel.text.* .rel.gnu.linkonce.t.*)

.rela.text
 *(.rela.text .rela.text.* .rela.gnu.linkonce.t.*)

.rel.fini
 *(.rel.fini)

.rela.fini
 *(.rela.fini)

.rel.rodata
 *(.rel.rodata .rel.rodata.* .rel.gnu.linkonce.r.*)

.rela.rodata
 *(.rela.rodata .rela.rodata.* .rela.gnu.linkonce.r.*)

.rel.data.rel.ro
 *(.rel.data.rel.ro*)

.rela.data.rel.ro
 *(.rel.data.rel.ro*)

.rel.data
 *(.rel.data .rel.data.* .rel.gnu.linkonce.d.*)

.rela.data
 *(.rela.data .rela.data.* .rela.gnu.linkonce.d.*)

.rel.tdata
 *(.rel.tdata .rel.tdata.* .rel.gnu.linkonce.td.*)

.rela.tdata
 *(.rela.tdata .rela.tdata.* .rela.gnu.linkonce.td.*)

.rel.tbss
 *(.rel.tbss .rel.tbss.* .rel.gnu.linkonce.tb.*)

.rela.tbss
 *(.rela.tbss .rela.tbss.* .rela.gnu.linkonce.tb.*)

.rel.ctors
 *(.rel.ctors)

.rela.ctors
 *(.rela.ctors)

.rel.dtors
 *(.rel.dtors)

.rela.dtors
 *(.rela.dtors)

.rel.got
 *(.rel.got)

.rela.got       0x80002004        0x0
 *(.rela.got)
 .rela.got      0x80002004        0x0 src/Application/app/app.o

.rel.bss
 *(.rel.bss .rel.bss.* .rel.gnu.linkonce.b.*)

.rela.bss
 *(.rela.bss .rela.bss.* .rela.gnu.linkonce.b.*)

.rel.plt
 *(.rel.plt)

.rela.plt
 *(.rela.plt)

.init
 *(.init)

.plt
 *(.plt)

.text           0x80002004     0xbcf4
 *(.text .stub .text.* .gnu.linkonce.t.*)
 .text.DeviceManagement_brdcst_func
                0x80002004       0x40 src/Application/app/app.o
                0x80002004                DeviceManagement_brdcst_func
 .text.Volume_brdcst_func
                0x80002044        0x2 src/Application/app/app.o
                0x80002044                Volume_brdcst_func
 .text.AudioRoutingControl_brdcst_func
                0x80002046        0x2 src/Application/app/app.o
                0x80002046                AudioRoutingControl_brdcst_func
 .text.vApplicationIdleHook
                0x80002048       0x10 src/Application/app/app.o
                0x80002048                vApplicationIdleHook
 .text.app_payload_tx_proc
                0x80002058       0x14 src/Application/app/app.o
 .text.app_payload_rx_proc
                0x8000206c       0x34 src/Application/app/app.o
 .text.FD_brdcst_func
                0x800020a0       0x14 src/Application/app/app.o
                0x800020a0                FD_brdcst_func
 .text.FD_reply_func
                0x800020b4       0x14 src/Application/app/app.o
                0x800020b4                FD_reply_func
 .text.FD_request_func
                0x800020c8       0x14 src/Application/app/app.o
                0x800020c8                FD_request_func
 .text.EnOB_brdcst_func
                0x800020dc       0x14 src/Application/app/app.o
                0x800020dc                EnOB_brdcst_func
 .text.EnOB_reply_func
                0x800020f0       0x70 src/Application/app/app.o
                0x800020f0                EnOB_reply_func
 .text.SingleDetection_brdcst_func
                0x80002160       0x4c src/Application/app/app.o
                0x80002160                SingleDetection_brdcst_func
 .text.ButtonConfig_brdcst_func
                0x800021ac       0xdc src/Application/app/app.o
                0x800021ac                ButtonConfig_brdcst_func
 .text.ButtonConfig_reply_func
                0x80002288       0x44 src/Application/app/app.o
                0x80002288                ButtonConfig_reply_func
 .text.BatteryLevel_brdcst_func
                0x800022cc       0x30 src/Application/app/app.o
                0x800022cc                BatteryLevel_brdcst_func
 .text.ShutDown_brdcst_func
                0x800022fc       0x30 src/Application/app/app.o
                0x800022fc                ShutDown_brdcst_func
 .text.DataSession_reply_func
                0x8000232c       0x5c src/Application/app/app.o
                0x8000232c                DataSession_reply_func
 .text.CallControl_brdcst_func
                0x80002388       0x44 src/Application/app/app.o
                0x80002388                CallControl_brdcst_func
 .text.TransmitControl_brdcst_func
                0x800023cc       0x48 src/Application/app/app.o
                0x800023cc                TransmitControl_brdcst_func
 .text.TransmitControl_reply_func
                0x80002414       0x60 src/Application/app/app.o
                0x80002414                TransmitControl_reply_func
 .text.AudioRoutingControl_reply_func
                0x80002474       0x28 src/Application/app/app.o
                0x80002474                AudioRoutingControl_reply_func
 .text.Volume_reply_func
                0x8000249c       0x64 src/Application/app/app.o
                0x8000249c                Volume_reply_func
 .text.spk_brdcst_func
                0x80002500       0x38 src/Application/app/app.o
                0x80002500                spk_brdcst_func
 .text.spk_reply_func
                0x80002538       0x48 src/Application/app/app.o
                0x80002538                spk_reply_func
 .text.mic_brdcst_func
                0x80002580       0x58 src/Application/app/app.o
                0x80002580                mic_brdcst_func
 .text.mic_reply_func
                0x800025d8       0x94 src/Application/app/app.o
                0x800025d8                mic_reply_func
 .text.dcm_brdcst_func
                0x8000266c       0x48 src/Application/app/app.o
                0x8000266c                dcm_brdcst_func
 .text.dcm_reply_func
                0x800026b4       0x68 src/Application/app/app.o
                0x800026b4                dcm_reply_func
 .text.ToneControl_reply_func
                0x8000271c       0x28 src/Application/app/app.o
                0x8000271c                ToneControl_reply_func
 .text.app_init
                0x80002744       0x9c src/Application/app/app.o
                0x80002744                app_init
 .text.send_message
                0x800027e0      0x14c src/Application/app/app.o
 .text.app_cfg  0x8000292c      0x1d0 src/Application/app/app.o
 .text.Phyuserinput_brdcst_func
                0x80002afc       0x58 src/Application/app/app.o
                0x80002afc                Phyuserinput_brdcst_func
 .text.DataSession_brdcst_func
                0x80002b54      0x1a0 src/Application/app/app.o
                0x80002b54                DataSession_brdcst_func
 .text.DeviceInitializationStatus_brdcst_func
                0x80002cf4       0x50 src/Application/app/app.o
                0x80002cf4                DeviceInitializationStatus_brdcst_func
 .text.send_flash_command
                0x80002d44      0x1c4 src/Application/flash/data_flash.o
                0x80002d44                send_flash_command
 .text.data_flash_read_block
                0x80002f08       0x38 src/Application/flash/data_flash.o
                0x80002f08                data_flash_read_block
 .text.data_flash_write_page
                0x80002f40       0xa0 src/Application/flash/data_flash.o
                0x80002f40                data_flash_write_page
 .text.data_flash_write_block
                0x80002fe0       0xc0 src/Application/flash/data_flash.o
                0x80002fe0                data_flash_write_block
 .text.data_flash_erase_block
                0x800030a0       0xa0 src/Application/flash/data_flash.o
                0x800030a0                data_flash_erase_block
 .text.data_flash_write
                0x80003140       0xf0 src/Application/flash/data_flash.o
                0x80003140                data_flash_write
 .text.W25Q64_SPI_SetSpeed
                0x80003230       0x24 src/Application/flash/data_flash.o
                0x80003230                W25Q64_SPI_SetSpeed
 .text.W25Q64_SPI_SetSpeedLow
                0x80003254       0x10 src/Application/flash/data_flash.o
                0x80003254                W25Q64_SPI_SetSpeedLow
 .text.data_flash_init
                0x80003264      0x12c src/Application/flash/data_flash.o
                0x80003264                data_flash_init
 .text.xg_rtc_init
                0x80003390       0x80 src/Application/myrtc/xgrtc.o
                0x80003390                xg_rtc_init
 .text.rtc_irq  0x80003410       0xf0 src/Application/myrtc/xgrtc.o
                0x80003410                rtc_irq
 .text.CalculateBurst
                0x80003500       0x1c src/Application/radio/ambe.o
                0x80003500                CalculateBurst
 .text.payload_init
                0x8000351c       0x14 src/Application/radio/payload.o
                0x8000351c                payload_init
 .text.set_idle_store_isr
                0x80003530       0x1c src/Application/radio/physical.o
                0x80003530                set_idle_store_isr
 .text.payload_rx
                0x8000354c       0x18 src/Application/radio/physical.o
 .text.phy_rx   0x80003564       0x38 src/Application/radio/physical.o
                0x80003564                phy_rx
 .text.set_idle_store
                0x8000359c       0x20 src/Application/radio/physical.o
                0x8000359c                set_idle_store
 .text.phy_tx   0x800035bc       0x5c src/Application/radio/physical.o
                0x800035bc                phy_tx
 .text.get_idle_store_isr
                0x80003618       0x28 src/Application/radio/physical.o
                0x80003618                get_idle_store_isr
 .text.phy_tx_func
                0x80003640      0x108 src/Application/radio/physical.o
 .text.get_idle_store
                0x80003748       0x28 src/Application/radio/physical.o
                0x80003748                get_idle_store
 .text.phy_init
                0x80003770       0x28 src/Application/radio/physical.o
                0x80003770                phy_init
 .text.phy_rx_func
                0x80003798      0xf24 src/Application/radio/physical.o
 .text.pdca_int_handler
                0x800046bc       0x80 src/Application/radio/ssc.o
 .text.local_start_SSC
                0x8000473c       0x44 src/Application/radio/ssc.o
                0x8000473c                local_start_SSC
 .text.local_start_PDC
                0x80004780       0x6c src/Application/radio/ssc.o
                0x80004780                local_start_PDC
 .text.register_rx_tx_func
                0x800047ec       0x14 src/Application/radio/ssc.o
                0x800047ec                register_rx_tx_func
 .text.ssc_init
                0x80004800       0x74 src/Application/radio/ssc.o
                0x80004800                ssc_init
 .text.xcmp_register_app_list
                0x80004874        0xc src/Application/radio/xcmp.o
                0x80004874                xcmp_register_app_list
 .text.xcmp_tx  0x80004880       0x48 src/Application/radio/xcmp.o
 .text.xcmp_data_session_req
                0x800048c8       0x90 src/Application/radio/xcmp.o
                0x800048c8                xcmp_data_session_req
 .text.xcmp_DeviceInitializationStatus_request
                0x80004958       0x48 src/Application/radio/xcmp.o
                0x80004958                xcmp_DeviceInitializationStatus_request
 .text.xcmp_opcode_not_supported
                0x800049a0       0x24 src/Application/radio/xcmp.o
                0x800049a0                xcmp_opcode_not_supported
 .text.xcmp_exec_func
                0x800049c4       0x48 src/Application/radio/xcmp.o
 .text.xcmp_IdleTestTone
                0x80004a0c       0x60 src/Application/radio/xcmp.o
                0x80004a0c                xcmp_IdleTestTone
 .text.xcmp_init
                0x80004a6c       0x54 src/Application/radio/xcmp.o
                0x80004a6c                xcmp_init
 .text.xcmp_rx_process
                0x80004ac0       0xfc src/Application/radio/xcmp.o
 .text.xcmp_rx  0x80004bbc       0x4c src/Application/radio/xcmp.o
 .text.xnl_register_xcmp_func
                0x80004c08        0xc src/Application/radio/xnl.o
                0x80004c08                xnl_register_xcmp_func
 .text.xnl_get_msg_ack_func
                0x80004c14       0x2c src/Application/radio/xnl.o
                0x80004c14                xnl_get_msg_ack_func
 .text.xnl_init
                0x80004c40      0x12c src/Application/radio/xnl.o
                0x80004c40                xnl_init
 .text.xnl_rx_process
                0x80004d6c       0x60 src/Application/radio/xnl.o
 .text.xnl_tx_process
                0x80004dcc       0xcc src/Application/radio/xnl.o
 .text.xnl_tx   0x80004e98       0xe4 src/Application/radio/xnl.o
                0x80004e98                xnl_tx
 .text.xnl_data_msg_func
                0x80004f7c       0x60 src/Application/radio/xnl.o
                0x80004f7c                xnl_data_msg_func
 .text.xnl_device_auth_reply_func
                0x80004fdc      0x120 src/Application/radio/xnl.o
                0x80004fdc                xnl_device_auth_reply_func
 .text.xnl_master_status_brdcst_func
                0x800050fc       0x60 src/Application/radio/xnl.o
                0x800050fc                xnl_master_status_brdcst_func
 .text.xnl_device_conn_reply_func
                0x8000515c       0x5c src/Application/radio/xnl.o
                0x8000515c                xnl_device_conn_reply_func
 .text.xnl_send_device_master_query
                0x800051b8       0x30 src/Application/radio/xnl.o
                0x800051b8                xnl_send_device_master_query
 .text.RC522_SPI_SetSpeed
                0x800051e8       0x24 src/Application/RFID/MFRC522/rc522.o
                0x800051e8                RC522_SPI_SetSpeed
 .text.RC522_SPI_SetSpeedLow
                0x8000520c       0x10 src/Application/RFID/MFRC522/rc522.o
                0x8000520c                RC522_SPI_SetSpeedLow
 .text.RC522_ReadByte
                0x8000521c       0x2c src/Application/RFID/MFRC522/rc522.o
                0x8000521c                RC522_ReadByte
 .text.RC522_WriteByte
                0x80005248       0x30 src/Application/RFID/MFRC522/rc522.o
                0x80005248                RC522_WriteByte
 .text.WriteRawRC
                0x80005278       0x40 src/Application/RFID/MFRC522/rc522.o
                0x80005278                WriteRawRC
 .text.PcdReset
                0x800052b8       0x80 src/Application/RFID/MFRC522/rc522.o
                0x800052b8                PcdReset
 .text.ReadRawRC
                0x80005338       0x48 src/Application/RFID/MFRC522/rc522.o
                0x80005338                ReadRawRC
 .text.Wait_Wakeup_RC522
                0x80005380       0x10 src/Application/RFID/MFRC522/rc522.o
                0x80005380                Wait_Wakeup_RC522
 .text.Powerdown_RC522
                0x80005390       0x4c src/Application/RFID/MFRC522/rc522.o
                0x80005390                Powerdown_RC522
 .text.SetBitMask
                0x800053dc       0x24 src/Application/RFID/MFRC522/rc522.o
                0x800053dc                SetBitMask
 .text.PcdAntennaOn
                0x80005400       0x20 src/Application/RFID/MFRC522/rc522.o
                0x80005400                PcdAntennaOn
 .text.ClearBitMask
                0x80005420       0x28 src/Application/RFID/MFRC522/rc522.o
                0x80005420                ClearBitMask
 .text.PcdAntennaOff
                0x80005448       0x10 src/Application/RFID/MFRC522/rc522.o
                0x80005448                PcdAntennaOff
 .text.M500PcdConfigISOType
                0x80005458       0x70 src/Application/RFID/MFRC522/rc522.o
                0x80005458                M500PcdConfigISOType
 .text.rc522_init
                0x800054c8       0xb4 src/Application/RFID/MFRC522/rc522.o
                0x800054c8                rc522_init
 .text.PcdComMF522
                0x8000557c      0x178 src/Application/RFID/MFRC522/rc522.o
                0x8000557c                PcdComMF522
 .text.PcdAnticoll
                0x800056f4       0x84 src/Application/RFID/MFRC522/rc522.o
                0x800056f4                PcdAnticoll
 .text.PcdRequest
                0x80005778       0x64 src/Application/RFID/MFRC522/rc522.o
                0x80005778                PcdRequest
 .text.CalulateCRC
                0x800057dc       0x8c src/Application/RFID/MFRC522/rc522.o
                0x800057dc                CalulateCRC
 .text.PcdSelect
                0x80005868       0x74 src/Application/RFID/MFRC522/rc522.o
                0x80005868                PcdSelect
 .text.rfid_auto_reader
                0x800058dc      0x120 src/Application/RFID/RFID.o
                0x800058dc                rfid_auto_reader
 .text.scan_patrol
                0x800059fc       0x50 src/Application/RFID/RFID.o
                0x800059fc                scan_patrol
 .text.scan_rfid_save_message
                0x80005a4c      0x1f8 src/Application/RFID/RFID.o
                0x80005a4c                scan_rfid_save_message
 .text.rfid_init
                0x80005c44        0xc src/Application/RFID/RFID.o
                0x80005c44                rfid_init
 .text.delay_ns
                0x80005c50       0x16 src/Application/timers/timer.o
                0x80005c50                delay_ns
 *fill*         0x80005c66        0x2 d703d703
 .text.delay_us
                0x80005c68       0x28 src/Application/timers/timer.o
                0x80005c68                delay_us
 .text.delay_ms
                0x80005c90       0x28 src/Application/timers/timer.o
                0x80005c90                delay_ms
 .text.local_start_timer
                0x80005cb8       0x2c src/Application/timers/timer.o
                0x80005cb8                local_start_timer
 .text.local_start_pll0
                0x80005ce4       0x94 src/Application/timers/timer.o
                0x80005ce4                local_start_pll0
 .text.xg_flashc_init
                0x80005d78      0x2a4 src/Application/xgflash/xgflash.o
                0x80005d78                xg_flashc_init
 .text.xgflash_get_message_data
                0x8000601c      0x150 src/Application/xgflash/xgflash.o
                0x8000601c                xgflash_get_message_data
 .text.xgflash_message_save
                0x8000616c      0x190 src/Application/xgflash/xgflash.o
                0x8000616c                xgflash_message_save
 .text.xgflash_get_message_count
                0x800062fc       0x4c src/Application/xgflash/xgflash.o
                0x800062fc                xgflash_get_message_count
 .text.flashc_set_wait_state
                0x80006348        0xe src/ASF/avr32/drivers/flashc/flashc.o
                0x80006348                flashc_set_wait_state
 .text.gpio_enable_module_pin
                0x80006356       0x52 src/ASF/avr32/drivers/gpio/gpio.o
                0x80006356                gpio_enable_module_pin
 .text.gpio_enable_module
                0x800063a8       0x30 src/ASF/avr32/drivers/gpio/gpio.o
                0x800063a8                gpio_enable_module
 .text.gpio_enable_gpio_pin
                0x800063d8       0x18 src/ASF/avr32/drivers/gpio/gpio.o
                0x800063d8                gpio_enable_gpio_pin
 .text.gpio_set_gpio_pin
                0x800063f0       0x1c src/ASF/avr32/drivers/gpio/gpio.o
                0x800063f0                gpio_set_gpio_pin
 .text.gpio_clr_gpio_pin
                0x8000640c       0x1c src/ASF/avr32/drivers/gpio/gpio.o
                0x8000640c                gpio_clr_gpio_pin
 .text._unhandled_interrupt
                0x80006428        0x2 src/ASF/avr32/drivers/intc/intc.o
 *fill*         0x8000642a        0x2 d703d703
 .text.INTC_register_interrupt
                0x8000642c       0x80 src/ASF/avr32/drivers/intc/intc.o
                0x8000642c                INTC_register_interrupt
 .text.INTC_init_interrupts
                0x800064ac       0x54 src/ASF/avr32/drivers/intc/intc.o
                0x800064ac                INTC_init_interrupts
 .text._get_interrupt_handler
                0x80006500       0x38 src/ASF/avr32/drivers/intc/intc.o
                0x80006500                _get_interrupt_handler
 .text.pm_set_osc0_mode
                0x80006538        0xa src/ASF/avr32/drivers/pm/pm.o
 *fill*         0x80006542        0x2 d703d703
 .text.pm_enable_osc0_crystal
                0x80006544       0x3c src/ASF/avr32/drivers/pm/pm.o
                0x80006544                pm_enable_osc0_crystal
 .text.pm_enable_clk0_no_wait
                0x80006580       0x10 src/ASF/avr32/drivers/pm/pm.o
                0x80006580                pm_enable_clk0_no_wait
 .text.pm_wait_for_clk0_ready
                0x80006590        0xa src/ASF/avr32/drivers/pm/pm.o
                0x80006590                pm_wait_for_clk0_ready
 *fill*         0x8000659a        0x2 d703d703
 .text.pm_enable_clk0
                0x8000659c       0x1c src/ASF/avr32/drivers/pm/pm.o
                0x8000659c                pm_enable_clk0
 .text.pm_set_osc32_mode
                0x800065b8        0xa src/ASF/avr32/drivers/pm/pm.o
 *fill*         0x800065c2        0x2 d703d703
 .text.pm_enable_osc32_crystal
                0x800065c4       0x10 src/ASF/avr32/drivers/pm/pm.o
                0x800065c4                pm_enable_osc32_crystal
 .text.pm_enable_clk32_no_wait
                0x800065d4       0x10 src/ASF/avr32/drivers/pm/pm.o
                0x800065d4                pm_enable_clk32_no_wait
 .text.pm_wait_for_clk32_ready
                0x800065e4        0xa src/ASF/avr32/drivers/pm/pm.o
                0x800065e4                pm_wait_for_clk32_ready
 *fill*         0x800065ee        0x2 d703d703
 .text.pm_enable_clk32
                0x800065f0       0x1c src/ASF/avr32/drivers/pm/pm.o
                0x800065f0                pm_enable_clk32
 .text.pm_cksel
                0x8000660c       0x46 src/ASF/avr32/drivers/pm/pm.o
                0x8000660c                pm_cksel
 .text.pm_pll_setup
                0x80006652       0x22 src/ASF/avr32/drivers/pm/pm.o
                0x80006652                pm_pll_setup
 .text.pm_pll_set_option
                0x80006674       0x1a src/ASF/avr32/drivers/pm/pm.o
                0x80006674                pm_pll_set_option
 .text.pm_pll_enable
                0x8000668e        0xe src/ASF/avr32/drivers/pm/pm.o
                0x8000668e                pm_pll_enable
 .text.pm_wait_for_pll0_locked
                0x8000669c        0xa src/ASF/avr32/drivers/pm/pm.o
                0x8000669c                pm_wait_for_pll0_locked
 .text.pm_switch_to_clock
                0x800066a6        0xa src/ASF/avr32/drivers/pm/pm.o
                0x800066a6                pm_switch_to_clock
 .text.pm_switch_to_osc0
                0x800066b0       0x2c src/ASF/avr32/drivers/pm/pm.o
                0x800066b0                pm_switch_to_osc0
 .text.rtc_is_busy
                0x800066dc        0x8 src/ASF/avr32/drivers/rtc/rtc.o
                0x800066dc                rtc_is_busy
 .text.rtc_set_value
                0x800066e4       0x24 src/ASF/avr32/drivers/rtc/rtc.o
                0x800066e4                rtc_set_value
 .text.rtc_enable
                0x80006708       0x24 src/ASF/avr32/drivers/rtc/rtc.o
                0x80006708                rtc_enable
 .text.rtc_enable_interrupt
                0x8000672c        0x6 src/ASF/avr32/drivers/rtc/rtc.o
                0x8000672c                rtc_enable_interrupt
 *fill*         0x80006732        0x2 d703d703
 .text.rtc_set_top_value
                0x80006734       0x24 src/ASF/avr32/drivers/rtc/rtc.o
                0x80006734                rtc_set_top_value
 .text.rtc_clear_interrupt
                0x80006758       0x1e src/ASF/avr32/drivers/rtc/rtc.o
                0x80006758                rtc_clear_interrupt
 *fill*         0x80006776        0x2 d703d703
 .text.rtc_init
                0x80006778       0x80 src/ASF/avr32/drivers/rtc/rtc.o
                0x80006778                rtc_init
 .text.getBaudDiv
                0x800067f8       0x20 src/ASF/avr32/drivers/spi/spi.o
                0x800067f8                getBaudDiv
 .text.spi_initMaster
                0x80006818       0x38 src/ASF/avr32/drivers/spi/spi.o
                0x80006818                spi_initMaster
 .text.spi_selectionMode
                0x80006850       0x2c src/ASF/avr32/drivers/spi/spi.o
                0x80006850                spi_selectionMode
 .text.spi_enable
                0x8000687c        0x6 src/ASF/avr32/drivers/spi/spi.o
                0x8000687c                spi_enable
 .text.spi_write
                0x80006882       0x1c src/ASF/avr32/drivers/spi/spi.o
                0x80006882                spi_write
 .text.spi_read
                0x8000689e       0x20 src/ASF/avr32/drivers/spi/spi.o
                0x8000689e                spi_read
 *fill*         0x800068be        0x2 d703d703
 .text.spi_setupChipReg
                0x800068c0       0xe8 src/ASF/avr32/drivers/spi/spi.o
                0x800068c0                spi_setupChipReg
 .text.spi_unselectChip
                0x800069a8       0x40 src/ASF/avr32/drivers/spi/spi.o
                0x800069a8                spi_unselectChip
 .text.spi_selectChip
                0x800069e8       0x78 src/ASF/avr32/drivers/spi/spi.o
                0x800069e8                spi_selectChip
 .text.usart_set_async_baudrate
                0x80006a60       0x5a src/ASF/avr32/drivers/usart/usart.o
 .text.usart_write_char
                0x80006aba       0x14 src/ASF/avr32/drivers/usart/usart.o
                0x80006aba                usart_write_char
 *fill*         0x80006ace        0x2 d703d703
 .text.usart_putchar
                0x80006ad0       0x2c src/ASF/avr32/drivers/usart/usart.o
                0x80006ad0                usart_putchar
 .text.usart_read_char
                0x80006afc       0x22 src/ASF/avr32/drivers/usart/usart.o
                0x80006afc                usart_read_char
 *fill*         0x80006b1e        0x2 d703d703
 .text.usart_getchar
                0x80006b20       0x2c src/ASF/avr32/drivers/usart/usart.o
                0x80006b20                usart_getchar
 .text.usart_write_line
                0x80006b4c       0x24 src/ASF/avr32/drivers/usart/usart.o
                0x80006b4c                usart_write_line
 .text.usart_reset
                0x80006b70       0x2c src/ASF/avr32/drivers/usart/usart.o
                0x80006b70                usart_reset
 .text.usart_init_rs232
                0x80006b9c       0xcc src/ASF/avr32/drivers/usart/usart.o
                0x80006b9c                usart_init_rs232
 .text._stext   0x80006c68       0x40 src/ASF/avr32/utils/startup/startup_uc3.o
                                 0x50 (size before relaxing)
                0x80006c68                _stext
 .text.vListInitialise
                0x80006ca8       0x14 src/ASF/thirdparty/freertos/freertos-7.0.0/source/list.o
                0x80006ca8                vListInitialise
 .text.vListInitialiseItem
                0x80006cbc        0x6 src/ASF/thirdparty/freertos/freertos-7.0.0/source/list.o
                0x80006cbc                vListInitialiseItem
 .text.vListInsertEnd
                0x80006cc2       0x1c src/ASF/thirdparty/freertos/freertos-7.0.0/source/list.o
                0x80006cc2                vListInsertEnd
 .text.vListInsert
                0x80006cde       0x34 src/ASF/thirdparty/freertos/freertos-7.0.0/source/list.o
                0x80006cde                vListInsert
 .text.vListRemove
                0x80006d12       0x26 src/ASF/thirdparty/freertos/freertos-7.0.0/source/list.o
                0x80006d12                vListRemove
 .text.pxPortInitialiseStack
                0x80006d38       0x92 src/ASF/thirdparty/freertos/freertos-7.0.0/source/portable/gcc/avr32_uc3/port.o
                0x80006d38                pxPortInitialiseStack
 *fill*         0x80006dca        0x2 d703d703
 .text.vPortEnterCritical
                0x80006dcc       0x10 src/ASF/thirdparty/freertos/freertos-7.0.0/source/portable/gcc/avr32_uc3/port.o
                0x80006dcc                vPortEnterCritical
 .text.xPortStartScheduler
                0x80006ddc       0x58 src/ASF/thirdparty/freertos/freertos-7.0.0/source/portable/gcc/avr32_uc3/port.o
                0x80006ddc                xPortStartScheduler
 .text.SCALLYield
                0x80006e34       0x98 src/ASF/thirdparty/freertos/freertos-7.0.0/source/portable/gcc/avr32_uc3/port.o
                0x80006e34                SCALLYield
 .text.prvClearCcInt
                0x80006ecc        0xa src/ASF/thirdparty/freertos/freertos-7.0.0/source/portable/gcc/avr32_uc3/port.o
 *fill*         0x80006ed6        0x2 d703d703
 .text.vPortExitCritical
                0x80006ed8       0x20 src/ASF/thirdparty/freertos/freertos-7.0.0/source/portable/gcc/avr32_uc3/port.o
                0x80006ed8                vPortExitCritical
 .text.vTick    0x80006ef8       0x84 src/ASF/thirdparty/freertos/freertos-7.0.0/source/portable/gcc/avr32_uc3/port.o
 .text.__malloc_lock
                0x80006f7c        0xc src/ASF/thirdparty/freertos/freertos-7.0.0/source/portable/gcc/avr32_uc3/port.o
                0x80006f7c                __malloc_lock
 .text.__malloc_unlock
                0x80006f88        0xc src/ASF/thirdparty/freertos/freertos-7.0.0/source/portable/gcc/avr32_uc3/port.o
                0x80006f88                __malloc_unlock
 .text._read    0x80006f94       0x40 src/ASF/thirdparty/freertos/freertos-7.0.0/source/portable/gcc/avr32_uc3/read.o
                0x80006f94                _read
 .text._write   0x80006fd4       0x3c src/ASF/thirdparty/freertos/freertos-7.0.0/source/portable/gcc/avr32_uc3/write.o
                0x80006fd4                _write
 .text.vPortFree
                0x80007010       0x28 src/ASF/thirdparty/freertos/freertos-7.0.0/source/portable/memmang/heap_3.o
                0x80007010                vPortFree
 .text.pvPortMalloc
                0x80007038       0x28 src/ASF/thirdparty/freertos/freertos-7.0.0/source/portable/memmang/heap_3.o
                0x80007038                pvPortMalloc
 .text.prvCopyDataFromQueue
                0x80007060       0x30 src/ASF/thirdparty/freertos/freertos-7.0.0/source/queue.o
 .text.xQueueReceiveFromISR
                0x80007090       0x50 src/ASF/thirdparty/freertos/freertos-7.0.0/source/queue.o
                0x80007090                xQueueReceiveFromISR
 .text.prvUnlockQueue
                0x800070e0       0xa0 src/ASF/thirdparty/freertos/freertos-7.0.0/source/queue.o
 .text.xQueueGenericReceive
                0x80007180      0x144 src/ASF/thirdparty/freertos/freertos-7.0.0/source/queue.o
                0x80007180                xQueueGenericReceive
 .text.prvCopyDataToQueue
                0x800072c4       0x78 src/ASF/thirdparty/freertos/freertos-7.0.0/source/queue.o
 .text.xQueueGenericSendFromISR
                0x8000733c       0x50 src/ASF/thirdparty/freertos/freertos-7.0.0/source/queue.o
                0x8000733c                xQueueGenericSendFromISR
 .text.xQueueGenericSend
                0x8000738c      0x100 src/ASF/thirdparty/freertos/freertos-7.0.0/source/queue.o
                0x8000738c                xQueueGenericSend
 .text.xQueueCreateMutex
                0x8000748c       0x58 src/ASF/thirdparty/freertos/freertos-7.0.0/source/queue.o
                0x8000748c                xQueueCreateMutex
 .text.xQueueCreate
                0x800074e4       0x74 src/ASF/thirdparty/freertos/freertos-7.0.0/source/queue.o
                0x800074e4                xQueueCreate
 .text.vTaskSuspendAll
                0x80007558       0x10 src/ASF/thirdparty/freertos/freertos-7.0.0/source/tasks.o
                0x80007558                vTaskSuspendAll
 .text.vTaskSwitchContext
                0x80007568       0x7c src/ASF/thirdparty/freertos/freertos-7.0.0/source/tasks.o
                0x80007568                vTaskSwitchContext
 .text.vTaskSetTimeOutState
                0x800075e4       0x18 src/ASF/thirdparty/freertos/freertos-7.0.0/source/tasks.o
                0x800075e4                vTaskSetTimeOutState
 .text.vTaskMissedYield
                0x800075fc        0xc src/ASF/thirdparty/freertos/freertos-7.0.0/source/tasks.o
                0x800075fc                vTaskMissedYield
 .text.xTaskGetCurrentTaskHandle
                0x80007608        0xc src/ASF/thirdparty/freertos/freertos-7.0.0/source/tasks.o
                0x80007608                xTaskGetCurrentTaskHandle
 .text.vTaskPriorityDisinherit
                0x80007614       0x58 src/ASF/thirdparty/freertos/freertos-7.0.0/source/tasks.o
                0x80007614                vTaskPriorityDisinherit
 .text.vTaskPriorityInherit
                0x8000766c       0x84 src/ASF/thirdparty/freertos/freertos-7.0.0/source/tasks.o
                0x8000766c                vTaskPriorityInherit
 .text.xTaskRemoveFromEventList
                0x800076f0       0x7c src/ASF/thirdparty/freertos/freertos-7.0.0/source/tasks.o
                0x800076f0                xTaskRemoveFromEventList
 .text.vTaskIncrementTick
                0x8000776c      0x114 src/ASF/thirdparty/freertos/freertos-7.0.0/source/tasks.o
                0x8000776c                vTaskIncrementTick
 .text.xTaskCheckForTimeOut
                0x80007880       0x70 src/ASF/thirdparty/freertos/freertos-7.0.0/source/tasks.o
                0x80007880                xTaskCheckForTimeOut
 .text.xTaskGetTickCount
                0x800078f0       0x24 src/ASF/thirdparty/freertos/freertos-7.0.0/source/tasks.o
                0x800078f0                xTaskGetTickCount
 .text.xTaskResumeAll
                0x80007914       0xe8 src/ASF/thirdparty/freertos/freertos-7.0.0/source/tasks.o
                0x80007914                xTaskResumeAll
 .text.prvAddCurrentTaskToDelayedList
                0x800079fc       0x5c src/ASF/thirdparty/freertos/freertos-7.0.0/source/tasks.o
 .text.vTaskDelay
                0x80007a58       0x48 src/ASF/thirdparty/freertos/freertos-7.0.0/source/tasks.o
                0x80007a58                vTaskDelay
 .text.vTaskDelayUntil
                0x80007aa0       0x80 src/ASF/thirdparty/freertos/freertos-7.0.0/source/tasks.o
                0x80007aa0                vTaskDelayUntil
 .text.vTaskPlaceOnEventList
                0x80007b20       0x58 src/ASF/thirdparty/freertos/freertos-7.0.0/source/tasks.o
                0x80007b20                vTaskPlaceOnEventList
 .text.prvIdleTask
                0x80007b78       0x88 src/ASF/thirdparty/freertos/freertos-7.0.0/source/tasks.o
 .text.xTaskGenericCreate
                0x80007c00      0x1e8 src/ASF/thirdparty/freertos/freertos-7.0.0/source/tasks.o
                0x80007c00                xTaskGenericCreate
 .text.vTaskStartScheduler
                0x80007de8       0x4c src/ASF/thirdparty/freertos/freertos-7.0.0/source/tasks.o
                0x80007de8                vTaskStartScheduler
 .text.PrintChar
                0x80007e34        0x4 src/Log/log.o
                0x80007e34                PrintChar
 .text.PrintHex
                0x80007e38       0xb2 src/Log/log.o
                0x80007e38                PrintHex
 .text.PrintDec
                0x80007eea       0xda src/Log/log.o
                0x80007eea                PrintDec
 .text.log      0x80007fc4      0x18c src/Log/log.o
                0x80007fc4                log
 .text.logFromISR
                0x80008150      0x180 src/Log/log.o
                0x80008150                logFromISR
 .text.log_init
                0x800082d0       0x64 src/Log/log.o
                0x800082d0                log_init
 .text.task_log
                0x80008334       0x44 src/Log/log.o
 .text.main     0x80008378       0x78 src/main.o
                0x80008378                main
 .text.free     0x800083f0       0x10 e:/program x86/atmel/studio/7.0/toolchain/avr32/avr32-gnu-toolchain/bin/../lib/gcc/avr32/4.4.7/../../../../avr32/lib/ucr2\libc.a(lib_a-malloc.o)
                                 0x18 (size before relaxing)
                0x800083f0                free
 .text.malloc   0x80008400       0x10 e:/program x86/atmel/studio/7.0/toolchain/avr32/avr32-gnu-toolchain/bin/../lib/gcc/avr32/4.4.7/../../../../avr32/lib/ucr2\libc.a(lib_a-malloc.o)
                                 0x18 (size before relaxing)
                0x80008400                malloc
 .text._malloc_r
                0x80008410      0x438 e:/program x86/atmel/studio/7.0/toolchain/avr32/avr32-gnu-toolchain/bin/../lib/gcc/avr32/4.4.7/../../../../avr32/lib/ucr2\libc.a(lib_a-mallocr.o)
                                0x450 (size before relaxing)
                0x80008410                _malloc_r
 .text.memcmp   0x80008848       0x26 e:/program x86/atmel/studio/7.0/toolchain/avr32/avr32-gnu-toolchain/bin/../lib/gcc/avr32/4.4.7/../../../../avr32/lib/ucr2\libc.a(lib_a-memcmp.o)
                0x80008848                memcmp
 .text          0x8000886e      0x148 e:/program x86/atmel/studio/7.0/toolchain/avr32/avr32-gnu-toolchain/bin/../lib/gcc/avr32/4.4.7/../../../../avr32/lib/ucr2\libc.a(lib_a-memcpy.o)
                0x8000886e                memcpy
 .text.memset   0x800089b6        0xe e:/program x86/atmel/studio/7.0/toolchain/avr32/avr32-gnu-toolchain/bin/../lib/gcc/avr32/4.4.7/../../../../avr32/lib/ucr2\libc.a(lib_a-memset.o)
                0x800089b6                memset
 .text._realloc_r
                0x800089c4      0x2c0 e:/program x86/atmel/studio/7.0/toolchain/avr32/avr32-gnu-toolchain/bin/../lib/gcc/avr32/4.4.7/../../../../avr32/lib/ucr2\libc.a(lib_a-reallocr.o)
                                0x2e0 (size before relaxing)
                0x800089c4                _realloc_r
 .text._sbrk_r  0x80008c84       0x20 e:/program x86/atmel/studio/7.0/toolchain/avr32/avr32-gnu-toolchain/bin/../lib/gcc/avr32/4.4.7/../../../../avr32/lib/ucr2\libc.a(lib_a-sbrkr.o)
                                 0x28 (size before relaxing)
                0x80008c84                _sbrk_r
 .text.sprintf  0x80008ca4       0x3c e:/program x86/atmel/studio/7.0/toolchain/avr32/avr32-gnu-toolchain/bin/../lib/gcc/avr32/4.4.7/../../../../avr32/lib/ucr2\libc.a(lib_a-sprintf.o)
                                 0x40 (size before relaxing)
                0x80008ca4                sprintf
 .text          0x80008ce0       0x20 e:/program x86/atmel/studio/7.0/toolchain/avr32/avr32-gnu-toolchain/bin/../lib/gcc/avr32/4.4.7/../../../../avr32/lib/ucr2\libc.a(lib_a-strncpy.o)
                0x80008ce0                strncpy
 .text._close   0x80008d00       0x14 e:/program x86/atmel/studio/7.0/toolchain/avr32/avr32-gnu-toolchain/bin/../lib/gcc/avr32/4.4.7/../../../../avr32/lib/ucr2\libc.a(lib_a-syscalls.o)
                                 0x18 (size before relaxing)
                0x80008d00                _close
 .text._lseek   0x80008d14       0x14 e:/program x86/atmel/studio/7.0/toolchain/avr32/avr32-gnu-toolchain/bin/../lib/gcc/avr32/4.4.7/../../../../avr32/lib/ucr2\libc.a(lib_a-syscalls.o)
                                 0x18 (size before relaxing)
                0x80008d14                _lseek
 .text.isatty   0x80008d28       0x14 e:/program x86/atmel/studio/7.0/toolchain/avr32/avr32-gnu-toolchain/bin/../lib/gcc/avr32/4.4.7/../../../../avr32/lib/ucr2\libc.a(lib_a-syscalls.o)
                                 0x18 (size before relaxing)
                0x80008d28                isatty
 .text._fstat_host
                0x80008d3c       0x14 e:/program x86/atmel/studio/7.0/toolchain/avr32/avr32-gnu-toolchain/bin/../lib/gcc/avr32/4.4.7/../../../../avr32/lib/ucr2\libc.a(lib_a-syscalls.o)
                                 0x18 (size before relaxing)
                0x80008d3c                _fstat_host
 .text._fstat   0x80008d50       0x4c e:/program x86/atmel/studio/7.0/toolchain/avr32/avr32-gnu-toolchain/bin/../lib/gcc/avr32/4.4.7/../../../../avr32/lib/ucr2\libc.a(lib_a-syscalls.o)
                                 0x50 (size before relaxing)
                0x80008d50                _fstat
 .text._sbrk    0x80008d9c       0x38 e:/program x86/atmel/studio/7.0/toolchain/avr32/avr32-gnu-toolchain/bin/../lib/gcc/avr32/4.4.7/../../../../avr32/lib/ucr2\libc.a(lib_a-syscalls.o)
                                 0x40 (size before relaxing)
                0x80008d9c                _sbrk
 .text.get_arg  0x80008dd4      0x314 e:/program x86/atmel/studio/7.0/toolchain/avr32/avr32-gnu-toolchain/bin/../lib/gcc/avr32/4.4.7/../../../../avr32/lib/ucr2\libc.a(lib_a-vfprintf.o)
                                0x324 (size before relaxing)
 .text.__sprint_r
                0x800090e8       0x1c e:/program x86/atmel/studio/7.0/toolchain/avr32/avr32-gnu-toolchain/bin/../lib/gcc/avr32/4.4.7/../../../../avr32/lib/ucr2\libc.a(lib_a-vfprintf.o)
                                 0x20 (size before relaxing)
 .text._vfprintf_r
                0x80009104     0x1f14 e:/program x86/atmel/studio/7.0/toolchain/avr32/avr32-gnu-toolchain/bin/../lib/gcc/avr32/4.4.7/../../../../avr32/lib/ucr2\libc.a(lib_a-vfprintf.o)
                               0x1f9c (size before relaxing)
                0x80009104                _vfprintf_r
 .text.__swsetup_r
                0x8000b018       0xdc e:/program x86/atmel/studio/7.0/toolchain/avr32/avr32-gnu-toolchain/bin/../lib/gcc/avr32/4.4.7/../../../../avr32/lib/ucr2\libc.a(lib_a-wsetup.o)
                                 0xe8 (size before relaxing)
                0x8000b018                __swsetup_r
 .text.quorem   0x8000b0f4      0x120 e:/program x86/atmel/studio/7.0/toolchain/avr32/avr32-gnu-toolchain/bin/../lib/gcc/avr32/4.4.7/../../../../avr32/lib/ucr2\libc.a(lib_a-dtoa.o)
                                0x124 (size before relaxing)
 .text._dtoa_r  0x8000b214      0xbdc e:/program x86/atmel/studio/7.0/toolchain/avr32/avr32-gnu-toolchain/bin/../lib/gcc/avr32/4.4.7/../../../../avr32/lib/ucr2\libc.a(lib_a-dtoa.o)
                                0xc90 (size before relaxing)
                0x8000b214                _dtoa_r
 .text.__errno  0x8000bdf0        0xc e:/program x86/atmel/studio/7.0/toolchain/avr32/avr32-gnu-toolchain/bin/../lib/gcc/avr32/4.4.7/../../../../avr32/lib/ucr2\libc.a(lib_a-errno.o)
                0x8000bdf0                __errno
 .text._fflush_r
                0x8000bdfc      0x10c e:/program x86/atmel/studio/7.0/toolchain/avr32/avr32-gnu-toolchain/bin/../lib/gcc/avr32/4.4.7/../../../../avr32/lib/ucr2\libc.a(lib_a-fflush.o)
                                0x118 (size before relaxing)
                0x8000bdfc                _fflush_r
 .text.__sfp_lock_acquire
                0x8000bf08        0x2 e:/program x86/atmel/studio/7.0/toolchain/avr32/avr32-gnu-toolchain/bin/../lib/gcc/avr32/4.4.7/../../../../avr32/lib/ucr2\libc.a(lib_a-findfp.o)
                0x8000bf08                __sfp_lock_acquire
 .text.__sfp_lock_release
                0x8000bf0a        0x2 e:/program x86/atmel/studio/7.0/toolchain/avr32/avr32-gnu-toolchain/bin/../lib/gcc/avr32/4.4.7/../../../../avr32/lib/ucr2\libc.a(lib_a-findfp.o)
                0x8000bf0a                __sfp_lock_release
 .text._cleanup_r
                0x8000bf0c        0xc e:/program x86/atmel/studio/7.0/toolchain/avr32/avr32-gnu-toolchain/bin/../lib/gcc/avr32/4.4.7/../../../../avr32/lib/ucr2\libc.a(lib_a-findfp.o)
                                 0x14 (size before relaxing)
                0x8000bf0c                _cleanup_r
 .text.__sfmoreglue
                0x8000bf18       0x28 e:/program x86/atmel/studio/7.0/toolchain/avr32/avr32-gnu-toolchain/bin/../lib/gcc/avr32/4.4.7/../../../../avr32/lib/ucr2\libc.a(lib_a-findfp.o)
                                 0x30 (size before relaxing)
                0x8000bf18                __sfmoreglue
 .text.__sfp    0x8000bf40       0x6c e:/program x86/atmel/studio/7.0/toolchain/avr32/avr32-gnu-toolchain/bin/../lib/gcc/avr32/4.4.7/../../../../avr32/lib/ucr2\libc.a(lib_a-findfp.o)
                                 0x7c (size before relaxing)
                0x8000bf40                __sfp
 .text.__sinit  0x8000bfac       0x9c e:/program x86/atmel/studio/7.0/toolchain/avr32/avr32-gnu-toolchain/bin/../lib/gcc/avr32/4.4.7/../../../../avr32/lib/ucr2\libc.a(lib_a-findfp.o)
                                 0xb0 (size before relaxing)
                0x8000bfac                __sinit
 .text._malloc_trim_r
                0x8000c048       0x98 e:/program x86/atmel/studio/7.0/toolchain/avr32/avr32-gnu-toolchain/bin/../lib/gcc/avr32/4.4.7/../../../../avr32/lib/ucr2\libc.a(lib_a-freer.o)
                                 0xa8 (size before relaxing)
                0x8000c048                _malloc_trim_r
 .text._free_r  0x8000c0e0      0x18c e:/program x86/atmel/studio/7.0/toolchain/avr32/avr32-gnu-toolchain/bin/../lib/gcc/avr32/4.4.7/../../../../avr32/lib/ucr2\libc.a(lib_a-freer.o)
                                0x1a0 (size before relaxing)
                0x8000c0e0                _free_r
 .text.__sfvwrite_r
                0x8000c26c      0x294 e:/program x86/atmel/studio/7.0/toolchain/avr32/avr32-gnu-toolchain/bin/../lib/gcc/avr32/4.4.7/../../../../avr32/lib/ucr2\libc.a(lib_a-fvwrite.o)
                                0x2c4 (size before relaxing)
                0x8000c26c                __sfvwrite_r
 .text._fwalk   0x8000c500       0x4c e:/program x86/atmel/studio/7.0/toolchain/avr32/avr32-gnu-toolchain/bin/../lib/gcc/avr32/4.4.7/../../../../avr32/lib/ucr2\libc.a(lib_a-fwalk.o)
                                 0x54 (size before relaxing)
                0x8000c500                _fwalk
 .text._localeconv_r
                0x8000c54c        0x8 e:/program x86/atmel/studio/7.0/toolchain/avr32/avr32-gnu-toolchain/bin/../lib/gcc/avr32/4.4.7/../../../../avr32/lib/ucr2\libc.a(lib_a-locale.o)
                0x8000c54c                _localeconv_r
 .text.__smakebuf_r
                0x8000c554       0xbc e:/program x86/atmel/studio/7.0/toolchain/avr32/avr32-gnu-toolchain/bin/../lib/gcc/avr32/4.4.7/../../../../avr32/lib/ucr2\libc.a(lib_a-makebuf.o)
                                 0xcc (size before relaxing)
                0x8000c554                __smakebuf_r
 .text.memchr   0x8000c610       0x16 e:/program x86/atmel/studio/7.0/toolchain/avr32/avr32-gnu-toolchain/bin/../lib/gcc/avr32/4.4.7/../../../../avr32/lib/ucr2\libc.a(lib_a-memchr.o)
                0x8000c610                memchr
 .text.memmove  0x8000c626       0x3e e:/program x86/atmel/studio/7.0/toolchain/avr32/avr32-gnu-toolchain/bin/../lib/gcc/avr32/4.4.7/../../../../avr32/lib/ucr2\libc.a(lib_a-memmove.o)
                0x8000c626                memmove
 .text.__hi0bits
                0x8000c664       0x60 e:/program x86/atmel/studio/7.0/toolchain/avr32/avr32-gnu-toolchain/bin/../lib/gcc/avr32/4.4.7/../../../../avr32/lib/ucr2\libc.a(lib_a-mprec.o)
                0x8000c664                __hi0bits
 .text.__lo0bits
                0x8000c6c4       0x8e e:/program x86/atmel/studio/7.0/toolchain/avr32/avr32-gnu-toolchain/bin/../lib/gcc/avr32/4.4.7/../../../../avr32/lib/ucr2\libc.a(lib_a-mprec.o)
                0x8000c6c4                __lo0bits
 .text.__mcmp   0x8000c752       0x32 e:/program x86/atmel/studio/7.0/toolchain/avr32/avr32-gnu-toolchain/bin/../lib/gcc/avr32/4.4.7/../../../../avr32/lib/ucr2\libc.a(lib_a-mprec.o)
                0x8000c752                __mcmp
 .text._Bfree   0x8000c784       0x34 e:/program x86/atmel/studio/7.0/toolchain/avr32/avr32-gnu-toolchain/bin/../lib/gcc/avr32/4.4.7/../../../../avr32/lib/ucr2\libc.a(lib_a-mprec.o)
                                 0x38 (size before relaxing)
                0x8000c784                _Bfree
 .text._Balloc  0x8000c7b8       0x70 e:/program x86/atmel/studio/7.0/toolchain/avr32/avr32-gnu-toolchain/bin/../lib/gcc/avr32/4.4.7/../../../../avr32/lib/ucr2\libc.a(lib_a-mprec.o)
                                 0x78 (size before relaxing)
                0x8000c7b8                _Balloc
 .text.__d2b    0x8000c828       0xa0 e:/program x86/atmel/studio/7.0/toolchain/avr32/avr32-gnu-toolchain/bin/../lib/gcc/avr32/4.4.7/../../../../avr32/lib/ucr2\libc.a(lib_a-mprec.o)
                                 0xb4 (size before relaxing)
                0x8000c828                __d2b
 .text.__mdiff  0x8000c8c8       0xd0 e:/program x86/atmel/studio/7.0/toolchain/avr32/avr32-gnu-toolchain/bin/../lib/gcc/avr32/4.4.7/../../../../avr32/lib/ucr2\libc.a(lib_a-mprec.o)
                                 0xd8 (size before relaxing)
                0x8000c8c8                __mdiff
 .text.__lshift
                0x8000c998       0x88 e:/program x86/atmel/studio/7.0/toolchain/avr32/avr32-gnu-toolchain/bin/../lib/gcc/avr32/4.4.7/../../../../avr32/lib/ucr2\libc.a(lib_a-mprec.o)
                                 0x94 (size before relaxing)
                0x8000c998                __lshift
 .text.__multiply
                0x8000ca20      0x100 e:/program x86/atmel/studio/7.0/toolchain/avr32/avr32-gnu-toolchain/bin/../lib/gcc/avr32/4.4.7/../../../../avr32/lib/ucr2\libc.a(lib_a-mprec.o)
                                0x108 (size before relaxing)
                0x8000ca20                __multiply
 .text.__i2b    0x8000cb20       0x10 e:/program x86/atmel/studio/7.0/toolchain/avr32/avr32-gnu-toolchain/bin/../lib/gcc/avr32/4.4.7/../../../../avr32/lib/ucr2\libc.a(lib_a-mprec.o)
                                 0x18 (size before relaxing)
                0x8000cb20                __i2b
 .text.__multadd
                0x8000cb30       0x7c e:/program x86/atmel/studio/7.0/toolchain/avr32/avr32-gnu-toolchain/bin/../lib/gcc/avr32/4.4.7/../../../../avr32/lib/ucr2\libc.a(lib_a-mprec.o)
                                 0x88 (size before relaxing)
                0x8000cb30                __multadd
 .text.__pow5mult
                0x8000cbac       0x8c e:/program x86/atmel/studio/7.0/toolchain/avr32/avr32-gnu-toolchain/bin/../lib/gcc/avr32/4.4.7/../../../../avr32/lib/ucr2\libc.a(lib_a-mprec.o)
                                 0xac (size before relaxing)
                0x8000cbac                __pow5mult
 .text.__isinfd
                0x8000cc38       0x2a e:/program x86/atmel/studio/7.0/toolchain/avr32/avr32-gnu-toolchain/bin/../lib/gcc/avr32/4.4.7/../../../../avr32/lib/ucr2\libc.a(lib_a-s_isinfd.o)
                0x8000cc38                __isinfd
 .text.__isnand
                0x8000cc62       0x1c e:/program x86/atmel/studio/7.0/toolchain/avr32/avr32-gnu-toolchain/bin/../lib/gcc/avr32/4.4.7/../../../../avr32/lib/ucr2\libc.a(lib_a-s_isnand.o)
                0x8000cc62                __isnand
 *fill*         0x8000cc7e        0x2 d703d703
 .text.__sclose
                0x8000cc80        0x8 e:/program x86/atmel/studio/7.0/toolchain/avr32/avr32-gnu-toolchain/bin/../lib/gcc/avr32/4.4.7/../../../../avr32/lib/ucr2\libc.a(lib_a-stdio.o)
                                 0x10 (size before relaxing)
                0x8000cc80                __sclose
 .text.__sseek  0x8000cc88       0x20 e:/program x86/atmel/studio/7.0/toolchain/avr32/avr32-gnu-toolchain/bin/../lib/gcc/avr32/4.4.7/../../../../avr32/lib/ucr2\libc.a(lib_a-stdio.o)
                                 0x28 (size before relaxing)
                0x8000cc88                __sseek
 .text.__swrite
                0x8000cca8       0x2c e:/program x86/atmel/studio/7.0/toolchain/avr32/avr32-gnu-toolchain/bin/../lib/gcc/avr32/4.4.7/../../../../avr32/lib/ucr2\libc.a(lib_a-stdio.o)
                                 0x38 (size before relaxing)
                0x8000cca8                __swrite
 .text.__sread  0x8000ccd4       0x1c e:/program x86/atmel/studio/7.0/toolchain/avr32/avr32-gnu-toolchain/bin/../lib/gcc/avr32/4.4.7/../../../../avr32/lib/ucr2\libc.a(lib_a-stdio.o)
                                 0x24 (size before relaxing)
                0x8000ccd4                __sread
 .text.strlen   0x8000ccf0       0x16 e:/program x86/atmel/studio/7.0/toolchain/avr32/avr32-gnu-toolchain/bin/../lib/gcc/avr32/4.4.7/../../../../avr32/lib/ucr2\libc.a(lib_a-strlen.o)
                0x8000ccf0                strlen
 *fill*         0x8000cd06        0x2 d703d703
 .text._write_r
                0x8000cd08       0x28 e:/program x86/atmel/studio/7.0/toolchain/avr32/avr32-gnu-toolchain/bin/../lib/gcc/avr32/4.4.7/../../../../avr32/lib/ucr2\libc.a(lib_a-writer.o)
                                 0x2c (size before relaxing)
                0x8000cd08                _write_r
 .text._calloc_r
                0x8000cd30       0x58 e:/program x86/atmel/studio/7.0/toolchain/avr32/avr32-gnu-toolchain/bin/../lib/gcc/avr32/4.4.7/../../../../avr32/lib/ucr2\libc.a(lib_a-callocr.o)
                                 0x60 (size before relaxing)
                0x8000cd30                _calloc_r
 .text._close_r
                0x8000cd88       0x20 e:/program x86/atmel/studio/7.0/toolchain/avr32/avr32-gnu-toolchain/bin/../lib/gcc/avr32/4.4.7/../../../../avr32/lib/ucr2\libc.a(lib_a-closer.o)
                                 0x28 (size before relaxing)
                0x8000cd88                _close_r
 .text._fclose_r
                0x8000cda8       0xb8 e:/program x86/atmel/studio/7.0/toolchain/avr32/avr32-gnu-toolchain/bin/../lib/gcc/avr32/4.4.7/../../../../avr32/lib/ucr2\libc.a(lib_a-fclose.o)
                                 0xd0 (size before relaxing)
                0x8000cda8                _fclose_r
 .text.fclose   0x8000ce60       0x10 e:/program x86/atmel/studio/7.0/toolchain/avr32/avr32-gnu-toolchain/bin/../lib/gcc/avr32/4.4.7/../../../../avr32/lib/ucr2\libc.a(lib_a-fclose.o)
                                 0x18 (size before relaxing)
                0x8000ce60                fclose
 .text._fstat_r
                0x8000ce70       0x24 e:/program x86/atmel/studio/7.0/toolchain/avr32/avr32-gnu-toolchain/bin/../lib/gcc/avr32/4.4.7/../../../../avr32/lib/ucr2\libc.a(lib_a-fstatr.o)
                                 0x2c (size before relaxing)
                0x8000ce70                _fstat_r
 .text._lseek_r
                0x8000ce94       0x28 e:/program x86/atmel/studio/7.0/toolchain/avr32/avr32-gnu-toolchain/bin/../lib/gcc/avr32/4.4.7/../../../../avr32/lib/ucr2\libc.a(lib_a-lseekr.o)
                                 0x2c (size before relaxing)
                0x8000ce94                _lseek_r
 .text._read_r  0x8000cebc       0x28 e:/program x86/atmel/studio/7.0/toolchain/avr32/avr32-gnu-toolchain/bin/../lib/gcc/avr32/4.4.7/../../../../avr32/lib/ucr2\libc.a(lib_a-readr.o)
                                 0x2c (size before relaxing)
                0x8000cebc                _read_r
 .text          0x8000cee4      0x1d4 e:/program x86/atmel/studio/7.0/toolchain/avr32/avr32-gnu-toolchain/bin/../lib/gcc/avr32/4.4.7/ucr2\libgcc.a(_avr32_f64_mul.o)
                0x8000cee4                __avr32_f64_mul
 .text          0x8000d0b8      0x2b0 e:/program x86/atmel/studio/7.0/toolchain/avr32/avr32-gnu-toolchain/bin/../lib/gcc/avr32/4.4.7/ucr2\libgcc.a(_avr32_f64_addsub.o)
                0x8000d0bc                __avr32_f64_sub
                0x8000d258                __avr32_f64_add
 .text          0x8000d368       0x2a e:/program x86/atmel/studio/7.0/toolchain/avr32/avr32-gnu-toolchain/bin/../lib/gcc/avr32/4.4.7/ucr2\libgcc.a(_avr32_f64_to_s32.o)
                0x8000d368                __avr32_f64_to_u32
                0x8000d36c                __avr32_f64_to_s32
 .text          0x8000d392       0xe8 e:/program x86/atmel/studio/7.0/toolchain/avr32/avr32-gnu-toolchain/bin/../lib/gcc/avr32/4.4.7/ucr2\libgcc.a(_avr32_s32_to_f64.o)
                0x8000d392                __avr32_u32_to_f64
                0x8000d39a                __avr32_s32_to_f64
 .text          0x8000d47a       0x26 e:/program x86/atmel/studio/7.0/toolchain/avr32/avr32-gnu-toolchain/bin/../lib/gcc/avr32/4.4.7/ucr2\libgcc.a(_avr32_f64_cmp_eq.o)
                0x8000d47a                __avr32_f64_cmp_eq
 .text          0x8000d4a0       0x68 e:/program x86/atmel/studio/7.0/toolchain/avr32/avr32-gnu-toolchain/bin/../lib/gcc/avr32/4.4.7/ucr2\libgcc.a(_avr32_f64_cmp_ge.o)
                0x8000d4a0                __avr32_f64_cmp_ge
 .text          0x8000d508       0x68 e:/program x86/atmel/studio/7.0/toolchain/avr32/avr32-gnu-toolchain/bin/../lib/gcc/avr32/4.4.7/ucr2\libgcc.a(_avr32_f64_cmp_lt.o)
                0x8000d508                __avr32_f64_cmp_lt
 .text          0x8000d570      0x318 e:/program x86/atmel/studio/7.0/toolchain/avr32/avr32-gnu-toolchain/bin/../lib/gcc/avr32/4.4.7/ucr2\libgcc.a(_avr32_f64_div.o)
                0x8000d570                __avr32_f64_div
 .text          0x8000d888      0x264 e:/program x86/atmel/studio/7.0/toolchain/avr32/avr32-gnu-toolchain/bin/../lib/gcc/avr32/4.4.7/ucr2\libgcc.a(_udivdi3.o)
                0x8000d888                __avr32_udiv64
                0x8000d888                __udivdi3
 .text          0x8000daec      0x20c e:/program x86/atmel/studio/7.0/toolchain/avr32/avr32-gnu-toolchain/bin/../lib/gcc/avr32/4.4.7/ucr2\libgcc.a(_umoddi3.o)
                0x8000daec                __avr32_umod64
                0x8000daec                __umoddi3
 *(.text.*personality*)
 *(.gnu.warning)

.exception      0x8000de00      0x200
 .exception     0x8000de00      0x200 src/ASF/thirdparty/freertos/freertos-7.0.0/source/portable/gcc/avr32_uc3/exception.o
                0x8000de00                _evba
                0x8000df04                _int0
                0x8000df12                _int1
                0x8000df20                _int2
                0x8000df2e                _int3
                0x8000df3c                ipr_val

.fini
 *(.fini)
                0x8000e000                PROVIDE (__etext, .)
                0x8000e000                PROVIDE (_etext, .)
                0x8000e000                PROVIDE (etext, .)

.rodata         0x8000e000     0x1640
 *(.rodata .rodata.* .gnu.linkonce.r.*)
 .rodata.str1.4
                0x8000e000      0x8e6 src/Application/app/app.o
                                0x8e8 (size before relaxing)
 *fill*         0x8000e8e6        0x2 
 .rodata.DF_SPI_GPIO_MAP.11322
                0x8000e8e8       0x20 src/Application/flash/data_flash.o
 .rodata.C.52.11336
                0x8000e908        0x4 src/Application/flash/data_flash.o
 .rodata.C.50.11324
                0x8000e90c       0x10 src/Application/flash/data_flash.o
 .rodata.str1.4
                0x8000e91c       0x1d src/Application/myrtc/xgrtc.o
                                 0x20 (size before relaxing)
 *fill*         0x8000e939        0x3 
 .rodata.CSWTCH.36
                0x8000e93c       0x48 src/Application/radio/ambe.o
 .rodata.str1.4
                0x8000e984       0x44 src/Application/radio/physical.o
 .rodata.str1.4
                0x8000e9c8        0x8 src/Application/radio/xcmp.o
 .rodata.str1.4
                0x8000e9d0        0xf src/Application/radio/xnl.o
                                 0x10 (size before relaxing)
 *fill*         0x8000e9df        0x1 
 .rodata.CSWTCH.97
                0x8000e9e0        0x4 src/Application/RFID/MFRC522/rc522.o
 .rodata.CSWTCH.98
                0x8000e9e4        0x4 src/Application/RFID/MFRC522/rc522.o
 .rodata.RC522_SPI_GPIO_MAP.12174
                0x8000e9e8        0x8 src/Application/RFID/MFRC522/rc522.o
 .rodata.C.72.12176
                0x8000e9f0       0x10 src/Application/RFID/MFRC522/rc522.o
 .rodata.str1.4
                0x8000ea00       0xad src/Application/RFID/RFID.o
                                 0xd8 (size before relaxing)
 *fill*         0x8000eaad        0x3 
 .rodata.TC_GPIO_MAP.11090
                0x8000eab0       0x18 src/Application/timers/timer.o
 .rodata.str1.4
                0x8000eac8      0x246 src/Application/xgflash/xgflash.o
                                0x294 (size before relaxing)
 *fill*         0x8000ed0e        0x2 
 .rodata._int_handler_table
                0x8000ed10       0x98 src/ASF/avr32/drivers/intc/intc.o
 .rodata.str1.4
                0x8000eda8        0x5 src/ASF/thirdparty/freertos/freertos-7.0.0/source/tasks.o
                                  0x8 (size before relaxing)
 *fill*         0x8000edad        0x3 
 .rodata.log    0x8000edb0      0x150 src/Log/log.o
 .rodata.logFromISR
                0x8000ef00      0x150 src/Log/log.o
 .rodata.USART_OPTIONS.11278
                0x8000f050        0xc src/Log/log.o
 .rodata.str1.4
                0x8000f05c       0x3c src/Log/log.o
 .rodata.USART_GPIO_MAP.11277
                0x8000f098       0x10 src/Log/log.o
 .rodata.str1.4
                0x8000f0a8       0x14 src/main.o
 .rodata.get_arg
                0x8000f0bc       0x3c e:/program x86/atmel/studio/7.0/toolchain/avr32/avr32-gnu-toolchain/bin/../lib/gcc/avr32/4.4.7/../../../../avr32/lib/ucr2\libc.a(lib_a-vfprintf.o)
 .rodata._vfprintf_r
                0x8000f0f8      0x164 e:/program x86/atmel/studio/7.0/toolchain/avr32/avr32-gnu-toolchain/bin/../lib/gcc/avr32/4.4.7/../../../../avr32/lib/ucr2\libc.a(lib_a-vfprintf.o)
 .rodata.state_table
                0x8000f25c       0x6c e:/program x86/atmel/studio/7.0/toolchain/avr32/avr32-gnu-toolchain/bin/../lib/gcc/avr32/4.4.7/../../../../avr32/lib/ucr2\libc.a(lib_a-vfprintf.o)
 .rodata.action_table
                0x8000f2c8       0x6c e:/program x86/atmel/studio/7.0/toolchain/avr32/avr32-gnu-toolchain/bin/../lib/gcc/avr32/4.4.7/../../../../avr32/lib/ucr2\libc.a(lib_a-vfprintf.o)
 .rodata.str1.4
                0x8000f334       0x3a e:/program x86/atmel/studio/7.0/toolchain/avr32/avr32-gnu-toolchain/bin/../lib/gcc/avr32/4.4.7/../../../../avr32/lib/ucr2\libc.a(lib_a-vfprintf.o)
                                 0x3c (size before relaxing)
 *fill*         0x8000f36e        0x2 
 .rodata.blanks.3430
                0x8000f370       0x10 e:/program x86/atmel/studio/7.0/toolchain/avr32/avr32-gnu-toolchain/bin/../lib/gcc/avr32/4.4.7/../../../../avr32/lib/ucr2\libc.a(lib_a-vfprintf.o)
 .rodata.zeroes.3431
                0x8000f380       0x10 e:/program x86/atmel/studio/7.0/toolchain/avr32/avr32-gnu-toolchain/bin/../lib/gcc/avr32/4.4.7/../../../../avr32/lib/ucr2\libc.a(lib_a-vfprintf.o)
 .rodata.chclass
                0x8000f390      0x100 e:/program x86/atmel/studio/7.0/toolchain/avr32/avr32-gnu-toolchain/bin/../lib/gcc/avr32/4.4.7/../../../../avr32/lib/ucr2\libc.a(lib_a-vfprintf.o)
 .rodata.str1.4
                0x8000f490       0x10 e:/program x86/atmel/studio/7.0/toolchain/avr32/avr32-gnu-toolchain/bin/../lib/gcc/avr32/4.4.7/../../../../avr32/lib/ucr2\libc.a(lib_a-dtoa.o)
                                 0x14 (size before relaxing)
 .rodata.__sf_fake_stdin
                0x8000f4a0       0x20 e:/program x86/atmel/studio/7.0/toolchain/avr32/avr32-gnu-toolchain/bin/../lib/gcc/avr32/4.4.7/../../../../avr32/lib/ucr2\libc.a(lib_a-findfp.o)
                0x8000f4a0                __sf_fake_stdin
 .rodata.__sf_fake_stdout
                0x8000f4c0       0x20 e:/program x86/atmel/studio/7.0/toolchain/avr32/avr32-gnu-toolchain/bin/../lib/gcc/avr32/4.4.7/../../../../avr32/lib/ucr2\libc.a(lib_a-findfp.o)
                0x8000f4c0                __sf_fake_stdout
 .rodata.__sf_fake_stderr
                0x8000f4e0       0x20 e:/program x86/atmel/studio/7.0/toolchain/avr32/avr32-gnu-toolchain/bin/../lib/gcc/avr32/4.4.7/../../../../avr32/lib/ucr2\libc.a(lib_a-findfp.o)
                0x8000f4e0                __sf_fake_stderr
 .rodata.str1.4
                0x8000f500        0x2 e:/program x86/atmel/studio/7.0/toolchain/avr32/avr32-gnu-toolchain/bin/../lib/gcc/avr32/4.4.7/../../../../avr32/lib/ucr2\libc.a(lib_a-impure.o)
                                  0x4 (size before relaxing)
 *fill*         0x8000f502        0x2 
 .rodata._global_impure_ptr
                0x8000f504        0x4 e:/program x86/atmel/studio/7.0/toolchain/avr32/avr32-gnu-toolchain/bin/../lib/gcc/avr32/4.4.7/../../../../avr32/lib/ucr2\libc.a(lib_a-impure.o)
                0x8000f504                _global_impure_ptr
 .rodata.lconv  0x8000f508       0x30 e:/program x86/atmel/studio/7.0/toolchain/avr32/avr32-gnu-toolchain/bin/../lib/gcc/avr32/4.4.7/../../../../avr32/lib/ucr2\libc.a(lib_a-locale.o)
 .rodata.str1.4
                0x8000f538        0xc e:/program x86/atmel/studio/7.0/toolchain/avr32/avr32-gnu-toolchain/bin/../lib/gcc/avr32/4.4.7/../../../../avr32/lib/ucr2\libc.a(lib_a-locale.o)
                                 0x18 (size before relaxing)
 .rodata.p05.2471
                0x8000f544        0xc e:/program x86/atmel/studio/7.0/toolchain/avr32/avr32-gnu-toolchain/bin/../lib/gcc/avr32/4.4.7/../../../../avr32/lib/ucr2\libc.a(lib_a-mprec.o)
 .rodata.__mprec_tens
                0x8000f550       0xc8 e:/program x86/atmel/studio/7.0/toolchain/avr32/avr32-gnu-toolchain/bin/../lib/gcc/avr32/4.4.7/../../../../avr32/lib/ucr2\libc.a(lib_a-mprec.o)
                0x8000f550                __mprec_tens
 .rodata.__mprec_bigtens
                0x8000f618       0x28 e:/program x86/atmel/studio/7.0/toolchain/avr32/avr32-gnu-toolchain/bin/../lib/gcc/avr32/4.4.7/../../../../avr32/lib/ucr2\libc.a(lib_a-mprec.o)
                0x8000f618                __mprec_bigtens

.rodata1
 *(.rodata1)

.eh_frame_hdr
 *(.eh_frame_hdr)

.eh_frame
 *(.eh_frame)

.gcc_except_table
 *(.gcc_except_table)
 *(.gcc_except_table.*)

.dalign         0x8000f640        0x0
                0x8000f640                . = ALIGN (0x8)
                0x8000f640                PROVIDE (_data_lma, .)
                0x00000004                PROVIDE (_data, ORIGIN (CPUSRAM))
                0x00000004                . = ORIGIN (CPUSRAM)

.eh_frame
 *(.eh_frame)

.gcc_except_table
 *(.gcc_except_table)
 *(.gcc_except_table.*)

.tdata
 *(.tdata .tdata.* .gnu.linkonce.td.*)

.tbss
 *(.tbss .tbss.* .gnu.linkonce.tb.*)
 *(.tcommon)
                0x00000004                PROVIDE (__preinit_array_start, ALIGN (0x4))

.preinit_array
 *(.preinit_array)
                0x00000004                PROVIDE (__preinit_array_end, .)
                0x00000004                PROVIDE (__init_array_start, .)

.init_array
 *(.init_array)
                0x00000004                PROVIDE (__init_array_end, .)
                0x00000004                PROVIDE (__fini_array_start, .)

.fini_array
 *(.fini_array)
                0x00000004                PROVIDE (__fini_array_end, .)

.ctors
 *crtbegin*.o(.ctors)
 *(EXCLUDE_FILE(*crtend*.o) .ctors)
 *(SORT(.ctors.*))
 *(.ctors)

.dtors
 *crtbegin*.o(.dtors)
 *(EXCLUDE_FILE(*crtend*.o) .dtors)
 *(SORT(.dtors.*))
 *(.dtors)

.jcr
 *(.jcr)

.data.rel.ro
 *(.data.rel.ro.local)
 *(.data.rel.ro*)

.dynamic
 *(.dynamic)

.got
 *(.got.plt)
 *(.got)

.data           0x00000004      0xa54 load address 0x8000f640
 *(.data .data.* .gnu.linkonce.d.*)
 .data.status.12812
                0x00000004        0x4 src/Application/app/app.o
 .data.get_time_okay
                0x00000008        0x1 src/Application/app/app.o
 *fill*         0x00000009        0x3 
 .data.status.12859
                0x0000000c        0x4 src/Application/app/app.o
 .data.the_app_list
                0x00000010      0x4ec src/Application/app/app.o
 .data.print_sec
                0x000004fc        0x4 src/Application/myrtc/xgrtc.o
 .data.xnl_proc_list
                0x00000500       0x34 src/Application/radio/xnl.o
 .data.unsure_data
                0x00000534        0x8 src/Application/RFID/RFID.o
                0x00000534                unsure_data
 .data.start_session.12301
                0x0000053c        0x1 src/Application/RFID/RFID.o
 *fill*         0x0000053d        0x3 
 .data.XGFlashLabel
                0x00000540        0x8 src/Application/xgflash/xgflash.o
                0x00000540                XGFlashLabel
 .data.current_save_message_offset
                0x00000548        0x4 src/Application/xgflash/xgflash.o
 .data.ulCriticalNesting
                0x0000054c        0x4 src/ASF/thirdparty/freertos/freertos-7.0.0/source/portable/gcc/avr32_uc3/port.o
                0x0000054c                ulCriticalNesting
 .data.xNextTaskUnblockTime
                0x00000550        0x4 src/ASF/thirdparty/freertos/freertos-7.0.0/source/tasks.o
 .data.__malloc_av_
                0x00000554      0x408 e:/program x86/atmel/studio/7.0/toolchain/avr32/avr32-gnu-toolchain/bin/../lib/gcc/avr32/4.4.7/../../../../avr32/lib/ucr2\libc.a(lib_a-mallocr.o)
                0x00000554                __malloc_av_
 .data.__malloc_trim_threshold
                0x0000095c        0x4 e:/program x86/atmel/studio/7.0/toolchain/avr32/avr32-gnu-toolchain/bin/../lib/gcc/avr32/4.4.7/../../../../avr32/lib/ucr2\libc.a(lib_a-mallocr.o)
                0x0000095c                __malloc_trim_threshold
 .data.__malloc_sbrk_base
                0x00000960        0x4 e:/program x86/atmel/studio/7.0/toolchain/avr32/avr32-gnu-toolchain/bin/../lib/gcc/avr32/4.4.7/../../../../avr32/lib/ucr2\libc.a(lib_a-mallocr.o)
                0x00000960                __malloc_sbrk_base
 .data.impure_data
                0x00000964       0xf0 e:/program x86/atmel/studio/7.0/toolchain/avr32/avr32-gnu-toolchain/bin/../lib/gcc/avr32/4.4.7/../../../../avr32/lib/ucr2\libc.a(lib_a-impure.o)
 .data._impure_ptr
                0x00000a54        0x4 e:/program x86/atmel/studio/7.0/toolchain/avr32/avr32-gnu-toolchain/bin/../lib/gcc/avr32/4.4.7/../../../../avr32/lib/ucr2\libc.a(lib_a-impure.o)
                0x00000a54                _impure_ptr
 *(.gnu.linkonce.d.*personality*)

.data1
 *(.data1)

.balign         0x00000a58        0x0 load address 0x80010094
                0x00000a58                . = ALIGN (0x8)
                0x00000a58                _edata = .
                0x00000a58                _edata = .
                0x00000a58                PROVIDE (edata, .)
                0x00000a58                __bss_start = .

.bss            0x00000a58     0xb300 load address 0x80010094
 *(.dynbss)
 *(.bss .bss.* .gnu.linkonce.b.*)
 .bss.xLastWakeTime.12853
                0x00000a58        0x4 src/Application/app/app.o
 .bss.OB_State.12858
                0x00000a5c        0x4 src/Application/app/app.o
 .bss.Radio_Transmit_State
                0x00000a60        0x1 src/Application/app/app.o
                0x00000a60                Radio_Transmit_State
 .bss.AMBE_Media
                0x00000a61        0x1 src/Application/app/app.o
                0x00000a61                AMBE_Media
 .bss.connect_flag
                0x00000a62        0x1 src/Application/app/app.o
 .bss.AMBE_tx_flag
                0x00000a63        0x1 src/Application/app/app.o
                0x00000a63                AMBE_tx_flag
 .bss.times_counter.12923
                0x00000a64        0x1 src/Application/app/app.o
 *fill*         0x00000a65        0x3 
 .bss.res.12790
                0x00000a68        0x4 src/Application/app/app.o
 .bss.message_count.12806
                0x00000a6c        0x2 src/Application/app/app.o
 *fill*         0x00000a6e        0x2 
 .bss.xLastWakeTime.12808
                0x00000a70        0x4 src/Application/app/app.o
 .bss.ulIdleCycleCount
                0x00000a74        0x4 src/Application/app/app.o
                0x00000a74                ulIdleCycleCount
 .bss.VF_SN     0x00000a78        0x1 src/Application/app/app.o
                0x00000a78                VF_SN
 *fill*         0x00000a79        0x3 
 .bss.count_mutex
                0x00000a7c        0x4 src/Application/app/app.o
                0x00000a7c                count_mutex
 .bss.Mic_is_Enabled
                0x00000a80        0x1 src/Application/app/app.o
                0x00000a80                Mic_is_Enabled
 .bss.Speaker_is_unmute
                0x00000a81        0x1 src/Application/app/app.o
                0x00000a81                Speaker_is_unmute
 .bss.AMBE_rx_flag
                0x00000a82        0x1 src/Application/app/app.o
                0x00000a82                AMBE_rx_flag
 *fill*         0x00000a83        0x1 
 .bss.global_count
                0x00000a84        0x4 src/Application/app/app.o
                0x00000a84                global_count
 .bss.Battery_Flag
                0x00000a88        0x1 src/Application/app/app.o
                0x00000a88                Battery_Flag
 .bss.Terminator_Flag
                0x00000a89        0x1 src/Application/app/app.o
                0x00000a89                Terminator_Flag
 .bss.Call_Begin
                0x00000a8a        0x1 src/Application/app/app.o
                0x00000a8a                Call_Begin
 .bss.data_flash_failure
                0x00000a8b        0x1 src/Application/flash/data_flash.o
                0x00000a8b                data_flash_failure
 .bss.payload_rx_exec
                0x00000a8c        0x4 src/Application/radio/payload.o
                0x00000a8c                payload_rx_exec
 .bss.payload_tx_exec
                0x00000a90        0x4 src/Application/radio/payload.o
                0x00000a90                payload_tx_exec
 .bss.phy_tx_index.10647
                0x00000a94        0x1 src/Application/radio/physical.o
 *fill*         0x00000a95        0x3 
 .bss.RxBytesWaiting.10956
                0x00000a98        0x4 src/Application/radio/physical.o
 .bss.phy_rx_length.10690
                0x00000a9c        0x2 src/Application/radio/physical.o
 *fill*         0x00000a9e        0x2 
 .bss.RxData_IsFillingNext16.10955
                0x00000aa0        0x4 src/Application/radio/physical.o
 .bss.AMBE_HT   0x00000aa4        0x8 src/Application/radio/physical.o
 .bss.Item_ID.10961
                0x00000aac        0x1 src/Application/radio/physical.o
 .bss.is_first.10960
                0x00000aad        0x1 src/Application/radio/physical.o
 .bss.phy_rx_expexted_length.10689
                0x00000aae        0x2 src/Application/radio/physical.o
 .bss.AMBE_payload_ptr.10959
                0x00000ab0        0x4 src/Application/radio/physical.o
 .bss.phy_tx_state.10645
                0x00000ab4        0x4 src/Application/radio/physical.o
 .bss.RxMedia_IsFillingNext16.10953
                0x00000ab8        0x4 src/Application/radio/physical.o
 .bss.phy_frame_ptr.10688
                0x00000abc        0x4 src/Application/radio/physical.o
 .bss.phy_ptr.10644
                0x00000ac0        0x4 src/Application/radio/physical.o
 .bss.xnl_store_idle
                0x00000ac4        0x4 src/Application/radio/physical.o
                0x00000ac4                xnl_store_idle
 .bss.payload_store_idle
                0x00000ac8        0x4 src/Application/radio/physical.o
                0x00000ac8                payload_store_idle
 .bss.phy_rx_state.10692
                0x00000acc        0x4 src/Application/radio/physical.o
 .bss.phy_check_sum.10691
                0x00000ad0        0x2 src/Application/radio/physical.o
 *fill*         0x00000ad2        0x2 
 .bss.phy_xnl_frame_rx
                0x00000ad4        0x4 src/Application/radio/physical.o
                0x00000ad4                phy_xnl_frame_rx
 .bss.payload_ptr.10958
                0x00000ad8        0x4 src/Application/radio/physical.o
 .bss.phy_tx_expexted_length.10646
                0x00000adc        0x2 src/Application/radio/physical.o
 *fill*         0x00000ade        0x2 
 .bss.m_RxBurstType
                0x00000ae0        0x4 src/Application/radio/physical.o
 .bss.RxAMBE_IsFillingNext8.10954
                0x00000ae4        0x4 src/Application/radio/physical.o
 .bss.phy_payload_frame_tx
                0x00000ae8        0x4 src/Application/radio/physical.o
                0x00000ae8                phy_payload_frame_tx
 .bss.phy_rx_count.10693
                0x00000aec        0x4 src/Application/radio/physical.o
 .bss.SDV_Index.10964
                0x00000af0        0x1 src/Application/radio/physical.o
 *fill*         0x00000af1        0x3 
 .bss.phy_xnl_frame_tx
                0x00000af4        0x4 src/Application/radio/physical.o
                0x00000af4                phy_xnl_frame_tx
 .bss.RxMediaState.10952
                0x00000af8        0x4 src/Application/radio/physical.o
 .bss.ArrayDiscLength.10957
                0x00000afc        0x4 src/Application/radio/physical.o
 .bss.phy_payload_frame_rx
                0x00000b00        0x4 src/Application/radio/physical.o
                0x00000b00                phy_payload_frame_rx
 .bss.Item_Length.10962
                0x00000b04        0x4 src/Application/radio/physical.o
 .bss.phy_rx_exec
                0x00000b08        0x4 src/Application/radio/ssc.o
                0x00000b08                phy_rx_exec
 .bss.count.9823
                0x00000b0c        0x4 src/Application/radio/ssc.o
 .bss.phy_tx_exec
                0x00000b10        0x4 src/Application/radio/ssc.o
                0x00000b10                phy_tx_exec
 .bss.version_information
                0x00000b14        0xc src/Application/radio/xcmp.o
                0x00000b14                version_information
 .bss.clone_read
                0x00000b20        0xc src/Application/radio/xcmp.o
                0x00000b20                clone_read
 .bss.xcmp_frame_rx
                0x00000b2c        0x4 src/Application/radio/xcmp.o
 .bss.clone_write
                0x00000b30        0xc src/Application/radio/xcmp.o
                0x00000b30                clone_write
 .bss.automatic_frequency_correction_control
                0x00000b3c        0xc src/Application/radio/xcmp.o
                0x00000b3c                automatic_frequency_correction_control
 .bss.language_pack_information
                0x00000b48        0xc src/Application/radio/xcmp.o
                0x00000b48                language_pack_information
 .bss.radio_status
                0x00000b54        0xc src/Application/radio/xcmp.o
                0x00000b54                radio_status
 .bss.xnl_timeout_semphr
                0x00000b60        0x4 src/Application/radio/xnl.o
 .bss.flags.10672
                0x00000b64        0x1 src/Application/radio/xnl.o
 *fill*         0x00000b65        0x3 
 .bss.xnl_tx_state.10716
                0x00000b68        0x4 src/Application/radio/xnl.o
 .bss.xnl_frame_tx
                0x00000b6c        0x4 src/Application/radio/xnl.o
 .bss.xnl_send_times.10717
                0x00000b70        0x4 src/Application/radio/xnl.o
 .bss.ptr.10718
                0x00000b74        0x4 src/Application/radio/xnl.o
 .bss.xcmp_exec
                0x00000b78        0x4 src/Application/radio/xnl.o
                0x00000b78                xcmp_exec
 .bss.rc522_init_failure
                0x00000b7c        0x1 src/Application/RFID/MFRC522/rc522.o
                0x00000b7c                rc522_init_failure
 *fill*         0x00000b7d        0x3 
 .bss.SN.12296  0x00000b80        0xc src/Application/RFID/RFID.o
 .bss.xg_resend_queue
                0x00000b8c        0x4 src/Application/xgflash/xgflash.o
                0x00000b8c                xg_resend_queue
 .bss.list_init_success_flag
                0x00000b90        0x1 src/Application/xgflash/xgflash.o
 *fill*         0x00000b91        0x3 
 .bss.xgflash_mutex
                0x00000b94        0x4 src/Application/xgflash/xgflash.o
 .bss.current_bytes_remained.12330
                0x00000b98        0x4 src/Application/xgflash/xgflash.o
 .bss.message_storage_queue
                0x00000b9c        0x4 src/Application/xgflash/xgflash.o
                0x00000b9c                message_storage_queue
 .bss.xBinarySemaphore
                0x00000ba0        0x4 src/Application/xgflash/xgflash.o
                0x00000ba0                xBinarySemaphore
 .bss.current_message_index
                0x00000ba4        0x2 src/Application/xgflash/xgflash.o
 *fill*         0x00000ba6        0x2 
 .bss.str.12267
                0x00000ba8       0x50 src/Application/xgflash/xgflash.o
 .bss._int_line_handler_table_6
                0x00000bf8        0x4 src/ASF/avr32/drivers/intc/intc.o
 .bss._int_line_handler_table_7
                0x00000bfc        0x4 src/ASF/avr32/drivers/intc/intc.o
 .bss._int_line_handler_table_8
                0x00000c00        0x4 src/ASF/avr32/drivers/intc/intc.o
 .bss._int_line_handler_table_9
                0x00000c04        0x4 src/ASF/avr32/drivers/intc/intc.o
 .bss._int_line_handler_table_10
                0x00000c08        0x4 src/ASF/avr32/drivers/intc/intc.o
 .bss._int_line_handler_table_11
                0x00000c0c        0x4 src/ASF/avr32/drivers/intc/intc.o
 .bss._int_line_handler_table_12
                0x00000c10        0x4 src/ASF/avr32/drivers/intc/intc.o
 .bss._int_line_handler_table_13
                0x00000c14        0x4 src/ASF/avr32/drivers/intc/intc.o
 .bss._int_line_handler_table_14
                0x00000c18        0xc src/ASF/avr32/drivers/intc/intc.o
 .bss._int_line_handler_table_15
                0x00000c24        0x4 src/ASF/avr32/drivers/intc/intc.o
 .bss._int_line_handler_table_16
                0x00000c28        0x4 src/ASF/avr32/drivers/intc/intc.o
 .bss._int_line_handler_table_17
                0x00000c2c        0x4 src/ASF/avr32/drivers/intc/intc.o
 .bss._int_line_handler_table_18
                0x00000c30        0x4 src/ASF/avr32/drivers/intc/intc.o
 .bss._int_line_handler_table_0
                0x00000c34        0x4 src/ASF/avr32/drivers/intc/intc.o
 .bss._int_line_handler_table_1
                0x00000c38       0x2c src/ASF/avr32/drivers/intc/intc.o
 .bss._int_line_handler_table_2
                0x00000c64       0x18 src/ASF/avr32/drivers/intc/intc.o
 .bss._int_line_handler_table_3
                0x00000c7c       0x1c src/ASF/avr32/drivers/intc/intc.o
 .bss._int_line_handler_table_4
                0x00000c98        0x4 src/ASF/avr32/drivers/intc/intc.o
 .bss._int_line_handler_table_5
                0x00000c9c        0x4 src/ASF/avr32/drivers/intc/intc.o
 .bss.uxMissedTicks
                0x00000ca0        0x4 src/ASF/thirdparty/freertos/freertos-7.0.0/source/tasks.o
 .bss.uxTopUsedPriority
                0x00000ca4        0x4 src/ASF/thirdparty/freertos/freertos-7.0.0/source/tasks.o
 .bss.pxDelayedTaskList
                0x00000ca8        0x4 src/ASF/thirdparty/freertos/freertos-7.0.0/source/tasks.o
 .bss.xSchedulerRunning
                0x00000cac        0x4 src/ASF/thirdparty/freertos/freertos-7.0.0/source/tasks.o
 .bss.uxTasksDeleted
                0x00000cb0        0x4 src/ASF/thirdparty/freertos/freertos-7.0.0/source/tasks.o
 .bss.xNumOfOverflows
                0x00000cb4        0x4 src/ASF/thirdparty/freertos/freertos-7.0.0/source/tasks.o
 .bss.pxOverflowDelayedTaskList
                0x00000cb8        0x4 src/ASF/thirdparty/freertos/freertos-7.0.0/source/tasks.o
 .bss.pxReadyTasksLists
                0x00000cbc       0xa0 src/ASF/thirdparty/freertos/freertos-7.0.0/source/tasks.o
 .bss.xTasksWaitingTermination
                0x00000d5c       0x14 src/ASF/thirdparty/freertos/freertos-7.0.0/source/tasks.o
 .bss.pxCurrentTCB
                0x00000d70        0x4 src/ASF/thirdparty/freertos/freertos-7.0.0/source/tasks.o
                0x00000d70                pxCurrentTCB
 .bss.xPendingReadyList
                0x00000d74       0x14 src/ASF/thirdparty/freertos/freertos-7.0.0/source/tasks.o
 .bss.xDelayedTaskList1
                0x00000d88       0x14 src/ASF/thirdparty/freertos/freertos-7.0.0/source/tasks.o
 .bss.xTickCount
                0x00000d9c        0x4 src/ASF/thirdparty/freertos/freertos-7.0.0/source/tasks.o
 .bss.uxSchedulerSuspended
                0x00000da0        0x4 src/ASF/thirdparty/freertos/freertos-7.0.0/source/tasks.o
 .bss.xDelayedTaskList2
                0x00000da4       0x14 src/ASF/thirdparty/freertos/freertos-7.0.0/source/tasks.o
 .bss.uxTaskNumber
                0x00000db8        0x4 src/ASF/thirdparty/freertos/freertos-7.0.0/source/tasks.o
 .bss.uxCurrentNumberOfTasks
                0x00000dbc        0x4 src/ASF/thirdparty/freertos/freertos-7.0.0/source/tasks.o
 .bss.xMissedYield
                0x00000dc0        0x4 src/ASF/thirdparty/freertos/freertos-7.0.0/source/tasks.o
 .bss.xSuspendedTaskList
                0x00000dc4       0x14 src/ASF/thirdparty/freertos/freertos-7.0.0/source/tasks.o
 .bss.uxTopReadyPriority
                0x00000dd8        0x4 src/ASF/thirdparty/freertos/freertos-7.0.0/source/tasks.o
 .bss.lench.11294
                0x00000ddc        0x1 src/Log/log.o
 .bss.lench.11364
                0x00000ddd        0x1 src/Log/log.o
 *fill*         0x00000dde        0x2 
 .bss.__malloc_max_total_mem
                0x00000de0        0x4 e:/program x86/atmel/studio/7.0/toolchain/avr32/avr32-gnu-toolchain/bin/../lib/gcc/avr32/4.4.7/../../../../avr32/lib/ucr2\libc.a(lib_a-mallocr.o)
                0x00000de0                __malloc_max_total_mem
 .bss.__malloc_max_sbrked_mem
                0x00000de4        0x4 e:/program x86/atmel/studio/7.0/toolchain/avr32/avr32-gnu-toolchain/bin/../lib/gcc/avr32/4.4.7/../../../../avr32/lib/ucr2\libc.a(lib_a-mallocr.o)
                0x00000de4                __malloc_max_sbrked_mem
 .bss.__malloc_top_pad
                0x00000de8        0x4 e:/program x86/atmel/studio/7.0/toolchain/avr32/avr32-gnu-toolchain/bin/../lib/gcc/avr32/4.4.7/../../../../avr32/lib/ucr2\libc.a(lib_a-mallocr.o)
                0x00000de8                __malloc_top_pad
 .bss.__malloc_current_mallinfo
                0x00000dec       0x28 e:/program x86/atmel/studio/7.0/toolchain/avr32/avr32-gnu-toolchain/bin/../lib/gcc/avr32/4.4.7/../../../../avr32/lib/ucr2\libc.a(lib_a-mallocr.o)
                0x00000dec                __malloc_current_mallinfo
 .bss.cur_heap_pos.1869
                0x00000e14        0x4 e:/program x86/atmel/studio/7.0/toolchain/avr32/avr32-gnu-toolchain/bin/../lib/gcc/avr32/4.4.7/../../../../avr32/lib/ucr2\libc.a(lib_a-syscalls.o)
 *(COMMON)
 COMMON         0x00000e18       0x18 src/Application/app/app.o
                0x00000e18                XCMP_Version
                0x00000e1c                bunchofrandomstatusflags
                0x00000e20                Current_time
                0x00000e26                xnl_information
 COMMON         0x00000e30     0x1004 src/Application/flash/data_flash.o
                0x00000e30                FLASH_BUF
                0x00001e30                spi
 COMMON         0x00001e34      0x122 src/Application/radio/ambe.o
                0x00001e34                AMBEBurst_rawdata
                0x00001e3c                Radio_Internal_Data
                0x00001e40                AMBE_DecryptionKey
                0x00001e48                SendAMBEBurst_EncryptionPackage
                0x00001f38                VBSP_data
                0x00001f3c                Soft_Decision_Data
 COMMON         0x00001f56     0x7800 src/Application/radio/physical.o
                0x00001f56                payload_store
                0x00003356                xnl_store
 *fill*         0x00009756        0x2 
 COMMON         0x00009758       0x4c src/Application/radio/ssc.o
                0x00009758                intDuration
                0x0000975c                BufferIndex
                0x00009760                intStartCount
                0x00009764                RxBuffer
                0x00009784                TxBuffer
 COMMON         0x000097a4        0x4 src/Application/radio/xcmp.o
                0x000097a4                app_list
 COMMON         0x000097a8       0x18 src/Application/RFID/RFID.o
                0x000097a8                RFID
                0x000097b8                CT
                0x000097bc                SN
 COMMON         0x000097c0     0x2584 src/Application/xgflash/xgflash.o
                0x000097c0                message_store
                0x0000bd40                save_handle
 COMMON         0x0000bd44        0x4 src/ASF/avr32/drivers/spi/spi.o
                0x0000bd44                xSPIMutex
 COMMON         0x0000bd48        0x4 src/ASF/thirdparty/freertos/freertos-7.0.0/source/portable/gcc/avr32_uc3/write.o
                0x0000bd48                stdio_usart_base
 COMMON         0x0000bd4c        0x4 src/Log/log.o
                0x0000bd4c                logQueue
 COMMON         0x0000bd50        0x4 e:/program x86/atmel/studio/7.0/toolchain/avr32/avr32-gnu-toolchain/bin/../lib/gcc/avr32/4.4.7/../../../../avr32/lib/ucr2\libc.a(lib_a-reent.o)
                0x0000bd50                errno
                0x0000bd58                . = ALIGN (0x8)
 *fill*         0x0000bd54        0x4 
                0x0000bd58                . = ALIGN (0x8)
                0x0000bd58                _end = .
                0x0000bd58                PROVIDE (end, .)
                0x0000bd58                __heap_start__ = ALIGN (0x8)
                0x00017000                . = ((ORIGIN (CPUSRAM) + 0x17ffc) - _stack_size)
                0x00017000                __heap_end__ = .

.stab
 *(.stab)

.stabstr
 *(.stabstr)

.stab.excl
 *(.stab.excl)

.stab.exclstr
 *(.stab.exclstr)

.stab.index
 *(.stab.index)

.stab.indexstr
 *(.stab.indexstr)

.comment        0x00000000       0x30
 *(.comment)
 .comment       0x00000000       0x30 src/Application/app/app.o
                                 0x31 (size before relaxing)
 .comment       0x00000000       0x31 src/Application/flash/data_flash.o
 .comment       0x00000000       0x31 src/Application/myrtc/xgrtc.o
 .comment       0x00000000       0x31 src/Application/radio/ambe.o
 .comment       0x00000000       0x31 src/Application/radio/payload.o
 .comment       0x00000000       0x31 src/Application/radio/physical.o
 .comment       0x00000000       0x31 src/Application/radio/ssc.o
 .comment       0x00000000       0x31 src/Application/radio/xcmp.o
 .comment       0x00000000       0x31 src/Application/radio/xnl.o
 .comment       0x00000000       0x31 src/Application/RFID/MFRC522/rc522.o
 .comment       0x00000000       0x31 src/Application/RFID/RFID.o
 .comment       0x00000000       0x31 src/Application/timers/timer.o
 .comment       0x00000000       0x31 src/Application/xgflash/xgflash.o
 .comment       0x00000000       0x31 src/ASF/avr32/drivers/flashc/flashc.o
 .comment       0x00000000       0x31 src/ASF/avr32/drivers/gpio/gpio.o
 .comment       0x00000000       0x31 src/ASF/avr32/drivers/intc/intc.o
 .comment       0x00000000       0x31 src/ASF/avr32/drivers/pm/pm.o
 .comment       0x00000000       0x31 src/ASF/avr32/drivers/rtc/rtc.o
 .comment       0x00000000       0x31 src/ASF/avr32/drivers/spi/spi.o
 .comment       0x00000000       0x31 src/ASF/avr32/drivers/usart/usart.o
 .comment       0x00000000       0x31 src/ASF/thirdparty/freertos/freertos-7.0.0/source/list.o
 .comment       0x00000000       0x31 src/ASF/thirdparty/freertos/freertos-7.0.0/source/portable/gcc/avr32_uc3/port.o
 .comment       0x00000000       0x31 src/ASF/thirdparty/freertos/freertos-7.0.0/source/portable/gcc/avr32_uc3/read.o
 .comment       0x00000000       0x31 src/ASF/thirdparty/freertos/freertos-7.0.0/source/portable/gcc/avr32_uc3/write.o
 .comment       0x00000000       0x31 src/ASF/thirdparty/freertos/freertos-7.0.0/source/portable/memmang/heap_3.o
 .comment       0x00000000       0x31 src/ASF/thirdparty/freertos/freertos-7.0.0/source/queue.o
 .comment       0x00000000       0x31 src/ASF/thirdparty/freertos/freertos-7.0.0/source/tasks.o
 .comment       0x00000000       0x31 src/Log/log.o
 .comment       0x00000000       0x31 src/main.o
 .comment       0x00000000       0x31 e:/program x86/atmel/studio/7.0/toolchain/avr32/avr32-gnu-toolchain/bin/../lib/gcc/avr32/4.4.7/../../../../avr32/lib/ucr2\libc.a(lib_a-malloc.o)