Archive member included because of file (symbol)

e:/program x86/atmel/studio/7.0/toolchain/avr32/avr32-gnu-toolchain/bin/../lib/gcc/avr32/4.4.7/../../../../avr32/lib/ucr2\libc.a(lib_a-malloc.o)
                              src/ASF/thirdparty/freertos/freertos-7.0.0/source/portable/memmang/heap_3.o (free)
e:/program x86/atmel/studio/7.0/toolchain/avr32/avr32-gnu-toolchain/bin/../lib/gcc/avr32/4.4.7/../../../../avr32/lib/ucr2\libc.a(lib_a-mallocr.o)
                              e:/program x86/atmel/studio/7.0/toolchain/avr32/avr32-gnu-toolchain/bin/../lib/gcc/avr32/4.4.7/../../../../avr32/lib/ucr2\libc.a(lib_a-malloc.o) (_malloc_r)
e:/program x86/atmel/studio/7.0/toolchain/avr32/avr32-gnu-toolchain/bin/../lib/gcc/avr32/4.4.7/../../../../avr32/lib/ucr2\libc.a(lib_a-memcmp.o)
                              src/Application/voice/voice.o (memcmp)
e:/program x86/atmel/studio/7.0/toolchain/avr32/avr32-gnu-toolchain/bin/../lib/gcc/avr32/4.4.7/../../../../avr32/lib/ucr2\libc.a(lib_a-memcpy.o)
                              src/Application/app/app.o (memcpy)
e:/program x86/atmel/studio/7.0/toolchain/avr32/avr32-gnu-toolchain/bin/../lib/gcc/avr32/4.4.7/../../../../avr32/lib/ucr2\libc.a(lib_a-memset.o)
                              src/Application/radio/physical.o (memset)
e:/program x86/atmel/studio/7.0/toolchain/avr32/avr32-gnu-toolchain/bin/../lib/gcc/avr32/4.4.7/../../../../avr32/lib/ucr2\libc.a(lib_a-realloc.o)
                              src/ASF/thirdparty/freertos/freertos-7.0.0/source/portable/gcc/avr32_uc3/port.o (realloc)
e:/program x86/atmel/studio/7.0/toolchain/avr32/avr32-gnu-toolchain/bin/../lib/gcc/avr32/4.4.7/../../../../avr32/lib/ucr2\libc.a(lib_a-reallocr.o)
                              e:/program x86/atmel/studio/7.0/toolchain/avr32/avr32-gnu-toolchain/bin/../lib/gcc/avr32/4.4.7/../../../../avr32/lib/ucr2\libc.a(lib_a-realloc.o) (_realloc_r)
e:/program x86/atmel/studio/7.0/toolchain/avr32/avr32-gnu-toolchain/bin/../lib/gcc/avr32/4.4.7/../../../../avr32/lib/ucr2\libc.a(lib_a-sbrkr.o)
                              e:/program x86/atmel/studio/7.0/toolchain/avr32/avr32-gnu-toolchain/bin/../lib/gcc/avr32/4.4.7/../../../../avr32/lib/ucr2\libc.a(lib_a-mallocr.o) (_sbrk_r)
e:/program x86/atmel/studio/7.0/toolchain/avr32/avr32-gnu-toolchain/bin/../lib/gcc/avr32/4.4.7/../../../../avr32/lib/ucr2\libc.a(lib_a-sprintf.o)
                              src/Log/log.o (sprintf)
e:/program x86/atmel/studio/7.0/toolchain/avr32/avr32-gnu-toolchain/bin/../lib/gcc/avr32/4.4.7/../../../../avr32/lib/ucr2\libc.a(lib_a-strncpy.o)
                              src/ASF/thirdparty/freertos/freertos-7.0.0/source/tasks.o (strncpy)
e:/program x86/atmel/studio/7.0/toolchain/avr32/avr32-gnu-toolchain/bin/../lib/gcc/avr32/4.4.7/../../../../avr32/lib/ucr2\libc.a(lib_a-syscalls.o)
                              e:/program x86/atmel/studio/7.0/toolchain/avr32/avr32-gnu-toolchain/bin/../lib/gcc/avr32/4.4.7/../../../../avr32/lib/ucr2\libc.a(lib_a-sbrkr.o) (_sbrk)
e:/program x86/atmel/studio/7.0/toolchain/avr32/avr32-gnu-toolchain/bin/../lib/gcc/avr32/4.4.7/../../../../avr32/lib/ucr2\libc.a(lib_a-vfprintf.o)
                              e:/program x86/atmel/studio/7.0/toolchain/avr32/avr32-gnu-toolchain/bin/../lib/gcc/avr32/4.4.7/../../../../avr32/lib/ucr2\libc.a(lib_a-sprintf.o) (_vfprintf_r)
e:/program x86/atmel/studio/7.0/toolchain/avr32/avr32-gnu-toolchain/bin/../lib/gcc/avr32/4.4.7/../../../../avr32/lib/ucr2\libc.a(lib_a-wsetup.o)
                              e:/program x86/atmel/studio/7.0/toolchain/avr32/avr32-gnu-toolchain/bin/../lib/gcc/avr32/4.4.7/../../../../avr32/lib/ucr2\libc.a(lib_a-vfprintf.o) (__swsetup_r)
e:/program x86/atmel/studio/7.0/toolchain/avr32/avr32-gnu-toolchain/bin/../lib/gcc/avr32/4.4.7/../../../../avr32/lib/ucr2\libc.a(lib_a-dtoa.o)
                              e:/program x86/atmel/studio/7.0/toolchain/avr32/avr32-gnu-toolchain/bin/../lib/gcc/avr32/4.4.7/../../../../avr32/lib/ucr2\libc.a(lib_a-vfprintf.o) (_dtoa_r)
e:/program x86/atmel/studio/7.0/toolchain/avr32/avr32-gnu-toolchain/bin/../lib/gcc/avr32/4.4.7/../../../../avr32/lib/ucr2\libc.a(lib_a-errno.o)
                              e:/program x86/atmel/studio/7.0/toolchain/avr32/avr32-gnu-toolchain/bin/../lib/gcc/avr32/4.4.7/../../../../avr32/lib/ucr2\libc.a(lib_a-syscalls.o) (__errno)
e:/program x86/atmel/studio/7.0/toolchain/avr32/avr32-gnu-toolchain/bin/../lib/gcc/avr32/4.4.7/../../../../avr32/lib/ucr2\libc.a(lib_a-fflush.o)
                              e:/program x86/atmel/studio/7.0/toolchain/avr32/avr32-gnu-toolchain/bin/../lib/gcc/avr32/4.4.7/../../../../avr32/lib/ucr2\libc.a(lib_a-vfprintf.o) (_fflush_r)
e:/program x86/atmel/studio/7.0/toolchain/avr32/avr32-gnu-toolchain/bin/../lib/gcc/avr32/4.4.7/../../../../avr32/lib/ucr2\libc.a(lib_a-findfp.o)
                              e:/program x86/atmel/studio/7.0/toolchain/avr32/avr32-gnu-toolchain/bin/../lib/gcc/avr32/4.4.7/../../../../avr32/lib/ucr2\libc.a(lib_a-vfprintf.o) (__sinit)
[...]
Memory Configuration

Name             Origin             Length             Attributes
FLASH            0x80000000         0x00080000         axrl !w
CPUSRAM          0x00000004         0x00017ffc         axw !rl
USERPAGE         0x80800000         0x00000200
FACTORYPAGE      0x80800200         0x00000200
*default*        0x00000000         0xffffffff

Linker script and memory map

                0x00001000                _stack_size = 0x1000
LOAD src/Application/app/app.o
LOAD src/Application/flash/data_flash.o
LOAD src/Application/myrtc/xgrtc.o
LOAD src/Application/radio/ambe.o
LOAD src/Application/radio/AMBE_audio.o
LOAD src/Application/radio/AMBE_audio_2.o
LOAD src/Application/radio/audio.o
LOAD src/Application/radio/payload.o
LOAD src/Application/radio/physical.o
LOAD src/Application/radio/ssc.o
LOAD src/Application/radio/xcmp.o
LOAD src/Application/radio/xnl.o
LOAD src/Application/RFID/MFRC522/rc522.o
LOAD src/Application/RFID/RFID.o
LOAD src/Application/timers/timer.o
LOAD src/Application/voice/voice.o
LOAD src/Application/xgflash/xgflash.o
LOAD src/ASF/avr32/drivers/flashc/flashc.o
LOAD src/ASF/avr32/drivers/gpio/gpio.o
LOAD src/ASF/avr32/drivers/intc/intc.o
LOAD src/ASF/avr32/drivers/pm/pm.o
LOAD src/ASF/avr32/drivers/pm/pm_conf_clocks.o
LOAD src/ASF/avr32/drivers/pm/power_clocks_lib.o
LOAD src/ASF/avr32/drivers/rtc/rtc.o
LOAD src/ASF/avr32/drivers/spi/spi.o
LOAD src/ASF/avr32/drivers/tc/tc.o
LOAD src/ASF/avr32/drivers/twi/twi.o
LOAD src/ASF/avr32/drivers/usart/usart.o
LOAD src/ASF/avr32/utils/startup/startup_uc3.o
LOAD src/ASF/avr32/utils/startup/trampoline_uc3.o
LOAD src/ASF/common/boards/user_board/init.o
LOAD src/ASF/common/services/clock/uc3b0_b1/sysclk.o
LOAD src/ASF/common/services/spi/uc3_spi/spi_master.o
LOAD src/ASF/common/services/spi/uc3_usart_spi/usart_spi.o
LOAD src/ASF/thirdparty/freertos/freertos-7.0.0/source/croutine.o
LOAD src/ASF/thirdparty/freertos/freertos-7.0.0/source/list.o
LOAD src/ASF/thirdparty/freertos/freertos-7.0.0/source/portable/gcc/avr32_uc3/exception.o
LOAD src/ASF/thirdparty/freertos/freertos-7.0.0/source/portable/gcc/avr32_uc3/port.o
LOAD src/ASF/thirdparty/freertos/freertos-7.0.0/source/portable/gcc/avr32_uc3/read.o
LOAD src/ASF/thirdparty/freertos/freertos-7.0.0/source/portable/gcc/avr32_uc3/write.o
LOAD src/ASF/thirdparty/freertos/freertos-7.0.0/source/portable/memmang/heap_3.o
LOAD src/ASF/thirdparty/freertos/freertos-7.0.0/source/queue.o
LOAD src/ASF/thirdparty/freertos/freertos-7.0.0/source/tasks.o
LOAD src/Log/log.o
LOAD src/main.o
START GROUP
LOAD e:/program x86/atmel/studio/7.0/toolchain/avr32/avr32-gnu-toolchain/bin/../lib/gcc/avr32/4.4.7/../../../../avr32/lib/ucr2\libm.a
END GROUP
LOAD e:/program x86/atmel/studio/7.0/toolchain/avr32/avr32-gnu-toolchain/bin/../lib/gcc/avr32/4.4.7/ucr2\libgcc.a
LOAD e:/program x86/atmel/studio/7.0/toolchain/avr32/avr32-gnu-toolchain/bin/../lib/gcc/avr32/4.4.7/../../../../avr32/lib/ucr2\libc.a
LOAD e:/program x86/atmel/studio/7.0/toolchain/avr32/avr32-gnu-toolchain/bin/../lib/gcc/avr32/4.4.7/ucr2\libgcc.a
                0x80000000                PROVIDE (__executable_start, 0x80000000)
                0x80000000                . = 0x80000000

.interp
 *(.interp)

.reset          0x80000000     0x2004
 *(.reset)
 .reset         0x80000000     0x2004 src/ASF/avr32/utils/startup/trampoline_uc3.o
                               0x2008 (size before relaxing)
                0x80000000                _trampoline

.hash
 *(.hash)

.dynsym
 *(.dynsym)

.dynstr
 *(.dynstr)

.gnu.version
 *(.gnu.version)

.gnu.version_d
 *(.gnu.version_d)

.gnu.version_r
 *(.gnu.version_r)

.rel.init
 *(.rel.init)

.rela.init
 *(.rela.init)

.rel.text
 *(.rel.text .rel.text.* .rel.gnu.linkonce.t.*)

.rela.text
 *(.rela.text .rela.text.* .rela.gnu.linkonce.t.*)

.rel.fini
 *(.rel.fini)

.rela.fini
 *(.rela.fini)

.rel.rodata
 *(.rel.rodata .rel.rodata.* .rel.gnu.linkonce.r.*)

.rela.rodata
 *(.rela.rodata .rela.rodata.* .rela.gnu.linkonce.r.*)

.rel.data.rel.ro
 *(.rel.data.rel.ro*)

.rela.data.rel.ro
 *(.rel.data.rel.ro*)

.rel.data
 *(.rel.data .rel.data.* .rel.gnu.linkonce.d.*)

.rela.data
 *(.rela.data .rela.data.* .rela.gnu.linkonce.d.*)

.rel.tdata
 *(.rel.tdata .rel.tdata.* .rel.gnu.linkonce.td.*)

.rela.tdata
 *(.rela.tdata .rela.tdata.* .rela.gnu.linkonce.td.*)

.rel.tbss
 *(.rel.tbss .rel.tbss.* .rel.gnu.linkonce.tb.*)

.rela.tbss
 *(.rela.tbss .rela.tbss.* .rela.gnu.linkonce.tb.*)

.rel.ctors
 *(.rel.ctors)

.rela.ctors
 *(.rela.ctors)

.rel.dtors
 *(.rel.dtors)

.rela.dtors
 *(.rela.dtors)

.rel.got
 *(.rel.got)

.rela.got       0x80002004        0x0
 *(.rela.got)
 .rela.got      0x80002004        0x0 src/Application/app/app.o

.rel.bss
 *(.rel.bss .rel.bss.* .rel.gnu.linkonce.b.*)

.rela.bss
 *(.rela.bss .rela.bss.* .rela.gnu.linkonce.b.*)

.rel.plt
 *(.rel.plt)

.rela.plt
 *(.rela.plt)

.init
 *(.init)

.plt
 *(.plt)

.text           0x80002004     0x9e18
 *(.text .stub .text.* .gnu.linkonce.t.*)
 .text.DeviceManagement_brdcst_func
                0x80002004       0x24 src/Application/app/app.o
                0x80002004                DeviceManagement_brdcst_func
 .text.Volume_brdcst_func
                0x80002028        0x2 src/Application/app/app.o
                0x80002028                Volume_brdcst_func
 .text.AudioRoutingControl_brdcst_func
                0x8000202a        0x2 src/Application/app/app.o
                0x8000202a                AudioRoutingControl_brdcst_func
 .text.vApplicationIdleHook
                0x8000202c       0x10 src/Application/app/app.o
                0x8000202c                vApplicationIdleHook
 .text.app_init
                0x8000203c       0x54 src/Application/app/app.o
                0x8000203c                app_init
 .text.app_payload_tx_proc
                0x80002090       0x14 src/Application/app/app.o
 .text.app_payload_rx_proc
                0x800020a4       0x34 src/Application/app/app.o
 .text.FD_brdcst_func
                0x800020d8       0x14 src/Application/app/app.o
                0x800020d8                FD_brdcst_func
 .text.FD_reply_func
                0x800020ec       0x14 src/Application/app/app.o
                0x800020ec                FD_reply_func
 .text.FD_request_func
                0x80002100       0x14 src/Application/app/app.o
                0x80002100                FD_request_func
 .text.EnOB_brdcst_func
                0x80002114       0x14 src/Application/app/app.o
                0x80002114                EnOB_brdcst_func
 .text.EnOB_reply_func
                0x80002128       0x70 src/Application/app/app.o
                0x80002128                EnOB_reply_func
 .text.SingleDetection_brdcst_func
                0x80002198       0x4c src/Application/app/app.o
                0x80002198                SingleDetection_brdcst_func
 .text.ButtonConfig_brdcst_func
                0x800021e4       0xdc src/Application/app/app.o
                0x800021e4                ButtonConfig_brdcst_func
 .text.ButtonConfig_reply_func
                0x800022c0       0x44 src/Application/app/app.o
                0x800022c0                ButtonConfig_reply_func
 .text.BatteryLevel_brdcst_func
                0x80002304       0x58 src/Application/app/app.o
                0x80002304                BatteryLevel_brdcst_func
 .text.DataSession_reply_func
                0x8000235c       0x7c src/Application/app/app.o
                0x8000235c                DataSession_reply_func
 .text.CallControl_brdcst_func
                0x800023d8       0x44 src/Application/app/app.o
                0x800023d8                CallControl_brdcst_func
 .text.TransmitControl_brdcst_func
                0x8000241c       0x48 src/Application/app/app.o
                0x8000241c                TransmitControl_brdcst_func
 .text.TransmitControl_reply_func
                0x80002464       0x60 src/Application/app/app.o
                0x80002464                TransmitControl_reply_func
 .text.AudioRoutingControl_reply_func
                0x800024c4       0x28 src/Application/app/app.o
                0x800024c4                AudioRoutingControl_reply_func
 .text.Volume_reply_func
                0x800024ec       0x64 src/Application/app/app.o
                0x800024ec                Volume_reply_func
 .text.spk_brdcst_func
                0x80002550       0x38 src/Application/app/app.o
                0x80002550                spk_brdcst_func
 .text.spk_reply_func
                0x80002588       0x48 src/Application/app/app.o
                0x80002588                spk_reply_func
 .text.mic_brdcst_func
                0x800025d0       0x58 src/Application/app/app.o
                0x800025d0                mic_brdcst_func
 .text.mic_reply_func
                0x80002628       0x94 src/Application/app/app.o
                0x80002628                mic_reply_func
 .text.dcm_brdcst_func
                0x800026bc       0x48 src/Application/app/app.o
                0x800026bc                dcm_brdcst_func
 .text.dcm_reply_func
                0x80002704       0x68 src/Application/app/app.o
                0x80002704                dcm_reply_func
 .text.ToneControl_reply_func
                0x8000276c       0x28 src/Application/app/app.o
                0x8000276c                ToneControl_reply_func
 .text.app_cfg  0x80002794      0x1f8 src/Application/app/app.o
 .text.Phyuserinput_brdcst_func
                0x8000298c       0x58 src/Application/app/app.o
                0x8000298c                Phyuserinput_brdcst_func
 .text.DataSession_brdcst_func
                0x800029e4      0x124 src/Application/app/app.o
                0x800029e4                DataSession_brdcst_func
 .text.DeviceInitializationStatus_brdcst_func
                0x80002b08       0x38 src/Application/app/app.o
                0x80002b08                DeviceInitializationStatus_brdcst_func
 .text.send_flash_command
                0x80002b40      0x1c4 src/Application/flash/data_flash.o
                0x80002b40                send_flash_command
 .text.data_flash_read_block
                0x80002d04       0x38 src/Application/flash/data_flash.o
                0x80002d04                data_flash_read_block
 .text.data_flash_write_page
                0x80002d3c       0xa0 src/Application/flash/data_flash.o
                0x80002d3c                data_flash_write_page
 .text.data_flash_write_block
                0x80002ddc       0xc0 src/Application/flash/data_flash.o
                0x80002ddc                data_flash_write_block
 .text.data_flash_erase_block
                0x80002e9c       0xa0 src/Application/flash/data_flash.o
                0x80002e9c                data_flash_erase_block
 .text.data_flash_write
                0x80002f3c       0xf0 src/Application/flash/data_flash.o
                0x80002f3c                data_flash_write
 .text.W25Q64_SPI_SetSpeed
                0x8000302c       0x24 src/Application/flash/data_flash.o
                0x8000302c                W25Q64_SPI_SetSpeed
 .text.W25Q64_SPI_SetSpeedHi
                0x80003050       0x10 src/Application/flash/data_flash.o
                0x80003050                W25Q64_SPI_SetSpeedHi
 .text.data_flash_init
                0x80003060      0x12c src/Application/flash/data_flash.o
                0x80003060                data_flash_init
 .text.xg_rtc_init
                0x8000318c       0x80 src/Application/myrtc/xgrtc.o
                0x8000318c                xg_rtc_init
 .text.rtc_irq  0x8000320c       0xf0 src/Application/myrtc/xgrtc.o
                0x8000320c                rtc_irq
 .text.payload_init
                0x800032fc       0x14 src/Application/radio/payload.o
                0x800032fc                payload_init
 .text.set_idle_store
                0x80003310       0x20 src/Application/radio/physical.o
                0x80003310                set_idle_store
 .text.get_idle_store
                0x80003330       0x28 src/Application/radio/physical.o
                0x80003330                get_idle_store
 .text.xcmp_register_app_list
                0x80003358        0xc src/Application/radio/xcmp.o
                0x80003358                xcmp_register_app_list
 .text.xcmp_tx  0x80003364       0x48 src/Application/radio/xcmp.o
 .text.xcmp_data_session_req
                0x800033ac       0x8c src/Application/radio/xcmp.o
                0x800033ac                xcmp_data_session_req
 .text.xcmp_DeviceInitializationStatus_request
                0x80003438       0x40 src/Application/radio/xcmp.o
                0x80003438                xcmp_DeviceInitializationStatus_request
 .text.xcmp_IdleTestTone
                0x80003478       0x60 src/Application/radio/xcmp.o
                0x80003478                xcmp_IdleTestTone
 .text.xnl_tx   0x800034d8       0xe4 src/Application/radio/xnl.o
                0x800034d8                xnl_tx
 .text.RC522_SPI_SetSpeed
                0x800035bc       0x24 src/Application/RFID/MFRC522/rc522.o
                0x800035bc                RC522_SPI_SetSpeed
 .text.RC522_SPI_SetSpeedLow
                0x800035e0       0x10 src/Application/RFID/MFRC522/rc522.o
                0x800035e0                RC522_SPI_SetSpeedLow
 .text.RC522_ReadByte
                0x800035f0       0x2c src/Application/RFID/MFRC522/rc522.o
                0x800035f0                RC522_ReadByte
 .text.RC522_WriteByte
                0x8000361c       0x30 src/Application/RFID/MFRC522/rc522.o
                0x8000361c                RC522_WriteByte
 .text.WriteRawRC
                0x8000364c       0x40 src/Application/RFID/MFRC522/rc522.o
                0x8000364c                WriteRawRC
 .text.PcdReset
                0x8000368c       0x80 src/Application/RFID/MFRC522/rc522.o
                0x8000368c                PcdReset
 .text.ReadRawRC
                0x8000370c       0x48 src/Application/RFID/MFRC522/rc522.o
                0x8000370c                ReadRawRC
 .text.Wait_Wakeup_RC522
                0x80003754       0x10 src/Application/RFID/MFRC522/rc522.o
                0x80003754                Wait_Wakeup_RC522
 .text.Powerdown_RC522
                0x80003764       0x4c src/Application/RFID/MFRC522/rc522.o
                0x80003764                Powerdown_RC522
 .text.SetBitMask
                0x800037b0       0x24 src/Application/RFID/MFRC522/rc522.o
                0x800037b0                SetBitMask
 .text.PcdAntennaOn
                0x800037d4       0x20 src/Application/RFID/MFRC522/rc522.o
                0x800037d4                PcdAntennaOn
 .text.ClearBitMask
                0x800037f4       0x28 src/Application/RFID/MFRC522/rc522.o
                0x800037f4                ClearBitMask
 .text.PcdAntennaOff
                0x8000381c       0x10 src/Application/RFID/MFRC522/rc522.o
                0x8000381c                PcdAntennaOff
 .text.M500PcdConfigISOType
                0x8000382c       0x70 src/Application/RFID/MFRC522/rc522.o
                0x8000382c                M500PcdConfigISOType
 .text.rc522_init
                0x8000389c       0xb4 src/Application/RFID/MFRC522/rc522.o
                0x8000389c                rc522_init
 .text.PcdComMF522
                0x80003950      0x178 src/Application/RFID/MFRC522/rc522.o
                0x80003950                PcdComMF522
 .text.PcdAnticoll
                0x80003ac8       0x84 src/Application/RFID/MFRC522/rc522.o
                0x80003ac8                PcdAnticoll
 .text.PcdRequest
                0x80003b4c       0x64 src/Application/RFID/MFRC522/rc522.o
                0x80003b4c                PcdRequest
 .text.CalulateCRC
                0x80003bb0       0x8c src/Application/RFID/MFRC522/rc522.o
                0x80003bb0                CalulateCRC
 .text.PcdSelect
                0x80003c3c       0x74 src/Application/RFID/MFRC522/rc522.o
                0x80003c3c                PcdSelect
 .text.rfid_auto_reader
                0x80003cb0      0x120 src/Application/RFID/RFID.o
                0x80003cb0                rfid_auto_reader
 .text.scan_patrol
                0x80003dd0       0x50 src/Application/RFID/RFID.o
                0x80003dd0                scan_patrol
 .text.scan_rfid_save_message
                0x80003e20      0x19c src/Application/RFID/RFID.o
                0x80003e20                scan_rfid_save_message
 .text.rfid_init
                0x80003fbc        0xc src/Application/RFID/RFID.o
                0x80003fbc                rfid_init
 .text.delay_ns
                0x80003fc8       0x16 src/Application/timers/timer.o
                0x80003fc8                delay_ns
 *fill*         0x80003fde        0x2 d703d703
 .text.delay_us
                0x80003fe0       0x28 src/Application/timers/timer.o
                0x80003fe0                delay_us
 .text.delay_ms
                0x80004008       0x28 src/Application/timers/timer.o
                0x80004008                delay_ms
 .text.local_start_timer
                0x80004030       0x2c src/Application/timers/timer.o
                0x80004030                local_start_timer
 .text.local_start_pll0
                0x8000405c       0x94 src/Application/timers/timer.o
                0x8000405c                local_start_pll0
 .text.xg_flashc_init
                0x800040f0      0x284 src/Application/xgflash/xgflash.o
                0x800040f0                xg_flashc_init
 .text.xgflash_get_message_data
                0x80004374      0x154 src/Application/xgflash/xgflash.o
                0x80004374                xgflash_get_message_data
 .text.xgflash_message_save
                0x800044c8      0x168 src/Application/xgflash/xgflash.o
                0x800044c8                xgflash_message_save
 .text.xgflash_get_message_count
                0x80004630       0x4c src/Application/xgflash/xgflash.o
                0x80004630                xgflash_get_message_count
 .text.flashc_set_wait_state
                0x8000467c        0xe src/ASF/avr32/drivers/flashc/flashc.o
                0x8000467c                flashc_set_wait_state
 .text.gpio_enable_module_pin
                0x8000468a       0x52 src/ASF/avr32/drivers/gpio/gpio.o
                0x8000468a                gpio_enable_module_pin
 .text.gpio_enable_module
                0x800046dc       0x30 src/ASF/avr32/drivers/gpio/gpio.o
                0x800046dc                gpio_enable_module
 .text.gpio_enable_gpio_pin
                0x8000470c       0x18 src/ASF/avr32/drivers/gpio/gpio.o
                0x8000470c                gpio_enable_gpio_pin
 .text.gpio_set_gpio_pin
                0x80004724       0x1c src/ASF/avr32/drivers/gpio/gpio.o
                0x80004724                gpio_set_gpio_pin
 .text.gpio_clr_gpio_pin
                0x80004740       0x1c src/ASF/avr32/drivers/gpio/gpio.o
                0x80004740                gpio_clr_gpio_pin
 .text._unhandled_interrupt
                0x8000475c        0x2 src/ASF/avr32/drivers/intc/intc.o
 *fill*         0x8000475e        0x2 d703d703
 .text.INTC_register_interrupt
                0x80004760       0x80 src/ASF/avr32/drivers/intc/intc.o
                0x80004760                INTC_register_interrupt
 .text.INTC_init_interrupts
                0x800047e0       0x54 src/ASF/avr32/drivers/intc/intc.o
                0x800047e0                INTC_init_interrupts
 .text._get_interrupt_handler
                0x80004834       0x38 src/ASF/avr32/drivers/intc/intc.o
                0x80004834                _get_interrupt_handler
 .text.pm_set_osc0_mode
                0x8000486c        0xa src/ASF/avr32/drivers/pm/pm.o
 *fill*         0x80004876        0x2 d703d703
 .text.pm_enable_osc0_crystal
                0x80004878       0x3c src/ASF/avr32/drivers/pm/pm.o
                0x80004878                pm_enable_osc0_crystal
 .text.pm_enable_clk0_no_wait
                0x800048b4       0x10 src/ASF/avr32/drivers/pm/pm.o
                0x800048b4                pm_enable_clk0_no_wait
 .text.pm_wait_for_clk0_ready
                0x800048c4        0xa src/ASF/avr32/drivers/pm/pm.o
                0x800048c4                pm_wait_for_clk0_ready
 *fill*         0x800048ce        0x2 d703d703
 .text.pm_enable_clk0
                0x800048d0       0x1c src/ASF/avr32/drivers/pm/pm.o
                0x800048d0                pm_enable_clk0
 .text.pm_set_osc32_mode
                0x800048ec        0xa src/ASF/avr32/drivers/pm/pm.o
 *fill*         0x800048f6        0x2 d703d703
 .text.pm_enable_osc32_crystal
                0x800048f8       0x10 src/ASF/avr32/drivers/pm/pm.o
                0x800048f8                pm_enable_osc32_crystal
 .text.pm_enable_clk32_no_wait
                0x80004908       0x10 src/ASF/avr32/drivers/pm/pm.o
                0x80004908                pm_enable_clk32_no_wait
 .text.pm_wait_for_clk32_ready
                0x80004918        0xa src/ASF/avr32/drivers/pm/pm.o
                0x80004918                pm_wait_for_clk32_ready
 *fill*         0x80004922        0x2 d703d703
 .text.pm_enable_clk32
                0x80004924       0x1c src/ASF/avr32/drivers/pm/pm.o
                0x80004924                pm_enable_clk32
 .text.pm_cksel
                0x80004940       0x46 src/ASF/avr32/drivers/pm/pm.o
                0x80004940                pm_cksel
 .text.pm_pll_setup
                0x80004986       0x22 src/ASF/avr32/drivers/pm/pm.o
                0x80004986                pm_pll_setup
 .text.pm_pll_set_option
                0x800049a8       0x1a src/ASF/avr32/drivers/pm/pm.o
                0x800049a8                pm_pll_set_option
 .text.pm_pll_enable
                0x800049c2        0xe src/ASF/avr32/drivers/pm/pm.o
                0x800049c2                pm_pll_enable
 .text.pm_wait_for_pll0_locked
                0x800049d0        0xa src/ASF/avr32/drivers/pm/pm.o
                0x800049d0                pm_wait_for_pll0_locked
 .text.pm_switch_to_clock
                0x800049da        0xa src/ASF/avr32/drivers/pm/pm.o
                0x800049da                pm_switch_to_clock
 .text.pm_switch_to_osc0
                0x800049e4       0x2c src/ASF/avr32/drivers/pm/pm.o
                0x800049e4                pm_switch_to_osc0
 .text.rtc_is_busy
                0x80004a10        0x8 src/ASF/avr32/drivers/rtc/rtc.o
                0x80004a10                rtc_is_busy
 .text.rtc_set_value
                0x80004a18       0x24 src/ASF/avr32/drivers/rtc/rtc.o
                0x80004a18                rtc_set_value
 .text.rtc_enable
                0x80004a3c       0x24 src/ASF/avr32/drivers/rtc/rtc.o
                0x80004a3c                rtc_enable
 .text.rtc_enable_interrupt
                0x80004a60        0x6 src/ASF/avr32/drivers/rtc/rtc.o
                0x80004a60                rtc_enable_interrupt
 *fill*         0x80004a66        0x2 d703d703
 .text.rtc_set_top_value
                0x80004a68       0x24 src/ASF/avr32/drivers/rtc/rtc.o
                0x80004a68                rtc_set_top_value
 .text.rtc_clear_interrupt
                0x80004a8c       0x1e src/ASF/avr32/drivers/rtc/rtc.o
                0x80004a8c                rtc_clear_interrupt
 *fill*         0x80004aaa        0x2 d703d703
 .text.rtc_init
                0x80004aac       0x80 src/ASF/avr32/drivers/rtc/rtc.o
                0x80004aac                rtc_init
 .text.getBaudDiv
                0x80004b2c       0x20 src/ASF/avr32/drivers/spi/spi.o
                0x80004b2c                getBaudDiv
 .text.spi_initMaster
                0x80004b4c       0x38 src/ASF/avr32/drivers/spi/spi.o
                0x80004b4c                spi_initMaster
 .text.spi_selectionMode
                0x80004b84       0x2c src/ASF/avr32/drivers/spi/spi.o
                0x80004b84                spi_selectionMode
 .text.spi_enable
                0x80004bb0        0x6 src/ASF/avr32/drivers/spi/spi.o
                0x80004bb0                spi_enable
 .text.spi_write
                0x80004bb6       0x1c src/ASF/avr32/drivers/spi/spi.o
                0x80004bb6                spi_write
 .text.spi_read
                0x80004bd2       0x20 src/ASF/avr32/drivers/spi/spi.o
                0x80004bd2                spi_read
 *fill*         0x80004bf2        0x2 d703d703
 .text.spi_setupChipReg
                0x80004bf4       0xe8 src/ASF/avr32/drivers/spi/spi.o
                0x80004bf4                spi_setupChipReg
 .text.spi_unselectChip
                0x80004cdc       0x40 src/ASF/avr32/drivers/spi/spi.o
                0x80004cdc                spi_unselectChip
 .text.spi_selectChip
                0x80004d1c       0x78 src/ASF/avr32/drivers/spi/spi.o
                0x80004d1c                spi_selectChip
 .text.usart_set_async_baudrate
                0x80004d94       0x5a src/ASF/avr32/drivers/usart/usart.o
 .text.usart_write_char
                0x80004dee       0x14 src/ASF/avr32/drivers/usart/usart.o
                0x80004dee                usart_write_char
 *fill*         0x80004e02        0x2 d703d703
 .text.usart_putchar
                0x80004e04       0x2c src/ASF/avr32/drivers/usart/usart.o
                0x80004e04                usart_putchar
 .text.usart_read_char
                0x80004e30       0x22 src/ASF/avr32/drivers/usart/usart.o
                0x80004e30                usart_read_char
 *fill*         0x80004e52        0x2 d703d703
 .text.usart_getchar
                0x80004e54       0x2c src/ASF/avr32/drivers/usart/usart.o
                0x80004e54                usart_getchar
 .text.usart_write_line
                0x80004e80       0x24 src/ASF/avr32/drivers/usart/usart.o
                0x80004e80                usart_write_line
 .text.usart_reset
                0x80004ea4       0x2c src/ASF/avr32/drivers/usart/usart.o
                0x80004ea4                usart_reset
 .text.usart_init_rs232
                0x80004ed0       0xcc src/ASF/avr32/drivers/usart/usart.o
                0x80004ed0                usart_init_rs232
 .text._stext   0x80004f9c       0x40 src/ASF/avr32/utils/startup/startup_uc3.o
                                 0x50 (size before relaxing)
                0x80004f9c                _stext
 .text.vListInitialise
                0x80004fdc       0x14 src/ASF/thirdparty/freertos/freertos-7.0.0/source/list.o
                0x80004fdc                vListInitialise
 .text.vListInitialiseItem
                0x80004ff0        0x6 src/ASF/thirdparty/freertos/freertos-7.0.0/source/list.o
                0x80004ff0                vListInitialiseItem
 .text.vListInsertEnd
                0x80004ff6       0x1c src/ASF/thirdparty/freertos/freertos-7.0.0/source/list.o
                0x80004ff6                vListInsertEnd
 .text.vListInsert
                0x80005012       0x34 src/ASF/thirdparty/freertos/freertos-7.0.0/source/list.o
                0x80005012                vListInsert
 .text.vListRemove
                0x80005046       0x26 src/ASF/thirdparty/freertos/freertos-7.0.0/source/list.o
                0x80005046                vListRemove
 .text.pxPortInitialiseStack
                0x8000506c       0x92 src/ASF/thirdparty/freertos/freertos-7.0.0/source/portable/gcc/avr32_uc3/port.o
                0x8000506c                pxPortInitialiseStack
 *fill*         0x800050fe        0x2 d703d703
 .text.vPortEnterCritical
                0x80005100       0x10 src/ASF/thirdparty/freertos/freertos-7.0.0/source/portable/gcc/avr32_uc3/port.o
                0x80005100                vPortEnterCritical
 .text.xPortStartScheduler
                0x80005110       0x58 src/ASF/thirdparty/freertos/freertos-7.0.0/source/portable/gcc/avr32_uc3/port.o
                0x80005110                xPortStartScheduler
 .text.SCALLYield
                0x80005168       0x98 src/ASF/thirdparty/freertos/freertos-7.0.0/source/portable/gcc/avr32_uc3/port.o
                0x80005168                SCALLYield
 .text.prvClearCcInt
                0x80005200        0xa src/ASF/thirdparty/freertos/freertos-7.0.0/source/portable/gcc/avr32_uc3/port.o
 *fill*         0x8000520a        0x2 d703d703
 .text.vPortExitCritical
                0x8000520c       0x20 src/ASF/thirdparty/freertos/freertos-7.0.0/source/portable/gcc/avr32_uc3/port.o
                0x8000520c                vPortExitCritical
 .text.vTick    0x8000522c       0x84 src/ASF/thirdparty/freertos/freertos-7.0.0/source/portable/gcc/avr32_uc3/port.o
 .text.__malloc_lock
                0x800052b0        0xc src/ASF/thirdparty/freertos/freertos-7.0.0/source/portable/gcc/avr32_uc3/port.o
                0x800052b0                __malloc_lock
 .text.__malloc_unlock
                0x800052bc        0xc src/ASF/thirdparty/freertos/freertos-7.0.0/source/portable/gcc/avr32_uc3/port.o
                0x800052bc                __malloc_unlock
 .text._read    0x800052c8       0x40 src/ASF/thirdparty/freertos/freertos-7.0.0/source/portable/gcc/avr32_uc3/read.o
                0x800052c8                _read
 .text._write   0x80005308       0x3c src/ASF/thirdparty/freertos/freertos-7.0.0/source/portable/gcc/avr32_uc3/write.o
                0x80005308                _write
 .text.vPortFree
                0x80005344       0x28 src/ASF/thirdparty/freertos/freertos-7.0.0/source/portable/memmang/heap_3.o
                0x80005344                vPortFree
 .text.pvPortMalloc
                0x8000536c       0x28 src/ASF/thirdparty/freertos/freertos-7.0.0/source/portable/memmang/heap_3.o
                0x8000536c                pvPortMalloc
 .text.prvCopyDataFromQueue
                0x80005394       0x30 src/ASF/thirdparty/freertos/freertos-7.0.0/source/queue.o
 .text.prvUnlockQueue
                0x800053c4       0xa0 src/ASF/thirdparty/freertos/freertos-7.0.0/source/queue.o
 .text.xQueueGenericReceive
                0x80005464      0x144 src/ASF/thirdparty/freertos/freertos-7.0.0/source/queue.o
                0x80005464                xQueueGenericReceive
 .text.prvCopyDataToQueue
                0x800055a8       0x78 src/ASF/thirdparty/freertos/freertos-7.0.0/source/queue.o
 .text.xQueueGenericSend
                0x80005620      0x100 src/ASF/thirdparty/freertos/freertos-7.0.0/source/queue.o
                0x80005620                xQueueGenericSend
 .text.xQueueCreateMutex
                0x80005720       0x58 src/ASF/thirdparty/freertos/freertos-7.0.0/source/queue.o
                0x80005720                xQueueCreateMutex
 .text.xQueueCreate
                0x80005778       0x74 src/ASF/thirdparty/freertos/freertos-7.0.0/source/queue.o
                0x80005778                xQueueCreate
 .text.xQueueCreateCountingSemaphore
                0x800057ec       0x18 src/ASF/thirdparty/freertos/freertos-7.0.0/source/queue.o
                0x800057ec                xQueueCreateCountingSemaphore
 .text.vTaskSuspendAll
                0x80005804       0x10 src/ASF/thirdparty/freertos/freertos-7.0.0/source/tasks.o
                0x80005804                vTaskSuspendAll
 .text.vTaskSwitchContext
                0x80005814       0x7c src/ASF/thirdparty/freertos/freertos-7.0.0/source/tasks.o
                0x80005814                vTaskSwitchContext
 .text.vTaskSetTimeOutState
                0x80005890       0x18 src/ASF/thirdparty/freertos/freertos-7.0.0/source/tasks.o
                0x80005890                vTaskSetTimeOutState
 .text.vTaskMissedYield
                0x800058a8        0xc src/ASF/thirdparty/freertos/freertos-7.0.0/source/tasks.o
                0x800058a8                vTaskMissedYield
 .text.xTaskGetCurrentTaskHandle
                0x800058b4        0xc src/ASF/thirdparty/freertos/freertos-7.0.0/source/tasks.o
                0x800058b4                xTaskGetCurrentTaskHandle
 .text.vTaskPriorityDisinherit
                0x800058c0       0x58 src/ASF/thirdparty/freertos/freertos-7.0.0/source/tasks.o
                0x800058c0                vTaskPriorityDisinherit
 .text.vTaskPriorityInherit
                0x80005918       0x84 src/ASF/thirdparty/freertos/freertos-7.0.0/source/tasks.o
                0x80005918                vTaskPriorityInherit
 .text.xTaskRemoveFromEventList
                0x8000599c       0x7c src/ASF/thirdparty/freertos/freertos-7.0.0/source/tasks.o
                0x8000599c                xTaskRemoveFromEventList
 .text.vTaskIncrementTick
                0x80005a18      0x114 src/ASF/thirdparty/freertos/freertos-7.0.0/source/tasks.o
                0x80005a18                vTaskIncrementTick
 .text.xTaskCheckForTimeOut
                0x80005b2c       0x70 src/ASF/thirdparty/freertos/freertos-7.0.0/source/tasks.o
                0x80005b2c                xTaskCheckForTimeOut
 .text.xTaskGetTickCount
                0x80005b9c       0x24 src/ASF/thirdparty/freertos/freertos-7.0.0/source/tasks.o
                0x80005b9c                xTaskGetTickCount
 .text.xTaskResumeAll
                0x80005bc0       0xe8 src/ASF/thirdparty/freertos/freertos-7.0.0/source/tasks.o
                0x80005bc0                xTaskResumeAll
 .text.prvAddCurrentTaskToDelayedList
                0x80005ca8       0x5c src/ASF/thirdparty/freertos/freertos-7.0.0/source/tasks.o
 .text.vTaskDelay
                0x80005d04       0x48 src/ASF/thirdparty/freertos/freertos-7.0.0/source/tasks.o
                0x80005d04                vTaskDelay
 .text.vTaskDelayUntil
                0x80005d4c       0x80 src/ASF/thirdparty/freertos/freertos-7.0.0/source/tasks.o
                0x80005d4c                vTaskDelayUntil
 .text.vTaskPlaceOnEventList
                0x80005dcc       0x58 src/ASF/thirdparty/freertos/freertos-7.0.0/source/tasks.o
                0x80005dcc                vTaskPlaceOnEventList
 .text.prvIdleTask
                0x80005e24       0x88 src/ASF/thirdparty/freertos/freertos-7.0.0/source/tasks.o
 .text.xTaskGenericCreate
                0x80005eac      0x1e8 src/ASF/thirdparty/freertos/freertos-7.0.0/source/tasks.o
                0x80005eac                xTaskGenericCreate
 .text.vTaskStartScheduler
                0x80006094       0x4c src/ASF/thirdparty/freertos/freertos-7.0.0/source/tasks.o
                0x80006094                vTaskStartScheduler
 .text.PrintChar
                0x800060e0        0x4 src/Log/log.o
                0x800060e0                PrintChar
 .text.PrintHex
                0x800060e4       0xb2 src/Log/log.o
                0x800060e4                PrintHex
 .text.PrintDec
                0x80006196       0xda src/Log/log.o
                0x80006196                PrintDec
 .text.log      0x80006270      0x18c src/Log/log.o
                0x80006270                log
 .text.log_init
                0x800063fc       0x64 src/Log/log.o
                0x800063fc                log_init
 .text.task_log
                0x80006460       0x44 src/Log/log.o
 .text.main     0x800064a4       0x70 src/main.o
                0x800064a4                main
 .text.free     0x80006514       0x10 e:/program x86/atmel/studio/7.0/toolchain/avr32/avr32-gnu-toolchain/bin/../lib/gcc/avr32/4.4.7/../../../../avr32/lib/ucr2\libc.a(lib_a-malloc.o)
                                 0x18 (size before relaxing)
                0x80006514                free
 .text.malloc   0x80006524       0x10 e:/program x86/atmel/studio/7.0/toolchain/avr32/avr32-gnu-toolchain/bin/../lib/gcc/avr32/4.4.7/../../../../avr32/lib/ucr2\libc.a(lib_a-malloc.o)
                                 0x18 (size before relaxing)
                0x80006524                malloc
 .text._malloc_r
                0x80006534      0x438 e:/program x86/atmel/studio/7.0/toolchain/avr32/avr32-gnu-toolchain/bin/../lib/gcc/avr32/4.4.7/../../../../avr32/lib/ucr2\libc.a(lib_a-mallocr.o)
                                0x450 (size before relaxing)
                0x80006534                _malloc_r
 .text.memcmp   0x8000696c       0x26 e:/program x86/atmel/studio/7.0/toolchain/avr32/avr32-gnu-toolchain/bin/../lib/gcc/avr32/4.4.7/../../../../avr32/lib/ucr2\libc.a(lib_a-memcmp.o)
                0x8000696c                memcmp
 .text          0x80006992      0x148 e:/program x86/atmel/studio/7.0/toolchain/avr32/avr32-gnu-toolchain/bin/../lib/gcc/avr32/4.4.7/../../../../avr32/lib/ucr2\libc.a(lib_a-memcpy.o)
                0x80006992                memcpy
 .text.memset   0x80006ada        0xe e:/program x86/atmel/studio/7.0/toolchain/avr32/avr32-gnu-toolchain/bin/../lib/gcc/avr32/4.4.7/../../../../avr32/lib/ucr2\libc.a(lib_a-memset.o)
                0x80006ada                memset
 .text._realloc_r
                0x80006ae8      0x2c0 e:/program x86/atmel/studio/7.0/toolchain/avr32/avr32-gnu-toolchain/bin/../lib/gcc/avr32/4.4.7/../../../../avr32/lib/ucr2\libc.a(lib_a-reallocr.o)
                                0x2e0 (size before relaxing)
                0x80006ae8                _realloc_r
 .text._sbrk_r  0x80006da8       0x20 e:/program x86/atmel/studio/7.0/toolchain/avr32/avr32-gnu-toolchain/bin/../lib/gcc/avr32/4.4.7/../../../../avr32/lib/ucr2\libc.a(lib_a-sbrkr.o)
                                 0x28 (size before relaxing)
                0x80006da8                _sbrk_r
 .text.sprintf  0x80006dc8       0x3c e:/program x86/atmel/studio/7.0/toolchain/avr32/avr32-gnu-toolchain/bin/../lib/gcc/avr32/4.4.7/../../../../avr32/lib/ucr2\libc.a(lib_a-sprintf.o)
                                 0x40 (size before relaxing)
                0x80006dc8                sprintf
 .text          0x80006e04       0x20 e:/program x86/atmel/studio/7.0/toolchain/avr32/avr32-gnu-toolchain/bin/../lib/gcc/avr32/4.4.7/../../../../avr32/lib/ucr2\libc.a(lib_a-strncpy.o)
                0x80006e04                strncpy
 .text._close   0x80006e24       0x14 e:/program x86/atmel/studio/7.0/toolchain/avr32/avr32-gnu-toolchain/bin/../lib/gcc/avr32/4.4.7/../../../../avr32/lib/ucr2\libc.a(lib_a-syscalls.o)
                                 0x18 (size before relaxing)
                0x80006e24                _close
 .text._lseek   0x80006e38       0x14 e:/program x86/atmel/studio/7.0/toolchain/avr32/avr32-gnu-toolchain/bin/../lib/gcc/avr32/4.4.7/../../../../avr32/lib/ucr2\libc.a(lib_a-syscalls.o)
                                 0x18 (size before relaxing)
                0x80006e38                _lseek
 .text.isatty   0x80006e4c       0x14 e:/program x86/atmel/studio/7.0/toolchain/avr32/avr32-gnu-toolchain/bin/../lib/gcc/avr32/4.4.7/../../../../avr32/lib/ucr2\libc.a(lib_a-syscalls.o)
                                 0x18 (size before relaxing)
                0x80006e4c                isatty
 .text._fstat_host
                0x80006e60       0x14 e:/program x86/atmel/studio/7.0/toolchain/avr32/avr32-gnu-toolchain/bin/../lib/gcc/avr32/4.4.7/../../../../avr32/lib/ucr2\libc.a(lib_a-syscalls.o)
                                 0x18 (size before relaxing)
                0x80006e60                _fstat_host
 .text._fstat   0x80006e74       0x4c e:/program x86/atmel/studio/7.0/toolchain/avr32/avr32-gnu-toolchain/bin/../lib/gcc/avr32/4.4.7/../../../../avr32/lib/ucr2\libc.a(lib_a-syscalls.o)
                                 0x50 (size before relaxing)
                0x80006e74                _fstat
 .text._sbrk    0x80006ec0       0x38 e:/program x86/atmel/studio/7.0/toolchain/avr32/avr32-gnu-toolchain/bin/../lib/gcc/avr32/4.4.7/../../../../avr32/lib/ucr2\libc.a(lib_a-syscalls.o)
                                 0x40 (size before relaxing)
                0x80006ec0                _sbrk
 .text.get_arg  0x80006ef8      0x314 e:/program x86/atmel/studio/7.0/toolchain/avr32/avr32-gnu-toolchain/bin/../lib/gcc/avr32/4.4.7/../../../../avr32/lib/ucr2\libc.a(lib_a-vfprintf.o)
                                0x324 (size before relaxing)
 .text.__sprint_r
                0x8000720c       0x1c e:/program x86/atmel/studio/7.0/toolchain/avr32/avr32-gnu-toolchain/bin/../lib/gcc/avr32/4.4.7/../../../../avr32/lib/ucr2\libc.a(lib_a-vfprintf.o)
                                 0x20 (size before relaxing)
 .text._vfprintf_r
                0x80007228     0x1f14 e:/program x86/atmel/studio/7.0/toolchain/avr32/avr32-gnu-toolchain/bin/../lib/gcc/avr32/4.4.7/../../../../avr32/lib/ucr2\libc.a(lib_a-vfprintf.o)
                               0x1f9c (size before relaxing)
                0x80007228                _vfprintf_r
 .text.__swsetup_r
                0x8000913c       0xdc e:/program x86/atmel/studio/7.0/toolchain/avr32/avr32-gnu-toolchain/bin/../lib/gcc/avr32/4.4.7/../../../../avr32/lib/ucr2\libc.a(lib_a-wsetup.o)
                                 0xe8 (size before relaxing)
                0x8000913c                __swsetup_r
 .text.quorem   0x80009218      0x120 e:/program x86/atmel/studio/7.0/toolchain/avr32/avr32-gnu-toolchain/bin/../lib/gcc/avr32/4.4.7/../../../../avr32/lib/ucr2\libc.a(lib_a-dtoa.o)
                                0x124 (size before relaxing)
 .text._dtoa_r  0x80009338      0xbdc e:/program x86/atmel/studio/7.0/toolchain/avr32/avr32-gnu-toolchain/bin/../lib/gcc/avr32/4.4.7/../../../../avr32/lib/ucr2\libc.a(lib_a-dtoa.o)
                                0xc90 (size before relaxing)
                0x80009338                _dtoa_r
 .text.__errno  0x80009f14        0xc e:/program x86/atmel/studio/7.0/toolchain/avr32/avr32-gnu-toolchain/bin/../lib/gcc/avr32/4.4.7/../../../../avr32/lib/ucr2\libc.a(lib_a-errno.o)
                0x80009f14                __errno
 .text._fflush_r
                0x80009f20      0x10c e:/program x86/atmel/studio/7.0/toolchain/avr32/avr32-gnu-toolchain/bin/../lib/gcc/avr32/4.4.7/../../../../avr32/lib/ucr2\libc.a(lib_a-fflush.o)
                                0x118 (size before relaxing)
                0x80009f20                _fflush_r
 .text.__sfp_lock_acquire
                0x8000a02c        0x2 e:/program x86/atmel/studio/7.0/toolchain/avr32/avr32-gnu-toolchain/bin/../lib/gcc/avr32/4.4.7/../../../../avr32/lib/ucr2\libc.a(lib_a-findfp.o)
                0x8000a02c                __sfp_lock_acquire
 .text.__sfp_lock_release
                0x8000a02e        0x2 e:/program x86/atmel/studio/7.0/toolchain/avr32/avr32-gnu-toolchain/bin/../lib/gcc/avr32/4.4.7/../../../../avr32/lib/ucr2\libc.a(lib_a-findfp.o)
                0x8000a02e                __sfp_lock_release
 .text._cleanup_r
                0x8000a030        0xc e:/program x86/atmel/studio/7.0/toolchain/avr32/avr32-gnu-toolchain/bin/../lib/gcc/avr32/4.4.7/../../../../avr32/lib/ucr2\libc.a(lib_a-findfp.o)
                                 0x14 (size before relaxing)
                0x8000a030                _cleanup_r
 .text.__sfmoreglue
                0x8000a03c       0x28 e:/program x86/atmel/studio/7.0/toolchain/avr32/avr32-gnu-toolchain/bin/../lib/gcc/avr32/4.4.7/../../../../avr32/lib/ucr2\libc.a(lib_a-findfp.o)
                                 0x30 (size before relaxing)
                0x8000a03c                __sfmoreglue
 .text.__sfp    0x8000a064       0x6c e:/program x86/atmel/studio/7.0/toolchain/avr32/avr32-gnu-toolchain/bin/../lib/gcc/avr32/4.4.7/../../../../avr32/lib/ucr2\libc.a(lib_a-findfp.o)
                                 0x7c (size before relaxing)
                0x8000a064                __sfp
 .text.__sinit  0x8000a0d0       0x9c e:/program x86/atmel/studio/7.0/toolchain/avr32/avr32-gnu-toolchain/bin/../lib/gcc/avr32/4.4.7/../../../../avr32/lib/ucr2\libc.a(lib_a-findfp.o)
                                 0xb0 (size before relaxing)
                0x8000a0d0                __sinit
 .text._malloc_trim_r
                0x8000a16c       0x98 e:/program x86/atmel/studio/7.0/toolchain/avr32/avr32-gnu-toolchain/bin/../lib/gcc/avr32/4.4.7/../../../../avr32/lib/ucr2\libc.a(lib_a-freer.o)
                                 0xa8 (size before relaxing)
                0x8000a16c                _malloc_trim_r
 .text._free_r  0x8000a204      0x18c e:/program x86/atmel/studio/7.0/toolchain/avr32/avr32-gnu-toolchain/bin/../lib/gcc/avr32/4.4.7/../../../../avr32/lib/ucr2\libc.a(lib_a-freer.o)
                                0x1a0 (size before relaxing)
                0x8000a204                _free_r
 .text.__sfvwrite_r
                0x8000a390      0x294 e:/program x86/atmel/studio/7.0/toolchain/avr32/avr32-gnu-toolchain/bin/../lib/gcc/avr32/4.4.7/../../../../avr32/lib/ucr2\libc.a(lib_a-fvwrite.o)
                                0x2c4 (size before relaxing)
                0x8000a390                __sfvwrite_r
 .text._fwalk   0x8000a624       0x4c e:/program x86/atmel/studio/7.0/toolchain/avr32/avr32-gnu-toolchain/bin/../lib/gcc/avr32/4.4.7/../../../../avr32/lib/ucr2\libc.a(lib_a-fwalk.o)
                                 0x54 (size before relaxing)
                0x8000a624                _fwalk
 .text._localeconv_r
                0x8000a670        0x8 e:/program x86/atmel/studio/7.0/toolchain/avr32/avr32-gnu-toolchain/bin/../lib/gcc/avr32/4.4.7/../../../../avr32/lib/ucr2\libc.a(lib_a-locale.o)
                0x8000a670                _localeconv_r
 .text.__smakebuf_r
                0x8000a678       0xbc e:/program x86/atmel/studio/7.0/toolchain/avr32/avr32-gnu-toolchain/bin/../lib/gcc/avr32/4.4.7/../../../../avr32/lib/ucr2\libc.a(lib_a-makebuf.o)
                                 0xcc (size before relaxing)
                0x8000a678                __smakebuf_r
 .text.memchr   0x8000a734       0x16 e:/program x86/atmel/studio/7.0/toolchain/avr32/avr32-gnu-toolchain/bin/../lib/gcc/avr32/4.4.7/../../../../avr32/lib/ucr2\libc.a(lib_a-memchr.o)
                0x8000a734                memchr
 .text.memmove  0x8000a74a       0x3e e:/program x86/atmel/studio/7.0/toolchain/avr32/avr32-gnu-toolchain/bin/../lib/gcc/avr32/4.4.7/../../../../avr32/lib/ucr2\libc.a(lib_a-memmove.o)
                0x8000a74a                memmove
 .text.__hi0bits
                0x8000a788       0x60 e:/program x86/atmel/studio/7.0/toolchain/avr32/avr32-gnu-toolchain/bin/../lib/gcc/avr32/4.4.7/../../../../avr32/lib/ucr2\libc.a(lib_a-mprec.o)
                0x8000a788                __hi0bits
 .text.__lo0bits
                0x8000a7e8       0x8e e:/program x86/atmel/studio/7.0/toolchain/avr32/avr32-gnu-toolchain/bin/../lib/gcc/avr32/4.4.7/../../../../avr32/lib/ucr2\libc.a(lib_a-mprec.o)
                0x8000a7e8                __lo0bits
 .text.__mcmp   0x8000a876       0x32 e:/program x86/atmel/studio/7.0/toolchain/avr32/avr32-gnu-toolchain/bin/../lib/gcc/avr32/4.4.7/../../../../avr32/lib/ucr2\libc.a(lib_a-mprec.o)
                0x8000a876                __mcmp
 .text._Bfree   0x8000a8a8       0x34 e:/program x86/atmel/studio/7.0/toolchain/avr32/avr32-gnu-toolchain/bin/../lib/gcc/avr32/4.4.7/../../../../avr32/lib/ucr2\libc.a(lib_a-mprec.o)
                                 0x38 (size before relaxing)
                0x8000a8a8                _Bfree
 .text._Balloc  0x8000a8dc       0x70 e:/program x86/atmel/studio/7.0/toolchain/avr32/avr32-gnu-toolchain/bin/../lib/gcc/avr32/4.4.7/../../../../avr32/lib/ucr2\libc.a(lib_a-mprec.o)
                                 0x78 (size before relaxing)
                0x8000a8dc                _Balloc
 .text.__d2b    0x8000a94c       0xa0 e:/program x86/atmel/studio/7.0/toolchain/avr32/avr32-gnu-toolchain/bin/../lib/gcc/avr32/4.4.7/../../../../avr32/lib/ucr2\libc.a(lib_a-mprec.o)
                                 0xb4 (size before relaxing)
                0x8000a94c                __d2b
 .text.__mdiff  0x8000a9ec       0xd0 e:/program x86/atmel/studio/7.0/toolchain/avr32/avr32-gnu-toolchain/bin/../lib/gcc/avr32/4.4.7/../../../../avr32/lib/ucr2\libc.a(lib_a-mprec.o)
                                 0xd8 (size before relaxing)
                0x8000a9ec                __mdiff
 .text.__lshift
                0x8000aabc       0x88 e:/program x86/atmel/studio/7.0/toolchain/avr32/avr32-gnu-toolchain/bin/../lib/gcc/avr32/4.4.7/../../../../avr32/lib/ucr2\libc.a(lib_a-mprec.o)
                                 0x94 (size before relaxing)
                0x8000aabc                __lshift
 .text.__multiply
                0x8000ab44      0x100 e:/program x86/atmel/studio/7.0/toolchain/avr32/avr32-gnu-toolchain/bin/../lib/gcc/avr32/4.4.7/../../../../avr32/lib/ucr2\libc.a(lib_a-mprec.o)
                                0x108 (size before relaxing)
                0x8000ab44                __multiply
 .text.__i2b    0x8000ac44       0x10 e:/program x86/atmel/studio/7.0/toolchain/avr32/avr32-gnu-toolchain/bin/../lib/gcc/avr32/4.4.7/../../../../avr32/lib/ucr2\libc.a(lib_a-mprec.o)
                                 0x18 (size before relaxing)
                0x8000ac44                __i2b
 .text.__multadd
                0x8000ac54       0x7c e:/program x86/atmel/studio/7.0/toolchain/avr32/avr32-gnu-toolchain/bin/../lib/gcc/avr32/4.4.7/../../../../avr32/lib/ucr2\libc.a(lib_a-mprec.o)
                                 0x88 (size before relaxing)
                0x8000ac54                __multadd
 .text.__pow5mult
                0x8000acd0       0x8c e:/program x86/atmel/studio/7.0/toolchain/avr32/avr32-gnu-toolchain/bin/../lib/gcc/avr32/4.4.7/../../../../avr32/lib/ucr2\libc.a(lib_a-mprec.o)
                                 0xac (size before relaxing)
                0x8000acd0                __pow5mult
 .text.__isinfd
                0x8000ad5c       0x2a e:/program x86/atmel/studio/7.0/toolchain/avr32/avr32-gnu-toolchain/bin/../lib/gcc/avr32/4.4.7/../../../../avr32/lib/ucr2\libc.a(lib_a-s_isinfd.o)
                0x8000ad5c                __isinfd
 .text.__isnand
                0x8000ad86       0x1c e:/program x86/atmel/studio/7.0/toolchain/avr32/avr32-gnu-toolchain/bin/../lib/gcc/avr32/4.4.7/../../../../avr32/lib/ucr2\libc.a(lib_a-s_isnand.o)
                0x8000ad86                __isnand
 *fill*         0x8000ada2        0x2 d703d703
 .text.__sclose
                0x8000ada4        0x8 e:/program x86/atmel/studio/7.0/toolchain/avr32/avr32-gnu-toolchain/bin/../lib/gcc/avr32/4.4.7/../../../../avr32/lib/ucr2\libc.a(lib_a-stdio.o)
                                 0x10 (size before relaxing)
                0x8000ada4                __sclose
 .text.__sseek  0x8000adac       0x20 e:/program x86/atmel/studio/7.0/toolchain/avr32/avr32-gnu-toolchain/bin/../lib/gcc/avr32/4.4.7/../../../../avr32/lib/ucr2\libc.a(lib_a-stdio.o)
                                 0x28 (size before relaxing)
                0x8000adac                __sseek
 .text.__swrite
                0x8000adcc       0x2c e:/program x86/atmel/studio/7.0/toolchain/avr32/avr32-gnu-toolchain/bin/../lib/gcc/avr32/4.4.7/../../../../avr32/lib/ucr2\libc.a(lib_a-stdio.o)
                                 0x38 (size before relaxing)
                0x8000adcc                __swrite
 .text.__sread  0x8000adf8       0x1c e:/program x86/atmel/studio/7.0/toolchain/avr32/avr32-gnu-toolchain/bin/../lib/gcc/avr32/4.4.7/../../../../avr32/lib/ucr2\libc.a(lib_a-stdio.o)
                                 0x24 (size before relaxing)
                0x8000adf8                __sread
 .text.strlen   0x8000ae14       0x16 e:/program x86/atmel/studio/7.0/toolchain/avr32/avr32-gnu-toolchain/bin/../lib/gcc/avr32/4.4.7/../../../../avr32/lib/ucr2\libc.a(lib_a-strlen.o)
                0x8000ae14                strlen
 *fill*         0x8000ae2a        0x2 d703d703
 .text._write_r
                0x8000ae2c       0x28 e:/program x86/atmel/studio/7.0/toolchain/avr32/avr32-gnu-toolchain/bin/../lib/gcc/avr32/4.4.7/../../../../avr32/lib/ucr2\libc.a(lib_a-writer.o)
                                 0x2c (size before relaxing)
                0x8000ae2c                _write_r
 .text._calloc_r
                0x8000ae54       0x58 e:/program x86/atmel/studio/7.0/toolchain/avr32/avr32-gnu-toolchain/bin/../lib/gcc/avr32/4.4.7/../../../../avr32/lib/ucr2\libc.a(lib_a-callocr.o)
                                 0x60 (size before relaxing)
                0x8000ae54                _calloc_r
 .text._close_r
                0x8000aeac       0x20 e:/program x86/atmel/studio/7.0/toolchain/avr32/avr32-gnu-toolchain/bin/../lib/gcc/avr32/4.4.7/../../../../avr32/lib/ucr2\libc.a(lib_a-closer.o)
                                 0x28 (size before relaxing)
                0x8000aeac                _close_r
 .text._fclose_r
                0x8000aecc       0xb8 e:/program x86/atmel/studio/7.0/toolchain/avr32/avr32-gnu-toolchain/bin/../lib/gcc/avr32/4.4.7/../../../../avr32/lib/ucr2\libc.a(lib_a-fclose.o)
                                 0xd0 (size before relaxing)
                0x8000aecc                _fclose_r
 .text.fclose   0x8000af84       0x10 e:/program x86/atmel/studio/7.0/toolchain/avr32/avr32-gnu-toolchain/bin/../lib/gcc/avr32/4.4.7/../../../../avr32/lib/ucr2\libc.a(lib_a-fclose.o)
                                 0x18 (size before relaxing)
                0x8000af84                fclose
 .text._fstat_r
                0x8000af94       0x24 e:/program x86/atmel/studio/7.0/toolchain/avr32/avr32-gnu-toolchain/bin/../lib/gcc/avr32/4.4.7/../../../../avr32/lib/ucr2\libc.a(lib_a-fstatr.o)
                                 0x2c (size before relaxing)
                0x8000af94                _fstat_r
 .text._lseek_r
                0x8000afb8       0x28 e:/program x86/atmel/studio/7.0/toolchain/avr32/avr32-gnu-toolchain/bin/../lib/gcc/avr32/4.4.7/../../../../avr32/lib/ucr2\libc.a(lib_a-lseekr.o)
                                 0x2c (size before relaxing)
                0x8000afb8                _lseek_r
 .text._read_r  0x8000afe0       0x28 e:/program x86/atmel/studio/7.0/toolchain/avr32/avr32-gnu-toolchain/bin/../lib/gcc/avr32/4.4.7/../../../../avr32/lib/ucr2\libc.a(lib_a-readr.o)
                                 0x2c (size before relaxing)
                0x8000afe0                _read_r
 .text          0x8000b008      0x1d4 e:/program x86/atmel/studio/7.0/toolchain/avr32/avr32-gnu-toolchain/bin/../lib/gcc/avr32/4.4.7/ucr2\libgcc.a(_avr32_f64_mul.o)
                0x8000b008                __avr32_f64_mul
 .text          0x8000b1dc      0x2b0 e:/program x86/atmel/studio/7.0/toolchain/avr32/avr32-gnu-toolchain/bin/../lib/gcc/avr32/4.4.7/ucr2\libgcc.a(_avr32_f64_addsub.o)
                0x8000b1e0                __avr32_f64_sub
                0x8000b37c                __avr32_f64_add
 .text          0x8000b48c       0x2a e:/program x86/atmel/studio/7.0/toolchain/avr32/avr32-gnu-toolchain/bin/../lib/gcc/avr32/4.4.7/ucr2\libgcc.a(_avr32_f64_to_s32.o)
                0x8000b48c                __avr32_f64_to_u32
                0x8000b490                __avr32_f64_to_s32
 .text          0x8000b4b6       0xe8 e:/program x86/atmel/studio/7.0/toolchain/avr32/avr32-gnu-toolchain/bin/../lib/gcc/avr32/4.4.7/ucr2\libgcc.a(_avr32_s32_to_f64.o)
                0x8000b4b6                __avr32_u32_to_f64
                0x8000b4be                __avr32_s32_to_f64
 .text          0x8000b59e       0x26 e:/program x86/atmel/studio/7.0/toolchain/avr32/avr32-gnu-toolchain/bin/../lib/gcc/avr32/4.4.7/ucr2\libgcc.a(_avr32_f64_cmp_eq.o)
                0x8000b59e                __avr32_f64_cmp_eq
 .text          0x8000b5c4       0x68 e:/program x86/atmel/studio/7.0/toolchain/avr32/avr32-gnu-toolchain/bin/../lib/gcc/avr32/4.4.7/ucr2\libgcc.a(_avr32_f64_cmp_ge.o)
                0x8000b5c4                __avr32_f64_cmp_ge
 .text          0x8000b62c       0x68 e:/program x86/atmel/studio/7.0/toolchain/avr32/avr32-gnu-toolchain/bin/../lib/gcc/avr32/4.4.7/ucr2\libgcc.a(_avr32_f64_cmp_lt.o)
                0x8000b62c                __avr32_f64_cmp_lt
 .text          0x8000b694      0x318 e:/program x86/atmel/studio/7.0/toolchain/avr32/avr32-gnu-toolchain/bin/../lib/gcc/avr32/4.4.7/ucr2\libgcc.a(_avr32_f64_div.o)
                0x8000b694                __avr32_f64_div
 .text          0x8000b9ac      0x264 e:/program x86/atmel/studio/7.0/toolchain/avr32/avr32-gnu-toolchain/bin/../lib/gcc/avr32/4.4.7/ucr2\libgcc.a(_udivdi3.o)
                0x8000b9ac                __avr32_udiv64
                0x8000b9ac                __udivdi3
 .text          0x8000bc10      0x20c e:/program x86/atmel/studio/7.0/toolchain/avr32/avr32-gnu-toolchain/bin/../lib/gcc/avr32/4.4.7/ucr2\libgcc.a(_umoddi3.o)
                0x8000bc10                __avr32_umod64
                0x8000bc10                __umoddi3
 *(.text.*personality*)
 *(.gnu.warning)

.exception      0x8000c000      0x200
 .exception     0x8000c000      0x200 src/ASF/thirdparty/freertos/freertos-7.0.0/source/portable/gcc/avr32_uc3/exception.o
                0x8000c000                _evba
                0x8000c104                _int0
                0x8000c112                _int1
                0x8000c120                _int2
                0x8000c12e                _int3
                0x8000c13c                ipr_val

.fini
 *(.fini)
                0x8000c200                PROVIDE (__etext, .)
                0x8000c200                PROVIDE (_etext, .)
                0x8000c200                PROVIDE (etext, .)

.rodata         0x8000c200     0x1374
 *(.rodata .rodata.* .gnu.linkonce.r.*)
 .rodata.str1.4
                0x8000c200      0x81e src/Application/app/app.o
                                0x820 (size before relaxing)
 *fill*         0x8000ca1e        0x2 
 .rodata.DF_SPI_GPIO_MAP.11285
                0x8000ca20       0x20 src/Application/flash/data_flash.o
 .rodata.C.52.11299
                0x8000ca40        0x4 src/Application/flash/data_flash.o
 .rodata.C.50.11287
                0x8000ca44       0x10 src/Application/flash/data_flash.o
 .rodata.str1.4
                0x8000ca54       0x1d src/Application/myrtc/xgrtc.o
                                 0x20 (size before relaxing)
 *fill*         0x8000ca71        0x3 
 .rodata.CSWTCH.97
                0x8000ca74        0x4 src/Application/RFID/MFRC522/rc522.o
 .rodata.CSWTCH.98
                0x8000ca78        0x4 src/Application/RFID/MFRC522/rc522.o
 .rodata.C.72.12139
                0x8000ca7c       0x10 src/Application/RFID/MFRC522/rc522.o
 .rodata.RC522_SPI_GPIO_MAP.12137
                0x8000ca8c        0x8 src/Application/RFID/MFRC522/rc522.o
 .rodata.str1.4
                0x8000ca94       0xad src/Application/RFID/RFID.o
                                 0xc0 (size before relaxing)
 *fill*         0x8000cb41        0x3 
 .rodata.TC_GPIO_MAP.11090
                0x8000cb44       0x18 src/Application/timers/timer.o
 .rodata.str1.4
                0x8000cb5c      0x236 src/Application/xgflash/xgflash.o
                                0x26c (size before relaxing)
 *fill*         0x8000cd92        0x2 
 .rodata._int_handler_table
                0x8000cd94       0x98 src/ASF/avr32/drivers/intc/intc.o
 .rodata.str1.4
                0x8000ce2c        0x5 src/ASF/thirdparty/freertos/freertos-7.0.0/source/tasks.o
                                  0x8 (size before relaxing)
 *fill*         0x8000ce31        0x3 
 .rodata.log    0x8000ce34      0x150 src/Log/log.o
 .rodata.USART_OPTIONS.11278
                0x8000cf84        0xc src/Log/log.o
 .rodata.str1.4
                0x8000cf90       0x3c src/Log/log.o
 .rodata.USART_GPIO_MAP.11277
                0x8000cfcc       0x10 src/Log/log.o
 .rodata.str1.4
                0x8000cfdc       0x14 src/main.o
 .rodata.get_arg
                0x8000cff0       0x3c e:/program x86/atmel/studio/7.0/toolchain/avr32/avr32-gnu-toolchain/bin/../lib/gcc/avr32/4.4.7/../../../../avr32/lib/ucr2\libc.a(lib_a-vfprintf.o)
 .rodata._vfprintf_r
                0x8000d02c      0x164 e:/program x86/atmel/studio/7.0/toolchain/avr32/avr32-gnu-toolchain/bin/../lib/gcc/avr32/4.4.7/../../../../avr32/lib/ucr2\libc.a(lib_a-vfprintf.o)
 .rodata.state_table
                0x8000d190       0x6c e:/program x86/atmel/studio/7.0/toolchain/avr32/avr32-gnu-toolchain/bin/../lib/gcc/avr32/4.4.7/../../../../avr32/lib/ucr2\libc.a(lib_a-vfprintf.o)
 .rodata.action_table
                0x8000d1fc       0x6c e:/program x86/atmel/studio/7.0/toolchain/avr32/avr32-gnu-toolchain/bin/../lib/gcc/avr32/4.4.7/../../../../avr32/lib/ucr2\libc.a(lib_a-vfprintf.o)
 .rodata.str1.4
                0x8000d268       0x3a e:/program x86/atmel/studio/7.0/toolchain/avr32/avr32-gnu-toolchain/bin/../lib/gcc/avr32/4.4.7/../../../../avr32/lib/ucr2\libc.a(lib_a-vfprintf.o)
                                 0x3c (size before relaxing)
 *fill*         0x8000d2a2        0x2 
 .rodata.blanks.3430
                0x8000d2a4       0x10 e:/program x86/atmel/studio/7.0/toolchain/avr32/avr32-gnu-toolchain/bin/../lib/gcc/avr32/4.4.7/../../../../avr32/lib/ucr2\libc.a(lib_a-vfprintf.o)
 .rodata.zeroes.3431
                0x8000d2b4       0x10 e:/program x86/atmel/studio/7.0/toolchain/avr32/avr32-gnu-toolchain/bin/../lib/gcc/avr32/4.4.7/../../../../avr32/lib/ucr2\libc.a(lib_a-vfprintf.o)
 .rodata.chclass
                0x8000d2c4      0x100 e:/program x86/atmel/studio/7.0/toolchain/avr32/avr32-gnu-toolchain/bin/../lib/gcc/avr32/4.4.7/../../../../avr32/lib/ucr2\libc.a(lib_a-vfprintf.o)
 .rodata.str1.4
                0x8000d3c4       0x10 e:/program x86/atmel/studio/7.0/toolchain/avr32/avr32-gnu-toolchain/bin/../lib/gcc/avr32/4.4.7/../../../../avr32/lib/ucr2\libc.a(lib_a-dtoa.o)
                                 0x14 (size before relaxing)
 .rodata.__sf_fake_stdin
                0x8000d3d4       0x20 e:/program x86/atmel/studio/7.0/toolchain/avr32/avr32-gnu-toolchain/bin/../lib/gcc/avr32/4.4.7/../../../../avr32/lib/ucr2\libc.a(lib_a-findfp.o)
                0x8000d3d4                __sf_fake_stdin
 .rodata.__sf_fake_stdout
                0x8000d3f4       0x20 e:/program x86/atmel/studio/7.0/toolchain/avr32/avr32-gnu-toolchain/bin/../lib/gcc/avr32/4.4.7/../../../../avr32/lib/ucr2\libc.a(lib_a-findfp.o)
                0x8000d3f4                __sf_fake_stdout
 .rodata.__sf_fake_stderr
                0x8000d414       0x20 e:/program x86/atmel/studio/7.0/toolchain/avr32/avr32-gnu-toolchain/bin/../lib/gcc/avr32/4.4.7/../../../../avr32/lib/ucr2\libc.a(lib_a-findfp.o)
                0x8000d414                __sf_fake_stderr
 .rodata.str1.4
                0x8000d434        0x2 e:/program x86/atmel/studio/7.0/toolchain/avr32/avr32-gnu-toolchain/bin/../lib/gcc/avr32/4.4.7/../../../../avr32/lib/ucr2\libc.a(lib_a-impure.o)
                                  0x4 (size before relaxing)
 *fill*         0x8000d436        0x2 
 .rodata._global_impure_ptr
                0x8000d438        0x4 e:/program x86/atmel/studio/7.0/toolchain/avr32/avr32-gnu-toolchain/bin/../lib/gcc/avr32/4.4.7/../../../../avr32/lib/ucr2\libc.a(lib_a-impure.o)
                0x8000d438                _global_impure_ptr
 .rodata.lconv  0x8000d43c       0x30 e:/program x86/atmel/studio/7.0/toolchain/avr32/avr32-gnu-toolchain/bin/../lib/gcc/avr32/4.4.7/../../../../avr32/lib/ucr2\libc.a(lib_a-locale.o)
 .rodata.str1.4
                0x8000d46c        0xc e:/program x86/atmel/studio/7.0/toolchain/avr32/avr32-gnu-toolchain/bin/../lib/gcc/avr32/4.4.7/../../../../avr32/lib/ucr2\libc.a(lib_a-locale.o)
                                 0x18 (size before relaxing)
 .rodata.p05.2471
                0x8000d478        0xc e:/program x86/atmel/studio/7.0/toolchain/avr32/avr32-gnu-toolchain/bin/../lib/gcc/avr32/4.4.7/../../../../avr32/lib/ucr2\libc.a(lib_a-mprec.o)
 .rodata.__mprec_tens
                0x8000d484       0xc8 e:/program x86/atmel/studio/7.0/toolchain/avr32/avr32-gnu-toolchain/bin/../lib/gcc/avr32/4.4.7/../../../../avr32/lib/ucr2\libc.a(lib_a-mprec.o)
                0x8000d484                __mprec_tens
 .rodata.__mprec_bigtens
                0x8000d54c       0x28 e:/program x86/atmel/studio/7.0/toolchain/avr32/avr32-gnu-toolchain/bin/../lib/gcc/avr32/4.4.7/../../../../avr32/lib/ucr2\libc.a(lib_a-mprec.o)
                0x8000d54c                __mprec_bigtens

.rodata1
 *(.rodata1)

.eh_frame_hdr
 *(.eh_frame_hdr)

.eh_frame
 *(.eh_frame)

.gcc_except_table
 *(.gcc_except_table)
 *(.gcc_except_table.*)

.dalign         0x8000d574        0x4
                0x8000d578                . = ALIGN (0x8)
 *fill*         0x8000d574        0x4 
                0x8000d578                PROVIDE (_data_lma, .)
                0x00000004                PROVIDE (_data, ORIGIN (CPUSRAM))
                0x00000004                . = ORIGIN (CPUSRAM)

.eh_frame
 *(.eh_frame)

.gcc_except_table
 *(.gcc_except_table)
 *(.gcc_except_table.*)

.tdata
 *(.tdata .tdata.* .gnu.linkonce.td.*)

.tbss
 *(.tbss .tbss.* .gnu.linkonce.tb.*)
 *(.tcommon)
                0x00000004                PROVIDE (__preinit_array_start, ALIGN (0x4))

.preinit_array
 *(.preinit_array)
                0x00000004                PROVIDE (__preinit_array_end, .)
                0x00000004                PROVIDE (__init_array_start, .)

.init_array
 *(.init_array)
                0x00000004                PROVIDE (__init_array_end, .)
                0x00000004                PROVIDE (__fini_array_start, .)

.fini_array
 *(.fini_array)
                0x00000004                PROVIDE (__fini_array_end, .)

.ctors
 *crtbegin*.o(.ctors)
 *(EXCLUDE_FILE(*crtend*.o) .ctors)
 *(SORT(.ctors.*))
 *(.ctors)

.dtors
 *crtbegin*.o(.dtors)
 *(EXCLUDE_FILE(*crtend*.o) .dtors)
 *(SORT(.dtors.*))
 *(.dtors)

.jcr
 *(.jcr)

.data.rel.ro
 *(.data.rel.ro.local)
 *(.data.rel.ro*)

.dynamic
 *(.dynamic)

.got
 *(.got.plt)
 *(.got)

.data           0x00000004      0xa1c load address 0x8000d578
 *(.data .data.* .gnu.linkonce.d.*)
 .data.get_time_okay
                0x00000004        0x1 src/Application/app/app.o
 *fill*         0x00000005        0x3 
 .data.the_app_list
                0x00000008      0x4ec src/Application/app/app.o
 .data.status.12741
                0x000004f4        0x4 src/Application/app/app.o
 .data.print_sec
                0x000004f8        0x4 src/Application/myrtc/xgrtc.o
 .data.unsure_data
                0x000004fc        0x8 src/Application/RFID/RFID.o
                0x000004fc                unsure_data
 .data.start_session.12261
                0x00000504        0x1 src/Application/RFID/RFID.o
 *fill*         0x00000505        0x3 
 .data.XGFlashLabel
                0x00000508        0x8 src/Application/xgflash/xgflash.o
                0x00000508                XGFlashLabel
 .data.current_save_message_offset
                0x00000510        0x4 src/Application/xgflash/xgflash.o
 .data.ulCriticalNesting
                0x00000514        0x4 src/ASF/thirdparty/freertos/freertos-7.0.0/source/portable/gcc/avr32_uc3/port.o
                0x00000514                ulCriticalNesting
 .data.xNextTaskUnblockTime
                0x00000518        0x4 src/ASF/thirdparty/freertos/freertos-7.0.0/source/tasks.o
 .data.__malloc_av_
                0x0000051c      0x408 e:/program x86/atmel/studio/7.0/toolchain/avr32/avr32-gnu-toolchain/bin/../lib/gcc/avr32/4.4.7/../../../../avr32/lib/ucr2\libc.a(lib_a-mallocr.o)
                0x0000051c                __malloc_av_
 .data.__malloc_trim_threshold
                0x00000924        0x4 e:/program x86/atmel/studio/7.0/toolchain/avr32/avr32-gnu-toolchain/bin/../lib/gcc/avr32/4.4.7/../../../../avr32/lib/ucr2\libc.a(lib_a-mallocr.o)
                0x00000924                __malloc_trim_threshold
 .data.__malloc_sbrk_base
                0x00000928        0x4 e:/program x86/atmel/studio/7.0/toolchain/avr32/avr32-gnu-toolchain/bin/../lib/gcc/avr32/4.4.7/../../../../avr32/lib/ucr2\libc.a(lib_a-mallocr.o)
                0x00000928                __malloc_sbrk_base
 .data.impure_data
                0x0000092c       0xf0 e:/program x86/atmel/studio/7.0/toolchain/avr32/avr32-gnu-toolchain/bin/../lib/gcc/avr32/4.4.7/../../../../avr32/lib/ucr2\libc.a(lib_a-impure.o)
 .data._impure_ptr
                0x00000a1c        0x4 e:/program x86/atmel/studio/7.0/toolchain/avr32/avr32-gnu-toolchain/bin/../lib/gcc/avr32/4.4.7/../../../../avr32/lib/ucr2\libc.a(lib_a-impure.o)
                0x00000a1c                _impure_ptr
 *(.gnu.linkonce.d.*personality*)

.data1
 *(.data1)

.balign         0x00000a20        0x0 load address 0x8000df94
                0x00000a20                . = ALIGN (0x8)
                0x00000a20                _edata = .
                0x00000a20                _edata = .
                0x00000a20                PROVIDE (edata, .)
                0x00000a20                __bss_start = .

.bss            0x00000a20     0x1598 load address 0x8000df94
 *(.dynbss)
 *(.bss .bss.* .gnu.linkonce.b.*)
 .bss.Speaker_is_unmute
                0x00000a20        0x1 src/Application/app/app.o
                0x00000a20                Speaker_is_unmute
 .bss.Battery_Flag
                0x00000a21        0x1 src/Application/app/app.o
                0x00000a21                Battery_Flag
 .bss.message_count.12732
                0x00000a22        0x2 src/Application/app/app.o
 .bss.xLastWakeTime.12734
                0x00000a24        0x4 src/Application/app/app.o
 .bss.AMBE_tx_flag
                0x00000a28        0x1 src/Application/app/app.o
                0x00000a28                AMBE_tx_flag
 .bss.Radio_Transmit_State
                0x00000a29        0x1 src/Application/app/app.o
                0x00000a29                Radio_Transmit_State
 .bss.Call_Begin
                0x00000a2a        0x1 src/Application/app/app.o
                0x00000a2a                Call_Begin
 *fill*         0x00000a2b        0x1 
 .bss.res.12721
                0x00000a2c        0x4 src/Application/app/app.o
 .bss.connect_flag
                0x00000a30        0x1 src/Application/app/app.o
 .bss.times_counter.12809
                0x00000a31        0x1 src/Application/app/app.o
 .bss.Mic_is_Enabled
                0x00000a32        0x1 src/Application/app/app.o
                0x00000a32                Mic_is_Enabled
 *fill*         0x00000a33        0x1 
 .bss.OB_State.12740
                0x00000a34        0x4 src/Application/app/app.o
 .bss.ulIdleCycleCount
                0x00000a38        0x4 src/Application/app/app.o
                0x00000a38                ulIdleCycleCount
 .bss.data_flash_failure
                0x00000a3c        0x1 src/Application/flash/data_flash.o
                0x00000a3c                data_flash_failure
 *fill*         0x00000a3d        0x3 
 .bss.payload_rx_exec
                0x00000a40        0x4 src/Application/radio/payload.o
                0x00000a40                payload_rx_exec
 .bss.payload_tx_exec
                0x00000a44        0x4 src/Application/radio/payload.o
                0x00000a44                payload_tx_exec
 .bss.xnl_store_idle
                0x00000a48        0x4 src/Application/radio/physical.o
                0x00000a48                xnl_store_idle
 .bss.flags.10672
                0x00000a4c        0x1 src/Application/radio/xnl.o
 *fill*         0x00000a4d        0x1 
 .bss.xnl_information
                0x00000a4e        0xa src/Application/radio/xnl.o
 .bss.xnl_frame_tx
                0x00000a58        0x4 src/Application/radio/xnl.o
 .bss.rc522_init_failure
                0x00000a5c        0x1 src/Application/RFID/MFRC522/rc522.o
                0x00000a5c                rc522_init_failure
 *fill*         0x00000a5d        0x3 
 .bss.SN.12256  0x00000a60        0xc src/Application/RFID/RFID.o
 .bss.xg_resend_queue
                0x00000a6c        0x4 src/Application/xgflash/xgflash.o
                0x00000a6c                xg_resend_queue
 .bss.list_init_success_flag
                0x00000a70        0x1 src/Application/xgflash/xgflash.o
 *fill*         0x00000a71        0x3 
 .bss.xgflash_mutex
                0x00000a74        0x4 src/Application/xgflash/xgflash.o
 .bss.current_bytes_remained
                0x00000a78        0x4 src/Application/xgflash/xgflash.o
 .bss.message_storage_queue
                0x00000a7c        0x4 src/Application/xgflash/xgflash.o
                0x00000a7c                message_storage_queue
 .bss.current_message_index
                0x00000a80        0x2 src/Application/xgflash/xgflash.o
 *fill*         0x00000a82        0x2 
 .bss.SendM_CountingSemaphore
                0x00000a84        0x4 src/Application/xgflash/xgflash.o
                0x00000a84                SendM_CountingSemaphore
 .bss.str.12229
                0x00000a88       0x50 src/Application/xgflash/xgflash.o
 .bss._int_line_handler_table_6
                0x00000ad8        0x4 src/ASF/avr32/drivers/intc/intc.o
 .bss._int_line_handler_table_7
                0x00000adc        0x4 src/ASF/avr32/drivers/intc/intc.o
 .bss._int_line_handler_table_8
                0x00000ae0        0x4 src/ASF/avr32/drivers/intc/intc.o
 .bss._int_line_handler_table_9
                0x00000ae4        0x4 src/ASF/avr32/drivers/intc/intc.o
 .bss._int_line_handler_table_10
                0x00000ae8        0x4 src/ASF/avr32/drivers/intc/intc.o
 .bss._int_line_handler_table_11
                0x00000aec        0x4 src/ASF/avr32/drivers/intc/intc.o
 .bss._int_line_handler_table_12
                0x00000af0        0x4 src/ASF/avr32/drivers/intc/intc.o
 .bss._int_line_handler_table_13
                0x00000af4        0x4 src/ASF/avr32/drivers/intc/intc.o
 .bss._int_line_handler_table_14
                0x00000af8        0xc src/ASF/avr32/drivers/intc/intc.o
 .bss._int_line_handler_table_15
                0x00000b04        0x4 src/ASF/avr32/drivers/intc/intc.o
 .bss._int_line_handler_table_16
                0x00000b08        0x4 src/ASF/avr32/drivers/intc/intc.o
 .bss._int_line_handler_table_17
                0x00000b0c        0x4 src/ASF/avr32/drivers/intc/intc.o
 .bss._int_line_handler_table_18
                0x00000b10        0x4 src/ASF/avr32/drivers/intc/intc.o
 .bss._int_line_handler_table_0
                0x00000b14        0x4 src/ASF/avr32/drivers/intc/intc.o
 .bss._int_line_handler_table_1
                0x00000b18       0x2c src/ASF/avr32/drivers/intc/intc.o
 .bss._int_line_handler_table_2
                0x00000b44       0x18 src/ASF/avr32/drivers/intc/intc.o
 .bss._int_line_handler_table_3
                0x00000b5c       0x1c src/ASF/avr32/drivers/intc/intc.o
 .bss._int_line_handler_table_4
                0x00000b78        0x4 src/ASF/avr32/drivers/intc/intc.o
 .bss._int_line_handler_table_5
                0x00000b7c        0x4 src/ASF/avr32/drivers/intc/intc.o
 .bss.uxMissedTicks
                0x00000b80        0x4 src/ASF/thirdparty/freertos/freertos-7.0.0/source/tasks.o
 .bss.uxTopUsedPriority
                0x00000b84        0x4 src/ASF/thirdparty/freertos/freertos-7.0.0/source/tasks.o
 .bss.pxDelayedTaskList
                0x00000b88        0x4 src/ASF/thirdparty/freertos/freertos-7.0.0/source/tasks.o
 .bss.xSchedulerRunning
                0x00000b8c        0x4 src/ASF/thirdparty/freertos/freertos-7.0.0/source/tasks.o
 .bss.uxTasksDeleted
                0x00000b90        0x4 src/ASF/thirdparty/freertos/freertos-7.0.0/source/tasks.o
 .bss.xNumOfOverflows
                0x00000b94        0x4 src/ASF/thirdparty/freertos/freertos-7.0.0/source/tasks.o
 .bss.pxOverflowDelayedTaskList
                0x00000b98        0x4 src/ASF/thirdparty/freertos/freertos-7.0.0/source/tasks.o
 .bss.pxReadyTasksLists
                0x00000b9c       0xa0 src/ASF/thirdparty/freertos/freertos-7.0.0/source/tasks.o
 .bss.xTasksWaitingTermination
                0x00000c3c       0x14 src/ASF/thirdparty/freertos/freertos-7.0.0/source/tasks.o
 .bss.pxCurrentTCB
                0x00000c50        0x4 src/ASF/thirdparty/freertos/freertos-7.0.0/source/tasks.o
                0x00000c50                pxCurrentTCB
 .bss.xPendingReadyList
                0x00000c54       0x14 src/ASF/thirdparty/freertos/freertos-7.0.0/source/tasks.o
 .bss.xDelayedTaskList1
                0x00000c68       0x14 src/ASF/thirdparty/freertos/freertos-7.0.0/source/tasks.o
 .bss.xTickCount
                0x00000c7c        0x4 src/ASF/thirdparty/freertos/freertos-7.0.0/source/tasks.o
 .bss.uxSchedulerSuspended
                0x00000c80        0x4 src/ASF/thirdparty/freertos/freertos-7.0.0/source/tasks.o
 .bss.xDelayedTaskList2
                0x00000c84       0x14 src/ASF/thirdparty/freertos/freertos-7.0.0/source/tasks.o
 .bss.uxTaskNumber
                0x00000c98        0x4 src/ASF/thirdparty/freertos/freertos-7.0.0/source/tasks.o
 .bss.uxCurrentNumberOfTasks
                0x00000c9c        0x4 src/ASF/thirdparty/freertos/freertos-7.0.0/source/tasks.o
 .bss.xMissedYield
                0x00000ca0        0x4 src/ASF/thirdparty/freertos/freertos-7.0.0/source/tasks.o
 .bss.xSuspendedTaskList
                0x00000ca4       0x14 src/ASF/thirdparty/freertos/freertos-7.0.0/source/tasks.o
 .bss.uxTopReadyPriority
                0x00000cb8        0x4 src/ASF/thirdparty/freertos/freertos-7.0.0/source/tasks.o
 .bss.lench.11294
                0x00000cbc        0x1 src/Log/log.o
 *fill*         0x00000cbd        0x3 
 .bss.__malloc_max_total_mem
                0x00000cc0        0x4 e:/program x86/atmel/studio/7.0/toolchain/avr32/avr32-gnu-toolchain/bin/../lib/gcc/avr32/4.4.7/../../../../avr32/lib/ucr2\libc.a(lib_a-mallocr.o)
                0x00000cc0                __malloc_max_total_mem
 .bss.__malloc_max_sbrked_mem
                0x00000cc4        0x4 e:/program x86/atmel/studio/7.0/toolchain/avr32/avr32-gnu-toolchain/bin/../lib/gcc/avr32/4.4.7/../../../../avr32/lib/ucr2\libc.a(lib_a-mallocr.o)
                0x00000cc4                __malloc_max_sbrked_mem
 .bss.__malloc_top_pad
                0x00000cc8        0x4 e:/program x86/atmel/studio/7.0/toolchain/avr32/avr32-gnu-toolchain/bin/../lib/gcc/avr32/4.4.7/../../../../avr32/lib/ucr2\libc.a(lib_a-mallocr.o)
                0x00000cc8                __malloc_top_pad
 .bss.__malloc_current_mallinfo
                0x00000ccc       0x28 e:/program x86/atmel/studio/7.0/toolchain/avr32/avr32-gnu-toolchain/bin/../lib/gcc/avr32/4.4.7/../../../../avr32/lib/ucr2\libc.a(lib_a-mallocr.o)
                0x00000ccc                __malloc_current_mallinfo
 .bss.cur_heap_pos.1869
                0x00000cf4        0x4 e:/program x86/atmel/studio/7.0/toolchain/avr32/avr32-gnu-toolchain/bin/../lib/gcc/avr32/4.4.7/../../../../avr32/lib/ucr2\libc.a(lib_a-syscalls.o)
 *(COMMON)
 COMMON         0x00000cf8        0xa src/Application/app/app.o
                0x00000cf8                bunchofrandomstatusflags
                0x00000cfc                Current_time
 *fill*         0x00000d02        0x2 
 COMMON         0x00000d04     0x1004 src/Application/flash/data_flash.o
                0x00000d04                FLASH_BUF
                0x00001d04                spi
 COMMON         0x00001d08        0x4 src/Application/radio/xcmp.o
                0x00001d08                app_list
 COMMON         0x00001d0c       0x18 src/Application/RFID/RFID.o
                0x00001d0c                RFID
                0x00001d1c                CT
                0x00001d20                SN
 COMMON         0x00001d24      0x284 src/Application/xgflash/xgflash.o
                0x00001d24                message_store
                0x00001fa4                save_handle
 COMMON         0x00001fa8        0x4 src/ASF/avr32/drivers/spi/spi.o
                0x00001fa8                xSPIMutex
 COMMON         0x00001fac        0x4 src/ASF/thirdparty/freertos/freertos-7.0.0/source/portable/gcc/avr32_uc3/write.o
                0x00001fac                stdio_usart_base
 COMMON         0x00001fb0        0x4 src/Log/log.o
                0x00001fb0                logQueue
 COMMON         0x00001fb4        0x4 e:/program x86/atmel/studio/7.0/toolchain/avr32/avr32-gnu-toolchain/bin/../lib/gcc/avr32/4.4.7/../../../../avr32/lib/ucr2\libc.a(lib_a-reent.o)
                0x00001fb4                errno
                0x00001fb8                . = ALIGN (0x8)
                0x00001fb8                . = ALIGN (0x8)
                0x00001fb8                _end = .
                0x00001fb8                PROVIDE (end, .)
                0x00001fb8                __heap_start__ = ALIGN (0x8)
                0x00017000                . = ((ORIGIN (CPUSRAM) + 0x17ffc) - _stack_size)
                0x00017000                __heap_end__ = .

.stab
 *(.stab)

.stabstr
 *(.stabstr)

.stab.excl
 *(.stab.excl)

.stab.exclstr
 *(.stab.exclstr)

.stab.index
 *(.stab.index)

.stab.indexstr
 *(.stab.indexstr)

.comment        0x00000000       0x30
 *(.comment)
 .comment       0x00000000       0x30 src/Application/app/app.o
                                 0x31 (size before relaxing)
 .comment       0x00000000       0x31 src/Application/flash/data_flash.o
 .comment       0x00000000       0x31 src/Application/myrtc/xgrtc.o
 .comment       0x00000000       0x31 src/Application/radio/payload.o
 .comment       0x00000000       0x31 src/Application/radio/physical.o
 .comment       0x00000000       0x31 src/Application/radio/xcmp.o
 .comment       0x00000000       0x31 src/Application/radio/xnl.o
 .comment       0x00000000       0x31 src/Application/RFID/MFRC522/rc522.o
 .comment       0x00000000       0x31 src/Application/RFID/RFID.o
 .comment       0x00000000       0x31 src/Application/timers/timer.o
 .comment       0x00000000       0x31 src/Application/xgflash/xgflash.o
 .comment       0x00000000       0x31 src/ASF/avr32/drivers/flashc/flashc.o
 .comment       0x00000000       0x31 src/ASF/avr32/drivers/gpio/gpio.o
 .comment       0x00000000       0x31 src/ASF/avr32/drivers/intc/intc.o
 .comment       0x00000000       0x31 src/ASF/avr32/drivers/pm/pm.o
 .comment       0x00000000       0x31 src/ASF/avr32/drivers/rtc/rtc.o
 .comment       0x00000000       0x31 src/ASF/avr32/drivers/spi/spi.o
 .comment       0x00000000       0x31 src/ASF/avr32/drivers/usart/usart.o
 .comment       0x00000000       0x31 src/ASF/thirdparty/freertos/freertos-7.0.0/source/list.o
 .comment       0x00000000       0x31 src/ASF/thirdparty/freertos/freertos-7.0.0/source/portable/gcc/avr32_uc3/port.o
 .comment       0x00000000       0x31 src/ASF/thirdparty/freertos/freertos-7.0.0/source/portable/gcc/avr32_uc3/read.o
 .comment       0x00000000       0x31 src/ASF/thirdparty/freertos/freertos-7.0.0/source/portable/gcc/avr32_uc3/write.o
 .comment       0x00000000       0x31 src/ASF/thirdparty/freertos/freertos-7.0.0/source/portable/memmang/heap_3.o
 .comment       0x00000000       0x31 src/ASF/thirdparty/freertos/freertos-7.0.0/source/queue.o
 .comment       0x00000000       0x31 src/ASF/thirdparty/freertos/freertos-7.0.0/source/tasks.o
 .comment       0x00000000       0x31 src/Log/log.o
 .comment       0x00000000       0x31 src/main.o
 .comment       0x00000000       0x31 e:/program x86/atmel/studio/7.0/toolchain/avr32/avr32-gnu-toolchain/bin/../lib/gcc/avr32/4.4.7/../../../../avr32/lib/ucr2\libc.a(lib_a-malloc.o)
 .comment       0x00000000       0x31 e:/program x86/atmel/studio/7.0/toolchain/avr32/avr32-gnu-toolchain/bin/../lib/gcc/avr32/4.4.7/../../../../avr32/lib/ucr2\libc.a(lib_a-mallocr.o)
 .comment       0x00000000       0x31 e:/program x86/atmel/studio/7.0/toolchain/avr32/avr32-gnu-toolchain/bin/../lib/gcc/avr32/4.4.7/../../../../avr32/lib/ucr2\libc.a(lib_a-memcmp.o)
 .comment       0x00000000       0x31 e:/program x86/atmel/studio/7.0/toolchain/avr32/avr32-gnu-toolchain/bin/../lib/gcc/avr32/4.4.7/../../../../avr32/lib/ucr2\libc.a(lib_a-memset.o)
 .comment       0x00000000       0x31 e:/program x86/atmel/studio/7.0/toolchain/avr32/avr32-gnu-toolchain/bin/../lib/gcc/avr32/4.4.7/../../../../avr32/lib/ucr2\libc.a(lib_a-reallocr.o)
 .comment       0x00000000       0x31 e:/program x86/atmel/studio/7.0/toolchain/avr32/avr32-gnu-toolchain/bin/../lib/gcc/avr32/4.4.7/../../../../avr32/lib/ucr2\libc.a(lib_a-sbrkr.o)
 .comment       0x00000000       0x31 e:/program x86/atmel/studio/7.0/toolchain/avr32/avr32-gnu-toolchain/bin/../lib/gcc/avr32/4.4.7/../../../../avr32/lib/ucr2\libc.a(lib_a-sprintf.o)
 .comment       0x00000000       0x31 e:/program x86/atmel/studio/7.0/toolchain/avr32/avr32-gnu-toolchain/bin/../lib/gcc/avr32/4.4.7/../../../../avr32/lib/ucr2\libc.a(lib_a-syscalls.o)
 .comment       0x00000000       0x31 e:/program x86/atmel/studio/7.0/toolchain/avr32/avr32-gnu-toolchain/bin/../lib/gcc/avr32/4.4.7/../../../../avr32/lib/ucr2\libc.a(lib_a-vfprintf.o)
 .comment       0x00000000       0x31 e:/program x86/atmel/studio/7.0/toolchain/avr32/avr32-gnu-toolchain/bin/../lib/gcc/avr32/4.4.7/../../../../avr32/lib/ucr2\libc.a(lib_a-wsetup.o)
 .comment       0x00000000       0x31 e:/program x86/atmel/studio/7.0/toolchain/avr32/avr32-gnu-toolchain/bin/../lib/gcc/avr32/4.4.7/../../../../avr32/lib/ucr2\libc.a(lib_a-dtoa.o)
 .comment       0x00000000       0x31 e:/program x86/atmel/studio/7.0/toolchain/avr32/avr32-gnu-toolchain/bin/../lib/gcc/avr32/4.4.7/../../../../avr32/lib/ucr2\libc.a(lib_a-errno.o)
 .comment       0x00000000       0x31 e:/program x86/atmel/studio/7.0/toolchain/avr32/avr32-gnu-toolchain/bin/../lib/gcc/avr32/4.4.7/../../../../avr32/lib/ucr2\libc.a(lib_a-fflush.o)
 .comment       0x00000000       0x31 e:/program x86/atmel/studio/7.0/toolchain/avr32/avr32-gnu-toolchain/bin/../lib/gcc/avr32/4.4.7/../../../../avr32/lib/ucr2\libc.a(lib_a-findfp.o)
 .comment       0x00000000       0x31 e:/program x86/atmel/studio/7.0/toolchain/avr32/avr32-gnu-toolchain/bin/../lib/gcc/avr32/4.4.7/../../../../avr32/lib/ucr2\libc.a(lib_a-freer.o)
 .comment       0x00000000       0x31 e:/program x86/atmel/studio/7.0/toolchain/avr32/avr32-gnu-toolchain/bin/../lib/gcc/avr32/4.4.7/../../../../avr32/lib/ucr2\libc.a(lib_a-fvwrite.o)
 .comment       0x00000000       0x31 e:/program x86/atmel/studio/7.0/toolchain/avr32/avr32-gnu-toolchain/bin/../lib/gcc/avr32/4.4.7/../../../../avr32/lib/ucr2\libc.a(lib_a-fwalk.o)
 .comment       0x00000000       0x31 e:/program x86/atmel/studio/7.0/toolchain/avr32/avr32-gnu-toolchain/bin/../lib/gcc/avr32/4.4.7/../../../../avr32/lib/ucr2\libc.a(lib_a-impure.o)
 .comment       0x00000000       0x31 e:/program x86/atmel/studio/7.0/toolchain/avr32/avr32-gnu-toolchain/bin/../lib/gcc/avr32/4.4.7/../../../../avr32/lib/ucr2\libc.a(lib_a-locale.o)
 .comment       0x00000000       0x31 e:/program x86/atmel/studio/7.0/toolchain/avr32/avr32-gnu-toolchain/bin/../lib/gcc/avr32/4.4.7/../../../../avr32/lib/ucr2\libc.a(lib_a-makebuf.o)
 .comment       0x00000000       0x31 e:/program x86/atmel/studio/7.0/toolchain/avr32/avr32-gnu-toolchain/bin/../lib/gcc/avr32/4.4.7/../../../../avr32/lib/ucr2\libc.a(lib_a-memchr.o)
 .comment       0x00000000       0x31 e:/program x86/atmel/studio/7.0/toolchain/avr32/avr32-gnu-toolchain/bin/../lib/gcc/avr32/4.4.7/../../../../avr32/lib/ucr2\libc.a(lib_a-memmove.o)
 .comment       0x00000000       0x31 e:/program x86/atmel/studio/7.0/toolchain/avr32/avr32-gnu-toolchain/bin/../lib/gcc/avr32/4.4.7/../../../../avr32/lib/ucr2\libc.a(lib_a-mprec.o)
 .comment       0x00000000       0x31 e:/program x86/atmel/studio/7.0/toolchain/avr32/avr32-gnu-toolchain/bin/../lib/gcc/avr32/4.4.7/../../../../avr32/lib/ucr2\libc.a(lib_a-reent.o)
 .comment       0x00000000       0x31 e:/program x86/atmel/studio/7.0/toolchain/avr32/avr32-gnu-toolchain/bin/../lib/gcc/avr32/4.4.7/../../../../avr32/lib/ucr2\libc.a(lib_a-s_isinfd.o)
 .comment       0x00000000       0x31 e:/program x86/atmel/studio/7.0/toolchain/avr32/avr32-gnu-toolchain/bin/../lib/gcc/avr32/4.4.7/../../../../avr32/lib/ucr2\libc.a(lib_a-s_isnand.o)
 .comment       0x00000000       0x31 e:/program x86/atmel/studio/7.0/toolchain/avr32/avr32-gnu-toolchain/bin/../lib/gcc/avr32/4.4.7/../../../../avr32/lib/ucr2\libc.a(lib_a-stdio.o)
 .comment       0x00000000       0x31 e:/program x86/atmel/studio/7.0/toolchain/avr32/avr32-gnu-toolchain/bin/../lib/gcc/avr32/4.4.7/../../../../avr32/lib/ucr2\libc.a(lib_a-strlen.o)
 .comment       0x00000000       0x31 e:/program x86/atmel/studio/7.0/toolchain/avr32/avr32-gnu-toolchain/bin/../lib/gcc/avr32/4.4.7/../../../../avr32/lib/ucr2\libc.a(lib_a-writer.o)
 .comment       0x00000000       0x31 e:/program x86/atmel/studio/7.0/toolchain/avr32/avr32-gnu-toolchain/bin/../lib/gcc/avr32/4.4.7/../../../../avr32/lib/ucr2\libc.a(lib_a-callocr.o)
 .comment       0x00000000       0x31 e:/program x86/atmel/studio/7.0/toolchain/avr32/avr32-gnu-toolchain/bin/../lib/gcc/avr32/4.4.7/../../../../avr32/lib/ucr2\libc.a(lib_a-closer.o)
 .comment       0x00000000       0x31 e:/program x86/atmel/studio/7.0/toolchain/avr32/avr32-gnu-toolchain/bin/../lib/gcc/avr32/4.4.7/../../../../avr32/lib/ucr2\libc.a(lib_a-fclose.o)
 .comment       0x00000000       0x31 e:/program x86/atmel/studio/7.0/toolchain/avr32/avr32-gnu-toolchain/bin/../lib/gcc/avr32/4.4.7/../../../../avr32/lib/ucr2\libc.a(lib_a-fstatr.o)
 .comment       0x00000000       0x31 e:/program x86/atmel/studio/7.0/toolchain/avr32/avr32-gnu-toolchain/bin/../lib/gcc/avr32/4.4.7/../../../../avr32/lib/ucr2\libc.a(lib_a-lseekr.o)
 .comment       0x00000000       0x31 e:/program x86/atmel/studio/7.0/toolchain/avr32/avr32-gnu-toolchain/bin/../lib/gcc/avr32/4.4.7/../../../../avr32/lib/ucr2\libc.a(lib_a-readr.o)
 .comment       0x00000000       0x31 e:/program x86/atmel/studio/7.0/toolchain/avr32/avr32-gnu-toolchain/bin/../lib/gcc/avr32/4.4.7/ucr2\libgcc.a(_udivdi3.o)
 .comment       0x00000000       0x31 e:/program x86/atmel/studio/7.0/toolchain/avr32/avr32-gnu-toolchain/bin/../lib/gcc/avr32/4.4.7/ucr2\libgcc.a(_umoddi3.o)

.debug
 *(.debug)

.line
 *(.line)

.debug_srcinfo
 *(.debug_srcinfo)

.debug_sfnames
 *(.debug_sfnames)

.debug_aranges  0x00000000     0x1728
 *(.debug_aranges)
 .debug_aranges
                0x00000000      0x120 src/Application/app/app.o
 .debug_aranges
                0x00000120       0x90 src/Application/flash/data_flash.o
 .debug_aranges
                0x000001b0       0x48 src/Application/myrtc/xgrtc.o
 .debug_aranges
                0x000001f8       0x20 src/Application/radio/payload.o
 .debug_aranges
                0x00000218       0x68 src/Application/radio/physical.o
 .debug_aranges
                0x00000280       0xf8 src/Application/radio/xcmp.o
 .debug_aranges
                0x00000378       0x70 src/Application/radio/xnl.o
 .debug_aranges
                0x000003e8       0xe8 src/Application/RFID/MFRC522/rc522.o
 .debug_aranges
                0x000004d0       0x40 src/Application/RFID/RFID.o
 .debug_aranges
                0x00000510       0x50 src/Application/timers/timer.o
 .debug_aranges
                0x00000560       0x58 src/Application/xgflash/xgflash.o
 .debug_aranges
                0x000005b8      0x218 src/ASF/avr32/drivers/flashc/flashc.o
 .debug_aranges
                0x000007d0      0x100 src/ASF/avr32/drivers/gpio/gpio.o
 .debug_aranges
                0x000008d0       0x38 src/ASF/avr32/drivers/intc/intc.o
 .debug_aranges
                0x00000908      0x190 src/ASF/avr32/drivers/pm/pm.o
 .debug_aranges
                0x00000a98       0x90 src/ASF/avr32/drivers/rtc/rtc.o
 .debug_aranges
                0x00000b28       0xa8 src/ASF/avr32/drivers/spi/spi.o
 .debug_aranges
                0x00000bd0       0xe0 src/ASF/avr32/drivers/usart/usart.o
 .debug_aranges
                0x00000cb0       0x28 src/ASF/avr32/utils/startup/startup_uc3.o
 .debug_aranges
                0x00000cd8       0x20 src/ASF/avr32/utils/startup/trampoline_uc3.o
 .debug_aranges
                0x00000cf8       0x40 src/ASF/thirdparty/freertos/freertos-7.0.0/source/list.o
 .debug_aranges
                0x00000d38       0x20 src/ASF/thirdparty/freertos/freertos-7.0.0/source/portable/gcc/avr32_uc3/exception.o
 .debug_aranges
                0x00000d58       0x78 src/ASF/thirdparty/freertos/freertos-7.0.0/source/portable/gcc/avr32_uc3/port.o
 .debug_aranges
                0x00000dd0       0x20 src/ASF/thirdparty/freertos/freertos-7.0.0/source/portable/gcc/avr32_uc3/read.o
 .debug_aranges
                0x00000df0       0x20 src/ASF/thirdparty/freertos/freertos-7.0.0/source/portable/gcc/avr32_uc3/write.o
 .debug_aranges
                0x00000e10       0x28 src/ASF/thirdparty/freertos/freertos-7.0.0/source/portable/memmang/heap_3.o
 .debug_aranges
                0x00000e38       0x90 src/ASF/thirdparty/freertos/freertos-7.0.0/source/queue.o
 .debug_aranges
                0x00000ec8      0x110 src/ASF/thirdparty/freertos/freertos-7.0.0/source/tasks.o
 .debug_aranges
                0x00000fd8       0x50 src/Log/log.o
 .debug_aranges
                0x00001028       0x20 src/main.o
 .debug_aranges
                0x00001048       0x28 e:/program x86/atmel/studio/7.0/toolchain/avr32/avr32-gnu-toolchain/bin/../lib/gcc/avr32/4.4.7/../../../../avr32/lib/ucr2\libc.a(lib_a-malloc.o)
 .debug_aranges
                0x00001070       0x20 e:/program x86/atmel/studio/7.0/toolchain/avr32/avr32-gnu-toolchain/bin/../lib/gcc/avr32/4.4.7/../../../../avr32/lib/ucr2\libc.a(lib_a-mallocr.o)
 .debug_aranges
                0x00001090       0x20 e:/program x86/atmel/studio/7.0/toolchain/avr32/avr32-gnu-toolchain/bin/../lib/gcc/avr32/4.4.7/../../../../avr32/lib/ucr2\libc.a(lib_a-memcmp.o)
 .debug_aranges
                0x000010b0       0x20 e:/program x86/atmel/studio/7.0/toolchain/avr32/avr32-gnu-toolchain/bin/../lib/gcc/avr32/4.4.7/../../../../avr32/lib/ucr2\libc.a(lib_a-memset.o)
 .debug_aranges
                0x000010d0       0x20 e:/program x86/atmel/studio/7.0/toolchain/avr32/avr32-gnu-toolchain/bin/../lib/gcc/avr32/4.4.7/../../../../avr32/lib/ucr2\libc.a(lib_a-reallocr.o)
 .debug_aranges
                0x000010f0       0x20 e:/program x86/atmel/studio/7.0/toolchain/avr32/avr32-gnu-toolchain/bin/../lib/gcc/avr32/4.4.7/../../../../avr32/lib/ucr2\libc.a(lib_a-sbrkr.o)
 .debug_aranges
                0x00001110       0x28 e:/program x86/atmel/studio/7.0/toolchain/avr32/avr32-gnu-toolchain/bin/../lib/gcc/avr32/4.4.7/../../../../avr32/lib/ucr2\libc.a(lib_a-sprintf.o)
 .debug_aranges
                0x00001138       0xf8 e:/program x86/atmel/studio/7.0/toolchain/avr32/avr32-gnu-toolchain/bin/../lib/gcc/avr32/4.4.7/../../../../avr32/lib/ucr2\libc.a(lib_a-syscalls.o)
 .debug_aranges
                0x00001230       0x38 e:/program x86/atmel/studio/7.0/toolchain/avr32/avr32-gnu-toolchain/bin/../lib/gcc/avr32/4.4.7/../../../../avr32/lib/ucr2\libc.a(lib_a-vfprintf.o)
 .debug_aranges
                0x00001268       0x20 e:/program x86/atmel/studio/7.0/toolchain/avr32/avr32-gnu-toolchain/bin/../lib/gcc/avr32/4.4.7/../../../../avr32/lib/ucr2\libc.a(lib_a-wsetup.o)
 .debug_aranges
                0x00001288       0x28 e:/program x86/atmel/studio/7.0/toolchain/avr32/avr32-gnu-toolchain/bin/../lib/gcc/avr32/4.4.7/../../../../avr32/lib/ucr2\libc.a(lib_a-dtoa.o)
 .debug_aranges
                0x000012b0       0x20 e:/program x86/atmel/studio/7.0/toolchain/avr32/avr32-gnu-toolchain/bin/../lib/gcc/avr32/4.4.7/../../../../avr32/lib/ucr2\libc.a(lib_a-errno.o)
 .debug_aranges
                0x000012d0       0x28 e:/program x86/atmel/studio/7.0/toolchain/avr32/avr32-gnu-toolchain/bin/../lib/gcc/avr32/4.4.7/../../../../avr32/lib/ucr2\libc.a(lib_a-fflush.o)
 .debug_aranges