Archive member included because of file (symbol)

e:/program x86/atmel/studio/7.0/toolchain/avr32/avr32-gnu-toolchain/bin/../lib/gcc/avr32/4.4.7/../../../../avr32/lib/ucr2\libc.a(lib_a-malloc.o)
                              src/ASF/thirdparty/freertos/freertos-7.0.0/source/portable/memmang/heap_3.o (free)
e:/program x86/atmel/studio/7.0/toolchain/avr32/avr32-gnu-toolchain/bin/../lib/gcc/avr32/4.4.7/../../../../avr32/lib/ucr2\libc.a(lib_a-mallocr.o)
                              e:/program x86/atmel/studio/7.0/toolchain/avr32/avr32-gnu-toolchain/bin/../lib/gcc/avr32/4.4.7/../../../../avr32/lib/ucr2\libc.a(lib_a-malloc.o) (_malloc_r)
e:/program x86/atmel/studio/7.0/toolchain/avr32/avr32-gnu-toolchain/bin/../lib/gcc/avr32/4.4.7/../../../../avr32/lib/ucr2\libc.a(lib_a-memcmp.o)
                              src/Application/xgflash/xgflash.o (memcmp)
e:/program x86/atmel/studio/7.0/toolchain/avr32/avr32-gnu-toolchain/bin/../lib/gcc/avr32/4.4.7/../../../../avr32/lib/ucr2\libc.a(lib_a-memcpy.o)
                              src/Application/app/app.o (memcpy)
e:/program x86/atmel/studio/7.0/toolchain/avr32/avr32-gnu-toolchain/bin/../lib/gcc/avr32/4.4.7/../../../../avr32/lib/ucr2\libc.a(lib_a-memset.o)
                              src/Application/radio/physical.o (memset)
e:/program x86/atmel/studio/7.0/toolchain/avr32/avr32-gnu-toolchain/bin/../lib/gcc/avr32/4.4.7/../../../../avr32/lib/ucr2\libc.a(lib_a-realloc.o)
                              src/ASF/thirdparty/freertos/freertos-7.0.0/source/portable/gcc/avr32_uc3/port.o (realloc)
e:/program x86/atmel/studio/7.0/toolchain/avr32/avr32-gnu-toolchain/bin/../lib/gcc/avr32/4.4.7/../../../../avr32/lib/ucr2\libc.a(lib_a-reallocr.o)
                              e:/program x86/atmel/studio/7.0/toolchain/avr32/avr32-gnu-toolchain/bin/../lib/gcc/avr32/4.4.7/../../../../avr32/lib/ucr2\libc.a(lib_a-realloc.o) (_realloc_r)
e:/program x86/atmel/studio/7.0/toolchain/avr32/avr32-gnu-toolchain/bin/../lib/gcc/avr32/4.4.7/../../../../avr32/lib/ucr2\libc.a(lib_a-sbrkr.o)
                              e:/program x86/atmel/studio/7.0/toolchain/avr32/avr32-gnu-toolchain/bin/../lib/gcc/avr32/4.4.7/../../../../avr32/lib/ucr2\libc.a(lib_a-mallocr.o) (_sbrk_r)
e:/program x86/atmel/studio/7.0/toolchain/avr32/avr32-gnu-toolchain/bin/../lib/gcc/avr32/4.4.7/../../../../avr32/lib/ucr2\libc.a(lib_a-sprintf.o)
                              src/Log/log.o (sprintf)
e:/program x86/atmel/studio/7.0/toolchain/avr32/avr32-gnu-toolchain/bin/../lib/gcc/avr32/4.4.7/../../../../avr32/lib/ucr2\libc.a(lib_a-strncpy.o)
                              src/ASF/thirdparty/freertos/freertos-7.0.0/source/tasks.o (strncpy)
e:/program x86/atmel/studio/7.0/toolchain/avr32/avr32-gnu-toolchain/bin/../lib/gcc/avr32/4.4.7/../../../../avr32/lib/ucr2\libc.a(lib_a-syscalls.o)
                              e:/program x86/atmel/studio/7.0/toolchain/avr32/avr32-gnu-toolchain/bin/../lib/gcc/avr32/4.4.7/../../../../avr32/lib/ucr2\libc.a(lib_a-sbrkr.o) (_sbrk)
e:/program x86/atmel/studio/7.0/toolchain/avr32/avr32-gnu-toolchain/bin/../lib/gcc/avr32/4.4.7/../../../../avr32/lib/ucr2\libc.a(lib_a-vfprintf.o)
                              e:/program x86/atmel/studio/7.0/toolchain/avr32/avr32-gnu-toolchain/bin/../lib/gcc/avr32/4.4.7/../../../../avr32/lib/ucr2\libc.a(lib_a-sprintf.o) (_vfprintf_r)
e:/program x86/atmel/studio/7.0/toolchain/avr32/avr32-gnu-toolchain/bin/../lib/gcc/avr32/4.4.7/../../../../avr32/lib/ucr2\libc.a(lib_a-wsetup.o)
                              e:/program x86/atmel/studio/7.0/toolchain/avr32/avr32-gnu-toolchain/bin/../lib/gcc/avr32/4.4.7/../../../../avr32/lib/ucr2\libc.a(lib_a-vfprintf.o) (__swsetup_r)
e:/program x86/atmel/studio/7.0/toolchain/avr32/avr32-gnu-toolchain/bin/../lib/gcc/avr32/4.4.7/../../../../avr32/lib/ucr2\libc.a(lib_a-dtoa.o)
                              e:/program x86/atmel/studio/7.0/toolchain/avr32/avr32-gnu-toolchain/bin/../lib/gcc/avr32/4.4.7/../../../../avr32/lib/ucr2\libc.a(lib_a-vfprintf.o) (_dtoa_r)
e:/program x86/atmel/studio/7.0/toolchain/avr32/avr32-gnu-toolchain/bin/../lib/gcc/avr32/4.4.7/../../../../avr32/lib/ucr2\libc.a(lib_a-errno.o)
                              e:/program x86/atmel/studio/7.0/toolchain/avr32/avr32-gnu-toolchain/bin/../lib/gcc/avr32/4.4.7/../../../../avr32/lib/ucr2\libc.a(lib_a-syscalls.o) (__errno)
e:/program x86/atmel/studio/7.0/toolchain/avr32/avr32-gnu-toolchain/bin/../lib/gcc/avr32/4.4.7/../../../../avr32/lib/ucr2\libc.a(lib_a-fflush.o)
                              e:/program x86/atmel/studio/7.0/toolchain/avr32/avr32-gnu-toolchain/bin/../lib/gcc/avr32/4.4.7/../../../../avr32/lib/ucr2\libc.a(lib_a-vfprintf.o) (_fflush_r)
e:/program x86/atmel/studio/7.0/toolchain/avr32/avr32-gnu-toolchain/bin/../lib/gcc/avr32/4.4.7/../../../../avr32/lib/ucr2\libc.a(lib_a-findfp.o)
                              e:/program x86/atmel/studio/7.0/toolchain/avr32/avr32-gnu-toolchain/bin/../lib/gcc/avr32/4.4.7/../../../../avr32/lib/ucr2\libc.a(lib_a-vfprintf.o) (__sinit)
[...]
Memory Configuration

Name             Origin             Length             Attributes
FLASH            0x80000000         0x00080000         axrl !w
CPUSRAM          0x00000004         0x00017ffc         axw !rl
USERPAGE         0x80800000         0x00000200
FACTORYPAGE      0x80800200         0x00000200
*default*        0x00000000         0xffffffff

Linker script and memory map

                0x00001000                _stack_size = 0x1000
LOAD src/Application/app/app.o
LOAD src/Application/flash/data_flash.o
LOAD src/Application/myrtc/xgrtc.o
LOAD src/Application/radio/ambe.o
LOAD src/Application/radio/AMBE_audio.o
LOAD src/Application/radio/AMBE_audio_2.o
LOAD src/Application/radio/audio.o
LOAD src/Application/radio/payload.o
LOAD src/Application/radio/physical.o
LOAD src/Application/radio/ssc.o
LOAD src/Application/radio/xcmp.o
LOAD src/Application/radio/xnl.o
LOAD src/Application/RFID/MFRC522/rc522.o
LOAD src/Application/RFID/RFID.o
LOAD src/Application/timers/timer.o
LOAD src/Application/xgflash/xgflash.o
LOAD src/ASF/avr32/drivers/flashc/flashc.o
LOAD src/ASF/avr32/drivers/gpio/gpio.o
LOAD src/ASF/avr32/drivers/intc/intc.o
LOAD src/ASF/avr32/drivers/pm/pm.o
LOAD src/ASF/avr32/drivers/pm/pm_conf_clocks.o
LOAD src/ASF/avr32/drivers/pm/power_clocks_lib.o
LOAD src/ASF/avr32/drivers/rtc/rtc.o
LOAD src/ASF/avr32/drivers/spi/spi.o
LOAD src/ASF/avr32/drivers/tc/tc.o
LOAD src/ASF/avr32/drivers/twi/twi.o
LOAD src/ASF/avr32/drivers/usart/usart.o
LOAD src/ASF/avr32/utils/startup/startup_uc3.o
LOAD src/ASF/avr32/utils/startup/trampoline_uc3.o
LOAD src/ASF/common/boards/user_board/init.o
LOAD src/ASF/common/services/clock/uc3b0_b1/sysclk.o
LOAD src/ASF/common/services/spi/uc3_spi/spi_master.o
LOAD src/ASF/common/services/spi/uc3_usart_spi/usart_spi.o
LOAD src/ASF/thirdparty/freertos/freertos-7.0.0/source/croutine.o
LOAD src/ASF/thirdparty/freertos/freertos-7.0.0/source/list.o
LOAD src/ASF/thirdparty/freertos/freertos-7.0.0/source/portable/gcc/avr32_uc3/exception.o
LOAD src/ASF/thirdparty/freertos/freertos-7.0.0/source/portable/gcc/avr32_uc3/port.o
LOAD src/ASF/thirdparty/freertos/freertos-7.0.0/source/portable/gcc/avr32_uc3/read.o
LOAD src/ASF/thirdparty/freertos/freertos-7.0.0/source/portable/gcc/avr32_uc3/write.o
LOAD src/ASF/thirdparty/freertos/freertos-7.0.0/source/portable/memmang/heap_3.o
LOAD src/ASF/thirdparty/freertos/freertos-7.0.0/source/queue.o
LOAD src/ASF/thirdparty/freertos/freertos-7.0.0/source/tasks.o
LOAD src/Log/log.o
LOAD src/main.o
START GROUP
LOAD e:/program x86/atmel/studio/7.0/toolchain/avr32/avr32-gnu-toolchain/bin/../lib/gcc/avr32/4.4.7/../../../../avr32/lib/ucr2\libm.a
END GROUP
LOAD e:/program x86/atmel/studio/7.0/toolchain/avr32/avr32-gnu-toolchain/bin/../lib/gcc/avr32/4.4.7/ucr2\libgcc.a
LOAD e:/program x86/atmel/studio/7.0/toolchain/avr32/avr32-gnu-toolchain/bin/../lib/gcc/avr32/4.4.7/../../../../avr32/lib/ucr2\libc.a
LOAD e:/program x86/atmel/studio/7.0/toolchain/avr32/avr32-gnu-toolchain/bin/../lib/gcc/avr32/4.4.7/ucr2\libgcc.a
                0x80000000                PROVIDE (__executable_start, 0x80000000)
                0x80000000                . = 0x80000000

.interp
 *(.interp)

.reset          0x80000000     0x2004
 *(.reset)
 .reset         0x80000000     0x2004 src/ASF/avr32/utils/startup/trampoline_uc3.o
                               0x2008 (size before relaxing)
                0x80000000                _trampoline

.hash
 *(.hash)

.dynsym
 *(.dynsym)

.dynstr
 *(.dynstr)

.gnu.version
 *(.gnu.version)

.gnu.version_d
 *(.gnu.version_d)

.gnu.version_r
 *(.gnu.version_r)

.rel.init
 *(.rel.init)

.rela.init
 *(.rela.init)

.rel.text
 *(.rel.text .rel.text.* .rel.gnu.linkonce.t.*)

.rela.text
 *(.rela.text .rela.text.* .rela.gnu.linkonce.t.*)

.rel.fini
 *(.rel.fini)

.rela.fini
 *(.rela.fini)

.rel.rodata
 *(.rel.rodata .rel.rodata.* .rel.gnu.linkonce.r.*)

.rela.rodata
 *(.rela.rodata .rela.rodata.* .rela.gnu.linkonce.r.*)

.rel.data.rel.ro
 *(.rel.data.rel.ro*)

.rela.data.rel.ro
 *(.rel.data.rel.ro*)

.rel.data
 *(.rel.data .rel.data.* .rel.gnu.linkonce.d.*)

.rela.data
 *(.rela.data .rela.data.* .rela.gnu.linkonce.d.*)

.rel.tdata
 *(.rel.tdata .rel.tdata.* .rel.gnu.linkonce.td.*)

.rela.tdata
 *(.rela.tdata .rela.tdata.* .rela.gnu.linkonce.td.*)

.rel.tbss
 *(.rel.tbss .rel.tbss.* .rel.gnu.linkonce.tb.*)

.rela.tbss
 *(.rela.tbss .rela.tbss.* .rela.gnu.linkonce.tb.*)

.rel.ctors
 *(.rel.ctors)

.rela.ctors
 *(.rela.ctors)

.rel.dtors
 *(.rel.dtors)

.rela.dtors
 *(.rela.dtors)

.rel.got
 *(.rel.got)

.rela.got       0x80002004        0x0
 *(.rela.got)
 .rela.got      0x80002004        0x0 src/Application/app/app.o

.rel.bss
 *(.rel.bss .rel.bss.* .rel.gnu.linkonce.b.*)

.rela.bss
 *(.rela.bss .rela.bss.* .rela.gnu.linkonce.b.*)

.rel.plt
 *(.rel.plt)

.rela.plt
 *(.rela.plt)

.init
 *(.init)

.plt
 *(.plt)

.text           0x80002004     0xafa8
 *(.text .stub .text.* .gnu.linkonce.t.*)
 .text.DeviceManagement_brdcst_func
                0x80002004       0x24 src/Application/app/app.o
                0x80002004                DeviceManagement_brdcst_func
 .text.Volume_brdcst_func
                0x80002028        0x2 src/Application/app/app.o
                0x80002028                Volume_brdcst_func
 .text.AudioRoutingControl_brdcst_func
                0x8000202a        0x2 src/Application/app/app.o
                0x8000202a                AudioRoutingControl_brdcst_func
 .text.vApplicationIdleHook
                0x8000202c       0x10 src/Application/app/app.o
                0x8000202c                vApplicationIdleHook
 .text.app_init
                0x8000203c       0x54 src/Application/app/app.o
                0x8000203c                app_init
 .text.app_payload_tx_proc
                0x80002090       0x14 src/Application/app/app.o
 .text.app_payload_rx_proc
                0x800020a4       0x34 src/Application/app/app.o
 .text.FD_brdcst_func
                0x800020d8       0x14 src/Application/app/app.o
                0x800020d8                FD_brdcst_func
 .text.FD_reply_func
                0x800020ec       0x14 src/Application/app/app.o
                0x800020ec                FD_reply_func
 .text.FD_request_func
                0x80002100       0x14 src/Application/app/app.o
                0x80002100                FD_request_func
 .text.EnOB_brdcst_func
                0x80002114       0x14 src/Application/app/app.o
                0x80002114                EnOB_brdcst_func
 .text.EnOB_reply_func
                0x80002128       0x70 src/Application/app/app.o
                0x80002128                EnOB_reply_func
 .text.SingleDetection_brdcst_func
                0x80002198       0x1c src/Application/app/app.o
                0x80002198                SingleDetection_brdcst_func
 .text.ButtonConfig_brdcst_func
                0x800021b4       0xdc src/Application/app/app.o
                0x800021b4                ButtonConfig_brdcst_func
 .text.ButtonConfig_reply_func
                0x80002290       0x44 src/Application/app/app.o
                0x80002290                ButtonConfig_reply_func
 .text.DataSession_reply_func
                0x800022d4       0x7c src/Application/app/app.o
                0x800022d4                DataSession_reply_func
 .text.CallControl_brdcst_func
                0x80002350       0x44 src/Application/app/app.o
                0x80002350                CallControl_brdcst_func
 .text.TransmitControl_brdcst_func
                0x80002394       0x48 src/Application/app/app.o
                0x80002394                TransmitControl_brdcst_func
 .text.TransmitControl_reply_func
                0x800023dc       0x60 src/Application/app/app.o
                0x800023dc                TransmitControl_reply_func
 .text.AudioRoutingControl_reply_func
                0x8000243c       0x28 src/Application/app/app.o
                0x8000243c                AudioRoutingControl_reply_func
 .text.Volume_reply_func
                0x80002464       0x64 src/Application/app/app.o
                0x80002464                Volume_reply_func
 .text.spk_brdcst_func
                0x800024c8       0x38 src/Application/app/app.o
                0x800024c8                spk_brdcst_func
 .text.spk_reply_func
                0x80002500       0x48 src/Application/app/app.o
                0x80002500                spk_reply_func
 .text.mic_brdcst_func
                0x80002548       0x58 src/Application/app/app.o
                0x80002548                mic_brdcst_func
 .text.mic_reply_func
                0x800025a0       0x94 src/Application/app/app.o
                0x800025a0                mic_reply_func
 .text.dcm_brdcst_func
                0x80002634       0x48 src/Application/app/app.o
                0x80002634                dcm_brdcst_func
 .text.dcm_reply_func
                0x8000267c       0x68 src/Application/app/app.o
                0x8000267c                dcm_reply_func
 .text.ToneControl_reply_func
                0x800026e4       0x28 src/Application/app/app.o
                0x800026e4                ToneControl_reply_func
 .text.app_cfg  0x8000270c       0xcc src/Application/app/app.o
 .text.Phyuserinput_brdcst_func
                0x800027d8       0x58 src/Application/app/app.o
                0x800027d8                Phyuserinput_brdcst_func
 .text.DataSession_brdcst_func
                0x80002830      0x160 src/Application/app/app.o
                0x80002830                DataSession_brdcst_func
 .text.DeviceInitializationStatus_brdcst_func
                0x80002990       0x38 src/Application/app/app.o
                0x80002990                DeviceInitializationStatus_brdcst_func
 .text.CalculateBurst
                0x800029c8       0x1c src/Application/radio/ambe.o
                0x800029c8                CalculateBurst
 .text.payload_init
                0x800029e4       0x14 src/Application/radio/payload.o
                0x800029e4                payload_init
 .text.set_idle_store_isr
                0x800029f8       0x1c src/Application/radio/physical.o
                0x800029f8                set_idle_store_isr
 .text.payload_rx
                0x80002a14       0x18 src/Application/radio/physical.o
 .text.phy_rx   0x80002a2c       0x38 src/Application/radio/physical.o
                0x80002a2c                phy_rx
 .text.set_idle_store
                0x80002a64       0x20 src/Application/radio/physical.o
                0x80002a64                set_idle_store
 .text.phy_tx   0x80002a84       0x5c src/Application/radio/physical.o
                0x80002a84                phy_tx
 .text.get_idle_store_isr
                0x80002ae0       0x28 src/Application/radio/physical.o
                0x80002ae0                get_idle_store_isr
 .text.phy_tx_func
                0x80002b08      0x108 src/Application/radio/physical.o
 .text.get_idle_store
                0x80002c10       0x28 src/Application/radio/physical.o
                0x80002c10                get_idle_store
 .text.phy_init
                0x80002c38       0x28 src/Application/radio/physical.o
                0x80002c38                phy_init
 .text.phy_rx_func
                0x80002c60      0xf24 src/Application/radio/physical.o
 .text.pdca_int_handler
                0x80003b84       0x74 src/Application/radio/ssc.o
 .text.local_start_SSC
                0x80003bf8       0x44 src/Application/radio/ssc.o
                0x80003bf8                local_start_SSC
 .text.local_start_PDC
                0x80003c3c       0x6c src/Application/radio/ssc.o
                0x80003c3c                local_start_PDC
 .text.register_rx_tx_func
                0x80003ca8       0x14 src/Application/radio/ssc.o
                0x80003ca8                register_rx_tx_func
 .text.ssc_init
                0x80003cbc       0x70 src/Application/radio/ssc.o
                0x80003cbc                ssc_init
 .text.xcmp_register_app_list
                0x80003d2c        0xc src/Application/radio/xcmp.o
                0x80003d2c                xcmp_register_app_list
 .text.xcmp_tx  0x80003d38       0x48 src/Application/radio/xcmp.o
 .text.xcmp_data_session_req
                0x80003d80       0x8c src/Application/radio/xcmp.o
                0x80003d80                xcmp_data_session_req
 .text.xcmp_DeviceInitializationStatus_request
                0x80003e0c       0x40 src/Application/radio/xcmp.o
                0x80003e0c                xcmp_DeviceInitializationStatus_request
 .text.xcmp_opcode_not_supported
                0x80003e4c       0x24 src/Application/radio/xcmp.o
                0x80003e4c                xcmp_opcode_not_supported
 .text.xcmp_exec_func
                0x80003e70       0x48 src/Application/radio/xcmp.o
 .text.xcmp_IdleTestTone
                0x80003eb8       0x60 src/Application/radio/xcmp.o
                0x80003eb8                xcmp_IdleTestTone
 .text.xcmp_init
                0x80003f18       0x54 src/Application/radio/xcmp.o
                0x80003f18                xcmp_init
 .text.xcmp_rx_process
                0x80003f6c       0xfc src/Application/radio/xcmp.o
 .text.xcmp_rx  0x80004068       0x4c src/Application/radio/xcmp.o
 .text.xnl_register_xcmp_func
                0x800040b4        0xc src/Application/radio/xnl.o
                0x800040b4                xnl_register_xcmp_func
 .text.xnl_get_msg_ack_func
                0x800040c0       0x2c src/Application/radio/xnl.o
                0x800040c0                xnl_get_msg_ack_func
 .text.xnl_init
                0x800040ec      0x12c src/Application/radio/xnl.o
                0x800040ec                xnl_init
 .text.xnl_rx_process
                0x80004218       0x60 src/Application/radio/xnl.o
 .text.xnl_tx_process
                0x80004278       0xcc src/Application/radio/xnl.o
 .text.xnl_tx   0x80004344       0xe4 src/Application/radio/xnl.o
                0x80004344                xnl_tx
 .text.xnl_data_msg_func
                0x80004428       0x60 src/Application/radio/xnl.o
                0x80004428                xnl_data_msg_func
 .text.xnl_device_auth_reply_func
                0x80004488      0x120 src/Application/radio/xnl.o
                0x80004488                xnl_device_auth_reply_func
 .text.xnl_master_status_brdcst_func
                0x800045a8       0x60 src/Application/radio/xnl.o
                0x800045a8                xnl_master_status_brdcst_func
 .text.xnl_device_conn_reply_func
                0x80004608       0x5c src/Application/radio/xnl.o
                0x80004608                xnl_device_conn_reply_func
 .text.xnl_send_device_master_query
                0x80004664       0x30 src/Application/radio/xnl.o
                0x80004664                xnl_send_device_master_query
 .text.RC522_SPI_SetSpeed
                0x80004694       0x24 src/Application/RFID/MFRC522/rc522.o
                0x80004694                RC522_SPI_SetSpeed
 .text.RC522_SPI_SetSpeedLow
                0x800046b8       0x10 src/Application/RFID/MFRC522/rc522.o
                0x800046b8                RC522_SPI_SetSpeedLow
 .text.RC522_ReadByte
                0x800046c8       0x44 src/Application/RFID/MFRC522/rc522.o
                0x800046c8                RC522_ReadByte
 .text.RC522_WriteByte
                0x8000470c       0x4c src/Application/RFID/MFRC522/rc522.o
                0x8000470c                RC522_WriteByte
 .text.WriteRawRC
                0x80004758       0x38 src/Application/RFID/MFRC522/rc522.o
                0x80004758                WriteRawRC
 .text.PcdReset
                0x80004790       0x80 src/Application/RFID/MFRC522/rc522.o
                0x80004790                PcdReset
 .text.ReadRawRC
                0x80004810       0x40 src/Application/RFID/MFRC522/rc522.o
                0x80004810                ReadRawRC
 .text.SetBitMask
                0x80004850       0x24 src/Application/RFID/MFRC522/rc522.o
                0x80004850                SetBitMask
 .text.PcdAntennaOn
                0x80004874       0x20 src/Application/RFID/MFRC522/rc522.o
                0x80004874                PcdAntennaOn
 .text.ClearBitMask
                0x80004894       0x28 src/Application/RFID/MFRC522/rc522.o
                0x80004894                ClearBitMask
 .text.PcdAntennaOff
                0x800048bc       0x10 src/Application/RFID/MFRC522/rc522.o
                0x800048bc                PcdAntennaOff
 .text.M500PcdConfigISOType
                0x800048cc       0x70 src/Application/RFID/MFRC522/rc522.o
                0x800048cc                M500PcdConfigISOType
 .text.rc522_init
                0x8000493c       0xd0 src/Application/RFID/MFRC522/rc522.o
                0x8000493c                rc522_init
 .text.PcdComMF522
                0x80004a0c      0x178 src/Application/RFID/MFRC522/rc522.o
                0x80004a0c                PcdComMF522
 .text.PcdAnticoll
                0x80004b84       0x84 src/Application/RFID/MFRC522/rc522.o
                0x80004b84                PcdAnticoll
 .text.PcdRequest
                0x80004c08       0x64 src/Application/RFID/MFRC522/rc522.o
                0x80004c08                PcdRequest
 .text.CalulateCRC
                0x80004c6c       0x8c src/Application/RFID/MFRC522/rc522.o
                0x80004c6c                CalulateCRC
 .text.PcdSelect
                0x80004cf8       0x74 src/Application/RFID/MFRC522/rc522.o
                0x80004cf8                PcdSelect
 .text.rfid_auto_reader
                0x80004d6c      0x120 src/Application/RFID/RFID.o
                0x80004d6c                rfid_auto_reader
 .text.rfid_sendID_message
                0x80004e8c      0x170 src/Application/RFID/RFID.o
                0x80004e8c                rfid_sendID_message
 .text.rfid_init
                0x80004ffc        0xc src/Application/RFID/RFID.o
                0x80004ffc                rfid_init
 .text.local_start_pll0
                0x80005008       0x50 src/Application/timers/timer.o
                0x80005008                local_start_pll0
 .text.delay_ns
                0x80005058       0x16 src/Application/timers/timer.o
                0x80005058                delay_ns
 *fill*         0x8000506e        0x2 d703d703
 .text.delay_us
                0x80005070       0x28 src/Application/timers/timer.o
                0x80005070                delay_us
 .text.delay_ms
                0x80005098       0x28 src/Application/timers/timer.o
                0x80005098                delay_ms
 .text.local_start_timer
                0x800050c0       0x2c src/Application/timers/timer.o
                0x800050c0                local_start_timer
 .text.xg_flashc_init
                0x800050ec      0x2e8 src/Application/xgflash/xgflash.o
                0x800050ec                xg_flashc_init
 .text.flashc_get_flash_size
                0x800053d4       0x34 src/ASF/avr32/drivers/flashc/flashc.o
                0x800053d4                flashc_get_flash_size
 .text.flashc_is_ready
                0x80005408        0xc src/ASF/avr32/drivers/flashc/flashc.o
                0x80005408                flashc_is_ready
 .text.flashc_default_wait_until_ready
                0x80005414       0x10 src/ASF/avr32/drivers/flashc/flashc.o
                0x80005414                flashc_default_wait_until_ready
 .text.flashc_is_lock_error
                0x80005424       0x10 src/ASF/avr32/drivers/flashc/flashc.o
                0x80005424                flashc_is_lock_error
 .text.flashc_is_programming_error
                0x80005434       0x10 src/ASF/avr32/drivers/flashc/flashc.o
                0x80005434                flashc_is_programming_error
 .text.flashc_get_page_number
                0x80005444        0xc src/ASF/avr32/drivers/flashc/flashc.o
                0x80005444                flashc_get_page_number
 .text.flashc_issue_command
                0x80005450       0x48 src/ASF/avr32/drivers/flashc/flashc.o
                0x80005450                flashc_issue_command
 .text.flashc_clear_page_buffer
                0x80005498       0x10 src/ASF/avr32/drivers/flashc/flashc.o
                0x80005498                flashc_clear_page_buffer
 .text.flashc_is_page_erased
                0x800054a8        0xc src/ASF/avr32/drivers/flashc/flashc.o
                0x800054a8                flashc_is_page_erased
 .text.flashc_quick_page_read
                0x800054b4       0x18 src/ASF/avr32/drivers/flashc/flashc.o
                0x800054b4                flashc_quick_page_read
 .text.flashc_erase_page
                0x800054cc       0x38 src/ASF/avr32/drivers/flashc/flashc.o
                0x800054cc                flashc_erase_page
 .text.flashc_write_page
                0x80005504       0x10 src/ASF/avr32/drivers/flashc/flashc.o
                0x80005504                flashc_write_page
 .text.flashc_quick_user_page_read
                0x80005514       0x18 src/ASF/avr32/drivers/flashc/flashc.o
                0x80005514                flashc_quick_user_page_read
 .text.flashc_erase_user_page
                0x8000552c       0x28 src/ASF/avr32/drivers/flashc/flashc.o
                0x8000552c                flashc_erase_user_page
 .text.flashc_write_user_page
                0x80005554       0x10 src/ASF/avr32/drivers/flashc/flashc.o
                0x80005554                flashc_write_user_page
 .text.flashc_memset64
                0x80005564      0x238 src/ASF/avr32/drivers/flashc/flashc.o
                0x80005564                flashc_memset64
 .text.flashc_memcpy
                0x8000579c       0xfc src/ASF/avr32/drivers/flashc/flashc.o
                0x8000579c                flashc_memcpy
 .text.gpio_enable_module_pin
                0x80005898       0x52 src/ASF/avr32/drivers/gpio/gpio.o
                0x80005898                gpio_enable_module_pin
 *fill*         0x800058ea        0x2 d703d703
 .text.gpio_enable_module
                0x800058ec       0x30 src/ASF/avr32/drivers/gpio/gpio.o
                0x800058ec                gpio_enable_module
 .text.gpio_enable_gpio_pin
                0x8000591c       0x18 src/ASF/avr32/drivers/gpio/gpio.o
                0x8000591c                gpio_enable_gpio_pin
 .text.gpio_set_gpio_pin
                0x80005934       0x1c src/ASF/avr32/drivers/gpio/gpio.o
                0x80005934                gpio_set_gpio_pin
 .text.gpio_clr_gpio_pin
                0x80005950       0x1c src/ASF/avr32/drivers/gpio/gpio.o
                0x80005950                gpio_clr_gpio_pin
 .text._unhandled_interrupt
                0x8000596c        0x2 src/ASF/avr32/drivers/intc/intc.o
 *fill*         0x8000596e        0x2 d703d703
 .text.INTC_register_interrupt
                0x80005970       0x80 src/ASF/avr32/drivers/intc/intc.o
                0x80005970                INTC_register_interrupt
 .text.INTC_init_interrupts
                0x800059f0       0x54 src/ASF/avr32/drivers/intc/intc.o
                0x800059f0                INTC_init_interrupts
 .text._get_interrupt_handler
                0x80005a44       0x38 src/ASF/avr32/drivers/intc/intc.o
                0x80005a44                _get_interrupt_handler
 .text.getBaudDiv
                0x80005a7c       0x20 src/ASF/avr32/drivers/spi/spi.o
                0x80005a7c                getBaudDiv
 .text.spi_initMaster
                0x80005a9c       0x38 src/ASF/avr32/drivers/spi/spi.o
                0x80005a9c                spi_initMaster
 .text.spi_selectionMode
                0x80005ad4       0x2c src/ASF/avr32/drivers/spi/spi.o
                0x80005ad4                spi_selectionMode
 .text.spi_enable
                0x80005b00        0x6 src/ASF/avr32/drivers/spi/spi.o
                0x80005b00                spi_enable
 .text.spi_write
                0x80005b06       0x1c src/ASF/avr32/drivers/spi/spi.o
                0x80005b06                spi_write
 .text.spi_read
                0x80005b22       0x20 src/ASF/avr32/drivers/spi/spi.o
                0x80005b22                spi_read
 *fill*         0x80005b42        0x2 d703d703
 .text.spi_setupChipReg
                0x80005b44       0xe8 src/ASF/avr32/drivers/spi/spi.o
                0x80005b44                spi_setupChipReg
 .text.spi_unselectChip
                0x80005c2c       0x40 src/ASF/avr32/drivers/spi/spi.o
                0x80005c2c                spi_unselectChip
 .text.spi_selectChip
                0x80005c6c       0x78 src/ASF/avr32/drivers/spi/spi.o
                0x80005c6c                spi_selectChip
 .text.usart_set_async_baudrate
                0x80005ce4       0x5a src/ASF/avr32/drivers/usart/usart.o
 .text.usart_write_char
                0x80005d3e       0x14 src/ASF/avr32/drivers/usart/usart.o
                0x80005d3e                usart_write_char
 *fill*         0x80005d52        0x2 d703d703
 .text.usart_putchar
                0x80005d54       0x2c src/ASF/avr32/drivers/usart/usart.o
                0x80005d54                usart_putchar
 .text.usart_read_char
                0x80005d80       0x22 src/ASF/avr32/drivers/usart/usart.o
                0x80005d80                usart_read_char
 *fill*         0x80005da2        0x2 d703d703
 .text.usart_getchar
                0x80005da4       0x2c src/ASF/avr32/drivers/usart/usart.o
                0x80005da4                usart_getchar
 .text.usart_write_line
                0x80005dd0       0x24 src/ASF/avr32/drivers/usart/usart.o
                0x80005dd0                usart_write_line
 .text.usart_reset
                0x80005df4       0x2c src/ASF/avr32/drivers/usart/usart.o
                0x80005df4                usart_reset
 .text.usart_init_rs232
                0x80005e20       0xcc src/ASF/avr32/drivers/usart/usart.o
                0x80005e20                usart_init_rs232
 .text._stext   0x80005eec       0x40 src/ASF/avr32/utils/startup/startup_uc3.o
                                 0x50 (size before relaxing)
                0x80005eec                _stext
 .text.vListInitialise
                0x80005f2c       0x14 src/ASF/thirdparty/freertos/freertos-7.0.0/source/list.o
                0x80005f2c                vListInitialise
 .text.vListInitialiseItem
                0x80005f40        0x6 src/ASF/thirdparty/freertos/freertos-7.0.0/source/list.o
                0x80005f40                vListInitialiseItem
 .text.vListInsertEnd
                0x80005f46       0x1c src/ASF/thirdparty/freertos/freertos-7.0.0/source/list.o
                0x80005f46                vListInsertEnd
 .text.vListInsert
                0x80005f62       0x34 src/ASF/thirdparty/freertos/freertos-7.0.0/source/list.o
                0x80005f62                vListInsert
 .text.vListRemove
                0x80005f96       0x26 src/ASF/thirdparty/freertos/freertos-7.0.0/source/list.o
                0x80005f96                vListRemove
 .text.pxPortInitialiseStack
                0x80005fbc       0x92 src/ASF/thirdparty/freertos/freertos-7.0.0/source/portable/gcc/avr32_uc3/port.o
                0x80005fbc                pxPortInitialiseStack
 *fill*         0x8000604e        0x2 d703d703
 .text.vPortEnterCritical
                0x80006050       0x10 src/ASF/thirdparty/freertos/freertos-7.0.0/source/portable/gcc/avr32_uc3/port.o
                0x80006050                vPortEnterCritical
 .text.xPortStartScheduler
                0x80006060       0x58 src/ASF/thirdparty/freertos/freertos-7.0.0/source/portable/gcc/avr32_uc3/port.o
                0x80006060                xPortStartScheduler
 .text.SCALLYield
                0x800060b8       0x98 src/ASF/thirdparty/freertos/freertos-7.0.0/source/portable/gcc/avr32_uc3/port.o
                0x800060b8                SCALLYield
 .text.prvClearCcInt
                0x80006150        0xa src/ASF/thirdparty/freertos/freertos-7.0.0/source/portable/gcc/avr32_uc3/port.o
 *fill*         0x8000615a        0x2 d703d703
 .text.vPortExitCritical
                0x8000615c       0x20 src/ASF/thirdparty/freertos/freertos-7.0.0/source/portable/gcc/avr32_uc3/port.o
                0x8000615c                vPortExitCritical
 .text.vTick    0x8000617c       0x84 src/ASF/thirdparty/freertos/freertos-7.0.0/source/portable/gcc/avr32_uc3/port.o
 .text.__malloc_lock
                0x80006200        0xc src/ASF/thirdparty/freertos/freertos-7.0.0/source/portable/gcc/avr32_uc3/port.o
                0x80006200                __malloc_lock
 .text.__malloc_unlock
                0x8000620c        0xc src/ASF/thirdparty/freertos/freertos-7.0.0/source/portable/gcc/avr32_uc3/port.o
                0x8000620c                __malloc_unlock
 .text._read    0x80006218       0x40 src/ASF/thirdparty/freertos/freertos-7.0.0/source/portable/gcc/avr32_uc3/read.o
                0x80006218                _read
 .text._write   0x80006258       0x3c src/ASF/thirdparty/freertos/freertos-7.0.0/source/portable/gcc/avr32_uc3/write.o
                0x80006258                _write
 .text.vPortFree
                0x80006294       0x28 src/ASF/thirdparty/freertos/freertos-7.0.0/source/portable/memmang/heap_3.o
                0x80006294                vPortFree
 .text.pvPortMalloc
                0x800062bc       0x28 src/ASF/thirdparty/freertos/freertos-7.0.0/source/portable/memmang/heap_3.o
                0x800062bc                pvPortMalloc
 .text.prvCopyDataFromQueue
                0x800062e4       0x30 src/ASF/thirdparty/freertos/freertos-7.0.0/source/queue.o
 .text.xQueueReceiveFromISR
                0x80006314       0x50 src/ASF/thirdparty/freertos/freertos-7.0.0/source/queue.o
                0x80006314                xQueueReceiveFromISR
 .text.prvUnlockQueue
                0x80006364       0xa0 src/ASF/thirdparty/freertos/freertos-7.0.0/source/queue.o
 .text.xQueueGenericReceive
                0x80006404      0x144 src/ASF/thirdparty/freertos/freertos-7.0.0/source/queue.o
                0x80006404                xQueueGenericReceive
 .text.prvCopyDataToQueue
                0x80006548       0x78 src/ASF/thirdparty/freertos/freertos-7.0.0/source/queue.o
 .text.xQueueGenericSendFromISR
                0x800065c0       0x50 src/ASF/thirdparty/freertos/freertos-7.0.0/source/queue.o
                0x800065c0                xQueueGenericSendFromISR
 .text.xQueueGenericSend
                0x80006610      0x100 src/ASF/thirdparty/freertos/freertos-7.0.0/source/queue.o
                0x80006610                xQueueGenericSend
 .text.xQueueCreateMutex
                0x80006710       0x58 src/ASF/thirdparty/freertos/freertos-7.0.0/source/queue.o
                0x80006710                xQueueCreateMutex
 .text.xQueueCreate
                0x80006768       0x74 src/ASF/thirdparty/freertos/freertos-7.0.0/source/queue.o
                0x80006768                xQueueCreate
 .text.vTaskSuspendAll
                0x800067dc       0x10 src/ASF/thirdparty/freertos/freertos-7.0.0/source/tasks.o
                0x800067dc                vTaskSuspendAll
 .text.vTaskSwitchContext
                0x800067ec       0x7c src/ASF/thirdparty/freertos/freertos-7.0.0/source/tasks.o
                0x800067ec                vTaskSwitchContext
 .text.vTaskSetTimeOutState
                0x80006868       0x18 src/ASF/thirdparty/freertos/freertos-7.0.0/source/tasks.o
                0x80006868                vTaskSetTimeOutState
 .text.vTaskMissedYield
                0x80006880        0xc src/ASF/thirdparty/freertos/freertos-7.0.0/source/tasks.o
                0x80006880                vTaskMissedYield
 .text.uxTaskGetStackHighWaterMark
                0x8000688c       0x38 src/ASF/thirdparty/freertos/freertos-7.0.0/source/tasks.o
                0x8000688c                uxTaskGetStackHighWaterMark
 .text.xTaskGetCurrentTaskHandle
                0x800068c4        0xc src/ASF/thirdparty/freertos/freertos-7.0.0/source/tasks.o
                0x800068c4                xTaskGetCurrentTaskHandle
 .text.vTaskPriorityDisinherit
                0x800068d0       0x58 src/ASF/thirdparty/freertos/freertos-7.0.0/source/tasks.o
                0x800068d0                vTaskPriorityDisinherit
 .text.vTaskPriorityInherit
                0x80006928       0x84 src/ASF/thirdparty/freertos/freertos-7.0.0/source/tasks.o
                0x80006928                vTaskPriorityInherit
 .text.xTaskRemoveFromEventList
                0x800069ac       0x7c src/ASF/thirdparty/freertos/freertos-7.0.0/source/tasks.o
                0x800069ac                xTaskRemoveFromEventList
 .text.vTaskIncrementTick
                0x80006a28      0x114 src/ASF/thirdparty/freertos/freertos-7.0.0/source/tasks.o
                0x80006a28                vTaskIncrementTick
 .text.xTaskCheckForTimeOut
                0x80006b3c       0x70 src/ASF/thirdparty/freertos/freertos-7.0.0/source/tasks.o
                0x80006b3c                xTaskCheckForTimeOut
 .text.xTaskGetTickCount
                0x80006bac       0x24 src/ASF/thirdparty/freertos/freertos-7.0.0/source/tasks.o
                0x80006bac                xTaskGetTickCount
 .text.xTaskResumeAll
                0x80006bd0       0xe8 src/ASF/thirdparty/freertos/freertos-7.0.0/source/tasks.o
                0x80006bd0                xTaskResumeAll
 .text.prvAddCurrentTaskToDelayedList
                0x80006cb8       0x5c src/ASF/thirdparty/freertos/freertos-7.0.0/source/tasks.o
 .text.vTaskDelay
                0x80006d14       0x48 src/ASF/thirdparty/freertos/freertos-7.0.0/source/tasks.o
                0x80006d14                vTaskDelay
 .text.vTaskDelayUntil
                0x80006d5c       0x80 src/ASF/thirdparty/freertos/freertos-7.0.0/source/tasks.o
                0x80006d5c                vTaskDelayUntil
 .text.vTaskPlaceOnEventList
                0x80006ddc       0x58 src/ASF/thirdparty/freertos/freertos-7.0.0/source/tasks.o
                0x80006ddc                vTaskPlaceOnEventList
 .text.prvIdleTask
                0x80006e34       0x88 src/ASF/thirdparty/freertos/freertos-7.0.0/source/tasks.o
 .text.xTaskGenericCreate
                0x80006ebc      0x1e8 src/ASF/thirdparty/freertos/freertos-7.0.0/source/tasks.o
                0x80006ebc                xTaskGenericCreate
 .text.vTaskStartScheduler
                0x800070a4       0x4c src/ASF/thirdparty/freertos/freertos-7.0.0/source/tasks.o
                0x800070a4                vTaskStartScheduler
 .text.PrintChar
                0x800070f0        0x4 src/Log/log.o
                0x800070f0                PrintChar
 .text.PrintHex
                0x800070f4       0xb2 src/Log/log.o
                0x800070f4                PrintHex
 .text.PrintDec
                0x800071a6       0xda src/Log/log.o
                0x800071a6                PrintDec
 .text.log      0x80007280      0x18c src/Log/log.o
                0x80007280                log
 .text.logFromISR
                0x8000740c      0x180 src/Log/log.o
                0x8000740c                logFromISR
 .text.log_init
                0x8000758c       0x64 src/Log/log.o
                0x8000758c                log_init
 .text.task_log
                0x800075f0       0x44 src/Log/log.o
 .text.main     0x80007634       0x70 src/main.o
                0x80007634                main
 .text.free     0x800076a4       0x10 e:/program x86/atmel/studio/7.0/toolchain/avr32/avr32-gnu-toolchain/bin/../lib/gcc/avr32/4.4.7/../../../../avr32/lib/ucr2\libc.a(lib_a-malloc.o)
                                 0x18 (size before relaxing)
                0x800076a4                free
 .text.malloc   0x800076b4       0x10 e:/program x86/atmel/studio/7.0/toolchain/avr32/avr32-gnu-toolchain/bin/../lib/gcc/avr32/4.4.7/../../../../avr32/lib/ucr2\libc.a(lib_a-malloc.o)
                                 0x18 (size before relaxing)
                0x800076b4                malloc
 .text._malloc_r
                0x800076c4      0x438 e:/program x86/atmel/studio/7.0/toolchain/avr32/avr32-gnu-toolchain/bin/../lib/gcc/avr32/4.4.7/../../../../avr32/lib/ucr2\libc.a(lib_a-mallocr.o)
                                0x450 (size before relaxing)
                0x800076c4                _malloc_r
 .text.memcmp   0x80007afc       0x26 e:/program x86/atmel/studio/7.0/toolchain/avr32/avr32-gnu-toolchain/bin/../lib/gcc/avr32/4.4.7/../../../../avr32/lib/ucr2\libc.a(lib_a-memcmp.o)
                0x80007afc                memcmp
 .text          0x80007b22      0x148 e:/program x86/atmel/studio/7.0/toolchain/avr32/avr32-gnu-toolchain/bin/../lib/gcc/avr32/4.4.7/../../../../avr32/lib/ucr2\libc.a(lib_a-memcpy.o)
                0x80007b22                memcpy
 .text.memset   0x80007c6a        0xe e:/program x86/atmel/studio/7.0/toolchain/avr32/avr32-gnu-toolchain/bin/../lib/gcc/avr32/4.4.7/../../../../avr32/lib/ucr2\libc.a(lib_a-memset.o)
                0x80007c6a                memset
 .text._realloc_r
                0x80007c78      0x2c0 e:/program x86/atmel/studio/7.0/toolchain/avr32/avr32-gnu-toolchain/bin/../lib/gcc/avr32/4.4.7/../../../../avr32/lib/ucr2\libc.a(lib_a-reallocr.o)
                                0x2e0 (size before relaxing)
                0x80007c78                _realloc_r
 .text._sbrk_r  0x80007f38       0x20 e:/program x86/atmel/studio/7.0/toolchain/avr32/avr32-gnu-toolchain/bin/../lib/gcc/avr32/4.4.7/../../../../avr32/lib/ucr2\libc.a(lib_a-sbrkr.o)
                                 0x28 (size before relaxing)
                0x80007f38                _sbrk_r
 .text.sprintf  0x80007f58       0x3c e:/program x86/atmel/studio/7.0/toolchain/avr32/avr32-gnu-toolchain/bin/../lib/gcc/avr32/4.4.7/../../../../avr32/lib/ucr2\libc.a(lib_a-sprintf.o)
                                 0x40 (size before relaxing)
                0x80007f58                sprintf
 .text          0x80007f94       0x20 e:/program x86/atmel/studio/7.0/toolchain/avr32/avr32-gnu-toolchain/bin/../lib/gcc/avr32/4.4.7/../../../../avr32/lib/ucr2\libc.a(lib_a-strncpy.o)
                0x80007f94                strncpy
 .text._close   0x80007fb4       0x14 e:/program x86/atmel/studio/7.0/toolchain/avr32/avr32-gnu-toolchain/bin/../lib/gcc/avr32/4.4.7/../../../../avr32/lib/ucr2\libc.a(lib_a-syscalls.o)
                                 0x18 (size before relaxing)
                0x80007fb4                _close
 .text._lseek   0x80007fc8       0x14 e:/program x86/atmel/studio/7.0/toolchain/avr32/avr32-gnu-toolchain/bin/../lib/gcc/avr32/4.4.7/../../../../avr32/lib/ucr2\libc.a(lib_a-syscalls.o)
                                 0x18 (size before relaxing)
                0x80007fc8                _lseek
 .text.isatty   0x80007fdc       0x14 e:/program x86/atmel/studio/7.0/toolchain/avr32/avr32-gnu-toolchain/bin/../lib/gcc/avr32/4.4.7/../../../../avr32/lib/ucr2\libc.a(lib_a-syscalls.o)
                                 0x18 (size before relaxing)
                0x80007fdc                isatty
 .text._fstat_host
                0x80007ff0       0x14 e:/program x86/atmel/studio/7.0/toolchain/avr32/avr32-gnu-toolchain/bin/../lib/gcc/avr32/4.4.7/../../../../avr32/lib/ucr2\libc.a(lib_a-syscalls.o)
                                 0x18 (size before relaxing)
                0x80007ff0                _fstat_host
 .text._fstat   0x80008004       0x4c e:/program x86/atmel/studio/7.0/toolchain/avr32/avr32-gnu-toolchain/bin/../lib/gcc/avr32/4.4.7/../../../../avr32/lib/ucr2\libc.a(lib_a-syscalls.o)
                                 0x50 (size before relaxing)
                0x80008004                _fstat
 .text._sbrk    0x80008050       0x38 e:/program x86/atmel/studio/7.0/toolchain/avr32/avr32-gnu-toolchain/bin/../lib/gcc/avr32/4.4.7/../../../../avr32/lib/ucr2\libc.a(lib_a-syscalls.o)
                                 0x40 (size before relaxing)
                0x80008050                _sbrk
 .text.get_arg  0x80008088      0x314 e:/program x86/atmel/studio/7.0/toolchain/avr32/avr32-gnu-toolchain/bin/../lib/gcc/avr32/4.4.7/../../../../avr32/lib/ucr2\libc.a(lib_a-vfprintf.o)
                                0x324 (size before relaxing)
 .text.__sprint_r
                0x8000839c       0x1c e:/program x86/atmel/studio/7.0/toolchain/avr32/avr32-gnu-toolchain/bin/../lib/gcc/avr32/4.4.7/../../../../avr32/lib/ucr2\libc.a(lib_a-vfprintf.o)
                                 0x20 (size before relaxing)
 .text._vfprintf_r
                0x800083b8     0x1f14 e:/program x86/atmel/studio/7.0/toolchain/avr32/avr32-gnu-toolchain/bin/../lib/gcc/avr32/4.4.7/../../../../avr32/lib/ucr2\libc.a(lib_a-vfprintf.o)
                               0x1f9c (size before relaxing)
                0x800083b8                _vfprintf_r
 .text.__swsetup_r
                0x8000a2cc       0xdc e:/program x86/atmel/studio/7.0/toolchain/avr32/avr32-gnu-toolchain/bin/../lib/gcc/avr32/4.4.7/../../../../avr32/lib/ucr2\libc.a(lib_a-wsetup.o)
                                 0xe8 (size before relaxing)
                0x8000a2cc                __swsetup_r
 .text.quorem   0x8000a3a8      0x120 e:/program x86/atmel/studio/7.0/toolchain/avr32/avr32-gnu-toolchain/bin/../lib/gcc/avr32/4.4.7/../../../../avr32/lib/ucr2\libc.a(lib_a-dtoa.o)
                                0x124 (size before relaxing)
 .text._dtoa_r  0x8000a4c8      0xbdc e:/program x86/atmel/studio/7.0/toolchain/avr32/avr32-gnu-toolchain/bin/../lib/gcc/avr32/4.4.7/../../../../avr32/lib/ucr2\libc.a(lib_a-dtoa.o)
                                0xc90 (size before relaxing)
                0x8000a4c8                _dtoa_r
 .text.__errno  0x8000b0a4        0xc e:/program x86/atmel/studio/7.0/toolchain/avr32/avr32-gnu-toolchain/bin/../lib/gcc/avr32/4.4.7/../../../../avr32/lib/ucr2\libc.a(lib_a-errno.o)
                0x8000b0a4                __errno
 .text._fflush_r
                0x8000b0b0      0x10c e:/program x86/atmel/studio/7.0/toolchain/avr32/avr32-gnu-toolchain/bin/../lib/gcc/avr32/4.4.7/../../../../avr32/lib/ucr2\libc.a(lib_a-fflush.o)
                                0x118 (size before relaxing)
                0x8000b0b0                _fflush_r
 .text.__sfp_lock_acquire
                0x8000b1bc        0x2 e:/program x86/atmel/studio/7.0/toolchain/avr32/avr32-gnu-toolchain/bin/../lib/gcc/avr32/4.4.7/../../../../avr32/lib/ucr2\libc.a(lib_a-findfp.o)
                0x8000b1bc                __sfp_lock_acquire
 .text.__sfp_lock_release
                0x8000b1be        0x2 e:/program x86/atmel/studio/7.0/toolchain/avr32/avr32-gnu-toolchain/bin/../lib/gcc/avr32/4.4.7/../../../../avr32/lib/ucr2\libc.a(lib_a-findfp.o)
                0x8000b1be                __sfp_lock_release
 .text._cleanup_r
                0x8000b1c0        0xc e:/program x86/atmel/studio/7.0/toolchain/avr32/avr32-gnu-toolchain/bin/../lib/gcc/avr32/4.4.7/../../../../avr32/lib/ucr2\libc.a(lib_a-findfp.o)
                                 0x14 (size before relaxing)
                0x8000b1c0                _cleanup_r
 .text.__sfmoreglue
                0x8000b1cc       0x28 e:/program x86/atmel/studio/7.0/toolchain/avr32/avr32-gnu-toolchain/bin/../lib/gcc/avr32/4.4.7/../../../../avr32/lib/ucr2\libc.a(lib_a-findfp.o)
                                 0x30 (size before relaxing)
                0x8000b1cc                __sfmoreglue
 .text.__sfp    0x8000b1f4       0x6c e:/program x86/atmel/studio/7.0/toolchain/avr32/avr32-gnu-toolchain/bin/../lib/gcc/avr32/4.4.7/../../../../avr32/lib/ucr2\libc.a(lib_a-findfp.o)
                                 0x7c (size before relaxing)
                0x8000b1f4                __sfp
 .text.__sinit  0x8000b260       0x9c e:/program x86/atmel/studio/7.0/toolchain/avr32/avr32-gnu-toolchain/bin/../lib/gcc/avr32/4.4.7/../../../../avr32/lib/ucr2\libc.a(lib_a-findfp.o)
                                 0xb0 (size before relaxing)
                0x8000b260                __sinit
 .text._malloc_trim_r
                0x8000b2fc       0x98 e:/program x86/atmel/studio/7.0/toolchain/avr32/avr32-gnu-toolchain/bin/../lib/gcc/avr32/4.4.7/../../../../avr32/lib/ucr2\libc.a(lib_a-freer.o)
                                 0xa8 (size before relaxing)
                0x8000b2fc                _malloc_trim_r
 .text._free_r  0x8000b394      0x18c e:/program x86/atmel/studio/7.0/toolchain/avr32/avr32-gnu-toolchain/bin/../lib/gcc/avr32/4.4.7/../../../../avr32/lib/ucr2\libc.a(lib_a-freer.o)
                                0x1a0 (size before relaxing)
                0x8000b394                _free_r
 .text.__sfvwrite_r
                0x8000b520      0x294 e:/program x86/atmel/studio/7.0/toolchain/avr32/avr32-gnu-toolchain/bin/../lib/gcc/avr32/4.4.7/../../../../avr32/lib/ucr2\libc.a(lib_a-fvwrite.o)
                                0x2c4 (size before relaxing)
                0x8000b520                __sfvwrite_r
 .text._fwalk   0x8000b7b4       0x4c e:/program x86/atmel/studio/7.0/toolchain/avr32/avr32-gnu-toolchain/bin/../lib/gcc/avr32/4.4.7/../../../../avr32/lib/ucr2\libc.a(lib_a-fwalk.o)
                                 0x54 (size before relaxing)
                0x8000b7b4                _fwalk
 .text._localeconv_r
                0x8000b800        0x8 e:/program x86/atmel/studio/7.0/toolchain/avr32/avr32-gnu-toolchain/bin/../lib/gcc/avr32/4.4.7/../../../../avr32/lib/ucr2\libc.a(lib_a-locale.o)
                0x8000b800                _localeconv_r
 .text.__smakebuf_r
                0x8000b808       0xbc e:/program x86/atmel/studio/7.0/toolchain/avr32/avr32-gnu-toolchain/bin/../lib/gcc/avr32/4.4.7/../../../../avr32/lib/ucr2\libc.a(lib_a-makebuf.o)
                                 0xcc (size before relaxing)
                0x8000b808                __smakebuf_r
 .text.memchr   0x8000b8c4       0x16 e:/program x86/atmel/studio/7.0/toolchain/avr32/avr32-gnu-toolchain/bin/../lib/gcc/avr32/4.4.7/../../../../avr32/lib/ucr2\libc.a(lib_a-memchr.o)
                0x8000b8c4                memchr
 .text.memmove  0x8000b8da       0x3e e:/program x86/atmel/studio/7.0/toolchain/avr32/avr32-gnu-toolchain/bin/../lib/gcc/avr32/4.4.7/../../../../avr32/lib/ucr2\libc.a(lib_a-memmove.o)
                0x8000b8da                memmove
 .text.__hi0bits
                0x8000b918       0x60 e:/program x86/atmel/studio/7.0/toolchain/avr32/avr32-gnu-toolchain/bin/../lib/gcc/avr32/4.4.7/../../../../avr32/lib/ucr2\libc.a(lib_a-mprec.o)
                0x8000b918                __hi0bits
 .text.__lo0bits
                0x8000b978       0x8e e:/program x86/atmel/studio/7.0/toolchain/avr32/avr32-gnu-toolchain/bin/../lib/gcc/avr32/4.4.7/../../../../avr32/lib/ucr2\libc.a(lib_a-mprec.o)
                0x8000b978                __lo0bits
 .text.__mcmp   0x8000ba06       0x32 e:/program x86/atmel/studio/7.0/toolchain/avr32/avr32-gnu-toolchain/bin/../lib/gcc/avr32/4.4.7/../../../../avr32/lib/ucr2\libc.a(lib_a-mprec.o)
                0x8000ba06                __mcmp
 .text._Bfree   0x8000ba38       0x34 e:/program x86/atmel/studio/7.0/toolchain/avr32/avr32-gnu-toolchain/bin/../lib/gcc/avr32/4.4.7/../../../../avr32/lib/ucr2\libc.a(lib_a-mprec.o)
                                 0x38 (size before relaxing)
                0x8000ba38                _Bfree
 .text._Balloc  0x8000ba6c       0x70 e:/program x86/atmel/studio/7.0/toolchain/avr32/avr32-gnu-toolchain/bin/../lib/gcc/avr32/4.4.7/../../../../avr32/lib/ucr2\libc.a(lib_a-mprec.o)
                                 0x78 (size before relaxing)
                0x8000ba6c                _Balloc
 .text.__d2b    0x8000badc       0xa0 e:/program x86/atmel/studio/7.0/toolchain/avr32/avr32-gnu-toolchain/bin/../lib/gcc/avr32/4.4.7/../../../../avr32/lib/ucr2\libc.a(lib_a-mprec.o)
                                 0xb4 (size before relaxing)
                0x8000badc                __d2b
 .text.__mdiff  0x8000bb7c       0xd0 e:/program x86/atmel/studio/7.0/toolchain/avr32/avr32-gnu-toolchain/bin/../lib/gcc/avr32/4.4.7/../../../../avr32/lib/ucr2\libc.a(lib_a-mprec.o)
                                 0xd8 (size before relaxing)
                0x8000bb7c                __mdiff
 .text.__lshift
                0x8000bc4c       0x88 e:/program x86/atmel/studio/7.0/toolchain/avr32/avr32-gnu-toolchain/bin/../lib/gcc/avr32/4.4.7/../../../../avr32/lib/ucr2\libc.a(lib_a-mprec.o)
                                 0x94 (size before relaxing)
                0x8000bc4c                __lshift
 .text.__multiply
                0x8000bcd4      0x100 e:/program x86/atmel/studio/7.0/toolchain/avr32/avr32-gnu-toolchain/bin/../lib/gcc/avr32/4.4.7/../../../../avr32/lib/ucr2\libc.a(lib_a-mprec.o)
                                0x108 (size before relaxing)
                0x8000bcd4                __multiply
 .text.__i2b    0x8000bdd4       0x10 e:/program x86/atmel/studio/7.0/toolchain/avr32/avr32-gnu-toolchain/bin/../lib/gcc/avr32/4.4.7/../../../../avr32/lib/ucr2\libc.a(lib_a-mprec.o)
                                 0x18 (size before relaxing)
                0x8000bdd4                __i2b
 .text.__multadd
                0x8000bde4       0x7c e:/program x86/atmel/studio/7.0/toolchain/avr32/avr32-gnu-toolchain/bin/../lib/gcc/avr32/4.4.7/../../../../avr32/lib/ucr2\libc.a(lib_a-mprec.o)
                                 0x88 (size before relaxing)
                0x8000bde4                __multadd
 .text.__pow5mult
                0x8000be60       0x8c e:/program x86/atmel/studio/7.0/toolchain/avr32/avr32-gnu-toolchain/bin/../lib/gcc/avr32/4.4.7/../../../../avr32/lib/ucr2\libc.a(lib_a-mprec.o)
                                 0xac (size before relaxing)
                0x8000be60                __pow5mult
 .text.__isinfd
                0x8000beec       0x2a e:/program x86/atmel/studio/7.0/toolchain/avr32/avr32-gnu-toolchain/bin/../lib/gcc/avr32/4.4.7/../../../../avr32/lib/ucr2\libc.a(lib_a-s_isinfd.o)
                0x8000beec                __isinfd
 .text.__isnand
                0x8000bf16       0x1c e:/program x86/atmel/studio/7.0/toolchain/avr32/avr32-gnu-toolchain/bin/../lib/gcc/avr32/4.4.7/../../../../avr32/lib/ucr2\libc.a(lib_a-s_isnand.o)
                0x8000bf16                __isnand
 *fill*         0x8000bf32        0x2 d703d703
 .text.__sclose
                0x8000bf34        0x8 e:/program x86/atmel/studio/7.0/toolchain/avr32/avr32-gnu-toolchain/bin/../lib/gcc/avr32/4.4.7/../../../../avr32/lib/ucr2\libc.a(lib_a-stdio.o)
                                 0x10 (size before relaxing)
                0x8000bf34                __sclose
 .text.__sseek  0x8000bf3c       0x20 e:/program x86/atmel/studio/7.0/toolchain/avr32/avr32-gnu-toolchain/bin/../lib/gcc/avr32/4.4.7/../../../../avr32/lib/ucr2\libc.a(lib_a-stdio.o)
                                 0x28 (size before relaxing)
                0x8000bf3c                __sseek
 .text.__swrite
                0x8000bf5c       0x2c e:/program x86/atmel/studio/7.0/toolchain/avr32/avr32-gnu-toolchain/bin/../lib/gcc/avr32/4.4.7/../../../../avr32/lib/ucr2\libc.a(lib_a-stdio.o)
                                 0x38 (size before relaxing)
                0x8000bf5c                __swrite
 .text.__sread  0x8000bf88       0x1c e:/program x86/atmel/studio/7.0/toolchain/avr32/avr32-gnu-toolchain/bin/../lib/gcc/avr32/4.4.7/../../../../avr32/lib/ucr2\libc.a(lib_a-stdio.o)
                                 0x24 (size before relaxing)
                0x8000bf88                __sread
 .text.strlen   0x8000bfa4       0x16 e:/program x86/atmel/studio/7.0/toolchain/avr32/avr32-gnu-toolchain/bin/../lib/gcc/avr32/4.4.7/../../../../avr32/lib/ucr2\libc.a(lib_a-strlen.o)
                0x8000bfa4                strlen
 *fill*         0x8000bfba        0x2 d703d703
 .text._write_r
                0x8000bfbc       0x28 e:/program x86/atmel/studio/7.0/toolchain/avr32/avr32-gnu-toolchain/bin/../lib/gcc/avr32/4.4.7/../../../../avr32/lib/ucr2\libc.a(lib_a-writer.o)
                                 0x2c (size before relaxing)
                0x8000bfbc                _write_r
 .text._calloc_r
                0x8000bfe4       0x58 e:/program x86/atmel/studio/7.0/toolchain/avr32/avr32-gnu-toolchain/bin/../lib/gcc/avr32/4.4.7/../../../../avr32/lib/ucr2\libc.a(lib_a-callocr.o)
                                 0x60 (size before relaxing)
                0x8000bfe4                _calloc_r
 .text._close_r
                0x8000c03c       0x20 e:/program x86/atmel/studio/7.0/toolchain/avr32/avr32-gnu-toolchain/bin/../lib/gcc/avr32/4.4.7/../../../../avr32/lib/ucr2\libc.a(lib_a-closer.o)
                                 0x28 (size before relaxing)
                0x8000c03c                _close_r
 .text._fclose_r
                0x8000c05c       0xb8 e:/program x86/atmel/studio/7.0/toolchain/avr32/avr32-gnu-toolchain/bin/../lib/gcc/avr32/4.4.7/../../../../avr32/lib/ucr2\libc.a(lib_a-fclose.o)
                                 0xd0 (size before relaxing)
                0x8000c05c                _fclose_r
 .text.fclose   0x8000c114       0x10 e:/program x86/atmel/studio/7.0/toolchain/avr32/avr32-gnu-toolchain/bin/../lib/gcc/avr32/4.4.7/../../../../avr32/lib/ucr2\libc.a(lib_a-fclose.o)
                                 0x18 (size before relaxing)
                0x8000c114                fclose
 .text._fstat_r
                0x8000c124       0x24 e:/program x86/atmel/studio/7.0/toolchain/avr32/avr32-gnu-toolchain/bin/../lib/gcc/avr32/4.4.7/../../../../avr32/lib/ucr2\libc.a(lib_a-fstatr.o)
                                 0x2c (size before relaxing)
                0x8000c124                _fstat_r
 .text._lseek_r
                0x8000c148       0x28 e:/program x86/atmel/studio/7.0/toolchain/avr32/avr32-gnu-toolchain/bin/../lib/gcc/avr32/4.4.7/../../../../avr32/lib/ucr2\libc.a(lib_a-lseekr.o)
                                 0x2c (size before relaxing)
                0x8000c148                _lseek_r
 .text._read_r  0x8000c170       0x28 e:/program x86/atmel/studio/7.0/toolchain/avr32/avr32-gnu-toolchain/bin/../lib/gcc/avr32/4.4.7/../../../../avr32/lib/ucr2\libc.a(lib_a-readr.o)
                                 0x2c (size before relaxing)
                0x8000c170                _read_r
 .text          0x8000c198      0x1d4 e:/program x86/atmel/studio/7.0/toolchain/avr32/avr32-gnu-toolchain/bin/../lib/gcc/avr32/4.4.7/ucr2\libgcc.a(_avr32_f64_mul.o)
                0x8000c198                __avr32_f64_mul
 .text          0x8000c36c      0x2b0 e:/program x86/atmel/studio/7.0/toolchain/avr32/avr32-gnu-toolchain/bin/../lib/gcc/avr32/4.4.7/ucr2\libgcc.a(_avr32_f64_addsub.o)
                0x8000c370                __avr32_f64_sub
                0x8000c50c                __avr32_f64_add
 .text          0x8000c61c       0x2a e:/program x86/atmel/studio/7.0/toolchain/avr32/avr32-gnu-toolchain/bin/../lib/gcc/avr32/4.4.7/ucr2\libgcc.a(_avr32_f64_to_s32.o)
                0x8000c61c                __avr32_f64_to_u32
                0x8000c620                __avr32_f64_to_s32
 .text          0x8000c646       0xe8 e:/program x86/atmel/studio/7.0/toolchain/avr32/avr32-gnu-toolchain/bin/../lib/gcc/avr32/4.4.7/ucr2\libgcc.a(_avr32_s32_to_f64.o)
                0x8000c646                __avr32_u32_to_f64
                0x8000c64e                __avr32_s32_to_f64
 .text          0x8000c72e       0x26 e:/program x86/atmel/studio/7.0/toolchain/avr32/avr32-gnu-toolchain/bin/../lib/gcc/avr32/4.4.7/ucr2\libgcc.a(_avr32_f64_cmp_eq.o)
                0x8000c72e                __avr32_f64_cmp_eq
 .text          0x8000c754       0x68 e:/program x86/atmel/studio/7.0/toolchain/avr32/avr32-gnu-toolchain/bin/../lib/gcc/avr32/4.4.7/ucr2\libgcc.a(_avr32_f64_cmp_ge.o)
                0x8000c754                __avr32_f64_cmp_ge
 .text          0x8000c7bc       0x68 e:/program x86/atmel/studio/7.0/toolchain/avr32/avr32-gnu-toolchain/bin/../lib/gcc/avr32/4.4.7/ucr2\libgcc.a(_avr32_f64_cmp_lt.o)
                0x8000c7bc                __avr32_f64_cmp_lt
 .text          0x8000c824      0x318 e:/program x86/atmel/studio/7.0/toolchain/avr32/avr32-gnu-toolchain/bin/../lib/gcc/avr32/4.4.7/ucr2\libgcc.a(_avr32_f64_div.o)
                0x8000c824                __avr32_f64_div
 .text          0x8000cb3c      0x264 e:/program x86/atmel/studio/7.0/toolchain/avr32/avr32-gnu-toolchain/bin/../lib/gcc/avr32/4.4.7/ucr2\libgcc.a(_udivdi3.o)
                0x8000cb3c                __avr32_udiv64
                0x8000cb3c                __udivdi3
 .text          0x8000cda0      0x20c e:/program x86/atmel/studio/7.0/toolchain/avr32/avr32-gnu-toolchain/bin/../lib/gcc/avr32/4.4.7/ucr2\libgcc.a(_umoddi3.o)
                0x8000cda0                __avr32_umod64
                0x8000cda0                __umoddi3
 *(.text.*personality*)
 *(.gnu.warning)

.exception      0x8000d000      0x200
 .exception     0x8000d000      0x200 src/ASF/thirdparty/freertos/freertos-7.0.0/source/portable/gcc/avr32_uc3/exception.o
                0x8000d000                _evba
                0x8000d104                _int0
                0x8000d112                _int1
                0x8000d120                _int2
                0x8000d12e                _int3
                0x8000d13c                ipr_val

.fini
 *(.fini)
                0x8000d200                PROVIDE (__etext, .)
                0x8000d200                PROVIDE (_etext, .)
                0x8000d200                PROVIDE (etext, .)

.rodata         0x8000d200     0x13c0
 *(.rodata .rodata.* .gnu.linkonce.r.*)
 .rodata.str1.4
                0x8000d200      0x71e src/Application/app/app.o
                                0x720 (size before relaxing)
 *fill*         0x8000d91e        0x2 
 .rodata.CSWTCH.36
                0x8000d920       0x48 src/Application/radio/ambe.o
 .rodata.str1.4
                0x8000d968       0x44 src/Application/radio/physical.o
 .rodata.str1.4
                0x8000d9ac        0x8 src/Application/radio/xcmp.o
 .rodata.str1.4
                0x8000d9b4        0xf src/Application/radio/xnl.o
                                 0x10 (size before relaxing)
 *fill*         0x8000d9c3        0x1 
 .rodata.RC522_SPI_GPIO_MAP.10477
                0x8000d9c4       0x20 src/Application/RFID/MFRC522/rc522.o
 .rodata.CSWTCH.75
                0x8000d9e4        0x4 src/Application/RFID/MFRC522/rc522.o
 .rodata.CSWTCH.76
                0x8000d9e8        0x4 src/Application/RFID/MFRC522/rc522.o
 .rodata.C.52.10479
                0x8000d9ec       0x10 src/Application/RFID/MFRC522/rc522.o
 .rodata.str1.4
                0x8000d9fc       0x85 src/Application/RFID/RFID.o
                                 0x88 (size before relaxing)
 *fill*         0x8000da81        0x3 
 .rodata.TC_GPIO_MAP.10364
                0x8000da84       0x18 src/Application/timers/timer.o
 .rodata.str1.4
                0x8000da9c      0x1e2 src/Application/xgflash/xgflash.o
                                0x1e4 (size before relaxing)
 .rodata.C.35.9834
                0x8000dc7e       0x10 src/ASF/avr32/drivers/flashc/flashc.o
 *fill*         0x8000dc8e        0x2 
 .rodata._int_handler_table
                0x8000dc90       0x98 src/ASF/avr32/drivers/intc/intc.o
 .rodata.str1.4
                0x8000dd28        0x5 src/ASF/thirdparty/freertos/freertos-7.0.0/source/tasks.o
                                  0x8 (size before relaxing)
 *fill*         0x8000dd2d        0x3 
 .rodata.log    0x8000dd30      0x150 src/Log/log.o
 .rodata.logFromISR
                0x8000de80      0x150 src/Log/log.o
 .rodata.USART_OPTIONS.11278
                0x8000dfd0        0xc src/Log/log.o
 .rodata.str1.4
                0x8000dfdc       0x3c src/Log/log.o
 .rodata.USART_GPIO_MAP.11277
                0x8000e018       0x10 src/Log/log.o
 .rodata.str1.4
                0x8000e028       0x14 src/main.o
 .rodata.get_arg
                0x8000e03c       0x3c e:/program x86/atmel/studio/7.0/toolchain/avr32/avr32-gnu-toolchain/bin/../lib/gcc/avr32/4.4.7/../../../../avr32/lib/ucr2\libc.a(lib_a-vfprintf.o)
 .rodata._vfprintf_r
                0x8000e078      0x164 e:/program x86/atmel/studio/7.0/toolchain/avr32/avr32-gnu-toolchain/bin/../lib/gcc/avr32/4.4.7/../../../../avr32/lib/ucr2\libc.a(lib_a-vfprintf.o)
 .rodata.state_table
                0x8000e1dc       0x6c e:/program x86/atmel/studio/7.0/toolchain/avr32/avr32-gnu-toolchain/bin/../lib/gcc/avr32/4.4.7/../../../../avr32/lib/ucr2\libc.a(lib_a-vfprintf.o)
 .rodata.action_table
                0x8000e248       0x6c e:/program x86/atmel/studio/7.0/toolchain/avr32/avr32-gnu-toolchain/bin/../lib/gcc/avr32/4.4.7/../../../../avr32/lib/ucr2\libc.a(lib_a-vfprintf.o)
 .rodata.str1.4
                0x8000e2b4       0x3a e:/program x86/atmel/studio/7.0/toolchain/avr32/avr32-gnu-toolchain/bin/../lib/gcc/avr32/4.4.7/../../../../avr32/lib/ucr2\libc.a(lib_a-vfprintf.o)
                                 0x3c (size before relaxing)
 *fill*         0x8000e2ee        0x2 
 .rodata.blanks.3430
                0x8000e2f0       0x10 e:/program x86/atmel/studio/7.0/toolchain/avr32/avr32-gnu-toolchain/bin/../lib/gcc/avr32/4.4.7/../../../../avr32/lib/ucr2\libc.a(lib_a-vfprintf.o)
 .rodata.zeroes.3431
                0x8000e300       0x10 e:/program x86/atmel/studio/7.0/toolchain/avr32/avr32-gnu-toolchain/bin/../lib/gcc/avr32/4.4.7/../../../../avr32/lib/ucr2\libc.a(lib_a-vfprintf.o)
 .rodata.chclass
                0x8000e310      0x100 e:/program x86/atmel/studio/7.0/toolchain/avr32/avr32-gnu-toolchain/bin/../lib/gcc/avr32/4.4.7/../../../../avr32/lib/ucr2\libc.a(lib_a-vfprintf.o)
 .rodata.str1.4
                0x8000e410       0x10 e:/program x86/atmel/studio/7.0/toolchain/avr32/avr32-gnu-toolchain/bin/../lib/gcc/avr32/4.4.7/../../../../avr32/lib/ucr2\libc.a(lib_a-dtoa.o)
                                 0x14 (size before relaxing)
 .rodata.__sf_fake_stdin
                0x8000e420       0x20 e:/program x86/atmel/studio/7.0/toolchain/avr32/avr32-gnu-toolchain/bin/../lib/gcc/avr32/4.4.7/../../../../avr32/lib/ucr2\libc.a(lib_a-findfp.o)
                0x8000e420                __sf_fake_stdin
 .rodata.__sf_fake_stdout
                0x8000e440       0x20 e:/program x86/atmel/studio/7.0/toolchain/avr32/avr32-gnu-toolchain/bin/../lib/gcc/avr32/4.4.7/../../../../avr32/lib/ucr2\libc.a(lib_a-findfp.o)
                0x8000e440                __sf_fake_stdout
 .rodata.__sf_fake_stderr
                0x8000e460       0x20 e:/program x86/atmel/studio/7.0/toolchain/avr32/avr32-gnu-toolchain/bin/../lib/gcc/avr32/4.4.7/../../../../avr32/lib/ucr2\libc.a(lib_a-findfp.o)
                0x8000e460                __sf_fake_stderr
 .rodata.str1.4
                0x8000e480        0x2 e:/program x86/atmel/studio/7.0/toolchain/avr32/avr32-gnu-toolchain/bin/../lib/gcc/avr32/4.4.7/../../../../avr32/lib/ucr2\libc.a(lib_a-impure.o)
                                  0x4 (size before relaxing)
 *fill*         0x8000e482        0x2 
 .rodata._global_impure_ptr
                0x8000e484        0x4 e:/program x86/atmel/studio/7.0/toolchain/avr32/avr32-gnu-toolchain/bin/../lib/gcc/avr32/4.4.7/../../../../avr32/lib/ucr2\libc.a(lib_a-impure.o)
                0x8000e484                _global_impure_ptr
 .rodata.lconv  0x8000e488       0x30 e:/program x86/atmel/studio/7.0/toolchain/avr32/avr32-gnu-toolchain/bin/../lib/gcc/avr32/4.4.7/../../../../avr32/lib/ucr2\libc.a(lib_a-locale.o)
 .rodata.str1.4
                0x8000e4b8        0xc e:/program x86/atmel/studio/7.0/toolchain/avr32/avr32-gnu-toolchain/bin/../lib/gcc/avr32/4.4.7/../../../../avr32/lib/ucr2\libc.a(lib_a-locale.o)
                                 0x18 (size before relaxing)
 .rodata.p05.2471
                0x8000e4c4        0xc e:/program x86/atmel/studio/7.0/toolchain/avr32/avr32-gnu-toolchain/bin/../lib/gcc/avr32/4.4.7/../../../../avr32/lib/ucr2\libc.a(lib_a-mprec.o)
 .rodata.__mprec_tens
                0x8000e4d0       0xc8 e:/program x86/atmel/studio/7.0/toolchain/avr32/avr32-gnu-toolchain/bin/../lib/gcc/avr32/4.4.7/../../../../avr32/lib/ucr2\libc.a(lib_a-mprec.o)
                0x8000e4d0                __mprec_tens
 .rodata.__mprec_bigtens
                0x8000e598       0x28 e:/program x86/atmel/studio/7.0/toolchain/avr32/avr32-gnu-toolchain/bin/../lib/gcc/avr32/4.4.7/../../../../avr32/lib/ucr2\libc.a(lib_a-mprec.o)
                0x8000e598                __mprec_bigtens

.rodata1
 *(.rodata1)

.eh_frame_hdr
 *(.eh_frame_hdr)

.eh_frame
 *(.eh_frame)

.gcc_except_table
 *(.gcc_except_table)
 *(.gcc_except_table.*)

.dalign         0x8000e5c0        0x0
                0x8000e5c0                . = ALIGN (0x8)
                0x8000e5c0                PROVIDE (_data_lma, .)
                0x00000004                PROVIDE (_data, ORIGIN (CPUSRAM))
                0x00000004                . = ORIGIN (CPUSRAM)

.eh_frame
 *(.eh_frame)

.gcc_except_table
 *(.gcc_except_table)
 *(.gcc_except_table.*)

.tdata
 *(.tdata .tdata.* .gnu.linkonce.td.*)

.tbss
 *(.tbss .tbss.* .gnu.linkonce.tb.*)
 *(.tcommon)
                0x00000004                PROVIDE (__preinit_array_start, ALIGN (0x4))

.preinit_array
 *(.preinit_array)
                0x00000004                PROVIDE (__preinit_array_end, .)
                0x00000004                PROVIDE (__init_array_start, .)

.init_array
 *(.init_array)
                0x00000004                PROVIDE (__init_array_end, .)
                0x00000004                PROVIDE (__fini_array_start, .)

.fini_array
 *(.fini_array)
                0x00000004                PROVIDE (__fini_array_end, .)

.ctors
 *crtbegin*.o(.ctors)
 *(EXCLUDE_FILE(*crtend*.o) .ctors)
 *(SORT(.ctors.*))
 *(.ctors)

.dtors
 *crtbegin*.o(.dtors)
 *(EXCLUDE_FILE(*crtend*.o) .dtors)
 *(SORT(.dtors.*))
 *(.dtors)

.jcr
 *(.jcr)

.data.rel.ro
 *(.data.rel.ro.local)
 *(.data.rel.ro*)

.dynamic
 *(.dynamic)

.got
 *(.got.plt)
 *(.got)

.data           0x00000004      0xa48 load address 0x8000e5c0
 *(.data .data.* .gnu.linkonce.d.*)
 .data.the_app_list
                0x00000004      0x4ec src/Application/app/app.o
 .data.xnl_proc_list
                0x000004f0       0x34 src/Application/radio/xnl.o
 .data.unsure_data
                0x00000524        0x8 src/Application/RFID/RFID.o
                0x00000524                unsure_data
 .data.start_session.11449
                0x0000052c        0x1 src/Application/RFID/RFID.o
 *fill*         0x0000052d        0x3 
 .data.XGFlashLabel
                0x00000530        0x8 src/Application/xgflash/xgflash.o
                0x00000530                XGFlashLabel
 .data.current_save_message_offset
                0x00000538        0x4 src/Application/xgflash/xgflash.o
 .data.flashc_wait_until_ready
                0x0000053c        0x4 src/ASF/avr32/drivers/flashc/flashc.o
                0x0000053c                flashc_wait_until_ready
 .data.ulCriticalNesting
                0x00000540        0x4 src/ASF/thirdparty/freertos/freertos-7.0.0/source/portable/gcc/avr32_uc3/port.o
                0x00000540                ulCriticalNesting
 .data.xNextTaskUnblockTime
                0x00000544        0x4 src/ASF/thirdparty/freertos/freertos-7.0.0/source/tasks.o
 .data.__malloc_av_
                0x00000548      0x408 e:/program x86/atmel/studio/7.0/toolchain/avr32/avr32-gnu-toolchain/bin/../lib/gcc/avr32/4.4.7/../../../../avr32/lib/ucr2\libc.a(lib_a-mallocr.o)
                0x00000548                __malloc_av_
 .data.__malloc_trim_threshold
                0x00000950        0x4 e:/program x86/atmel/studio/7.0/toolchain/avr32/avr32-gnu-toolchain/bin/../lib/gcc/avr32/4.4.7/../../../../avr32/lib/ucr2\libc.a(lib_a-mallocr.o)
                0x00000950                __malloc_trim_threshold
 .data.__malloc_sbrk_base
                0x00000954        0x4 e:/program x86/atmel/studio/7.0/toolchain/avr32/avr32-gnu-toolchain/bin/../lib/gcc/avr32/4.4.7/../../../../avr32/lib/ucr2\libc.a(lib_a-mallocr.o)
                0x00000954                __malloc_sbrk_base
 .data.impure_data
                0x00000958       0xf0 e:/program x86/atmel/studio/7.0/toolchain/avr32/avr32-gnu-toolchain/bin/../lib/gcc/avr32/4.4.7/../../../../avr32/lib/ucr2\libc.a(lib_a-impure.o)
 .data._impure_ptr
                0x00000a48        0x4 e:/program x86/atmel/studio/7.0/toolchain/avr32/avr32-gnu-toolchain/bin/../lib/gcc/avr32/4.4.7/../../../../avr32/lib/ucr2\libc.a(lib_a-impure.o)
                0x00000a48                _impure_ptr
 *(.gnu.linkonce.d.*personality*)

.data1
 *(.data1)

.balign         0x00000a4c        0x4 load address 0x8000f008
                0x00000a50                . = ALIGN (0x8)
 *fill*         0x00000a4c        0x4 
                0x00000a50                _edata = .
                0x00000a50                _edata = .
                0x00000a50                PROVIDE (edata, .)
                0x00000a50                __bss_start = .

.bss            0x00000a50     0x49d0 load address 0x8000f008
 *(.dynbss)
 *(.bss .bss.* .gnu.linkonce.b.*)
 .bss.Speaker_is_unmute
                0x00000a50        0x1 src/Application/app/app.o
                0x00000a50                Speaker_is_unmute
 .bss.AMBE_rx_flag
                0x00000a51        0x1 src/Application/app/app.o
                0x00000a51                AMBE_rx_flag
 .bss.VF_SN     0x00000a52        0x1 src/Application/app/app.o
                0x00000a52                VF_SN
 .bss.AMBE_tx_flag
                0x00000a53        0x1 src/Application/app/app.o
                0x00000a53                AMBE_tx_flag
 .bss.Radio_Transmit_State
                0x00000a54        0x1 src/Application/app/app.o
                0x00000a54                Radio_Transmit_State
 .bss.Call_Begin
                0x00000a55        0x1 src/Application/app/app.o
                0x00000a55                Call_Begin
 .bss.AMBE_Media
                0x00000a56        0x1 src/Application/app/app.o
                0x00000a56                AMBE_Media
 *fill*         0x00000a57        0x1 
 .bss.xLastWakeTime.12252
                0x00000a58        0x4 src/Application/app/app.o
 .bss.water_value.12253
                0x00000a5c        0x4 src/Application/app/app.o
 .bss.connect_flag
                0x00000a60        0x1 src/Application/app/app.o
 .bss.Mic_is_Enabled
                0x00000a61        0x1 src/Application/app/app.o
                0x00000a61                Mic_is_Enabled
 *fill*         0x00000a62        0x2 
 .bss.res.12240
                0x00000a64        0x4 src/Application/app/app.o
 .bss.times_counter.12283
                0x00000a68        0x1 src/Application/app/app.o
 .bss.Terminator_Flag
                0x00000a69        0x1 src/Application/app/app.o
                0x00000a69                Terminator_Flag
 *fill*         0x00000a6a        0x2 
 .bss.ulIdleCycleCount
                0x00000a6c        0x4 src/Application/app/app.o
                0x00000a6c                ulIdleCycleCount
 .bss.payload_rx_exec
                0x00000a70        0x4 src/Application/radio/payload.o
                0x00000a70                payload_rx_exec
 .bss.payload_tx_exec
                0x00000a74        0x4 src/Application/radio/payload.o
                0x00000a74                payload_tx_exec
 .bss.phy_tx_index.10647
                0x00000a78        0x1 src/Application/radio/physical.o
 *fill*         0x00000a79        0x3 
 .bss.RxBytesWaiting.10956
                0x00000a7c        0x4 src/Application/radio/physical.o
 .bss.phy_rx_length.10690
                0x00000a80        0x2 src/Application/radio/physical.o
 *fill*         0x00000a82        0x2 
 .bss.RxData_IsFillingNext16.10955
                0x00000a84        0x4 src/Application/radio/physical.o
 .bss.AMBE_HT   0x00000a88        0x8 src/Application/radio/physical.o
 .bss.Item_ID.10961
                0x00000a90        0x1 src/Application/radio/physical.o
 .bss.is_first.10960
                0x00000a91        0x1 src/Application/radio/physical.o
 .bss.phy_rx_expexted_length.10689
                0x00000a92        0x2 src/Application/radio/physical.o
 .bss.AMBE_payload_ptr.10959
                0x00000a94        0x4 src/Application/radio/physical.o
 .bss.phy_tx_state.10645
                0x00000a98        0x4 src/Application/radio/physical.o
 .bss.RxMedia_IsFillingNext16.10953
                0x00000a9c        0x4 src/Application/radio/physical.o
 .bss.phy_frame_ptr.10688
                0x00000aa0        0x4 src/Application/radio/physical.o
 .bss.phy_ptr.10644
                0x00000aa4        0x4 src/Application/radio/physical.o
 .bss.xnl_store_idle
                0x00000aa8        0x4 src/Application/radio/physical.o
                0x00000aa8                xnl_store_idle
 .bss.payload_store_idle
                0x00000aac        0x4 src/Application/radio/physical.o
                0x00000aac                payload_store_idle
 .bss.phy_rx_state.10692
                0x00000ab0        0x4 src/Application/radio/physical.o
 .bss.phy_check_sum.10691
                0x00000ab4        0x2 src/Application/radio/physical.o
 *fill*         0x00000ab6        0x2 
 .bss.phy_xnl_frame_rx
                0x00000ab8        0x4 src/Application/radio/physical.o
                0x00000ab8                phy_xnl_frame_rx
 .bss.payload_ptr.10958
                0x00000abc        0x4 src/Application/radio/physical.o
 .bss.phy_tx_expexted_length.10646
                0x00000ac0        0x2 src/Application/radio/physical.o
 *fill*         0x00000ac2        0x2 
 .bss.m_RxBurstType
                0x00000ac4        0x4 src/Application/radio/physical.o
 .bss.RxAMBE_IsFillingNext8.10954
                0x00000ac8        0x4 src/Application/radio/physical.o
 .bss.phy_payload_frame_tx
                0x00000acc        0x4 src/Application/radio/physical.o
                0x00000acc                phy_payload_frame_tx
 .bss.phy_rx_count.10693
                0x00000ad0        0x4 src/Application/radio/physical.o
 .bss.SDV_Index.10964
                0x00000ad4        0x1 src/Application/radio/physical.o
 *fill*         0x00000ad5        0x3 
 .bss.phy_xnl_frame_tx
                0x00000ad8        0x4 src/Application/radio/physical.o
                0x00000ad8                phy_xnl_frame_tx
 .bss.RxMediaState.10952
                0x00000adc        0x4 src/Application/radio/physical.o
 .bss.ArrayDiscLength.10957
                0x00000ae0        0x4 src/Application/radio/physical.o
 .bss.phy_payload_frame_rx
                0x00000ae4        0x4 src/Application/radio/physical.o
                0x00000ae4                phy_payload_frame_rx
 .bss.Item_Length.10962
                0x00000ae8        0x4 src/Application/radio/physical.o
 .bss.phy_rx_exec
                0x00000aec        0x4 src/Application/radio/ssc.o
                0x00000aec                phy_rx_exec
 .bss.phy_tx_exec
                0x00000af0        0x4 src/Application/radio/ssc.o
                0x00000af0                phy_tx_exec
 .bss.version_information
                0x00000af4        0xc src/Application/radio/xcmp.o
                0x00000af4                version_information
 .bss.clone_read
                0x00000b00        0xc src/Application/radio/xcmp.o
                0x00000b00                clone_read
 .bss.xcmp_frame_rx
                0x00000b0c        0x4 src/Application/radio/xcmp.o
 .bss.clone_write
                0x00000b10        0xc src/Application/radio/xcmp.o
                0x00000b10                clone_write
 .bss.automatic_frequency_correction_control
                0x00000b1c        0xc src/Application/radio/xcmp.o
                0x00000b1c                automatic_frequency_correction_control
 .bss.language_pack_information
                0x00000b28        0xc src/Application/radio/xcmp.o
                0x00000b28                language_pack_information
 .bss.radio_status
                0x00000b34        0xc src/Application/radio/xcmp.o
                0x00000b34                radio_status
 .bss.xnl_timeout_semphr
                0x00000b40        0x4 src/Application/radio/xnl.o
 .bss.flags.10672
                0x00000b44        0x1 src/Application/radio/xnl.o
 *fill*         0x00000b45        0x1 
 .bss.xnl_information
                0x00000b46        0xa src/Application/radio/xnl.o
 .bss.xnl_tx_state.10716
                0x00000b50        0x4 src/Application/radio/xnl.o
 .bss.xnl_frame_tx
                0x00000b54        0x4 src/Application/radio/xnl.o
 .bss.xnl_send_times.10717
                0x00000b58        0x4 src/Application/radio/xnl.o
 .bss.ptr.10718
                0x00000b5c        0x4 src/Application/radio/xnl.o
 .bss.xcmp_exec
                0x00000b60        0x4 src/Application/radio/xnl.o
                0x00000b60                xcmp_exec
 .bss.rc522_init_failure
                0x00000b64        0x1 src/Application/RFID/MFRC522/rc522.o
                0x00000b64                rc522_init_failure
 *fill*         0x00000b65        0x3 
 .bss.xg_resend_queue
                0x00000b68        0x4 src/Application/xgflash/xgflash.o
                0x00000b68                xg_resend_queue
 .bss.current_page_number.11760
                0x00000b6c        0x4 src/Application/xgflash/xgflash.o
 .bss.xgflash_mutex
                0x00000b70        0x4 src/Application/xgflash/xgflash.o
 .bss.str.11763
                0x00000b74       0x50 src/Application/xgflash/xgflash.o
 .bss.message_storage_queue
                0x00000bc4        0x4 src/Application/xgflash/xgflash.o
                0x00000bc4                message_storage_queue
 .bss.current_message_index
                0x00000bc8        0x2 src/Application/xgflash/xgflash.o
 .bss.list_init_success_flag
                0x00000bca        0x1 src/Application/xgflash/xgflash.o
 *fill*         0x00000bcb        0x1 
 .bss.flashc_error_status
                0x00000bcc        0x4 src/ASF/avr32/drivers/flashc/flashc.o
 .bss._int_line_handler_table_6
                0x00000bd0        0x4 src/ASF/avr32/drivers/intc/intc.o
 .bss._int_line_handler_table_7
                0x00000bd4        0x4 src/ASF/avr32/drivers/intc/intc.o
 .bss._int_line_handler_table_8
                0x00000bd8        0x4 src/ASF/avr32/drivers/intc/intc.o
 .bss._int_line_handler_table_9
                0x00000bdc        0x4 src/ASF/avr32/drivers/intc/intc.o
 .bss._int_line_handler_table_10
                0x00000be0        0x4 src/ASF/avr32/drivers/intc/intc.o
 .bss._int_line_handler_table_11
                0x00000be4        0x4 src/ASF/avr32/drivers/intc/intc.o
 .bss._int_line_handler_table_12
                0x00000be8        0x4 src/ASF/avr32/drivers/intc/intc.o
 .bss._int_line_handler_table_13
                0x00000bec        0x4 src/ASF/avr32/drivers/intc/intc.o
 .bss._int_line_handler_table_14
                0x00000bf0        0xc src/ASF/avr32/drivers/intc/intc.o
 .bss._int_line_handler_table_15
                0x00000bfc        0x4 src/ASF/avr32/drivers/intc/intc.o
 .bss._int_line_handler_table_16
                0x00000c00        0x4 src/ASF/avr32/drivers/intc/intc.o
 .bss._int_line_handler_table_17
                0x00000c04        0x4 src/ASF/avr32/drivers/intc/intc.o
 .bss._int_line_handler_table_18
                0x00000c08        0x4 src/ASF/avr32/drivers/intc/intc.o
 .bss._int_line_handler_table_0
                0x00000c0c        0x4 src/ASF/avr32/drivers/intc/intc.o
 .bss._int_line_handler_table_1
                0x00000c10       0x2c src/ASF/avr32/drivers/intc/intc.o
 .bss._int_line_handler_table_2
                0x00000c3c       0x18 src/ASF/avr32/drivers/intc/intc.o
 .bss._int_line_handler_table_3
                0x00000c54       0x1c src/ASF/avr32/drivers/intc/intc.o
 .bss._int_line_handler_table_4
                0x00000c70        0x4 src/ASF/avr32/drivers/intc/intc.o
 .bss._int_line_handler_table_5
                0x00000c74        0x4 src/ASF/avr32/drivers/intc/intc.o
 .bss.uxMissedTicks
                0x00000c78        0x4 src/ASF/thirdparty/freertos/freertos-7.0.0/source/tasks.o
 .bss.uxTopUsedPriority
                0x00000c7c        0x4 src/ASF/thirdparty/freertos/freertos-7.0.0/source/tasks.o
 .bss.pxDelayedTaskList
                0x00000c80        0x4 src/ASF/thirdparty/freertos/freertos-7.0.0/source/tasks.o
 .bss.xSchedulerRunning
                0x00000c84        0x4 src/ASF/thirdparty/freertos/freertos-7.0.0/source/tasks.o
 .bss.uxTasksDeleted
                0x00000c88        0x4 src/ASF/thirdparty/freertos/freertos-7.0.0/source/tasks.o
 .bss.xNumOfOverflows
                0x00000c8c        0x4 src/ASF/thirdparty/freertos/freertos-7.0.0/source/tasks.o
 .bss.pxOverflowDelayedTaskList
                0x00000c90        0x4 src/ASF/thirdparty/freertos/freertos-7.0.0/source/tasks.o
 .bss.pxReadyTasksLists
                0x00000c94       0xa0 src/ASF/thirdparty/freertos/freertos-7.0.0/source/tasks.o
 .bss.xTasksWaitingTermination
                0x00000d34       0x14 src/ASF/thirdparty/freertos/freertos-7.0.0/source/tasks.o
 .bss.pxCurrentTCB
                0x00000d48        0x4 src/ASF/thirdparty/freertos/freertos-7.0.0/source/tasks.o
                0x00000d48                pxCurrentTCB
 .bss.xPendingReadyList
                0x00000d4c       0x14 src/ASF/thirdparty/freertos/freertos-7.0.0/source/tasks.o
 .bss.xDelayedTaskList1
                0x00000d60       0x14 src/ASF/thirdparty/freertos/freertos-7.0.0/source/tasks.o
 .bss.xTickCount
                0x00000d74        0x4 src/ASF/thirdparty/freertos/freertos-7.0.0/source/tasks.o
 .bss.uxSchedulerSuspended
                0x00000d78        0x4 src/ASF/thirdparty/freertos/freertos-7.0.0/source/tasks.o
 .bss.xDelayedTaskList2
                0x00000d7c       0x14 src/ASF/thirdparty/freertos/freertos-7.0.0/source/tasks.o
 .bss.uxTaskNumber
                0x00000d90        0x4 src/ASF/thirdparty/freertos/freertos-7.0.0/source/tasks.o
 .bss.uxCurrentNumberOfTasks
                0x00000d94        0x4 src/ASF/thirdparty/freertos/freertos-7.0.0/source/tasks.o
 .bss.xMissedYield
                0x00000d98        0x4 src/ASF/thirdparty/freertos/freertos-7.0.0/source/tasks.o
 .bss.xSuspendedTaskList
                0x00000d9c       0x14 src/ASF/thirdparty/freertos/freertos-7.0.0/source/tasks.o
 .bss.uxTopReadyPriority
                0x00000db0        0x4 src/ASF/thirdparty/freertos/freertos-7.0.0/source/tasks.o
 .bss.lench.11294
                0x00000db4        0x1 src/Log/log.o
 .bss.lench.11364
                0x00000db5        0x1 src/Log/log.o
 *fill*         0x00000db6        0x2 
 .bss.__malloc_max_total_mem
                0x00000db8        0x4 e:/program x86/atmel/studio/7.0/toolchain/avr32/avr32-gnu-toolchain/bin/../lib/gcc/avr32/4.4.7/../../../../avr32/lib/ucr2\libc.a(lib_a-mallocr.o)
                0x00000db8                __malloc_max_total_mem
 .bss.__malloc_max_sbrked_mem
                0x00000dbc        0x4 e:/program x86/atmel/studio/7.0/toolchain/avr32/avr32-gnu-toolchain/bin/../lib/gcc/avr32/4.4.7/../../../../avr32/lib/ucr2\libc.a(lib_a-mallocr.o)
                0x00000dbc                __malloc_max_sbrked_mem
 .bss.__malloc_top_pad
                0x00000dc0        0x4 e:/program x86/atmel/studio/7.0/toolchain/avr32/avr32-gnu-toolchain/bin/../lib/gcc/avr32/4.4.7/../../../../avr32/lib/ucr2\libc.a(lib_a-mallocr.o)
                0x00000dc0                __malloc_top_pad
 .bss.__malloc_current_mallinfo
                0x00000dc4       0x28 e:/program x86/atmel/studio/7.0/toolchain/avr32/avr32-gnu-toolchain/bin/../lib/gcc/avr32/4.4.7/../../../../avr32/lib/ucr2\libc.a(lib_a-mallocr.o)
                0x00000dc4                __malloc_current_mallinfo
 .bss.cur_heap_pos.1869
                0x00000dec        0x4 e:/program x86/atmel/studio/7.0/toolchain/avr32/avr32-gnu-toolchain/bin/../lib/gcc/avr32/4.4.7/../../../../avr32/lib/ucr2\libc.a(lib_a-syscalls.o)
 *(COMMON)
 COMMON         0x00000df0      0x28a src/Application/app/app.o
                0x00000df0                bunchofrandomstatusflags
                0x00000df4                Current_time
                0x00000dfa                message_store
 *fill*         0x0000107a        0x2 
 COMMON         0x0000107c     0x1004 src/Application/flash/data_flash.o
                0x0000107c                FLASH_BUF
                0x0000207c                spi
 COMMON         0x00002080      0x122 src/Application/radio/ambe.o
                0x00002080                AMBEBurst_rawdata
                0x00002088                Radio_Internal_Data
                0x0000208c                AMBE_DecryptionKey
                0x00002094                SendAMBEBurst_EncryptionPackage
                0x00002184                VBSP_data
                0x00002188                Soft_Decision_Data
 COMMON         0x000021a2     0x3200 src/Application/radio/physical.o
                0x000021a2                payload_store
                0x000035a2                xnl_store
 *fill*         0x000053a2        0x2 
 COMMON         0x000053a4       0x4c src/Application/radio/ssc.o
                0x000053a4                intDuration
                0x000053a8                BufferIndex
                0x000053ac                intStartCount
                0x000053b0                RxBuffer
                0x000053d0                TxBuffer
 COMMON         0x000053f0        0x4 src/Application/radio/xcmp.o
                0x000053f0                app_list
 COMMON         0x000053f4       0x18 src/Application/RFID/RFID.o
                0x000053f4                RFID
                0x00005404                CT
                0x00005408                SN
 COMMON         0x0000540c        0x4 src/ASF/avr32/drivers/spi/spi.o
                0x0000540c                xSPIMutex
 COMMON         0x00005410        0x4 src/ASF/thirdparty/freertos/freertos-7.0.0/source/portable/gcc/avr32_uc3/write.o
                0x00005410                stdio_usart_base
 COMMON         0x00005414        0x4 src/Log/log.o
                0x00005414                logQueue
 COMMON         0x00005418        0x4 e:/program x86/atmel/studio/7.0/toolchain/avr32/avr32-gnu-toolchain/bin/../lib/gcc/avr32/4.4.7/../../../../avr32/lib/ucr2\libc.a(lib_a-reent.o)
                0x00005418                errno
                0x00005420                . = ALIGN (0x8)
 *fill*         0x0000541c        0x4 
                0x00005420                . = ALIGN (0x8)
                0x00005420                _end = .
                0x00005420                PROVIDE (end, .)
                0x00005420                __heap_start__ = ALIGN (0x8)
                0x00017000                . = ((ORIGIN (CPUSRAM) + 0x17ffc) - _stack_size)
                0x00017000                __heap_end__ = .

.stab
 *(.stab)

.stabstr
 *(.stabstr)

.stab.excl
 *(.stab.excl)

.stab.exclstr
 *(.stab.exclstr)

.stab.index
 *(.stab.index)

.stab.indexstr
 *(.stab.indexstr)

.comment        0x00000000       0x30
 *(.comment)
 .comment       0x00000000       0x30 src/Application/app/app.o
                                 0x31 (size before relaxing)
 .comment       0x00000000       0x31 src/Application/flash/data_flash.o
 .comment       0x00000000       0x31 src/Application/radio/ambe.o
 .comment       0x00000000       0x31 src/Application/radio/payload.o
 .comment       0x00000000       0x31 src/Application/radio/physical.o
 .comment       0x00000000       0x31 src/Application/radio/ssc.o
 .comment       0x00000000       0x31 src/Application/radio/xcmp.o
 .comment       0x00000000       0x31 src/Application/radio/xnl.o
 .comment       0x00000000       0x31 src/Application/RFID/MFRC522/rc522.o
 .comment       0x00000000       0x31 src/Application/RFID/RFID.o
 .comment       0x00000000       0x31 src/Application/timers/timer.o
 .comment       0x00000000       0x31 src/Application/xgflash/xgflash.o
 .comment       0x00000000       0x31 src/ASF/avr32/drivers/flashc/flashc.o
 .comment       0x00000000       0x31 src/ASF/avr32/drivers/gpio/gpio.o
 .comment       0x00000000       0x31 src/ASF/avr32/drivers/intc/intc.o
 .comment       0x00000000       0x31 src/ASF/avr32/drivers/spi/spi.o
 .comment       0x00000000       0x31 src/ASF/avr32/drivers/usart/usart.o
 .comment       0x00000000       0x31 src/ASF/thirdparty/freertos/freertos-7.0.0/source/list.o
 .comment       0x00000000       0x31 src/ASF/thirdparty/freertos/freertos-7.0.0/source/portable/gcc/avr32_uc3/port.o
 .comment       0x00000000       0x31 src/ASF/thirdparty/freertos/freertos-7.0.0/source/portable/gcc/avr32_uc3/read.o
 .comment       0x00000000       0x31 src/ASF/thirdparty/freertos/freertos-7.0.0/source/portable/gcc/avr32_uc3/write.o
 .comment       0x00000000       0x31 src/ASF/thirdparty/freertos/freertos-7.0.0/source/portable/memmang/heap_3.o
 .comment       0x00000000       0x31 src/ASF/thirdparty/freertos/freertos-7.0.0/source/queue.o
 .comment       0x00000000       0x31 src/ASF/thirdparty/freertos/freertos-7.0.0/source/tasks.o
 .comment       0x00000000       0x31 src/Log/log.o
 .comment       0x00000000       0x31 src/main.o
 .comment       0x00000000       0x31 e:/program x86/atmel/studio/7.0/toolchain/avr32/avr32-gnu-toolchain/bin/../lib/gcc/avr32/4.4.7/../../../../avr32/lib/ucr2\libc.a(lib_a-malloc.o)
 .comment       0x00000000       0x31 e:/program x86/atmel/studio/7.0/toolchain/avr32/avr32-gnu-toolchain/bin/../lib/gcc/avr32/4.4.7/../../../../avr32/lib/ucr2\libc.a(lib_a-mallocr.o)
 .comment       0x00000000       0x31 e:/program x86/atmel/studio/7.0/toolchain/avr32/avr32-gnu-toolchain/bin/../lib/gcc/avr32/4.4.7/../../../../avr32/lib/ucr2\libc.a(lib_a-memcmp.o)
 .comment       0x00000000       0x31 e:/program x86/atmel/studio/7.0/toolchain/avr32/avr32-gnu-toolchain/bin/../lib/gcc/avr32/4.4.7/../../../../avr32/lib/ucr2\libc.a(lib_a-memset.o)
 .comment       0x00000000       0x31 e:/program x86/atmel/studio/7.0/toolchain/avr32/avr32-gnu-toolchain/bin/../lib/gcc/avr32/4.4.7/../../../../avr32/lib/ucr2\libc.a(lib_a-reallocr.o)
 .comment       0x00000000       0x31 e:/program x86/atmel/studio/7.0/toolchain/avr32/avr32-gnu-toolchain/bin/../lib/gcc/avr32/4.4.7/../../../../avr32/lib/ucr2\libc.a(lib_a-sbrkr.o)
 .comment       0x00000000       0x31 e:/program x86/atmel/studio/7.0/toolchain/avr32/avr32-gnu-toolchain/bin/../lib/gcc/avr32/4.4.7/../../../../avr32/lib/ucr2\libc.a(lib_a-sprintf.o)
 .comment       0x00000000       0x31 e:/program x86/atmel/studio/7.0/toolchain/avr32/avr32-gnu-toolchain/bin/../lib/gcc/avr32/4.4.7/../../../../avr32/lib/ucr2\libc.a(lib_a-syscalls.o)
 .comment       0x00000000       0x31 e:/program x86/atmel/studio/7.0/toolchain/avr32/avr32-gnu-toolchain/bin/../lib/gcc/avr32/4.4.7/../../../../avr32/lib/ucr2\libc.a(lib_a-vfprintf.o)
 .comment       0x00000000       0x31 e:/program x86/atmel/studio/7.0/toolchain/avr32/avr32-gnu-toolchain/bin/../lib/gcc/avr32/4.4.7/../../../../avr32/lib/ucr2\libc.a(lib_a-wsetup.o)
 .comment       0x00000000       0x31 e:/program x86/atmel/studio/7.0/toolchain/avr32/avr32-gnu-toolchain/bin/../lib/gcc/avr32/4.4.7/../../../../avr32/lib/ucr2\libc.a(lib_a-dtoa.o)
 .comment       0x00000000       0x31 e:/program x86/atmel/studio/7.0/toolchain/avr32/avr32-gnu-toolchain/bin/../lib/gcc/avr32/4.4.7/../../../../avr32/lib/ucr2\libc.a(lib_a-errno.o)
 .comment       0x00000000       0x31 e:/program x86/atmel/studio/7.0/toolchain/avr32/avr32-gnu-toolchain/bin/../lib/gcc/avr32/4.4.7/../../../../avr32/lib/ucr2\libc.a(lib_a-fflush.o)
 .comment       0x00000000       0x31 e:/program x86/atmel/studio/7.0/toolchain/avr32/avr32-gnu-toolchain/bin/../lib/gcc/avr32/4.4.7/../../../../avr32/lib/ucr2\libc.a(lib_a-findfp.o)
 .comment       0x00000000       0x31 e:/program x86/atmel/studio/7.0/toolchain/avr32/avr32-gnu-toolchain/bin/../lib/gcc/avr32/4.4.7/../../../../avr32/lib/ucr2\libc.a(lib_a-freer.o)
 .comment       0x00000000       0x31 e:/program x86/atmel/studio/7.0/toolchain/avr32/avr32-gnu-toolchain/bin/../lib/gcc/avr32/4.4.7/../../../../avr32/lib/ucr2\libc.a(lib_a-fvwrite.o)
 .comment       0x00000000       0x31 e:/program x86/atmel/studio/7.0/toolchain/avr32/avr32-gnu-toolchain/bin/../lib/gcc/avr32/4.4.7/../../../../avr32/lib/ucr2\libc.a(lib_a-fwalk.o)
 .comment       0x00000000       0x31 e:/program x86/atmel/studio/7.0/toolchain/avr32/avr32-gnu-toolchain/bin/../lib/gcc/avr32/4.4.7/../../../../avr32/lib/ucr2\libc.a(lib_a-impure.o)
 .comment       0x00000000       0x31 e:/program x86/atmel/studio/7.0/toolchain/avr32/avr32-gnu-toolchain/bin/../lib/gcc/avr32/4.4.7/../../../../avr32/lib/ucr2\libc.a(lib_a-locale.o)
 .comment       0x00000000       0x31 e:/program x86/atmel/studio/7.0/toolchain/avr32/avr32-gnu-toolchain/bin/../lib/gcc/avr32/4.4.7/../../../../avr32/lib/ucr2\libc.a(lib_a-makebuf.o)
 .comment       0x00000000       0x31 e:/program x86/atmel/studio/7.0/toolchain/avr32/avr32-gnu-toolchain/bin/../lib/gcc/avr32/4.4.7/../../../../avr32/lib/ucr2\libc.a(lib_a-memchr.o)
 .comment       0x00000000       0x31 e:/program x86/atmel/studio/7.0/toolchain/avr32/avr32-gnu-toolchain/bin/../lib/gcc/avr32/4.4.7/../../../../avr32/lib/ucr2\libc.a(lib_a-memmove.o)
 .comment       0x00000000       0x31 e:/program x86/atmel/studio/7.0/toolchain/avr32/avr32-gnu-toolchain/bin/../lib/gcc/avr32/4.4.7/../../../../avr32/lib/ucr2\libc.a(lib_a-mprec.o)
 .comment       0x00000000       0x31 e:/program x86/atmel/studio/7.0/toolchain/avr32/avr32-gnu-toolchain/bin/../lib/gcc/avr32/4.4.7/../../../../avr32/lib/ucr2\libc.a(lib_a-reent.o)
 .comment       0x00000000       0x31 e:/program x86/atmel/studio/7.0/toolchain/avr32/avr32-gnu-toolchain/bin/../lib/gcc/avr32/4.4.7/../../../../avr32/lib/ucr2\libc.a(lib_a-s_isinfd.o)
 .comment       0x00000000       0x31 e:/program x86/atmel/studio/7.0/toolchain/avr32/avr32-gnu-toolchain/bin/../lib/gcc/avr32/4.4.7/../../../../avr32/lib/ucr2\libc.a(lib_a-s_isnand.o)
 .comment       0x00000000       0x31 e:/program x86/atmel/studio/7.0/toolchain/avr32/avr32-gnu-toolchain/bin/../lib/gcc/avr32/4.4.7/../../../../avr32/lib/ucr2\libc.a(lib_a-stdio.o)
 .comment       0x00000000       0x31 e:/program x86/atmel/studio/7.0/toolchain/avr32/avr32-gnu-toolchain/bin/../lib/gcc/avr32/4.4.7/../../../../avr32/lib/ucr2\libc.a(lib_a-strlen.o)
 .comment       0x00000000       0x31 e:/program x86/atmel/studio/7.0/toolchain/avr32/avr32-gnu-toolchain/bin/../lib/gcc/avr32/4.4.7/../../../../avr32/lib/ucr2\libc.a(lib_a-writer.o)
 .comment       0x00000000       0x31 e:/program x86/atmel/studio/7.0/toolchain/avr32/avr32-gnu-toolchain/bin/../lib/gcc/avr32/4.4.7/../../../../avr32/lib/ucr2\libc.a(lib_a-callocr.o)
 .comment       0x00000000       0x31 e:/program x86/atmel/studio/7.0/toolchain/avr32/avr32-gnu-toolchain/bin/../lib/gcc/avr32/4.4.7/../../../../avr32/lib/ucr2\libc.a(lib_a-closer.o)
 .comment       0x00000000       0x31 e:/program x86/atmel/studio/7.0/toolchain/avr32/avr32-gnu-toolchain/bin/../lib/gcc/avr32/4.4.7/../../../../avr32/lib/ucr2\libc.a(lib_a-fclose.o)
 .comment       0x00000000       0x31 e:/program x86/atmel/studio/7.0/toolchain/avr32/avr32-gnu-toolchain/bin/../lib/gcc/avr32/4.4.7/../../../../avr32/lib/ucr2\libc.a(lib_a-fstatr.o)